[    0.000000] Booting Linux on physical CPU 0x0000000000 [0x610f0000]
[    0.000000] Linux version 7.1.0-rc1+ (@d4d4569dfe4d) (Ubuntu clang version 18.1.3 (1ubuntu1), Ubuntu LLD 18.1.3) #11 SMP PREEMPT Sun Sep 27 06:40:41 UTC 2026
[    0.000000] random: crng init done
[    0.000000] Machine model: linux,dummy-virt
[    0.000000] OF: reserved mem: Reserved memory: No reserved-memory node in the DT
[    0.000000] psci: probing for conduit method from DT.
[    0.000000] psci: PSCIv1.1 detected in firmware.
[    0.000000] psci: Using standard PSCI v0.2 function IDs
[    0.000000] psci: Trusted OS migration not required
[    0.000000] psci: SMC Calling Convention v1.0
[    0.000000] Zone ranges:
[    0.000000]   Normal   [mem 0x0000000040000000-0x000000013fffffff]
[    0.000000] Movable zone start for each node
[    0.000000] Early memory node ranges
[    0.000000]   node   0: [mem 0x0000000040000000-0x000000013fffffff]
[    0.000000] Initmem setup node 0 [mem 0x0000000040000000-0x000000013fffffff]
[    0.000000] percpu: Embedded 19 pages/cpu s38488 r8192 d31144 u77824
[    0.000000] Detected PIPT I-cache on CPU0
[    0.000000] CPU features: detected: Address authentication (IMP DEF algorithm)
[    0.000000] CPU features: detected: Spectre-v4
[    0.000000] CPU features: detected: Spectre-BHB
[    0.000000] alternatives: applying boot alternatives
[    0.000000] Kernel command line: console=ttyAMA0 panic=-1 nokaslr
[    0.000000] Unknown kernel command line parameters "nokaslr", will be passed to user space.
[    0.000000] printk: log buffer data + meta data: 131072 + 458752 = 589824 bytes
[    0.000000] Dentry cache hash table entries: 524288 (order: 10, 4194304 bytes, linear)
[    0.000000] Inode-cache hash table entries: 262144 (order: 9, 2097152 bytes, linear)
[    0.000000] software IO TLB: SWIOTLB bounce buffer size adjusted to 4MB
[    0.000000] software IO TLB: area num 4.
[    0.000000] software IO TLB: mapped [mem 0x000000013ac00000-0x000000013b000000] (4MB)
[    0.000000] Built 1 zonelists, mobility grouping on.  Total pages: 1048576
[    0.000000] mem auto-init: stack:all(zero), heap alloc:off, heap free:off
[    0.000000] SLUB: HWalign=64, Order=0-3, MinObjects=0, CPUs=4, Nodes=1
[    0.000000] rcu: Preemptible hierarchical RCU implementation.
[    0.000000] rcu: 	RCU restricting CPUs from NR_CPUS=512 to nr_cpu_ids=4.
[    0.000000] rcu: RCU calculated value of scheduler-enlistment delay is 25 jiffies.
[    0.000000] rcu: Adjusting geometry for rcu_fanout_leaf=16, nr_cpu_ids=4
[    0.000000] NR_IRQS: 64, nr_irqs: 64, preallocated irqs: 0
[    0.000000] Root IRQ handler: gic_handle_irq
[    0.000000] GICv2m: range[mem 0x08020000-0x08020fff], SPI[80:143]
[    0.000000] rcu: srcu_init: Setting srcu_struct sizes based on contention.
[    0.000000] arch_timer: cp15 timer running at 24.00MHz (virt).
[    0.000000] clocksource: arch_sys_counter: mask: 0xffffffffffffff max_cycles: 0x588fe9dc0, max_idle_ns: 440795202592 ns
[    0.000000] sched_clock: 56 bits at 24MHz, resolution 41ns, wraps every 4398046511097ns
[    0.000095] Console: colour dummy device 80x25
[    0.000100] Calibrating delay loop (skipped), value calculated using timer frequency.. 48.00 BogoMIPS (lpj=96000)
[    0.000104] pid_max: default: 32768 minimum: 301
[    0.000233] Mount-cache hash table entries: 8192 (order: 4, 65536 bytes, linear)
[    0.000241] Mountpoint-cache hash table entries: 8192 (order: 4, 65536 bytes, linear)
[    0.000321] VFS: Finished mounting rootfs on nullfs
[    0.000477] cacheinfo: Unable to detect cache hierarchy for CPU 0
[    0.000589] rcu: Hierarchical SRCU implementation.
[    0.000589] rcu: 	Max phase no-delay instances is 1000.
[    0.000608] Timer migration: 1 hierarchy levels; 8 children per group; 1 crossnode level
[    0.000643] smp: Bringing up secondary CPUs ...
[    0.000868] Detected PIPT I-cache on CPU1
[    0.000965] CPU1: Booted secondary processor 0x0000000001 [0x610f0000]
[    0.001369] Detected PIPT I-cache on CPU2
[    0.001462] CPU2: Booted secondary processor 0x0000000002 [0x610f0000]
[    0.001767] Detected PIPT I-cache on CPU3
[    0.001884] CPU3: Booted secondary processor 0x0000000003 [0x610f0000]
[    0.002001] smp: Brought up 1 node, 4 CPUs
[    0.002003] SMP: Total of 4 processors activated.
[    0.002004] CPU: All CPU(s) started at EL1
[    0.002005] CPU features: detected: ARMv8.4 Translation Table Level
[    0.002005] CPU features: detected: Data cache clean to the PoU not required for I/D coherence
[    0.002006] CPU features: detected: CRC32 instructions
[    0.002006] CPU features: detected: Data independent timing control (DIT)
[    0.002007] CPU features: detected: E0PD
[    0.002007] CPU features: detected: Generic authentication (IMP DEF algorithm)
[    0.002008] CPU features: detected: RCpc load-acquire (LDAPR)
[    0.002008] CPU features: detected: LSE atomic instructions
[    0.002009] CPU features: detected: Privileged Access Never
[    0.002009] CPU features: detected: Speculation barrier (SB)
[    0.002009] CPU features: detected: TLB range maintenance instructions
[    0.002010] CPU features: detected: XNX
[    0.002123] alternatives: applying system-wide alternatives
[    0.003012] Memory: 3938184K/4194304K available (5248K kernel code, 754K rwdata, 2356K rodata, 576K init, 405K bss, 252940K reserved, 0K cma-reserved)
[    0.003300] devtmpfs: initialized
[    0.003572] clocksource: jiffies: mask: 0xffffffff max_cycles: 0xffffffff, max_idle_ns: 7645041785100000 ns
[    0.003576] posixtimers hash table entries: 2048 (order: 3, 32768 bytes, linear)
[    0.003592] futex hash table entries: 1024 (65536 bytes on 1 NUMA nodes, total 64 KiB, linear).
[    0.003598] 30384 pages in range for non-PLT usage
[    0.003599] 521904 pages in range for PLT usage
[    0.003663] NET: Registered PF_NETLINK/PF_ROUTE protocol family
[    0.004051] DMA: preallocated 512 KiB GFP_KERNEL pool for atomic allocations
[    0.004110] ASID allocator initialised with 256 entries
[    0.004118] Serial: AMBA PL011 UART driver
[    0.004578] 9000000.pl011: ttyAMA0 at MMIO 0x9000000 (irq = 13, base_baud = 0) is a PL011 rev1
[    0.004681] printk: console [ttyAMA0] enabled
[    0.010532] vgaarb: loaded
[    0.010867] clocksource: Switched to clocksource arch_sys_counter
[    0.021162] NET: Registered PF_INET protocol family
[    0.021355] IP idents hash table entries: 65536 (order: 7, 524288 bytes, linear)
[    0.021832] tcp_listen_portaddr_hash hash table entries: 2048 (order: 3, 32768 bytes, linear)
[    0.021841] Table-perturb hash table entries: 65536 (order: 6, 262144 bytes, linear)
[    0.021845] TCP established hash table entries: 32768 (order: 6, 262144 bytes, linear)
[    0.021911] TCP bind hash table entries: 32768 (order: 8, 1048576 bytes, linear)
[    0.022159] TCP: Hash tables configured (established 32768 bind 32768)
[    0.022192] UDP hash table entries: 2048 (order: 5, 131072 bytes, linear)
[    0.022234] NET: Registered PF_UNIX/PF_LOCAL protocol family
[    0.022238] PCI: CLS 0 bytes, default 64
[    0.022597] Unpacking initramfs...
[    0.023445] workingset: timestamp_bits=46 (anon: 42) max_order=20 bucket_order=0 (anon: 0)
[    0.023640] 9p: Installing v9fs 9p2000 file system support
[    0.027373] pci-host-generic 4010000000.pcie: host bridge /pcie@10000000 ranges:
[    0.027380] pci-host-generic 4010000000.pcie:       IO 0x003eff0000..0x003effffff -> 0x0000000000
[    0.027383] pci-host-generic 4010000000.pcie:      MEM 0x0010000000..0x003efeffff -> 0x0010000000
[    0.027384] pci-host-generic 4010000000.pcie:      MEM 0x8000000000..0xffffffffff -> 0x8000000000
[    0.027394] pci-host-generic 4010000000.pcie: Memory resource size exceeds max for 32 bits
[    0.027409] pci-host-generic 4010000000.pcie: ECAM at [mem 0x4010000000-0x401fffffff] for [bus 00-ff]
[    0.027424] pci-host-generic 4010000000.pcie: PCI host bridge to bus 0000:00
[    0.027426] pci_bus 0000:00: root bus resource [bus 00-ff]
[    0.027426] pci_bus 0000:00: root bus resource [io  0x0000-0xffff]
[    0.027427] pci_bus 0000:00: root bus resource [mem 0x10000000-0x3efeffff]
[    0.027428] pci_bus 0000:00: root bus resource [mem 0x8000000000-0xffffffffff]
[    0.027449] pci 0000:00:00.0: [1b36:0008] type 00 class 0x060000 conventional PCI endpoint
[    0.027946] pci 0000:00:01.0: [1af4:1000] type 00 class 0x020000 conventional PCI endpoint
[    0.029123] pci 0000:00:01.0: BAR 0 [io  0x0000-0x001f]
[    0.029132] pci 0000:00:01.0: BAR 1 [mem 0x00000000-0x00000fff]
[    0.029224] pci 0000:00:01.0: BAR 4 [mem 0x00000000-0x00003fff 64bit pref]
[    0.029231] pci 0000:00:01.0: ROM [mem 0x00000000-0x0003ffff pref]
[    0.029963] pci 0000:00:02.0: [1af4:1009] type 00 class 0x000200 conventional PCI endpoint
[    0.030099] pci 0000:00:02.0: BAR 0 [io  0x0000-0x003f]
[    0.030102] pci 0000:00:02.0: BAR 1 [mem 0x00000000-0x00000fff]
[    0.030109] pci 0000:00:02.0: BAR 4 [mem 0x00000000-0x00003fff 64bit pref]
[    0.030442] pci 0000:00:03.0: [1af4:1005] type 00 class 0x00ff00 conventional PCI endpoint
[    0.030525] pci 0000:00:03.0: BAR 0 [io  0x0000-0x001f]
[    0.030528] pci 0000:00:03.0: BAR 1 [mem 0x00000000-0x00000fff]
[    0.030536] pci 0000:00:03.0: BAR 4 [mem 0x00000000-0x00003fff 64bit pref]
[    0.031233] pci 0000:00:01.0: ROM [mem 0x10000000-0x1003ffff pref]: assigned
[    0.031235] pci 0000:00:01.0: BAR 4 [mem 0x8000000000-0x8000003fff 64bit pref]: assigned
[    0.031263] pci 0000:00:02.0: BAR 4 [mem 0x8000004000-0x8000007fff 64bit pref]: assigned
[    0.031305] pci 0000:00:03.0: BAR 4 [mem 0x8000008000-0x800000bfff 64bit pref]: assigned
[    0.031355] pci 0000:00:01.0: BAR 1 [mem 0x10040000-0x10040fff]: assigned
[    0.031359] pci 0000:00:02.0: BAR 1 [mem 0x10041000-0x10041fff]: assigned
[    0.031381] pci 0000:00:03.0: BAR 1 [mem 0x10042000-0x10042fff]: assigned
[    0.031386] pci 0000:00:02.0: BAR 0 [io  0x1000-0x103f]: assigned
[    0.031392] pci 0000:00:01.0: BAR 0 [io  0x1040-0x105f]: assigned
[    0.031397] pci 0000:00:03.0: BAR 0 [io  0x1060-0x107f]: assigned
[    0.031404] pci_bus 0000:00: resource 4 [io  0x0000-0xffff]
[    0.031404] pci_bus 0000:00: resource 5 [mem 0x10000000-0x3efeffff]
[    0.031405] pci_bus 0000:00: resource 6 [mem 0x8000000000-0xffffffffff]
[    0.032488] virtio-pci 0000:00:01.0: enabling device (0000 -> 0003)
[    0.033188] virtio-pci 0000:00:02.0: enabling device (0000 -> 0003)
[    0.033917] virtio-pci 0000:00:03.0: enabling device (0000 -> 0003)
[    0.097058] rtc-pl031 9010000.pl031: registered as rtc0
[    0.097094] rtc-pl031 9010000.pl031: setting system clock to 2026-09-27T06:54:43 UTC (1790492083)
[    0.097226] NET: Registered PF_INET6 protocol family
[    0.097628] Segment Routing with IPv6
[    0.097632] In-situ OAM (IOAM) with IPv6
[    0.097640] sit: IPv6, IPv4 and MPLS over IPv4 tunneling driver
[    0.097695] NET: Registered PF_PACKET protocol family
[    0.097701] 9pnet: Installing 9P2000 support
[    0.102755] clk: Disabling unused clocks
[    0.111773] Freeing initrd memory: 157920K
[    0.112181] Freeing unused kernel memory: 576K
[    0.112230] Run /init as init process
k4-suite: kjit=0 runtest --clients 16 --dump-logs
k4-suite: ok=2863 err=0 skip=0 ignore=15
k4-suite: done (runtest exit 0)
kjit-init: run exit=0
[  258.874631] reboot: Power down
