k4-adv: kill9 PASS: kill9 #1: server status 137;kill9 #2: server status 137;kill9 #3: server status 137;
k4:   kill9#1: hot: 1817261 fragment entries, 0 syscalls in kernel before the event
k4:   kill9#2: hot: 1803355 fragment entries, 0 syscalls in kernel before the event
k4:   kill9#3: hot: 1816275 fragment entries, 0 syscalls in kernel before the event
k4:   kill9: in_kernel=0/432251 syscalls (0.0%) entries=7011252 chains=6586188 chain_cap=238692 translated=183 (entry_unsupported=0 compile=0 verify=0 capped=0 neg=0) invalidated=0 released=183
k4:   kill9: exits svc=0 bl=2928281 blr=310530 br=257217 ret=3339813 mem=0 unsupported=175411 budget=0 invalid=0 svc_declined=0
k4:   kill9: unsupported_top (word(exits/entry_stops)): 0x4e010c20(136334/0) 0x4c407061(39077/0) 
k4-adv: sigterm PASS: TERM: server status 0;sigterm: shutdown and clean exit logged;
k4:   TERM: hot: 1829654 fragment entries, 0 syscalls in kernel before the event
k4:   sigterm: in_kernel=0/153866 syscalls (0.0%) entries=2497883 chains=2346729 chain_cap=85687 translated=61 (entry_unsupported=0 compile=0 verify=0 capped=0 neg=0) invalidated=0 released=61
k4:   sigterm: exits svc=0 bl=1042847 blr=111882 br=89073 ret=1192276 mem=0 unsupported=61805 budget=0 invalid=0 svc_declined=0
k4:   sigterm: unsupported_top (word(exits/entry_stops)): 0x4e010c20(48779/0) 0x4c407061(13026/0) 
k4-adv: sigusr1 PASS: USR1: server status 138;
k4:   USR1: hot: 1821494 fragment entries, 0 syscalls in kernel before the event
k4:   sigusr1: in_kernel=0/145041 syscalls (0.0%) entries=2351629 chains=2209086 chain_cap=79974 translated=61 (entry_unsupported=0 compile=0 verify=0 capped=0 neg=0) invalidated=0 released=61
k4:   sigusr1: exits svc=0 bl=982561 blr=103410 br=86188 ret=1120554 mem=0 unsupported=58916 budget=0 invalid=0 svc_declined=0
k4:   sigusr1: unsupported_top (word(exits/entry_stops)): 0x4e010c20(45889/0) 0x4c407061(13027/0) 
k4-adv: stopcont PASS: stopcont: load status 0;dbsize 10045 digest a595c3aec0dfe15c636c10750e98bb92f179efe8;
k4:   stopcont: hot: 1771514 fragment entries, 0 syscalls in kernel before the event
k4:   stopcont: in_kernel=0/5809822 syscalls (0.0%) entries=98588613 chains=92783924 chain_cap=3687692 translated=61 (entry_unsupported=0 compile=0 verify=0 capped=0 neg=0) invalidated=0 released=61
k4:   stopcont: exits svc=0 bl=41107483 blr=4767580 br=2139231 ret=48462350 mem=0 unsupported=2111969 budget=0 invalid=0 svc_declined=0
k4:   stopcont: unsupported_top (word(exits/entry_stops)): 0x4e010c20(2098948/0) 0x4c407061(13021/0) 
k4-adv: segfault PASS: segfault: server status 139;crashed by signal: 11, si_code: 2;Accessing address: <page-aligned>;segfault: stack trace names debugCommand: yes;segfault: core files 1;
k4:   segfault: hot: 1805072 fragment entries, 0 syscalls in kernel before the event
k4:   segfault: in_kernel=0/145689 syscalls (0.0%) entries=2339863 chains=2197920 chain_cap=79337 translated=61 (entry_unsupported=0 compile=0 verify=0 capped=0 neg=0) invalidated=0 released=61
k4:   segfault: exits svc=0 bl=978180 blr=101717 br=86110 ret=1115014 mem=0 unsupported=58842 budget=0 invalid=0 svc_declined=0
k4:   segfault: unsupported_top (word(exits/entry_stops)): 0x4e010c20(45816/0) 0x4c407061(13026/0) 
k4-adv: bgsave PASS: bgsave: load status 0;bgsave: before restart dbsize 10045 digest a595c3aec0dfe15c636c10750e98bb92f179efe8;bgsave: redis-check-rdb ok;bgsave: after restart dbsize 10045 digest a595c3aec0dfe15c636c10750
k4:   bgsave: hot: 1710025 fragment entries, 0 syscalls in kernel before the event
k4:   bgsave: in_kernel=0/5819090 syscalls (0.0%) entries=98628438 chains=92821257 chain_cap=3689985 translated=61 (entry_unsupported=0 compile=0 verify=0 capped=0 neg=0) invalidated=0 released=61
k4:   bgsave: exits svc=0 bl=41121582 blr=4774394 br=2139271 ret=48481191 mem=0 unsupported=2112000 budget=0 invalid=0 svc_declined=0
k4:   bgsave: unsupported_top (word(exits/entry_stops)): 0x4e010c20(2098973/0) 0x4c407061(13027/0) 
k4-adv: aofrw PASS: aofrw: load status 0;aofrw: before restart dbsize 10045 digest a595c3aec0dfe15c636c10750e98bb92f179efe8;aofrw: after restart from the AOF dbsize 10045 digest a595c3aec0dfe15c636c10750e98bb92f179efe8;
k4:   aofrw: hot: 1891908 fragment entries, 0 syscalls in kernel before the event
k4:   aofrw: in_kernel=0/4998515 syscalls (0.0%) entries=82847064 chains=77862517 chain_cap=2727870 translated=84 (entry_unsupported=0 compile=0 verify=0 capped=0 neg=0) invalidated=0 released=84
k4:   aofrw: exits svc=0 bl=35499672 blr=1879958 br=2139248 ret=41079924 mem=0 unsupported=2248262 budget=0 invalid=0 svc_declined=0
k4:   aofrw: unsupported_top (word(exits/entry_stops)): 0x4e010c20(2098953/0) 0x4e080ec0(134222/0) 0x4c407061(14665/0) 0x3dc00020(422/0) 
k4-adv: config PASS: config: 5 module load/unload and config set rounds ok;config: load status 0; misc module still loaded: 0;dbsize 10045 digest a595c3aec0dfe15c636c10750e98bb92f179efe8;
k4:   config: hot: 1809633 fragment entries, 0 syscalls in kernel before the event
k4:   config: in_kernel=0/5942274 syscalls (0.0%) entries=100683621 chains=94755000 chain_cap=3388495 translated=69 (entry_unsupported=0 compile=0 verify=0 capped=0 neg=0) invalidated=0 released=69
k4:   config: exits svc=0 bl=43113304 blr=2604080 br=2617570 ret=49814581 mem=0 unsupported=2534086 budget=0 invalid=0 svc_declined=0
k4:   config: unsupported_top (word(exits/entry_stops)): 0x4e010c20(2521062/0) 0x4c407061(13024/0) 
k4-adv: reload PASS: reload: 5 unloads under load; load status 0; ping PONG;dbsize 10045 digest 8630698fcae208583f0c9e6fe598b8d0226d4767;
k4:   reload: hot: 1766312 fragment entries, 0 syscalls in kernel before the event
k4:   reload: counters of the last load: syscalls_in_kernel 0 fragment_entries 122360480 exit_invalid 0 translate_verify_rejected 0 
k4-adv: maxmemory PASS: maxmemory: evicted yes;maxmemory: used within 32mb+1mb yes;maxmemory: noeviction write: OOM command not allowed when used memory;maxmemory: after lifting the limit: OK;
k4:   maxmemory: hot: 1770050 fragment entries, 0 syscalls in kernel before the event
k4:   maxmemory: in_kernel=0/1110212 syscalls (0.0%) entries=18786436 chains=17679820 chain_cap=704733 translated=46 (entry_unsupported=0 compile=0 verify=0 capped=0 neg=0) invalidated=0 released=46
k4:   maxmemory: exits svc=0 bl=7828248 blr=918537 br=399018 ret=9241679 mem=0 unsupported=398954 budget=0 invalid=0 svc_declined=0
k4:   maxmemory: unsupported_top (word(exits/entry_stops)): 0x4e010c20(398954/0) 
k4-adv: ALL PASS
