k4-bench: default (redis-benchmark -q -n 100000 ):
k4:     PING_INLINE: 39698.29 requests per second, p50=0.607 msec
k4:     PING_MBULK: 40064.10 requests per second, p50=0.599 msec
k4:     SET: 40000.00 requests per second, p50=0.599 msec
k4:     GET: 39077.77 requests per second, p50=0.599 msec
k4:     INCR: 40290.09 requests per second, p50=0.599 msec
k4:     LPUSH: 40355.12 requests per second, p50=0.599 msec
k4:     RPUSH: 40290.09 requests per second, p50=0.599 msec
k4:     LPOP: 40128.41 requests per second, p50=0.599 msec
k4:     RPOP: 39541.32 requests per second, p50=0.599 msec
k4:     SADD: 39385.59 requests per second, p50=0.607 msec
k4:     HSET: 39370.08 requests per second, p50=0.607 msec
k4:     SPOP: 39682.54 requests per second, p50=0.607 msec
k4:     ZADD: 39047.25 requests per second, p50=0.615 msec
k4:     ZPOPMIN: 39016.78 requests per second, p50=0.615 msec
k4:     LPUSH (needed to benchmark LRANGE): 39308.18 requests per second, p50=0.607 msec
k4:     LRANGE_100 (first 100 elements): 30175.02 requests per second, p50=0.799 msec
k4:     LRANGE_300 (first 300 elements): 17937.22 requests per second, p50=1.383 msec
k4:     LRANGE_500 (first 500 elements): 13777.90 requests per second, p50=1.799 msec
k4:     LRANGE_600 (first 600 elements): 12592.87 requests per second, p50=1.991 msec
k4:     MSET (10 keys): 38955.98 requests per second, p50=0.615 msec
k4:   default: in_kernel=0/5482679 syscalls (0.0%) entries=92958952 chains=87481629 chain_cap=3466835 translated=48 (entry_unsupported=0 compile=0 verify=0 capped=0 neg=0) invalidated=0 released=0
k4:   default: exits svc=0 bl=38804425 blr=4405715 br=1998946 ret=45750984 mem=0 unsupported=1998882 budget=0 invalid=0 svc_declined=0
k4:   default: unsupported_top (word(exits/entry_stops)): 0x4e010c20(1998882/0) 
k4:   default: hot: 92958972 fragment entries, 0 syscalls in kernel before the event
k4-bench: pipelined (redis-benchmark -q -n 100000 -P 16):
k4:     PING_INLINE: 568181.81 requests per second, p50=0.663 msec
k4:     PING_MBULK: 606060.56 requests per second, p50=0.631 msec
k4:     SET: 602409.69 requests per second, p50=0.647 msec
k4:     GET: 621118.00 requests per second, p50=0.623 msec
k4:     INCR: 609756.06 requests per second, p50=0.639 msec
k4:     LPUSH: 613496.94 requests per second, p50=0.679 msec
k4:     RPUSH: 632911.38 requests per second, p50=0.639 msec
k4:     LPOP: 613496.94 requests per second, p50=0.703 msec
k4:     RPOP: 617283.94 requests per second, p50=0.663 msec
k4:     SADD: 625000.00 requests per second, p50=0.623 msec
k4:     HSET: 613496.94 requests per second, p50=0.655 msec
k4:     SPOP: 625000.00 requests per second, p50=0.615 msec
k4:     ZADD: 621118.00 requests per second, p50=0.663 msec
k4:     ZPOPMIN: 617283.94 requests per second, p50=0.623 msec
k4:     LPUSH (needed to benchmark LRANGE): 617283.94 requests per second, p50=0.671 msec
k4:     LRANGE_100 (first 100 elements): 114678.90 requests per second, p50=3.487 msec
k4:     LRANGE_300 (first 300 elements): 36643.46 requests per second, p50=8.375 msec
k4:     LRANGE_500 (first 500 elements): 22862.37 requests per second, p50=9.735 msec
k4:     LRANGE_600 (first 600 elements): 18946.57 requests per second, p50=10.599 msec
k4:     MSET (10 keys): 420168.06 requests per second, p50=1.663 msec
k4:   pipelined: in_kernel=0/333506 syscalls (0.0%) entries=5434638 chains=5105145 chain_cap=191015 translated=33 (entry_unsupported=0 compile=0 verify=0 capped=0 neg=0) invalidated=0 released=0
k4:   pipelined: exits svc=0 bl=2321328 blr=193186 br=125001 ret=2670122 mem=0 unsupported=125001 budget=0 invalid=0 svc_declined=0
k4:   pipelined: unsupported_top (word(exits/entry_stops)): 0x4e010c20(125001/0) 
k4:   pipelined: hot: 5434668 fragment entries, 0 syscalls in kernel before the event
k4-bench: clients256 (redis-benchmark -q -n 100000 -c 256):
k4:     PING_INLINE: 37439.16 requests per second, p50=3.343 msec
k4:     PING_MBULK: 36737.70 requests per second, p50=3.447 msec
k4:     SET: 35149.38 requests per second, p50=3.671 msec
k4:     GET: 36563.07 requests per second, p50=3.431 msec
k4:     INCR: 36616.62 requests per second, p50=3.471 msec
k4:     LPUSH: 36153.29 requests per second, p50=3.503 msec
k4:     RPUSH: 36101.08 requests per second, p50=3.511 msec
k4:     LPOP: 37091.99 requests per second, p50=3.399 msec
k4:     RPOP: 36710.72 requests per second, p50=3.455 msec
k4:     SADD: 36724.20 requests per second, p50=3.439 msec
k4:     HSET: 36483.04 requests per second, p50=3.487 msec
k4:     SPOP: 36376.86 requests per second, p50=3.463 msec
k4:     ZADD: 35075.41 requests per second, p50=3.631 msec
k4:     ZPOPMIN: 36337.21 requests per second, p50=3.487 msec
k4:     LPUSH (needed to benchmark LRANGE): 35829.45 requests per second, p50=3.599 msec
k4:     LRANGE_100 (first 100 elements): 27480.08 requests per second, p50=4.639 msec
k4:     LRANGE_300 (first 300 elements): 16431.15 requests per second, p50=7.735 msec
k4:     LRANGE_500 (first 500 elements): 12259.41 requests per second, p50=10.303 msec
k4:     LRANGE_600 (first 600 elements): 11842.73 requests per second, p50=10.783 msec
k4:     MSET (10 keys): 36751.20 requests per second, p50=3.447 msec
k4:   clients256: in_kernel=30737/5285372 syscalls (0.6%) entries=89236313 chains=83956417 chain_cap=3233089 translated=68 (entry_unsupported=0 compile=0 verify=0 capped=0 neg=0) invalidated=0 released=0
k4:   clients256: exits svc=30737 bl=37515577 blr=3669938 br=2045823 ret=43964508 mem=0 unsupported=2009730 budget=0 invalid=0 svc_declined=0
k4:   clients256: unsupported_top (word(exits/entry_stops)): 0x4e010c20(2000000/0) 0x3d801be0(9730/0) 
k4:   clients256: hot: 89236352 fragment entries, 30737 syscalls in kernel before the event
k4-bench: consistency PASS: dbsize 10044 digest 603e069a26083ceb1309ded3186769f0b0809e09 readback sha256 362731776718583235c4f1394cb708151a5c09052efd2c0ace0f6f0f7392fb50 
k4-bench: ALL PASS
