[    0.000000] Booting Linux on physical CPU 0x0000000000 [0x610f0000]
[    0.000000] Linux version 7.1.0-rc1+ (@kjit-dev-container) (Ubuntu clang version 18.1.3 (1ubuntu1), Ubuntu LLD 18.1.3) #2 SMP PREEMPT Sat Oct 10 02:41:31 UTC 2026
[    0.000000] random: crng init done
[    0.000000] Machine model: linux,dummy-virt
[    0.000000] OF: reserved mem: Reserved memory: No reserved-memory node in the DT
[    0.000000] KernelAddressSanitizer initialized (generic)
[    0.000000] psci: probing for conduit method from DT.
[    0.000000] psci: PSCIv1.1 detected in firmware.
[    0.000000] psci: Using standard PSCI v0.2 function IDs
[    0.000000] psci: Trusted OS migration not required
[    0.000000] psci: SMC Calling Convention v1.0
[    0.000000] Zone ranges:
[    0.000000]   Normal   [mem 0x0000000040000000-0x000000013fffffff]
[    0.000000] Movable zone start for each node
[    0.000000] Early memory node ranges
[    0.000000]   node   0: [mem 0x0000000040000000-0x000000013fffffff]
[    0.000000] Initmem setup node 0 [mem 0x0000000040000000-0x000000013fffffff]
[    0.000000] percpu: Embedded 29 pages/cpu s79952 r8192 d30640 u118784
[    0.000000] Detected PIPT I-cache on CPU0
[    0.000000] CPU features: detected: Address authentication (IMP DEF algorithm)
[    0.000000] CPU features: detected: Spectre-v4
[    0.000000] CPU features: detected: Spectre-BHB
[    0.000000] alternatives: applying boot alternatives
[    0.000000] Kernel command line: console=ttyAMA0 panic=-1 nokaslr
[    0.000000] Unknown kernel command line parameters "nokaslr", will be passed to user space.
[    0.000000] printk: log buffer data + meta data: 131072 + 458752 = 589824 bytes
[    0.000000] Dentry cache hash table entries: 524288 (order: 10, 4194304 bytes, linear)
[    0.000000] Inode-cache hash table entries: 262144 (order: 9, 2097152 bytes, linear)
[    0.000000] software IO TLB: SWIOTLB bounce buffer size adjusted to 4MB
[    0.000000] software IO TLB: area num 4.
[    0.000000] software IO TLB: mapped [mem 0x000000011a600000-0x000000011aa00000] (4MB)
[    0.000000] Built 1 zonelists, mobility grouping on.  Total pages: 1048576
[    0.000000] mem auto-init: stack:all(zero), heap alloc:off, heap free:off
[    0.000000] stackdepot: allocating hash table via alloc_large_system_hash
[    0.000000] stackdepot hash table entries: 1048576 (order: 12, 16777216 bytes, linear)
[    0.000000] stackdepot: allocating space for 8192 stack pools via memblock
[    0.000000] SLUB: HWalign=64, Order=0-3, MinObjects=0, CPUs=4, Nodes=1
[    0.000000] Running RCU self tests
[    0.000000] Running RCU synchronous self tests
[    0.000000] rcu: Preemptible hierarchical RCU implementation.
[    0.000000] rcu: 	RCU lockdep checking is enabled.
[    0.000000] rcu: 	RCU restricting CPUs from NR_CPUS=512 to nr_cpu_ids=4.
[    0.000000] 	Trampoline variant of Tasks RCU enabled.
[    0.000000] 	Tracing variant of Tasks RCU enabled.
[    0.000000] rcu: RCU calculated value of scheduler-enlistment delay is 25 jiffies.
[    0.000000] rcu: Adjusting geometry for rcu_fanout_leaf=16, nr_cpu_ids=4
[    0.000000] Running RCU synchronous self tests
[    0.000000] RCU Tasks: Setting shift to 2 and lim to 1 rcu_task_cb_adjust=1 rcu_task_cpu_ids=4.
[    0.000000] NR_IRQS: 64, nr_irqs: 64, preallocated irqs: 0
[    0.000000] Root IRQ handler: gic_handle_irq
[    0.000000] GICv2m: range[mem 0x08020000-0x08020fff], SPI[80:143]
[    0.000000] rcu: srcu_init: Setting srcu_struct sizes based on contention.
[    0.000000] arch_timer: cp15 timer running at 24.00MHz (virt).
[    0.000000] clocksource: arch_sys_counter: mask: 0xffffffffffffff max_cycles: 0x588fe9dc0, max_idle_ns: 440795202592 ns
[    0.000000] sched_clock: 56 bits at 24MHz, resolution 41ns, wraps every 4398046511097ns
[    0.000170] Console: colour dummy device 80x25
[    0.000176] Lock dependency validator: Copyright (c) 2006 Red Hat, Inc., Ingo Molnar
[    0.000177] ... MAX_LOCKDEP_SUBCLASSES:  8
[    0.000178] ... MAX_LOCK_DEPTH:          48
[    0.000179] ... MAX_LOCKDEP_KEYS:        8192
[    0.000179] ... CLASSHASH_SIZE:          4096
[    0.000180] ... MAX_LOCKDEP_ENTRIES:     32768
[    0.000181] ... MAX_LOCKDEP_CHAINS:      65536
[    0.000182] ... CHAINHASH_SIZE:          32768
[    0.000182]  memory used by lock dependency info: 6429 kB
[    0.000183]  memory used for stack traces: 16896 kB
[    0.000184]  per task-struct memory footprint: 1920 bytes
[    0.000198] Calibrating delay loop (skipped), value calculated using timer frequency.. 48.00 BogoMIPS (lpj=96000)
[    0.000201] pid_max: default: 32768 minimum: 301
[    0.000573] Mount-cache hash table entries: 8192 (order: 4, 65536 bytes, linear)
[    0.000584] Mountpoint-cache hash table entries: 8192 (order: 4, 65536 bytes, linear)
[    0.000975] VFS: Finished mounting rootfs on nullfs
[    0.001410] Running RCU synchronous self tests
[    0.001413] Running RCU synchronous self tests
[    0.001684] cacheinfo: Unable to detect cache hierarchy for CPU 0
[    0.018862] rcu: Hierarchical SRCU implementation.
[    0.018866] rcu: 	Max phase no-delay instances is 1000.
[    0.023702] Timer migration: 1 hierarchy levels; 8 children per group; 1 crossnode level
[    0.037932] smp: Bringing up secondary CPUs ...
[    0.062763] Detected PIPT I-cache on CPU1
[    0.062888] CPU1: Booted secondary processor 0x0000000001 [0x610f0000]
[    0.086627] Detected PIPT I-cache on CPU2
[    0.086768] CPU2: Booted secondary processor 0x0000000002 [0x610f0000]
[    0.110476] Detected PIPT I-cache on CPU3
[    0.110603] CPU3: Booted secondary processor 0x0000000003 [0x610f0000]
[    0.110818] smp: Brought up 1 node, 4 CPUs
[    0.110824] SMP: Total of 4 processors activated.
[    0.110825] CPU: All CPU(s) started at EL1
[    0.110828] CPU features: detected: ARMv8.4 Translation Table Level
[    0.110829] CPU features: detected: Data cache clean to the PoU not required for I/D coherence
[    0.110830] CPU features: detected: CRC32 instructions
[    0.110830] CPU features: detected: Data independent timing control (DIT)
[    0.110831] CPU features: detected: E0PD
[    0.110832] CPU features: detected: Generic authentication (IMP DEF algorithm)
[    0.110833] CPU features: detected: RCpc load-acquire (LDAPR)
[    0.110834] CPU features: detected: LSE atomic instructions
[    0.110835] CPU features: detected: Privileged Access Never
[    0.110836] CPU features: detected: Speculation barrier (SB)
[    0.110837] CPU features: detected: TLB range maintenance instructions
[    0.110838] CPU features: detected: XNX
[    0.110969] alternatives: applying system-wide alternatives
[    0.113040] Memory: 3321380K/4194304K available (14720K kernel code, 3344K rwdata, 4456K rodata, 832K init, 23997K bss, 867276K reserved, 0K cma-reserved)
[    0.117851] devtmpfs: initialized
[    0.121190] Running RCU synchronous self tests
[    0.121209] Running RCU synchronous self tests
[    0.121361] Running RCU Tasks wait API self tests
[    0.241143] Running RCU Tasks Trace wait API self tests
[    0.241431] Callback from call_rcu_tasks() invoked.
[    0.241442] clocksource: jiffies: mask: 0xffffffff max_cycles: 0xffffffff, max_idle_ns: 7645041785100000 ns
[    0.241509] posixtimers hash table entries: 2048 (order: 6, 147456 bytes, linear)
[    0.241566] futex hash table entries: 1024 (131072 bytes on 1 NUMA nodes, total 128 KiB, linear).
[    0.241652] 20880 pages in range for non-PLT usage
[    0.241653] 512400 pages in range for PLT usage
[    0.242291] NET: Registered PF_NETLINK/PF_ROUTE protocol family
[    0.243044] DMA: preallocated 512 KiB GFP_KERNEL pool for atomic allocations
[    0.243500] ASID allocator initialised with 256 entries
[    0.243609] Serial: AMBA PL011 UART driver
[    0.247308] 9000000.pl011: ttyAMA0 at MMIO 0x9000000 (irq = 13, base_baud = 0) is a PL011 rev1
[    0.247557] printk: console [ttyAMA0] enabled
[    0.261955] Callback from call_rcu_tasks_trace() invoked.
[    0.263615] vgaarb: loaded
[    0.264179] clocksource: Switched to clocksource arch_sys_counter
[    0.283350] NET: Registered PF_INET protocol family
[    0.283532] IP idents hash table entries: 65536 (order: 7, 524288 bytes, linear)
[    0.284492] tcp_listen_portaddr_hash hash table entries: 2048 (order: 6, 147456 bytes, linear)
[    0.284531] Table-perturb hash table entries: 65536 (order: 6, 262144 bytes, linear)
[    0.284562] TCP established hash table entries: 32768 (order: 6, 262144 bytes, linear)
[    0.284860] TCP bind hash table entries: 32768 (order: 11, 4718592 bytes, vmalloc hugepage)
[    0.285895] TCP: Hash tables configured (established 32768 bind 32768)
[    0.285972] UDP hash table entries: 2048 (order: 7, 524288 bytes, linear)
[    0.286215] NET: Registered PF_UNIX/PF_LOCAL protocol family
[    0.286252] PCI: CLS 0 bytes, default 64
[    0.286477] Unpacking initramfs...
[    0.291558] workingset: timestamp_bits=46 (anon: 42) max_order=20 bucket_order=0 (anon: 0)
[    0.292075] 9p: Installing v9fs 9p2000 file system support
[    0.293122] pci-host-generic 4010000000.pcie: host bridge /pcie@10000000 ranges:
[    0.293166] pci-host-generic 4010000000.pcie:       IO 0x003eff0000..0x003effffff -> 0x0000000000
[    0.293202] pci-host-generic 4010000000.pcie:      MEM 0x0010000000..0x003efeffff -> 0x0010000000
[    0.293208] pci-host-generic 4010000000.pcie:      MEM 0x8000000000..0xffffffffff -> 0x8000000000
[    0.293231] pci-host-generic 4010000000.pcie: Memory resource size exceeds max for 32 bits
[    0.301464] pci-host-generic 4010000000.pcie: ECAM at [mem 0x4010000000-0x401fffffff] for [bus 00-ff]
[    0.301708] pci-host-generic 4010000000.pcie: PCI host bridge to bus 0000:00
[    0.301729] pci_bus 0000:00: root bus resource [bus 00-ff]
[    0.301747] pci_bus 0000:00: root bus resource [io  0x0000-0xffff]
[    0.301760] pci_bus 0000:00: root bus resource [mem 0x10000000-0x3efeffff]
[    0.301772] pci_bus 0000:00: root bus resource [mem 0x8000000000-0xffffffffff]
[    0.301829] pci 0000:00:00.0: [1b36:0008] type 00 class 0x060000 conventional PCI endpoint
[    0.302122] pci 0000:00:01.0: [1af4:1000] type 00 class 0x020000 conventional PCI endpoint
[    0.302196] pci 0000:00:01.0: BAR 0 [io  0x0000-0x001f]
[    0.302210] pci 0000:00:01.0: BAR 1 [mem 0x00000000-0x00000fff]
[    0.302226] pci 0000:00:01.0: BAR 4 [mem 0x00000000-0x00003fff 64bit pref]
[    0.302239] pci 0000:00:01.0: ROM [mem 0x00000000-0x0003ffff pref]
[    0.302486] pci 0000:00:02.0: [1af4:1009] type 00 class 0x000200 conventional PCI endpoint
[    0.302552] pci 0000:00:02.0: BAR 0 [io  0x0000-0x003f]
[    0.302564] pci 0000:00:02.0: BAR 1 [mem 0x00000000-0x00000fff]
[    0.302581] pci 0000:00:02.0: BAR 4 [mem 0x00000000-0x00003fff 64bit pref]
[    0.302813] pci 0000:00:03.0: [1af4:1005] type 00 class 0x00ff00 conventional PCI endpoint
[    0.302880] pci 0000:00:03.0: BAR 0 [io  0x0000-0x001f]
[    0.302893] pci 0000:00:03.0: BAR 1 [mem 0x00000000-0x00000fff]
[    0.302909] pci 0000:00:03.0: BAR 4 [mem 0x00000000-0x00003fff 64bit pref]
[    0.303245] pci 0000:00:01.0: ROM [mem 0x10000000-0x1003ffff pref]: assigned
[    0.303260] pci 0000:00:01.0: BAR 4 [mem 0x8000000000-0x8000003fff 64bit pref]: assigned
[    0.303283] pci 0000:00:02.0: BAR 4 [mem 0x8000004000-0x8000007fff 64bit pref]: assigned
[    0.303305] pci 0000:00:03.0: BAR 4 [mem 0x8000008000-0x800000bfff 64bit pref]: assigned
[    0.303326] pci 0000:00:01.0: BAR 1 [mem 0x10040000-0x10040fff]: assigned
[    0.303340] pci 0000:00:02.0: BAR 1 [mem 0x10041000-0x10041fff]: assigned
[    0.303354] pci 0000:00:03.0: BAR 1 [mem 0x10042000-0x10042fff]: assigned
[    0.303368] pci 0000:00:02.0: BAR 0 [io  0x1000-0x103f]: assigned
[    0.303382] pci 0000:00:01.0: BAR 0 [io  0x1040-0x105f]: assigned
[    0.303396] pci 0000:00:03.0: BAR 0 [io  0x1060-0x107f]: assigned
[    0.303417] pci_bus 0000:00: resource 4 [io  0x0000-0xffff]
[    0.303428] pci_bus 0000:00: resource 5 [mem 0x10000000-0x3efeffff]
[    0.303439] pci_bus 0000:00: resource 6 [mem 0x8000000000-0xffffffffff]
[    0.305285] virtio-pci 0000:00:01.0: enabling device (0000 -> 0003)
[    0.306637] virtio-pci 0000:00:02.0: enabling device (0000 -> 0003)
[    0.307538] virtio-pci 0000:00:03.0: enabling device (0000 -> 0003)
[    0.381656] rtc-pl031 9010000.pl031: registered as rtc0
[    0.381702] rtc-pl031 9010000.pl031: setting system clock to 2026-10-10T02:47:29 UTC (1791600449)
[    0.382277] NET: Registered PF_INET6 protocol family
[    0.383137] Segment Routing with IPv6
[    0.383227] In-situ OAM (IOAM) with IPv6
[    0.383301] sit: IPv6, IPv4 and MPLS over IPv4 tunneling driver
[    0.383901] NET: Registered PF_PACKET protocol family
[    0.383927] 9pnet: Installing 9P2000 support
[    0.405840] clk: Disabling unused clocks
[    0.567607] Freeing initrd memory: 186348K
[    0.568283] Freeing unused kernel memory: 832K
[    0.568345] Run /init as init process
[    0.610453] kjit: loading out-of-tree module taints kernel.
[    0.613249] rust_kjit: ######## Rust KJIT inits ########
[    0.613615] rust_kjit: golden tests/arm64/toy_cfg.s:hot_svc_mark PASS: 844 fragment bytes match harness
kjit-init: insmod kjit.ko ok
k3: k2   toy_loop: in_kernel=199823 entries=199824 exit_mem=0 exit_budget=0 exit_unsupported=0 fpsimd_entries=0 fpsimd_preempted=0 fpsimd_exit_mem=0
k3: k2   mem_loop: in_kernel=39872 entries=59808 exit_mem=0 exit_budget=0 exit_unsupported=19935 fpsimd_entries=0 fpsimd_preempted=0 fpsimd_exit_mem=0
k3: k2   tight_loop: in_kernel=0 entries=1936 exit_mem=0 exit_budget=1936 exit_unsupported=0 fpsimd_entries=0 fpsimd_preempted=0 fpsimd_exit_mem=0
k3: k2   call_loop: in_kernel=0 entries=1938 exit_mem=0 exit_budget=1808 exit_unsupported=0 fpsimd_entries=0 fpsimd_preempted=0 fpsimd_exit_mem=0
k3: k2   alias_loop: in_kernel=0 entries=1720640 exit_mem=0 exit_budget=0 exit_unsupported=0 fpsimd_entries=0 fpsimd_preempted=0 fpsimd_exit_mem=0
k3: k2   signal_loop: in_kernel=399799 entries=399837 exit_mem=0 exit_budget=0 exit_unsupported=0 fpsimd_entries=0 fpsimd_preempted=0 fpsimd_exit_mem=0
k3: k2   fp_loop: in_kernel=39862 entries=39863 exit_mem=0 exit_budget=0 exit_unsupported=0 fpsimd_entries=39863 fpsimd_preempted=0 fpsimd_exit_mem=0
k3: k2   fp_regs: in_kernel=199823 entries=199824 exit_mem=0 exit_budget=0 exit_unsupported=1 fpsimd_entries=199824 fpsimd_preempted=0 fpsimd_exit_mem=0
k3: k2   fp_switch: in_kernel=79724 entries=79726 exit_mem=0 exit_budget=0 exit_unsupported=2 fpsimd_entries=79726 fpsimd_preempted=0 fpsimd_exit_mem=0
k3: k2   fp_signal: in_kernel=399745 entries=399872 exit_mem=0 exit_budget=0 exit_unsupported=1 fpsimd_entries=399872 fpsimd_preempted=1 fpsimd_exit_mem=0
k3: k2   fp_preempt: in_kernel=15472 entries=15488 exit_mem=0 exit_budget=0 exit_unsupported=0 fpsimd_entries=15488 fpsimd_preempted=24 fpsimd_exit_mem=0
k3: k2   fp_preempt: in_kernel=15471 entries=15488 exit_mem=0 exit_budget=0 exit_unsupported=0 fpsimd_entries=15488 fpsimd_preempted=489 fpsimd_exit_mem=0
k3: k2   fp_stale: in_kernel=326 entries=2692 exit_mem=0 exit_budget=0 exit_unsupported=281 fpsimd_entries=517 fpsimd_preempted=0 fpsimd_exit_mem=0
k3: k2   fp_budget: in_kernel=0 entries=336 exit_mem=0 exit_budget=336 exit_unsupported=0 fpsimd_entries=336 fpsimd_preempted=1 fpsimd_exit_mem=0
k3: k2   munmap_race: in_kernel=708051 entries=708172 exit_mem=0 exit_budget=0 exit_unsupported=0 fpsimd_entries=0 fpsimd_preempted=0 fpsimd_exit_mem=0
k3: k2   seccomp_loop: in_kernel=0 entries=0 exit_mem=0 exit_budget=0 exit_unsupported=0 fpsimd_entries=0 fpsimd_preempted=0 fpsimd_exit_mem=0
k3: k2   ptrace_loop: in_kernel=0 entries=0 exit_mem=0 exit_budget=0 exit_unsupported=0 fpsimd_entries=0 fpsimd_preempted=0 fpsimd_exit_mem=0
k3: k2 ALL PASS (1 iterations, auto=1)
k3: gen_data PASS off=268ms on=424ms
k3:   gen_data: translated=28 (req svc=2 exit=26 neg=0) entries=5447 chains=694 chain_cap=0 in_kernel=1291/5325 syscalls (24.2%) ibtc insert=47 replace=0 clear=47
k3:   gen_data: exits svc=1291 bl=650 blr=131 br=733 ret=878 mem=0 unsupported=1764 budget=0; translate fail entry_unsupported=0 compile=0 verify=0 text=0 capped=0
k3:   gen_data: top Unsupported (total word(exits/entry_stops)): 1764 0x3ce66900(1764/0)
k3: dd_4k PASS off=392ms on=603ms
k3:   dd_4k: translated=34 (req svc=4 exit=30 neg=0) entries=83477 chains=16157 chain_cap=0 in_kernel=63669/68169 syscalls (93.4%) ibtc insert=58 replace=0 clear=58
k3:   dd_4k: exits svc=63669 bl=587 blr=66 br=16517 ret=910 mem=0 unsupported=1728 budget=0; translate fail entry_unsupported=0 compile=0 verify=0 text=0 capped=0
k3:   dd_4k: top Unsupported (total word(exits/entry_stops)): 1728 0x3ce66900(1728/0)
k3: dd_1 PASS off=10366ms on=7614ms
k3:   dd_1: translated=17 (req svc=3 exit=14 neg=0) entries=8386512 chains=14 chain_cap=0 in_kernel=8385600/8387221 syscalls (100.0%) ibtc insert=28 replace=0 clear=28
k3:   dd_1: exits svc=8385600 bl=261 blr=65 br=130 ret=456 mem=0 unsupported=0 budget=0; translate fail entry_unsupported=0 compile=0 verify=0 text=0 capped=0
k3:   dd_1: top Unsupported (total word(exits/entry_stops)): 
k3: bb_dd PASS off=484ms on=604ms
k3:   bb_dd: translated=27 (req svc=3 exit=24 neg=0) entries=64980 chains=16024 chain_cap=0 in_kernel=31609/49639 syscalls (63.7%) ibtc insert=47 replace=0 clear=47
k3:   bb_dd: exits svc=31609 bl=521 blr=131 br=16195 ret=716 mem=0 unsupported=0 budget=15808; translate fail entry_unsupported=0 compile=0 verify=0 text=0 capped=0
k3:   bb_dd: top Unsupported (total word(exits/entry_stops)): 
k3: cat_wc PASS off=353ms on=498ms
k3:   cat_wc: translated=23 (req svc=3 exit=20 neg=0) entries=8534 chains=3604 chain_cap=0 in_kernel=128/5594 syscalls (2.3%) ibtc insert=39 replace=0 clear=39
k3:   cat_wc: exits svc=128 bl=457 blr=0 br=3844 ret=585 mem=0 unsupported=0 budget=3520; translate fail entry_unsupported=0 compile=0 verify=0 text=0 capped=0
k3:   cat_wc: top Unsupported (total word(exits/entry_stops)): 
k3: sha256sum PASS off=207ms on=297ms
k3:   sha256sum: translated=5 (req svc=1 exit=4 neg=0) entries=1989 chains=4 chain_cap=0 in_kernel=0/2468 syscalls (0.0%) ibtc insert=8 replace=0 clear=8
k3:   sha256sum: exits svc=0 bl=65 blr=1 br=0 ret=195 mem=0 unsupported=1728 budget=0; translate fail entry_unsupported=0 compile=0 verify=0 text=0 capped=0
k3:   sha256sum: top Unsupported (total word(exits/entry_stops)): 1728 0x3ce66900(1728/0)
k3: gzip PASS off=2301ms on=2427ms
k3:   gzip: translated=16 (req svc=3 exit=13 neg=0) entries=7374 chains=1421 chain_cap=0 in_kernel=0/7178 syscalls (0.0%) ibtc insert=25 replace=0 clear=25
k3:   gzip: exits svc=0 bl=200 blr=1 br=1473 ret=1162 mem=0 unsupported=1728 budget=2810; translate fail entry_unsupported=0 compile=0 verify=0 text=0 capped=0
k3:   gzip: top Unsupported (total word(exits/entry_stops)): 1728 0x3ce66900(1728/0)
k3: sort PASS off=423ms on=640ms
k3:   sort: translated=44 (req svc=4 exit=40 neg=0) entries=35755 chains=15316 chain_cap=0 in_kernel=15647/21402 syscalls (73.1%) ibtc insert=77 replace=0 clear=77
k3:   sort: exits svc=15647 bl=10836 blr=260 br=5447 ret=1768 mem=0 unsupported=1797 budget=0; translate fail entry_unsupported=0 compile=0 verify=0 text=0 capped=0
k3:   sort: top Unsupported (total word(exits/entry_stops)): 1797 0x3ce66900(1797/0)
k3: wc PASS off=316ms on=444ms
k3:   wc: translated=9 (req svc=1 exit=8 neg=0) entries=7625 chains=3592 chain_cap=0 in_kernel=0/4516 syscalls (0.0%) ibtc insert=15 replace=0 clear=15
k3:   wc: exits svc=0 bl=131 blr=0 br=3714 ret=260 mem=0 unsupported=0 budget=3520; translate fail entry_unsupported=0 compile=0 verify=0 text=0 capped=0
k3:   wc: top Unsupported (total word(exits/entry_stops)): 
k3: bb_gzip PASS off=2753ms on=2923ms
k3:   bb_gzip: translated=28 (req svc=4 exit=24 neg=0) entries=26226 chains=3218 chain_cap=0 in_kernel=0/25203 syscalls (0.0%) ibtc insert=47 replace=0 clear=47
k3:   bb_gzip: exits svc=0 bl=1695 blr=0 br=3324 ret=1678 mem=0 unsupported=0 budget=19529; translate fail entry_unsupported=0 compile=0 verify=0 text=0 capped=0
k3:   bb_gzip: top Unsupported (total word(exits/entry_stops)): 
k3: bb_sort PASS off=1231ms on=1629ms
k3:   bb_sort: translated=98 (req svc=5 exit=93 neg=0) entries=101900 chains=49263 chain_cap=0 in_kernel=16093/53442 syscalls (30.1%) ibtc insert=178 replace=2 clear=176
k3:   bb_sort: exits svc=16093 bl=33044 blr=196 br=18793 ret=3316 mem=4325 unsupported=15818 budget=10315; translate fail entry_unsupported=0 compile=0 verify=0 text=0 capped=0
k3:   bb_sort: top Unsupported (total word(exits/entry_stops)): 13752 0x0e214022(13752/0),2066 0xd50b7423(2066/0)
k3: bb_cat PASS off=287ms on=529ms
k3:   bb_cat: translated=10 (req svc=2 exit=8 neg=0) entries=26293 chains=8 chain_cap=0 in_kernel=9771/26894 syscalls (36.3%) ibtc insert=16 replace=0 clear=16
k3:   bb_cat: exits svc=9771 bl=131 blr=0 br=130 ret=261 mem=0 unsupported=0 budget=16000; translate fail entry_unsupported=0 compile=0 verify=0 text=0 capped=0
k3:   bb_cat: top Unsupported (total word(exits/entry_stops)): 
k3: pipe_ring PASS off=5973ms on=5940ms
k3:   pipe_ring: translated=17 (req svc=2 exit=15 neg=0) entries=799540 chains=15 chain_cap=0 in_kernel=798528/800332 syscalls (99.8%) ibtc insert=30 replace=0 clear=30
k3:   pipe_ring: exits svc=798528 bl=403 blr=0 br=0 ret=609 mem=0 unsupported=0 budget=0; translate fail entry_unsupported=0 compile=0 verify=0 text=0 capped=0
k3:   pipe_ring: top Unsupported (total word(exits/entry_stops)): 
k3: epoll_echo PASS off=8196ms on=8299ms
k3:   epoll_echo: translated=23 (req svc=6 exit=17 neg=0) entries=699199 chains=99733 chain_cap=0 in_kernel=598374/600278 syscalls (99.7%) ibtc insert=33 replace=0 clear=33
k3:   epoll_echo: exits svc=598374 bl=100238 blr=0 br=0 ret=587 mem=0 unsupported=0 budget=0; translate fail entry_unsupported=0 compile=0 verify=0 text=0 capped=0
k3:   epoll_echo: top Unsupported (total word(exits/entry_stops)): 
k3: sqlite SKIP (sqlite3 not in the rootfs)
k3: redis PASS off=25097ms on=26203ms
k3:   redis: translated=737 (req svc=9 exit=728 neg=0) entries=2759881 chains=748576 chain_cap=0 in_kernel=1445860/2018610 syscalls (71.6%) ibtc insert=1501 replace=70 clear=1431
k3:   redis: exits svc=1445860 bl=27245 blr=2547 br=734401 ret=39298 mem=2 unsupported=510528 budget=0; translate fail entry_unsupported=0 compile=0 verify=0 text=0 capped=0
k3:   redis: top Unsupported (total word(exits/entry_stops)): 510442 0x9e630160(510442/0),86 0xd503203f(86/0)
k3:   redis-bench: SET: 29036.00 requests per second, p50=0.079 msec
k3:   redis-bench: GET: 30175.02 requests per second, p50=0.079 msec
k3:   redis-bench: INCR: 30229.75 requests per second, p50=0.079 msec
k3:   redis-bench: LPUSH: 31387.32 requests per second, p50=0.079 msec
k3:   redis-bench: LPOP: 31796.50 requests per second, p50=0.079 msec
k3:   redis-bench: SADD: 29274.01 requests per second, p50=0.079 msec
k3:   redis-bench: HSET: 27847.40 requests per second, p50=0.087 msec
k3:   redis-bench: translated=261 (req svc=0 exit=261 neg=0) entries=2627713 chains=700289 chain_cap=0 in_kernel=1392595/1928467 syscalls (72.2%) ibtc insert=559 replace=44 clear=0
k3:   redis-bench: exits svc=1392595 bl=10388 blr=954 br=700472 ret=12774 mem=2 unsupported=510528 budget=0; translate fail entry_unsupported=0 compile=0 verify=0 text=0 capped=0
k3:   redis-bench: top Unsupported words (total word(exits/entry_stops)):
k3:     510442 0x9e630160(510442/0)
k3:     86 0xd503203f(86/0)
[  141.072322] kjit: 0 of 4136 translation requests still queued at unload (freed by the kernel)
[  141.136566] rust_kjit: ######## Rust KJIT exits ########
[  141.385113] rust_kjit: ######## Rust KJIT inits ########
[  141.385369] rust_kjit: golden tests/arm64/toy_cfg.s:hot_svc_mark PASS: 844 fragment bytes match harness
[  141.753913] kjit: 0 of 951 translation requests still queued at unload (freed by the kernel)
[  141.816384] rust_kjit: ######## Rust KJIT exits ########
[  142.065778] rust_kjit: ######## Rust KJIT inits ########
[  142.066011] rust_kjit: golden tests/arm64/toy_cfg.s:hot_svc_mark PASS: 844 fragment bytes match harness
[  142.444578] kjit: 0 of 1007 translation requests still queued at unload (freed by the kernel)
[  142.512425] rust_kjit: ######## Rust KJIT exits ########
[  142.759961] rust_kjit: ######## Rust KJIT inits ########
[  142.760503] rust_kjit: golden tests/arm64/toy_cfg.s:hot_svc_mark PASS: 844 fragment bytes match harness
[  143.173352] kjit: 0 of 857 translation requests still queued at unload (freed by the kernel)
[  143.232211] rust_kjit: ######## Rust KJIT exits ########
[  143.469113] rust_kjit: ######## Rust KJIT inits ########
[  143.469344] rust_kjit: golden tests/arm64/toy_cfg.s:hot_svc_mark PASS: 844 fragment bytes match harness
[  143.832284] kjit: 0 of 962 translation requests still queued at unload (freed by the kernel)
[  143.900711] rust_kjit: ######## Rust KJIT exits ########
[  144.154456] rust_kjit: ######## Rust KJIT inits ########
[  144.154691] rust_kjit: golden tests/arm64/toy_cfg.s:hot_svc_mark PASS: 844 fragment bytes match harness
k3: reload_churn PASS (5 unloads while jit_churn ran; 0 queued requests left to the kernel; 846 requests since the last load)
[  145.088278] kjit: 0 of 888 translation requests still queued at unload (freed by the kernel)
[  145.148971] rust_kjit: ######## Rust KJIT exits ########
[  145.401958] rust_kjit: ######## Rust KJIT inits ########
[  145.402194] rust_kjit: golden tests/arm64/toy_cfg.s:hot_svc_mark PASS: 844 fragment bytes match harness
[  145.967215] kjit: 0 of 21 translation requests still queued at unload (freed by the kernel)
[  146.032308] rust_kjit: ######## Rust KJIT exits ########
[  146.272621] rust_kjit: ######## Rust KJIT inits ########
[  146.273070] rust_kjit: golden tests/arm64/toy_cfg.s:hot_svc_mark PASS: 844 fragment bytes match harness
[  146.846963] kjit: 0 of 21 translation requests still queued at unload (freed by the kernel)
[  146.896680] rust_kjit: ######## Rust KJIT exits ########
[  147.122682] rust_kjit: ######## Rust KJIT inits ########
[  147.123256] rust_kjit: golden tests/arm64/toy_cfg.s:hot_svc_mark PASS: 844 fragment bytes match harness
[  147.692261] kjit: 0 of 21 translation requests still queued at unload (freed by the kernel)
[  147.764360] rust_kjit: ######## Rust KJIT exits ########
[  148.023921] rust_kjit: ######## Rust KJIT inits ########
[  148.024549] rust_kjit: golden tests/arm64/toy_cfg.s:hot_svc_mark PASS: 844 fragment bytes match harness
[  148.612492] kjit: 0 of 21 translation requests still queued at unload (freed by the kernel)
[  148.672354] rust_kjit: ######## Rust KJIT exits ########
[  148.923557] rust_kjit: ######## Rust KJIT inits ########
[  148.923790] rust_kjit: golden tests/arm64/toy_cfg.s:hot_svc_mark PASS: 844 fragment bytes match harness
[  149.504301] kjit: 0 of 21 translation requests still queued at unload (freed by the kernel)
[  149.560649] rust_kjit: ######## Rust KJIT exits ########
[  149.818569] rust_kjit: ######## Rust KJIT inits ########
[  149.818791] rust_kjit: golden tests/arm64/toy_cfg.s:hot_svc_mark PASS: 844 fragment bytes match harness
[  150.416548] kjit: 0 of 21 translation requests still queued at unload (freed by the kernel)
[  150.480383] rust_kjit: ######## Rust KJIT exits ########
[  150.752467] rust_kjit: ######## Rust KJIT inits ########
[  150.752909] rust_kjit: golden tests/arm64/toy_cfg.s:hot_svc_mark PASS: 844 fragment bytes match harness
[  151.332321] kjit: 0 of 21 translation requests still queued at unload (freed by the kernel)
[  151.388341] rust_kjit: ######## Rust KJIT exits ########
[  151.642093] rust_kjit: ######## Rust KJIT inits ########
[  151.648607] rust_kjit: golden tests/arm64/toy_cfg.s:hot_svc_mark PASS: 844 fragment bytes match harness
[  152.228469] kjit: 0 of 21 translation requests still queued at unload (freed by the kernel)
[  152.300427] rust_kjit: ######## Rust KJIT exits ########
[  152.554419] rust_kjit: ######## Rust KJIT inits ########
[  152.554641] rust_kjit: golden tests/arm64/toy_cfg.s:hot_svc_mark PASS: 844 fragment bytes match harness
[  153.136391] kjit: 0 of 21 translation requests still queued at unload (freed by the kernel)
[  153.196356] rust_kjit: ######## Rust KJIT exits ########
[  153.412971] rust_kjit: ######## Rust KJIT inits ########
[  153.413514] rust_kjit: golden tests/arm64/toy_cfg.s:hot_svc_mark PASS: 844 fragment bytes match harness
[  153.980282] kjit: 0 of 21 translation requests still queued at unload (freed by the kernel)
[  154.064398] rust_kjit: ######## Rust KJIT exits ########
[  154.311149] rust_kjit: ######## Rust KJIT inits ########
[  154.316662] rust_kjit: golden tests/arm64/toy_cfg.s:hot_svc_mark PASS: 844 fragment bytes match harness
[  154.896364] kjit: 0 of 21 translation requests still queued at unload (freed by the kernel)
[  154.964306] rust_kjit: ######## Rust KJIT exits ########
[  155.227459] rust_kjit: ######## Rust KJIT inits ########
[  155.227773] rust_kjit: golden tests/arm64/toy_cfg.s:hot_svc_mark PASS: 844 fragment bytes match harness
[  155.816399] kjit: 0 of 21 translation requests still queued at unload (freed by the kernel)
[  155.864361] rust_kjit: ######## Rust KJIT exits ########
[  156.079158] rust_kjit: ######## Rust KJIT inits ########
[  156.084662] rust_kjit: golden tests/arm64/toy_cfg.s:hot_svc_mark PASS: 844 fragment bytes match harness
[  156.664431] kjit: 0 of 21 translation requests still queued at unload (freed by the kernel)
[  156.716343] rust_kjit: ######## Rust KJIT exits ########
[  157.020889] rust_kjit: ######## Rust KJIT inits ########
[  157.021189] rust_kjit: golden tests/arm64/toy_cfg.s:hot_svc_mark PASS: 844 fragment bytes match harness
[  157.620287] kjit: 0 of 21 translation requests still queued at unload (freed by the kernel)
[  157.676388] rust_kjit: ######## Rust KJIT exits ########
[  157.887175] rust_kjit: ######## Rust KJIT inits ########
[  157.887405] rust_kjit: golden tests/arm64/toy_cfg.s:hot_svc_mark PASS: 844 fragment bytes match harness
[  158.468408] kjit: 0 of 21 translation requests still queued at unload (freed by the kernel)
[  158.528366] rust_kjit: ######## Rust KJIT exits ########
[  158.735262] rust_kjit: ######## Rust KJIT inits ########
[  158.735636] rust_kjit: golden tests/arm64/toy_cfg.s:hot_svc_mark PASS: 844 fragment bytes match harness
[  159.356250] kjit: 0 of 21 translation requests still queued at unload (freed by the kernel)
[  159.412295] rust_kjit: ######## Rust KJIT exits ########
[  159.614363] rust_kjit: ######## Rust KJIT inits ########
[  159.614645] rust_kjit: golden tests/arm64/toy_cfg.s:hot_svc_mark PASS: 844 fragment bytes match harness
[  160.212504] kjit: 0 of 21 translation requests still queued at unload (freed by the kernel)
[  160.272322] rust_kjit: ######## Rust KJIT exits ########
[  160.477902] rust_kjit: ######## Rust KJIT inits ########
[  160.480486] rust_kjit: golden tests/arm64/toy_cfg.s:hot_svc_mark PASS: 844 fragment bytes match harness
[  161.048377] kjit: 0 of 21 translation requests still queued at unload (freed by the kernel)
[  161.104375] rust_kjit: ######## Rust KJIT exits ########
[  161.313066] rust_kjit: ######## Rust KJIT inits ########
[  161.313306] rust_kjit: golden tests/arm64/toy_cfg.s:hot_svc_mark PASS: 844 fragment bytes match harness
[  161.928360] kjit: 0 of 21 translation requests still queued at unload (freed by the kernel)
[  161.976398] rust_kjit: ######## Rust KJIT exits ########
[  162.182489] rust_kjit: ######## Rust KJIT inits ########
[  162.182705] rust_kjit: golden tests/arm64/toy_cfg.s:hot_svc_mark PASS: 844 fragment bytes match harness
k3: unload_stress: last load: entries=409574 exit_mem=73176 fpsimd_exit_mem=81792 in_kernel=294506 ibtc_insert=30
k3: unload_stress: PASS (20 unloads under faulting fragments, 20 with fragment entries and FP/SIMD Mem exits, 20 with linked runs)
k3: iteration 1 PASS
k3: stats
k3:   syscalls_in_kernel 192015
k3:   fragment_entries 413288
k3:   chains 154887
k3:   chain_cap 0
k3:   run_declined 19
k3:   exit_svc 192017
k3:   exit_bl 155522
k3:   exit_blr 0
k3:   exit_br 0
k3:   exit_ret 608
k3:   exit_mem 65141
k3:   exit_unsupported 0
k3:   exit_budget 0
k3:   exit_invalid 0
k3:   svc_declined 2
k3:   translate_ok 21
k3:   translate_exists 0
k3:   translate_text_unreadable 0
k3:   translate_entry_unsupported 0
k3:   translate_compile_failed 0
k3:   translate_encode_failed 0
k3:   translate_verify_rejected 0
k3:   translate_verify_falls_off_end 0
k3:   translate_raced 2
k3:   translate_capped 0
k3:   translate_install_failed 0
k3:   invalidated_fragments 0
k3:   released_fragments 21
k3:   svc_sites_scanned 0
k3:   auto_mm_created 5
k3:   auto_mm_setup_failed 0
k3:   auto_prof_full 0
k3:   auto_hot_negative 0
k3:   auto_hot_capped 0
k3:   auto_hot_queue_full 0
k3:   auto_req_svc_resume 4
k3:   auto_req_exit_target 17
k3:   auto_req_dropped 0
k3:   auto_req_stale 0
k3:   auto_neg_added 0
k3:   auto_neg_evicted 0
k3:   auto_translate_ns 8587333
k3:   unsupported_top_dropped 0
k3:   unsupported_bad_word 0
k3:   fpsimd_entries 154874
k3:   fpsimd_preempted 3
k3:   fpsimd_exit_mem 65141
k3:   fpsimd_refused_sve_sme 0
k3:   ibtc_insert 30
k3:   ibtc_replace 0
k3:   ibtc_clear 30
k3:   ibtc_fpsimd_boundary 154872
k3:   ibtc_miss_cold 1258
k3:   ibtc_miss_conflict 0
k3:   ibtc_miss_other 0
k3:   hook_calls 259324
k3:   fpsimd_run_max_ns 186666
k3:   chain_max 3
k3:   chain_hist_1_1 103519
k3:   chain_hist_2_3 154882
k3: ALL PASS (1 iterations, file 64 MiB, dd bs=1 4 MiB)
[  162.600997] kjit: 0 of 21 translation requests still queued at unload (freed by the kernel)
[  162.621031] rust_kjit: ######## Rust KJIT exits ########
kjit-init: rmmod kjit ok
kjit-init: run exit=0
[  162.720767] reboot: Power down
