k4-adv: kill9 PASS: kill9 #1: server status 137;kill9 #2: server status 137;kill9 #3: server status 137;
k4:   kill9#1: hot: 1751981 fragment entries, 0 syscalls in kernel before the event
k4:   kill9#2: hot: 1807707 fragment entries, 0 syscalls in kernel before the event
k4:   kill9#3: hot: 1814830 fragment entries, 0 syscalls in kernel before the event
k4:   kill9: in_kernel=0/428448 syscalls (0.0%) entries=7061031 chains=6639838 chain_cap=409278 translated=198 (entry_unsupported=0 compile=0 verify=0 capped=0 neg=0) invalidated=0 released=198
k4:   kill9: exits svc=0 bl=2940564 blr=370373 br=256228 ret=3493866 mem=0 unsupported=0 budget=0 invalid=0 svc_declined=0
k4:   kill9: fpsimd entries=174408 restores=0 exit_mem=0 refused_sve_sme=0
k4:   kill9: unsupported_top (word(exits/entry_stops)): 
k4-adv: sigterm PASS: TERM: server status 0;sigterm: shutdown and clean exit logged;
k4:   TERM: hot: 1798306 fragment entries, 0 syscalls in kernel before the event
k4:   sigterm: in_kernel=0/149299 syscalls (0.0%) entries=2458655 chains=2312075 chain_cap=142600 translated=66 (entry_unsupported=0 compile=0 verify=0 capped=0 neg=0) invalidated=0 released=66
k4:   sigterm: exits svc=0 bl=1023561 blr=129335 br=87516 ret=1218243 mem=0 unsupported=0 budget=0 invalid=0 svc_declined=0
k4:   sigterm: fpsimd entries=60244 restores=0 exit_mem=0 refused_sve_sme=0
k4:   sigterm: unsupported_top (word(exits/entry_stops)): 
k4-adv: sigusr1 PASS: USR1: server status 138;
k4:   USR1: hot: 1782853 fragment entries, 0 syscalls in kernel before the event
k4:   sigusr1: in_kernel=0/141665 syscalls (0.0%) entries=2332096 chains=2192966 chain_cap=135156 translated=66 (entry_unsupported=0 compile=0 verify=0 capped=0 neg=0) invalidated=0 released=66
k4:   sigusr1: exits svc=0 bl=970865 blr=123058 br=84835 ret=1153338 mem=0 unsupported=0 budget=0 invalid=0 svc_declined=0
k4:   sigusr1: fpsimd entries=57566 restores=0 exit_mem=0 refused_sve_sme=0
k4:   sigusr1: unsupported_top (word(exits/entry_stops)): 
k4-adv: stopcont PASS: stopcont: load status 0;dbsize 10045 digest a595c3aec0dfe15c636c10750e98bb92f179efe8;
k4:   stopcont: hot: 1696901 fragment entries, 0 syscalls in kernel before the event
k4:   stopcont: in_kernel=0/5703202 syscalls (0.0%) entries=96812047 chains=91114098 chain_cap=5692566 translated=66 (entry_unsupported=0 compile=0 verify=0 capped=0 neg=0) invalidated=0 released=66
k4:   stopcont: exits svc=0 bl=40479697 blr=4469061 br=2139252 ret=49724037 mem=0 unsupported=0 budget=0 invalid=0 svc_declined=0
k4:   stopcont: fpsimd entries=2111976 restores=0 exit_mem=0 refused_sve_sme=0
k4:   stopcont: unsupported_top (word(exits/entry_stops)): 
k4-adv: segfault PASS: segfault: server status 139;crashed by signal: 11, si_code: 2;Accessing address: <page-aligned>;segfault: stack trace names debugCommand: yes;segfault: core files 1;
k4:   segfault: hot: 1477924 fragment entries, 0 syscalls in kernel before the event
k4:   segfault: in_kernel=0/124690 syscalls (0.0%) entries=2020838 chains=1899929 chain_cap=116829 translated=66 (entry_unsupported=0 compile=0 verify=0 capped=0 neg=0) invalidated=0 released=66
k4:   segfault: exits svc=0 bl=846924 blr=96237 br=80153 ret=997524 mem=0 unsupported=0 budget=0 invalid=0 svc_declined=0
k4:   segfault: fpsimd entries=52877 restores=0 exit_mem=0 refused_sve_sme=0
k4:   segfault: unsupported_top (word(exits/entry_stops)): 
k4-adv: bgsave PASS: bgsave: load status 0;bgsave: before restart dbsize 10045 digest a595c3aec0dfe15c636c10750e98bb92f179efe8;bgsave: redis-check-rdb ok;bgsave: after restart dbsize 10045 digest a595c3aec0dfe15c636c10750
k4:   bgsave: hot: 1739943 fragment entries, 0 syscalls in kernel before the event
k4:   bgsave: in_kernel=0/5836617 syscalls (0.0%) entries=98969053 chains=93144078 chain_cap=5819435 translated=67 (entry_unsupported=0 compile=0 verify=0 capped=0 neg=0) invalidated=0 released=67
k4:   bgsave: exits svc=0 bl=41241042 blr=4849499 br=2139274 ret=50739238 mem=0 unsupported=0 budget=0 invalid=0 svc_declined=0
k4:   bgsave: fpsimd entries=2112000 restores=0 exit_mem=0 refused_sve_sme=0
k4:   bgsave: unsupported_top (word(exits/entry_stops)): 
k4-adv: aofrw PASS: aofrw: load status 0;aofrw: before restart dbsize 10045 digest a595c3aec0dfe15c636c10750e98bb92f179efe8;aofrw: after restart from the AOF dbsize 10045 digest a595c3aec0dfe15c636c10750e98bb92f179efe8;
k4:   aofrw: hot: 1743073 fragment entries, 0 syscalls in kernel before the event
k4:   aofrw: in_kernel=0/4974534 syscalls (0.0%) entries=84224428 chains=79264653 chain_cap=4949635 translated=109 (entry_unsupported=0 compile=0 verify=0 capped=0 neg=0) invalidated=0 released=109
k4:   aofrw: exits svc=0 bl=36439856 blr=1831391 br=2140472 ret=43812709 mem=0 unsupported=0 budget=0 invalid=0 svc_declined=0
k4:   aofrw: fpsimd entries=2386223 restores=65 exit_mem=0 refused_sve_sme=0
k4:   aofrw: unsupported_top (word(exits/entry_stops)): 
k4-adv: config PASS: config: 5 module load/unload and config set rounds ok;config: load status 0; misc module still loaded: 0;dbsize 10045 digest a595c3aec0dfe15c636c10750e98bb92f179efe8;
k4:   config: hot: 1677118 fragment entries, 0 syscalls in kernel before the event
k4:   config: in_kernel=0/5785031 syscalls (0.0%) entries=98048709 chains=92277335 chain_cap=5764996 translated=74 (entry_unsupported=0 compile=0 verify=0 capped=0 neg=0) invalidated=0 released=74
k4:   config: exits svc=0 bl=42087917 blr=2343413 br=2578320 ret=51039059 mem=0 unsupported=0 budget=0 invalid=0 svc_declined=0
k4:   config: fpsimd entries=2502536 restores=0 exit_mem=0 refused_sve_sme=0
k4:   config: unsupported_top (word(exits/entry_stops)): 
k4-adv: reload PASS: reload: 5 unloads under load; load status 0; ping PONG;dbsize 10045 digest 8630698fcae208583f0c9e6fe598b8d0226d4767;
k4:   reload: hot: 1689976 fragment entries, 0 syscalls in kernel before the event
k4:   reload: counters of the last load: syscalls_in_kernel 0 fragment_entries 121570474 exit_invalid 0 translate_verify_rejected 0 
k4-adv: maxmemory PASS: maxmemory: evicted yes;maxmemory: used within 32mb+1mb yes;maxmemory: noeviction write: OOM command not allowed when used memory;maxmemory: after lifting the limit: OK;
k4:   maxmemory: hot: 1682760 fragment entries, 0 syscalls in kernel before the event
k4:   maxmemory: in_kernel=0/1090127 syscalls (0.0%) entries=18444656 chains=17358138 chain_cap=1083580 translated=46 (entry_unsupported=0 compile=0 verify=0 capped=0 neg=0) invalidated=0 released=46
k4:   maxmemory: exits svc=0 bl=7707620 blr=858216 br=399019 ret=9479801 mem=0 unsupported=0 budget=0 invalid=0 svc_declined=0
k4:   maxmemory: fpsimd entries=398955 restores=0 exit_mem=0 refused_sve_sme=0
k4:   maxmemory: unsupported_top (word(exits/entry_stops)): 
k4-adv: ALL PASS
