[    0.000000] Booting Linux on physical CPU 0x0000000000 [0x610f0000]
[    0.000000] Linux version 7.1.0-rc1 (@6906d107117b) (Ubuntu clang version 18.1.3 (1ubuntu1), Ubuntu LLD 18.1.3) #1 SMP PREEMPT Fri Oct  2 08:37:58 UTC 2026
[    0.000000] random: crng init done
[    0.000000] Machine model: linux,dummy-virt
[    0.000000] OF: reserved mem: Reserved memory: No reserved-memory node in the DT
[    0.000000] psci: probing for conduit method from DT.
[    0.000000] psci: PSCIv1.1 detected in firmware.
[    0.000000] psci: Using standard PSCI v0.2 function IDs
[    0.000000] psci: Trusted OS migration not required
[    0.000000] psci: SMC Calling Convention v1.0
[    0.000000] Zone ranges:
[    0.000000]   Normal   [mem 0x0000000040000000-0x000000013fffffff]
[    0.000000] Movable zone start for each node
[    0.000000] Early memory node ranges
[    0.000000]   node   0: [mem 0x0000000040000000-0x000000013fffffff]
[    0.000000] Initmem setup node 0 [mem 0x0000000040000000-0x000000013fffffff]
[    0.000000] percpu: Embedded 19 pages/cpu s38488 r8192 d31144 u77824
[    0.000000] Detected PIPT I-cache on CPU0
[    0.000000] CPU features: detected: Address authentication (IMP DEF algorithm)
[    0.000000] CPU features: detected: Spectre-v4
[    0.000000] CPU features: detected: Spectre-BHB
[    0.000000] alternatives: applying boot alternatives
[    0.000000] Kernel command line: console=ttyAMA0 panic=-1 nokaslr
[    0.000000] Unknown kernel command line parameters "nokaslr", will be passed to user space.
[    0.000000] printk: log buffer data + meta data: 131072 + 458752 = 589824 bytes
[    0.000000] Dentry cache hash table entries: 524288 (order: 10, 4194304 bytes, linear)
[    0.000000] Inode-cache hash table entries: 262144 (order: 9, 2097152 bytes, linear)
[    0.000000] software IO TLB: SWIOTLB bounce buffer size adjusted to 4MB
[    0.000000] software IO TLB: area num 4.
[    0.000000] software IO TLB: mapped [mem 0x000000013ac00000-0x000000013b000000] (4MB)
[    0.000000] Built 1 zonelists, mobility grouping on.  Total pages: 1048576
[    0.000000] mem auto-init: stack:all(zero), heap alloc:off, heap free:off
[    0.000000] SLUB: HWalign=64, Order=0-3, MinObjects=0, CPUs=4, Nodes=1
[    0.000000] rcu: Preemptible hierarchical RCU implementation.
[    0.000000] rcu: 	RCU restricting CPUs from NR_CPUS=512 to nr_cpu_ids=4.
[    0.000000] rcu: RCU calculated value of scheduler-enlistment delay is 25 jiffies.
[    0.000000] rcu: Adjusting geometry for rcu_fanout_leaf=16, nr_cpu_ids=4
[    0.000000] NR_IRQS: 64, nr_irqs: 64, preallocated irqs: 0
[    0.000000] Root IRQ handler: gic_handle_irq
[    0.000000] GICv2m: range[mem 0x08020000-0x08020fff], SPI[80:143]
[    0.000000] rcu: srcu_init: Setting srcu_struct sizes based on contention.
[    0.000000] arch_timer: cp15 timer running at 24.00MHz (virt).
[    0.000000] clocksource: arch_sys_counter: mask: 0xffffffffffffff max_cycles: 0x588fe9dc0, max_idle_ns: 440795202592 ns
[    0.000000] sched_clock: 56 bits at 24MHz, resolution 41ns, wraps every 4398046511097ns
[    0.000109] Console: colour dummy device 80x25
[    0.000115] Calibrating delay loop (skipped), value calculated using timer frequency.. 48.00 BogoMIPS (lpj=96000)
[    0.000119] pid_max: default: 32768 minimum: 301
[    0.000241] Mount-cache hash table entries: 8192 (order: 4, 65536 bytes, linear)
[    0.000249] Mountpoint-cache hash table entries: 8192 (order: 4, 65536 bytes, linear)
[    0.000321] VFS: Finished mounting rootfs on nullfs
[    0.000461] cacheinfo: Unable to detect cache hierarchy for CPU 0
[    0.000566] rcu: Hierarchical SRCU implementation.
[    0.000567] rcu: 	Max phase no-delay instances is 1000.
[    0.000587] Timer migration: 1 hierarchy levels; 8 children per group; 1 crossnode level
[    0.000622] smp: Bringing up secondary CPUs ...
[    0.000817] Detected PIPT I-cache on CPU1
[    0.000888] CPU1: Booted secondary processor 0x0000000001 [0x610f0000]
[    0.001088] Detected PIPT I-cache on CPU2
[    0.001172] CPU2: Booted secondary processor 0x0000000002 [0x610f0000]
[    0.001356] Detected PIPT I-cache on CPU3
[    0.001666] CPU3: Booted secondary processor 0x0000000003 [0x610f0000]
[    0.001904] smp: Brought up 1 node, 4 CPUs
[    0.001905] SMP: Total of 4 processors activated.
[    0.001906] CPU: All CPU(s) started at EL1
[    0.001907] CPU features: detected: ARMv8.4 Translation Table Level
[    0.001907] CPU features: detected: Data cache clean to the PoU not required for I/D coherence
[    0.001907] CPU features: detected: CRC32 instructions
[    0.001908] CPU features: detected: Data independent timing control (DIT)
[    0.001908] CPU features: detected: E0PD
[    0.001909] CPU features: detected: Generic authentication (IMP DEF algorithm)
[    0.001909] CPU features: detected: RCpc load-acquire (LDAPR)
[    0.001910] CPU features: detected: LSE atomic instructions
[    0.001910] CPU features: detected: Privileged Access Never
[    0.001910] CPU features: detected: Speculation barrier (SB)
[    0.001911] CPU features: detected: TLB range maintenance instructions
[    0.001911] CPU features: detected: XNX
[    0.002078] alternatives: applying system-wide alternatives
[    0.003109] Memory: 3934216K/4194304K available (5248K kernel code, 754K rwdata, 2356K rodata, 576K init, 405K bss, 256908K reserved, 0K cma-reserved)
[    0.003454] devtmpfs: initialized
[    0.003813] clocksource: jiffies: mask: 0xffffffff max_cycles: 0xffffffff, max_idle_ns: 7645041785100000 ns
[    0.003818] posixtimers hash table entries: 2048 (order: 3, 32768 bytes, linear)
[    0.003836] futex hash table entries: 1024 (65536 bytes on 1 NUMA nodes, total 64 KiB, linear).
[    0.003845] 30384 pages in range for non-PLT usage
[    0.003846] 521904 pages in range for PLT usage
[    0.003907] NET: Registered PF_NETLINK/PF_ROUTE protocol family
[    0.004324] DMA: preallocated 512 KiB GFP_KERNEL pool for atomic allocations
[    0.004377] ASID allocator initialised with 256 entries
[    0.004385] Serial: AMBA PL011 UART driver
[    0.004814] 9000000.pl011: ttyAMA0 at MMIO 0x9000000 (irq = 13, base_baud = 0) is a PL011 rev1
[    0.005040] printk: console [ttyAMA0] enabled
[    0.009657] vgaarb: loaded
[    0.010089] clocksource: Switched to clocksource arch_sys_counter
[    0.013704] NET: Registered PF_INET protocol family
[    0.013788] IP idents hash table entries: 65536 (order: 7, 524288 bytes, linear)
[    0.014379] tcp_listen_portaddr_hash hash table entries: 2048 (order: 3, 32768 bytes, linear)
[    0.014387] Table-perturb hash table entries: 65536 (order: 6, 262144 bytes, linear)
[    0.014391] TCP established hash table entries: 32768 (order: 6, 262144 bytes, linear)
[    0.014457] TCP bind hash table entries: 32768 (order: 8, 1048576 bytes, linear)
[    0.014674] TCP: Hash tables configured (established 32768 bind 32768)
[    0.014709] UDP hash table entries: 2048 (order: 5, 131072 bytes, linear)
[    0.014752] NET: Registered PF_UNIX/PF_LOCAL protocol family
[    0.014757] PCI: CLS 0 bytes, default 64
[    0.014977] Unpacking initramfs...
[    0.022580] workingset: timestamp_bits=46 (anon: 42) max_order=20 bucket_order=0 (anon: 0)
[    0.022657] 9p: Installing v9fs 9p2000 file system support
[    0.026493] pci-host-generic 4010000000.pcie: host bridge /pcie@10000000 ranges:
[    0.026502] pci-host-generic 4010000000.pcie:       IO 0x003eff0000..0x003effffff -> 0x0000000000
[    0.026505] pci-host-generic 4010000000.pcie:      MEM 0x0010000000..0x003efeffff -> 0x0010000000
[    0.026506] pci-host-generic 4010000000.pcie:      MEM 0x8000000000..0xffffffffff -> 0x8000000000
[    0.026516] pci-host-generic 4010000000.pcie: Memory resource size exceeds max for 32 bits
[    0.026535] pci-host-generic 4010000000.pcie: ECAM at [mem 0x4010000000-0x401fffffff] for [bus 00-ff]
[    0.026564] pci-host-generic 4010000000.pcie: PCI host bridge to bus 0000:00
[    0.026566] pci_bus 0000:00: root bus resource [bus 00-ff]
[    0.026566] pci_bus 0000:00: root bus resource [io  0x0000-0xffff]
[    0.026567] pci_bus 0000:00: root bus resource [mem 0x10000000-0x3efeffff]
[    0.026568] pci_bus 0000:00: root bus resource [mem 0x8000000000-0xffffffffff]
[    0.026592] pci 0000:00:00.0: [1b36:0008] type 00 class 0x060000 conventional PCI endpoint
[    0.027191] pci 0000:00:01.0: [1af4:1000] type 00 class 0x020000 conventional PCI endpoint
[    0.027323] pci 0000:00:01.0: BAR 0 [io  0x0000-0x001f]
[    0.027328] pci 0000:00:01.0: BAR 1 [mem 0x00000000-0x00000fff]
[    0.027341] pci 0000:00:01.0: BAR 4 [mem 0x00000000-0x00003fff 64bit pref]
[    0.027353] pci 0000:00:01.0: ROM [mem 0x00000000-0x0003ffff pref]
[    0.027791] pci 0000:00:02.0: [1af4:1009] type 00 class 0x000200 conventional PCI endpoint
[    0.027940] pci 0000:00:02.0: BAR 0 [io  0x0000-0x003f]
[    0.027975] pci 0000:00:02.0: BAR 1 [mem 0x00000000-0x00000fff]
[    0.027991] pci 0000:00:02.0: BAR 4 [mem 0x00000000-0x00003fff 64bit pref]
[    0.028286] pci 0000:00:03.0: [1af4:1005] type 00 class 0x00ff00 conventional PCI endpoint
[    0.028445] pci 0000:00:03.0: BAR 0 [io  0x0000-0x001f]
[    0.028453] pci 0000:00:03.0: BAR 1 [mem 0x00000000-0x00000fff]
[    0.028461] pci 0000:00:03.0: BAR 4 [mem 0x00000000-0x00003fff 64bit pref]
[    0.029022] pci 0000:00:01.0: ROM [mem 0x10000000-0x1003ffff pref]: assigned
[    0.029118] pci 0000:00:01.0: BAR 4 [mem 0x8000000000-0x8000003fff 64bit pref]: assigned
[    0.029132] pci 0000:00:02.0: BAR 4 [mem 0x8000004000-0x8000007fff 64bit pref]: assigned
[    0.029144] pci 0000:00:03.0: BAR 4 [mem 0x8000008000-0x800000bfff 64bit pref]: assigned
[    0.029228] pci 0000:00:01.0: BAR 1 [mem 0x10040000-0x10040fff]: assigned
[    0.029243] pci 0000:00:02.0: BAR 1 [mem 0x10041000-0x10041fff]: assigned
[    0.029248] pci 0000:00:03.0: BAR 1 [mem 0x10042000-0x10042fff]: assigned
[    0.029258] pci 0000:00:02.0: BAR 0 [io  0x1000-0x103f]: assigned
[    0.029262] pci 0000:00:01.0: BAR 0 [io  0x1040-0x105f]: assigned
[    0.029290] pci 0000:00:03.0: BAR 0 [io  0x1060-0x107f]: assigned
[    0.029298] pci_bus 0000:00: resource 4 [io  0x0000-0xffff]
[    0.029299] pci_bus 0000:00: resource 5 [mem 0x10000000-0x3efeffff]
[    0.029300] pci_bus 0000:00: resource 6 [mem 0x8000000000-0xffffffffff]
[    0.030724] virtio-pci 0000:00:01.0: enabling device (0000 -> 0003)
[    0.031714] virtio-pci 0000:00:02.0: enabling device (0000 -> 0003)
[    0.032657] virtio-pci 0000:00:03.0: enabling device (0000 -> 0003)
[    0.038640] rtc-pl031 9010000.pl031: registered as rtc0
[    0.038657] rtc-pl031 9010000.pl031: setting system clock to 2026-10-08T19:49:59 UTC (1791488999)
[    0.038908] NET: Registered PF_INET6 protocol family
[    0.039327] Segment Routing with IPv6
[    0.039330] In-situ OAM (IOAM) with IPv6
[    0.039337] sit: IPv6, IPv4 and MPLS over IPv4 tunneling driver
[    0.039396] NET: Registered PF_PACKET protocol family
[    0.039402] 9pnet: Installing 9P2000 support
[    0.045288] clk: Disabling unused clocks
[    0.207535] Freeing initrd memory: 161888K
[    0.208095] Freeing unused kernel memory: 576K
[    0.208147] Run /init as init process
[    0.253520] kjit: loading out-of-tree module taints kernel.
[    0.254941] rust_kjit: ######## Rust KJIT inits ########
[    0.254962] rust_kjit: kjit: dispatch variant 0
[    0.255022] rust_kjit: golden tests/arm64/toy_cfg.s:hot_svc_mark PASS: 800 fragment bytes match harness
kjit-init: insmod kjit.ko ok
meas: variant=0
rep 0 variant=gpr enabled=0 outer=200000 calls=16 ns_per_outer=143.3 ns_per_call=8.96
rep 1 variant=gpr enabled=0 outer=200000 calls=16 ns_per_outer=145.5 ns_per_call=9.09
rep 2 variant=gpr enabled=0 outer=200000 calls=16 ns_per_outer=141.7 ns_per_call=8.86
rep 3 variant=gpr enabled=0 outer=200000 calls=16 ns_per_outer=142.4 ns_per_call=8.90
rep 4 variant=gpr enabled=0 outer=200000 calls=16 ns_per_outer=146.3 ns_per_call=9.14
rep 5 variant=gpr enabled=0 outer=200000 calls=16 ns_per_outer=142.7 ns_per_call=8.92
rep 6 variant=gpr enabled=0 outer=200000 calls=16 ns_per_outer=142.4 ns_per_call=8.90
result variant=gpr enabled=0 outer=200000 calls=16 reps=7 median_ns_per_outer=142.7 median_ns_per_call=8.92 min_ns_per_call=8.86 acc=25600000
[    0.510299] kjit: translate_svc_sites pid 70: 2 text ranges, 111 svc sites
[    0.510686] rust_kjit: kjit: pc 0x400fe8: installed 488 bytes, 0 fault sites, 2 entries, text 0x400fe8..0x400ff0, fpsimd false
[    0.511248] rust_kjit: kjit: pc 0x400fcc: installed 1016 bytes, 1 fault sites, 11 entries, text 0x400fbc..0x400fe8, fpsimd false
rep 0 variant=gpr enabled=1 outer=20000 calls=16 ns_per_outer=143.3 ns_per_call=8.95
rep 1 variant=gpr enabled=1 outer=20000 calls=16 ns_per_outer=153.4 ns_per_call=9.59
rep 2 variant=gpr enabled=1 outer=20000 calls=16 ns_per_outer=147.1 ns_per_call=9.19
rep 3 variant=gpr enabled=1 outer=20000 calls=16 ns_per_outer=152.2 ns_per_call=9.51
rep 4 variant=gpr enabled=1 outer=20000 calls=16 ns_per_outer=150.1 ns_per_call=9.38
rep 5 variant=gpr enabled=1 outer=20000 calls=16 ns_per_outer=150.7 ns_per_call=9.42
rep 6 variant=gpr enabled=1 outer=20000 calls=16 ns_per_outer=150.9 ns_per_call=9.43
result variant=gpr enabled=1 outer=20000 calls=16 reps=7 median_ns_per_outer=150.7 median_ns_per_call=9.42 min_ns_per_call=8.95 acc=2560000
counters variant=gpr timed_outer=140000 hook_calls=140045 syscalls_in_kernel=139965 fragment_entries=140045 fpsimd_entries=1 fpsimd_restores=0 chains=0 chain_cap=0 exit_svc=139965 exit_bl=0 exit_blr=0 exit_br=0 exit_ret=80 exit_mem=0 exit_unsupported=0 exit_budget=0 run_declined=0
rep 0 variant=fp enabled=0 outer=200000 calls=16 ns_per_outer=179.0 ns_per_call=11.19
rep 1 variant=fp enabled=0 outer=200000 calls=16 ns_per_outer=179.9 ns_per_call=11.24
rep 2 variant=fp enabled=0 outer=200000 calls=16 ns_per_outer=177.4 ns_per_call=11.09
rep 3 variant=fp enabled=0 outer=200000 calls=16 ns_per_outer=184.2 ns_per_call=11.51
rep 4 variant=fp enabled=0 outer=200000 calls=16 ns_per_outer=180.6 ns_per_call=11.28
rep 5 variant=fp enabled=0 outer=200000 calls=16 ns_per_outer=177.6 ns_per_call=11.10
rep 6 variant=fp enabled=0 outer=200000 calls=16 ns_per_outer=177.9 ns_per_call=11.12
result variant=fp enabled=0 outer=200000 calls=16 reps=7 median_ns_per_outer=179.0 median_ns_per_call=11.19 min_ns_per_call=11.09 acc=25600000
[    0.863588] kjit: translate_svc_sites pid 75: 2 text ranges, 111 svc sites
[    0.863979] rust_kjit: kjit: pc 0x401028: installed 496 bytes, 0 fault sites, 4 entries, text 0x401028..0x401038, fpsimd true
[    0.864479] rust_kjit: kjit: pc 0x40100c: installed 1016 bytes, 1 fault sites, 11 entries, text 0x400ffc..0x401028, fpsimd false
rep 0 variant=fp enabled=1 outer=20000 calls=16 ns_per_outer=211.0 ns_per_call=13.19
rep 1 variant=fp enabled=1 outer=20000 calls=16 ns_per_outer=213.4 ns_per_call=13.34
rep 2 variant=fp enabled=1 outer=20000 calls=16 ns_per_outer=214.3 ns_per_call=13.39
rep 3 variant=fp enabled=1 outer=20000 calls=16 ns_per_outer=218.7 ns_per_call=13.67
rep 4 variant=fp enabled=1 outer=20000 calls=16 ns_per_outer=216.5 ns_per_call=13.53
rep 5 variant=fp enabled=1 outer=20000 calls=16 ns_per_outer=217.4 ns_per_call=13.59
rep 6 variant=fp enabled=1 outer=20000 calls=16 ns_per_outer=210.1 ns_per_call=13.13
result variant=fp enabled=1 outer=20000 calls=16 reps=7 median_ns_per_outer=214.3 median_ns_per_call=13.39 min_ns_per_call=13.13 acc=2560000
counters variant=fp timed_outer=140000 hook_calls=140045 syscalls_in_kernel=139965 fragment_entries=280017 fpsimd_entries=139973 fpsimd_restores=0 chains=139972 chain_cap=0 exit_svc=139965 exit_bl=139972 exit_blr=0 exit_br=0 exit_ret=80 exit_mem=0 exit_unsupported=0 exit_budget=0 run_declined=0
rep 0 variant=gpr enabled=0 outer=200000 calls=128 ns_per_outer=262.6 ns_per_call=2.05
rep 1 variant=gpr enabled=0 outer=200000 calls=128 ns_per_outer=257.5 ns_per_call=2.01
rep 2 variant=gpr enabled=0 outer=200000 calls=128 ns_per_outer=255.9 ns_per_call=2.00
rep 3 variant=gpr enabled=0 outer=200000 calls=128 ns_per_outer=253.6 ns_per_call=1.98
rep 4 variant=gpr enabled=0 outer=200000 calls=128 ns_per_outer=257.5 ns_per_call=2.01
rep 5 variant=gpr enabled=0 outer=200000 calls=128 ns_per_outer=260.5 ns_per_call=2.04
rep 6 variant=gpr enabled=0 outer=200000 calls=128 ns_per_outer=258.2 ns_per_call=2.02
result variant=gpr enabled=0 outer=200000 calls=128 reps=7 median_ns_per_outer=257.5 median_ns_per_call=2.01 min_ns_per_call=1.98 acc=204800000
[    1.355813] kjit: translate_svc_sites pid 77: 2 text ranges, 111 svc sites
[    1.356194] rust_kjit: kjit: pc 0x400fe8: installed 488 bytes, 0 fault sites, 2 entries, text 0x400fe8..0x400ff0, fpsimd false
[    1.356898] rust_kjit: kjit: pc 0x400fcc: installed 1016 bytes, 1 fault sites, 11 entries, text 0x400fbc..0x400fe8, fpsimd false
rep 0 variant=gpr enabled=1 outer=20000 calls=128 ns_per_outer=879.9 ns_per_call=6.87
rep 1 variant=gpr enabled=1 outer=20000 calls=128 ns_per_outer=902.6 ns_per_call=7.05
rep 2 variant=gpr enabled=1 outer=20000 calls=128 ns_per_outer=877.6 ns_per_call=6.86
rep 3 variant=gpr enabled=1 outer=20000 calls=128 ns_per_outer=876.1 ns_per_call=6.84
rep 4 variant=gpr enabled=1 outer=20000 calls=128 ns_per_outer=882.7 ns_per_call=6.90
rep 5 variant=gpr enabled=1 outer=20000 calls=128 ns_per_outer=867.0 ns_per_call=6.77
rep 6 variant=gpr enabled=1 outer=20000 calls=128 ns_per_outer=874.6 ns_per_call=6.83
result variant=gpr enabled=1 outer=20000 calls=128 reps=7 median_ns_per_outer=877.6 median_ns_per_call=6.86 min_ns_per_call=6.77 acc=20480000
counters variant=gpr timed_outer=140000 hook_calls=140045 syscalls_in_kernel=139965 fragment_entries=140045 fpsimd_entries=1 fpsimd_restores=0 chains=0 chain_cap=0 exit_svc=139965 exit_bl=0 exit_blr=0 exit_br=0 exit_ret=80 exit_mem=0 exit_unsupported=0 exit_budget=0 run_declined=0
rep 0 variant=fp enabled=0 outer=200000 calls=128 ns_per_outer=554.0 ns_per_call=4.33
rep 1 variant=fp enabled=0 outer=200000 calls=128 ns_per_outer=539.5 ns_per_call=4.21
rep 2 variant=fp enabled=0 outer=200000 calls=128 ns_per_outer=683.0 ns_per_call=5.34
rep 3 variant=fp enabled=0 outer=200000 calls=128 ns_per_outer=562.9 ns_per_call=4.40
rep 4 variant=fp enabled=0 outer=200000 calls=128 ns_per_outer=629.2 ns_per_call=4.92
rep 5 variant=fp enabled=0 outer=200000 calls=128 ns_per_outer=543.3 ns_per_call=4.24
rep 6 variant=fp enabled=0 outer=200000 calls=128 ns_per_outer=539.9 ns_per_call=4.22
result variant=fp enabled=0 outer=200000 calls=128 reps=7 median_ns_per_outer=554.0 median_ns_per_call=4.33 min_ns_per_call=4.21 acc=204800000
[    2.456832] kjit: translate_svc_sites pid 79: 2 text ranges, 111 svc sites
[    2.457704] rust_kjit: kjit: pc 0x401028: installed 496 bytes, 0 fault sites, 4 entries, text 0x401028..0x401038, fpsimd true
[    2.458596] rust_kjit: kjit: pc 0x40100c: installed 1016 bytes, 1 fault sites, 11 entries, text 0x400ffc..0x401028, fpsimd false
rep 0 variant=fp enabled=1 outer=20000 calls=128 ns_per_outer=939.4 ns_per_call=7.34
rep 1 variant=fp enabled=1 outer=20000 calls=128 ns_per_outer=1056.8 ns_per_call=8.26
rep 2 variant=fp enabled=1 outer=20000 calls=128 ns_per_outer=983.9 ns_per_call=7.69
rep 3 variant=fp enabled=1 outer=20000 calls=128 ns_per_outer=927.8 ns_per_call=7.25
rep 4 variant=fp enabled=1 outer=20000 calls=128 ns_per_outer=923.0 ns_per_call=7.21
rep 5 variant=fp enabled=1 outer=20000 calls=128 ns_per_outer=941.1 ns_per_call=7.35
rep 6 variant=fp enabled=1 outer=20000 calls=128 ns_per_outer=976.5 ns_per_call=7.63
result variant=fp enabled=1 outer=20000 calls=128 reps=7 median_ns_per_outer=941.1 median_ns_per_call=7.35 min_ns_per_call=7.21 acc=20480000
counters variant=fp timed_outer=140000 hook_calls=140045 syscalls_in_kernel=139965 fragment_entries=280017 fpsimd_entries=139973 fpsimd_restores=0 chains=139972 chain_cap=0 exit_svc=139965 exit_bl=139972 exit_blr=0 exit_br=0 exit_ret=80 exit_mem=0 exit_unsupported=0 exit_budget=0 run_declined=0
rep 0 variant=gpr enabled=0 outer=200000 calls=256 ns_per_outer=383.1 ns_per_call=1.50
rep 1 variant=gpr enabled=0 outer=200000 calls=256 ns_per_outer=382.1 ns_per_call=1.49
rep 2 variant=gpr enabled=0 outer=200000 calls=256 ns_per_outer=387.3 ns_per_call=1.51
rep 3 variant=gpr enabled=0 outer=200000 calls=256 ns_per_outer=383.1 ns_per_call=1.50
rep 4 variant=gpr enabled=0 outer=200000 calls=256 ns_per_outer=400.4 ns_per_call=1.56
rep 5 variant=gpr enabled=0 outer=200000 calls=256 ns_per_outer=434.7 ns_per_call=1.70
rep 6 variant=gpr enabled=0 outer=200000 calls=256 ns_per_outer=402.0 ns_per_call=1.57
result variant=gpr enabled=0 outer=200000 calls=256 reps=7 median_ns_per_outer=387.3 median_ns_per_call=1.51 min_ns_per_call=1.49 acc=409600000
[    3.283073] kjit: translate_svc_sites pid 81: 2 text ranges, 111 svc sites
[    3.283433] rust_kjit: kjit: pc 0x400fe8: installed 488 bytes, 0 fault sites, 2 entries, text 0x400fe8..0x400ff0, fpsimd false
[    3.284032] rust_kjit: kjit: pc 0x400fcc: installed 1016 bytes, 1 fault sites, 11 entries, text 0x400fbc..0x400fe8, fpsimd false
rep 0 variant=gpr enabled=1 outer=20000 calls=256 ns_per_outer=1672.1 ns_per_call=6.53
rep 1 variant=gpr enabled=1 outer=20000 calls=256 ns_per_outer=1649.3 ns_per_call=6.44
rep 2 variant=gpr enabled=1 outer=20000 calls=256 ns_per_outer=1652.7 ns_per_call=6.46
rep 3 variant=gpr enabled=1 outer=20000 calls=256 ns_per_outer=1688.2 ns_per_call=6.59
rep 4 variant=gpr enabled=1 outer=20000 calls=256 ns_per_outer=1643.6 ns_per_call=6.42
rep 5 variant=gpr enabled=1 outer=20000 calls=256 ns_per_outer=1679.5 ns_per_call=6.56
rep 6 variant=gpr enabled=1 outer=20000 calls=256 ns_per_outer=1677.6 ns_per_call=6.55
result variant=gpr enabled=1 outer=20000 calls=256 reps=7 median_ns_per_outer=1672.1 median_ns_per_call=6.53 min_ns_per_call=6.42 acc=40960000
counters variant=gpr timed_outer=140000 hook_calls=140045 syscalls_in_kernel=139965 fragment_entries=140045 fpsimd_entries=1 fpsimd_restores=0 chains=0 chain_cap=0 exit_svc=139965 exit_bl=0 exit_blr=0 exit_br=0 exit_ret=80 exit_mem=0 exit_unsupported=0 exit_budget=0 run_declined=0
rep 0 variant=fp enabled=0 outer=200000 calls=256 ns_per_outer=996.6 ns_per_call=3.89
rep 1 variant=fp enabled=0 outer=200000 calls=256 ns_per_outer=986.4 ns_per_call=3.85
rep 2 variant=fp enabled=0 outer=200000 calls=256 ns_per_outer=987.9 ns_per_call=3.86
rep 3 variant=fp enabled=0 outer=200000 calls=256 ns_per_outer=980.5 ns_per_call=3.83
rep 4 variant=fp enabled=0 outer=200000 calls=256 ns_per_outer=1000.8 ns_per_call=3.91
rep 5 variant=fp enabled=0 outer=200000 calls=256 ns_per_outer=968.8 ns_per_call=3.78
rep 6 variant=fp enabled=0 outer=200000 calls=256 ns_per_outer=957.1 ns_per_call=3.74
result variant=fp enabled=0 outer=200000 calls=256 reps=7 median_ns_per_outer=986.4 median_ns_per_call=3.85 min_ns_per_call=3.74 acc=409600000
[    5.162338] kjit: translate_svc_sites pid 83: 2 text ranges, 111 svc sites
[    5.162722] rust_kjit: kjit: pc 0x401028: installed 496 bytes, 0 fault sites, 4 entries, text 0x401028..0x401038, fpsimd true
[    5.163292] rust_kjit: kjit: pc 0x40100c: installed 1016 bytes, 1 fault sites, 11 entries, text 0x400ffc..0x401028, fpsimd false
rep 0 variant=fp enabled=1 outer=20000 calls=256 ns_per_outer=1724.3 ns_per_call=6.74
rep 1 variant=fp enabled=1 outer=20000 calls=256 ns_per_outer=1740.6 ns_per_call=6.80
rep 2 variant=fp enabled=1 outer=20000 calls=256 ns_per_outer=1732.6 ns_per_call=6.77
rep 3 variant=fp enabled=1 outer=20000 calls=256 ns_per_outer=1733.7 ns_per_call=6.77
rep 4 variant=fp enabled=1 outer=20000 calls=256 ns_per_outer=1736.3 ns_per_call=6.78
rep 5 variant=fp enabled=1 outer=20000 calls=256 ns_per_outer=1760.8 ns_per_call=6.88
rep 6 variant=fp enabled=1 outer=20000 calls=256 ns_per_outer=1777.2 ns_per_call=6.94
result variant=fp enabled=1 outer=20000 calls=256 reps=7 median_ns_per_outer=1736.3 median_ns_per_call=6.78 min_ns_per_call=6.74 acc=40960000
counters variant=fp timed_outer=140000 hook_calls=140045 syscalls_in_kernel=139965 fragment_entries=280017 fpsimd_entries=139973 fpsimd_restores=0 chains=139972 chain_cap=0 exit_svc=139965 exit_bl=139972 exit_blr=0 exit_br=0 exit_ret=80 exit_mem=0 exit_unsupported=0 exit_budget=0 run_declined=0
a11: ibtc_variant=0
a11: warm-up at off
a11maps aaaad89a0000-aaaad8bf0000 r-xp 00000000 00:03 4263                       /opt/redis/src/redis-server
a11maps aaaad8bf9000-aaaad8c00000 r--p 00259000 00:03 4263                       /opt/redis/src/redis-server
a11maps aaaad8c00000-aaaad8c59000 rw-p 00260000 00:03 4263                       /opt/redis/src/redis-server
a11maps aaaad8c59000-aaaad8e8c000 rw-p 00000000 00:00 0 
a11maps aaab049c2000-aaab049e3000 rw-p 00000000 00:00 0                          [heap]
a11maps ffffb0f40000-ffffb11c0000 rw-p 00000000 00:00 0 
a11maps ffffb11c0000-ffffb11d0000 ---p 00000000 00:00 0 
a11maps ffffb11d0000-ffffb19d0000 rw-p 00000000 00:00 0 
a11maps ffffb19d0000-ffffb19e0000 ---p 00000000 00:00 0 
a11maps ffffb19e0000-ffffb21e0000 rw-p 00000000 00:00 0 
a11maps ffffb21e0000-ffffb21f0000 ---p 00000000 00:00 0 
a11maps ffffb21f0000-ffffb29f0000 rw-p 00000000 00:00 0 
a11maps ffffb29f0000-ffffb2a00000 ---p 00000000 00:00 0 
a11maps ffffb2a00000-ffffb3200000 rw-p 00000000 00:00 0 
a11maps ffffb3200000-ffffb3a00000 rw-p 00000000 00:00 0 
a11maps ffffb3ba0000-ffffb3d2c000 r-xp 00000000 00:03 816                        /usr/lib/aarch64-linux-gnu/libc.so.6
a11maps ffffb3d2c000-ffffb3d3c000 ---p 0018c000 00:03 816                        /usr/lib/aarch64-linux-gnu/libc.so.6
a11maps ffffb3d3c000-ffffb3d40000 r--p 0018c000 00:03 816                        /usr/lib/aarch64-linux-gnu/libc.so.6
a11maps ffffb3d40000-ffffb3d42000 rw-p 00190000 00:03 816                        /usr/lib/aarch64-linux-gnu/libc.so.6
a11maps ffffb3d42000-ffffb3d4f000 rw-p 00000000 00:00 0 
a11maps ffffb3d50000-ffffb3dd2000 r-xp 00000000 00:03 863                        /usr/lib/aarch64-linux-gnu/libm.so.6
a11maps ffffb3dd2000-ffffb3def000 ---p 00082000 00:03 863                        /usr/lib/aarch64-linux-gnu/libm.so.6
a11maps ffffb3def000-ffffb3df0000 r--p 0008f000 00:03 863                        /usr/lib/aarch64-linux-gnu/libm.so.6
a11maps ffffb3df0000-ffffb3df1000 rw-p 00090000 00:03 863                        /usr/lib/aarch64-linux-gnu/libm.so.6
a11maps ffffb3dff000-ffffb3e26000 r-xp 00000000 00:03 796                        /usr/lib/aarch64-linux-gnu/ld-linux-aarch64.so.1
a11maps ffffb3e30000-ffffb3e34000 rw-p 00000000 00:00 0 
a11maps ffffb3e36000-ffffb3e38000 rw-p 00000000 00:00 0 
a11maps ffffb3e38000-ffffb3e3c000 r--p 00000000 00:00 0                          [vvar]
a11maps ffffb3e3c000-ffffb3e3d000 r-xp 00000000 00:00 0                          [vdso]
a11maps ffffb3e3d000-ffffb3e3f000 r--p 0002e000 00:03 796                        /usr/lib/aarch64-linux-gnu/ld-linux-aarch64.so.1
a11maps ffffb3e3f000-ffffb3e41000 rw-p 00030000 00:03 796                        /usr/lib/aarch64-linux-gnu/ld-linux-aarch64.so.1
a11maps ffffe2e55000-ffffe2e76000 rw-p 00000000 00:00 0                          [stack]
a11 point=off pass=1 test=set requests=200000 rps=193610.84 hook_calls=0 syscalls_in_kernel=0 fragment_entries=0 fpsimd_entries=0 fpsimd_restores=0 chains=0 chain_cap=0 exit_svc=0 exit_bl=0 exit_blr=0 exit_br=0 exit_ret=0 exit_mem=0 exit_unsupported=0 exit_budget=0 run_declined=0 ibtc_insert=0 ibtc_replace=0 ibtc_clear=0 ibtc_fpsimd_boundary=0 ibtc_miss_cold=0 ibtc_miss_conflict=0 ibtc_miss_other=0 fpsimd_run_max_ns=1643375 miss_residual=0
a11slots point=off pass=1 test=set # table all conflicts 0 slots 0 top32 0
a11slots point=off pass=1 test=set # table nofp conflicts 0 slots 0 top32 0
a11 point=off pass=1 test=get requests=200000 rps=224971.88 hook_calls=0 syscalls_in_kernel=0 fragment_entries=0 fpsimd_entries=0 fpsimd_restores=0 chains=0 chain_cap=0 exit_svc=0 exit_bl=0 exit_blr=0 exit_br=0 exit_ret=0 exit_mem=0 exit_unsupported=0 exit_budget=0 run_declined=0 ibtc_insert=0 ibtc_replace=0 ibtc_clear=0 ibtc_fpsimd_boundary=0 ibtc_miss_cold=0 ibtc_miss_conflict=0 ibtc_miss_other=0 fpsimd_run_max_ns=1643375 miss_residual=0
a11slots point=off pass=1 test=get # table all conflicts 0 slots 0 top32 0
a11slots point=off pass=1 test=get # table nofp conflicts 0 slots 0 top32 0
a11 point=1024 pass=1 test=set requests=200000 rps=99453.02 hook_calls=408902 syscalls_in_kernel=384559 fragment_entries=5531931 fpsimd_entries=1547118 fpsimd_restores=0 chains=5123846 chain_cap=0 exit_svc=384559 exit_bl=1972285 exit_blr=203922 exit_br=980367 exit_ret=1985351 exit_mem=1 exit_unsupported=5446 exit_budget=0 run_declined=15 ibtc_insert=7153466 ibtc_replace=7152966 ibtc_clear=0 ibtc_fpsimd_boundary=1547113 ibtc_miss_cold=0 ibtc_miss_conflict=0 ibtc_miss_other=0 fpsimd_run_max_ns=1643375 miss_residual=3594812
a11slots point=1024 pass=1 test=set # table all conflicts 0 slots 0 top32 0
a11slots point=1024 pass=1 test=set # table nofp conflicts 0 slots 0 top32 0
a11 point=1024 pass=1 test=get requests=200000 rps=130463.15 hook_calls=408792 syscalls_in_kernel=398635 fragment_entries=3148154 fpsimd_entries=1004920 fpsimd_restores=0 chains=2739918 chain_cap=0 exit_svc=398635 exit_bl=1060558 exit_blr=206390 exit_br=607512 exit_ret=867295 exit_mem=0 exit_unsupported=7764 exit_budget=0 run_declined=18 ibtc_insert=3469999 ibtc_replace=3469969 ibtc_clear=0 ibtc_fpsimd_boundary=1004918 ibtc_miss_cold=0 ibtc_miss_conflict=0 ibtc_miss_other=0 fpsimd_run_max_ns=1643375 miss_residual=1736837
a11slots point=1024 pass=1 test=get # table all conflicts 0 slots 0 top32 0
a11slots point=1024 pass=1 test=get # table nofp conflicts 0 slots 0 top32 0
a11 point=off pass=2 test=set requests=200000 rps=215517.25 hook_calls=0 syscalls_in_kernel=0 fragment_entries=0 fpsimd_entries=0 fpsimd_restores=0 chains=0 chain_cap=0 exit_svc=0 exit_bl=0 exit_blr=0 exit_br=0 exit_ret=0 exit_mem=0 exit_unsupported=0 exit_budget=0 run_declined=0 ibtc_insert=0 ibtc_replace=0 ibtc_clear=0 ibtc_fpsimd_boundary=0 ibtc_miss_cold=0 ibtc_miss_conflict=0 ibtc_miss_other=0 fpsimd_run_max_ns=1643375 miss_residual=0
a11slots point=off pass=2 test=set # table all conflicts 0 slots 0 top32 0
a11slots point=off pass=2 test=set # table nofp conflicts 0 slots 0 top32 0
a11 point=off pass=2 test=get requests=200000 rps=220994.48 hook_calls=0 syscalls_in_kernel=0 fragment_entries=0 fpsimd_entries=0 fpsimd_restores=0 chains=0 chain_cap=0 exit_svc=0 exit_bl=0 exit_blr=0 exit_br=0 exit_ret=0 exit_mem=0 exit_unsupported=0 exit_budget=0 run_declined=0 ibtc_insert=0 ibtc_replace=0 ibtc_clear=0 ibtc_fpsimd_boundary=0 ibtc_miss_cold=0 ibtc_miss_conflict=0 ibtc_miss_other=0 fpsimd_run_max_ns=1643375 miss_residual=0
a11slots point=off pass=2 test=get # table all conflicts 0 slots 0 top32 0
a11slots point=off pass=2 test=get # table nofp conflicts 0 slots 0 top32 0
a11 point=1024 pass=2 test=set requests=200000 rps=106609.80 hook_calls=408651 syscalls_in_kernel=399643 fragment_entries=5746130 fpsimd_entries=1605252 fpsimd_restores=0 chains=5338038 chain_cap=0 exit_svc=399644 exit_bl=2043550 exit_blr=214978 exit_br=1006424 exit_ret=2073887 exit_mem=0 exit_unsupported=7647 exit_budget=0 run_declined=13 ibtc_insert=7465572 ibtc_replace=7465572 ibtc_clear=0 ibtc_fpsimd_boundary=1605252 ibtc_miss_cold=0 ibtc_miss_conflict=0 ibtc_miss_other=0 fpsimd_run_max_ns=1643375 miss_residual=3733587
a11slots point=1024 pass=2 test=set # table all conflicts 0 slots 0 top32 0
a11slots point=1024 pass=2 test=set # table nofp conflicts 0 slots 0 top32 0
a11 point=1024 pass=2 test=get requests=200000 rps=128617.37 hook_calls=408811 syscalls_in_kernel=399742 fragment_entries=3156420 fpsimd_entries=1007277 fpsimd_restores=0 chains=2748169 chain_cap=0 exit_svc=399742 exit_bl=1062930 exit_blr=207630 exit_br=607796 exit_ret=870475 exit_mem=10 exit_unsupported=7837 exit_budget=0 run_declined=21 ibtc_insert=3481784 ibtc_replace=3481784 ibtc_clear=0 ibtc_fpsimd_boundary=1007277 ibtc_miss_cold=0 ibtc_miss_conflict=0 ibtc_miss_other=0 fpsimd_run_max_ns=1643375 miss_residual=1741554
a11slots point=1024 pass=2 test=get # table all conflicts 0 slots 0 top32 0
a11slots point=1024 pass=2 test=get # table nofp conflicts 0 slots 0 top32 0
a11 point=off pass=3 test=set requests=200000 rps=195312.48 hook_calls=0 syscalls_in_kernel=0 fragment_entries=0 fpsimd_entries=0 fpsimd_restores=0 chains=0 chain_cap=0 exit_svc=0 exit_bl=0 exit_blr=0 exit_br=0 exit_ret=0 exit_mem=0 exit_unsupported=0 exit_budget=0 run_declined=0 ibtc_insert=0 ibtc_replace=0 ibtc_clear=0 ibtc_fpsimd_boundary=0 ibtc_miss_cold=0 ibtc_miss_conflict=0 ibtc_miss_other=0 fpsimd_run_max_ns=1643375 miss_residual=0
a11slots point=off pass=3 test=set # table all conflicts 0 slots 0 top32 0
a11slots point=off pass=3 test=set # table nofp conflicts 0 slots 0 top32 0
a11 point=off pass=3 test=get requests=200000 rps=165975.09 hook_calls=0 syscalls_in_kernel=0 fragment_entries=0 fpsimd_entries=0 fpsimd_restores=0 chains=0 chain_cap=0 exit_svc=0 exit_bl=0 exit_blr=0 exit_br=0 exit_ret=0 exit_mem=0 exit_unsupported=0 exit_budget=0 run_declined=0 ibtc_insert=0 ibtc_replace=0 ibtc_clear=0 ibtc_fpsimd_boundary=0 ibtc_miss_cold=0 ibtc_miss_conflict=0 ibtc_miss_other=0 fpsimd_run_max_ns=1643375 miss_residual=0
a11slots point=off pass=3 test=get # table all conflicts 0 slots 0 top32 0
a11slots point=off pass=3 test=get # table nofp conflicts 0 slots 0 top32 0
a11 point=1024 pass=3 test=set requests=200000 rps=96993.21 hook_calls=408738 syscalls_in_kernel=399612 fragment_entries=5747118 fpsimd_entries=1605198 fpsimd_restores=0 chains=5338942 chain_cap=0 exit_svc=399612 exit_bl=2043868 exit_blr=215089 exit_br=1006451 exit_ret=2074371 exit_mem=9 exit_unsupported=7718 exit_budget=0 run_declined=14 ibtc_insert=7467488 ibtc_replace=7467488 ibtc_clear=0 ibtc_fpsimd_boundary=1605198 ibtc_miss_cold=0 ibtc_miss_conflict=0 ibtc_miss_other=0 fpsimd_run_max_ns=1643375 miss_residual=3734581
a11slots point=1024 pass=3 test=set # table all conflicts 0 slots 0 top32 0
a11slots point=1024 pass=3 test=set # table nofp conflicts 0 slots 0 top32 0
a11 point=1024 pass=3 test=get requests=200000 rps=124843.95 hook_calls=408950 syscalls_in_kernel=399665 fragment_entries=3158289 fpsimd_entries=1007167 fpsimd_restores=0 chains=2749901 chain_cap=0 exit_svc=399665 exit_bl=1063804 exit_blr=207667 exit_br=607866 exit_ret=871322 exit_mem=5 exit_unsupported=7960 exit_budget=0 run_declined=24 ibtc_insert=3485468 ibtc_replace=3485468 ibtc_clear=0 ibtc_fpsimd_boundary=1007167 ibtc_miss_cold=0 ibtc_miss_conflict=0 ibtc_miss_other=0 fpsimd_run_max_ns=2726541 miss_residual=1743492
a11slots point=1024 pass=3 test=get # table all conflicts 0 slots 0 top32 0
a11slots point=1024 pass=3 test=get # table nofp conflicts 0 slots 0 top32 0
a11maps-end aaaad89a0000-aaaad8bf0000 r-xp 00000000 00:03 4263                       /opt/redis/src/redis-server
a11maps-end aaaad8bf9000-aaaad8c00000 r--p 00259000 00:03 4263                       /opt/redis/src/redis-server
a11maps-end aaaad8c00000-aaaad8c59000 rw-p 00260000 00:03 4263                       /opt/redis/src/redis-server
a11maps-end aaaad8c59000-aaaad8e8c000 rw-p 00000000 00:00 0 
a11maps-end aaab049c2000-aaab049e3000 rw-p 00000000 00:00 0                          [heap]
a11maps-end ffffb0f40000-ffffb11c0000 rw-p 00000000 00:00 0 
a11maps-end ffffb11c0000-ffffb11d0000 ---p 00000000 00:00 0 
a11maps-end ffffb11d0000-ffffb19d0000 rw-p 00000000 00:00 0 
a11maps-end ffffb19d0000-ffffb19e0000 ---p 00000000 00:00 0 
a11maps-end ffffb19e0000-ffffb21e0000 rw-p 00000000 00:00 0 
a11maps-end ffffb21e0000-ffffb21f0000 ---p 00000000 00:00 0 
a11maps-end ffffb21f0000-ffffb29f0000 rw-p 00000000 00:00 0 
a11maps-end ffffb29f0000-ffffb2a00000 ---p 00000000 00:00 0 
a11maps-end ffffb2a00000-ffffb3200000 rw-p 00000000 00:00 0 
a11maps-end ffffb3200000-ffffb3a00000 rw-p 00000000 00:00 0 
a11maps-end ffffb3ba0000-ffffb3d2c000 r-xp 00000000 00:03 816                        /usr/lib/aarch64-linux-gnu/libc.so.6
a11maps-end ffffb3d2c000-ffffb3d3c000 ---p 0018c000 00:03 816                        /usr/lib/aarch64-linux-gnu/libc.so.6
a11maps-end ffffb3d3c000-ffffb3d40000 r--p 0018c000 00:03 816                        /usr/lib/aarch64-linux-gnu/libc.so.6
a11maps-end ffffb3d40000-ffffb3d42000 rw-p 00190000 00:03 816                        /usr/lib/aarch64-linux-gnu/libc.so.6
a11maps-end ffffb3d42000-ffffb3d4f000 rw-p 00000000 00:00 0 
a11maps-end ffffb3d50000-ffffb3dd2000 r-xp 00000000 00:03 863                        /usr/lib/aarch64-linux-gnu/libm.so.6
a11maps-end ffffb3dd2000-ffffb3def000 ---p 00082000 00:03 863                        /usr/lib/aarch64-linux-gnu/libm.so.6
a11maps-end ffffb3def000-ffffb3df0000 r--p 0008f000 00:03 863                        /usr/lib/aarch64-linux-gnu/libm.so.6
a11maps-end ffffb3df0000-ffffb3df1000 rw-p 00090000 00:03 863                        /usr/lib/aarch64-linux-gnu/libm.so.6
a11maps-end ffffb3dff000-ffffb3e26000 r-xp 00000000 00:03 796                        /usr/lib/aarch64-linux-gnu/ld-linux-aarch64.so.1
a11maps-end ffffb3e30000-ffffb3e34000 rw-p 00000000 00:00 0 
a11maps-end ffffb3e36000-ffffb3e38000 rw-p 00000000 00:00 0 
a11maps-end ffffb3e38000-ffffb3e3c000 r--p 00000000 00:00 0                          [vvar]
a11maps-end ffffb3e3c000-ffffb3e3d000 r-xp 00000000 00:00 0                          [vdso]
a11maps-end ffffb3e3d000-ffffb3e3f000 r--p 0002e000 00:03 796                        /usr/lib/aarch64-linux-gnu/ld-linux-aarch64.so.1
a11maps-end ffffb3e3f000-ffffb3e41000 rw-p 00030000 00:03 796                        /usr/lib/aarch64-linux-gnu/ld-linux-aarch64.so.1
a11maps-end ffffe2e55000-ffffe2e76000 rw-p 00000000 00:00 0                          [stack]
a11: done
[   38.332070] kjit: 0 of 294 translation requests still queued at unload (freed by the kernel)
[   38.346268] rust_kjit: ######## Rust KJIT exits ########
kjit-init: rmmod kjit ok
kjit-init: run exit=0
[   38.377662] reboot: Power down
