[    0.000000] Booting Linux on physical CPU 0x0000000000 [0x610f0000]
[    0.000000] Linux version 7.1.0-rc1 (@6906d107117b) (Ubuntu clang version 18.1.3 (1ubuntu1), Ubuntu LLD 18.1.3) #1 SMP PREEMPT Fri Oct  2 08:37:58 UTC 2026
[    0.000000] random: crng init done
[    0.000000] Machine model: linux,dummy-virt
[    0.000000] OF: reserved mem: Reserved memory: No reserved-memory node in the DT
[    0.000000] psci: probing for conduit method from DT.
[    0.000000] psci: PSCIv1.1 detected in firmware.
[    0.000000] psci: Using standard PSCI v0.2 function IDs
[    0.000000] psci: Trusted OS migration not required
[    0.000000] psci: SMC Calling Convention v1.0
[    0.000000] Zone ranges:
[    0.000000]   Normal   [mem 0x0000000040000000-0x000000013fffffff]
[    0.000000] Movable zone start for each node
[    0.000000] Early memory node ranges
[    0.000000]   node   0: [mem 0x0000000040000000-0x000000013fffffff]
[    0.000000] Initmem setup node 0 [mem 0x0000000040000000-0x000000013fffffff]
[    0.000000] percpu: Embedded 19 pages/cpu s38488 r8192 d31144 u77824
[    0.000000] Detected PIPT I-cache on CPU0
[    0.000000] CPU features: detected: Address authentication (IMP DEF algorithm)
[    0.000000] CPU features: detected: Spectre-v4
[    0.000000] CPU features: detected: Spectre-BHB
[    0.000000] alternatives: applying boot alternatives
[    0.000000] Kernel command line: console=ttyAMA0 panic=-1 nokaslr
[    0.000000] Unknown kernel command line parameters "nokaslr", will be passed to user space.
[    0.000000] printk: log buffer data + meta data: 131072 + 458752 = 589824 bytes
[    0.000000] Dentry cache hash table entries: 524288 (order: 10, 4194304 bytes, linear)
[    0.000000] Inode-cache hash table entries: 262144 (order: 9, 2097152 bytes, linear)
[    0.000000] software IO TLB: SWIOTLB bounce buffer size adjusted to 4MB
[    0.000000] software IO TLB: area num 4.
[    0.000000] software IO TLB: mapped [mem 0x000000013ac00000-0x000000013b000000] (4MB)
[    0.000000] Built 1 zonelists, mobility grouping on.  Total pages: 1048576
[    0.000000] mem auto-init: stack:all(zero), heap alloc:off, heap free:off
[    0.000000] SLUB: HWalign=64, Order=0-3, MinObjects=0, CPUs=4, Nodes=1
[    0.000000] rcu: Preemptible hierarchical RCU implementation.
[    0.000000] rcu: 	RCU restricting CPUs from NR_CPUS=512 to nr_cpu_ids=4.
[    0.000000] rcu: RCU calculated value of scheduler-enlistment delay is 25 jiffies.
[    0.000000] rcu: Adjusting geometry for rcu_fanout_leaf=16, nr_cpu_ids=4
[    0.000000] NR_IRQS: 64, nr_irqs: 64, preallocated irqs: 0
[    0.000000] Root IRQ handler: gic_handle_irq
[    0.000000] GICv2m: range[mem 0x08020000-0x08020fff], SPI[80:143]
[    0.000000] rcu: srcu_init: Setting srcu_struct sizes based on contention.
[    0.000000] arch_timer: cp15 timer running at 24.00MHz (virt).
[    0.000000] clocksource: arch_sys_counter: mask: 0xffffffffffffff max_cycles: 0x588fe9dc0, max_idle_ns: 440795202592 ns
[    0.000000] sched_clock: 56 bits at 24MHz, resolution 41ns, wraps every 4398046511097ns
[    0.000095] Console: colour dummy device 80x25
[    0.000102] Calibrating delay loop (skipped), value calculated using timer frequency.. 48.00 BogoMIPS (lpj=96000)
[    0.000105] pid_max: default: 32768 minimum: 301
[    0.000233] Mount-cache hash table entries: 8192 (order: 4, 65536 bytes, linear)
[    0.000242] Mountpoint-cache hash table entries: 8192 (order: 4, 65536 bytes, linear)
[    0.000312] VFS: Finished mounting rootfs on nullfs
[    0.000448] cacheinfo: Unable to detect cache hierarchy for CPU 0
[    0.000555] rcu: Hierarchical SRCU implementation.
[    0.000556] rcu: 	Max phase no-delay instances is 1000.
[    0.000574] Timer migration: 1 hierarchy levels; 8 children per group; 1 crossnode level
[    0.000608] smp: Bringing up secondary CPUs ...
[    0.000817] Detected PIPT I-cache on CPU1
[    0.000895] CPU1: Booted secondary processor 0x0000000001 [0x610f0000]
[    0.001255] Detected PIPT I-cache on CPU2
[    0.001345] CPU2: Booted secondary processor 0x0000000002 [0x610f0000]
[    0.001614] Detected PIPT I-cache on CPU3
[    0.001736] CPU3: Booted secondary processor 0x0000000003 [0x610f0000]
[    0.001812] smp: Brought up 1 node, 4 CPUs
[    0.001813] SMP: Total of 4 processors activated.
[    0.001814] CPU: All CPU(s) started at EL1
[    0.001815] CPU features: detected: ARMv8.4 Translation Table Level
[    0.001815] CPU features: detected: Data cache clean to the PoU not required for I/D coherence
[    0.001815] CPU features: detected: CRC32 instructions
[    0.001816] CPU features: detected: Data independent timing control (DIT)
[    0.001816] CPU features: detected: E0PD
[    0.001817] CPU features: detected: Generic authentication (IMP DEF algorithm)
[    0.001817] CPU features: detected: RCpc load-acquire (LDAPR)
[    0.001817] CPU features: detected: LSE atomic instructions
[    0.001818] CPU features: detected: Privileged Access Never
[    0.001818] CPU features: detected: Speculation barrier (SB)
[    0.001818] CPU features: detected: TLB range maintenance instructions
[    0.001819] CPU features: detected: XNX
[    0.001925] alternatives: applying system-wide alternatives
[    0.002866] Memory: 3934216K/4194304K available (5248K kernel code, 754K rwdata, 2356K rodata, 576K init, 405K bss, 256908K reserved, 0K cma-reserved)
[    0.003105] devtmpfs: initialized
[    0.003367] clocksource: jiffies: mask: 0xffffffff max_cycles: 0xffffffff, max_idle_ns: 7645041785100000 ns
[    0.003371] posixtimers hash table entries: 2048 (order: 3, 32768 bytes, linear)
[    0.003390] futex hash table entries: 1024 (65536 bytes on 1 NUMA nodes, total 64 KiB, linear).
[    0.003396] 30384 pages in range for non-PLT usage
[    0.003396] 521904 pages in range for PLT usage
[    0.003477] NET: Registered PF_NETLINK/PF_ROUTE protocol family
[    0.003851] DMA: preallocated 512 KiB GFP_KERNEL pool for atomic allocations
[    0.003906] ASID allocator initialised with 256 entries
[    0.003916] Serial: AMBA PL011 UART driver
[    0.004398] 9000000.pl011: ttyAMA0 at MMIO 0x9000000 (irq = 13, base_baud = 0) is a PL011 rev1
[    0.004536] printk: console [ttyAMA0] enabled
[    0.010377] vgaarb: loaded
[    0.010536] clocksource: Switched to clocksource arch_sys_counter
[    0.022009] NET: Registered PF_INET protocol family
[    0.022101] IP idents hash table entries: 65536 (order: 7, 524288 bytes, linear)
[    0.022509] tcp_listen_portaddr_hash hash table entries: 2048 (order: 3, 32768 bytes, linear)
[    0.022516] Table-perturb hash table entries: 65536 (order: 6, 262144 bytes, linear)
[    0.022519] TCP established hash table entries: 32768 (order: 6, 262144 bytes, linear)
[    0.022708] TCP bind hash table entries: 32768 (order: 8, 1048576 bytes, linear)
[    0.022868] TCP: Hash tables configured (established 32768 bind 32768)
[    0.022904] UDP hash table entries: 2048 (order: 5, 131072 bytes, linear)
[    0.022944] NET: Registered PF_UNIX/PF_LOCAL protocol family
[    0.022957] PCI: CLS 0 bytes, default 64
[    0.023181] Unpacking initramfs...
[    0.027308] workingset: timestamp_bits=46 (anon: 42) max_order=20 bucket_order=0 (anon: 0)
[    0.027634] 9p: Installing v9fs 9p2000 file system support
[    0.028282] pci-host-generic 4010000000.pcie: host bridge /pcie@10000000 ranges:
[    0.028288] pci-host-generic 4010000000.pcie:       IO 0x003eff0000..0x003effffff -> 0x0000000000
[    0.028291] pci-host-generic 4010000000.pcie:      MEM 0x0010000000..0x003efeffff -> 0x0010000000
[    0.028292] pci-host-generic 4010000000.pcie:      MEM 0x8000000000..0xffffffffff -> 0x8000000000
[    0.028300] pci-host-generic 4010000000.pcie: Memory resource size exceeds max for 32 bits
[    0.028310] pci-host-generic 4010000000.pcie: ECAM at [mem 0x4010000000-0x401fffffff] for [bus 00-ff]
[    0.028324] pci-host-generic 4010000000.pcie: PCI host bridge to bus 0000:00
[    0.028325] pci_bus 0000:00: root bus resource [bus 00-ff]
[    0.028325] pci_bus 0000:00: root bus resource [io  0x0000-0xffff]
[    0.028326] pci_bus 0000:00: root bus resource [mem 0x10000000-0x3efeffff]
[    0.028327] pci_bus 0000:00: root bus resource [mem 0x8000000000-0xffffffffff]
[    0.028397] pci 0000:00:00.0: [1b36:0008] type 00 class 0x060000 conventional PCI endpoint
[    0.028723] pci 0000:00:01.0: [1af4:1000] type 00 class 0x020000 conventional PCI endpoint
[    0.028934] pci 0000:00:01.0: BAR 0 [io  0x0000-0x001f]
[    0.028939] pci 0000:00:01.0: BAR 1 [mem 0x00000000-0x00000fff]
[    0.028997] pci 0000:00:01.0: BAR 4 [mem 0x00000000-0x00003fff 64bit pref]
[    0.029005] pci 0000:00:01.0: ROM [mem 0x00000000-0x0003ffff pref]
[    0.029345] pci 0000:00:02.0: [1af4:1009] type 00 class 0x000200 conventional PCI endpoint
[    0.029504] pci 0000:00:02.0: BAR 0 [io  0x0000-0x003f]
[    0.029508] pci 0000:00:02.0: BAR 1 [mem 0x00000000-0x00000fff]
[    0.029514] pci 0000:00:02.0: BAR 4 [mem 0x00000000-0x00003fff 64bit pref]
[    0.030019] pci 0000:00:03.0: [1af4:1005] type 00 class 0x00ff00 conventional PCI endpoint
[    0.030274] pci 0000:00:03.0: BAR 0 [io  0x0000-0x001f]
[    0.030278] pci 0000:00:03.0: BAR 1 [mem 0x00000000-0x00000fff]
[    0.030299] pci 0000:00:03.0: BAR 4 [mem 0x00000000-0x00003fff 64bit pref]
[    0.030949] pci 0000:00:01.0: ROM [mem 0x10000000-0x1003ffff pref]: assigned
[    0.030952] pci 0000:00:01.0: BAR 4 [mem 0x8000000000-0x8000003fff 64bit pref]: assigned
[    0.030970] pci 0000:00:02.0: BAR 4 [mem 0x8000004000-0x8000007fff 64bit pref]: assigned
[    0.031008] pci 0000:00:03.0: BAR 4 [mem 0x8000008000-0x800000bfff 64bit pref]: assigned
[    0.031035] pci 0000:00:01.0: BAR 1 [mem 0x10040000-0x10040fff]: assigned
[    0.031044] pci 0000:00:02.0: BAR 1 [mem 0x10041000-0x10041fff]: assigned
[    0.031048] pci 0000:00:03.0: BAR 1 [mem 0x10042000-0x10042fff]: assigned
[    0.031074] pci 0000:00:02.0: BAR 0 [io  0x1000-0x103f]: assigned
[    0.031080] pci 0000:00:01.0: BAR 0 [io  0x1040-0x105f]: assigned
[    0.031083] pci 0000:00:03.0: BAR 0 [io  0x1060-0x107f]: assigned
[    0.031101] pci_bus 0000:00: resource 4 [io  0x0000-0xffff]
[    0.031102] pci_bus 0000:00: resource 5 [mem 0x10000000-0x3efeffff]
[    0.031103] pci_bus 0000:00: resource 6 [mem 0x8000000000-0xffffffffff]
[    0.031890] virtio-pci 0000:00:01.0: enabling device (0000 -> 0003)
[    0.032447] virtio-pci 0000:00:02.0: enabling device (0000 -> 0003)
[    0.033003] virtio-pci 0000:00:03.0: enabling device (0000 -> 0003)
[    0.059333] rtc-pl031 9010000.pl031: registered as rtc0
[    0.059401] rtc-pl031 9010000.pl031: setting system clock to 2026-10-08T19:47:02 UTC (1791488822)
[    0.059568] NET: Registered PF_INET6 protocol family
[    0.059898] Segment Routing with IPv6
[    0.059902] In-situ OAM (IOAM) with IPv6
[    0.059910] sit: IPv6, IPv4 and MPLS over IPv4 tunneling driver
[    0.059968] NET: Registered PF_PACKET protocol family
[    0.059974] 9pnet: Installing 9P2000 support
[    0.066257] clk: Disabling unused clocks
[    0.167433] Freeing initrd memory: 161888K
[    0.167883] Freeing unused kernel memory: 576K
[    0.168042] Run /init as init process
[    0.183811] kjit: loading out-of-tree module taints kernel.
[    0.185086] rust_kjit: ######## Rust KJIT inits ########
[    0.185146] rust_kjit: kjit: dispatch variant 0
[    0.185197] rust_kjit: golden tests/arm64/toy_cfg.s:hot_svc_mark PASS: 800 fragment bytes match harness
kjit-init: insmod kjit.ko ok
meas: variant=0
rep 0 variant=gpr enabled=0 outer=200000 calls=16 ns_per_outer=142.0 ns_per_call=8.88
rep 1 variant=gpr enabled=0 outer=200000 calls=16 ns_per_outer=142.8 ns_per_call=8.92
rep 2 variant=gpr enabled=0 outer=200000 calls=16 ns_per_outer=142.1 ns_per_call=8.88
rep 3 variant=gpr enabled=0 outer=200000 calls=16 ns_per_outer=141.8 ns_per_call=8.86
rep 4 variant=gpr enabled=0 outer=200000 calls=16 ns_per_outer=142.9 ns_per_call=8.93
rep 5 variant=gpr enabled=0 outer=200000 calls=16 ns_per_outer=142.2 ns_per_call=8.89
rep 6 variant=gpr enabled=0 outer=200000 calls=16 ns_per_outer=142.0 ns_per_call=8.88
result variant=gpr enabled=0 outer=200000 calls=16 reps=7 median_ns_per_outer=142.1 median_ns_per_call=8.88 min_ns_per_call=8.86 acc=25600000
[    0.437199] kjit: translate_svc_sites pid 69: 2 text ranges, 111 svc sites
[    0.437701] rust_kjit: kjit: pc 0x400fe8: installed 488 bytes, 0 fault sites, 2 entries, text 0x400fe8..0x400ff0, fpsimd false
[    0.438516] rust_kjit: kjit: pc 0x400fcc: installed 1016 bytes, 1 fault sites, 11 entries, text 0x400fbc..0x400fe8, fpsimd false
rep 0 variant=gpr enabled=1 outer=20000 calls=16 ns_per_outer=146.6 ns_per_call=9.16
rep 1 variant=gpr enabled=1 outer=20000 calls=16 ns_per_outer=148.8 ns_per_call=9.30
rep 2 variant=gpr enabled=1 outer=20000 calls=16 ns_per_outer=147.0 ns_per_call=9.19
rep 3 variant=gpr enabled=1 outer=20000 calls=16 ns_per_outer=146.0 ns_per_call=9.12
rep 4 variant=gpr enabled=1 outer=20000 calls=16 ns_per_outer=145.1 ns_per_call=9.07
rep 5 variant=gpr enabled=1 outer=20000 calls=16 ns_per_outer=148.1 ns_per_call=9.25
rep 6 variant=gpr enabled=1 outer=20000 calls=16 ns_per_outer=145.7 ns_per_call=9.11
result variant=gpr enabled=1 outer=20000 calls=16 reps=7 median_ns_per_outer=146.6 median_ns_per_call=9.16 min_ns_per_call=9.07 acc=2560000
counters variant=gpr timed_outer=140000 hook_calls=140045 syscalls_in_kernel=139965 fragment_entries=140045 fpsimd_entries=1 fpsimd_restores=0 chains=0 chain_cap=0 exit_svc=139965 exit_bl=0 exit_blr=0 exit_br=0 exit_ret=80 exit_mem=0 exit_unsupported=0 exit_budget=0 run_declined=0
rep 0 variant=fp enabled=0 outer=200000 calls=16 ns_per_outer=176.0 ns_per_call=11.00
rep 1 variant=fp enabled=0 outer=200000 calls=16 ns_per_outer=180.6 ns_per_call=11.29
rep 2 variant=fp enabled=0 outer=200000 calls=16 ns_per_outer=177.7 ns_per_call=11.10
rep 3 variant=fp enabled=0 outer=200000 calls=16 ns_per_outer=176.5 ns_per_call=11.03
rep 4 variant=fp enabled=0 outer=200000 calls=16 ns_per_outer=177.1 ns_per_call=11.07
rep 5 variant=fp enabled=0 outer=200000 calls=16 ns_per_outer=177.9 ns_per_call=11.12
rep 6 variant=fp enabled=0 outer=200000 calls=16 ns_per_outer=174.5 ns_per_call=10.91
result variant=fp enabled=0 outer=200000 calls=16 reps=7 median_ns_per_outer=177.1 median_ns_per_call=11.07 min_ns_per_call=10.91 acc=25600000
[    0.783750] kjit: translate_svc_sites pid 74: 2 text ranges, 111 svc sites
[    0.784164] rust_kjit: kjit: pc 0x401028: installed 496 bytes, 0 fault sites, 4 entries, text 0x401028..0x401038, fpsimd true
[    0.784758] rust_kjit: kjit: pc 0x40100c: installed 1016 bytes, 1 fault sites, 11 entries, text 0x400ffc..0x401028, fpsimd false
rep 0 variant=fp enabled=1 outer=20000 calls=16 ns_per_outer=213.4 ns_per_call=13.34
rep 1 variant=fp enabled=1 outer=20000 calls=16 ns_per_outer=211.4 ns_per_call=13.21
rep 2 variant=fp enabled=1 outer=20000 calls=16 ns_per_outer=215.4 ns_per_call=13.47
rep 3 variant=fp enabled=1 outer=20000 calls=16 ns_per_outer=216.0 ns_per_call=13.50
rep 4 variant=fp enabled=1 outer=20000 calls=16 ns_per_outer=218.7 ns_per_call=13.67
rep 5 variant=fp enabled=1 outer=20000 calls=16 ns_per_outer=224.7 ns_per_call=14.04
rep 6 variant=fp enabled=1 outer=20000 calls=16 ns_per_outer=216.1 ns_per_call=13.51
result variant=fp enabled=1 outer=20000 calls=16 reps=7 median_ns_per_outer=216.0 median_ns_per_call=13.50 min_ns_per_call=13.21 acc=2560000
counters variant=fp timed_outer=140000 hook_calls=140045 syscalls_in_kernel=139965 fragment_entries=280017 fpsimd_entries=139973 fpsimd_restores=0 chains=139972 chain_cap=0 exit_svc=139965 exit_bl=139972 exit_blr=0 exit_br=0 exit_ret=80 exit_mem=0 exit_unsupported=0 exit_budget=0 run_declined=0
rep 0 variant=gpr enabled=0 outer=200000 calls=128 ns_per_outer=255.0 ns_per_call=1.99
rep 1 variant=gpr enabled=0 outer=200000 calls=128 ns_per_outer=255.8 ns_per_call=2.00
rep 2 variant=gpr enabled=0 outer=200000 calls=128 ns_per_outer=257.1 ns_per_call=2.01
rep 3 variant=gpr enabled=0 outer=200000 calls=128 ns_per_outer=267.5 ns_per_call=2.09
rep 4 variant=gpr enabled=0 outer=200000 calls=128 ns_per_outer=263.3 ns_per_call=2.06
rep 5 variant=gpr enabled=0 outer=200000 calls=128 ns_per_outer=259.8 ns_per_call=2.03
rep 6 variant=gpr enabled=0 outer=200000 calls=128 ns_per_outer=260.9 ns_per_call=2.04
result variant=gpr enabled=0 outer=200000 calls=128 reps=7 median_ns_per_outer=259.8 median_ns_per_call=2.03 min_ns_per_call=1.99 acc=204800000
[    1.285393] kjit: translate_svc_sites pid 76: 2 text ranges, 111 svc sites
[    1.285975] rust_kjit: kjit: pc 0x400fe8: installed 488 bytes, 0 fault sites, 2 entries, text 0x400fe8..0x400ff0, fpsimd false
[    1.286756] rust_kjit: kjit: pc 0x400fcc: installed 1016 bytes, 1 fault sites, 11 entries, text 0x400fbc..0x400fe8, fpsimd false
rep 0 variant=gpr enabled=1 outer=20000 calls=128 ns_per_outer=847.4 ns_per_call=6.62
rep 1 variant=gpr enabled=1 outer=20000 calls=128 ns_per_outer=879.9 ns_per_call=6.87
rep 2 variant=gpr enabled=1 outer=20000 calls=128 ns_per_outer=869.0 ns_per_call=6.79
rep 3 variant=gpr enabled=1 outer=20000 calls=128 ns_per_outer=846.1 ns_per_call=6.61
rep 4 variant=gpr enabled=1 outer=20000 calls=128 ns_per_outer=866.1 ns_per_call=6.77
rep 5 variant=gpr enabled=1 outer=20000 calls=128 ns_per_outer=882.0 ns_per_call=6.89
rep 6 variant=gpr enabled=1 outer=20000 calls=128 ns_per_outer=863.9 ns_per_call=6.75
result variant=gpr enabled=1 outer=20000 calls=128 reps=7 median_ns_per_outer=866.1 median_ns_per_call=6.77 min_ns_per_call=6.61 acc=20480000
counters variant=gpr timed_outer=140000 hook_calls=140045 syscalls_in_kernel=139965 fragment_entries=140045 fpsimd_entries=1 fpsimd_restores=0 chains=0 chain_cap=0 exit_svc=139965 exit_bl=0 exit_blr=0 exit_br=0 exit_ret=80 exit_mem=0 exit_unsupported=0 exit_budget=0 run_declined=0
rep 0 variant=fp enabled=0 outer=200000 calls=128 ns_per_outer=555.4 ns_per_call=4.34
rep 1 variant=fp enabled=0 outer=200000 calls=128 ns_per_outer=551.0 ns_per_call=4.30
rep 2 variant=fp enabled=0 outer=200000 calls=128 ns_per_outer=541.3 ns_per_call=4.23
rep 3 variant=fp enabled=0 outer=200000 calls=128 ns_per_outer=536.8 ns_per_call=4.19
rep 4 variant=fp enabled=0 outer=200000 calls=128 ns_per_outer=558.2 ns_per_call=4.36
rep 5 variant=fp enabled=0 outer=200000 calls=128 ns_per_outer=540.6 ns_per_call=4.22
rep 6 variant=fp enabled=0 outer=200000 calls=128 ns_per_outer=546.1 ns_per_call=4.27
result variant=fp enabled=0 outer=200000 calls=128 reps=7 median_ns_per_outer=546.1 median_ns_per_call=4.27 min_ns_per_call=4.19 acc=204800000
[    2.337550] kjit: translate_svc_sites pid 78: 2 text ranges, 111 svc sites
[    2.338069] rust_kjit: kjit: pc 0x401028: installed 496 bytes, 0 fault sites, 4 entries, text 0x401028..0x401038, fpsimd true
[    2.338287] rust_kjit: kjit: pc 0x40100c: installed 1016 bytes, 1 fault sites, 11 entries, text 0x400ffc..0x401028, fpsimd false
rep 0 variant=fp enabled=1 outer=20000 calls=128 ns_per_outer=907.4 ns_per_call=7.09
rep 1 variant=fp enabled=1 outer=20000 calls=128 ns_per_outer=958.1 ns_per_call=7.49
rep 2 variant=fp enabled=1 outer=20000 calls=128 ns_per_outer=919.1 ns_per_call=7.18
rep 3 variant=fp enabled=1 outer=20000 calls=128 ns_per_outer=913.1 ns_per_call=7.13
rep 4 variant=fp enabled=1 outer=20000 calls=128 ns_per_outer=949.0 ns_per_call=7.41
rep 5 variant=fp enabled=1 outer=20000 calls=128 ns_per_outer=934.9 ns_per_call=7.30
rep 6 variant=fp enabled=1 outer=20000 calls=128 ns_per_outer=955.9 ns_per_call=7.47
result variant=fp enabled=1 outer=20000 calls=128 reps=7 median_ns_per_outer=934.9 median_ns_per_call=7.30 min_ns_per_call=7.09 acc=20480000
counters variant=fp timed_outer=140000 hook_calls=140045 syscalls_in_kernel=139965 fragment_entries=280017 fpsimd_entries=139973 fpsimd_restores=0 chains=139972 chain_cap=0 exit_svc=139965 exit_bl=139972 exit_blr=0 exit_br=0 exit_ret=80 exit_mem=0 exit_unsupported=0 exit_budget=0 run_declined=0
rep 0 variant=gpr enabled=0 outer=200000 calls=256 ns_per_outer=381.7 ns_per_call=1.49
rep 1 variant=gpr enabled=0 outer=200000 calls=256 ns_per_outer=379.9 ns_per_call=1.48
rep 2 variant=gpr enabled=0 outer=200000 calls=256 ns_per_outer=382.6 ns_per_call=1.49
rep 3 variant=gpr enabled=0 outer=200000 calls=256 ns_per_outer=378.7 ns_per_call=1.48
rep 4 variant=gpr enabled=0 outer=200000 calls=256 ns_per_outer=382.0 ns_per_call=1.49
rep 5 variant=gpr enabled=0 outer=200000 calls=256 ns_per_outer=384.1 ns_per_call=1.50
rep 6 variant=gpr enabled=0 outer=200000 calls=256 ns_per_outer=377.8 ns_per_call=1.48
result variant=gpr enabled=0 outer=200000 calls=256 reps=7 median_ns_per_outer=381.7 median_ns_per_call=1.49 min_ns_per_call=1.48 acc=409600000
[    3.138152] kjit: translate_svc_sites pid 80: 2 text ranges, 111 svc sites
[    3.138304] rust_kjit: kjit: pc 0x400fe8: installed 488 bytes, 0 fault sites, 2 entries, text 0x400fe8..0x400ff0, fpsimd false
[    3.138866] rust_kjit: kjit: pc 0x400fcc: installed 1016 bytes, 1 fault sites, 11 entries, text 0x400fbc..0x400fe8, fpsimd false
rep 0 variant=gpr enabled=1 outer=20000 calls=256 ns_per_outer=1644.5 ns_per_call=6.42
rep 1 variant=gpr enabled=1 outer=20000 calls=256 ns_per_outer=1620.7 ns_per_call=6.33
rep 2 variant=gpr enabled=1 outer=20000 calls=256 ns_per_outer=1651.1 ns_per_call=6.45
rep 3 variant=gpr enabled=1 outer=20000 calls=256 ns_per_outer=1788.3 ns_per_call=6.99
rep 4 variant=gpr enabled=1 outer=20000 calls=256 ns_per_outer=2116.2 ns_per_call=8.27
rep 5 variant=gpr enabled=1 outer=20000 calls=256 ns_per_outer=1653.9 ns_per_call=6.46
rep 6 variant=gpr enabled=1 outer=20000 calls=256 ns_per_outer=1629.4 ns_per_call=6.36
result variant=gpr enabled=1 outer=20000 calls=256 reps=7 median_ns_per_outer=1651.1 median_ns_per_call=6.45 min_ns_per_call=6.33 acc=40960000
counters variant=gpr timed_outer=140000 hook_calls=140045 syscalls_in_kernel=139965 fragment_entries=140045 fpsimd_entries=1 fpsimd_restores=0 chains=0 chain_cap=0 exit_svc=139965 exit_bl=0 exit_blr=0 exit_br=0 exit_ret=80 exit_mem=0 exit_unsupported=0 exit_budget=0 run_declined=0
rep 0 variant=fp enabled=0 outer=200000 calls=256 ns_per_outer=948.6 ns_per_call=3.71
rep 1 variant=fp enabled=0 outer=200000 calls=256 ns_per_outer=959.9 ns_per_call=3.75
rep 2 variant=fp enabled=0 outer=200000 calls=256 ns_per_outer=959.5 ns_per_call=3.75
rep 3 variant=fp enabled=0 outer=200000 calls=256 ns_per_outer=960.5 ns_per_call=3.75
rep 4 variant=fp enabled=0 outer=200000 calls=256 ns_per_outer=953.4 ns_per_call=3.72
rep 5 variant=fp enabled=0 outer=200000 calls=256 ns_per_outer=968.5 ns_per_call=3.78
rep 6 variant=fp enabled=0 outer=200000 calls=256 ns_per_outer=951.3 ns_per_call=3.72
result variant=fp enabled=0 outer=200000 calls=256 reps=7 median_ns_per_outer=959.5 median_ns_per_call=3.75 min_ns_per_call=3.71 acc=409600000
[    4.984933] kjit: translate_svc_sites pid 82: 2 text ranges, 111 svc sites
[    4.985700] rust_kjit: kjit: pc 0x401028: installed 496 bytes, 0 fault sites, 4 entries, text 0x401028..0x401038, fpsimd true
[    4.986361] rust_kjit: kjit: pc 0x40100c: installed 1016 bytes, 1 fault sites, 11 entries, text 0x400ffc..0x401028, fpsimd false
rep 0 variant=fp enabled=1 outer=20000 calls=256 ns_per_outer=1739.9 ns_per_call=6.80
rep 1 variant=fp enabled=1 outer=20000 calls=256 ns_per_outer=1750.6 ns_per_call=6.84
rep 2 variant=fp enabled=1 outer=20000 calls=256 ns_per_outer=1834.2 ns_per_call=7.16
rep 3 variant=fp enabled=1 outer=20000 calls=256 ns_per_outer=1771.2 ns_per_call=6.92
rep 4 variant=fp enabled=1 outer=20000 calls=256 ns_per_outer=1769.3 ns_per_call=6.91
rep 5 variant=fp enabled=1 outer=20000 calls=256 ns_per_outer=1808.9 ns_per_call=7.07
rep 6 variant=fp enabled=1 outer=20000 calls=256 ns_per_outer=1770.2 ns_per_call=6.91
result variant=fp enabled=1 outer=20000 calls=256 reps=7 median_ns_per_outer=1770.2 median_ns_per_call=6.91 min_ns_per_call=6.80 acc=40960000
counters variant=fp timed_outer=140000 hook_calls=140045 syscalls_in_kernel=139965 fragment_entries=280017 fpsimd_entries=139973 fpsimd_restores=0 chains=139972 chain_cap=0 exit_svc=139965 exit_bl=139972 exit_blr=0 exit_br=0 exit_ret=80 exit_mem=0 exit_unsupported=0 exit_budget=0 run_declined=0
a11: ibtc_variant=0
a11: warm-up at off
a11maps aaaaabe90000-aaaaac0e0000 r-xp 00000000 00:03 4263                       /opt/redis/src/redis-server
a11maps aaaaac0e9000-aaaaac0f0000 r--p 00259000 00:03 4263                       /opt/redis/src/redis-server
a11maps aaaaac0f0000-aaaaac149000 rw-p 00260000 00:03 4263                       /opt/redis/src/redis-server
a11maps aaaaac149000-aaaaac37c000 rw-p 00000000 00:00 0 
a11maps aaaaaf966000-aaaaaf987000 rw-p 00000000 00:00 0                          [heap]
a11maps ffffba540000-ffffba7c0000 rw-p 00000000 00:00 0 
a11maps ffffba7c0000-ffffba7d0000 ---p 00000000 00:00 0 
a11maps ffffba7d0000-ffffbafd0000 rw-p 00000000 00:00 0 
a11maps ffffbafd0000-ffffbafe0000 ---p 00000000 00:00 0 
a11maps ffffbafe0000-ffffbb7e0000 rw-p 00000000 00:00 0 
a11maps ffffbb7e0000-ffffbb7f0000 ---p 00000000 00:00 0 
a11maps ffffbb7f0000-ffffbbff0000 rw-p 00000000 00:00 0 
a11maps ffffbbff0000-ffffbc000000 ---p 00000000 00:00 0 
a11maps ffffbc000000-ffffbc800000 rw-p 00000000 00:00 0 
a11maps ffffbc800000-ffffbd000000 rw-p 00000000 00:00 0 
a11maps ffffbd0e0000-ffffbd26c000 r-xp 00000000 00:03 816                        /usr/lib/aarch64-linux-gnu/libc.so.6
a11maps ffffbd26c000-ffffbd27c000 ---p 0018c000 00:03 816                        /usr/lib/aarch64-linux-gnu/libc.so.6
a11maps ffffbd27c000-ffffbd280000 r--p 0018c000 00:03 816                        /usr/lib/aarch64-linux-gnu/libc.so.6
a11maps ffffbd280000-ffffbd282000 rw-p 00190000 00:03 816                        /usr/lib/aarch64-linux-gnu/libc.so.6
a11maps ffffbd282000-ffffbd28f000 rw-p 00000000 00:00 0 
a11maps ffffbd290000-ffffbd312000 r-xp 00000000 00:03 863                        /usr/lib/aarch64-linux-gnu/libm.so.6
a11maps ffffbd312000-ffffbd32f000 ---p 00082000 00:03 863                        /usr/lib/aarch64-linux-gnu/libm.so.6
a11maps ffffbd32f000-ffffbd330000 r--p 0008f000 00:03 863                        /usr/lib/aarch64-linux-gnu/libm.so.6
a11maps ffffbd330000-ffffbd331000 rw-p 00090000 00:03 863                        /usr/lib/aarch64-linux-gnu/libm.so.6
a11maps ffffbd33f000-ffffbd366000 r-xp 00000000 00:03 796                        /usr/lib/aarch64-linux-gnu/ld-linux-aarch64.so.1
a11maps ffffbd370000-ffffbd374000 rw-p 00000000 00:00 0 
a11maps ffffbd376000-ffffbd378000 rw-p 00000000 00:00 0 
a11maps ffffbd378000-ffffbd37c000 r--p 00000000 00:00 0                          [vvar]
a11maps ffffbd37c000-ffffbd37d000 r-xp 00000000 00:00 0                          [vdso]
a11maps ffffbd37d000-ffffbd37f000 r--p 0002e000 00:03 796                        /usr/lib/aarch64-linux-gnu/ld-linux-aarch64.so.1
a11maps ffffbd37f000-ffffbd381000 rw-p 00030000 00:03 796                        /usr/lib/aarch64-linux-gnu/ld-linux-aarch64.so.1
a11maps ffffdc4ee000-ffffdc50f000 rw-p 00000000 00:00 0                          [stack]
a11 point=off pass=1 test=set requests=200000 rps=226244.34 hook_calls=0 syscalls_in_kernel=0 fragment_entries=0 fpsimd_entries=0 fpsimd_restores=0 chains=0 chain_cap=0 exit_svc=0 exit_bl=0 exit_blr=0 exit_br=0 exit_ret=0 exit_mem=0 exit_unsupported=0 exit_budget=0 run_declined=0 ibtc_insert=0 ibtc_replace=0 ibtc_clear=0 ibtc_fpsimd_boundary=0 ibtc_miss_cold=0 ibtc_miss_conflict=0 ibtc_miss_other=0 fpsimd_run_max_ns=197416 miss_residual=0
a11slots point=off pass=1 test=set # table all conflicts 0 slots 0 top32 0
a11slots point=off pass=1 test=set # table nofp conflicts 0 slots 0 top32 0
a11 point=off pass=1 test=get requests=200000 rps=227531.28 hook_calls=0 syscalls_in_kernel=0 fragment_entries=0 fpsimd_entries=0 fpsimd_restores=0 chains=0 chain_cap=0 exit_svc=0 exit_bl=0 exit_blr=0 exit_br=0 exit_ret=0 exit_mem=0 exit_unsupported=0 exit_budget=0 run_declined=0 ibtc_insert=0 ibtc_replace=0 ibtc_clear=0 ibtc_fpsimd_boundary=0 ibtc_miss_cold=0 ibtc_miss_conflict=0 ibtc_miss_other=0 fpsimd_run_max_ns=197416 miss_residual=0
a11slots point=off pass=1 test=get # table all conflicts 0 slots 0 top32 0
a11slots point=off pass=1 test=get # table nofp conflicts 0 slots 0 top32 0
a11 point=1024 pass=1 test=set requests=200000 rps=105540.90 hook_calls=408741 syscalls_in_kernel=384569 fragment_entries=5529282 fpsimd_entries=1547102 fpsimd_restores=0 chains=5121356 chain_cap=0 exit_svc=384569 exit_bl=1971520 exit_blr=203635 exit_br=980286 exit_ret=1983981 exit_mem=1 exit_unsupported=5290 exit_budget=0 run_declined=15 ibtc_insert=7148518 ibtc_replace=7148018 ibtc_clear=0 ibtc_fpsimd_boundary=1547097 ibtc_miss_cold=0 ibtc_miss_conflict=0 ibtc_miss_other=0 fpsimd_run_max_ns=552125 miss_residual=3592325
a11slots point=1024 pass=1 test=set # table all conflicts 0 slots 0 top32 0
a11slots point=1024 pass=1 test=set # table nofp conflicts 0 slots 0 top32 0
a11 point=1024 pass=1 test=get requests=200000 rps=130548.30 hook_calls=408858 syscalls_in_kernel=398616 fragment_entries=3149633 fpsimd_entries=1005056 fpsimd_restores=0 chains=2741332 chain_cap=0 exit_svc=398617 exit_bl=1061155 exit_blr=206472 exit_br=607625 exit_ret=867935 exit_mem=0 exit_unsupported=7829 exit_budget=0 run_declined=18 ibtc_insert=3472555 ibtc_replace=3472525 ibtc_clear=0 ibtc_fpsimd_boundary=1005054 ibtc_miss_cold=0 ibtc_miss_conflict=0 ibtc_miss_other=0 fpsimd_run_max_ns=552125 miss_residual=1738133
a11slots point=1024 pass=1 test=get # table all conflicts 0 slots 0 top32 0
a11slots point=1024 pass=1 test=get # table nofp conflicts 0 slots 0 top32 0
a11 point=off pass=2 test=set requests=200000 rps=212765.95 hook_calls=0 syscalls_in_kernel=0 fragment_entries=0 fpsimd_entries=0 fpsimd_restores=0 chains=0 chain_cap=0 exit_svc=0 exit_bl=0 exit_blr=0 exit_br=0 exit_ret=0 exit_mem=0 exit_unsupported=0 exit_budget=0 run_declined=0 ibtc_insert=0 ibtc_replace=0 ibtc_clear=0 ibtc_fpsimd_boundary=0 ibtc_miss_cold=0 ibtc_miss_conflict=0 ibtc_miss_other=0 fpsimd_run_max_ns=552125 miss_residual=0
a11slots point=off pass=2 test=set # table all conflicts 0 slots 0 top32 0
a11slots point=off pass=2 test=set # table nofp conflicts 0 slots 0 top32 0
a11 point=off pass=2 test=get requests=200000 rps=216216.22 hook_calls=0 syscalls_in_kernel=0 fragment_entries=0 fpsimd_entries=0 fpsimd_restores=0 chains=0 chain_cap=0 exit_svc=0 exit_bl=0 exit_blr=0 exit_br=0 exit_ret=0 exit_mem=0 exit_unsupported=0 exit_budget=0 run_declined=0 ibtc_insert=0 ibtc_replace=0 ibtc_clear=0 ibtc_fpsimd_boundary=0 ibtc_miss_cold=0 ibtc_miss_conflict=0 ibtc_miss_other=0 fpsimd_run_max_ns=552125 miss_residual=0
a11slots point=off pass=2 test=get # table all conflicts 0 slots 0 top32 0
a11slots point=off pass=2 test=get # table nofp conflicts 0 slots 0 top32 0
a11 point=1024 pass=2 test=set requests=200000 rps=106951.88 hook_calls=408669 syscalls_in_kernel=399651 fragment_entries=5746433 fpsimd_entries=1605332 fpsimd_restores=0 chains=5338332 chain_cap=0 exit_svc=399651 exit_bl=2043662 exit_blr=215005 exit_br=1006462 exit_ret=2074006 exit_mem=0 exit_unsupported=7647 exit_budget=0 run_declined=23 ibtc_insert=7466000 ibtc_replace=7466000 ibtc_clear=0 ibtc_fpsimd_boundary=1605332 ibtc_miss_cold=0 ibtc_miss_conflict=0 ibtc_miss_other=0 fpsimd_run_max_ns=552125 miss_residual=3733803
a11slots point=1024 pass=2 test=set # table all conflicts 0 slots 0 top32 0
a11slots point=1024 pass=2 test=set # table nofp conflicts 0 slots 0 top32 0
a11 point=1024 pass=2 test=get requests=200000 rps=132362.67 hook_calls=408701 syscalls_in_kernel=399719 fragment_entries=3154279 fpsimd_entries=1007143 fpsimd_restores=0 chains=2746135 chain_cap=0 exit_svc=399719 exit_bl=1062131 exit_blr=207506 exit_br=607703 exit_ret=869491 exit_mem=1 exit_unsupported=7728 exit_budget=0 run_declined=18 ibtc_insert=3477984 ibtc_replace=3477984 ibtc_clear=0 ibtc_fpsimd_boundary=1007143 ibtc_miss_cold=0 ibtc_miss_conflict=0 ibtc_miss_other=0 fpsimd_run_max_ns=552125 miss_residual=1739688
a11slots point=1024 pass=2 test=get # table all conflicts 0 slots 0 top32 0
a11slots point=1024 pass=2 test=get # table nofp conflicts 0 slots 0 top32 0
a11 point=off pass=3 test=set requests=200000 rps=224215.23 hook_calls=0 syscalls_in_kernel=0 fragment_entries=0 fpsimd_entries=0 fpsimd_restores=0 chains=0 chain_cap=0 exit_svc=0 exit_bl=0 exit_blr=0 exit_br=0 exit_ret=0 exit_mem=0 exit_unsupported=0 exit_budget=0 run_declined=0 ibtc_insert=0 ibtc_replace=0 ibtc_clear=0 ibtc_fpsimd_boundary=0 ibtc_miss_cold=0 ibtc_miss_conflict=0 ibtc_miss_other=0 fpsimd_run_max_ns=552125 miss_residual=0
a11slots point=off pass=3 test=set # table all conflicts 0 slots 0 top32 0
a11slots point=off pass=3 test=set # table nofp conflicts 0 slots 0 top32 0
a11 point=off pass=3 test=get requests=200000 rps=222222.23 hook_calls=0 syscalls_in_kernel=0 fragment_entries=0 fpsimd_entries=0 fpsimd_restores=0 chains=0 chain_cap=0 exit_svc=0 exit_bl=0 exit_blr=0 exit_br=0 exit_ret=0 exit_mem=0 exit_unsupported=0 exit_budget=0 run_declined=0 ibtc_insert=0 ibtc_replace=0 ibtc_clear=0 ibtc_fpsimd_boundary=0 ibtc_miss_cold=0 ibtc_miss_conflict=0 ibtc_miss_other=0 fpsimd_run_max_ns=552125 miss_residual=0
a11slots point=off pass=3 test=get # table all conflicts 0 slots 0 top32 0
a11slots point=off pass=3 test=get # table nofp conflicts 0 slots 0 top32 0
a11 point=1024 pass=3 test=set requests=200000 rps=106837.61 hook_calls=408659 syscalls_in_kernel=399653 fragment_entries=5745970 fpsimd_entries=1605241 fpsimd_restores=0 chains=5337876 chain_cap=0 exit_svc=399654 exit_bl=2043510 exit_blr=214959 exit_br=1006417 exit_ret=2073789 exit_mem=3 exit_unsupported=7638 exit_budget=0 run_declined=18 ibtc_insert=7465270 ibtc_replace=7465270 ibtc_clear=0 ibtc_fpsimd_boundary=1605241 ibtc_miss_cold=0 ibtc_miss_conflict=0 ibtc_miss_other=0 fpsimd_run_max_ns=552125 miss_residual=3733434
a11slots point=1024 pass=3 test=set # table all conflicts 0 slots 0 top32 0
a11slots point=1024 pass=3 test=set # table nofp conflicts 0 slots 0 top32 0
a11 point=1024 pass=3 test=get requests=200000 rps=131578.95 hook_calls=408783 syscalls_in_kernel=399690 fragment_entries=3155471 fpsimd_entries=1007127 fpsimd_restores=0 chains=2747248 chain_cap=0 exit_svc=399690 exit_bl=1062612 exit_blr=207548 exit_br=607747 exit_ret=870049 exit_mem=17 exit_unsupported=7808 exit_budget=0 run_declined=21 ibtc_insert=3480242 ibtc_replace=3480242 ibtc_clear=0 ibtc_fpsimd_boundary=1007127 ibtc_miss_cold=0 ibtc_miss_conflict=0 ibtc_miss_other=0 fpsimd_run_max_ns=552125 miss_residual=1740829
a11slots point=1024 pass=3 test=get # table all conflicts 0 slots 0 top32 0
a11slots point=1024 pass=3 test=get # table nofp conflicts 0 slots 0 top32 0
a11maps-end aaaaabe90000-aaaaac0e0000 r-xp 00000000 00:03 4263                       /opt/redis/src/redis-server
a11maps-end aaaaac0e9000-aaaaac0f0000 r--p 00259000 00:03 4263                       /opt/redis/src/redis-server
a11maps-end aaaaac0f0000-aaaaac149000 rw-p 00260000 00:03 4263                       /opt/redis/src/redis-server
a11maps-end aaaaac149000-aaaaac37c000 rw-p 00000000 00:00 0 
a11maps-end aaaaaf966000-aaaaaf987000 rw-p 00000000 00:00 0                          [heap]
a11maps-end ffffba540000-ffffba7c0000 rw-p 00000000 00:00 0 
a11maps-end ffffba7c0000-ffffba7d0000 ---p 00000000 00:00 0 
a11maps-end ffffba7d0000-ffffbafd0000 rw-p 00000000 00:00 0 
a11maps-end ffffbafd0000-ffffbafe0000 ---p 00000000 00:00 0 
a11maps-end ffffbafe0000-ffffbb7e0000 rw-p 00000000 00:00 0 
a11maps-end ffffbb7e0000-ffffbb7f0000 ---p 00000000 00:00 0 
a11maps-end ffffbb7f0000-ffffbbff0000 rw-p 00000000 00:00 0 
a11maps-end ffffbbff0000-ffffbc000000 ---p 00000000 00:00 0 
a11maps-end ffffbc000000-ffffbc800000 rw-p 00000000 00:00 0 
a11maps-end ffffbc800000-ffffbd000000 rw-p 00000000 00:00 0 
a11maps-end ffffbd0e0000-ffffbd26c000 r-xp 00000000 00:03 816                        /usr/lib/aarch64-linux-gnu/libc.so.6
a11maps-end ffffbd26c000-ffffbd27c000 ---p 0018c000 00:03 816                        /usr/lib/aarch64-linux-gnu/libc.so.6
a11maps-end ffffbd27c000-ffffbd280000 r--p 0018c000 00:03 816                        /usr/lib/aarch64-linux-gnu/libc.so.6
a11maps-end ffffbd280000-ffffbd282000 rw-p 00190000 00:03 816                        /usr/lib/aarch64-linux-gnu/libc.so.6
a11maps-end ffffbd282000-ffffbd28f000 rw-p 00000000 00:00 0 
a11maps-end ffffbd290000-ffffbd312000 r-xp 00000000 00:03 863                        /usr/lib/aarch64-linux-gnu/libm.so.6
a11maps-end ffffbd312000-ffffbd32f000 ---p 00082000 00:03 863                        /usr/lib/aarch64-linux-gnu/libm.so.6
a11maps-end ffffbd32f000-ffffbd330000 r--p 0008f000 00:03 863                        /usr/lib/aarch64-linux-gnu/libm.so.6
a11maps-end ffffbd330000-ffffbd331000 rw-p 00090000 00:03 863                        /usr/lib/aarch64-linux-gnu/libm.so.6
a11maps-end ffffbd33f000-ffffbd366000 r-xp 00000000 00:03 796                        /usr/lib/aarch64-linux-gnu/ld-linux-aarch64.so.1
a11maps-end ffffbd370000-ffffbd374000 rw-p 00000000 00:00 0 
a11maps-end ffffbd376000-ffffbd378000 rw-p 00000000 00:00 0 
a11maps-end ffffbd378000-ffffbd37c000 r--p 00000000 00:00 0                          [vvar]
a11maps-end ffffbd37c000-ffffbd37d000 r-xp 00000000 00:00 0                          [vdso]
a11maps-end ffffbd37d000-ffffbd37f000 r--p 0002e000 00:03 796                        /usr/lib/aarch64-linux-gnu/ld-linux-aarch64.so.1
a11maps-end ffffbd37f000-ffffbd381000 rw-p 00030000 00:03 796                        /usr/lib/aarch64-linux-gnu/ld-linux-aarch64.so.1
a11maps-end ffffdc4ee000-ffffdc50f000 rw-p 00000000 00:00 0                          [stack]
a11: done
[   37.335272] kjit: 0 of 294 translation requests still queued at unload (freed by the kernel)
[   37.371915] rust_kjit: ######## Rust KJIT exits ########
kjit-init: rmmod kjit ok
kjit-init: run exit=0
[   37.404682] reboot: Power down
