[    0.000000] Booting Linux on physical CPU 0x0000000000 [0x610f0000]
[    0.000000] Linux version 7.1.0-rc1 (@6906d107117b) (Ubuntu clang version 18.1.3 (1ubuntu1), Ubuntu LLD 18.1.3) #1 SMP PREEMPT Fri Oct  2 08:37:58 UTC 2026
[    0.000000] random: crng init done
[    0.000000] Machine model: linux,dummy-virt
[    0.000000] OF: reserved mem: Reserved memory: No reserved-memory node in the DT
[    0.000000] psci: probing for conduit method from DT.
[    0.000000] psci: PSCIv1.1 detected in firmware.
[    0.000000] psci: Using standard PSCI v0.2 function IDs
[    0.000000] psci: Trusted OS migration not required
[    0.000000] psci: SMC Calling Convention v1.0
[    0.000000] Zone ranges:
[    0.000000]   Normal   [mem 0x0000000040000000-0x000000013fffffff]
[    0.000000] Movable zone start for each node
[    0.000000] Early memory node ranges
[    0.000000]   node   0: [mem 0x0000000040000000-0x000000013fffffff]
[    0.000000] Initmem setup node 0 [mem 0x0000000040000000-0x000000013fffffff]
[    0.000000] percpu: Embedded 19 pages/cpu s38488 r8192 d31144 u77824
[    0.000000] Detected PIPT I-cache on CPU0
[    0.000000] CPU features: detected: Address authentication (IMP DEF algorithm)
[    0.000000] CPU features: detected: Spectre-v4
[    0.000000] CPU features: detected: Spectre-BHB
[    0.000000] alternatives: applying boot alternatives
[    0.000000] Kernel command line: console=ttyAMA0 panic=-1 nokaslr
[    0.000000] Unknown kernel command line parameters "nokaslr", will be passed to user space.
[    0.000000] printk: log buffer data + meta data: 131072 + 458752 = 589824 bytes
[    0.000000] Dentry cache hash table entries: 524288 (order: 10, 4194304 bytes, linear)
[    0.000000] Inode-cache hash table entries: 262144 (order: 9, 2097152 bytes, linear)
[    0.000000] software IO TLB: SWIOTLB bounce buffer size adjusted to 4MB
[    0.000000] software IO TLB: area num 4.
[    0.000000] software IO TLB: mapped [mem 0x000000013ac00000-0x000000013b000000] (4MB)
[    0.000000] Built 1 zonelists, mobility grouping on.  Total pages: 1048576
[    0.000000] mem auto-init: stack:all(zero), heap alloc:off, heap free:off
[    0.000000] SLUB: HWalign=64, Order=0-3, MinObjects=0, CPUs=4, Nodes=1
[    0.000000] rcu: Preemptible hierarchical RCU implementation.
[    0.000000] rcu: 	RCU restricting CPUs from NR_CPUS=512 to nr_cpu_ids=4.
[    0.000000] rcu: RCU calculated value of scheduler-enlistment delay is 25 jiffies.
[    0.000000] rcu: Adjusting geometry for rcu_fanout_leaf=16, nr_cpu_ids=4
[    0.000000] NR_IRQS: 64, nr_irqs: 64, preallocated irqs: 0
[    0.000000] Root IRQ handler: gic_handle_irq
[    0.000000] GICv2m: range[mem 0x08020000-0x08020fff], SPI[80:143]
[    0.000000] rcu: srcu_init: Setting srcu_struct sizes based on contention.
[    0.000000] arch_timer: cp15 timer running at 24.00MHz (virt).
[    0.000000] clocksource: arch_sys_counter: mask: 0xffffffffffffff max_cycles: 0x588fe9dc0, max_idle_ns: 440795202592 ns
[    0.000000] sched_clock: 56 bits at 24MHz, resolution 41ns, wraps every 4398046511097ns
[    0.000153] Console: colour dummy device 80x25
[    0.000162] Calibrating delay loop (skipped), value calculated using timer frequency.. 48.00 BogoMIPS (lpj=96000)
[    0.000167] pid_max: default: 32768 minimum: 301
[    0.000358] Mount-cache hash table entries: 8192 (order: 4, 65536 bytes, linear)
[    0.000367] Mountpoint-cache hash table entries: 8192 (order: 4, 65536 bytes, linear)
[    0.000467] VFS: Finished mounting rootfs on nullfs
[    0.000649] cacheinfo: Unable to detect cache hierarchy for CPU 0
[    0.000901] rcu: Hierarchical SRCU implementation.
[    0.000902] rcu: 	Max phase no-delay instances is 1000.
[    0.000931] Timer migration: 1 hierarchy levels; 8 children per group; 1 crossnode level
[    0.000998] smp: Bringing up secondary CPUs ...
[    0.001322] Detected PIPT I-cache on CPU1
[    0.001480] CPU1: Booted secondary processor 0x0000000001 [0x610f0000]
[    0.003870] Detected PIPT I-cache on CPU2
[    0.004147] CPU2: Booted secondary processor 0x0000000002 [0x610f0000]
[    0.004754] Detected PIPT I-cache on CPU3
[    0.005227] CPU3: Booted secondary processor 0x0000000003 [0x610f0000]
[    0.006329] smp: Brought up 1 node, 4 CPUs
[    0.006332] SMP: Total of 4 processors activated.
[    0.006332] CPU: All CPU(s) started at EL1
[    0.006334] CPU features: detected: ARMv8.4 Translation Table Level
[    0.006334] CPU features: detected: Data cache clean to the PoU not required for I/D coherence
[    0.006334] CPU features: detected: CRC32 instructions
[    0.006335] CPU features: detected: Data independent timing control (DIT)
[    0.006335] CPU features: detected: E0PD
[    0.006336] CPU features: detected: Generic authentication (IMP DEF algorithm)
[    0.006337] CPU features: detected: RCpc load-acquire (LDAPR)
[    0.006337] CPU features: detected: LSE atomic instructions
[    0.006337] CPU features: detected: Privileged Access Never
[    0.006338] CPU features: detected: Speculation barrier (SB)
[    0.006338] CPU features: detected: TLB range maintenance instructions
[    0.006338] CPU features: detected: XNX
[    0.006914] alternatives: applying system-wide alternatives
[    0.009625] Memory: 3934216K/4194304K available (5248K kernel code, 754K rwdata, 2356K rodata, 576K init, 405K bss, 256908K reserved, 0K cma-reserved)
[    0.011313] devtmpfs: initialized
[    0.014012] clocksource: jiffies: mask: 0xffffffff max_cycles: 0xffffffff, max_idle_ns: 7645041785100000 ns
[    0.014018] posixtimers hash table entries: 2048 (order: 3, 32768 bytes, linear)
[    0.014036] futex hash table entries: 1024 (65536 bytes on 1 NUMA nodes, total 64 KiB, linear).
[    0.014043] 30384 pages in range for non-PLT usage
[    0.014043] 521904 pages in range for PLT usage
[    0.014161] NET: Registered PF_NETLINK/PF_ROUTE protocol family
[    0.015303] DMA: preallocated 512 KiB GFP_KERNEL pool for atomic allocations
[    0.015389] ASID allocator initialised with 256 entries
[    0.015399] Serial: AMBA PL011 UART driver
[    0.016253] 9000000.pl011: ttyAMA0 at MMIO 0x9000000 (irq = 13, base_baud = 0) is a PL011 rev1
[    0.016431] printk: console [ttyAMA0] enabled
[    0.025206] vgaarb: loaded
[    0.025506] clocksource: Switched to clocksource arch_sys_counter
[    0.053441] NET: Registered PF_INET protocol family
[    0.068332] IP idents hash table entries: 65536 (order: 7, 524288 bytes, linear)
[    0.073851] tcp_listen_portaddr_hash hash table entries: 2048 (order: 3, 32768 bytes, linear)
[    0.074617] Table-perturb hash table entries: 65536 (order: 6, 262144 bytes, linear)
[    0.074636] TCP established hash table entries: 32768 (order: 6, 262144 bytes, linear)
[    0.076910] TCP bind hash table entries: 32768 (order: 8, 1048576 bytes, linear)
[    0.098084] TCP: Hash tables configured (established 32768 bind 32768)
[    0.098184] UDP hash table entries: 2048 (order: 5, 131072 bytes, linear)
[    0.098257] NET: Registered PF_UNIX/PF_LOCAL protocol family
[    0.098287] PCI: CLS 0 bytes, default 64
[    0.100137] Unpacking initramfs...
[    0.107915] workingset: timestamp_bits=46 (anon: 42) max_order=20 bucket_order=0 (anon: 0)
[    0.109241] 9p: Installing v9fs 9p2000 file system support
[    0.111466] pci-host-generic 4010000000.pcie: host bridge /pcie@10000000 ranges:
[    0.111494] pci-host-generic 4010000000.pcie:       IO 0x003eff0000..0x003effffff -> 0x0000000000
[    0.111519] pci-host-generic 4010000000.pcie:      MEM 0x0010000000..0x003efeffff -> 0x0010000000
[    0.111538] pci-host-generic 4010000000.pcie:      MEM 0x8000000000..0xffffffffff -> 0x8000000000
[    0.111557] pci-host-generic 4010000000.pcie: Memory resource size exceeds max for 32 bits
[    0.111598] pci-host-generic 4010000000.pcie: ECAM at [mem 0x4010000000-0x401fffffff] for [bus 00-ff]
[    0.111622] pci-host-generic 4010000000.pcie: PCI host bridge to bus 0000:00
[    0.111623] pci_bus 0000:00: root bus resource [bus 00-ff]
[    0.111624] pci_bus 0000:00: root bus resource [io  0x0000-0xffff]
[    0.111625] pci_bus 0000:00: root bus resource [mem 0x10000000-0x3efeffff]
[    0.111625] pci_bus 0000:00: root bus resource [mem 0x8000000000-0xffffffffff]
[    0.111710] pci 0000:00:00.0: [1b36:0008] type 00 class 0x060000 conventional PCI endpoint
[    0.111982] pci 0000:00:01.0: [1af4:1000] type 00 class 0x020000 conventional PCI endpoint
[    0.112082] pci 0000:00:01.0: BAR 0 [io  0x0000-0x001f]
[    0.112085] pci 0000:00:01.0: BAR 1 [mem 0x00000000-0x00000fff]
[    0.112163] pci 0000:00:01.0: BAR 4 [mem 0x00000000-0x00003fff 64bit pref]
[    0.112166] pci 0000:00:01.0: ROM [mem 0x00000000-0x0003ffff pref]
[    0.112594] pci 0000:00:02.0: [1af4:1009] type 00 class 0x000200 conventional PCI endpoint
[    0.112865] pci 0000:00:02.0: BAR 0 [io  0x0000-0x003f]
[    0.112868] pci 0000:00:02.0: BAR 1 [mem 0x00000000-0x00000fff]
[    0.112940] pci 0000:00:02.0: BAR 4 [mem 0x00000000-0x00003fff 64bit pref]
[    0.113369] pci 0000:00:03.0: [1af4:1005] type 00 class 0x00ff00 conventional PCI endpoint
[    0.113832] pci 0000:00:03.0: BAR 0 [io  0x0000-0x001f]
[    0.113835] pci 0000:00:03.0: BAR 1 [mem 0x00000000-0x00000fff]
[    0.113852] pci 0000:00:03.0: BAR 4 [mem 0x00000000-0x00003fff 64bit pref]
[    0.114347] pci 0000:00:01.0: ROM [mem 0x10000000-0x1003ffff pref]: assigned
[    0.114351] pci 0000:00:01.0: BAR 4 [mem 0x8000000000-0x8000003fff 64bit pref]: assigned
[    0.114411] pci 0000:00:02.0: BAR 4 [mem 0x8000004000-0x8000007fff 64bit pref]: assigned
[    0.114475] pci 0000:00:03.0: BAR 4 [mem 0x8000008000-0x800000bfff 64bit pref]: assigned
[    0.114511] pci 0000:00:01.0: BAR 1 [mem 0x10040000-0x10040fff]: assigned
[    0.114587] pci 0000:00:02.0: BAR 1 [mem 0x10041000-0x10041fff]: assigned
[    0.114625] pci 0000:00:03.0: BAR 1 [mem 0x10042000-0x10042fff]: assigned
[    0.114631] pci 0000:00:02.0: BAR 0 [io  0x1000-0x103f]: assigned
[    0.114634] pci 0000:00:01.0: BAR 0 [io  0x1040-0x105f]: assigned
[    0.114637] pci 0000:00:03.0: BAR 0 [io  0x1060-0x107f]: assigned
[    0.114659] pci_bus 0000:00: resource 4 [io  0x0000-0xffff]
[    0.114661] pci_bus 0000:00: resource 5 [mem 0x10000000-0x3efeffff]
[    0.114662] pci_bus 0000:00: resource 6 [mem 0x8000000000-0xffffffffff]
[    0.116135] virtio-pci 0000:00:01.0: enabling device (0000 -> 0003)
[    0.117033] virtio-pci 0000:00:02.0: enabling device (0000 -> 0003)
[    0.118069] virtio-pci 0000:00:03.0: enabling device (0000 -> 0003)
[    0.126648] rtc-pl031 9010000.pl031: registered as rtc0
[    0.126657] rtc-pl031 9010000.pl031: setting system clock to 2026-10-08T19:53:15 UTC (1791489195)
[    0.126920] NET: Registered PF_INET6 protocol family
[    0.128232] Segment Routing with IPv6
[    0.128241] In-situ OAM (IOAM) with IPv6
[    0.128250] sit: IPv6, IPv4 and MPLS over IPv4 tunneling driver
[    0.128328] NET: Registered PF_PACKET protocol family
[    0.128335] 9pnet: Installing 9P2000 support
[    0.134201] clk: Disabling unused clocks
[    0.210767] Freeing initrd memory: 161888K
[    0.211190] Freeing unused kernel memory: 576K
[    0.211253] Run /init as init process
[    0.229808] kjit: loading out-of-tree module taints kernel.
[    0.230743] rust_kjit: ######## Rust KJIT inits ########
[    0.230766] rust_kjit: kjit: dispatch variant 0
[    0.230810] rust_kjit: golden tests/arm64/toy_cfg.s:hot_svc_mark PASS: 800 fragment bytes match harness
kjit-init: insmod kjit.ko ok
meas: variant=0
rep 0 variant=gpr enabled=0 outer=200000 calls=16 ns_per_outer=151.1 ns_per_call=9.44
rep 1 variant=gpr enabled=0 outer=200000 calls=16 ns_per_outer=145.7 ns_per_call=9.11
rep 2 variant=gpr enabled=0 outer=200000 calls=16 ns_per_outer=158.8 ns_per_call=9.92
rep 3 variant=gpr enabled=0 outer=200000 calls=16 ns_per_outer=152.6 ns_per_call=9.53
rep 4 variant=gpr enabled=0 outer=200000 calls=16 ns_per_outer=161.0 ns_per_call=10.06
rep 5 variant=gpr enabled=0 outer=200000 calls=16 ns_per_outer=153.8 ns_per_call=9.61
rep 6 variant=gpr enabled=0 outer=200000 calls=16 ns_per_outer=166.0 ns_per_call=10.38
result variant=gpr enabled=0 outer=200000 calls=16 reps=7 median_ns_per_outer=153.8 median_ns_per_call=9.61 min_ns_per_call=9.11 acc=25600000
[    0.511363] kjit: translate_svc_sites pid 71: 2 text ranges, 111 svc sites
[    0.512582] rust_kjit: kjit: pc 0x400fe8: installed 488 bytes, 0 fault sites, 2 entries, text 0x400fe8..0x400ff0, fpsimd false
[    0.513752] rust_kjit: kjit: pc 0x400fcc: installed 1016 bytes, 1 fault sites, 11 entries, text 0x400fbc..0x400fe8, fpsimd false
rep 0 variant=gpr enabled=1 outer=20000 calls=16 ns_per_outer=160.4 ns_per_call=10.03
rep 1 variant=gpr enabled=1 outer=20000 calls=16 ns_per_outer=161.2 ns_per_call=10.07
rep 2 variant=gpr enabled=1 outer=20000 calls=16 ns_per_outer=168.8 ns_per_call=10.55
rep 3 variant=gpr enabled=1 outer=20000 calls=16 ns_per_outer=160.9 ns_per_call=10.05
rep 4 variant=gpr enabled=1 outer=20000 calls=16 ns_per_outer=156.0 ns_per_call=9.75
rep 5 variant=gpr enabled=1 outer=20000 calls=16 ns_per_outer=162.6 ns_per_call=10.16
rep 6 variant=gpr enabled=1 outer=20000 calls=16 ns_per_outer=155.6 ns_per_call=9.72
result variant=gpr enabled=1 outer=20000 calls=16 reps=7 median_ns_per_outer=160.9 median_ns_per_call=10.05 min_ns_per_call=9.72 acc=2560000
counters variant=gpr timed_outer=140000 hook_calls=140045 syscalls_in_kernel=139965 fragment_entries=140045 fpsimd_entries=1 fpsimd_restores=0 chains=0 chain_cap=0 exit_svc=139965 exit_bl=0 exit_blr=0 exit_br=0 exit_ret=80 exit_mem=0 exit_unsupported=0 exit_budget=0 run_declined=0
rep 0 variant=fp enabled=0 outer=200000 calls=16 ns_per_outer=206.9 ns_per_call=12.93
rep 1 variant=fp enabled=0 outer=200000 calls=16 ns_per_outer=229.0 ns_per_call=14.31
rep 2 variant=fp enabled=0 outer=200000 calls=16 ns_per_outer=185.5 ns_per_call=11.59
rep 3 variant=fp enabled=0 outer=200000 calls=16 ns_per_outer=199.2 ns_per_call=12.45
rep 4 variant=fp enabled=0 outer=200000 calls=16 ns_per_outer=180.2 ns_per_call=11.26
rep 5 variant=fp enabled=0 outer=200000 calls=16 ns_per_outer=181.0 ns_per_call=11.31
rep 6 variant=fp enabled=0 outer=200000 calls=16 ns_per_outer=181.4 ns_per_call=11.34
result variant=fp enabled=0 outer=200000 calls=16 reps=7 median_ns_per_outer=185.5 median_ns_per_call=11.59 min_ns_per_call=11.26 acc=25600000
[    0.890796] kjit: translate_svc_sites pid 76: 2 text ranges, 111 svc sites
[    0.891185] rust_kjit: kjit: pc 0x401028: installed 496 bytes, 0 fault sites, 4 entries, text 0x401028..0x401038, fpsimd true
[    0.891815] rust_kjit: kjit: pc 0x40100c: installed 1016 bytes, 1 fault sites, 11 entries, text 0x400ffc..0x401028, fpsimd false
rep 0 variant=fp enabled=1 outer=20000 calls=16 ns_per_outer=221.2 ns_per_call=13.83
rep 1 variant=fp enabled=1 outer=20000 calls=16 ns_per_outer=235.9 ns_per_call=14.75
rep 2 variant=fp enabled=1 outer=20000 calls=16 ns_per_outer=221.0 ns_per_call=13.81
rep 3 variant=fp enabled=1 outer=20000 calls=16 ns_per_outer=216.6 ns_per_call=13.54
rep 4 variant=fp enabled=1 outer=20000 calls=16 ns_per_outer=226.8 ns_per_call=14.17
rep 5 variant=fp enabled=1 outer=20000 calls=16 ns_per_outer=223.2 ns_per_call=13.95
rep 6 variant=fp enabled=1 outer=20000 calls=16 ns_per_outer=235.2 ns_per_call=14.70
result variant=fp enabled=1 outer=20000 calls=16 reps=7 median_ns_per_outer=223.2 median_ns_per_call=13.95 min_ns_per_call=13.54 acc=2560000
counters variant=fp timed_outer=140000 hook_calls=140045 syscalls_in_kernel=139965 fragment_entries=280017 fpsimd_entries=139973 fpsimd_restores=0 chains=139972 chain_cap=0 exit_svc=139965 exit_bl=139972 exit_blr=0 exit_br=0 exit_ret=80 exit_mem=0 exit_unsupported=0 exit_budget=0 run_declined=0
rep 0 variant=gpr enabled=0 outer=200000 calls=128 ns_per_outer=263.5 ns_per_call=2.06
rep 1 variant=gpr enabled=0 outer=200000 calls=128 ns_per_outer=275.0 ns_per_call=2.15
rep 2 variant=gpr enabled=0 outer=200000 calls=128 ns_per_outer=265.9 ns_per_call=2.08
rep 3 variant=gpr enabled=0 outer=200000 calls=128 ns_per_outer=262.1 ns_per_call=2.05
rep 4 variant=gpr enabled=0 outer=200000 calls=128 ns_per_outer=273.7 ns_per_call=2.14
rep 5 variant=gpr enabled=0 outer=200000 calls=128 ns_per_outer=314.1 ns_per_call=2.45
rep 6 variant=gpr enabled=0 outer=200000 calls=128 ns_per_outer=258.6 ns_per_call=2.02
result variant=gpr enabled=0 outer=200000 calls=128 reps=7 median_ns_per_outer=265.9 median_ns_per_call=2.08 min_ns_per_call=2.02 acc=204800000
[    1.409663] kjit: translate_svc_sites pid 78: 2 text ranges, 111 svc sites
[    1.410089] rust_kjit: kjit: pc 0x400fe8: installed 488 bytes, 0 fault sites, 2 entries, text 0x400fe8..0x400ff0, fpsimd false
[    1.410743] rust_kjit: kjit: pc 0x400fcc: installed 1016 bytes, 1 fault sites, 11 entries, text 0x400fbc..0x400fe8, fpsimd false
rep 0 variant=gpr enabled=1 outer=20000 calls=128 ns_per_outer=841.0 ns_per_call=6.57
rep 1 variant=gpr enabled=1 outer=20000 calls=128 ns_per_outer=864.9 ns_per_call=6.76
rep 2 variant=gpr enabled=1 outer=20000 calls=128 ns_per_outer=839.9 ns_per_call=6.56
rep 3 variant=gpr enabled=1 outer=20000 calls=128 ns_per_outer=834.4 ns_per_call=6.52
rep 4 variant=gpr enabled=1 outer=20000 calls=128 ns_per_outer=837.5 ns_per_call=6.54
rep 5 variant=gpr enabled=1 outer=20000 calls=128 ns_per_outer=856.1 ns_per_call=6.69
rep 6 variant=gpr enabled=1 outer=20000 calls=128 ns_per_outer=841.2 ns_per_call=6.57
result variant=gpr enabled=1 outer=20000 calls=128 reps=7 median_ns_per_outer=841.0 median_ns_per_call=6.57 min_ns_per_call=6.52 acc=20480000
counters variant=gpr timed_outer=140000 hook_calls=140045 syscalls_in_kernel=139965 fragment_entries=140045 fpsimd_entries=1 fpsimd_restores=0 chains=0 chain_cap=0 exit_svc=139965 exit_bl=0 exit_blr=0 exit_br=0 exit_ret=80 exit_mem=0 exit_unsupported=0 exit_budget=0 run_declined=0
rep 0 variant=fp enabled=0 outer=200000 calls=128 ns_per_outer=565.4 ns_per_call=4.42
rep 1 variant=fp enabled=0 outer=200000 calls=128 ns_per_outer=536.5 ns_per_call=4.19
rep 2 variant=fp enabled=0 outer=200000 calls=128 ns_per_outer=534.5 ns_per_call=4.18
rep 3 variant=fp enabled=0 outer=200000 calls=128 ns_per_outer=535.8 ns_per_call=4.19
rep 4 variant=fp enabled=0 outer=200000 calls=128 ns_per_outer=534.9 ns_per_call=4.18
rep 5 variant=fp enabled=0 outer=200000 calls=128 ns_per_outer=538.1 ns_per_call=4.20
rep 6 variant=fp enabled=0 outer=200000 calls=128 ns_per_outer=531.3 ns_per_call=4.15
result variant=fp enabled=0 outer=200000 calls=128 reps=7 median_ns_per_outer=535.8 median_ns_per_call=4.19 min_ns_per_call=4.15 acc=204800000
[    2.449197] kjit: translate_svc_sites pid 80: 2 text ranges, 111 svc sites
[    2.449683] rust_kjit: kjit: pc 0x401028: installed 496 bytes, 0 fault sites, 4 entries, text 0x401028..0x401038, fpsimd true
[    2.450129] rust_kjit: kjit: pc 0x40100c: installed 1016 bytes, 1 fault sites, 11 entries, text 0x400ffc..0x401028, fpsimd false
rep 0 variant=fp enabled=1 outer=20000 calls=128 ns_per_outer=914.0 ns_per_call=7.14
rep 1 variant=fp enabled=1 outer=20000 calls=128 ns_per_outer=929.5 ns_per_call=7.26
rep 2 variant=fp enabled=1 outer=20000 calls=128 ns_per_outer=957.1 ns_per_call=7.48
rep 3 variant=fp enabled=1 outer=20000 calls=128 ns_per_outer=926.8 ns_per_call=7.24
rep 4 variant=fp enabled=1 outer=20000 calls=128 ns_per_outer=927.2 ns_per_call=7.24
rep 5 variant=fp enabled=1 outer=20000 calls=128 ns_per_outer=920.0 ns_per_call=7.19
rep 6 variant=fp enabled=1 outer=20000 calls=128 ns_per_outer=904.8 ns_per_call=7.07
result variant=fp enabled=1 outer=20000 calls=128 reps=7 median_ns_per_outer=926.8 median_ns_per_call=7.24 min_ns_per_call=7.07 acc=20480000
counters variant=fp timed_outer=140000 hook_calls=140045 syscalls_in_kernel=139965 fragment_entries=280017 fpsimd_entries=139973 fpsimd_restores=0 chains=139972 chain_cap=0 exit_svc=139965 exit_bl=139972 exit_blr=0 exit_br=0 exit_ret=80 exit_mem=0 exit_unsupported=0 exit_budget=0 run_declined=0
rep 0 variant=gpr enabled=0 outer=200000 calls=256 ns_per_outer=379.6 ns_per_call=1.48
rep 1 variant=gpr enabled=0 outer=200000 calls=256 ns_per_outer=378.9 ns_per_call=1.48
rep 2 variant=gpr enabled=0 outer=200000 calls=256 ns_per_outer=379.7 ns_per_call=1.48
rep 3 variant=gpr enabled=0 outer=200000 calls=256 ns_per_outer=375.2 ns_per_call=1.47
rep 4 variant=gpr enabled=0 outer=200000 calls=256 ns_per_outer=380.9 ns_per_call=1.49
rep 5 variant=gpr enabled=0 outer=200000 calls=256 ns_per_outer=379.7 ns_per_call=1.48
rep 6 variant=gpr enabled=0 outer=200000 calls=256 ns_per_outer=378.7 ns_per_call=1.48
result variant=gpr enabled=0 outer=200000 calls=256 reps=7 median_ns_per_outer=379.6 median_ns_per_call=1.48 min_ns_per_call=1.47 acc=409600000
[    3.244311] kjit: translate_svc_sites pid 82: 2 text ranges, 111 svc sites
[    3.244900] rust_kjit: kjit: pc 0x400fe8: installed 488 bytes, 0 fault sites, 2 entries, text 0x400fe8..0x400ff0, fpsimd false
[    3.245637] rust_kjit: kjit: pc 0x400fcc: installed 1016 bytes, 1 fault sites, 11 entries, text 0x400fbc..0x400fe8, fpsimd false
rep 0 variant=gpr enabled=1 outer=20000 calls=256 ns_per_outer=1641.0 ns_per_call=6.41
rep 1 variant=gpr enabled=1 outer=20000 calls=256 ns_per_outer=1649.5 ns_per_call=6.44
rep 2 variant=gpr enabled=1 outer=20000 calls=256 ns_per_outer=1638.5 ns_per_call=6.40
rep 3 variant=gpr enabled=1 outer=20000 calls=256 ns_per_outer=1625.7 ns_per_call=6.35
rep 4 variant=gpr enabled=1 outer=20000 calls=256 ns_per_outer=1637.7 ns_per_call=6.40
rep 5 variant=gpr enabled=1 outer=20000 calls=256 ns_per_outer=1655.7 ns_per_call=6.47
rep 6 variant=gpr enabled=1 outer=20000 calls=256 ns_per_outer=1635.4 ns_per_call=6.39
result variant=gpr enabled=1 outer=20000 calls=256 reps=7 median_ns_per_outer=1638.5 median_ns_per_call=6.40 min_ns_per_call=6.35 acc=40960000
counters variant=gpr timed_outer=140000 hook_calls=140045 syscalls_in_kernel=139965 fragment_entries=140045 fpsimd_entries=1 fpsimd_restores=0 chains=0 chain_cap=0 exit_svc=139965 exit_bl=0 exit_blr=0 exit_br=0 exit_ret=80 exit_mem=0 exit_unsupported=0 exit_budget=0 run_declined=0
rep 0 variant=fp enabled=0 outer=200000 calls=256 ns_per_outer=938.9 ns_per_call=3.67
rep 1 variant=fp enabled=0 outer=200000 calls=256 ns_per_outer=945.1 ns_per_call=3.69
rep 2 variant=fp enabled=0 outer=200000 calls=256 ns_per_outer=953.1 ns_per_call=3.72
rep 3 variant=fp enabled=0 outer=200000 calls=256 ns_per_outer=944.0 ns_per_call=3.69
rep 4 variant=fp enabled=0 outer=200000 calls=256 ns_per_outer=945.8 ns_per_call=3.69
rep 5 variant=fp enabled=0 outer=200000 calls=256 ns_per_outer=940.8 ns_per_call=3.68
rep 6 variant=fp enabled=0 outer=200000 calls=256 ns_per_outer=953.6 ns_per_call=3.72
result variant=fp enabled=0 outer=200000 calls=256 reps=7 median_ns_per_outer=945.1 median_ns_per_call=3.69 min_ns_per_call=3.67 acc=409600000
[    5.061777] kjit: translate_svc_sites pid 84: 2 text ranges, 111 svc sites
[    5.062181] rust_kjit: kjit: pc 0x401028: installed 496 bytes, 0 fault sites, 4 entries, text 0x401028..0x401038, fpsimd true
[    5.062772] rust_kjit: kjit: pc 0x40100c: installed 1016 bytes, 1 fault sites, 11 entries, text 0x400ffc..0x401028, fpsimd false
rep 0 variant=fp enabled=1 outer=20000 calls=256 ns_per_outer=1719.1 ns_per_call=6.72
rep 1 variant=fp enabled=1 outer=20000 calls=256 ns_per_outer=1713.0 ns_per_call=6.69
rep 2 variant=fp enabled=1 outer=20000 calls=256 ns_per_outer=1712.7 ns_per_call=6.69
rep 3 variant=fp enabled=1 outer=20000 calls=256 ns_per_outer=1734.3 ns_per_call=6.77
rep 4 variant=fp enabled=1 outer=20000 calls=256 ns_per_outer=1727.5 ns_per_call=6.75
rep 5 variant=fp enabled=1 outer=20000 calls=256 ns_per_outer=1707.9 ns_per_call=6.67
rep 6 variant=fp enabled=1 outer=20000 calls=256 ns_per_outer=1725.6 ns_per_call=6.74
result variant=fp enabled=1 outer=20000 calls=256 reps=7 median_ns_per_outer=1719.1 median_ns_per_call=6.72 min_ns_per_call=6.67 acc=40960000
counters variant=fp timed_outer=140000 hook_calls=140045 syscalls_in_kernel=139965 fragment_entries=280017 fpsimd_entries=139973 fpsimd_restores=0 chains=139972 chain_cap=0 exit_svc=139965 exit_bl=139972 exit_blr=0 exit_br=0 exit_ret=80 exit_mem=0 exit_unsupported=0 exit_budget=0 run_declined=0
a11: ibtc_variant=0
a11: warm-up at off
a11maps aaaab93d0000-aaaab9620000 r-xp 00000000 00:03 4263                       /opt/redis/src/redis-server
a11maps aaaab9629000-aaaab9630000 r--p 00259000 00:03 4263                       /opt/redis/src/redis-server
a11maps aaaab9630000-aaaab9689000 rw-p 00260000 00:03 4263                       /opt/redis/src/redis-server
a11maps aaaab9689000-aaaab98bc000 rw-p 00000000 00:00 0 
a11maps aaaac07ff000-aaaac0820000 rw-p 00000000 00:00 0                          [heap]
a11maps ffff92740000-ffff929c0000 rw-p 00000000 00:00 0 
a11maps ffff929c0000-ffff929d0000 ---p 00000000 00:00 0 
a11maps ffff929d0000-ffff931d0000 rw-p 00000000 00:00 0 
a11maps ffff931d0000-ffff931e0000 ---p 00000000 00:00 0 
a11maps ffff931e0000-ffff939e0000 rw-p 00000000 00:00 0 
a11maps ffff939e0000-ffff939f0000 ---p 00000000 00:00 0 
a11maps ffff939f0000-ffff941f0000 rw-p 00000000 00:00 0 
a11maps ffff941f0000-ffff94200000 ---p 00000000 00:00 0 
a11maps ffff94200000-ffff94a00000 rw-p 00000000 00:00 0 
a11maps ffff94a00000-ffff95200000 rw-p 00000000 00:00 0 
a11maps ffff953c0000-ffff9554c000 r-xp 00000000 00:03 816                        /usr/lib/aarch64-linux-gnu/libc.so.6
a11maps ffff9554c000-ffff9555c000 ---p 0018c000 00:03 816                        /usr/lib/aarch64-linux-gnu/libc.so.6
a11maps ffff9555c000-ffff95560000 r--p 0018c000 00:03 816                        /usr/lib/aarch64-linux-gnu/libc.so.6
a11maps ffff95560000-ffff95562000 rw-p 00190000 00:03 816                        /usr/lib/aarch64-linux-gnu/libc.so.6
a11maps ffff95562000-ffff9556f000 rw-p 00000000 00:00 0 
a11maps ffff95570000-ffff955f2000 r-xp 00000000 00:03 863                        /usr/lib/aarch64-linux-gnu/libm.so.6
a11maps ffff955f2000-ffff9560f000 ---p 00082000 00:03 863                        /usr/lib/aarch64-linux-gnu/libm.so.6
a11maps ffff9560f000-ffff95610000 r--p 0008f000 00:03 863                        /usr/lib/aarch64-linux-gnu/libm.so.6
a11maps ffff95610000-ffff95611000 rw-p 00090000 00:03 863                        /usr/lib/aarch64-linux-gnu/libm.so.6
a11maps ffff95615000-ffff9563c000 r-xp 00000000 00:03 796                        /usr/lib/aarch64-linux-gnu/ld-linux-aarch64.so.1
a11maps ffff95646000-ffff9564a000 rw-p 00000000 00:00 0 
a11maps ffff9564c000-ffff9564e000 rw-p 00000000 00:00 0 
a11maps ffff9564e000-ffff95652000 r--p 00000000 00:00 0                          [vvar]
a11maps ffff95652000-ffff95653000 r-xp 00000000 00:00 0                          [vdso]
a11maps ffff95653000-ffff95655000 r--p 0002e000 00:03 796                        /usr/lib/aarch64-linux-gnu/ld-linux-aarch64.so.1
a11maps ffff95655000-ffff95657000 rw-p 00030000 00:03 796                        /usr/lib/aarch64-linux-gnu/ld-linux-aarch64.so.1
a11maps ffffc277e000-ffffc279f000 rw-p 00000000 00:00 0                          [stack]
a11 point=off pass=1 test=set requests=200000 rps=234192.05 hook_calls=0 syscalls_in_kernel=0 fragment_entries=0 fpsimd_entries=0 fpsimd_restores=0 chains=0 chain_cap=0 exit_svc=0 exit_bl=0 exit_blr=0 exit_br=0 exit_ret=0 exit_mem=0 exit_unsupported=0 exit_budget=0 run_declined=0 ibtc_insert=0 ibtc_replace=0 ibtc_clear=0 ibtc_fpsimd_boundary=0 ibtc_miss_cold=0 ibtc_miss_conflict=0 ibtc_miss_other=0 fpsimd_run_max_ns=65208 miss_residual=0
a11slots point=off pass=1 test=set # table all conflicts 0 slots 0 top32 0
a11slots point=off pass=1 test=set # table nofp conflicts 0 slots 0 top32 0
a11 point=off pass=1 test=get requests=200000 rps=235017.62 hook_calls=0 syscalls_in_kernel=0 fragment_entries=0 fpsimd_entries=0 fpsimd_restores=0 chains=0 chain_cap=0 exit_svc=0 exit_bl=0 exit_blr=0 exit_br=0 exit_ret=0 exit_mem=0 exit_unsupported=0 exit_budget=0 run_declined=0 ibtc_insert=0 ibtc_replace=0 ibtc_clear=0 ibtc_fpsimd_boundary=0 ibtc_miss_cold=0 ibtc_miss_conflict=0 ibtc_miss_other=0 fpsimd_run_max_ns=65208 miss_residual=0
a11slots point=off pass=1 test=get # table all conflicts 0 slots 0 top32 0
a11slots point=off pass=1 test=get # table nofp conflicts 0 slots 0 top32 0
a11 point=1024 pass=1 test=set requests=200000 rps=107353.73 hook_calls=408709 syscalls_in_kernel=384533 fragment_entries=5516569 fpsimd_entries=1546670 fpsimd_restores=0 chains=5108674 chain_cap=0 exit_svc=384533 exit_bl=1965531 exit_blr=198172 exit_br=980054 exit_ret=1983032 exit_mem=2 exit_unsupported=5245 exit_budget=0 run_declined=14 ibtc_insert=7124018 ibtc_replace=7123516 ibtc_clear=0 ibtc_fpsimd_boundary=1546665 ibtc_miss_cold=17278 ibtc_miss_conflict=3562846 ibtc_miss_other=0 fpsimd_run_max_ns=237875 miss_residual=0
a11slots point=1024 pass=1 test=set # table all conflicts 1535162 slots 12 top32 1535162
a11slots point=1024 pass=1 test=set all 3164 391244 0xaaaab944b170 0xaaaab9467170
a11slots point=1024 pass=1 test=set all 1813 379432 0xaaaab953dc54 0xaaaab946dc54
a11slots point=1024 pass=1 test=set all 883 190711 0xaaaab9480dcc 0xaaaab943cdcc
a11slots point=1024 pass=1 test=set all 357 190262 0xaaaab94b8594 0xaaaab9444594
a11slots point=1024 pass=1 test=set all 2364 189492 0xaaaab946e4f0 0xaaaab953e4f0
a11slots point=1024 pass=1 test=set all 928 188596 0xaaaab9480e80 0xaaaab9468e80
a11slots point=1024 pass=1 test=set all 453 2666 0xaaaab946c714 0xaaaab9544714
a11slots point=1024 pass=1 test=set all 1616 2458 0xaaaab946d940 0xaaaab9469940
a11slots point=1024 pass=1 test=set all 1684 213 0xaaaab946da50 0xaaaab945da50
a11slots point=1024 pass=1 test=set all 1116 86 0xaaaab9455170 0xaaaab9449170
a11slots point=1024 pass=1 test=set all 236 1 0xaaaab945c3b0 0xaaaab94403b0
a11slots point=1024 pass=1 test=set all 1392 1 0xaaaab94495c0 0xaaaab95095c0
a11slots point=1024 pass=1 test=set # table nofp conflicts 2027684 slots 17 top32 2027684
a11slots point=1024 pass=1 test=set nofp 1116 389026 0xaaaab9455170 0xaaaab9449170
a11slots point=1024 pass=1 test=set nofp 453 382218 0xaaaab9544714 0xaaaab946c714
a11slots point=1024 pass=1 test=set nofp 1616 381379 0xaaaab946d940 0xaaaab9469940
a11slots point=1024 pass=1 test=set nofp 883 190776 0xaaaab943cdcc 0xaaaab9480dcc
a11slots point=1024 pass=1 test=set nofp 357 190197 0xaaaab9444594 0xaaaab94b8594
a11slots point=1024 pass=1 test=set nofp 2364 189557 0xaaaab953e4f0 0xaaaab946e4f0
a11slots point=1024 pass=1 test=set nofp 928 188661 0xaaaab9468e80 0xaaaab9480e80
a11slots point=1024 pass=1 test=set nofp 1684 14841 0xaaaab945da50 0xaaaab946da50
a11slots point=1024 pass=1 test=set nofp 236 14804 0xaaaab94403b0 0xaaaab945c3b0
a11slots point=1024 pass=1 test=set nofp 1766 14748 0xaaaab945db98 0xaaaab953db98
a11slots point=1024 pass=1 test=set nofp 1756 14714 0xaaaab945db70 0xaaaab9455b70
a11slots point=1024 pass=1 test=set nofp 1472 14698 0xaaaab945d700 0xaaaab9449700
a11slots point=1024 pass=1 test=set nofp 1804 14660 0xffff9549dc30 0xaaaab945dc30
a11slots point=1024 pass=1 test=set nofp 2452 14293 0xaaaab950a650 0xaaaab94ce650
a11slots point=1024 pass=1 test=set nofp 257 13110 0xaaaab9444404 0xaaaab9440404
a11slots point=1024 pass=1 test=set nofp 1813 1 0xaaaab953dc54 0xaaaab946dc54
a11slots point=1024 pass=1 test=set nofp 3164 1 0xaaaab944b170 0xaaaab9467170
a11 point=1024 pass=1 test=get requests=200000 rps=123152.71 hook_calls=408930 syscalls_in_kernel=398638 fragment_entries=3135173 fpsimd_entries=1005080 fpsimd_restores=0 chains=2726798 chain_cap=0 exit_svc=398638 exit_bl=1053785 exit_blr=198646 exit_br=607648 exit_ret=868562 exit_mem=0 exit_unsupported=7894 exit_budget=0 run_declined=14 ibtc_insert=3443439 ibtc_replace=3443409 ibtc_clear=0 ibtc_fpsimd_boundary=1005078 ibtc_miss_cold=1679 ibtc_miss_conflict=1721884 ibtc_miss_other=0 fpsimd_run_max_ns=238583 miss_residual=0
a11slots point=1024 pass=1 test=get # table all conflicts 996400 slots 7 top32 996400
a11slots point=1024 pass=1 test=get all 3164 399892 0xaaaab944b170 0xaaaab9467170
a11slots point=1024 pass=1 test=get all 1813 397120 0xaaaab953dc54 0xaaaab946dc54
a11slots point=1024 pass=1 test=get all 357 198560 0xaaaab94b8594 0xaaaab9444594
a11slots point=1024 pass=1 test=get all 1116 585 0xaaaab9455170 0xaaaab9449170
a11slots point=1024 pass=1 test=get all 1684 118 0xaaaab946da50 0xaaaab945da50
a11slots point=1024 pass=1 test=get all 1622 64 0xaaaab9461958 0xaaaab945d958
a11slots point=1024 pass=1 test=get all 1600 61 0xaaaab9461900 0xaaaab945d900
a11slots point=1024 pass=1 test=get # table nofp conflicts 725484 slots 12 top32 725484
a11slots point=1024 pass=1 test=get nofp 1116 399307 0xaaaab9455170 0xaaaab9449170
a11slots point=1024 pass=1 test=get nofp 357 198560 0xaaaab9444594 0xaaaab94b8594
a11slots point=1024 pass=1 test=get nofp 236 16076 0xaaaab94403b0 0xaaaab945c3b0
a11slots point=1024 pass=1 test=get nofp 1600 15993 0xaaaab945d900 0xaaaab9461900
a11slots point=1024 pass=1 test=get nofp 1766 15970 0xaaaab945db98 0xaaaab953db98
a11slots point=1024 pass=1 test=get nofp 1684 15940 0xaaaab945da50 0xaaaab946da50
a11slots point=1024 pass=1 test=get nofp 1472 15934 0xaaaab945d700 0xaaaab9449700
a11slots point=1024 pass=1 test=get nofp 1756 15934 0xaaaab945db70 0xaaaab9455b70
a11slots point=1024 pass=1 test=get nofp 1804 15934 0xffff9549dc30 0xaaaab945dc30
a11slots point=1024 pass=1 test=get nofp 257 15784 0xaaaab9444404 0xaaaab9440404
a11slots point=1024 pass=1 test=get nofp 1345 51 0xaaaab9441504 0xaaaab9449504
a11slots point=1024 pass=1 test=get nofp 1622 1 0xaaaab9461958 0xaaaab945d958
a11 point=off pass=2 test=set requests=200000 rps=234192.05 hook_calls=0 syscalls_in_kernel=0 fragment_entries=0 fpsimd_entries=0 fpsimd_restores=0 chains=0 chain_cap=0 exit_svc=0 exit_bl=0 exit_blr=0 exit_br=0 exit_ret=0 exit_mem=0 exit_unsupported=0 exit_budget=0 run_declined=0 ibtc_insert=0 ibtc_replace=0 ibtc_clear=0 ibtc_fpsimd_boundary=0 ibtc_miss_cold=0 ibtc_miss_conflict=0 ibtc_miss_other=0 fpsimd_run_max_ns=238583 miss_residual=0
a11slots point=off pass=2 test=set # table all conflicts 0 slots 0 top32 0
a11slots point=off pass=2 test=set # table nofp conflicts 0 slots 0 top32 0
a11 point=off pass=2 test=get requests=200000 rps=144300.14 hook_calls=0 syscalls_in_kernel=0 fragment_entries=0 fpsimd_entries=0 fpsimd_restores=0 chains=0 chain_cap=0 exit_svc=0 exit_bl=0 exit_blr=0 exit_br=0 exit_ret=0 exit_mem=0 exit_unsupported=0 exit_budget=0 run_declined=0 ibtc_insert=0 ibtc_replace=0 ibtc_clear=0 ibtc_fpsimd_boundary=0 ibtc_miss_cold=0 ibtc_miss_conflict=0 ibtc_miss_other=0 fpsimd_run_max_ns=238583 miss_residual=0
a11slots point=off pass=2 test=get # table all conflicts 0 slots 0 top32 0
a11slots point=off pass=2 test=get # table nofp conflicts 0 slots 0 top32 0
a11 point=1024 pass=2 test=set requests=200000 rps=97799.51 hook_calls=408790 syscalls_in_kernel=399586 fragment_entries=5732619 fpsimd_entries=1605234 fpsimd_restores=0 chains=5324392 chain_cap=0 exit_svc=399586 exit_bl=2036365 exit_blr=207453 exit_br=1006478 exit_ret=2074941 exit_mem=0 exit_unsupported=7796 exit_budget=0 run_declined=14 ibtc_insert=7438316 ibtc_replace=7438316 ibtc_clear=0 ibtc_fpsimd_boundary=1605234 ibtc_miss_cold=794 ibtc_miss_conflict=3719209 ibtc_miss_other=0 fpsimd_run_max_ns=533500 miss_residual=0
a11slots point=1024 pass=2 test=set # table all conflicts 1597097 slots 10 top32 1597097
a11slots point=1024 pass=2 test=set all 3164 399316 0xaaaab944b170 0xaaaab9467170
a11slots point=1024 pass=2 test=set all 1813 399228 0xaaaab953dc54 0xaaaab946dc54
a11slots point=1024 pass=2 test=set all 883 199617 0xaaaab9480dcc 0xaaaab943cdcc
a11slots point=1024 pass=2 test=set all 357 199614 0xaaaab94b8594 0xaaaab9444594
a11slots point=1024 pass=2 test=set all 928 199614 0xaaaab9480e80 0xaaaab9468e80
a11slots point=1024 pass=2 test=set all 2364 199614 0xaaaab946e4f0 0xaaaab953e4f0
a11slots point=1024 pass=2 test=set all 453 40 0xaaaab946c714 0xaaaab9544714
a11slots point=1024 pass=2 test=set all 1616 28 0xaaaab946d940 0xaaaab9469940
a11slots point=1024 pass=2 test=set all 1116 25 0xaaaab9455170 0xaaaab9449170
a11slots point=1024 pass=2 test=set all 1684 1 0xaaaab946da50 0xaaaab945da50
a11slots point=1024 pass=2 test=set # table nofp conflicts 2122112 slots 16 top32 2122112
a11slots point=1024 pass=2 test=set nofp 1116 399291 0xaaaab9455170 0xaaaab9449170
a11slots point=1024 pass=2 test=set nofp 453 399270 0xaaaab9544714 0xaaaab946c714
a11slots point=1024 pass=2 test=set nofp 1616 399256 0xaaaab946d940 0xaaaab9469940
a11slots point=1024 pass=2 test=set nofp 883 199617 0xaaaab943cdcc 0xaaaab9480dcc
a11slots point=1024 pass=2 test=set nofp 357 199614 0xaaaab9444594 0xaaaab94b8594
a11slots point=1024 pass=2 test=set nofp 928 199614 0xaaaab9468e80 0xaaaab9480e80
a11slots point=1024 pass=2 test=set nofp 2364 199614 0xaaaab953e4f0 0xaaaab946e4f0
a11slots point=1024 pass=2 test=set nofp 236 15774 0xaaaab94403b0 0xaaaab945c3b0
a11slots point=1024 pass=2 test=set nofp 1766 15772 0xaaaab945db98 0xaaaab953db98
a11slots point=1024 pass=2 test=set nofp 1684 15771 0xaaaab945da50 0xaaaab946da50
a11slots point=1024 pass=2 test=set nofp 1472 15754 0xaaaab945d700 0xaaaab9449700
a11slots point=1024 pass=2 test=set nofp 1756 15754 0xaaaab945db70 0xaaaab9455b70
a11slots point=1024 pass=2 test=set nofp 1804 15754 0xffff9549dc30 0xaaaab945dc30
a11slots point=1024 pass=2 test=set nofp 2452 15624 0xaaaab950a650 0xaaaab94ce650
a11slots point=1024 pass=2 test=set nofp 257 15582 0xaaaab9444404 0xaaaab9440404
a11slots point=1024 pass=2 test=set nofp 1345 51 0xaaaab9441504 0xaaaab9449504
a11 point=1024 pass=2 test=get requests=200000 rps=127551.02 hook_calls=408885 syscalls_in_kernel=399677 fragment_entries=3141798 fpsimd_entries=1007208 fpsimd_restores=58 chains=2733472 chain_cap=0 exit_svc=399677 exit_bl=1055642 exit_blr=199717 exit_br=607888 exit_ret=870968 exit_mem=4 exit_unsupported=7902 exit_budget=0 run_declined=11 ibtc_insert=3452528 ibtc_replace=3452528 ibtc_clear=0 ibtc_fpsimd_boundary=1007208 ibtc_miss_cold=692 ibtc_miss_conflict=1726315 ibtc_miss_other=0 fpsimd_run_max_ns=533500 miss_residual=0
a11slots point=1024 pass=2 test=get # table all conflicts 999273 slots 5 top32 999273
a11slots point=1024 pass=2 test=get all 3164 399918 0xaaaab944b170 0xaaaab9467170
a11slots point=1024 pass=2 test=get all 1813 399398 0xaaaab953dc54 0xaaaab946dc54
a11slots point=1024 pass=2 test=get all 357 199699 0xaaaab94b8594 0xaaaab9444594
a11slots point=1024 pass=2 test=get all 1116 188 0xaaaab9455170 0xaaaab9449170
a11slots point=1024 pass=2 test=get all 1684 70 0xaaaab946da50 0xaaaab945da50
a11slots point=1024 pass=2 test=get # table nofp conflicts 727042 slots 11 top32 727042
a11slots point=1024 pass=2 test=get nofp 1116 399730 0xaaaab9455170 0xaaaab9449170
a11slots point=1024 pass=2 test=get nofp 357 199699 0xaaaab9444594 0xaaaab94b8594
a11slots point=1024 pass=2 test=get nofp 236 15990 0xaaaab94403b0 0xaaaab945c3b0
a11slots point=1024 pass=2 test=get nofp 1766 15988 0xaaaab945db98 0xaaaab953db98
a11slots point=1024 pass=2 test=get nofp 1472 15966 0xaaaab945d700 0xaaaab9449700
a11slots point=1024 pass=2 test=get nofp 1600 15966 0xaaaab945d900 0xaaaab9461900
a11slots point=1024 pass=2 test=get nofp 1756 15966 0xaaaab945db70 0xaaaab9455b70
a11slots point=1024 pass=2 test=get nofp 1804 15966 0xffff9549dc30 0xaaaab945dc30
a11slots point=1024 pass=2 test=get nofp 1684 15918 0xaaaab945da50 0xaaaab946da50
a11slots point=1024 pass=2 test=get nofp 257 15802 0xaaaab9444404 0xaaaab9440404
a11slots point=1024 pass=2 test=get nofp 1345 51 0xaaaab9441504 0xaaaab9449504
a11 point=off pass=3 test=set requests=200000 rps=221483.94 hook_calls=0 syscalls_in_kernel=0 fragment_entries=0 fpsimd_entries=0 fpsimd_restores=0 chains=0 chain_cap=0 exit_svc=0 exit_bl=0 exit_blr=0 exit_br=0 exit_ret=0 exit_mem=0 exit_unsupported=0 exit_budget=0 run_declined=0 ibtc_insert=0 ibtc_replace=0 ibtc_clear=0 ibtc_fpsimd_boundary=0 ibtc_miss_cold=0 ibtc_miss_conflict=0 ibtc_miss_other=0 fpsimd_run_max_ns=533500 miss_residual=0
a11slots point=off pass=3 test=set # table all conflicts 0 slots 0 top32 0
a11slots point=off pass=3 test=set # table nofp conflicts 0 slots 0 top32 0
a11 point=off pass=3 test=get requests=200000 rps=227272.73 hook_calls=0 syscalls_in_kernel=0 fragment_entries=0 fpsimd_entries=0 fpsimd_restores=0 chains=0 chain_cap=0 exit_svc=0 exit_bl=0 exit_blr=0 exit_br=0 exit_ret=0 exit_mem=0 exit_unsupported=0 exit_budget=0 run_declined=0 ibtc_insert=0 ibtc_replace=0 ibtc_clear=0 ibtc_fpsimd_boundary=0 ibtc_miss_cold=0 ibtc_miss_conflict=0 ibtc_miss_other=0 fpsimd_run_max_ns=533500 miss_residual=0
a11slots point=off pass=3 test=get # table all conflicts 0 slots 0 top32 0
a11slots point=off pass=3 test=get # table nofp conflicts 0 slots 0 top32 0
a11 point=1024 pass=3 test=set requests=200000 rps=107642.62 hook_calls=408657 syscalls_in_kernel=399687 fragment_entries=5731176 fpsimd_entries=1605381 fpsimd_restores=0 chains=5323085 chain_cap=0 exit_svc=399687 exit_bl=2036044 exit_blr=207341 exit_br=1006501 exit_ret=2073969 exit_mem=4 exit_unsupported=7630 exit_budget=0 run_declined=21 ibtc_insert=7435408 ibtc_replace=7435408 ibtc_clear=0 ibtc_fpsimd_boundary=1605381 ibtc_miss_cold=719 ibtc_miss_conflict=3717755 ibtc_miss_other=0 fpsimd_run_max_ns=533500 miss_residual=0
a11slots point=1024 pass=3 test=set # table all conflicts 1597456 slots 11 top32 1597456
a11slots point=1024 pass=3 test=set all 3164 399398 0xaaaab944b170 0xaaaab9467170
a11slots point=1024 pass=3 test=set all 1813 399328 0xaaaab953dc54 0xaaaab946dc54
a11slots point=1024 pass=3 test=set all 883 199669 0xaaaab9480dcc 0xaaaab943cdcc
a11slots point=1024 pass=3 test=set all 357 199664 0xaaaab94b8594 0xaaaab9444594
a11slots point=1024 pass=3 test=set all 928 199664 0xaaaab9480e80 0xaaaab9468e80
a11slots point=1024 pass=3 test=set all 2364 199664 0xaaaab946e4f0 0xaaaab953e4f0
a11slots point=1024 pass=3 test=set all 453 30 0xaaaab946c714 0xaaaab9544714
a11slots point=1024 pass=3 test=set all 1616 20 0xaaaab946d940 0xaaaab9469940
a11slots point=1024 pass=3 test=set all 1116 12 0xaaaab9455170 0xaaaab9449170
a11slots point=1024 pass=3 test=set all 1684 4 0xaaaab946da50 0xaaaab945da50
a11slots point=1024 pass=3 test=set all 236 3 0xaaaab945c3b0 0xaaaab94403b0
a11slots point=1024 pass=3 test=set # table nofp conflicts 2120299 slots 16 top32 2120299
a11slots point=1024 pass=3 test=set nofp 1116 399386 0xaaaab9455170 0xaaaab9449170
a11slots point=1024 pass=3 test=set nofp 453 399366 0xaaaab9544714 0xaaaab946c714
a11slots point=1024 pass=3 test=set nofp 1616 399348 0xaaaab946d940 0xaaaab9469940
a11slots point=1024 pass=3 test=set nofp 883 199669 0xaaaab943cdcc 0xaaaab9480dcc
a11slots point=1024 pass=3 test=set nofp 357 199664 0xaaaab9444594 0xaaaab94b8594
a11slots point=1024 pass=3 test=set nofp 928 199664 0xaaaab9468e80 0xaaaab9480e80
a11slots point=1024 pass=3 test=set nofp 2364 199664 0xaaaab953e4f0 0xaaaab946e4f0
a11slots point=1024 pass=3 test=set nofp 1472 15490 0xaaaab945d700 0xaaaab9449700
a11slots point=1024 pass=3 test=set nofp 1756 15490 0xaaaab945db70 0xaaaab9455b70
a11slots point=1024 pass=3 test=set nofp 1766 15490 0xaaaab945db98 0xaaaab953db98
a11slots point=1024 pass=3 test=set nofp 1804 15490 0xffff9549dc30 0xaaaab945dc30
a11slots point=1024 pass=3 test=set nofp 236 15489 0xaaaab94403b0 0xaaaab945c3b0
a11slots point=1024 pass=3 test=set nofp 1684 15486 0xaaaab945da50 0xaaaab946da50
a11slots point=1024 pass=3 test=set nofp 2452 15294 0xaaaab950a650 0xaaaab94ce650
a11slots point=1024 pass=3 test=set nofp 257 15258 0xaaaab9444404 0xaaaab9440404
a11slots point=1024 pass=3 test=set nofp 1345 51 0xaaaab9441504 0xaaaab9449504
a11 point=1024 pass=3 test=get requests=200000 rps=133600.53 hook_calls=408516 syscalls_in_kernel=399696 fragment_entries=3135416 fpsimd_entries=1006874 fpsimd_restores=236 chains=2727450 chain_cap=0 exit_svc=399697 exit_bl=1053112 exit_blr=199738 exit_br=607500 exit_ret=867814 exit_mem=0 exit_unsupported=7555 exit_budget=0 run_declined=11 ibtc_insert=3441152 ibtc_replace=3441152 ibtc_clear=0 ibtc_fpsimd_boundary=1006874 ibtc_miss_cold=663 ibtc_miss_conflict=1720627 ibtc_miss_other=0 fpsimd_run_max_ns=533500 miss_residual=0
a11slots point=1024 pass=3 test=get # table all conflicts 999290 slots 5 top32 999290
a11slots point=1024 pass=3 test=get all 3164 399900 0xaaaab944b170 0xaaaab9467170
a11slots point=1024 pass=3 test=get all 1813 399442 0xaaaab953dc54 0xaaaab946dc54
a11slots point=1024 pass=3 test=get all 357 199721 0xaaaab94b8594 0xaaaab9444594
a11slots point=1024 pass=3 test=get all 1116 161 0xaaaab9455170 0xaaaab9449170
a11slots point=1024 pass=3 test=get all 1684 66 0xaaaab946da50 0xaaaab945da50
a11slots point=1024 pass=3 test=get # table nofp conflicts 721337 slots 11 top32 721337
a11slots point=1024 pass=3 test=get nofp 1116 399739 0xaaaab9455170 0xaaaab9449170
a11slots point=1024 pass=3 test=get nofp 357 199721 0xaaaab9444594 0xaaaab94b8594
a11slots point=1024 pass=3 test=get nofp 236 15274 0xaaaab94403b0 0xaaaab945c3b0
a11slots point=1024 pass=3 test=get nofp 1766 15272 0xaaaab945db98 0xaaaab953db98
a11slots point=1024 pass=3 test=get nofp 1472 15242 0xaaaab945d700 0xaaaab9449700
a11slots point=1024 pass=3 test=get nofp 1600 15242 0xaaaab945d900 0xaaaab9461900
a11slots point=1024 pass=3 test=get nofp 1756 15242 0xaaaab945db70 0xaaaab9455b70
a11slots point=1024 pass=3 test=get nofp 1804 15242 0xffff9549dc30 0xaaaab945dc30
a11slots point=1024 pass=3 test=get nofp 1684 15206 0xaaaab945da50 0xaaaab946da50
a11slots point=1024 pass=3 test=get nofp 257 15106 0xaaaab9444404 0xaaaab9440404
a11slots point=1024 pass=3 test=get nofp 1345 51 0xaaaab9441504 0xaaaab9449504
a11maps-end aaaab93d0000-aaaab9620000 r-xp 00000000 00:03 4263                       /opt/redis/src/redis-server
a11maps-end aaaab9629000-aaaab9630000 r--p 00259000 00:03 4263                       /opt/redis/src/redis-server
a11maps-end aaaab9630000-aaaab9689000 rw-p 00260000 00:03 4263                       /opt/redis/src/redis-server
a11maps-end aaaab9689000-aaaab98bc000 rw-p 00000000 00:00 0 
a11maps-end aaaac07ff000-aaaac0820000 rw-p 00000000 00:00 0                          [heap]
a11maps-end ffff92740000-ffff929c0000 rw-p 00000000 00:00 0 
a11maps-end ffff929c0000-ffff929d0000 ---p 00000000 00:00 0 
a11maps-end ffff929d0000-ffff931d0000 rw-p 00000000 00:00 0 
a11maps-end ffff931d0000-ffff931e0000 ---p 00000000 00:00 0 
a11maps-end ffff931e0000-ffff939e0000 rw-p 00000000 00:00 0 
a11maps-end ffff939e0000-ffff939f0000 ---p 00000000 00:00 0 
a11maps-end ffff939f0000-ffff941f0000 rw-p 00000000 00:00 0 
a11maps-end ffff941f0000-ffff94200000 ---p 00000000 00:00 0 
a11maps-end ffff94200000-ffff94a00000 rw-p 00000000 00:00 0 
a11maps-end ffff94a00000-ffff95200000 rw-p 00000000 00:00 0 
a11maps-end ffff953c0000-ffff9554c000 r-xp 00000000 00:03 816                        /usr/lib/aarch64-linux-gnu/libc.so.6
a11maps-end ffff9554c000-ffff9555c000 ---p 0018c000 00:03 816                        /usr/lib/aarch64-linux-gnu/libc.so.6
a11maps-end ffff9555c000-ffff95560000 r--p 0018c000 00:03 816                        /usr/lib/aarch64-linux-gnu/libc.so.6
a11maps-end ffff95560000-ffff95562000 rw-p 00190000 00:03 816                        /usr/lib/aarch64-linux-gnu/libc.so.6
a11maps-end ffff95562000-ffff9556f000 rw-p 00000000 00:00 0 
a11maps-end ffff95570000-ffff955f2000 r-xp 00000000 00:03 863                        /usr/lib/aarch64-linux-gnu/libm.so.6
a11maps-end ffff955f2000-ffff9560f000 ---p 00082000 00:03 863                        /usr/lib/aarch64-linux-gnu/libm.so.6
a11maps-end ffff9560f000-ffff95610000 r--p 0008f000 00:03 863                        /usr/lib/aarch64-linux-gnu/libm.so.6
a11maps-end ffff95610000-ffff95611000 rw-p 00090000 00:03 863                        /usr/lib/aarch64-linux-gnu/libm.so.6
a11maps-end ffff95615000-ffff9563c000 r-xp 00000000 00:03 796                        /usr/lib/aarch64-linux-gnu/ld-linux-aarch64.so.1
a11maps-end ffff95646000-ffff9564a000 rw-p 00000000 00:00 0 
a11maps-end ffff9564c000-ffff9564e000 rw-p 00000000 00:00 0 
a11maps-end ffff9564e000-ffff95652000 r--p 00000000 00:00 0                          [vvar]
a11maps-end ffff95652000-ffff95653000 r-xp 00000000 00:00 0                          [vdso]
a11maps-end ffff95653000-ffff95655000 r--p 0002e000 00:03 796                        /usr/lib/aarch64-linux-gnu/ld-linux-aarch64.so.1
a11maps-end ffff95655000-ffff95657000 rw-p 00030000 00:03 796                        /usr/lib/aarch64-linux-gnu/ld-linux-aarch64.so.1
a11maps-end ffffc277e000-ffffc279f000 rw-p 00000000 00:00 0                          [stack]
a11: done
[   38.078028] kjit: 0 of 294 translation requests still queued at unload (freed by the kernel)
[   38.095190] rust_kjit: ######## Rust KJIT exits ########
kjit-init: rmmod kjit ok
kjit-init: run exit=0
[   38.117828] reboot: Power down
