guest-run: profile=kjit-guest run-dir=/Volumes/Local/kjit-a4b2/build/runs/meas-v0nc-20261009-035217
[    0.000000] Booting Linux on physical CPU 0x0000000000 [0x610f0000]
[    0.000000] Linux version 7.1.0-rc1 (@6906d107117b) (Ubuntu clang version 18.1.3 (1ubuntu1), Ubuntu LLD 18.1.3) #1 SMP PREEMPT Fri Oct  2 08:37:58 UTC 2026
[    0.000000] random: crng init done
[    0.000000] Machine model: linux,dummy-virt
[    0.000000] OF: reserved mem: Reserved memory: No reserved-memory node in the DT
[    0.000000] psci: probing for conduit method from DT.
[    0.000000] psci: PSCIv1.1 detected in firmware.
[    0.000000] psci: Using standard PSCI v0.2 function IDs
[    0.000000] psci: Trusted OS migration not required
[    0.000000] psci: SMC Calling Convention v1.0
[    0.000000] Zone ranges:
[    0.000000]   Normal   [mem 0x0000000040000000-0x000000013fffffff]
[    0.000000] Movable zone start for each node
[    0.000000] Early memory node ranges
[    0.000000]   node   0: [mem 0x0000000040000000-0x000000013fffffff]
[    0.000000] Initmem setup node 0 [mem 0x0000000040000000-0x000000013fffffff]
[    0.000000] percpu: Embedded 19 pages/cpu s38488 r8192 d31144 u77824
[    0.000000] Detected PIPT I-cache on CPU0
[    0.000000] CPU features: detected: Address authentication (IMP DEF algorithm)
[    0.000000] CPU features: detected: Spectre-v4
[    0.000000] CPU features: detected: Spectre-BHB
[    0.000000] alternatives: applying boot alternatives
[    0.000000] Kernel command line: console=ttyAMA0 panic=-1 nokaslr
[    0.000000] Unknown kernel command line parameters "nokaslr", will be passed to user space.
[    0.000000] printk: log buffer data + meta data: 131072 + 458752 = 589824 bytes
[    0.000000] Dentry cache hash table entries: 524288 (order: 10, 4194304 bytes, linear)
[    0.000000] Inode-cache hash table entries: 262144 (order: 9, 2097152 bytes, linear)
[    0.000000] software IO TLB: SWIOTLB bounce buffer size adjusted to 4MB
[    0.000000] software IO TLB: area num 4.
[    0.000000] software IO TLB: mapped [mem 0x000000013ac00000-0x000000013b000000] (4MB)
[    0.000000] Built 1 zonelists, mobility grouping on.  Total pages: 1048576
[    0.000000] mem auto-init: stack:all(zero), heap alloc:off, heap free:off
[    0.000000] SLUB: HWalign=64, Order=0-3, MinObjects=0, CPUs=4, Nodes=1
[    0.000000] rcu: Preemptible hierarchical RCU implementation.
[    0.000000] rcu: 	RCU restricting CPUs from NR_CPUS=512 to nr_cpu_ids=4.
[    0.000000] rcu: RCU calculated value of scheduler-enlistment delay is 25 jiffies.
[    0.000000] rcu: Adjusting geometry for rcu_fanout_leaf=16, nr_cpu_ids=4
[    0.000000] NR_IRQS: 64, nr_irqs: 64, preallocated irqs: 0
[    0.000000] Root IRQ handler: gic_handle_irq
[    0.000000] GICv2m: range[mem 0x08020000-0x08020fff], SPI[80:143]
[    0.000000] rcu: srcu_init: Setting srcu_struct sizes based on contention.
[    0.000000] arch_timer: cp15 timer running at 24.00MHz (virt).
[    0.000000] clocksource: arch_sys_counter: mask: 0xffffffffffffff max_cycles: 0x588fe9dc0, max_idle_ns: 440795202592 ns
[    0.000000] sched_clock: 56 bits at 24MHz, resolution 41ns, wraps every 4398046511097ns
[    0.000122] Console: colour dummy device 80x25
[    0.000130] Calibrating delay loop (skipped), value calculated using timer frequency.. 48.00 BogoMIPS (lpj=96000)
[    0.000137] pid_max: default: 32768 minimum: 301
[    0.000285] Mount-cache hash table entries: 8192 (order: 4, 65536 bytes, linear)
[    0.000293] Mountpoint-cache hash table entries: 8192 (order: 4, 65536 bytes, linear)
[    0.000378] VFS: Finished mounting rootfs on nullfs
[    0.000531] cacheinfo: Unable to detect cache hierarchy for CPU 0
[    0.000655] rcu: Hierarchical SRCU implementation.
[    0.000656] rcu: 	Max phase no-delay instances is 1000.
[    0.000679] Timer migration: 1 hierarchy levels; 8 children per group; 1 crossnode level
[    0.000724] smp: Bringing up secondary CPUs ...
[    0.000932] Detected PIPT I-cache on CPU1
[    0.001008] CPU1: Booted secondary processor 0x0000000001 [0x610f0000]
[    0.001240] Detected PIPT I-cache on CPU2
[    0.001325] CPU2: Booted secondary processor 0x0000000002 [0x610f0000]
[    0.001517] Detected PIPT I-cache on CPU3
[    0.001635] CPU3: Booted secondary processor 0x0000000003 [0x610f0000]
[    0.001748] smp: Brought up 1 node, 4 CPUs
[    0.001750] SMP: Total of 4 processors activated.
[    0.001750] CPU: All CPU(s) started at EL1
[    0.001751] CPU features: detected: ARMv8.4 Translation Table Level
[    0.001751] CPU features: detected: Data cache clean to the PoU not required for I/D coherence
[    0.001752] CPU features: detected: CRC32 instructions
[    0.001752] CPU features: detected: Data independent timing control (DIT)
[    0.001753] CPU features: detected: E0PD
[    0.001753] CPU features: detected: Generic authentication (IMP DEF algorithm)
[    0.001754] CPU features: detected: RCpc load-acquire (LDAPR)
[    0.001754] CPU features: detected: LSE atomic instructions
[    0.001754] CPU features: detected: Privileged Access Never
[    0.001755] CPU features: detected: Speculation barrier (SB)
[    0.001755] CPU features: detected: TLB range maintenance instructions
[    0.001755] CPU features: detected: XNX
[    0.001902] alternatives: applying system-wide alternatives
[    0.002775] Memory: 3934216K/4194304K available (5248K kernel code, 754K rwdata, 2356K rodata, 576K init, 405K bss, 256908K reserved, 0K cma-reserved)
[    0.003027] devtmpfs: initialized
[    0.003302] clocksource: jiffies: mask: 0xffffffff max_cycles: 0xffffffff, max_idle_ns: 7645041785100000 ns
[    0.003310] posixtimers hash table entries: 2048 (order: 3, 32768 bytes, linear)
[    0.003329] futex hash table entries: 1024 (65536 bytes on 1 NUMA nodes, total 64 KiB, linear).
[    0.003334] 30384 pages in range for non-PLT usage
[    0.003334] 521904 pages in range for PLT usage
[    0.003397] NET: Registered PF_NETLINK/PF_ROUTE protocol family
[    0.003721] DMA: preallocated 512 KiB GFP_KERNEL pool for atomic allocations
[    0.003764] ASID allocator initialised with 256 entries
[    0.003773] Serial: AMBA PL011 UART driver
[    0.004227] 9000000.pl011: ttyAMA0 at MMIO 0x9000000 (irq = 13, base_baud = 0) is a PL011 rev1
[    0.004348] printk: console [ttyAMA0] enabled
[    0.010337] vgaarb: loaded
[    0.010638] clocksource: Switched to clocksource arch_sys_counter
[    0.013887] NET: Registered PF_INET protocol family
[    0.014021] IP idents hash table entries: 65536 (order: 7, 524288 bytes, linear)
[    0.014480] tcp_listen_portaddr_hash hash table entries: 2048 (order: 3, 32768 bytes, linear)
[    0.014486] Table-perturb hash table entries: 65536 (order: 6, 262144 bytes, linear)
[    0.014489] TCP established hash table entries: 32768 (order: 6, 262144 bytes, linear)
[    0.014541] TCP bind hash table entries: 32768 (order: 8, 1048576 bytes, linear)
[    0.014787] TCP: Hash tables configured (established 32768 bind 32768)
[    0.014819] UDP hash table entries: 2048 (order: 5, 131072 bytes, linear)
[    0.014853] NET: Registered PF_UNIX/PF_LOCAL protocol family
[    0.014858] PCI: CLS 0 bytes, default 64
[    0.015196] Unpacking initramfs...
[    0.023007] workingset: timestamp_bits=46 (anon: 42) max_order=20 bucket_order=0 (anon: 0)
[    0.023097] 9p: Installing v9fs 9p2000 file system support
[    0.023580] pci-host-generic 4010000000.pcie: host bridge /pcie@10000000 ranges:
[    0.023587] pci-host-generic 4010000000.pcie:       IO 0x003eff0000..0x003effffff -> 0x0000000000
[    0.023590] pci-host-generic 4010000000.pcie:      MEM 0x0010000000..0x003efeffff -> 0x0010000000
[    0.023591] pci-host-generic 4010000000.pcie:      MEM 0x8000000000..0xffffffffff -> 0x8000000000
[    0.023596] pci-host-generic 4010000000.pcie: Memory resource size exceeds max for 32 bits
[    0.023614] pci-host-generic 4010000000.pcie: ECAM at [mem 0x4010000000-0x401fffffff] for [bus 00-ff]
[    0.023629] pci-host-generic 4010000000.pcie: PCI host bridge to bus 0000:00
[    0.023630] pci_bus 0000:00: root bus resource [bus 00-ff]
[    0.023631] pci_bus 0000:00: root bus resource [io  0x0000-0xffff]
[    0.023632] pci_bus 0000:00: root bus resource [mem 0x10000000-0x3efeffff]
[    0.023632] pci_bus 0000:00: root bus resource [mem 0x8000000000-0xffffffffff]
[    0.023682] pci 0000:00:00.0: [1b36:0008] type 00 class 0x060000 conventional PCI endpoint
[    0.023916] pci 0000:00:01.0: [1af4:1000] type 00 class 0x020000 conventional PCI endpoint
[    0.024028] pci 0000:00:01.0: BAR 0 [io  0x0000-0x001f]
[    0.024031] pci 0000:00:01.0: BAR 1 [mem 0x00000000-0x00000fff]
[    0.024043] pci 0000:00:01.0: BAR 4 [mem 0x00000000-0x00003fff 64bit pref]
[    0.024045] pci 0000:00:01.0: ROM [mem 0x00000000-0x0003ffff pref]
[    0.024383] pci 0000:00:02.0: [1af4:1009] type 00 class 0x000200 conventional PCI endpoint
[    0.024556] pci 0000:00:02.0: BAR 0 [io  0x0000-0x003f]
[    0.024558] pci 0000:00:02.0: BAR 1 [mem 0x00000000-0x00000fff]
[    0.024567] pci 0000:00:02.0: BAR 4 [mem 0x00000000-0x00003fff 64bit pref]
[    0.024821] pci 0000:00:03.0: [1af4:1005] type 00 class 0x00ff00 conventional PCI endpoint
[    0.024923] pci 0000:00:03.0: BAR 0 [io  0x0000-0x001f]
[    0.024926] pci 0000:00:03.0: BAR 1 [mem 0x00000000-0x00000fff]
[    0.024932] pci 0000:00:03.0: BAR 4 [mem 0x00000000-0x00003fff 64bit pref]
[    0.025261] pci 0000:00:01.0: ROM [mem 0x10000000-0x1003ffff pref]: assigned
[    0.025262] pci 0000:00:01.0: BAR 4 [mem 0x8000000000-0x8000003fff 64bit pref]: assigned
[    0.025284] pci 0000:00:02.0: BAR 4 [mem 0x8000004000-0x8000007fff 64bit pref]: assigned
[    0.025301] pci 0000:00:03.0: BAR 4 [mem 0x8000008000-0x800000bfff 64bit pref]: assigned
[    0.025335] pci 0000:00:01.0: BAR 1 [mem 0x10040000-0x10040fff]: assigned
[    0.025350] pci 0000:00:02.0: BAR 1 [mem 0x10041000-0x10041fff]: assigned
[    0.025368] pci 0000:00:03.0: BAR 1 [mem 0x10042000-0x10042fff]: assigned
[    0.025374] pci 0000:00:02.0: BAR 0 [io  0x1000-0x103f]: assigned
[    0.025377] pci 0000:00:01.0: BAR 0 [io  0x1040-0x105f]: assigned
[    0.025382] pci 0000:00:03.0: BAR 0 [io  0x1060-0x107f]: assigned
[    0.025390] pci_bus 0000:00: resource 4 [io  0x0000-0xffff]
[    0.025391] pci_bus 0000:00: resource 5 [mem 0x10000000-0x3efeffff]
[    0.025392] pci_bus 0000:00: resource 6 [mem 0x8000000000-0xffffffffff]
[    0.026110] virtio-pci 0000:00:01.0: enabling device (0000 -> 0003)
[    0.026994] virtio-pci 0000:00:02.0: enabling device (0000 -> 0003)
[    0.027862] virtio-pci 0000:00:03.0: enabling device (0000 -> 0003)
[    0.035236] rtc-pl031 9010000.pl031: registered as rtc0
[    0.035243] rtc-pl031 9010000.pl031: setting system clock to 2026-10-08T19:52:17 UTC (1791489137)
[    0.035370] NET: Registered PF_INET6 protocol family
[    0.035853] Segment Routing with IPv6
[    0.035857] In-situ OAM (IOAM) with IPv6
[    0.035864] sit: IPv6, IPv4 and MPLS over IPv4 tunneling driver
[    0.035978] NET: Registered PF_PACKET protocol family
[    0.035988] 9pnet: Installing 9P2000 support
[    0.040494] clk: Disabling unused clocks
[    0.094301] Freeing initrd memory: 161888K
[    0.094980] Freeing unused kernel memory: 576K
[    0.095021] Run /init as init process
[    0.108282] kjit: loading out-of-tree module taints kernel.
[    0.109260] rust_kjit: ######## Rust KJIT inits ########
[    0.109351] rust_kjit: kjit: dispatch variant 0
[    0.109393] rust_kjit: golden tests/arm64/toy_cfg.s:hot_svc_mark PASS: 800 fragment bytes match harness
kjit-init: insmod kjit.ko ok
meas: variant=0
rep 0 variant=gpr enabled=0 outer=200000 calls=16 ns_per_outer=141.6 ns_per_call=8.85
rep 1 variant=gpr enabled=0 outer=200000 calls=16 ns_per_outer=140.7 ns_per_call=8.79
rep 2 variant=gpr enabled=0 outer=200000 calls=16 ns_per_outer=140.7 ns_per_call=8.79
rep 3 variant=gpr enabled=0 outer=200000 calls=16 ns_per_outer=141.9 ns_per_call=8.87
rep 4 variant=gpr enabled=0 outer=200000 calls=16 ns_per_outer=141.3 ns_per_call=8.83
rep 5 variant=gpr enabled=0 outer=200000 calls=16 ns_per_outer=143.1 ns_per_call=8.94
rep 6 variant=gpr enabled=0 outer=200000 calls=16 ns_per_outer=141.7 ns_per_call=8.86
result variant=gpr enabled=0 outer=200000 calls=16 reps=7 median_ns_per_outer=141.6 median_ns_per_call=8.85 min_ns_per_call=8.79 acc=25600000
[    0.359496] kjit: translate_svc_sites pid 69: 2 text ranges, 111 svc sites
[    0.359983] rust_kjit: kjit: pc 0x400fe8: installed 488 bytes, 0 fault sites, 2 entries, text 0x400fe8..0x400ff0, fpsimd false
[    0.360569] rust_kjit: kjit: pc 0x400fcc: installed 1016 bytes, 1 fault sites, 11 entries, text 0x400fbc..0x400fe8, fpsimd false
rep 0 variant=gpr enabled=1 outer=20000 calls=16 ns_per_outer=147.6 ns_per_call=9.22
rep 1 variant=gpr enabled=1 outer=20000 calls=16 ns_per_outer=151.3 ns_per_call=9.45
rep 2 variant=gpr enabled=1 outer=20000 calls=16 ns_per_outer=147.1 ns_per_call=9.19
rep 3 variant=gpr enabled=1 outer=20000 calls=16 ns_per_outer=149.6 ns_per_call=9.35
rep 4 variant=gpr enabled=1 outer=20000 calls=16 ns_per_outer=154.7 ns_per_call=9.67
rep 5 variant=gpr enabled=1 outer=20000 calls=16 ns_per_outer=153.6 ns_per_call=9.60
rep 6 variant=gpr enabled=1 outer=20000 calls=16 ns_per_outer=150.5 ns_per_call=9.40
result variant=gpr enabled=1 outer=20000 calls=16 reps=7 median_ns_per_outer=150.5 median_ns_per_call=9.40 min_ns_per_call=9.19 acc=2560000
counters variant=gpr timed_outer=140000 hook_calls=140045 syscalls_in_kernel=139965 fragment_entries=140045 fpsimd_entries=1 fpsimd_restores=0 chains=0 chain_cap=0 exit_svc=139965 exit_bl=0 exit_blr=0 exit_br=0 exit_ret=80 exit_mem=0 exit_unsupported=0 exit_budget=0 run_declined=0
rep 0 variant=fp enabled=0 outer=200000 calls=16 ns_per_outer=178.0 ns_per_call=11.13
rep 1 variant=fp enabled=0 outer=200000 calls=16 ns_per_outer=178.4 ns_per_call=11.15
rep 2 variant=fp enabled=0 outer=200000 calls=16 ns_per_outer=180.8 ns_per_call=11.30
rep 3 variant=fp enabled=0 outer=200000 calls=16 ns_per_outer=179.8 ns_per_call=11.24
rep 4 variant=fp enabled=0 outer=200000 calls=16 ns_per_outer=176.5 ns_per_call=11.03
rep 5 variant=fp enabled=0 outer=200000 calls=16 ns_per_outer=178.9 ns_per_call=11.18
rep 6 variant=fp enabled=0 outer=200000 calls=16 ns_per_outer=183.4 ns_per_call=11.46
result variant=fp enabled=0 outer=200000 calls=16 reps=7 median_ns_per_outer=178.9 median_ns_per_call=11.18 min_ns_per_call=11.03 acc=25600000
[    0.708849] kjit: translate_svc_sites pid 73: 2 text ranges, 111 svc sites
[    0.709478] rust_kjit: kjit: pc 0x401028: installed 496 bytes, 0 fault sites, 4 entries, text 0x401028..0x401038, fpsimd true
[    0.710632] rust_kjit: kjit: pc 0x40100c: installed 1016 bytes, 1 fault sites, 11 entries, text 0x400ffc..0x401028, fpsimd false
rep 0 variant=fp enabled=1 outer=20000 calls=16 ns_per_outer=217.4 ns_per_call=13.59
rep 1 variant=fp enabled=1 outer=20000 calls=16 ns_per_outer=206.3 ns_per_call=12.89
rep 2 variant=fp enabled=1 outer=20000 calls=16 ns_per_outer=218.5 ns_per_call=13.66
rep 3 variant=fp enabled=1 outer=20000 calls=16 ns_per_outer=216.1 ns_per_call=13.51
rep 4 variant=fp enabled=1 outer=20000 calls=16 ns_per_outer=216.4 ns_per_call=13.53
rep 5 variant=fp enabled=1 outer=20000 calls=16 ns_per_outer=214.4 ns_per_call=13.40
rep 6 variant=fp enabled=1 outer=20000 calls=16 ns_per_outer=215.1 ns_per_call=13.44
result variant=fp enabled=1 outer=20000 calls=16 reps=7 median_ns_per_outer=216.1 median_ns_per_call=13.51 min_ns_per_call=12.89 acc=2560000
counters variant=fp timed_outer=140000 hook_calls=140045 syscalls_in_kernel=139965 fragment_entries=280017 fpsimd_entries=139973 fpsimd_restores=0 chains=139972 chain_cap=0 exit_svc=139965 exit_bl=139972 exit_blr=0 exit_br=0 exit_ret=80 exit_mem=0 exit_unsupported=0 exit_budget=0 run_declined=0
rep 0 variant=gpr enabled=0 outer=200000 calls=128 ns_per_outer=255.1 ns_per_call=1.99
rep 1 variant=gpr enabled=0 outer=200000 calls=128 ns_per_outer=255.7 ns_per_call=2.00
rep 2 variant=gpr enabled=0 outer=200000 calls=128 ns_per_outer=256.3 ns_per_call=2.00
rep 3 variant=gpr enabled=0 outer=200000 calls=128 ns_per_outer=254.4 ns_per_call=1.99
rep 4 variant=gpr enabled=0 outer=200000 calls=128 ns_per_outer=257.1 ns_per_call=2.01
rep 5 variant=gpr enabled=0 outer=200000 calls=128 ns_per_outer=258.8 ns_per_call=2.02
rep 6 variant=gpr enabled=0 outer=200000 calls=128 ns_per_outer=257.0 ns_per_call=2.01
result variant=gpr enabled=0 outer=200000 calls=128 reps=7 median_ns_per_outer=256.3 median_ns_per_call=2.00 min_ns_per_call=1.99 acc=204800000
[    1.193026] kjit: translate_svc_sites pid 76: 2 text ranges, 111 svc sites
[    1.193161] rust_kjit: kjit: pc 0x400fe8: installed 488 bytes, 0 fault sites, 2 entries, text 0x400fe8..0x400ff0, fpsimd false
[    1.193619] rust_kjit: kjit: pc 0x400fcc: installed 1016 bytes, 1 fault sites, 11 entries, text 0x400fbc..0x400fe8, fpsimd false
rep 0 variant=gpr enabled=1 outer=20000 calls=128 ns_per_outer=832.8 ns_per_call=6.51
rep 1 variant=gpr enabled=1 outer=20000 calls=128 ns_per_outer=844.3 ns_per_call=6.60
rep 2 variant=gpr enabled=1 outer=20000 calls=128 ns_per_outer=841.9 ns_per_call=6.58
rep 3 variant=gpr enabled=1 outer=20000 calls=128 ns_per_outer=841.8 ns_per_call=6.58
rep 4 variant=gpr enabled=1 outer=20000 calls=128 ns_per_outer=838.5 ns_per_call=6.55
rep 5 variant=gpr enabled=1 outer=20000 calls=128 ns_per_outer=833.3 ns_per_call=6.51
rep 6 variant=gpr enabled=1 outer=20000 calls=128 ns_per_outer=840.6 ns_per_call=6.57
result variant=gpr enabled=1 outer=20000 calls=128 reps=7 median_ns_per_outer=840.6 median_ns_per_call=6.57 min_ns_per_call=6.51 acc=20480000
counters variant=gpr timed_outer=140000 hook_calls=140045 syscalls_in_kernel=139965 fragment_entries=140045 fpsimd_entries=1 fpsimd_restores=0 chains=0 chain_cap=0 exit_svc=139965 exit_bl=0 exit_blr=0 exit_br=0 exit_ret=80 exit_mem=0 exit_unsupported=0 exit_budget=0 run_declined=0
rep 0 variant=fp enabled=0 outer=200000 calls=128 ns_per_outer=541.4 ns_per_call=4.23
rep 1 variant=fp enabled=0 outer=200000 calls=128 ns_per_outer=539.2 ns_per_call=4.21
rep 2 variant=fp enabled=0 outer=200000 calls=128 ns_per_outer=540.0 ns_per_call=4.22
rep 3 variant=fp enabled=0 outer=200000 calls=128 ns_per_outer=533.3 ns_per_call=4.17
rep 4 variant=fp enabled=0 outer=200000 calls=128 ns_per_outer=537.6 ns_per_call=4.20
rep 5 variant=fp enabled=0 outer=200000 calls=128 ns_per_outer=532.9 ns_per_call=4.16
rep 6 variant=fp enabled=0 outer=200000 calls=128 ns_per_outer=534.5 ns_per_call=4.18
result variant=fp enabled=0 outer=200000 calls=128 reps=7 median_ns_per_outer=537.6 median_ns_per_call=4.20 min_ns_per_call=4.16 acc=204800000
[    2.227264] kjit: translate_svc_sites pid 78: 2 text ranges, 111 svc sites
[    2.227632] rust_kjit: kjit: pc 0x401028: installed 496 bytes, 0 fault sites, 4 entries, text 0x401028..0x401038, fpsimd true
[    2.228122] rust_kjit: kjit: pc 0x40100c: installed 1016 bytes, 1 fault sites, 11 entries, text 0x400ffc..0x401028, fpsimd false
rep 0 variant=fp enabled=1 outer=20000 calls=128 ns_per_outer=911.1 ns_per_call=7.12
rep 1 variant=fp enabled=1 outer=20000 calls=128 ns_per_outer=903.0 ns_per_call=7.05
rep 2 variant=fp enabled=1 outer=20000 calls=128 ns_per_outer=895.5 ns_per_call=7.00
rep 3 variant=fp enabled=1 outer=20000 calls=128 ns_per_outer=916.7 ns_per_call=7.16
rep 4 variant=fp enabled=1 outer=20000 calls=128 ns_per_outer=924.6 ns_per_call=7.22
rep 5 variant=fp enabled=1 outer=20000 calls=128 ns_per_outer=919.3 ns_per_call=7.18
rep 6 variant=fp enabled=1 outer=20000 calls=128 ns_per_outer=912.4 ns_per_call=7.13
result variant=fp enabled=1 outer=20000 calls=128 reps=7 median_ns_per_outer=912.4 median_ns_per_call=7.13 min_ns_per_call=7.00 acc=20480000
counters variant=fp timed_outer=140000 hook_calls=140045 syscalls_in_kernel=139965 fragment_entries=280017 fpsimd_entries=139973 fpsimd_restores=0 chains=139972 chain_cap=0 exit_svc=139965 exit_bl=139972 exit_blr=0 exit_br=0 exit_ret=80 exit_mem=0 exit_unsupported=0 exit_budget=0 run_declined=0
rep 0 variant=gpr enabled=0 outer=200000 calls=256 ns_per_outer=379.0 ns_per_call=1.48
rep 1 variant=gpr enabled=0 outer=200000 calls=256 ns_per_outer=379.9 ns_per_call=1.48
rep 2 variant=gpr enabled=0 outer=200000 calls=256 ns_per_outer=377.8 ns_per_call=1.48
rep 3 variant=gpr enabled=0 outer=200000 calls=256 ns_per_outer=379.7 ns_per_call=1.48
rep 4 variant=gpr enabled=0 outer=200000 calls=256 ns_per_outer=378.9 ns_per_call=1.48
rep 5 variant=gpr enabled=0 outer=200000 calls=256 ns_per_outer=378.5 ns_per_call=1.48
rep 6 variant=gpr enabled=0 outer=200000 calls=256 ns_per_outer=375.6 ns_per_call=1.47
result variant=gpr enabled=0 outer=200000 calls=256 reps=7 median_ns_per_outer=378.9 median_ns_per_call=1.48 min_ns_per_call=1.47 acc=409600000
[    3.016430] kjit: translate_svc_sites pid 80: 2 text ranges, 111 svc sites
[    3.016520] rust_kjit: kjit: pc 0x400fe8: installed 488 bytes, 0 fault sites, 2 entries, text 0x400fe8..0x400ff0, fpsimd false
[    3.017231] rust_kjit: kjit: pc 0x400fcc: installed 1016 bytes, 1 fault sites, 11 entries, text 0x400fbc..0x400fe8, fpsimd false
rep 0 variant=gpr enabled=1 outer=20000 calls=256 ns_per_outer=1631.8 ns_per_call=6.37
rep 1 variant=gpr enabled=1 outer=20000 calls=256 ns_per_outer=1639.9 ns_per_call=6.41
rep 2 variant=gpr enabled=1 outer=20000 calls=256 ns_per_outer=1622.4 ns_per_call=6.34
rep 3 variant=gpr enabled=1 outer=20000 calls=256 ns_per_outer=1612.6 ns_per_call=6.30
rep 4 variant=gpr enabled=1 outer=20000 calls=256 ns_per_outer=1619.4 ns_per_call=6.33
rep 5 variant=gpr enabled=1 outer=20000 calls=256 ns_per_outer=1644.8 ns_per_call=6.43
rep 6 variant=gpr enabled=1 outer=20000 calls=256 ns_per_outer=1633.5 ns_per_call=6.38
result variant=gpr enabled=1 outer=20000 calls=256 reps=7 median_ns_per_outer=1631.8 median_ns_per_call=6.37 min_ns_per_call=6.30 acc=40960000
counters variant=gpr timed_outer=140000 hook_calls=140045 syscalls_in_kernel=139965 fragment_entries=140045 fpsimd_entries=1 fpsimd_restores=0 chains=0 chain_cap=0 exit_svc=139965 exit_bl=0 exit_blr=0 exit_br=0 exit_ret=80 exit_mem=0 exit_unsupported=0 exit_budget=0 run_declined=0
rep 0 variant=fp enabled=0 outer=200000 calls=256 ns_per_outer=948.5 ns_per_call=3.71
rep 1 variant=fp enabled=0 outer=200000 calls=256 ns_per_outer=944.1 ns_per_call=3.69
rep 2 variant=fp enabled=0 outer=200000 calls=256 ns_per_outer=946.9 ns_per_call=3.70
rep 3 variant=fp enabled=0 outer=200000 calls=256 ns_per_outer=947.5 ns_per_call=3.70
rep 4 variant=fp enabled=0 outer=200000 calls=256 ns_per_outer=943.0 ns_per_call=3.68
rep 5 variant=fp enabled=0 outer=200000 calls=256 ns_per_outer=944.7 ns_per_call=3.69
rep 6 variant=fp enabled=0 outer=200000 calls=256 ns_per_outer=949.3 ns_per_call=3.71
result variant=fp enabled=0 outer=200000 calls=256 reps=7 median_ns_per_outer=946.9 median_ns_per_call=3.70 min_ns_per_call=3.68 acc=409600000
[    4.827841] kjit: translate_svc_sites pid 84: 2 text ranges, 111 svc sites
[    4.828210] rust_kjit: kjit: pc 0x401028: installed 496 bytes, 0 fault sites, 4 entries, text 0x401028..0x401038, fpsimd true
[    4.828753] rust_kjit: kjit: pc 0x40100c: installed 1016 bytes, 1 fault sites, 11 entries, text 0x400ffc..0x401028, fpsimd false
rep 0 variant=fp enabled=1 outer=20000 calls=256 ns_per_outer=1706.0 ns_per_call=6.66
rep 1 variant=fp enabled=1 outer=20000 calls=256 ns_per_outer=1712.2 ns_per_call=6.69
rep 2 variant=fp enabled=1 outer=20000 calls=256 ns_per_outer=1711.9 ns_per_call=6.69
rep 3 variant=fp enabled=1 outer=20000 calls=256 ns_per_outer=1704.7 ns_per_call=6.66
rep 4 variant=fp enabled=1 outer=20000 calls=256 ns_per_outer=1734.4 ns_per_call=6.78
rep 5 variant=fp enabled=1 outer=20000 calls=256 ns_per_outer=1718.9 ns_per_call=6.71
rep 6 variant=fp enabled=1 outer=20000 calls=256 ns_per_outer=1730.1 ns_per_call=6.76
result variant=fp enabled=1 outer=20000 calls=256 reps=7 median_ns_per_outer=1712.2 median_ns_per_call=6.69 min_ns_per_call=6.66 acc=40960000
counters variant=fp timed_outer=140000 hook_calls=140045 syscalls_in_kernel=139965 fragment_entries=280017 fpsimd_entries=139973 fpsimd_restores=0 chains=139972 chain_cap=0 exit_svc=139965 exit_bl=139972 exit_blr=0 exit_br=0 exit_ret=80 exit_mem=0 exit_unsupported=0 exit_budget=0 run_declined=0
a11: ibtc_variant=0
a11: warm-up at off
a11maps aaaade4f0000-aaaade740000 r-xp 00000000 00:03 4263                       /opt/redis/src/redis-server
a11maps aaaade749000-aaaade750000 r--p 00259000 00:03 4263                       /opt/redis/src/redis-server
a11maps aaaade750000-aaaade7a9000 rw-p 00260000 00:03 4263                       /opt/redis/src/redis-server
a11maps aaaade7a9000-aaaade9dc000 rw-p 00000000 00:00 0 
a11maps aaab036a3000-aaab036c4000 rw-p 00000000 00:00 0                          [heap]
a11maps ffff85f40000-ffff861c0000 rw-p 00000000 00:00 0 
a11maps ffff861c0000-ffff861d0000 ---p 00000000 00:00 0 
a11maps ffff861d0000-ffff869d0000 rw-p 00000000 00:00 0 
a11maps ffff869d0000-ffff869e0000 ---p 00000000 00:00 0 
a11maps ffff869e0000-ffff871e0000 rw-p 00000000 00:00 0 
a11maps ffff871e0000-ffff871f0000 ---p 00000000 00:00 0 
a11maps ffff871f0000-ffff879f0000 rw-p 00000000 00:00 0 
a11maps ffff879f0000-ffff87a00000 ---p 00000000 00:00 0 
a11maps ffff87a00000-ffff88200000 rw-p 00000000 00:00 0 
a11maps ffff88200000-ffff88a00000 rw-p 00000000 00:00 0 
a11maps ffff88af0000-ffff88c7c000 r-xp 00000000 00:03 816                        /usr/lib/aarch64-linux-gnu/libc.so.6
a11maps ffff88c7c000-ffff88c8c000 ---p 0018c000 00:03 816                        /usr/lib/aarch64-linux-gnu/libc.so.6
a11maps ffff88c8c000-ffff88c90000 r--p 0018c000 00:03 816                        /usr/lib/aarch64-linux-gnu/libc.so.6
a11maps ffff88c90000-ffff88c92000 rw-p 00190000 00:03 816                        /usr/lib/aarch64-linux-gnu/libc.so.6
a11maps ffff88c92000-ffff88c9f000 rw-p 00000000 00:00 0 
a11maps ffff88ca0000-ffff88d22000 r-xp 00000000 00:03 863                        /usr/lib/aarch64-linux-gnu/libm.so.6
a11maps ffff88d22000-ffff88d3f000 ---p 00082000 00:03 863                        /usr/lib/aarch64-linux-gnu/libm.so.6
a11maps ffff88d3f000-ffff88d40000 r--p 0008f000 00:03 863                        /usr/lib/aarch64-linux-gnu/libm.so.6
a11maps ffff88d40000-ffff88d41000 rw-p 00090000 00:03 863                        /usr/lib/aarch64-linux-gnu/libm.so.6
a11maps ffff88d44000-ffff88d6b000 r-xp 00000000 00:03 796                        /usr/lib/aarch64-linux-gnu/ld-linux-aarch64.so.1
a11maps ffff88d75000-ffff88d79000 rw-p 00000000 00:00 0 
a11maps ffff88d7b000-ffff88d7d000 rw-p 00000000 00:00 0 
a11maps ffff88d7d000-ffff88d81000 r--p 00000000 00:00 0                          [vvar]
a11maps ffff88d81000-ffff88d82000 r-xp 00000000 00:00 0                          [vdso]
a11maps ffff88d82000-ffff88d84000 r--p 0002e000 00:03 796                        /usr/lib/aarch64-linux-gnu/ld-linux-aarch64.so.1
a11maps ffff88d84000-ffff88d86000 rw-p 00030000 00:03 796                        /usr/lib/aarch64-linux-gnu/ld-linux-aarch64.so.1
a11maps ffffd05a7000-ffffd05c8000 rw-p 00000000 00:00 0                          [stack]
a11 point=off pass=1 test=set requests=200000 rps=238095.25 hook_calls=0 syscalls_in_kernel=0 fragment_entries=0 fpsimd_entries=0 fpsimd_restores=0 chains=0 chain_cap=0 exit_svc=0 exit_bl=0 exit_blr=0 exit_br=0 exit_ret=0 exit_mem=0 exit_unsupported=0 exit_budget=0 run_declined=0 ibtc_insert=0 ibtc_replace=0 ibtc_clear=0 ibtc_fpsimd_boundary=0 ibtc_miss_cold=0 ibtc_miss_conflict=0 ibtc_miss_other=0 fpsimd_run_max_ns=63875 miss_residual=0
a11slots point=off pass=1 test=set # table all conflicts 0 slots 0 top32 0
a11slots point=off pass=1 test=set # table nofp conflicts 0 slots 0 top32 0
a11 point=off pass=1 test=get requests=200000 rps=238095.25 hook_calls=0 syscalls_in_kernel=0 fragment_entries=0 fpsimd_entries=0 fpsimd_restores=0 chains=0 chain_cap=0 exit_svc=0 exit_bl=0 exit_blr=0 exit_br=0 exit_ret=0 exit_mem=0 exit_unsupported=0 exit_budget=0 run_declined=0 ibtc_insert=0 ibtc_replace=0 ibtc_clear=0 ibtc_fpsimd_boundary=0 ibtc_miss_cold=0 ibtc_miss_conflict=0 ibtc_miss_other=0 fpsimd_run_max_ns=63875 miss_residual=0
a11slots point=off pass=1 test=get # table all conflicts 0 slots 0 top32 0
a11slots point=off pass=1 test=get # table nofp conflicts 0 slots 0 top32 0
a11 point=1024 pass=1 test=set requests=200000 rps=110132.16 hook_calls=408676 syscalls_in_kernel=384526 fragment_entries=5516803 fpsimd_entries=1546779 fpsimd_restores=0 chains=5108943 chain_cap=0 exit_svc=384526 exit_bl=1965593 exit_blr=198194 exit_br=980089 exit_ret=1983156 exit_mem=0 exit_unsupported=5245 exit_budget=0 run_declined=17 ibtc_insert=7124338 ibtc_replace=7123836 ibtc_clear=0 ibtc_fpsimd_boundary=1546774 ibtc_miss_cold=0 ibtc_miss_conflict=0 ibtc_miss_other=0 fpsimd_run_max_ns=80041 miss_residual=3580258
a11slots point=1024 pass=1 test=set # table all conflicts 0 slots 0 top32 0
a11slots point=1024 pass=1 test=set # table nofp conflicts 0 slots 0 top32 0
a11 point=1024 pass=1 test=get requests=200000 rps=115740.73 hook_calls=409128 syscalls_in_kernel=398565 fragment_entries=3137751 fpsimd_entries=1005097 fpsimd_restores=0 chains=2729189 chain_cap=0 exit_svc=398565 exit_bl=1054860 exit_blr=198582 exit_br=607791 exit_ret=869878 exit_mem=1 exit_unsupported=8074 exit_budget=0 run_declined=23 ibtc_insert=3448187 ibtc_replace=3448157 ibtc_clear=0 ibtc_fpsimd_boundary=1005095 ibtc_miss_cold=0 ibtc_miss_conflict=0 ibtc_miss_other=0 fpsimd_run_max_ns=1876958 miss_residual=1726016
a11slots point=1024 pass=1 test=get # table all conflicts 0 slots 0 top32 0
a11slots point=1024 pass=1 test=get # table nofp conflicts 0 slots 0 top32 0
a11 point=off pass=2 test=set requests=200000 rps=231481.47 hook_calls=0 syscalls_in_kernel=0 fragment_entries=0 fpsimd_entries=0 fpsimd_restores=0 chains=0 chain_cap=0 exit_svc=0 exit_bl=0 exit_blr=0 exit_br=0 exit_ret=0 exit_mem=0 exit_unsupported=0 exit_budget=0 run_declined=0 ibtc_insert=0 ibtc_replace=0 ibtc_clear=0 ibtc_fpsimd_boundary=0 ibtc_miss_cold=0 ibtc_miss_conflict=0 ibtc_miss_other=0 fpsimd_run_max_ns=1876958 miss_residual=0
a11slots point=off pass=2 test=set # table all conflicts 0 slots 0 top32 0
a11slots point=off pass=2 test=set # table nofp conflicts 0 slots 0 top32 0
a11 point=off pass=2 test=get requests=200000 rps=250312.89 hook_calls=0 syscalls_in_kernel=0 fragment_entries=0 fpsimd_entries=0 fpsimd_restores=0 chains=0 chain_cap=0 exit_svc=0 exit_bl=0 exit_blr=0 exit_br=0 exit_ret=0 exit_mem=0 exit_unsupported=0 exit_budget=0 run_declined=0 ibtc_insert=0 ibtc_replace=0 ibtc_clear=0 ibtc_fpsimd_boundary=0 ibtc_miss_cold=0 ibtc_miss_conflict=0 ibtc_miss_other=0 fpsimd_run_max_ns=1876958 miss_residual=0
a11slots point=off pass=2 test=get # table all conflicts 0 slots 0 top32 0
a11slots point=off pass=2 test=get # table nofp conflicts 0 slots 0 top32 0
a11 point=1024 pass=2 test=set requests=200000 rps=109229.93 hook_calls=408664 syscalls_in_kernel=399634 fragment_entries=5730711 fpsimd_entries=1605245 fpsimd_restores=0 chains=5322613 chain_cap=0 exit_svc=399634 exit_bl=2035888 exit_blr=207322 exit_br=1006454 exit_ret=2073752 exit_mem=6 exit_unsupported=7655 exit_budget=0 run_declined=22 ibtc_insert=7434736 ibtc_replace=7434736 ibtc_clear=0 ibtc_fpsimd_boundary=1605245 ibtc_miss_cold=0 ibtc_miss_conflict=0 ibtc_miss_other=0 fpsimd_run_max_ns=1876958 miss_residual=3718171
a11slots point=1024 pass=2 test=set # table all conflicts 0 slots 0 top32 0
a11slots point=1024 pass=2 test=set # table nofp conflicts 0 slots 0 top32 0
a11 point=1024 pass=2 test=get requests=200000 rps=126903.55 hook_calls=408863 syscalls_in_kernel=399676 fragment_entries=3141389 fpsimd_entries=1007158 fpsimd_restores=0 chains=2733078 chain_cap=0 exit_svc=399676 exit_bl=1055427 exit_blr=199722 exit_br=607803 exit_ret=870851 exit_mem=0 exit_unsupported=7910 exit_budget=0 run_declined=13 ibtc_insert=3451840 ibtc_replace=3451840 ibtc_clear=0 ibtc_fpsimd_boundary=1007158 ibtc_miss_cold=0 ibtc_miss_conflict=0 ibtc_miss_other=0 fpsimd_run_max_ns=1876958 miss_residual=1726645
a11slots point=1024 pass=2 test=get # table all conflicts 0 slots 0 top32 0
a11slots point=1024 pass=2 test=get # table nofp conflicts 0 slots 0 top32 0
a11 point=off pass=3 test=set requests=200000 rps=243013.36 hook_calls=0 syscalls_in_kernel=0 fragment_entries=0 fpsimd_entries=0 fpsimd_restores=0 chains=0 chain_cap=0 exit_svc=0 exit_bl=0 exit_blr=0 exit_br=0 exit_ret=0 exit_mem=0 exit_unsupported=0 exit_budget=0 run_declined=0 ibtc_insert=0 ibtc_replace=0 ibtc_clear=0 ibtc_fpsimd_boundary=0 ibtc_miss_cold=0 ibtc_miss_conflict=0 ibtc_miss_other=0 fpsimd_run_max_ns=1876958 miss_residual=0
a11slots point=off pass=3 test=set # table all conflicts 0 slots 0 top32 0
a11slots point=off pass=3 test=set # table nofp conflicts 0 slots 0 top32 0
a11 point=off pass=3 test=get requests=200000 rps=200200.20 hook_calls=0 syscalls_in_kernel=0 fragment_entries=0 fpsimd_entries=0 fpsimd_restores=0 chains=0 chain_cap=0 exit_svc=0 exit_bl=0 exit_blr=0 exit_br=0 exit_ret=0 exit_mem=0 exit_unsupported=0 exit_budget=0 run_declined=0 ibtc_insert=0 ibtc_replace=0 ibtc_clear=0 ibtc_fpsimd_boundary=0 ibtc_miss_cold=0 ibtc_miss_conflict=0 ibtc_miss_other=0 fpsimd_run_max_ns=1876958 miss_residual=0
a11slots point=off pass=3 test=get # table all conflicts 0 slots 0 top32 0
a11slots point=off pass=3 test=get # table nofp conflicts 0 slots 0 top32 0
a11 point=1024 pass=3 test=set requests=200000 rps=92893.63 hook_calls=408862 syscalls_in_kernel=399601 fragment_entries=5733252 fpsimd_entries=1605205 fpsimd_restores=0 chains=5324963 chain_cap=0 exit_svc=399601 exit_bl=2036508 exit_blr=207501 exit_br=1006458 exit_ret=2075350 exit_mem=0 exit_unsupported=7834 exit_budget=0 run_declined=22 ibtc_insert=7439516 ibtc_replace=7439516 ibtc_clear=0 ibtc_fpsimd_boundary=1605205 ibtc_miss_cold=0 ibtc_miss_conflict=0 ibtc_miss_other=0 fpsimd_run_max_ns=1876958 miss_residual=3720612
a11slots point=1024 pass=3 test=set # table all conflicts 0 slots 0 top32 0
a11slots point=1024 pass=3 test=set # table nofp conflicts 0 slots 0 top32 0
a11 point=1024 pass=3 test=get requests=200000 rps=126662.45 hook_calls=408947 syscalls_in_kernel=399653 fragment_entries=3142081 fpsimd_entries=1007191 fpsimd_restores=0 chains=2733707 chain_cap=0 exit_svc=399653 exit_bl=1055744 exit_blr=199725 exit_br=607881 exit_ret=871141 exit_mem=0 exit_unsupported=7937 exit_budget=0 run_declined=32 ibtc_insert=3453032 ibtc_replace=3453032 ibtc_clear=0 ibtc_fpsimd_boundary=1007191 ibtc_miss_cold=0 ibtc_miss_conflict=0 ibtc_miss_other=0 fpsimd_run_max_ns=1876958 miss_residual=1727300
a11slots point=1024 pass=3 test=get # table all conflicts 0 slots 0 top32 0
a11slots point=1024 pass=3 test=get # table nofp conflicts 0 slots 0 top32 0
a11maps-end aaaade4f0000-aaaade740000 r-xp 00000000 00:03 4263                       /opt/redis/src/redis-server
a11maps-end aaaade749000-aaaade750000 r--p 00259000 00:03 4263                       /opt/redis/src/redis-server
a11maps-end aaaade750000-aaaade7a9000 rw-p 00260000 00:03 4263                       /opt/redis/src/redis-server
a11maps-end aaaade7a9000-aaaade9dc000 rw-p 00000000 00:00 0 
a11maps-end aaab036a3000-aaab036c4000 rw-p 00000000 00:00 0                          [heap]
a11maps-end ffff85f40000-ffff861c0000 rw-p 00000000 00:00 0 
a11maps-end ffff861c0000-ffff861d0000 ---p 00000000 00:00 0 
a11maps-end ffff861d0000-ffff869d0000 rw-p 00000000 00:00 0 
a11maps-end ffff869d0000-ffff869e0000 ---p 00000000 00:00 0 
a11maps-end ffff869e0000-ffff871e0000 rw-p 00000000 00:00 0 
a11maps-end ffff871e0000-ffff871f0000 ---p 00000000 00:00 0 
a11maps-end ffff871f0000-ffff879f0000 rw-p 00000000 00:00 0 
a11maps-end ffff879f0000-ffff87a00000 ---p 00000000 00:00 0 
a11maps-end ffff87a00000-ffff88200000 rw-p 00000000 00:00 0 
a11maps-end ffff88200000-ffff88a00000 rw-p 00000000 00:00 0 
a11maps-end ffff88af0000-ffff88c7c000 r-xp 00000000 00:03 816                        /usr/lib/aarch64-linux-gnu/libc.so.6
a11maps-end ffff88c7c000-ffff88c8c000 ---p 0018c000 00:03 816                        /usr/lib/aarch64-linux-gnu/libc.so.6
a11maps-end ffff88c8c000-ffff88c90000 r--p 0018c000 00:03 816                        /usr/lib/aarch64-linux-gnu/libc.so.6
a11maps-end ffff88c90000-ffff88c92000 rw-p 00190000 00:03 816                        /usr/lib/aarch64-linux-gnu/libc.so.6
a11maps-end ffff88c92000-ffff88c9f000 rw-p 00000000 00:00 0 
a11maps-end ffff88ca0000-ffff88d22000 r-xp 00000000 00:03 863                        /usr/lib/aarch64-linux-gnu/libm.so.6
a11maps-end ffff88d22000-ffff88d3f000 ---p 00082000 00:03 863                        /usr/lib/aarch64-linux-gnu/libm.so.6
a11maps-end ffff88d3f000-ffff88d40000 r--p 0008f000 00:03 863                        /usr/lib/aarch64-linux-gnu/libm.so.6
a11maps-end ffff88d40000-ffff88d41000 rw-p 00090000 00:03 863                        /usr/lib/aarch64-linux-gnu/libm.so.6
a11maps-end ffff88d44000-ffff88d6b000 r-xp 00000000 00:03 796                        /usr/lib/aarch64-linux-gnu/ld-linux-aarch64.so.1
a11maps-end ffff88d75000-ffff88d79000 rw-p 00000000 00:00 0 
a11maps-end ffff88d7b000-ffff88d7d000 rw-p 00000000 00:00 0 
a11maps-end ffff88d7d000-ffff88d81000 r--p 00000000 00:00 0                          [vvar]
a11maps-end ffff88d81000-ffff88d82000 r-xp 00000000 00:00 0                          [vdso]
a11maps-end ffff88d82000-ffff88d84000 r--p 0002e000 00:03 796                        /usr/lib/aarch64-linux-gnu/ld-linux-aarch64.so.1
a11maps-end ffff88d84000-ffff88d86000 rw-p 00030000 00:03 796                        /usr/lib/aarch64-linux-gnu/ld-linux-aarch64.so.1
a11maps-end ffffd05a7000-ffffd05c8000 rw-p 00000000 00:00 0                          [stack]
a11: done
[   37.347525] kjit: 0 of 294 translation requests still queued at unload (freed by the kernel)
[   37.378891] rust_kjit: ######## Rust KJIT exits ########
kjit-init: rmmod kjit ok
kjit-init: run exit=0
[   37.394231] reboot: Power down
guest-run: PASS (/Volumes/Local/kjit-a4b2/build/runs/meas-v0nc-20261009-035217/serial.log)
grun: rc=0 run_dir=/Volumes/Local/kjit-a4b2/build/runs/meas-v0nc-20261009-035217
