[    0.000000] Booting Linux on physical CPU 0x0000000000 [0x610f0000]
[    0.000000] Linux version 7.1.0-rc1 (@6906d107117b) (Ubuntu clang version 18.1.3 (1ubuntu1), Ubuntu LLD 18.1.3) #1 SMP PREEMPT Fri Oct  2 08:37:58 UTC 2026
[    0.000000] random: crng init done
[    0.000000] Machine model: linux,dummy-virt
[    0.000000] OF: reserved mem: Reserved memory: No reserved-memory node in the DT
[    0.000000] psci: probing for conduit method from DT.
[    0.000000] psci: PSCIv1.1 detected in firmware.
[    0.000000] psci: Using standard PSCI v0.2 function IDs
[    0.000000] psci: Trusted OS migration not required
[    0.000000] psci: SMC Calling Convention v1.0
[    0.000000] Zone ranges:
[    0.000000]   Normal   [mem 0x0000000040000000-0x000000013fffffff]
[    0.000000] Movable zone start for each node
[    0.000000] Early memory node ranges
[    0.000000]   node   0: [mem 0x0000000040000000-0x000000013fffffff]
[    0.000000] Initmem setup node 0 [mem 0x0000000040000000-0x000000013fffffff]
[    0.000000] percpu: Embedded 19 pages/cpu s38488 r8192 d31144 u77824
[    0.000000] Detected PIPT I-cache on CPU0
[    0.000000] CPU features: detected: Address authentication (IMP DEF algorithm)
[    0.000000] CPU features: detected: Spectre-v4
[    0.000000] CPU features: detected: Spectre-BHB
[    0.000000] alternatives: applying boot alternatives
[    0.000000] Kernel command line: console=ttyAMA0 panic=-1 nokaslr
[    0.000000] Unknown kernel command line parameters "nokaslr", will be passed to user space.
[    0.000000] printk: log buffer data + meta data: 131072 + 458752 = 589824 bytes
[    0.000000] Dentry cache hash table entries: 524288 (order: 10, 4194304 bytes, linear)
[    0.000000] Inode-cache hash table entries: 262144 (order: 9, 2097152 bytes, linear)
[    0.000000] software IO TLB: SWIOTLB bounce buffer size adjusted to 4MB
[    0.000000] software IO TLB: area num 4.
[    0.000000] software IO TLB: mapped [mem 0x000000013ac00000-0x000000013b000000] (4MB)
[    0.000000] Built 1 zonelists, mobility grouping on.  Total pages: 1048576
[    0.000000] mem auto-init: stack:all(zero), heap alloc:off, heap free:off
[    0.000000] SLUB: HWalign=64, Order=0-3, MinObjects=0, CPUs=4, Nodes=1
[    0.000000] rcu: Preemptible hierarchical RCU implementation.
[    0.000000] rcu: 	RCU restricting CPUs from NR_CPUS=512 to nr_cpu_ids=4.
[    0.000000] rcu: RCU calculated value of scheduler-enlistment delay is 25 jiffies.
[    0.000000] rcu: Adjusting geometry for rcu_fanout_leaf=16, nr_cpu_ids=4
[    0.000000] NR_IRQS: 64, nr_irqs: 64, preallocated irqs: 0
[    0.000000] Root IRQ handler: gic_handle_irq
[    0.000000] GICv2m: range[mem 0x08020000-0x08020fff], SPI[80:143]
[    0.000000] rcu: srcu_init: Setting srcu_struct sizes based on contention.
[    0.000000] arch_timer: cp15 timer running at 24.00MHz (virt).
[    0.000000] clocksource: arch_sys_counter: mask: 0xffffffffffffff max_cycles: 0x588fe9dc0, max_idle_ns: 440795202592 ns
[    0.000000] sched_clock: 56 bits at 24MHz, resolution 41ns, wraps every 4398046511097ns
[    0.000140] Console: colour dummy device 80x25
[    0.000148] Calibrating delay loop (skipped), value calculated using timer frequency.. 48.00 BogoMIPS (lpj=96000)
[    0.000151] pid_max: default: 32768 minimum: 301
[    0.000293] Mount-cache hash table entries: 8192 (order: 4, 65536 bytes, linear)
[    0.000304] Mountpoint-cache hash table entries: 8192 (order: 4, 65536 bytes, linear)
[    0.000385] VFS: Finished mounting rootfs on nullfs
[    0.000539] cacheinfo: Unable to detect cache hierarchy for CPU 0
[    0.000655] rcu: Hierarchical SRCU implementation.
[    0.000655] rcu: 	Max phase no-delay instances is 1000.
[    0.000673] Timer migration: 1 hierarchy levels; 8 children per group; 1 crossnode level
[    0.000708] smp: Bringing up secondary CPUs ...
[    0.000953] Detected PIPT I-cache on CPU1
[    0.001029] CPU1: Booted secondary processor 0x0000000001 [0x610f0000]
[    0.001259] Detected PIPT I-cache on CPU2
[    0.001346] CPU2: Booted secondary processor 0x0000000002 [0x610f0000]
[    0.001555] Detected PIPT I-cache on CPU3
[    0.001669] CPU3: Booted secondary processor 0x0000000003 [0x610f0000]
[    0.001756] smp: Brought up 1 node, 4 CPUs
[    0.001757] SMP: Total of 4 processors activated.
[    0.001758] CPU: All CPU(s) started at EL1
[    0.001759] CPU features: detected: ARMv8.4 Translation Table Level
[    0.001759] CPU features: detected: Data cache clean to the PoU not required for I/D coherence
[    0.001760] CPU features: detected: CRC32 instructions
[    0.001760] CPU features: detected: Data independent timing control (DIT)
[    0.001761] CPU features: detected: E0PD
[    0.001761] CPU features: detected: Generic authentication (IMP DEF algorithm)
[    0.001762] CPU features: detected: RCpc load-acquire (LDAPR)
[    0.001762] CPU features: detected: LSE atomic instructions
[    0.001762] CPU features: detected: Privileged Access Never
[    0.001763] CPU features: detected: Speculation barrier (SB)
[    0.001763] CPU features: detected: TLB range maintenance instructions
[    0.001763] CPU features: detected: XNX
[    0.001867] alternatives: applying system-wide alternatives
[    0.002869] Memory: 3934216K/4194304K available (5248K kernel code, 754K rwdata, 2356K rodata, 576K init, 405K bss, 256908K reserved, 0K cma-reserved)
[    0.003136] devtmpfs: initialized
[    0.003474] clocksource: jiffies: mask: 0xffffffff max_cycles: 0xffffffff, max_idle_ns: 7645041785100000 ns
[    0.003481] posixtimers hash table entries: 2048 (order: 3, 32768 bytes, linear)
[    0.003496] futex hash table entries: 1024 (65536 bytes on 1 NUMA nodes, total 64 KiB, linear).
[    0.003501] 30384 pages in range for non-PLT usage
[    0.003502] 521904 pages in range for PLT usage
[    0.003557] NET: Registered PF_NETLINK/PF_ROUTE protocol family
[    0.003969] DMA: preallocated 512 KiB GFP_KERNEL pool for atomic allocations
[    0.004030] ASID allocator initialised with 256 entries
[    0.004036] Serial: AMBA PL011 UART driver
[    0.004385] 9000000.pl011: ttyAMA0 at MMIO 0x9000000 (irq = 13, base_baud = 0) is a PL011 rev1
[    0.004562] printk: console [ttyAMA0] enabled
[    0.010566] vgaarb: loaded
[    0.010778] clocksource: Switched to clocksource arch_sys_counter
[    0.020741] NET: Registered PF_INET protocol family
[    0.020818] IP idents hash table entries: 65536 (order: 7, 524288 bytes, linear)
[    0.021242] tcp_listen_portaddr_hash hash table entries: 2048 (order: 3, 32768 bytes, linear)
[    0.021250] Table-perturb hash table entries: 65536 (order: 6, 262144 bytes, linear)
[    0.021254] TCP established hash table entries: 32768 (order: 6, 262144 bytes, linear)
[    0.021317] TCP bind hash table entries: 32768 (order: 8, 1048576 bytes, linear)
[    0.021593] TCP: Hash tables configured (established 32768 bind 32768)
[    0.021631] UDP hash table entries: 2048 (order: 5, 131072 bytes, linear)
[    0.021717] NET: Registered PF_UNIX/PF_LOCAL protocol family
[    0.021732] PCI: CLS 0 bytes, default 64
[    0.021988] Unpacking initramfs...
[    0.023420] workingset: timestamp_bits=46 (anon: 42) max_order=20 bucket_order=0 (anon: 0)
[    0.023582] 9p: Installing v9fs 9p2000 file system support
[    0.027011] pci-host-generic 4010000000.pcie: host bridge /pcie@10000000 ranges:
[    0.027018] pci-host-generic 4010000000.pcie:       IO 0x003eff0000..0x003effffff -> 0x0000000000
[    0.027021] pci-host-generic 4010000000.pcie:      MEM 0x0010000000..0x003efeffff -> 0x0010000000
[    0.027022] pci-host-generic 4010000000.pcie:      MEM 0x8000000000..0xffffffffff -> 0x8000000000
[    0.027029] pci-host-generic 4010000000.pcie: Memory resource size exceeds max for 32 bits
[    0.027038] pci-host-generic 4010000000.pcie: ECAM at [mem 0x4010000000-0x401fffffff] for [bus 00-ff]
[    0.027053] pci-host-generic 4010000000.pcie: PCI host bridge to bus 0000:00
[    0.027054] pci_bus 0000:00: root bus resource [bus 00-ff]
[    0.027055] pci_bus 0000:00: root bus resource [io  0x0000-0xffff]
[    0.027055] pci_bus 0000:00: root bus resource [mem 0x10000000-0x3efeffff]
[    0.027056] pci_bus 0000:00: root bus resource [mem 0x8000000000-0xffffffffff]
[    0.027081] pci 0000:00:00.0: [1b36:0008] type 00 class 0x060000 conventional PCI endpoint
[    0.027438] pci 0000:00:01.0: [1af4:1000] type 00 class 0x020000 conventional PCI endpoint
[    0.027643] pci 0000:00:01.0: BAR 0 [io  0x0000-0x001f]
[    0.027650] pci 0000:00:01.0: BAR 1 [mem 0x00000000-0x00000fff]
[    0.027657] pci 0000:00:01.0: BAR 4 [mem 0x00000000-0x00003fff 64bit pref]
[    0.027660] pci 0000:00:01.0: ROM [mem 0x00000000-0x0003ffff pref]
[    0.028024] pci 0000:00:02.0: [1af4:1009] type 00 class 0x000200 conventional PCI endpoint
[    0.028154] pci 0000:00:02.0: BAR 0 [io  0x0000-0x003f]
[    0.028157] pci 0000:00:02.0: BAR 1 [mem 0x00000000-0x00000fff]
[    0.028175] pci 0000:00:02.0: BAR 4 [mem 0x00000000-0x00003fff 64bit pref]
[    0.028668] pci 0000:00:03.0: [1af4:1005] type 00 class 0x00ff00 conventional PCI endpoint
[    0.028817] pci 0000:00:03.0: BAR 0 [io  0x0000-0x001f]
[    0.028820] pci 0000:00:03.0: BAR 1 [mem 0x00000000-0x00000fff]
[    0.028853] pci 0000:00:03.0: BAR 4 [mem 0x00000000-0x00003fff 64bit pref]
[    0.029241] pci 0000:00:01.0: ROM [mem 0x10000000-0x1003ffff pref]: assigned
[    0.029243] pci 0000:00:01.0: BAR 4 [mem 0x8000000000-0x8000003fff 64bit pref]: assigned
[    0.029268] pci 0000:00:02.0: BAR 4 [mem 0x8000004000-0x8000007fff 64bit pref]: assigned
[    0.029282] pci 0000:00:03.0: BAR 4 [mem 0x8000008000-0x800000bfff 64bit pref]: assigned
[    0.029312] pci 0000:00:01.0: BAR 1 [mem 0x10040000-0x10040fff]: assigned
[    0.029339] pci 0000:00:02.0: BAR 1 [mem 0x10041000-0x10041fff]: assigned
[    0.029349] pci 0000:00:03.0: BAR 1 [mem 0x10042000-0x10042fff]: assigned
[    0.029370] pci 0000:00:02.0: BAR 0 [io  0x1000-0x103f]: assigned
[    0.029375] pci 0000:00:01.0: BAR 0 [io  0x1040-0x105f]: assigned
[    0.029429] pci 0000:00:03.0: BAR 0 [io  0x1060-0x107f]: assigned
[    0.029438] pci_bus 0000:00: resource 4 [io  0x0000-0xffff]
[    0.029439] pci_bus 0000:00: resource 5 [mem 0x10000000-0x3efeffff]
[    0.029439] pci_bus 0000:00: resource 6 [mem 0x8000000000-0xffffffffff]
[    0.030599] virtio-pci 0000:00:01.0: enabling device (0000 -> 0003)
[    0.031502] virtio-pci 0000:00:02.0: enabling device (0000 -> 0003)
[    0.032336] virtio-pci 0000:00:03.0: enabling device (0000 -> 0003)
[    0.095062] rtc-pl031 9010000.pl031: registered as rtc0
[    0.095088] rtc-pl031 9010000.pl031: setting system clock to 2026-10-08T19:48:39 UTC (1791488919)
[    0.095239] NET: Registered PF_INET6 protocol family
[    0.095912] Segment Routing with IPv6
[    0.095919] In-situ OAM (IOAM) with IPv6
[    0.095927] sit: IPv6, IPv4 and MPLS over IPv4 tunneling driver
[    0.095982] NET: Registered PF_PACKET protocol family
[    0.095988] 9pnet: Installing 9P2000 support
[    0.101247] clk: Disabling unused clocks
[    0.110678] Freeing initrd memory: 161888K
[    0.111155] Freeing unused kernel memory: 576K
[    0.111248] Run /init as init process
[    0.128371] kjit: loading out-of-tree module taints kernel.
[    0.129406] rust_kjit: ######## Rust KJIT inits ########
[    0.129432] rust_kjit: kjit: dispatch variant 0
[    0.129490] rust_kjit: golden tests/arm64/toy_cfg.s:hot_svc_mark PASS: 800 fragment bytes match harness
kjit-init: insmod kjit.ko ok
meas: variant=0
rep 0 variant=gpr enabled=0 outer=200000 calls=16 ns_per_outer=144.5 ns_per_call=9.03
rep 1 variant=gpr enabled=0 outer=200000 calls=16 ns_per_outer=140.4 ns_per_call=8.77
rep 2 variant=gpr enabled=0 outer=200000 calls=16 ns_per_outer=147.4 ns_per_call=9.21
rep 3 variant=gpr enabled=0 outer=200000 calls=16 ns_per_outer=149.4 ns_per_call=9.34
rep 4 variant=gpr enabled=0 outer=200000 calls=16 ns_per_outer=156.2 ns_per_call=9.76
rep 5 variant=gpr enabled=0 outer=200000 calls=16 ns_per_outer=149.0 ns_per_call=9.31
rep 6 variant=gpr enabled=0 outer=200000 calls=16 ns_per_outer=142.5 ns_per_call=8.91
result variant=gpr enabled=0 outer=200000 calls=16 reps=7 median_ns_per_outer=147.4 median_ns_per_call=9.21 min_ns_per_call=8.77 acc=25600000
[    0.388762] kjit: translate_svc_sites pid 69: 2 text ranges, 111 svc sites
[    0.389468] rust_kjit: kjit: pc 0x400fe8: installed 488 bytes, 0 fault sites, 2 entries, text 0x400fe8..0x400ff0, fpsimd false
[    0.390232] rust_kjit: kjit: pc 0x400fcc: installed 1016 bytes, 1 fault sites, 11 entries, text 0x400fbc..0x400fe8, fpsimd false
rep 0 variant=gpr enabled=1 outer=20000 calls=16 ns_per_outer=155.2 ns_per_call=9.70
rep 1 variant=gpr enabled=1 outer=20000 calls=16 ns_per_outer=146.5 ns_per_call=9.16
rep 2 variant=gpr enabled=1 outer=20000 calls=16 ns_per_outer=144.8 ns_per_call=9.05
rep 3 variant=gpr enabled=1 outer=20000 calls=16 ns_per_outer=159.4 ns_per_call=9.96
rep 4 variant=gpr enabled=1 outer=20000 calls=16 ns_per_outer=147.6 ns_per_call=9.23
rep 5 variant=gpr enabled=1 outer=20000 calls=16 ns_per_outer=145.3 ns_per_call=9.08
rep 6 variant=gpr enabled=1 outer=20000 calls=16 ns_per_outer=165.9 ns_per_call=10.37
result variant=gpr enabled=1 outer=20000 calls=16 reps=7 median_ns_per_outer=147.6 median_ns_per_call=9.23 min_ns_per_call=9.05 acc=2560000
counters variant=gpr timed_outer=140000 hook_calls=140045 syscalls_in_kernel=139965 fragment_entries=140045 fpsimd_entries=1 fpsimd_restores=0 chains=0 chain_cap=0 exit_svc=139965 exit_bl=0 exit_blr=0 exit_br=0 exit_ret=80 exit_mem=0 exit_unsupported=0 exit_budget=0 run_declined=0
rep 0 variant=fp enabled=0 outer=200000 calls=16 ns_per_outer=176.1 ns_per_call=11.01
rep 1 variant=fp enabled=0 outer=200000 calls=16 ns_per_outer=178.9 ns_per_call=11.18
rep 2 variant=fp enabled=0 outer=200000 calls=16 ns_per_outer=182.5 ns_per_call=11.41
rep 3 variant=fp enabled=0 outer=200000 calls=16 ns_per_outer=179.4 ns_per_call=11.21
rep 4 variant=fp enabled=0 outer=200000 calls=16 ns_per_outer=176.5 ns_per_call=11.03
rep 5 variant=fp enabled=0 outer=200000 calls=16 ns_per_outer=180.2 ns_per_call=11.26
rep 6 variant=fp enabled=0 outer=200000 calls=16 ns_per_outer=177.9 ns_per_call=11.12
result variant=fp enabled=0 outer=200000 calls=16 reps=7 median_ns_per_outer=178.9 median_ns_per_call=11.18 min_ns_per_call=11.01 acc=25600000
[    0.737664] kjit: translate_svc_sites pid 72: 2 text ranges, 111 svc sites
[    0.738249] rust_kjit: kjit: pc 0x401028: installed 496 bytes, 0 fault sites, 4 entries, text 0x401028..0x401038, fpsimd true
[    0.739185] rust_kjit: kjit: pc 0x40100c: installed 1016 bytes, 1 fault sites, 11 entries, text 0x400ffc..0x401028, fpsimd false
rep 0 variant=fp enabled=1 outer=20000 calls=16 ns_per_outer=211.6 ns_per_call=13.22
rep 1 variant=fp enabled=1 outer=20000 calls=16 ns_per_outer=215.5 ns_per_call=13.47
rep 2 variant=fp enabled=1 outer=20000 calls=16 ns_per_outer=213.0 ns_per_call=13.31
rep 3 variant=fp enabled=1 outer=20000 calls=16 ns_per_outer=213.3 ns_per_call=13.33
rep 4 variant=fp enabled=1 outer=20000 calls=16 ns_per_outer=210.5 ns_per_call=13.16
rep 5 variant=fp enabled=1 outer=20000 calls=16 ns_per_outer=221.7 ns_per_call=13.86
rep 6 variant=fp enabled=1 outer=20000 calls=16 ns_per_outer=221.6 ns_per_call=13.85
result variant=fp enabled=1 outer=20000 calls=16 reps=7 median_ns_per_outer=213.3 median_ns_per_call=13.33 min_ns_per_call=13.16 acc=2560000
counters variant=fp timed_outer=140000 hook_calls=140045 syscalls_in_kernel=139965 fragment_entries=280017 fpsimd_entries=139973 fpsimd_restores=0 chains=139972 chain_cap=0 exit_svc=139965 exit_bl=139972 exit_blr=0 exit_br=0 exit_ret=80 exit_mem=0 exit_unsupported=0 exit_budget=0 run_declined=0
rep 0 variant=gpr enabled=0 outer=200000 calls=128 ns_per_outer=258.6 ns_per_call=2.02
rep 1 variant=gpr enabled=0 outer=200000 calls=128 ns_per_outer=262.2 ns_per_call=2.05
rep 2 variant=gpr enabled=0 outer=200000 calls=128 ns_per_outer=257.6 ns_per_call=2.01
rep 3 variant=gpr enabled=0 outer=200000 calls=128 ns_per_outer=258.7 ns_per_call=2.02
rep 4 variant=gpr enabled=0 outer=200000 calls=128 ns_per_outer=257.9 ns_per_call=2.02
rep 5 variant=gpr enabled=0 outer=200000 calls=128 ns_per_outer=255.0 ns_per_call=1.99
rep 6 variant=gpr enabled=0 outer=200000 calls=128 ns_per_outer=257.7 ns_per_call=2.01
result variant=gpr enabled=0 outer=200000 calls=128 reps=7 median_ns_per_outer=257.9 median_ns_per_call=2.02 min_ns_per_call=1.99 acc=204800000
[    1.225451] kjit: translate_svc_sites pid 75: 2 text ranges, 111 svc sites
[    1.226354] rust_kjit: kjit: pc 0x400fe8: installed 488 bytes, 0 fault sites, 2 entries, text 0x400fe8..0x400ff0, fpsimd false
[    1.227181] rust_kjit: kjit: pc 0x400fcc: installed 1016 bytes, 1 fault sites, 11 entries, text 0x400fbc..0x400fe8, fpsimd false
rep 0 variant=gpr enabled=1 outer=20000 calls=128 ns_per_outer=844.3 ns_per_call=6.60
rep 1 variant=gpr enabled=1 outer=20000 calls=128 ns_per_outer=891.5 ns_per_call=6.97
rep 2 variant=gpr enabled=1 outer=20000 calls=128 ns_per_outer=865.2 ns_per_call=6.76
rep 3 variant=gpr enabled=1 outer=20000 calls=128 ns_per_outer=852.7 ns_per_call=6.66
rep 4 variant=gpr enabled=1 outer=20000 calls=128 ns_per_outer=868.2 ns_per_call=6.78
rep 5 variant=gpr enabled=1 outer=20000 calls=128 ns_per_outer=862.9 ns_per_call=6.74
rep 6 variant=gpr enabled=1 outer=20000 calls=128 ns_per_outer=854.3 ns_per_call=6.67
result variant=gpr enabled=1 outer=20000 calls=128 reps=7 median_ns_per_outer=862.9 median_ns_per_call=6.74 min_ns_per_call=6.60 acc=20480000
counters variant=gpr timed_outer=140000 hook_calls=140045 syscalls_in_kernel=139965 fragment_entries=140045 fpsimd_entries=1 fpsimd_restores=0 chains=0 chain_cap=0 exit_svc=139965 exit_bl=0 exit_blr=0 exit_br=0 exit_ret=80 exit_mem=0 exit_unsupported=0 exit_budget=0 run_declined=0
rep 0 variant=fp enabled=0 outer=200000 calls=128 ns_per_outer=539.8 ns_per_call=4.22
rep 1 variant=fp enabled=0 outer=200000 calls=128 ns_per_outer=543.0 ns_per_call=4.24
rep 2 variant=fp enabled=0 outer=200000 calls=128 ns_per_outer=560.0 ns_per_call=4.37
rep 3 variant=fp enabled=0 outer=200000 calls=128 ns_per_outer=570.5 ns_per_call=4.46
rep 4 variant=fp enabled=0 outer=200000 calls=128 ns_per_outer=581.9 ns_per_call=4.55
rep 5 variant=fp enabled=0 outer=200000 calls=128 ns_per_outer=783.1 ns_per_call=6.12
rep 6 variant=fp enabled=0 outer=200000 calls=128 ns_per_outer=840.5 ns_per_call=6.57
result variant=fp enabled=0 outer=200000 calls=128 reps=7 median_ns_per_outer=570.5 median_ns_per_call=4.46 min_ns_per_call=4.22 acc=204800000
[    2.398070] kjit: translate_svc_sites pid 79: 2 text ranges, 111 svc sites
[    2.398755] rust_kjit: kjit: pc 0x401028: installed 496 bytes, 0 fault sites, 4 entries, text 0x401028..0x401038, fpsimd true
[    2.399504] rust_kjit: kjit: pc 0x40100c: installed 1016 bytes, 1 fault sites, 11 entries, text 0x400ffc..0x401028, fpsimd false
rep 0 variant=fp enabled=1 outer=20000 calls=128 ns_per_outer=934.7 ns_per_call=7.30
rep 1 variant=fp enabled=1 outer=20000 calls=128 ns_per_outer=967.7 ns_per_call=7.56
rep 2 variant=fp enabled=1 outer=20000 calls=128 ns_per_outer=938.0 ns_per_call=7.33
rep 3 variant=fp enabled=1 outer=20000 calls=128 ns_per_outer=962.2 ns_per_call=7.52
rep 4 variant=fp enabled=1 outer=20000 calls=128 ns_per_outer=965.5 ns_per_call=7.54
rep 5 variant=fp enabled=1 outer=20000 calls=128 ns_per_outer=937.2 ns_per_call=7.32
rep 6 variant=fp enabled=1 outer=20000 calls=128 ns_per_outer=923.1 ns_per_call=7.21
result variant=fp enabled=1 outer=20000 calls=128 reps=7 median_ns_per_outer=938.0 median_ns_per_call=7.33 min_ns_per_call=7.21 acc=20480000
counters variant=fp timed_outer=140000 hook_calls=140045 syscalls_in_kernel=139965 fragment_entries=280017 fpsimd_entries=139973 fpsimd_restores=0 chains=139972 chain_cap=0 exit_svc=139965 exit_bl=139972 exit_blr=0 exit_br=0 exit_ret=80 exit_mem=0 exit_unsupported=0 exit_budget=0 run_declined=0
rep 0 variant=gpr enabled=0 outer=200000 calls=256 ns_per_outer=454.7 ns_per_call=1.78
rep 1 variant=gpr enabled=0 outer=200000 calls=256 ns_per_outer=1066.3 ns_per_call=4.17
rep 2 variant=gpr enabled=0 outer=200000 calls=256 ns_per_outer=469.6 ns_per_call=1.83
rep 3 variant=gpr enabled=0 outer=200000 calls=256 ns_per_outer=529.9 ns_per_call=2.07
rep 4 variant=gpr enabled=0 outer=200000 calls=256 ns_per_outer=504.9 ns_per_call=1.97
rep 5 variant=gpr enabled=0 outer=200000 calls=256 ns_per_outer=539.0 ns_per_call=2.11
rep 6 variant=gpr enabled=0 outer=200000 calls=256 ns_per_outer=511.2 ns_per_call=2.00
result variant=gpr enabled=0 outer=200000 calls=256 reps=7 median_ns_per_outer=511.2 median_ns_per_call=2.00 min_ns_per_call=1.78 acc=409600000
[    3.512171] kjit: translate_svc_sites pid 81: 2 text ranges, 111 svc sites
[    3.512634] rust_kjit: kjit: pc 0x400fe8: installed 488 bytes, 0 fault sites, 2 entries, text 0x400fe8..0x400ff0, fpsimd false
[    3.513171] rust_kjit: kjit: pc 0x400fcc: installed 1016 bytes, 1 fault sites, 11 entries, text 0x400fbc..0x400fe8, fpsimd false
rep 0 variant=gpr enabled=1 outer=20000 calls=256 ns_per_outer=2402.0 ns_per_call=9.38
rep 1 variant=gpr enabled=1 outer=20000 calls=256 ns_per_outer=2021.1 ns_per_call=7.89
rep 2 variant=gpr enabled=1 outer=20000 calls=256 ns_per_outer=1781.0 ns_per_call=6.96
rep 3 variant=gpr enabled=1 outer=20000 calls=256 ns_per_outer=2242.9 ns_per_call=8.76
rep 4 variant=gpr enabled=1 outer=20000 calls=256 ns_per_outer=1835.4 ns_per_call=7.17
rep 5 variant=gpr enabled=1 outer=20000 calls=256 ns_per_outer=1893.2 ns_per_call=7.40
rep 6 variant=gpr enabled=1 outer=20000 calls=256 ns_per_outer=1978.6 ns_per_call=7.73
result variant=gpr enabled=1 outer=20000 calls=256 reps=7 median_ns_per_outer=1978.6 median_ns_per_call=7.73 min_ns_per_call=6.96 acc=40960000
counters variant=gpr timed_outer=140000 hook_calls=140045 syscalls_in_kernel=139965 fragment_entries=140045 fpsimd_entries=1 fpsimd_restores=0 chains=0 chain_cap=0 exit_svc=139965 exit_bl=0 exit_blr=0 exit_br=0 exit_ret=80 exit_mem=0 exit_unsupported=0 exit_budget=0 run_declined=0
rep 0 variant=fp enabled=0 outer=200000 calls=256 ns_per_outer=1082.8 ns_per_call=4.23
rep 1 variant=fp enabled=0 outer=200000 calls=256 ns_per_outer=1026.2 ns_per_call=4.01
rep 2 variant=fp enabled=0 outer=200000 calls=256 ns_per_outer=976.0 ns_per_call=3.81
rep 3 variant=fp enabled=0 outer=200000 calls=256 ns_per_outer=973.3 ns_per_call=3.80
rep 4 variant=fp enabled=0 outer=200000 calls=256 ns_per_outer=1009.1 ns_per_call=3.94
rep 5 variant=fp enabled=0 outer=200000 calls=256 ns_per_outer=987.7 ns_per_call=3.86
rep 6 variant=fp enabled=0 outer=200000 calls=256 ns_per_outer=954.7 ns_per_call=3.73
result variant=fp enabled=0 outer=200000 calls=256 reps=7 median_ns_per_outer=987.7 median_ns_per_call=3.86 min_ns_per_call=3.73 acc=409600000
[    5.512151] kjit: translate_svc_sites pid 83: 2 text ranges, 111 svc sites
[    5.512564] rust_kjit: kjit: pc 0x401028: installed 496 bytes, 0 fault sites, 4 entries, text 0x401028..0x401038, fpsimd true
[    5.513076] rust_kjit: kjit: pc 0x40100c: installed 1016 bytes, 1 fault sites, 11 entries, text 0x400ffc..0x401028, fpsimd false
rep 0 variant=fp enabled=1 outer=20000 calls=256 ns_per_outer=1711.2 ns_per_call=6.68
rep 1 variant=fp enabled=1 outer=20000 calls=256 ns_per_outer=1728.0 ns_per_call=6.75
rep 2 variant=fp enabled=1 outer=20000 calls=256 ns_per_outer=1716.9 ns_per_call=6.71
rep 3 variant=fp enabled=1 outer=20000 calls=256 ns_per_outer=1722.6 ns_per_call=6.73
rep 4 variant=fp enabled=1 outer=20000 calls=256 ns_per_outer=1719.8 ns_per_call=6.72
rep 5 variant=fp enabled=1 outer=20000 calls=256 ns_per_outer=1707.9 ns_per_call=6.67
rep 6 variant=fp enabled=1 outer=20000 calls=256 ns_per_outer=1754.6 ns_per_call=6.85
result variant=fp enabled=1 outer=20000 calls=256 reps=7 median_ns_per_outer=1719.8 median_ns_per_call=6.72 min_ns_per_call=6.67 acc=40960000
counters variant=fp timed_outer=140000 hook_calls=140045 syscalls_in_kernel=139965 fragment_entries=280017 fpsimd_entries=139973 fpsimd_restores=0 chains=139972 chain_cap=0 exit_svc=139965 exit_bl=139972 exit_blr=0 exit_br=0 exit_ret=80 exit_mem=0 exit_unsupported=0 exit_budget=0 run_declined=0
a11: ibtc_variant=0
a11: warm-up at off
a11maps aaaabe9b0000-aaaabec00000 r-xp 00000000 00:03 4263                       /opt/redis/src/redis-server
a11maps aaaabec09000-aaaabec10000 r--p 00259000 00:03 4263                       /opt/redis/src/redis-server
a11maps aaaabec10000-aaaabec69000 rw-p 00260000 00:03 4263                       /opt/redis/src/redis-server
a11maps aaaabec69000-aaaabee9c000 rw-p 00000000 00:00 0 
a11maps aaaacb2cd000-aaaacb2ee000 rw-p 00000000 00:00 0                          [heap]
a11maps ffffa7d40000-ffffa7fc0000 rw-p 00000000 00:00 0 
a11maps ffffa7fc0000-ffffa7fd0000 ---p 00000000 00:00 0 
a11maps ffffa7fd0000-ffffa87d0000 rw-p 00000000 00:00 0 
a11maps ffffa87d0000-ffffa87e0000 ---p 00000000 00:00 0 
a11maps ffffa87e0000-ffffa8fe0000 rw-p 00000000 00:00 0 
a11maps ffffa8fe0000-ffffa8ff0000 ---p 00000000 00:00 0 
a11maps ffffa8ff0000-ffffa97f0000 rw-p 00000000 00:00 0 
a11maps ffffa97f0000-ffffa9800000 ---p 00000000 00:00 0 
a11maps ffffa9800000-ffffaa000000 rw-p 00000000 00:00 0 
a11maps ffffaa000000-ffffaa800000 rw-p 00000000 00:00 0 
a11maps ffffaa940000-ffffaaacc000 r-xp 00000000 00:03 816                        /usr/lib/aarch64-linux-gnu/libc.so.6
a11maps ffffaaacc000-ffffaaadc000 ---p 0018c000 00:03 816                        /usr/lib/aarch64-linux-gnu/libc.so.6
a11maps ffffaaadc000-ffffaaae0000 r--p 0018c000 00:03 816                        /usr/lib/aarch64-linux-gnu/libc.so.6
a11maps ffffaaae0000-ffffaaae2000 rw-p 00190000 00:03 816                        /usr/lib/aarch64-linux-gnu/libc.so.6
a11maps ffffaaae2000-ffffaaaef000 rw-p 00000000 00:00 0 
a11maps ffffaaaf0000-ffffaab72000 r-xp 00000000 00:03 863                        /usr/lib/aarch64-linux-gnu/libm.so.6
a11maps ffffaab72000-ffffaab8f000 ---p 00082000 00:03 863                        /usr/lib/aarch64-linux-gnu/libm.so.6
a11maps ffffaab8f000-ffffaab90000 r--p 0008f000 00:03 863                        /usr/lib/aarch64-linux-gnu/libm.so.6
a11maps ffffaab90000-ffffaab91000 rw-p 00090000 00:03 863                        /usr/lib/aarch64-linux-gnu/libm.so.6
a11maps ffffaaba0000-ffffaabc7000 r-xp 00000000 00:03 796                        /usr/lib/aarch64-linux-gnu/ld-linux-aarch64.so.1
a11maps ffffaabd1000-ffffaabd5000 rw-p 00000000 00:00 0 
a11maps ffffaabd7000-ffffaabd9000 rw-p 00000000 00:00 0 
a11maps ffffaabd9000-ffffaabdd000 r--p 00000000 00:00 0                          [vvar]
a11maps ffffaabdd000-ffffaabde000 r-xp 00000000 00:00 0                          [vdso]
a11maps ffffaabde000-ffffaabe0000 r--p 0002e000 00:03 796                        /usr/lib/aarch64-linux-gnu/ld-linux-aarch64.so.1
a11maps ffffaabe0000-ffffaabe2000 rw-p 00030000 00:03 796                        /usr/lib/aarch64-linux-gnu/ld-linux-aarch64.so.1
a11maps ffffc6b33000-ffffc6b54000 rw-p 00000000 00:00 0                          [stack]
a11 point=off pass=1 test=set requests=200000 rps=209205.03 hook_calls=0 syscalls_in_kernel=0 fragment_entries=0 fpsimd_entries=0 fpsimd_restores=0 chains=0 chain_cap=0 exit_svc=0 exit_bl=0 exit_blr=0 exit_br=0 exit_ret=0 exit_mem=0 exit_unsupported=0 exit_budget=0 run_declined=0 ibtc_insert=0 ibtc_replace=0 ibtc_clear=0 ibtc_fpsimd_boundary=0 ibtc_miss_cold=0 ibtc_miss_conflict=0 ibtc_miss_other=0 fpsimd_run_max_ns=111083 miss_residual=0
a11slots point=off pass=1 test=set # table all conflicts 0 slots 0 top32 0
a11slots point=off pass=1 test=set # table nofp conflicts 0 slots 0 top32 0
a11 point=off pass=1 test=get requests=200000 rps=152439.02 hook_calls=0 syscalls_in_kernel=0 fragment_entries=0 fpsimd_entries=0 fpsimd_restores=0 chains=0 chain_cap=0 exit_svc=0 exit_bl=0 exit_blr=0 exit_br=0 exit_ret=0 exit_mem=0 exit_unsupported=0 exit_budget=0 run_declined=0 ibtc_insert=0 ibtc_replace=0 ibtc_clear=0 ibtc_fpsimd_boundary=0 ibtc_miss_cold=0 ibtc_miss_conflict=0 ibtc_miss_other=0 fpsimd_run_max_ns=111083 miss_residual=0
a11slots point=off pass=1 test=get # table all conflicts 0 slots 0 top32 0
a11slots point=off pass=1 test=get # table nofp conflicts 0 slots 0 top32 0
a11 point=1024 pass=1 test=set requests=200000 rps=106213.48 hook_calls=408768 syscalls_in_kernel=384465 fragment_entries=5516218 fpsimd_entries=1546337 fpsimd_restores=0 chains=5108263 chain_cap=0 exit_svc=384465 exit_bl=1965290 exit_blr=198186 exit_br=979862 exit_ret=1983105 exit_mem=0 exit_unsupported=5310 exit_budget=0 run_declined=13 ibtc_insert=7123862 ibtc_replace=7123360 ibtc_clear=0 ibtc_fpsimd_boundary=1546332 ibtc_miss_cold=0 ibtc_miss_conflict=0 ibtc_miss_other=0 fpsimd_run_max_ns=1162958 miss_residual=3580111
a11slots point=1024 pass=1 test=set # table all conflicts 0 slots 0 top32 0
a11slots point=1024 pass=1 test=set # table nofp conflicts 0 slots 0 top32 0
a11 point=1024 pass=1 test=get requests=200000 rps=100150.23 hook_calls=409309 syscalls_in_kernel=398572 fragment_entries=3141211 fpsimd_entries=1005369 fpsimd_restores=0 chains=2732465 chain_cap=0 exit_svc=398572 exit_bl=1056150 exit_blr=198609 exit_br=607967 exit_ret=871638 exit_mem=0 exit_unsupported=8275 exit_budget=0 run_declined=17 ibtc_insert=3454195 ibtc_replace=3454165 ibtc_clear=0 ibtc_fpsimd_boundary=1005367 ibtc_miss_cold=0 ibtc_miss_conflict=0 ibtc_miss_other=0 fpsimd_run_max_ns=3760000 miss_residual=1728997
a11slots point=1024 pass=1 test=get # table all conflicts 0 slots 0 top32 0
a11slots point=1024 pass=1 test=get # table nofp conflicts 0 slots 0 top32 0
a11 point=off pass=2 test=set requests=200000 rps=192864.05 hook_calls=0 syscalls_in_kernel=0 fragment_entries=0 fpsimd_entries=0 fpsimd_restores=0 chains=0 chain_cap=0 exit_svc=0 exit_bl=0 exit_blr=0 exit_br=0 exit_ret=0 exit_mem=0 exit_unsupported=0 exit_budget=0 run_declined=0 ibtc_insert=0 ibtc_replace=0 ibtc_clear=0 ibtc_fpsimd_boundary=0 ibtc_miss_cold=0 ibtc_miss_conflict=0 ibtc_miss_other=0 fpsimd_run_max_ns=3760000 miss_residual=0
a11slots point=off pass=2 test=set # table all conflicts 0 slots 0 top32 0
a11slots point=off pass=2 test=set # table nofp conflicts 0 slots 0 top32 0
a11 point=off pass=2 test=get requests=200000 rps=221729.48 hook_calls=0 syscalls_in_kernel=0 fragment_entries=0 fpsimd_entries=0 fpsimd_restores=0 chains=0 chain_cap=0 exit_svc=0 exit_bl=0 exit_blr=0 exit_br=0 exit_ret=0 exit_mem=0 exit_unsupported=0 exit_budget=0 run_declined=0 ibtc_insert=0 ibtc_replace=0 ibtc_clear=0 ibtc_fpsimd_boundary=0 ibtc_miss_cold=0 ibtc_miss_conflict=0 ibtc_miss_other=0 fpsimd_run_max_ns=3760000 miss_residual=0
a11slots point=off pass=2 test=get # table all conflicts 0 slots 0 top32 0
a11slots point=off pass=2 test=get # table nofp conflicts 0 slots 0 top32 0
a11 point=1024 pass=2 test=set requests=200000 rps=100908.17 hook_calls=408799 syscalls_in_kernel=399606 fragment_entries=5732254 fpsimd_entries=1605132 fpsimd_restores=0 chains=5324024 chain_cap=0 exit_svc=399606 exit_bl=2036237 exit_blr=207428 exit_br=1006411 exit_ret=2074793 exit_mem=7 exit_unsupported=7772 exit_budget=0 run_declined=20 ibtc_insert=7437784 ibtc_replace=7437784 ibtc_clear=0 ibtc_fpsimd_boundary=1605132 ibtc_miss_cold=0 ibtc_miss_conflict=0 ibtc_miss_other=0 fpsimd_run_max_ns=3760000 miss_residual=3719737
a11slots point=1024 pass=2 test=set # table all conflicts 0 slots 0 top32 0
a11slots point=1024 pass=2 test=set # table nofp conflicts 0 slots 0 top32 0
a11 point=1024 pass=2 test=get requests=200000 rps=137551.58 hook_calls=408761 syscalls_in_kernel=399718 fragment_entries=3140038 fpsimd_entries=1007223 fpsimd_restores=0 chains=2731831 chain_cap=0 exit_svc=399718 exit_bl=1054869 exit_blr=199777 exit_br=607771 exit_ret=870104 exit_mem=0 exit_unsupported=7799 exit_budget=0 run_declined=15 ibtc_insert=3449216 ibtc_replace=3449216 ibtc_clear=0 ibtc_fpsimd_boundary=1007223 ibtc_miss_cold=0 ibtc_miss_conflict=0 ibtc_miss_other=0 fpsimd_run_max_ns=3760000 miss_residual=1725298
a11slots point=1024 pass=2 test=get # table all conflicts 0 slots 0 top32 0
a11slots point=1024 pass=2 test=get # table nofp conflicts 0 slots 0 top32 0
a11 point=off pass=3 test=set requests=200000 rps=193050.19 hook_calls=0 syscalls_in_kernel=0 fragment_entries=0 fpsimd_entries=0 fpsimd_restores=0 chains=0 chain_cap=0 exit_svc=0 exit_bl=0 exit_blr=0 exit_br=0 exit_ret=0 exit_mem=0 exit_unsupported=0 exit_budget=0 run_declined=0 ibtc_insert=0 ibtc_replace=0 ibtc_clear=0 ibtc_fpsimd_boundary=0 ibtc_miss_cold=0 ibtc_miss_conflict=0 ibtc_miss_other=0 fpsimd_run_max_ns=3760000 miss_residual=0
a11slots point=off pass=3 test=set # table all conflicts 0 slots 0 top32 0
a11slots point=off pass=3 test=set # table nofp conflicts 0 slots 0 top32 0
a11 point=off pass=3 test=get requests=200000 rps=209643.61 hook_calls=0 syscalls_in_kernel=0 fragment_entries=0 fpsimd_entries=0 fpsimd_restores=0 chains=0 chain_cap=0 exit_svc=0 exit_bl=0 exit_blr=0 exit_br=0 exit_ret=0 exit_mem=0 exit_unsupported=0 exit_budget=0 run_declined=0 ibtc_insert=0 ibtc_replace=0 ibtc_clear=0 ibtc_fpsimd_boundary=0 ibtc_miss_cold=0 ibtc_miss_conflict=0 ibtc_miss_other=0 fpsimd_run_max_ns=3760000 miss_residual=0
a11slots point=off pass=3 test=get # table all conflicts 0 slots 0 top32 0
a11slots point=off pass=3 test=get # table nofp conflicts 0 slots 0 top32 0
a11 point=1024 pass=3 test=set requests=200000 rps=93852.65 hook_calls=408886 syscalls_in_kernel=399586 fragment_entries=5733481 fpsimd_entries=1605107 fpsimd_restores=0 chains=5325157 chain_cap=0 exit_svc=399586 exit_bl=2036574 exit_blr=207499 exit_br=1006438 exit_ret=2075522 exit_mem=0 exit_unsupported=7862 exit_budget=0 run_declined=14 ibtc_insert=7440100 ibtc_replace=7440100 ibtc_clear=0 ibtc_fpsimd_boundary=1605107 ibtc_miss_cold=0 ibtc_miss_conflict=0 ibtc_miss_other=0 fpsimd_run_max_ns=3760000 miss_residual=3720926
a11slots point=1024 pass=3 test=set # table all conflicts 0 slots 0 top32 0
a11slots point=1024 pass=3 test=set # table nofp conflicts 0 slots 0 top32 0
a11 point=1024 pass=3 test=get requests=200000 rps=94517.96 hook_calls=409679 syscalls_in_kernel=399620 fragment_entries=3154421 fpsimd_entries=1007878 fpsimd_restores=63 chains=2745308 chain_cap=0 exit_svc=399620 exit_bl=1060507 exit_blr=199678 exit_br=608518 exit_ret=877420 exit_mem=0 exit_unsupported=8678 exit_budget=0 run_declined=13 ibtc_insert=3474860 ibtc_replace=3474860 ibtc_clear=0 ibtc_fpsimd_boundary=1007878 ibtc_miss_cold=0 ibtc_miss_conflict=0 ibtc_miss_other=0 fpsimd_run_max_ns=4406166 miss_residual=1738245
a11slots point=1024 pass=3 test=get # table all conflicts 0 slots 0 top32 0
a11slots point=1024 pass=3 test=get # table nofp conflicts 0 slots 0 top32 0
a11maps-end aaaabe9b0000-aaaabec00000 r-xp 00000000 00:03 4263                       /opt/redis/src/redis-server
a11maps-end aaaabec09000-aaaabec10000 r--p 00259000 00:03 4263                       /opt/redis/src/redis-server
a11maps-end aaaabec10000-aaaabec69000 rw-p 00260000 00:03 4263                       /opt/redis/src/redis-server
a11maps-end aaaabec69000-aaaabee9c000 rw-p 00000000 00:00 0 
a11maps-end aaaacb2cd000-aaaacb2ee000 rw-p 00000000 00:00 0                          [heap]
a11maps-end ffffa7d40000-ffffa7fc0000 rw-p 00000000 00:00 0 
a11maps-end ffffa7fc0000-ffffa7fd0000 ---p 00000000 00:00 0 
a11maps-end ffffa7fd0000-ffffa87d0000 rw-p 00000000 00:00 0 
a11maps-end ffffa87d0000-ffffa87e0000 ---p 00000000 00:00 0 
a11maps-end ffffa87e0000-ffffa8fe0000 rw-p 00000000 00:00 0 
a11maps-end ffffa8fe0000-ffffa8ff0000 ---p 00000000 00:00 0 
a11maps-end ffffa8ff0000-ffffa97f0000 rw-p 00000000 00:00 0 
a11maps-end ffffa97f0000-ffffa9800000 ---p 00000000 00:00 0 
a11maps-end ffffa9800000-ffffaa000000 rw-p 00000000 00:00 0 
a11maps-end ffffaa000000-ffffaa800000 rw-p 00000000 00:00 0 
a11maps-end ffffaa940000-ffffaaacc000 r-xp 00000000 00:03 816                        /usr/lib/aarch64-linux-gnu/libc.so.6
a11maps-end ffffaaacc000-ffffaaadc000 ---p 0018c000 00:03 816                        /usr/lib/aarch64-linux-gnu/libc.so.6
a11maps-end ffffaaadc000-ffffaaae0000 r--p 0018c000 00:03 816                        /usr/lib/aarch64-linux-gnu/libc.so.6
a11maps-end ffffaaae0000-ffffaaae2000 rw-p 00190000 00:03 816                        /usr/lib/aarch64-linux-gnu/libc.so.6
a11maps-end ffffaaae2000-ffffaaaef000 rw-p 00000000 00:00 0 
a11maps-end ffffaaaf0000-ffffaab72000 r-xp 00000000 00:03 863                        /usr/lib/aarch64-linux-gnu/libm.so.6
a11maps-end ffffaab72000-ffffaab8f000 ---p 00082000 00:03 863                        /usr/lib/aarch64-linux-gnu/libm.so.6
a11maps-end ffffaab8f000-ffffaab90000 r--p 0008f000 00:03 863                        /usr/lib/aarch64-linux-gnu/libm.so.6
a11maps-end ffffaab90000-ffffaab91000 rw-p 00090000 00:03 863                        /usr/lib/aarch64-linux-gnu/libm.so.6
a11maps-end ffffaaba0000-ffffaabc7000 r-xp 00000000 00:03 796                        /usr/lib/aarch64-linux-gnu/ld-linux-aarch64.so.1
a11maps-end ffffaabd1000-ffffaabd5000 rw-p 00000000 00:00 0 
a11maps-end ffffaabd7000-ffffaabd9000 rw-p 00000000 00:00 0 
a11maps-end ffffaabd9000-ffffaabdd000 r--p 00000000 00:00 0                          [vvar]
a11maps-end ffffaabdd000-ffffaabde000 r-xp 00000000 00:00 0                          [vdso]
a11maps-end ffffaabde000-ffffaabe0000 r--p 0002e000 00:03 796                        /usr/lib/aarch64-linux-gnu/ld-linux-aarch64.so.1
a11maps-end ffffaabe0000-ffffaabe2000 rw-p 00030000 00:03 796                        /usr/lib/aarch64-linux-gnu/ld-linux-aarch64.so.1
a11maps-end ffffc6b33000-ffffc6b54000 rw-p 00000000 00:00 0                          [stack]
a11: done
[   40.436283] kjit: 0 of 294 translation requests still queued at unload (freed by the kernel)
[   40.452027] rust_kjit: ######## Rust KJIT exits ########
kjit-init: rmmod kjit ok
kjit-init: run exit=0
[   40.478464] reboot: Power down
