[    0.000000] Booting Linux on physical CPU 0x0000000000 [0x610f0000]
[    0.000000] Linux version 7.1.0-rc1+ (@1c38d4aae872) (Ubuntu clang version 18.1.3 (1ubuntu1), Ubuntu LLD 18.1.3) #12 SMP PREEMPT Sun Sep 27 08:34:33 UTC 2026
[    0.000000] random: crng init done
[    0.000000] Machine model: linux,dummy-virt
[    0.000000] OF: reserved mem: Reserved memory: No reserved-memory node in the DT
[    0.000000] psci: probing for conduit method from DT.
[    0.000000] psci: PSCIv1.1 detected in firmware.
[    0.000000] psci: Using standard PSCI v0.2 function IDs
[    0.000000] psci: Trusted OS migration not required
[    0.000000] psci: SMC Calling Convention v1.0
[    0.000000] Zone ranges:
[    0.000000]   Normal   [mem 0x0000000040000000-0x000000013fffffff]
[    0.000000] Movable zone start for each node
[    0.000000] Early memory node ranges
[    0.000000]   node   0: [mem 0x0000000040000000-0x000000013fffffff]
[    0.000000] Initmem setup node 0 [mem 0x0000000040000000-0x000000013fffffff]
[    0.000000] percpu: Embedded 19 pages/cpu s38488 r8192 d31144 u77824
[    0.000000] Detected PIPT I-cache on CPU0
[    0.000000] CPU features: detected: Address authentication (IMP DEF algorithm)
[    0.000000] CPU features: detected: Spectre-v4
[    0.000000] CPU features: detected: Spectre-BHB
[    0.000000] alternatives: applying boot alternatives
[    0.000000] Kernel command line: console=ttyAMA0 panic=-1 nokaslr
[    0.000000] Unknown kernel command line parameters "nokaslr", will be passed to user space.
[    0.000000] printk: log buffer data + meta data: 131072 + 458752 = 589824 bytes
[    0.000000] Dentry cache hash table entries: 524288 (order: 10, 4194304 bytes, linear)
[    0.000000] Inode-cache hash table entries: 262144 (order: 9, 2097152 bytes, linear)
[    0.000000] software IO TLB: SWIOTLB bounce buffer size adjusted to 4MB
[    0.000000] software IO TLB: area num 4.
[    0.000000] software IO TLB: mapped [mem 0x000000013ac00000-0x000000013b000000] (4MB)
[    0.000000] Built 1 zonelists, mobility grouping on.  Total pages: 1048576
[    0.000000] mem auto-init: stack:all(zero), heap alloc:off, heap free:off
[    0.000000] SLUB: HWalign=64, Order=0-3, MinObjects=0, CPUs=4, Nodes=1
[    0.000000] rcu: Preemptible hierarchical RCU implementation.
[    0.000000] rcu: 	RCU restricting CPUs from NR_CPUS=512 to nr_cpu_ids=4.
[    0.000000] rcu: RCU calculated value of scheduler-enlistment delay is 25 jiffies.
[    0.000000] rcu: Adjusting geometry for rcu_fanout_leaf=16, nr_cpu_ids=4
[    0.000000] NR_IRQS: 64, nr_irqs: 64, preallocated irqs: 0
[    0.000000] Root IRQ handler: gic_handle_irq
[    0.000000] GICv2m: range[mem 0x08020000-0x08020fff], SPI[80:143]
[    0.000000] rcu: srcu_init: Setting srcu_struct sizes based on contention.
[    0.000000] arch_timer: cp15 timer running at 24.00MHz (virt).
[    0.000000] clocksource: arch_sys_counter: mask: 0xffffffffffffff max_cycles: 0x588fe9dc0, max_idle_ns: 440795202592 ns
[    0.000000] sched_clock: 56 bits at 24MHz, resolution 41ns, wraps every 4398046511097ns
[    0.000100] Console: colour dummy device 80x25
[    0.000106] Calibrating delay loop (skipped), value calculated using timer frequency.. 48.00 BogoMIPS (lpj=96000)
[    0.000110] pid_max: default: 32768 minimum: 301
[    0.000238] Mount-cache hash table entries: 8192 (order: 4, 65536 bytes, linear)
[    0.000246] Mountpoint-cache hash table entries: 8192 (order: 4, 65536 bytes, linear)
[    0.000323] VFS: Finished mounting rootfs on nullfs
[    0.000462] cacheinfo: Unable to detect cache hierarchy for CPU 0
[    0.000568] rcu: Hierarchical SRCU implementation.
[    0.000568] rcu: 	Max phase no-delay instances is 1000.
[    0.000589] Timer migration: 1 hierarchy levels; 8 children per group; 1 crossnode level
[    0.000621] smp: Bringing up secondary CPUs ...
[    0.000807] Detected PIPT I-cache on CPU1
[    0.000884] CPU1: Booted secondary processor 0x0000000001 [0x610f0000]
[    0.001107] Detected PIPT I-cache on CPU2
[    0.001195] CPU2: Booted secondary processor 0x0000000002 [0x610f0000]
[    0.001381] Detected PIPT I-cache on CPU3
[    0.001484] CPU3: Booted secondary processor 0x0000000003 [0x610f0000]
[    0.001552] smp: Brought up 1 node, 4 CPUs
[    0.001554] SMP: Total of 4 processors activated.
[    0.001554] CPU: All CPU(s) started at EL1
[    0.001555] CPU features: detected: ARMv8.4 Translation Table Level
[    0.001555] CPU features: detected: Data cache clean to the PoU not required for I/D coherence
[    0.001555] CPU features: detected: CRC32 instructions
[    0.001556] CPU features: detected: Data independent timing control (DIT)
[    0.001556] CPU features: detected: E0PD
[    0.001557] CPU features: detected: Generic authentication (IMP DEF algorithm)
[    0.001557] CPU features: detected: RCpc load-acquire (LDAPR)
[    0.001557] CPU features: detected: LSE atomic instructions
[    0.001558] CPU features: detected: Privileged Access Never
[    0.001558] CPU features: detected: Speculation barrier (SB)
[    0.001558] CPU features: detected: TLB range maintenance instructions
[    0.001559] CPU features: detected: XNX
[    0.001694] alternatives: applying system-wide alternatives
[    0.002609] Memory: 3937428K/4194304K available (5248K kernel code, 754K rwdata, 2356K rodata, 576K init, 405K bss, 253696K reserved, 0K cma-reserved)
[    0.002850] devtmpfs: initialized
[    0.003103] clocksource: jiffies: mask: 0xffffffff max_cycles: 0xffffffff, max_idle_ns: 7645041785100000 ns
[    0.003106] posixtimers hash table entries: 2048 (order: 3, 32768 bytes, linear)
[    0.003120] futex hash table entries: 1024 (65536 bytes on 1 NUMA nodes, total 64 KiB, linear).
[    0.003125] 30384 pages in range for non-PLT usage
[    0.003126] 521904 pages in range for PLT usage
[    0.003176] NET: Registered PF_NETLINK/PF_ROUTE protocol family
[    0.003470] DMA: preallocated 512 KiB GFP_KERNEL pool for atomic allocations
[    0.003497] ASID allocator initialised with 256 entries
[    0.003503] Serial: AMBA PL011 UART driver
[    0.003874] 9000000.pl011: ttyAMA0 at MMIO 0x9000000 (irq = 13, base_baud = 0) is a PL011 rev1
[    0.004043] printk: console [ttyAMA0] enabled
[    0.010221] vgaarb: loaded
[    0.010514] clocksource: Switched to clocksource arch_sys_counter
[    0.014442] NET: Registered PF_INET protocol family
[    0.014664] IP idents hash table entries: 65536 (order: 7, 524288 bytes, linear)
[    0.015169] tcp_listen_portaddr_hash hash table entries: 2048 (order: 3, 32768 bytes, linear)
[    0.015176] Table-perturb hash table entries: 65536 (order: 6, 262144 bytes, linear)
[    0.015179] TCP established hash table entries: 32768 (order: 6, 262144 bytes, linear)
[    0.015226] TCP bind hash table entries: 32768 (order: 8, 1048576 bytes, linear)
[    0.015367] TCP: Hash tables configured (established 32768 bind 32768)
[    0.015416] UDP hash table entries: 2048 (order: 5, 131072 bytes, linear)
[    0.015461] NET: Registered PF_UNIX/PF_LOCAL protocol family
[    0.015466] PCI: CLS 0 bytes, default 64
[    0.015743] Unpacking initramfs...
[    0.022800] workingset: timestamp_bits=46 (anon: 42) max_order=20 bucket_order=0 (anon: 0)
[    0.022916] 9p: Installing v9fs 9p2000 file system support
[    0.027317] pci-host-generic 4010000000.pcie: host bridge /pcie@10000000 ranges:
[    0.027324] pci-host-generic 4010000000.pcie:       IO 0x003eff0000..0x003effffff -> 0x0000000000
[    0.027327] pci-host-generic 4010000000.pcie:      MEM 0x0010000000..0x003efeffff -> 0x0010000000
[    0.027328] pci-host-generic 4010000000.pcie:      MEM 0x8000000000..0xffffffffff -> 0x8000000000
[    0.027338] pci-host-generic 4010000000.pcie: Memory resource size exceeds max for 32 bits
[    0.027348] pci-host-generic 4010000000.pcie: ECAM at [mem 0x4010000000-0x401fffffff] for [bus 00-ff]
[    0.027362] pci-host-generic 4010000000.pcie: PCI host bridge to bus 0000:00
[    0.027363] pci_bus 0000:00: root bus resource [bus 00-ff]
[    0.027364] pci_bus 0000:00: root bus resource [io  0x0000-0xffff]
[    0.027365] pci_bus 0000:00: root bus resource [mem 0x10000000-0x3efeffff]
[    0.027365] pci_bus 0000:00: root bus resource [mem 0x8000000000-0xffffffffff]
[    0.027387] pci 0000:00:00.0: [1b36:0008] type 00 class 0x060000 conventional PCI endpoint
[    0.027643] pci 0000:00:01.0: [1af4:1000] type 00 class 0x020000 conventional PCI endpoint
[    0.027733] pci 0000:00:01.0: BAR 0 [io  0x0000-0x001f]
[    0.027737] pci 0000:00:01.0: BAR 1 [mem 0x00000000-0x00000fff]
[    0.027744] pci 0000:00:01.0: BAR 4 [mem 0x00000000-0x00003fff 64bit pref]
[    0.027746] pci 0000:00:01.0: ROM [mem 0x00000000-0x0003ffff pref]
[    0.027991] pci 0000:00:02.0: [1af4:1009] type 00 class 0x000200 conventional PCI endpoint
[    0.028103] pci 0000:00:02.0: BAR 0 [io  0x0000-0x003f]
[    0.028106] pci 0000:00:02.0: BAR 1 [mem 0x00000000-0x00000fff]
[    0.028116] pci 0000:00:02.0: BAR 4 [mem 0x00000000-0x00003fff 64bit pref]
[    0.028526] pci 0000:00:03.0: [1af4:1005] type 00 class 0x00ff00 conventional PCI endpoint
[    0.028719] pci 0000:00:03.0: BAR 0 [io  0x0000-0x001f]
[    0.028722] pci 0000:00:03.0: BAR 1 [mem 0x00000000-0x00000fff]
[    0.028728] pci 0000:00:03.0: BAR 4 [mem 0x00000000-0x00003fff 64bit pref]
[    0.029209] pci 0000:00:01.0: ROM [mem 0x10000000-0x1003ffff pref]: assigned
[    0.029211] pci 0000:00:01.0: BAR 4 [mem 0x8000000000-0x8000003fff 64bit pref]: assigned
[    0.029223] pci 0000:00:02.0: BAR 4 [mem 0x8000004000-0x8000007fff 64bit pref]: assigned
[    0.029301] pci 0000:00:03.0: BAR 4 [mem 0x8000008000-0x800000bfff 64bit pref]: assigned
[    0.029326] pci 0000:00:01.0: BAR 1 [mem 0x10040000-0x10040fff]: assigned
[    0.029336] pci 0000:00:02.0: BAR 1 [mem 0x10041000-0x10041fff]: assigned
[    0.029339] pci 0000:00:03.0: BAR 1 [mem 0x10042000-0x10042fff]: assigned
[    0.029343] pci 0000:00:02.0: BAR 0 [io  0x1000-0x103f]: assigned
[    0.029346] pci 0000:00:01.0: BAR 0 [io  0x1040-0x105f]: assigned
[    0.029350] pci 0000:00:03.0: BAR 0 [io  0x1060-0x107f]: assigned
[    0.029354] pci_bus 0000:00: resource 4 [io  0x0000-0xffff]
[    0.029355] pci_bus 0000:00: resource 5 [mem 0x10000000-0x3efeffff]
[    0.029355] pci_bus 0000:00: resource 6 [mem 0x8000000000-0xffffffffff]
[    0.030715] virtio-pci 0000:00:01.0: enabling device (0000 -> 0003)
[    0.031732] virtio-pci 0000:00:02.0: enabling device (0000 -> 0003)
[    0.032500] virtio-pci 0000:00:03.0: enabling device (0000 -> 0003)
[    0.039024] rtc-pl031 9010000.pl031: registered as rtc0
[    0.039032] rtc-pl031 9010000.pl031: setting system clock to 2026-09-27T08:54:46 UTC (1790499286)
[    0.039130] NET: Registered PF_INET6 protocol family
[    0.039676] Segment Routing with IPv6
[    0.039679] In-situ OAM (IOAM) with IPv6
[    0.039687] sit: IPv6, IPv4 and MPLS over IPv4 tunneling driver
[    0.039752] NET: Registered PF_PACKET protocol family
[    0.039762] 9pnet: Installing 9P2000 support
[    0.044545] clk: Disabling unused clocks
[    0.091484] Freeing initrd memory: 158676K
[    0.091851] Freeing unused kernel memory: 576K
[    0.091896] Run /init as init process
[    0.107483] kjit: loading out-of-tree module taints kernel.
[    0.108281] rust_kjit: ######## Rust KJIT inits ########
[    0.108325] rust_kjit: golden tests/arm64/toy_cfg.s:hot_svc_mark PASS: 668 fragment bytes match harness
kjit-init: insmod kjit.ko ok
k4-suite: kjit=1 runtest --clients 16 --dump-logs
k4-suite: ok=2868 err=0 skip=0 ignore=15
k4-suite: done (runtest exit 0)
[  554.723892] kjit: 0 of 46355 translation requests still queued at unload (freed by the kernel)
[  554.768311] rust_kjit: ######## Rust KJIT exits ########
kjit-init: rmmod kjit ok
kjit-init: run exit=0
[  554.789914] reboot: Power down
