k4-adv: kill9 PASS: kill9 #1: server status 137;kill9 #2: server status 137;kill9 #3: server status 137;
k4:   kill9#1: hot: 1820305 fragment entries, 0 syscalls in kernel before the event
k4:   kill9#2: hot: 1836148 fragment entries, 0 syscalls in kernel before the event
k4:   kill9#3: hot: 1730442 fragment entries, 0 syscalls in kernel before the event
k4:   kill9: in_kernel=0/430079 syscalls (0.0%) entries=6972836 chains=6550034 chain_cap=235880 translated=183 (entry_unsupported=0 compile=0 verify=0 capped=0 neg=0) invalidated=0 released=183
k4:   kill9: exits svc=0 bl=2916375 blr=300450 br=257773 ret=3322274 mem=0 unsupported=175964 budget=0 invalid=0 svc_declined=0
k4:   kill9: unsupported_top (word(exits/entry_stops)): 0x4e010c20(136885/0) 0x4c407061(39079/0) 
k4-adv: sigterm PASS: TERM: server status 0;sigterm: shutdown and clean exit logged;
k4:   TERM: hot: 1800975 fragment entries, 0 syscalls in kernel before the event
k4:   sigterm: in_kernel=0/154680 syscalls (0.0%) entries=2511636 chains=2359673 chain_cap=85751 translated=61 (entry_unsupported=0 compile=0 verify=0 capped=0 neg=0) invalidated=0 released=61
k4:   sigterm: exits svc=0 bl=1049937 blr=109836 br=89818 ret=1199495 mem=0 unsupported=62550 budget=0 invalid=0 svc_declined=0
k4:   sigterm: unsupported_top (word(exits/entry_stops)): 0x4e010c20(49524/0) 0x4c407061(13026/0) 
k4-adv: sigusr1 PASS: USR1: server status 138;
k4:   USR1: hot: 1781187 fragment entries, 0 syscalls in kernel before the event
k4:   sigusr1: in_kernel=0/142389 syscalls (0.0%) entries=2305225 chains=2165407 chain_cap=77925 translated=61 (entry_unsupported=0 compile=0 verify=0 capped=0 neg=0) invalidated=0 released=61
k4:   sigusr1: exits svc=0 bl=964142 blr=99303 br=85492 ret=1098055 mem=0 unsupported=58233 budget=0 invalid=0 svc_declined=0
k4:   sigusr1: unsupported_top (word(exits/entry_stops)): 0x4e010c20(45212/0) 0x4c407061(13021/0) 
k4-adv: stopcont PASS: stopcont: load status 0;dbsize 10045 digest a595c3aec0dfe15c636c10750e98bb92f179efe8;
k4:   stopcont: hot: 1801723 fragment entries, 0 syscalls in kernel before the event
k4:   stopcont: in_kernel=0/5772783 syscalls (0.0%) entries=97958619 chains=92191003 chain_cap=3650631 translated=61 (entry_unsupported=0 compile=0 verify=0 capped=0 neg=0) invalidated=0 released=61
k4:   stopcont: exits svc=0 bl=40885141 blr=4656412 br=2139242 ret=48165850 mem=0 unsupported=2111974 budget=0 invalid=0 svc_declined=0
k4:   stopcont: unsupported_top (word(exits/entry_stops)): 0x4e010c20(2098948/0) 0x4c407061(13026/0) 
k4-adv: segfault PASS: segfault: server status 139;crashed by signal: 11, si_code: 2;Accessing address: <page-aligned>;segfault: stack trace names debugCommand: yes;segfault: core files 1;
k4:   segfault: hot: 1802514 fragment entries, 0 syscalls in kernel before the event
k4:   segfault: in_kernel=0/145546 syscalls (0.0%) entries=2336682 chains=2194923 chain_cap=79148 translated=61 (entry_unsupported=0 compile=0 verify=0 capped=0 neg=0) invalidated=0 released=61
k4:   segfault: exits svc=0 bl=977062 blr=101148 br=86104 ret=1113526 mem=0 unsupported=58842 budget=0 invalid=0 svc_declined=0
k4:   segfault: unsupported_top (word(exits/entry_stops)): 0x4e010c20(45820/0) 0x4c407061(13022/0) 
k4-adv: bgsave PASS: bgsave: load status 0;bgsave: before restart dbsize 10045 digest a595c3aec0dfe15c636c10750e98bb92f179efe8;bgsave: redis-check-rdb ok;bgsave: after restart dbsize 10045 digest a595c3aec0dfe15c636c10750
k4:   bgsave: hot: 1755789 fragment entries, 0 syscalls in kernel before the event
k4:   bgsave: in_kernel=0/5766518 syscalls (0.0%) entries=97733836 chains=91979240 chain_cap=3637348 translated=62 (entry_unsupported=0 compile=0 verify=0 capped=0 neg=0) invalidated=0 released=62
k4:   bgsave: exits svc=0 bl=40805817 blr=4616529 br=2139269 ret=48060222 mem=0 unsupported=2111999 budget=0 invalid=0 svc_declined=0
k4:   bgsave: unsupported_top (word(exits/entry_stops)): 0x4e010c20(2098972/0) 0x4c407061(13027/0) 
k4-adv: aofrw PASS: aofrw: load status 0;aofrw: before restart dbsize 10045 digest a595c3aec0dfe15c636c10750e98bb92f179efe8;aofrw: after restart from the AOF dbsize 10045 digest a595c3aec0dfe15c636c10750e98bb92f179efe8;
k4:   aofrw: hot: 1842642 fragment entries, 0 syscalls in kernel before the event
k4:   aofrw: in_kernel=0/4983197 syscalls (0.0%) entries=82569511 chains=77600488 chain_cap=2711365 translated=84 (entry_unsupported=0 compile=0 verify=0 capped=0 neg=0) invalidated=0 released=84
k4:   aofrw: exits svc=0 bl=35402338 blr=1829600 br=2139250 ret=40948139 mem=0 unsupported=2250184 budget=0 invalid=0 svc_declined=0
k4:   aofrw: unsupported_top (word(exits/entry_stops)): 0x4e010c20(2098951/0) 0x4e080ec0(135483/0) 0x4c407061(15399/0) 0x3dc00020(351/0) 
k4-adv: config PASS: config: 5 module load/unload and config set rounds ok;config: load status 0; misc module still loaded: 0;dbsize 10045 digest a595c3aec0dfe15c636c10750e98bb92f179efe8;
k4:   config: hot: 1698215 fragment entries, 0 syscalls in kernel before the event
k4:   config: in_kernel=0/5808084 syscalls (0.0%) entries=98402861 chains=92608430 chain_cap=3261275 translated=69 (entry_unsupported=0 compile=0 verify=0 capped=0 neg=0) invalidated=0 released=69
k4:   config: exits svc=0 bl=42287592 blr=2243116 br=2580769 ret=48764213 mem=0 unsupported=2527171 budget=0 invalid=0 svc_declined=0
k4:   config: unsupported_top (word(exits/entry_stops)): 0x4e010c20(2514145/0) 0x4c407061(13026/0) 
k4-adv: reload PASS: reload: 5 unloads under load; load status 0; ping PONG;dbsize 10045 digest 8630698fcae208583f0c9e6fe598b8d0226d4767;
k4:   reload: hot: 1781731 fragment entries, 0 syscalls in kernel before the event
k4:   reload: counters of the last load: syscalls_in_kernel 0 fragment_entries 121802564 exit_invalid 0 translate_verify_rejected 0 
k4-adv: maxmemory PASS: maxmemory: evicted yes;maxmemory: used within 32mb+1mb yes;maxmemory: noeviction write: OOM command not allowed when used memory;maxmemory: after lifting the limit: OK;
k4:   maxmemory: hot: 1729473 fragment entries, 0 syscalls in kernel before the event
k4:   maxmemory: in_kernel=0/1099140 syscalls (0.0%) entries=18597212 chains=17501724 chain_cap=693600 translated=46 (entry_unsupported=0 compile=0 verify=0 capped=0 neg=0) invalidated=0 released=46
k4:   maxmemory: exits svc=0 bl=7761464 blr=885140 br=399019 ret=9152634 mem=0 unsupported=398955 budget=0 invalid=0 svc_declined=0
k4:   maxmemory: unsupported_top (word(exits/entry_stops)): 0x4e010c20(398955/0) 
k4-adv: ALL PASS
