[    0.000000] Booting Linux on physical CPU 0x0000000000 [0x610f0000]
[    0.000000] Linux version 7.1.0-rc1 (@6906d107117b) (Ubuntu clang version 18.1.3 (1ubuntu1), Ubuntu LLD 18.1.3) #1 SMP PREEMPT Fri Oct  2 08:37:58 UTC 2026
[    0.000000] random: crng init done
[    0.000000] Machine model: linux,dummy-virt
[    0.000000] OF: reserved mem: Reserved memory: No reserved-memory node in the DT
[    0.000000] psci: probing for conduit method from DT.
[    0.000000] psci: PSCIv1.1 detected in firmware.
[    0.000000] psci: Using standard PSCI v0.2 function IDs
[    0.000000] psci: Trusted OS migration not required
[    0.000000] psci: SMC Calling Convention v1.0
[    0.000000] Zone ranges:
[    0.000000]   Normal   [mem 0x0000000040000000-0x000000013fffffff]
[    0.000000] Movable zone start for each node
[    0.000000] Early memory node ranges
[    0.000000]   node   0: [mem 0x0000000040000000-0x000000013fffffff]
[    0.000000] Initmem setup node 0 [mem 0x0000000040000000-0x000000013fffffff]
[    0.000000] percpu: Embedded 19 pages/cpu s38488 r8192 d31144 u77824
[    0.000000] Detected PIPT I-cache on CPU0
[    0.000000] CPU features: detected: Address authentication (IMP DEF algorithm)
[    0.000000] CPU features: detected: Spectre-v4
[    0.000000] CPU features: detected: Spectre-BHB
[    0.000000] alternatives: applying boot alternatives
[    0.000000] Kernel command line: console=ttyAMA0 panic=-1 nokaslr
[    0.000000] Unknown kernel command line parameters "nokaslr", will be passed to user space.
[    0.000000] printk: log buffer data + meta data: 131072 + 458752 = 589824 bytes
[    0.000000] Dentry cache hash table entries: 524288 (order: 10, 4194304 bytes, linear)
[    0.000000] Inode-cache hash table entries: 262144 (order: 9, 2097152 bytes, linear)
[    0.000000] software IO TLB: SWIOTLB bounce buffer size adjusted to 4MB
[    0.000000] software IO TLB: area num 4.
[    0.000000] software IO TLB: mapped [mem 0x000000013ac00000-0x000000013b000000] (4MB)
[    0.000000] Built 1 zonelists, mobility grouping on.  Total pages: 1048576
[    0.000000] mem auto-init: stack:all(zero), heap alloc:off, heap free:off
[    0.000000] SLUB: HWalign=64, Order=0-3, MinObjects=0, CPUs=4, Nodes=1
[    0.000000] rcu: Preemptible hierarchical RCU implementation.
[    0.000000] rcu: 	RCU restricting CPUs from NR_CPUS=512 to nr_cpu_ids=4.
[    0.000000] rcu: RCU calculated value of scheduler-enlistment delay is 25 jiffies.
[    0.000000] rcu: Adjusting geometry for rcu_fanout_leaf=16, nr_cpu_ids=4
[    0.000000] NR_IRQS: 64, nr_irqs: 64, preallocated irqs: 0
[    0.000000] Root IRQ handler: gic_handle_irq
[    0.000000] GICv2m: range[mem 0x08020000-0x08020fff], SPI[80:143]
[    0.000000] rcu: srcu_init: Setting srcu_struct sizes based on contention.
[    0.000000] arch_timer: cp15 timer running at 24.00MHz (virt).
[    0.000000] clocksource: arch_sys_counter: mask: 0xffffffffffffff max_cycles: 0x588fe9dc0, max_idle_ns: 440795202592 ns
[    0.000000] sched_clock: 56 bits at 24MHz, resolution 41ns, wraps every 4398046511097ns
[    0.000102] Console: colour dummy device 80x25
[    0.000108] Calibrating delay loop (skipped), value calculated using timer frequency.. 48.00 BogoMIPS (lpj=96000)
[    0.000112] pid_max: default: 32768 minimum: 301
[    0.000235] Mount-cache hash table entries: 8192 (order: 4, 65536 bytes, linear)
[    0.000243] Mountpoint-cache hash table entries: 8192 (order: 4, 65536 bytes, linear)
[    0.000320] VFS: Finished mounting rootfs on nullfs
[    0.000462] cacheinfo: Unable to detect cache hierarchy for CPU 0
[    0.000562] rcu: Hierarchical SRCU implementation.
[    0.000563] rcu: 	Max phase no-delay instances is 1000.
[    0.000580] Timer migration: 1 hierarchy levels; 8 children per group; 1 crossnode level
[    0.000614] smp: Bringing up secondary CPUs ...
[    0.000800] Detected PIPT I-cache on CPU1
[    0.000903] CPU1: Booted secondary processor 0x0000000001 [0x610f0000]
[    0.001196] Detected PIPT I-cache on CPU2
[    0.001282] CPU2: Booted secondary processor 0x0000000002 [0x610f0000]
[    0.001495] Detected PIPT I-cache on CPU3
[    0.001599] CPU3: Booted secondary processor 0x0000000003 [0x610f0000]
[    0.001689] smp: Brought up 1 node, 4 CPUs
[    0.001690] SMP: Total of 4 processors activated.
[    0.001691] CPU: All CPU(s) started at EL1
[    0.001692] CPU features: detected: ARMv8.4 Translation Table Level
[    0.001692] CPU features: detected: Data cache clean to the PoU not required for I/D coherence
[    0.001693] CPU features: detected: CRC32 instructions
[    0.001693] CPU features: detected: Data independent timing control (DIT)
[    0.001693] CPU features: detected: E0PD
[    0.001694] CPU features: detected: Generic authentication (IMP DEF algorithm)
[    0.001694] CPU features: detected: RCpc load-acquire (LDAPR)
[    0.001694] CPU features: detected: LSE atomic instructions
[    0.001695] CPU features: detected: Privileged Access Never
[    0.001695] CPU features: detected: Speculation barrier (SB)
[    0.001696] CPU features: detected: TLB range maintenance instructions
[    0.001696] CPU features: detected: XNX
[    0.001803] alternatives: applying system-wide alternatives
[    0.002770] Memory: 3934216K/4194304K available (5248K kernel code, 754K rwdata, 2356K rodata, 576K init, 405K bss, 256908K reserved, 0K cma-reserved)
[    0.003062] devtmpfs: initialized
[    0.003303] clocksource: jiffies: mask: 0xffffffff max_cycles: 0xffffffff, max_idle_ns: 7645041785100000 ns
[    0.003306] posixtimers hash table entries: 2048 (order: 3, 32768 bytes, linear)
[    0.003324] futex hash table entries: 1024 (65536 bytes on 1 NUMA nodes, total 64 KiB, linear).
[    0.003332] 30384 pages in range for non-PLT usage
[    0.003333] 521904 pages in range for PLT usage
[    0.003406] NET: Registered PF_NETLINK/PF_ROUTE protocol family
[    0.003758] DMA: preallocated 512 KiB GFP_KERNEL pool for atomic allocations
[    0.003799] ASID allocator initialised with 256 entries
[    0.003806] Serial: AMBA PL011 UART driver
[    0.004197] 9000000.pl011: ttyAMA0 at MMIO 0x9000000 (irq = 13, base_baud = 0) is a PL011 rev1
[    0.004289] printk: console [ttyAMA0] enabled
[    0.010104] vgaarb: loaded
[    0.010508] clocksource: Switched to clocksource arch_sys_counter
[    0.020222] NET: Registered PF_INET protocol family
[    0.020295] IP idents hash table entries: 65536 (order: 7, 524288 bytes, linear)
[    0.020717] tcp_listen_portaddr_hash hash table entries: 2048 (order: 3, 32768 bytes, linear)
[    0.020727] Table-perturb hash table entries: 65536 (order: 6, 262144 bytes, linear)
[    0.020730] TCP established hash table entries: 32768 (order: 6, 262144 bytes, linear)
[    0.020833] TCP bind hash table entries: 32768 (order: 8, 1048576 bytes, linear)
[    0.020988] TCP: Hash tables configured (established 32768 bind 32768)
[    0.021018] UDP hash table entries: 2048 (order: 5, 131072 bytes, linear)
[    0.021048] NET: Registered PF_UNIX/PF_LOCAL protocol family
[    0.021059] PCI: CLS 0 bytes, default 64
[    0.021231] Unpacking initramfs...
[    0.027062] workingset: timestamp_bits=46 (anon: 42) max_order=20 bucket_order=0 (anon: 0)
[    0.027151] 9p: Installing v9fs 9p2000 file system support
[    0.030786] pci-host-generic 4010000000.pcie: host bridge /pcie@10000000 ranges:
[    0.030792] pci-host-generic 4010000000.pcie:       IO 0x003eff0000..0x003effffff -> 0x0000000000
[    0.030795] pci-host-generic 4010000000.pcie:      MEM 0x0010000000..0x003efeffff -> 0x0010000000
[    0.030796] pci-host-generic 4010000000.pcie:      MEM 0x8000000000..0xffffffffff -> 0x8000000000
[    0.030801] pci-host-generic 4010000000.pcie: Memory resource size exceeds max for 32 bits
[    0.030811] pci-host-generic 4010000000.pcie: ECAM at [mem 0x4010000000-0x401fffffff] for [bus 00-ff]
[    0.030825] pci-host-generic 4010000000.pcie: PCI host bridge to bus 0000:00
[    0.030826] pci_bus 0000:00: root bus resource [bus 00-ff]
[    0.030827] pci_bus 0000:00: root bus resource [io  0x0000-0xffff]
[    0.030827] pci_bus 0000:00: root bus resource [mem 0x10000000-0x3efeffff]
[    0.030828] pci_bus 0000:00: root bus resource [mem 0x8000000000-0xffffffffff]
[    0.030863] pci 0000:00:00.0: [1b36:0008] type 00 class 0x060000 conventional PCI endpoint
[    0.031178] pci 0000:00:01.0: [1af4:1000] type 00 class 0x020000 conventional PCI endpoint
[    0.031321] pci 0000:00:01.0: BAR 0 [io  0x0000-0x001f]
[    0.031325] pci 0000:00:01.0: BAR 1 [mem 0x00000000-0x00000fff]
[    0.031353] pci 0000:00:01.0: BAR 4 [mem 0x00000000-0x00003fff 64bit pref]
[    0.031356] pci 0000:00:01.0: ROM [mem 0x00000000-0x0003ffff pref]
[    0.031697] pci 0000:00:02.0: [1af4:1009] type 00 class 0x000200 conventional PCI endpoint
[    0.031859] pci 0000:00:02.0: BAR 0 [io  0x0000-0x003f]
[    0.031861] pci 0000:00:02.0: BAR 1 [mem 0x00000000-0x00000fff]
[    0.031873] pci 0000:00:02.0: BAR 4 [mem 0x00000000-0x00003fff 64bit pref]
[    0.032170] pci 0000:00:03.0: [1af4:1005] type 00 class 0x00ff00 conventional PCI endpoint
[    0.032248] pci 0000:00:03.0: BAR 0 [io  0x0000-0x001f]
[    0.032253] pci 0000:00:03.0: BAR 1 [mem 0x00000000-0x00000fff]
[    0.032277] pci 0000:00:03.0: BAR 4 [mem 0x00000000-0x00003fff 64bit pref]
[    0.032656] pci 0000:00:01.0: ROM [mem 0x10000000-0x1003ffff pref]: assigned
[    0.032658] pci 0000:00:01.0: BAR 4 [mem 0x8000000000-0x8000003fff 64bit pref]: assigned
[    0.032672] pci 0000:00:02.0: BAR 4 [mem 0x8000004000-0x8000007fff 64bit pref]: assigned
[    0.032692] pci 0000:00:03.0: BAR 4 [mem 0x8000008000-0x800000bfff 64bit pref]: assigned
[    0.032803] pci 0000:00:01.0: BAR 1 [mem 0x10040000-0x10040fff]: assigned
[    0.032812] pci 0000:00:02.0: BAR 1 [mem 0x10041000-0x10041fff]: assigned
[    0.032844] pci 0000:00:03.0: BAR 1 [mem 0x10042000-0x10042fff]: assigned
[    0.032847] pci 0000:00:02.0: BAR 0 [io  0x1000-0x103f]: assigned
[    0.032850] pci 0000:00:01.0: BAR 0 [io  0x1040-0x105f]: assigned
[    0.032866] pci 0000:00:03.0: BAR 0 [io  0x1060-0x107f]: assigned
[    0.032870] pci_bus 0000:00: resource 4 [io  0x0000-0xffff]
[    0.032871] pci_bus 0000:00: resource 5 [mem 0x10000000-0x3efeffff]
[    0.032872] pci_bus 0000:00: resource 6 [mem 0x8000000000-0xffffffffff]
[    0.033656] virtio-pci 0000:00:01.0: enabling device (0000 -> 0003)
[    0.034332] virtio-pci 0000:00:02.0: enabling device (0000 -> 0003)
[    0.035279] virtio-pci 0000:00:03.0: enabling device (0000 -> 0003)
[    0.086849] rtc-pl031 9010000.pl031: registered as rtc0
[    0.086869] rtc-pl031 9010000.pl031: setting system clock to 2026-10-08T19:12:50 UTC (1791486770)
[    0.086968] NET: Registered PF_INET6 protocol family
[    0.087456] Segment Routing with IPv6
[    0.087460] In-situ OAM (IOAM) with IPv6
[    0.087475] sit: IPv6, IPv4 and MPLS over IPv4 tunneling driver
[    0.087538] NET: Registered PF_PACKET protocol family
[    0.087544] 9pnet: Installing 9P2000 support
[    0.092241] clk: Disabling unused clocks
[    0.110143] Freeing initrd memory: 161888K
[    0.110663] Freeing unused kernel memory: 576K
[    0.110716] Run /init as init process
[    0.126323] kjit: loading out-of-tree module taints kernel.
[    0.127378] rust_kjit: ######## Rust KJIT inits ########
[    0.127398] rust_kjit: kjit: dispatch variant 4
[    0.127442] rust_kjit: golden tests/arm64/toy_cfg.s:hot_svc_mark translated for dispatch variant 4; byte comparison skipped (reference is variant 0)
kjit-init: insmod kjit.ko ok
meas: variant=4
[    0.147714] kjit: translate_svc_sites pid 68: 2 text ranges, 110 svc sites
[    0.148096] rust_kjit: kjit: pc 0x40c000: installed 532 bytes, 0 fault sites, 2 entries, text 0x40c000..0x40c008, fpsimd false
[    0.148187] rust_kjit: kjit: pc 0x410000: installed 532 bytes, 0 fault sites, 2 entries, text 0x410000..0x410008, fpsimd false
[    0.148678] rust_kjit: kjit: pc 0x408028: installed 1096 bytes, 1 fault sites, 12 entries, text 0x408018..0x408048, fpsimd false
aliascost enabled=0 rep=0 ns_total=104515292
[    0.251442] kjit: translate_svc_sites pid 72: 2 text ranges, 110 svc sites
[    0.251792] rust_kjit: kjit: pc 0x40c000: installed 532 bytes, 0 fault sites, 2 entries, text 0x40c000..0x40c008, fpsimd false
[    0.252260] rust_kjit: kjit: pc 0x410000: installed 532 bytes, 0 fault sites, 2 entries, text 0x410000..0x410008, fpsimd false
[    0.252747] rust_kjit: kjit: pc 0x408028: installed 1096 bytes, 1 fault sites, 12 entries, text 0x408018..0x408048, fpsimd false
aliascost enabled=0 rep=1 ns_total=103620041
[    0.355618] kjit: translate_svc_sites pid 77: 2 text ranges, 110 svc sites
[    0.355701] rust_kjit: kjit: pc 0x40c000: installed 532 bytes, 0 fault sites, 2 entries, text 0x40c000..0x40c008, fpsimd false
[    0.356053] rust_kjit: kjit: pc 0x410000: installed 532 bytes, 0 fault sites, 2 entries, text 0x410000..0x410008, fpsimd false
[    0.356565] rust_kjit: kjit: pc 0x408028: installed 1096 bytes, 1 fault sites, 12 entries, text 0x408018..0x408048, fpsimd false
aliascost enabled=0 rep=2 ns_total=103696875
[    0.461193] kjit: translate_svc_sites pid 80: 2 text ranges, 110 svc sites
[    0.462065] rust_kjit: kjit: pc 0x40c000: installed 532 bytes, 0 fault sites, 2 entries, text 0x40c000..0x40c008, fpsimd false
[    0.462991] rust_kjit: kjit: pc 0x410000: installed 532 bytes, 0 fault sites, 2 entries, text 0x410000..0x410008, fpsimd false
[    0.463477] rust_kjit: kjit: pc 0x408028: installed 1096 bytes, 1 fault sites, 12 entries, text 0x408018..0x408048, fpsimd false
aliascost enabled=0 rep=3 ns_total=103990834
[    0.564867] kjit: translate_svc_sites pid 83: 2 text ranges, 110 svc sites
[    0.565644] rust_kjit: kjit: pc 0x40c000: installed 532 bytes, 0 fault sites, 2 entries, text 0x40c000..0x40c008, fpsimd false
[    0.566376] rust_kjit: kjit: pc 0x410000: installed 532 bytes, 0 fault sites, 2 entries, text 0x410000..0x410008, fpsimd false
[    0.567011] rust_kjit: kjit: pc 0x408028: installed 1096 bytes, 1 fault sites, 12 entries, text 0x408018..0x408048, fpsimd false
aliascost enabled=0 rep=4 ns_total=103097916
[    0.671523] kjit: translate_svc_sites pid 86: 2 text ranges, 110 svc sites
[    0.671979] rust_kjit: kjit: pc 0x40c000: installed 532 bytes, 0 fault sites, 2 entries, text 0x40c000..0x40c008, fpsimd false
[    0.672469] rust_kjit: kjit: pc 0x410000: installed 532 bytes, 0 fault sites, 2 entries, text 0x410000..0x410008, fpsimd false
[    0.673045] rust_kjit: kjit: pc 0x408028: installed 1096 bytes, 1 fault sites, 12 entries, text 0x408018..0x408048, fpsimd false
aliascost enabled=0 rep=5 ns_total=106787375
[    0.778816] kjit: translate_svc_sites pid 90: 2 text ranges, 110 svc sites
[    0.779244] rust_kjit: kjit: pc 0x40c000: installed 532 bytes, 0 fault sites, 2 entries, text 0x40c000..0x40c008, fpsimd false
[    0.779388] rust_kjit: kjit: pc 0x410000: installed 532 bytes, 0 fault sites, 2 entries, text 0x410000..0x410008, fpsimd false
[    0.779915] rust_kjit: kjit: pc 0x408028: installed 1096 bytes, 1 fault sites, 12 entries, text 0x408018..0x408048, fpsimd false
aliascost enabled=0 rep=6 ns_total=107177709
[    0.885836] kjit: translate_svc_sites pid 93: 2 text ranges, 110 svc sites
[    0.886760] rust_kjit: kjit: pc 0x40c000: installed 532 bytes, 0 fault sites, 2 entries, text 0x40c000..0x40c008, fpsimd false
[    0.887292] rust_kjit: kjit: pc 0x410000: installed 532 bytes, 0 fault sites, 2 entries, text 0x410000..0x410008, fpsimd false
[    0.887835] rust_kjit: kjit: pc 0x408028: installed 1096 bytes, 1 fault sites, 12 entries, text 0x408018..0x408048, fpsimd false
aliascost enabled=1 rep=0 ns_total=203278792
[    1.089967] kjit: translate_svc_sites pid 96: 2 text ranges, 110 svc sites
[    1.090760] rust_kjit: kjit: pc 0x40c000: installed 532 bytes, 0 fault sites, 2 entries, text 0x40c000..0x40c008, fpsimd false
[    1.091272] rust_kjit: kjit: pc 0x410000: installed 532 bytes, 0 fault sites, 2 entries, text 0x410000..0x410008, fpsimd false
[    1.091850] rust_kjit: kjit: pc 0x408028: installed 1096 bytes, 1 fault sites, 12 entries, text 0x408018..0x408048, fpsimd false
aliascost enabled=1 rep=1 ns_total=203091000
[    1.291659] kjit: translate_svc_sites pid 99: 2 text ranges, 110 svc sites
[    1.292010] rust_kjit: kjit: pc 0x40c000: installed 532 bytes, 0 fault sites, 2 entries, text 0x40c000..0x40c008, fpsimd false
[    1.292590] rust_kjit: kjit: pc 0x410000: installed 532 bytes, 0 fault sites, 2 entries, text 0x410000..0x410008, fpsimd false
[    1.293933] rust_kjit: kjit: pc 0x408028: installed 1096 bytes, 1 fault sites, 12 entries, text 0x408018..0x408048, fpsimd false
aliascost enabled=1 rep=2 ns_total=204119667
[    1.496754] kjit: translate_svc_sites pid 102: 2 text ranges, 110 svc sites
[    1.497470] rust_kjit: kjit: pc 0x40c000: installed 532 bytes, 0 fault sites, 2 entries, text 0x40c000..0x40c008, fpsimd false
[    1.498604] rust_kjit: kjit: pc 0x410000: installed 532 bytes, 0 fault sites, 2 entries, text 0x410000..0x410008, fpsimd false
[    1.499192] rust_kjit: kjit: pc 0x408028: installed 1096 bytes, 1 fault sites, 12 entries, text 0x408018..0x408048, fpsimd false
aliascost enabled=1 rep=3 ns_total=203100333
[    1.701274] kjit: translate_svc_sites pid 105: 2 text ranges, 110 svc sites
[    1.701824] rust_kjit: kjit: pc 0x40c000: installed 532 bytes, 0 fault sites, 2 entries, text 0x40c000..0x40c008, fpsimd false
[    1.702720] rust_kjit: kjit: pc 0x410000: installed 532 bytes, 0 fault sites, 2 entries, text 0x410000..0x410008, fpsimd false
[    1.703249] rust_kjit: kjit: pc 0x408028: installed 1096 bytes, 1 fault sites, 12 entries, text 0x408018..0x408048, fpsimd false
aliascost enabled=1 rep=4 ns_total=204260750
[    1.904234] kjit: translate_svc_sites pid 108: 2 text ranges, 110 svc sites
[    1.904605] rust_kjit: kjit: pc 0x40c000: installed 532 bytes, 0 fault sites, 2 entries, text 0x40c000..0x40c008, fpsimd false
[    1.905591] rust_kjit: kjit: pc 0x410000: installed 532 bytes, 0 fault sites, 2 entries, text 0x410000..0x410008, fpsimd false
[    1.907290] rust_kjit: kjit: pc 0x408028: installed 1096 bytes, 1 fault sites, 12 entries, text 0x408018..0x408048, fpsimd false
aliascost enabled=1 rep=5 ns_total=202926875
[    2.107771] kjit: translate_svc_sites pid 112: 2 text ranges, 110 svc sites
[    2.108182] rust_kjit: kjit: pc 0x40c000: installed 532 bytes, 0 fault sites, 2 entries, text 0x40c000..0x40c008, fpsimd false
[    2.108777] rust_kjit: kjit: pc 0x410000: installed 532 bytes, 0 fault sites, 2 entries, text 0x410000..0x410008, fpsimd false
[    2.109874] rust_kjit: kjit: pc 0x408028: installed 1096 bytes, 1 fault sites, 12 entries, text 0x408018..0x408048, fpsimd false
aliascost enabled=1 rep=6 ns_total=203580792
fragment_entries 700654
chain_cap 0
exit_budget 0
ibtc_insert 56
ibtc_replace 14
[    2.311955] kjit: 0 of 0 translation requests still queued at unload (freed by the kernel)
[    2.328602] rust_kjit: ######## Rust KJIT exits ########
kjit-init: rmmod kjit ok
kjit-init: run exit=0
[    2.340779] reboot: Power down
