[    0.000000] Booting Linux on physical CPU 0x0000000000 [0x610f0000]
[    0.000000] Linux version 7.1.0-rc1 (@6906d107117b) (Ubuntu clang version 18.1.3 (1ubuntu1), Ubuntu LLD 18.1.3) #1 SMP PREEMPT Fri Oct  2 08:37:58 UTC 2026
[    0.000000] random: crng init done
[    0.000000] Machine model: linux,dummy-virt
[    0.000000] OF: reserved mem: Reserved memory: No reserved-memory node in the DT
[    0.000000] psci: probing for conduit method from DT.
[    0.000000] psci: PSCIv1.1 detected in firmware.
[    0.000000] psci: Using standard PSCI v0.2 function IDs
[    0.000000] psci: Trusted OS migration not required
[    0.000000] psci: SMC Calling Convention v1.0
[    0.000000] Zone ranges:
[    0.000000]   Normal   [mem 0x0000000040000000-0x000000013fffffff]
[    0.000000] Movable zone start for each node
[    0.000000] Early memory node ranges
[    0.000000]   node   0: [mem 0x0000000040000000-0x000000013fffffff]
[    0.000000] Initmem setup node 0 [mem 0x0000000040000000-0x000000013fffffff]
[    0.000000] percpu: Embedded 19 pages/cpu s38488 r8192 d31144 u77824
[    0.000000] Detected PIPT I-cache on CPU0
[    0.000000] CPU features: detected: Address authentication (IMP DEF algorithm)
[    0.000000] CPU features: detected: Spectre-v4
[    0.000000] CPU features: detected: Spectre-BHB
[    0.000000] alternatives: applying boot alternatives
[    0.000000] Kernel command line: console=ttyAMA0 panic=-1 nokaslr
[    0.000000] Unknown kernel command line parameters "nokaslr", will be passed to user space.
[    0.000000] printk: log buffer data + meta data: 131072 + 458752 = 589824 bytes
[    0.000000] Dentry cache hash table entries: 524288 (order: 10, 4194304 bytes, linear)
[    0.000000] Inode-cache hash table entries: 262144 (order: 9, 2097152 bytes, linear)
[    0.000000] software IO TLB: SWIOTLB bounce buffer size adjusted to 4MB
[    0.000000] software IO TLB: area num 4.
[    0.000000] software IO TLB: mapped [mem 0x000000013ac00000-0x000000013b000000] (4MB)
[    0.000000] Built 1 zonelists, mobility grouping on.  Total pages: 1048576
[    0.000000] mem auto-init: stack:all(zero), heap alloc:off, heap free:off
[    0.000000] SLUB: HWalign=64, Order=0-3, MinObjects=0, CPUs=4, Nodes=1
[    0.000000] rcu: Preemptible hierarchical RCU implementation.
[    0.000000] rcu: 	RCU restricting CPUs from NR_CPUS=512 to nr_cpu_ids=4.
[    0.000000] rcu: RCU calculated value of scheduler-enlistment delay is 25 jiffies.
[    0.000000] rcu: Adjusting geometry for rcu_fanout_leaf=16, nr_cpu_ids=4
[    0.000000] NR_IRQS: 64, nr_irqs: 64, preallocated irqs: 0
[    0.000000] Root IRQ handler: gic_handle_irq
[    0.000000] GICv2m: range[mem 0x08020000-0x08020fff], SPI[80:143]
[    0.000000] rcu: srcu_init: Setting srcu_struct sizes based on contention.
[    0.000000] arch_timer: cp15 timer running at 24.00MHz (virt).
[    0.000000] clocksource: arch_sys_counter: mask: 0xffffffffffffff max_cycles: 0x588fe9dc0, max_idle_ns: 440795202592 ns
[    0.000000] sched_clock: 56 bits at 24MHz, resolution 41ns, wraps every 4398046511097ns
[    0.000103] Console: colour dummy device 80x25
[    0.000110] Calibrating delay loop (skipped), value calculated using timer frequency.. 48.00 BogoMIPS (lpj=96000)
[    0.000114] pid_max: default: 32768 minimum: 301
[    0.000243] Mount-cache hash table entries: 8192 (order: 4, 65536 bytes, linear)
[    0.000251] Mountpoint-cache hash table entries: 8192 (order: 4, 65536 bytes, linear)
[    0.000328] VFS: Finished mounting rootfs on nullfs
[    0.000470] cacheinfo: Unable to detect cache hierarchy for CPU 0
[    0.000576] rcu: Hierarchical SRCU implementation.
[    0.000576] rcu: 	Max phase no-delay instances is 1000.
[    0.000594] Timer migration: 1 hierarchy levels; 8 children per group; 1 crossnode level
[    0.000628] smp: Bringing up secondary CPUs ...
[    0.000873] Detected PIPT I-cache on CPU1
[    0.000968] CPU1: Booted secondary processor 0x0000000001 [0x610f0000]
[    0.001277] Detected PIPT I-cache on CPU2
[    0.001365] CPU2: Booted secondary processor 0x0000000002 [0x610f0000]
[    0.001600] Detected PIPT I-cache on CPU3
[    0.001703] CPU3: Booted secondary processor 0x0000000003 [0x610f0000]
[    0.001774] smp: Brought up 1 node, 4 CPUs
[    0.001776] SMP: Total of 4 processors activated.
[    0.001776] CPU: All CPU(s) started at EL1
[    0.001777] CPU features: detected: ARMv8.4 Translation Table Level
[    0.001777] CPU features: detected: Data cache clean to the PoU not required for I/D coherence
[    0.001778] CPU features: detected: CRC32 instructions
[    0.001778] CPU features: detected: Data independent timing control (DIT)
[    0.001778] CPU features: detected: E0PD
[    0.001779] CPU features: detected: Generic authentication (IMP DEF algorithm)
[    0.001779] CPU features: detected: RCpc load-acquire (LDAPR)
[    0.001780] CPU features: detected: LSE atomic instructions
[    0.001780] CPU features: detected: Privileged Access Never
[    0.001780] CPU features: detected: Speculation barrier (SB)
[    0.001781] CPU features: detected: TLB range maintenance instructions
[    0.001781] CPU features: detected: XNX
[    0.001872] alternatives: applying system-wide alternatives
[    0.002726] Memory: 3934216K/4194304K available (5248K kernel code, 754K rwdata, 2356K rodata, 576K init, 405K bss, 256908K reserved, 0K cma-reserved)
[    0.003019] devtmpfs: initialized
[    0.003238] clocksource: jiffies: mask: 0xffffffff max_cycles: 0xffffffff, max_idle_ns: 7645041785100000 ns
[    0.003241] posixtimers hash table entries: 2048 (order: 3, 32768 bytes, linear)
[    0.003258] futex hash table entries: 1024 (65536 bytes on 1 NUMA nodes, total 64 KiB, linear).
[    0.003263] 30384 pages in range for non-PLT usage
[    0.003264] 521904 pages in range for PLT usage
[    0.003317] NET: Registered PF_NETLINK/PF_ROUTE protocol family
[    0.003726] DMA: preallocated 512 KiB GFP_KERNEL pool for atomic allocations
[    0.003755] ASID allocator initialised with 256 entries
[    0.003762] Serial: AMBA PL011 UART driver
[    0.004152] 9000000.pl011: ttyAMA0 at MMIO 0x9000000 (irq = 13, base_baud = 0) is a PL011 rev1
[    0.004247] printk: console [ttyAMA0] enabled
[    0.010121] vgaarb: loaded
[    0.010469] clocksource: Switched to clocksource arch_sys_counter
[    0.020583] NET: Registered PF_INET protocol family
[    0.020661] IP idents hash table entries: 65536 (order: 7, 524288 bytes, linear)
[    0.021084] tcp_listen_portaddr_hash hash table entries: 2048 (order: 3, 32768 bytes, linear)
[    0.021090] Table-perturb hash table entries: 65536 (order: 6, 262144 bytes, linear)
[    0.021093] TCP established hash table entries: 32768 (order: 6, 262144 bytes, linear)
[    0.021147] TCP bind hash table entries: 32768 (order: 8, 1048576 bytes, linear)
[    0.021305] TCP: Hash tables configured (established 32768 bind 32768)
[    0.021330] UDP hash table entries: 2048 (order: 5, 131072 bytes, linear)
[    0.021362] NET: Registered PF_UNIX/PF_LOCAL protocol family
[    0.021371] PCI: CLS 0 bytes, default 64
[    0.021514] Unpacking initramfs...
[    0.023161] workingset: timestamp_bits=46 (anon: 42) max_order=20 bucket_order=0 (anon: 0)
[    0.023247] 9p: Installing v9fs 9p2000 file system support
[    0.026788] pci-host-generic 4010000000.pcie: host bridge /pcie@10000000 ranges:
[    0.026796] pci-host-generic 4010000000.pcie:       IO 0x003eff0000..0x003effffff -> 0x0000000000
[    0.026798] pci-host-generic 4010000000.pcie:      MEM 0x0010000000..0x003efeffff -> 0x0010000000
[    0.026800] pci-host-generic 4010000000.pcie:      MEM 0x8000000000..0xffffffffff -> 0x8000000000
[    0.026807] pci-host-generic 4010000000.pcie: Memory resource size exceeds max for 32 bits
[    0.026819] pci-host-generic 4010000000.pcie: ECAM at [mem 0x4010000000-0x401fffffff] for [bus 00-ff]
[    0.026838] pci-host-generic 4010000000.pcie: PCI host bridge to bus 0000:00
[    0.026839] pci_bus 0000:00: root bus resource [bus 00-ff]
[    0.026840] pci_bus 0000:00: root bus resource [io  0x0000-0xffff]
[    0.026840] pci_bus 0000:00: root bus resource [mem 0x10000000-0x3efeffff]
[    0.026841] pci_bus 0000:00: root bus resource [mem 0x8000000000-0xffffffffff]
[    0.026885] pci 0000:00:00.0: [1b36:0008] type 00 class 0x060000 conventional PCI endpoint
[    0.027191] pci 0000:00:01.0: [1af4:1000] type 00 class 0x020000 conventional PCI endpoint
[    0.027323] pci 0000:00:01.0: BAR 0 [io  0x0000-0x001f]
[    0.027326] pci 0000:00:01.0: BAR 1 [mem 0x00000000-0x00000fff]
[    0.027337] pci 0000:00:01.0: BAR 4 [mem 0x00000000-0x00003fff 64bit pref]
[    0.027339] pci 0000:00:01.0: ROM [mem 0x00000000-0x0003ffff pref]
[    0.027691] pci 0000:00:02.0: [1af4:1009] type 00 class 0x000200 conventional PCI endpoint
[    0.027846] pci 0000:00:02.0: BAR 0 [io  0x0000-0x003f]
[    0.027857] pci 0000:00:02.0: BAR 1 [mem 0x00000000-0x00000fff]
[    0.027866] pci 0000:00:02.0: BAR 4 [mem 0x00000000-0x00003fff 64bit pref]
[    0.028231] pci 0000:00:03.0: [1af4:1005] type 00 class 0x00ff00 conventional PCI endpoint
[    0.028397] pci 0000:00:03.0: BAR 0 [io  0x0000-0x001f]
[    0.028402] pci 0000:00:03.0: BAR 1 [mem 0x00000000-0x00000fff]
[    0.028415] pci 0000:00:03.0: BAR 4 [mem 0x00000000-0x00003fff 64bit pref]
[    0.028871] pci 0000:00:01.0: ROM [mem 0x10000000-0x1003ffff pref]: assigned
[    0.028872] pci 0000:00:01.0: BAR 4 [mem 0x8000000000-0x8000003fff 64bit pref]: assigned
[    0.028886] pci 0000:00:02.0: BAR 4 [mem 0x8000004000-0x8000007fff 64bit pref]: assigned
[    0.028934] pci 0000:00:03.0: BAR 4 [mem 0x8000008000-0x800000bfff 64bit pref]: assigned
[    0.029002] pci 0000:00:01.0: BAR 1 [mem 0x10040000-0x10040fff]: assigned
[    0.029007] pci 0000:00:02.0: BAR 1 [mem 0x10041000-0x10041fff]: assigned
[    0.029018] pci 0000:00:03.0: BAR 1 [mem 0x10042000-0x10042fff]: assigned
[    0.029026] pci 0000:00:02.0: BAR 0 [io  0x1000-0x103f]: assigned
[    0.029030] pci 0000:00:01.0: BAR 0 [io  0x1040-0x105f]: assigned
[    0.029037] pci 0000:00:03.0: BAR 0 [io  0x1060-0x107f]: assigned
[    0.029041] pci_bus 0000:00: resource 4 [io  0x0000-0xffff]
[    0.029042] pci_bus 0000:00: resource 5 [mem 0x10000000-0x3efeffff]
[    0.029043] pci_bus 0000:00: resource 6 [mem 0x8000000000-0xffffffffff]
[    0.029937] virtio-pci 0000:00:01.0: enabling device (0000 -> 0003)
[    0.030732] virtio-pci 0000:00:02.0: enabling device (0000 -> 0003)
[    0.031495] virtio-pci 0000:00:03.0: enabling device (0000 -> 0003)
[    0.036589] rtc-pl031 9010000.pl031: registered as rtc0
[    0.036620] rtc-pl031 9010000.pl031: setting system clock to 2026-10-08T19:13:01 UTC (1791486781)
[    0.036769] NET: Registered PF_INET6 protocol family
[    0.037119] Segment Routing with IPv6
[    0.037126] In-situ OAM (IOAM) with IPv6
[    0.037135] sit: IPv6, IPv4 and MPLS over IPv4 tunneling driver
[    0.037194] NET: Registered PF_PACKET protocol family
[    0.037199] 9pnet: Installing 9P2000 support
[    0.042684] clk: Disabling unused clocks
[    0.103666] Freeing initrd memory: 161888K
[    0.104090] Freeing unused kernel memory: 576K
[    0.104137] Run /init as init process
[    0.118904] kjit: loading out-of-tree module taints kernel.
[    0.119873] rust_kjit: ######## Rust KJIT inits ########
[    0.119895] rust_kjit: kjit: dispatch variant 0
[    0.119938] rust_kjit: golden tests/arm64/toy_cfg.s:hot_svc_mark PASS: 800 fragment bytes match harness
kjit-init: insmod kjit.ko ok
meas: variant=0
[    0.140931] kjit: translate_svc_sites pid 69: 2 text ranges, 110 svc sites
[    0.141470] rust_kjit: kjit: pc 0x40c000: installed 488 bytes, 0 fault sites, 2 entries, text 0x40c000..0x40c008, fpsimd false
[    0.141595] rust_kjit: kjit: pc 0x410000: installed 488 bytes, 0 fault sites, 2 entries, text 0x410000..0x410008, fpsimd false
[    0.142407] rust_kjit: kjit: pc 0x408028: installed 1008 bytes, 1 fault sites, 12 entries, text 0x408018..0x408048, fpsimd false
aliascost enabled=0 rep=0 ns_total=104594958
[    0.246630] kjit: translate_svc_sites pid 72: 2 text ranges, 110 svc sites
[    0.247096] rust_kjit: kjit: pc 0x40c000: installed 488 bytes, 0 fault sites, 2 entries, text 0x40c000..0x40c008, fpsimd false
[    0.247660] rust_kjit: kjit: pc 0x410000: installed 488 bytes, 0 fault sites, 2 entries, text 0x410000..0x410008, fpsimd false
[    0.248167] rust_kjit: kjit: pc 0x408028: installed 1008 bytes, 1 fault sites, 12 entries, text 0x408018..0x408048, fpsimd false
aliascost enabled=0 rep=1 ns_total=106502041
[    0.354265] kjit: translate_svc_sites pid 77: 2 text ranges, 110 svc sites
[    0.354813] rust_kjit: kjit: pc 0x40c000: installed 488 bytes, 0 fault sites, 2 entries, text 0x40c000..0x40c008, fpsimd false
[    0.355325] rust_kjit: kjit: pc 0x410000: installed 488 bytes, 0 fault sites, 2 entries, text 0x410000..0x410008, fpsimd false
[    0.355818] rust_kjit: kjit: pc 0x408028: installed 1008 bytes, 1 fault sites, 12 entries, text 0x408018..0x408048, fpsimd false
aliascost enabled=0 rep=2 ns_total=106879459
[    0.459885] kjit: translate_svc_sites pid 81: 2 text ranges, 110 svc sites
[    0.460325] rust_kjit: kjit: pc 0x40c000: installed 488 bytes, 0 fault sites, 2 entries, text 0x40c000..0x40c008, fpsimd false
[    0.460848] rust_kjit: kjit: pc 0x410000: installed 488 bytes, 0 fault sites, 2 entries, text 0x410000..0x410008, fpsimd false
[    0.462342] rust_kjit: kjit: pc 0x408028: installed 1008 bytes, 1 fault sites, 12 entries, text 0x408018..0x408048, fpsimd false
aliascost enabled=0 rep=3 ns_total=104735791
[    0.567266] kjit: translate_svc_sites pid 84: 2 text ranges, 110 svc sites
[    0.567452] rust_kjit: kjit: pc 0x40c000: installed 488 bytes, 0 fault sites, 2 entries, text 0x40c000..0x40c008, fpsimd false
[    0.567760] rust_kjit: kjit: pc 0x410000: installed 488 bytes, 0 fault sites, 2 entries, text 0x410000..0x410008, fpsimd false
[    0.568259] rust_kjit: kjit: pc 0x408028: installed 1008 bytes, 1 fault sites, 12 entries, text 0x408018..0x408048, fpsimd false
aliascost enabled=0 rep=4 ns_total=106296583
[    0.671593] kjit: translate_svc_sites pid 87: 2 text ranges, 110 svc sites
[    0.671959] rust_kjit: kjit: pc 0x40c000: installed 488 bytes, 0 fault sites, 2 entries, text 0x40c000..0x40c008, fpsimd false
[    0.672058] rust_kjit: kjit: pc 0x410000: installed 488 bytes, 0 fault sites, 2 entries, text 0x410000..0x410008, fpsimd false
[    0.672185] rust_kjit: kjit: pc 0x408028: installed 1008 bytes, 1 fault sites, 12 entries, text 0x408018..0x408048, fpsimd false
aliascost enabled=0 rep=5 ns_total=103457833
[    0.776808] kjit: translate_svc_sites pid 90: 2 text ranges, 110 svc sites
[    0.776921] rust_kjit: kjit: pc 0x40c000: installed 488 bytes, 0 fault sites, 2 entries, text 0x40c000..0x40c008, fpsimd false
[    0.777657] rust_kjit: kjit: pc 0x410000: installed 488 bytes, 0 fault sites, 2 entries, text 0x410000..0x410008, fpsimd false
[    0.779130] rust_kjit: kjit: pc 0x408028: installed 1008 bytes, 1 fault sites, 12 entries, text 0x408018..0x408048, fpsimd false
aliascost enabled=0 rep=6 ns_total=103216125
[    0.880381] kjit: translate_svc_sites pid 93: 2 text ranges, 110 svc sites
[    0.880810] rust_kjit: kjit: pc 0x40c000: installed 488 bytes, 0 fault sites, 2 entries, text 0x40c000..0x40c008, fpsimd false
[    0.882194] rust_kjit: kjit: pc 0x410000: installed 488 bytes, 0 fault sites, 2 entries, text 0x410000..0x410008, fpsimd false
[    0.883148] rust_kjit: kjit: pc 0x408028: installed 1008 bytes, 1 fault sites, 12 entries, text 0x408018..0x408048, fpsimd false
aliascost enabled=1 rep=0 ns_total=1428737292
[    2.312118] kjit: translate_svc_sites pid 97: 2 text ranges, 110 svc sites
[    2.312597] rust_kjit: kjit: pc 0x40c000: installed 488 bytes, 0 fault sites, 2 entries, text 0x40c000..0x40c008, fpsimd false
[    2.313514] rust_kjit: kjit: pc 0x410000: installed 488 bytes, 0 fault sites, 2 entries, text 0x410000..0x410008, fpsimd false
[    2.314336] rust_kjit: kjit: pc 0x408028: installed 1008 bytes, 1 fault sites, 12 entries, text 0x408018..0x408048, fpsimd false
aliascost enabled=1 rep=1 ns_total=1578316251
[    3.891288] kjit: translate_svc_sites pid 100: 2 text ranges, 110 svc sites
[    3.891686] rust_kjit: kjit: pc 0x40c000: installed 488 bytes, 0 fault sites, 2 entries, text 0x40c000..0x40c008, fpsimd false
[    3.892200] rust_kjit: kjit: pc 0x410000: installed 488 bytes, 0 fault sites, 2 entries, text 0x410000..0x410008, fpsimd false
[    3.892709] rust_kjit: kjit: pc 0x408028: installed 1008 bytes, 1 fault sites, 12 entries, text 0x408018..0x408048, fpsimd false
aliascost enabled=1 rep=2 ns_total=1439679876
[    5.329853] kjit: translate_svc_sites pid 104: 2 text ranges, 110 svc sites
[    5.330635] rust_kjit: kjit: pc 0x40c000: installed 488 bytes, 0 fault sites, 2 entries, text 0x40c000..0x40c008, fpsimd false
[    5.331202] rust_kjit: kjit: pc 0x410000: installed 488 bytes, 0 fault sites, 2 entries, text 0x410000..0x410008, fpsimd false
[    5.331760] rust_kjit: kjit: pc 0x408028: installed 1008 bytes, 1 fault sites, 12 entries, text 0x408018..0x408048, fpsimd false
aliascost enabled=1 rep=3 ns_total=1418892251
[    6.750039] kjit: translate_svc_sites pid 107: 2 text ranges, 110 svc sites
[    6.750726] rust_kjit: kjit: pc 0x40c000: installed 488 bytes, 0 fault sites, 2 entries, text 0x40c000..0x40c008, fpsimd false
[    6.751178] rust_kjit: kjit: pc 0x410000: installed 488 bytes, 0 fault sites, 2 entries, text 0x410000..0x410008, fpsimd false
[    6.751717] rust_kjit: kjit: pc 0x408028: installed 1008 bytes, 1 fault sites, 12 entries, text 0x408018..0x408048, fpsimd false
aliascost enabled=1 rep=4 ns_total=1416702501
[    8.167356] kjit: translate_svc_sites pid 110: 2 text ranges, 110 svc sites
[    8.167726] rust_kjit: kjit: pc 0x40c000: installed 488 bytes, 0 fault sites, 2 entries, text 0x40c000..0x40c008, fpsimd false
[    8.168200] rust_kjit: kjit: pc 0x410000: installed 488 bytes, 0 fault sites, 2 entries, text 0x410000..0x410008, fpsimd false
[    8.168720] rust_kjit: kjit: pc 0x408028: installed 1008 bytes, 1 fault sites, 12 entries, text 0x408018..0x408048, fpsimd false
aliascost enabled=1 rep=5 ns_total=1434269792
[    9.602326] kjit: translate_svc_sites pid 113: 2 text ranges, 110 svc sites
[    9.602560] rust_kjit: kjit: pc 0x40c000: installed 488 bytes, 0 fault sites, 2 entries, text 0x40c000..0x40c008, fpsimd false
[    9.602957] rust_kjit: kjit: pc 0x410000: installed 488 bytes, 0 fault sites, 2 entries, text 0x410000..0x410008, fpsimd false
[    9.603466] rust_kjit: kjit: pc 0x408028: installed 1008 bytes, 1 fault sites, 12 entries, text 0x408018..0x408048, fpsimd false
aliascost enabled=1 rep=6 ns_total=1415132792
fragment_entries 179857597
chain_cap 0
exit_budget 0
ibtc_insert 358313922
ibtc_replace 358313894
[   11.015993] kjit: 0 of 0 translation requests still queued at unload (freed by the kernel)
[   11.031972] rust_kjit: ######## Rust KJIT exits ########
kjit-init: rmmod kjit ok
kjit-init: run exit=0
[   11.053543] reboot: Power down
