[    0.000000] Booting Linux on physical CPU 0x0000000000 [0x610f0000]
[    0.000000] Linux version 7.1.0-rc1 (@6906d107117b) (Ubuntu clang version 18.1.3 (1ubuntu1), Ubuntu LLD 18.1.3) #1 SMP PREEMPT Fri Oct  2 08:37:58 UTC 2026
[    0.000000] random: crng init done
[    0.000000] Machine model: linux,dummy-virt
[    0.000000] OF: reserved mem: Reserved memory: No reserved-memory node in the DT
[    0.000000] psci: probing for conduit method from DT.
[    0.000000] psci: PSCIv1.1 detected in firmware.
[    0.000000] psci: Using standard PSCI v0.2 function IDs
[    0.000000] psci: Trusted OS migration not required
[    0.000000] psci: SMC Calling Convention v1.0
[    0.000000] Zone ranges:
[    0.000000]   Normal   [mem 0x0000000040000000-0x000000013fffffff]
[    0.000000] Movable zone start for each node
[    0.000000] Early memory node ranges
[    0.000000]   node   0: [mem 0x0000000040000000-0x000000013fffffff]
[    0.000000] Initmem setup node 0 [mem 0x0000000040000000-0x000000013fffffff]
[    0.000000] percpu: Embedded 19 pages/cpu s38488 r8192 d31144 u77824
[    0.000000] Detected PIPT I-cache on CPU0
[    0.000000] CPU features: detected: Address authentication (IMP DEF algorithm)
[    0.000000] CPU features: detected: Spectre-v4
[    0.000000] CPU features: detected: Spectre-BHB
[    0.000000] alternatives: applying boot alternatives
[    0.000000] Kernel command line: console=ttyAMA0 panic=-1 nokaslr
[    0.000000] Unknown kernel command line parameters "nokaslr", will be passed to user space.
[    0.000000] printk: log buffer data + meta data: 131072 + 458752 = 589824 bytes
[    0.000000] Dentry cache hash table entries: 524288 (order: 10, 4194304 bytes, linear)
[    0.000000] Inode-cache hash table entries: 262144 (order: 9, 2097152 bytes, linear)
[    0.000000] software IO TLB: SWIOTLB bounce buffer size adjusted to 4MB
[    0.000000] software IO TLB: area num 4.
[    0.000000] software IO TLB: mapped [mem 0x000000013ac00000-0x000000013b000000] (4MB)
[    0.000000] Built 1 zonelists, mobility grouping on.  Total pages: 1048576
[    0.000000] mem auto-init: stack:all(zero), heap alloc:off, heap free:off
[    0.000000] SLUB: HWalign=64, Order=0-3, MinObjects=0, CPUs=4, Nodes=1
[    0.000000] rcu: Preemptible hierarchical RCU implementation.
[    0.000000] rcu: 	RCU restricting CPUs from NR_CPUS=512 to nr_cpu_ids=4.
[    0.000000] rcu: RCU calculated value of scheduler-enlistment delay is 25 jiffies.
[    0.000000] rcu: Adjusting geometry for rcu_fanout_leaf=16, nr_cpu_ids=4
[    0.000000] NR_IRQS: 64, nr_irqs: 64, preallocated irqs: 0
[    0.000000] Root IRQ handler: gic_handle_irq
[    0.000000] GICv2m: range[mem 0x08020000-0x08020fff], SPI[80:143]
[    0.000000] rcu: srcu_init: Setting srcu_struct sizes based on contention.
[    0.000000] arch_timer: cp15 timer running at 24.00MHz (virt).
[    0.000000] clocksource: arch_sys_counter: mask: 0xffffffffffffff max_cycles: 0x588fe9dc0, max_idle_ns: 440795202592 ns
[    0.000000] sched_clock: 56 bits at 24MHz, resolution 41ns, wraps every 4398046511097ns
[    0.000109] Console: colour dummy device 80x25
[    0.000122] Calibrating delay loop (skipped), value calculated using timer frequency.. 48.00 BogoMIPS (lpj=96000)
[    0.000125] pid_max: default: 32768 minimum: 301
[    0.000259] Mount-cache hash table entries: 8192 (order: 4, 65536 bytes, linear)
[    0.000266] Mountpoint-cache hash table entries: 8192 (order: 4, 65536 bytes, linear)
[    0.000348] VFS: Finished mounting rootfs on nullfs
[    0.000486] cacheinfo: Unable to detect cache hierarchy for CPU 0
[    0.000601] rcu: Hierarchical SRCU implementation.
[    0.000601] rcu: 	Max phase no-delay instances is 1000.
[    0.000621] Timer migration: 1 hierarchy levels; 8 children per group; 1 crossnode level
[    0.000658] smp: Bringing up secondary CPUs ...
[    0.000865] Detected PIPT I-cache on CPU1
[    0.000967] CPU1: Booted secondary processor 0x0000000001 [0x610f0000]
[    0.001268] Detected PIPT I-cache on CPU2
[    0.001364] CPU2: Booted secondary processor 0x0000000002 [0x610f0000]
[    0.001572] Detected PIPT I-cache on CPU3
[    0.001679] CPU3: Booted secondary processor 0x0000000003 [0x610f0000]
[    0.001776] smp: Brought up 1 node, 4 CPUs
[    0.001778] SMP: Total of 4 processors activated.
[    0.001779] CPU: All CPU(s) started at EL1
[    0.001779] CPU features: detected: ARMv8.4 Translation Table Level
[    0.001780] CPU features: detected: Data cache clean to the PoU not required for I/D coherence
[    0.001780] CPU features: detected: CRC32 instructions
[    0.001781] CPU features: detected: Data independent timing control (DIT)
[    0.001781] CPU features: detected: E0PD
[    0.001782] CPU features: detected: Generic authentication (IMP DEF algorithm)
[    0.001782] CPU features: detected: RCpc load-acquire (LDAPR)
[    0.001782] CPU features: detected: LSE atomic instructions
[    0.001783] CPU features: detected: Privileged Access Never
[    0.001783] CPU features: detected: Speculation barrier (SB)
[    0.001784] CPU features: detected: TLB range maintenance instructions
[    0.001784] CPU features: detected: XNX
[    0.001994] alternatives: applying system-wide alternatives
[    0.002982] Memory: 3934216K/4194304K available (5248K kernel code, 754K rwdata, 2356K rodata, 576K init, 405K bss, 256908K reserved, 0K cma-reserved)
[    0.003369] devtmpfs: initialized
[    0.003707] clocksource: jiffies: mask: 0xffffffff max_cycles: 0xffffffff, max_idle_ns: 7645041785100000 ns
[    0.003711] posixtimers hash table entries: 2048 (order: 3, 32768 bytes, linear)
[    0.003734] futex hash table entries: 1024 (65536 bytes on 1 NUMA nodes, total 64 KiB, linear).
[    0.003742] 30384 pages in range for non-PLT usage
[    0.003742] 521904 pages in range for PLT usage
[    0.003864] NET: Registered PF_NETLINK/PF_ROUTE protocol family
[    0.004253] DMA: preallocated 512 KiB GFP_KERNEL pool for atomic allocations
[    0.004302] ASID allocator initialised with 256 entries
[    0.004311] Serial: AMBA PL011 UART driver
[    0.004737] 9000000.pl011: ttyAMA0 at MMIO 0x9000000 (irq = 13, base_baud = 0) is a PL011 rev1
[    0.004855] printk: console [ttyAMA0] enabled
[    0.010702] vgaarb: loaded
[    0.010967] clocksource: Switched to clocksource arch_sys_counter
[    0.014176] NET: Registered PF_INET protocol family
[    0.014325] IP idents hash table entries: 65536 (order: 7, 524288 bytes, linear)
[    0.014769] tcp_listen_portaddr_hash hash table entries: 2048 (order: 3, 32768 bytes, linear)
[    0.014782] Table-perturb hash table entries: 65536 (order: 6, 262144 bytes, linear)
[    0.014785] TCP established hash table entries: 32768 (order: 6, 262144 bytes, linear)
[    0.014861] TCP bind hash table entries: 32768 (order: 8, 1048576 bytes, linear)
[    0.015155] TCP: Hash tables configured (established 32768 bind 32768)
[    0.015180] UDP hash table entries: 2048 (order: 5, 131072 bytes, linear)
[    0.015215] NET: Registered PF_UNIX/PF_LOCAL protocol family
[    0.015219] PCI: CLS 0 bytes, default 64
[    0.015629] Unpacking initramfs...
[    0.019418] workingset: timestamp_bits=46 (anon: 42) max_order=20 bucket_order=0 (anon: 0)
[    0.019491] 9p: Installing v9fs 9p2000 file system support
[    0.023295] pci-host-generic 4010000000.pcie: host bridge /pcie@10000000 ranges:
[    0.023306] pci-host-generic 4010000000.pcie:       IO 0x003eff0000..0x003effffff -> 0x0000000000
[    0.023309] pci-host-generic 4010000000.pcie:      MEM 0x0010000000..0x003efeffff -> 0x0010000000
[    0.023310] pci-host-generic 4010000000.pcie:      MEM 0x8000000000..0xffffffffff -> 0x8000000000
[    0.023315] pci-host-generic 4010000000.pcie: Memory resource size exceeds max for 32 bits
[    0.023327] pci-host-generic 4010000000.pcie: ECAM at [mem 0x4010000000-0x401fffffff] for [bus 00-ff]
[    0.023340] pci-host-generic 4010000000.pcie: PCI host bridge to bus 0000:00
[    0.023342] pci_bus 0000:00: root bus resource [bus 00-ff]
[    0.023342] pci_bus 0000:00: root bus resource [io  0x0000-0xffff]
[    0.023343] pci_bus 0000:00: root bus resource [mem 0x10000000-0x3efeffff]
[    0.023344] pci_bus 0000:00: root bus resource [mem 0x8000000000-0xffffffffff]
[    0.023374] pci 0000:00:00.0: [1b36:0008] type 00 class 0x060000 conventional PCI endpoint
[    0.023836] pci 0000:00:01.0: [1af4:1000] type 00 class 0x020000 conventional PCI endpoint
[    0.024040] pci 0000:00:01.0: BAR 0 [io  0x0000-0x001f]
[    0.024043] pci 0000:00:01.0: BAR 1 [mem 0x00000000-0x00000fff]
[    0.024099] pci 0000:00:01.0: BAR 4 [mem 0x00000000-0x00003fff 64bit pref]
[    0.024119] pci 0000:00:01.0: ROM [mem 0x00000000-0x0003ffff pref]
[    0.024491] pci 0000:00:02.0: [1af4:1009] type 00 class 0x000200 conventional PCI endpoint
[    0.024878] pci 0000:00:02.0: BAR 0 [io  0x0000-0x003f]
[    0.024904] pci 0000:00:02.0: BAR 1 [mem 0x00000000-0x00000fff]
[    0.024946] pci 0000:00:02.0: BAR 4 [mem 0x00000000-0x00003fff 64bit pref]
[    0.025783] pci 0000:00:03.0: [1af4:1005] type 00 class 0x00ff00 conventional PCI endpoint
[    0.025964] pci 0000:00:03.0: BAR 0 [io  0x0000-0x001f]
[    0.025968] pci 0000:00:03.0: BAR 1 [mem 0x00000000-0x00000fff]
[    0.025975] pci 0000:00:03.0: BAR 4 [mem 0x00000000-0x00003fff 64bit pref]
[    0.026562] pci 0000:00:01.0: ROM [mem 0x10000000-0x1003ffff pref]: assigned
[    0.026565] pci 0000:00:01.0: BAR 4 [mem 0x8000000000-0x8000003fff 64bit pref]: assigned
[    0.026596] pci 0000:00:02.0: BAR 4 [mem 0x8000004000-0x8000007fff 64bit pref]: assigned
[    0.026649] pci 0000:00:03.0: BAR 4 [mem 0x8000008000-0x800000bfff 64bit pref]: assigned
[    0.026681] pci 0000:00:01.0: BAR 1 [mem 0x10040000-0x10040fff]: assigned
[    0.026711] pci 0000:00:02.0: BAR 1 [mem 0x10041000-0x10041fff]: assigned
[    0.026718] pci 0000:00:03.0: BAR 1 [mem 0x10042000-0x10042fff]: assigned
[    0.026727] pci 0000:00:02.0: BAR 0 [io  0x1000-0x103f]: assigned
[    0.026734] pci 0000:00:01.0: BAR 0 [io  0x1040-0x105f]: assigned
[    0.026738] pci 0000:00:03.0: BAR 0 [io  0x1060-0x107f]: assigned
[    0.026745] pci_bus 0000:00: resource 4 [io  0x0000-0xffff]
[    0.026746] pci_bus 0000:00: resource 5 [mem 0x10000000-0x3efeffff]
[    0.026746] pci_bus 0000:00: resource 6 [mem 0x8000000000-0xffffffffff]
[    0.028201] virtio-pci 0000:00:01.0: enabling device (0000 -> 0003)
[    0.029117] virtio-pci 0000:00:02.0: enabling device (0000 -> 0003)
[    0.029869] virtio-pci 0000:00:03.0: enabling device (0000 -> 0003)
[    0.035449] rtc-pl031 9010000.pl031: registered as rtc0
[    0.035466] rtc-pl031 9010000.pl031: setting system clock to 2026-10-08T19:12:58 UTC (1791486778)
[    0.035583] NET: Registered PF_INET6 protocol family
[    0.036129] Segment Routing with IPv6
[    0.036132] In-situ OAM (IOAM) with IPv6
[    0.036139] sit: IPv6, IPv4 and MPLS over IPv4 tunneling driver
[    0.036198] NET: Registered PF_PACKET protocol family
[    0.036204] 9pnet: Installing 9P2000 support
[    0.042890] clk: Disabling unused clocks
[    0.099935] Freeing initrd memory: 161888K
[    0.100386] Freeing unused kernel memory: 576K
[    0.100442] Run /init as init process
[    0.116623] kjit: loading out-of-tree module taints kernel.
[    0.117602] rust_kjit: ######## Rust KJIT inits ########
[    0.117635] rust_kjit: kjit: dispatch variant 1
[    0.117746] rust_kjit: golden tests/arm64/toy_cfg.s:hot_svc_mark translated for dispatch variant 1; byte comparison skipped (reference is variant 0)
kjit-init: insmod kjit.ko ok
meas: variant=1
[    0.141173] kjit: translate_svc_sites pid 68: 2 text ranges, 110 svc sites
[    0.141392] rust_kjit: kjit: pc 0x40c000: installed 492 bytes, 0 fault sites, 2 entries, text 0x40c000..0x40c008, fpsimd false
[    0.141934] rust_kjit: kjit: pc 0x410000: installed 492 bytes, 0 fault sites, 2 entries, text 0x410000..0x410008, fpsimd false
[    0.142749] rust_kjit: kjit: pc 0x408028: installed 1016 bytes, 1 fault sites, 12 entries, text 0x408018..0x408048, fpsimd false
aliascost enabled=0 rep=0 ns_total=104877417
[    0.246578] kjit: translate_svc_sites pid 71: 2 text ranges, 110 svc sites
[    0.247476] rust_kjit: kjit: pc 0x40c000: installed 492 bytes, 0 fault sites, 2 entries, text 0x40c000..0x40c008, fpsimd false
[    0.247954] rust_kjit: kjit: pc 0x410000: installed 492 bytes, 0 fault sites, 2 entries, text 0x410000..0x410008, fpsimd false
[    0.248459] rust_kjit: kjit: pc 0x408028: installed 1016 bytes, 1 fault sites, 12 entries, text 0x408018..0x408048, fpsimd false
aliascost enabled=0 rep=1 ns_total=107208709
[    0.352550] kjit: translate_svc_sites pid 78: 2 text ranges, 110 svc sites
[    0.352699] rust_kjit: kjit: pc 0x40c000: installed 492 bytes, 0 fault sites, 2 entries, text 0x40c000..0x40c008, fpsimd false
[    0.353026] rust_kjit: kjit: pc 0x410000: installed 492 bytes, 0 fault sites, 2 entries, text 0x410000..0x410008, fpsimd false
[    0.353752] rust_kjit: kjit: pc 0x408028: installed 1016 bytes, 1 fault sites, 12 entries, text 0x408018..0x408048, fpsimd false
aliascost enabled=0 rep=2 ns_total=103092000
[    0.457642] kjit: translate_svc_sites pid 81: 2 text ranges, 110 svc sites
[    0.458186] rust_kjit: kjit: pc 0x40c000: installed 492 bytes, 0 fault sites, 2 entries, text 0x40c000..0x40c008, fpsimd false
[    0.458308] rust_kjit: kjit: pc 0x410000: installed 492 bytes, 0 fault sites, 2 entries, text 0x410000..0x410008, fpsimd false
[    0.458432] rust_kjit: kjit: pc 0x408028: installed 1016 bytes, 1 fault sites, 12 entries, text 0x408018..0x408048, fpsimd false
aliascost enabled=0 rep=3 ns_total=104293792
[    0.563951] kjit: translate_svc_sites pid 84: 2 text ranges, 110 svc sites
[    0.564119] rust_kjit: kjit: pc 0x40c000: installed 492 bytes, 0 fault sites, 2 entries, text 0x40c000..0x40c008, fpsimd false
[    0.564242] rust_kjit: kjit: pc 0x410000: installed 492 bytes, 0 fault sites, 2 entries, text 0x410000..0x410008, fpsimd false
[    0.564379] rust_kjit: kjit: pc 0x408028: installed 1016 bytes, 1 fault sites, 12 entries, text 0x408018..0x408048, fpsimd false
aliascost enabled=0 rep=4 ns_total=106015292
[    0.667486] kjit: translate_svc_sites pid 87: 2 text ranges, 110 svc sites
[    0.667599] rust_kjit: kjit: pc 0x40c000: installed 492 bytes, 0 fault sites, 2 entries, text 0x40c000..0x40c008, fpsimd false
[    0.667688] rust_kjit: kjit: pc 0x410000: installed 492 bytes, 0 fault sites, 2 entries, text 0x410000..0x410008, fpsimd false
[    0.667842] rust_kjit: kjit: pc 0x408028: installed 1016 bytes, 1 fault sites, 12 entries, text 0x408018..0x408048, fpsimd false
aliascost enabled=0 rep=5 ns_total=103957167
[    0.772548] kjit: translate_svc_sites pid 90: 2 text ranges, 110 svc sites
[    0.772648] rust_kjit: kjit: pc 0x40c000: installed 492 bytes, 0 fault sites, 2 entries, text 0x40c000..0x40c008, fpsimd false
[    0.772980] rust_kjit: kjit: pc 0x410000: installed 492 bytes, 0 fault sites, 2 entries, text 0x410000..0x410008, fpsimd false
[    0.774148] rust_kjit: kjit: pc 0x408028: installed 1016 bytes, 1 fault sites, 12 entries, text 0x408018..0x408048, fpsimd false
aliascost enabled=0 rep=6 ns_total=103109458
[    0.875903] kjit: translate_svc_sites pid 93: 2 text ranges, 110 svc sites
[    0.876303] rust_kjit: kjit: pc 0x40c000: installed 492 bytes, 0 fault sites, 2 entries, text 0x40c000..0x40c008, fpsimd false
[    0.876847] rust_kjit: kjit: pc 0x410000: installed 492 bytes, 0 fault sites, 2 entries, text 0x410000..0x410008, fpsimd false
[    0.877973] rust_kjit: kjit: pc 0x408028: installed 1016 bytes, 1 fault sites, 12 entries, text 0x408018..0x408048, fpsimd false
aliascost enabled=1 rep=0 ns_total=199747083
[    1.076231] kjit: translate_svc_sites pid 97: 2 text ranges, 110 svc sites
[    1.076605] rust_kjit: kjit: pc 0x40c000: installed 492 bytes, 0 fault sites, 2 entries, text 0x40c000..0x40c008, fpsimd false
[    1.077071] rust_kjit: kjit: pc 0x410000: installed 492 bytes, 0 fault sites, 2 entries, text 0x410000..0x410008, fpsimd false
[    1.078292] rust_kjit: kjit: pc 0x408028: installed 1016 bytes, 1 fault sites, 12 entries, text 0x408018..0x408048, fpsimd false
aliascost enabled=1 rep=1 ns_total=203497958
[    1.281296] kjit: translate_svc_sites pid 101: 2 text ranges, 110 svc sites
[    1.281915] rust_kjit: kjit: pc 0x40c000: installed 492 bytes, 0 fault sites, 2 entries, text 0x40c000..0x40c008, fpsimd false
[    1.282797] rust_kjit: kjit: pc 0x410000: installed 492 bytes, 0 fault sites, 2 entries, text 0x410000..0x410008, fpsimd false
[    1.283552] rust_kjit: kjit: pc 0x408028: installed 1016 bytes, 1 fault sites, 12 entries, text 0x408018..0x408048, fpsimd false
aliascost enabled=1 rep=2 ns_total=203983750
[    1.486627] kjit: translate_svc_sites pid 104: 2 text ranges, 110 svc sites
[    1.487269] rust_kjit: kjit: pc 0x40c000: installed 492 bytes, 0 fault sites, 2 entries, text 0x40c000..0x40c008, fpsimd false
[    1.487810] rust_kjit: kjit: pc 0x410000: installed 492 bytes, 0 fault sites, 2 entries, text 0x410000..0x410008, fpsimd false
[    1.487933] rust_kjit: kjit: pc 0x408028: installed 1016 bytes, 1 fault sites, 12 entries, text 0x408018..0x408048, fpsimd false
aliascost enabled=1 rep=3 ns_total=202835709
[    1.688129] kjit: translate_svc_sites pid 107: 2 text ranges, 110 svc sites
[    1.688568] rust_kjit: kjit: pc 0x40c000: installed 492 bytes, 0 fault sites, 2 entries, text 0x40c000..0x40c008, fpsimd false
[    1.689034] rust_kjit: kjit: pc 0x410000: installed 492 bytes, 0 fault sites, 2 entries, text 0x410000..0x410008, fpsimd false
[    1.690371] rust_kjit: kjit: pc 0x408028: installed 1016 bytes, 1 fault sites, 12 entries, text 0x408018..0x408048, fpsimd false
aliascost enabled=1 rep=4 ns_total=203185292
[    1.893030] kjit: translate_svc_sites pid 110: 2 text ranges, 110 svc sites
[    1.893625] rust_kjit: kjit: pc 0x40c000: installed 492 bytes, 0 fault sites, 2 entries, text 0x40c000..0x40c008, fpsimd false
[    1.895069] rust_kjit: kjit: pc 0x410000: installed 492 bytes, 0 fault sites, 2 entries, text 0x410000..0x410008, fpsimd false
[    1.895612] rust_kjit: kjit: pc 0x408028: installed 1016 bytes, 1 fault sites, 12 entries, text 0x408018..0x408048, fpsimd false
aliascost enabled=1 rep=5 ns_total=203098708
[    2.097045] kjit: translate_svc_sites pid 113: 2 text ranges, 110 svc sites
[    2.097740] rust_kjit: kjit: pc 0x40c000: installed 492 bytes, 0 fault sites, 2 entries, text 0x40c000..0x40c008, fpsimd false
[    2.097885] rust_kjit: kjit: pc 0x410000: installed 492 bytes, 0 fault sites, 2 entries, text 0x410000..0x410008, fpsimd false
[    2.098761] rust_kjit: kjit: pc 0x408028: installed 1016 bytes, 1 fault sites, 12 entries, text 0x408018..0x408048, fpsimd false
aliascost enabled=1 rep=6 ns_total=205136000
fragment_entries 700655
chain_cap 0
exit_budget 0
ibtc_insert 42
ibtc_replace 0
[    2.304204] kjit: 0 of 0 translation requests still queued at unload (freed by the kernel)
[    2.320675] rust_kjit: ######## Rust KJIT exits ########
kjit-init: rmmod kjit ok
kjit-init: run exit=0
[    2.337838] reboot: Power down
