guest-run: profile=kjit-guest run-dir=/Volumes/Local/kjit-a4b2/build/runs/meas-v2-20261009-031255
[    0.000000] Booting Linux on physical CPU 0x0000000000 [0x610f0000]
[    0.000000] Linux version 7.1.0-rc1 (@6906d107117b) (Ubuntu clang version 18.1.3 (1ubuntu1), Ubuntu LLD 18.1.3) #1 SMP PREEMPT Fri Oct  2 08:37:58 UTC 2026
[    0.000000] random: crng init done
[    0.000000] Machine model: linux,dummy-virt
[    0.000000] OF: reserved mem: Reserved memory: No reserved-memory node in the DT
[    0.000000] psci: probing for conduit method from DT.
[    0.000000] psci: PSCIv1.1 detected in firmware.
[    0.000000] psci: Using standard PSCI v0.2 function IDs
[    0.000000] psci: Trusted OS migration not required
[    0.000000] psci: SMC Calling Convention v1.0
[    0.000000] Zone ranges:
[    0.000000]   Normal   [mem 0x0000000040000000-0x000000013fffffff]
[    0.000000] Movable zone start for each node
[    0.000000] Early memory node ranges
[    0.000000]   node   0: [mem 0x0000000040000000-0x000000013fffffff]
[    0.000000] Initmem setup node 0 [mem 0x0000000040000000-0x000000013fffffff]
[    0.000000] percpu: Embedded 19 pages/cpu s38488 r8192 d31144 u77824
[    0.000000] Detected PIPT I-cache on CPU0
[    0.000000] CPU features: detected: Address authentication (IMP DEF algorithm)
[    0.000000] CPU features: detected: Spectre-v4
[    0.000000] CPU features: detected: Spectre-BHB
[    0.000000] alternatives: applying boot alternatives
[    0.000000] Kernel command line: console=ttyAMA0 panic=-1 nokaslr
[    0.000000] Unknown kernel command line parameters "nokaslr", will be passed to user space.
[    0.000000] printk: log buffer data + meta data: 131072 + 458752 = 589824 bytes
[    0.000000] Dentry cache hash table entries: 524288 (order: 10, 4194304 bytes, linear)
[    0.000000] Inode-cache hash table entries: 262144 (order: 9, 2097152 bytes, linear)
[    0.000000] software IO TLB: SWIOTLB bounce buffer size adjusted to 4MB
[    0.000000] software IO TLB: area num 4.
[    0.000000] software IO TLB: mapped [mem 0x000000013ac00000-0x000000013b000000] (4MB)
[    0.000000] Built 1 zonelists, mobility grouping on.  Total pages: 1048576
[    0.000000] mem auto-init: stack:all(zero), heap alloc:off, heap free:off
[    0.000000] SLUB: HWalign=64, Order=0-3, MinObjects=0, CPUs=4, Nodes=1
[    0.000000] rcu: Preemptible hierarchical RCU implementation.
[    0.000000] rcu: 	RCU restricting CPUs from NR_CPUS=512 to nr_cpu_ids=4.
[    0.000000] rcu: RCU calculated value of scheduler-enlistment delay is 25 jiffies.
[    0.000000] rcu: Adjusting geometry for rcu_fanout_leaf=16, nr_cpu_ids=4
[    0.000000] NR_IRQS: 64, nr_irqs: 64, preallocated irqs: 0
[    0.000000] Root IRQ handler: gic_handle_irq
[    0.000000] GICv2m: range[mem 0x08020000-0x08020fff], SPI[80:143]
[    0.000000] rcu: srcu_init: Setting srcu_struct sizes based on contention.
[    0.000000] arch_timer: cp15 timer running at 24.00MHz (virt).
[    0.000000] clocksource: arch_sys_counter: mask: 0xffffffffffffff max_cycles: 0x588fe9dc0, max_idle_ns: 440795202592 ns
[    0.000000] sched_clock: 56 bits at 24MHz, resolution 41ns, wraps every 4398046511097ns
[    0.000099] Console: colour dummy device 80x25
[    0.000105] Calibrating delay loop (skipped), value calculated using timer frequency.. 48.00 BogoMIPS (lpj=96000)
[    0.000109] pid_max: default: 32768 minimum: 301
[    0.000238] Mount-cache hash table entries: 8192 (order: 4, 65536 bytes, linear)
[    0.000245] Mountpoint-cache hash table entries: 8192 (order: 4, 65536 bytes, linear)
[    0.000317] VFS: Finished mounting rootfs on nullfs
[    0.000455] cacheinfo: Unable to detect cache hierarchy for CPU 0
[    0.000562] rcu: Hierarchical SRCU implementation.
[    0.000562] rcu: 	Max phase no-delay instances is 1000.
[    0.000580] Timer migration: 1 hierarchy levels; 8 children per group; 1 crossnode level
[    0.000613] smp: Bringing up secondary CPUs ...
[    0.000801] Detected PIPT I-cache on CPU1
[    0.000871] CPU1: Booted secondary processor 0x0000000001 [0x610f0000]
[    0.001071] Detected PIPT I-cache on CPU2
[    0.001161] CPU2: Booted secondary processor 0x0000000002 [0x610f0000]
[    0.001342] Detected PIPT I-cache on CPU3
[    0.001444] CPU3: Booted secondary processor 0x0000000003 [0x610f0000]
[    0.001511] smp: Brought up 1 node, 4 CPUs
[    0.001512] SMP: Total of 4 processors activated.
[    0.001512] CPU: All CPU(s) started at EL1
[    0.001513] CPU features: detected: ARMv8.4 Translation Table Level
[    0.001513] CPU features: detected: Data cache clean to the PoU not required for I/D coherence
[    0.001514] CPU features: detected: CRC32 instructions
[    0.001514] CPU features: detected: Data independent timing control (DIT)
[    0.001514] CPU features: detected: E0PD
[    0.001515] CPU features: detected: Generic authentication (IMP DEF algorithm)
[    0.001515] CPU features: detected: RCpc load-acquire (LDAPR)
[    0.001516] CPU features: detected: LSE atomic instructions
[    0.001516] CPU features: detected: Privileged Access Never
[    0.001516] CPU features: detected: Speculation barrier (SB)
[    0.001517] CPU features: detected: TLB range maintenance instructions
[    0.001517] CPU features: detected: XNX
[    0.001713] alternatives: applying system-wide alternatives
[    0.002689] Memory: 3934216K/4194304K available (5248K kernel code, 754K rwdata, 2356K rodata, 576K init, 405K bss, 256908K reserved, 0K cma-reserved)
[    0.003029] devtmpfs: initialized
[    0.003310] clocksource: jiffies: mask: 0xffffffff max_cycles: 0xffffffff, max_idle_ns: 7645041785100000 ns
[    0.003313] posixtimers hash table entries: 2048 (order: 3, 32768 bytes, linear)
[    0.003332] futex hash table entries: 1024 (65536 bytes on 1 NUMA nodes, total 64 KiB, linear).
[    0.003338] 30384 pages in range for non-PLT usage
[    0.003339] 521904 pages in range for PLT usage
[    0.003395] NET: Registered PF_NETLINK/PF_ROUTE protocol family
[    0.003749] DMA: preallocated 512 KiB GFP_KERNEL pool for atomic allocations
[    0.003790] ASID allocator initialised with 256 entries
[    0.003797] Serial: AMBA PL011 UART driver
[    0.004220] 9000000.pl011: ttyAMA0 at MMIO 0x9000000 (irq = 13, base_baud = 0) is a PL011 rev1
[    0.004351] printk: console [ttyAMA0] enabled
[    0.010362] vgaarb: loaded
[    0.010711] clocksource: Switched to clocksource arch_sys_counter
[    0.021356] NET: Registered PF_INET protocol family
[    0.021625] IP idents hash table entries: 65536 (order: 7, 524288 bytes, linear)
[    0.022088] tcp_listen_portaddr_hash hash table entries: 2048 (order: 3, 32768 bytes, linear)
[    0.022095] Table-perturb hash table entries: 65536 (order: 6, 262144 bytes, linear)
[    0.022099] TCP established hash table entries: 32768 (order: 6, 262144 bytes, linear)
[    0.022155] TCP bind hash table entries: 32768 (order: 8, 1048576 bytes, linear)
[    0.022336] TCP: Hash tables configured (established 32768 bind 32768)
[    0.022373] UDP hash table entries: 2048 (order: 5, 131072 bytes, linear)
[    0.022409] NET: Registered PF_UNIX/PF_LOCAL protocol family
[    0.022414] PCI: CLS 0 bytes, default 64
[    0.022633] Unpacking initramfs...
[    0.027301] workingset: timestamp_bits=46 (anon: 42) max_order=20 bucket_order=0 (anon: 0)
[    0.027391] 9p: Installing v9fs 9p2000 file system support
[    0.031187] pci-host-generic 4010000000.pcie: host bridge /pcie@10000000 ranges:
[    0.031194] pci-host-generic 4010000000.pcie:       IO 0x003eff0000..0x003effffff -> 0x0000000000
[    0.031196] pci-host-generic 4010000000.pcie:      MEM 0x0010000000..0x003efeffff -> 0x0010000000
[    0.031198] pci-host-generic 4010000000.pcie:      MEM 0x8000000000..0xffffffffff -> 0x8000000000
[    0.031205] pci-host-generic 4010000000.pcie: Memory resource size exceeds max for 32 bits
[    0.031215] pci-host-generic 4010000000.pcie: ECAM at [mem 0x4010000000-0x401fffffff] for [bus 00-ff]
[    0.031229] pci-host-generic 4010000000.pcie: PCI host bridge to bus 0000:00
[    0.031230] pci_bus 0000:00: root bus resource [bus 00-ff]
[    0.031231] pci_bus 0000:00: root bus resource [io  0x0000-0xffff]
[    0.031232] pci_bus 0000:00: root bus resource [mem 0x10000000-0x3efeffff]
[    0.031232] pci_bus 0000:00: root bus resource [mem 0x8000000000-0xffffffffff]
[    0.031313] pci 0000:00:00.0: [1b36:0008] type 00 class 0x060000 conventional PCI endpoint
[    0.031606] pci 0000:00:01.0: [1af4:1000] type 00 class 0x020000 conventional PCI endpoint
[    0.031758] pci 0000:00:01.0: BAR 0 [io  0x0000-0x001f]
[    0.031764] pci 0000:00:01.0: BAR 1 [mem 0x00000000-0x00000fff]
[    0.031776] pci 0000:00:01.0: BAR 4 [mem 0x00000000-0x00003fff 64bit pref]
[    0.031778] pci 0000:00:01.0: ROM [mem 0x00000000-0x0003ffff pref]
[    0.031974] pci 0000:00:02.0: [1af4:1009] type 00 class 0x000200 conventional PCI endpoint
[    0.032156] pci 0000:00:02.0: BAR 0 [io  0x0000-0x003f]
[    0.032160] pci 0000:00:02.0: BAR 1 [mem 0x00000000-0x00000fff]
[    0.032169] pci 0000:00:02.0: BAR 4 [mem 0x00000000-0x00003fff 64bit pref]
[    0.032441] pci 0000:00:03.0: [1af4:1005] type 00 class 0x00ff00 conventional PCI endpoint
[    0.032563] pci 0000:00:03.0: BAR 0 [io  0x0000-0x001f]
[    0.032565] pci 0000:00:03.0: BAR 1 [mem 0x00000000-0x00000fff]
[    0.032571] pci 0000:00:03.0: BAR 4 [mem 0x00000000-0x00003fff 64bit pref]
[    0.032961] pci 0000:00:01.0: ROM [mem 0x10000000-0x1003ffff pref]: assigned
[    0.032963] pci 0000:00:01.0: BAR 4 [mem 0x8000000000-0x8000003fff 64bit pref]: assigned
[    0.032994] pci 0000:00:02.0: BAR 4 [mem 0x8000004000-0x8000007fff 64bit pref]: assigned
[    0.033010] pci 0000:00:03.0: BAR 4 [mem 0x8000008000-0x800000bfff 64bit pref]: assigned
[    0.033037] pci 0000:00:01.0: BAR 1 [mem 0x10040000-0x10040fff]: assigned
[    0.033043] pci 0000:00:02.0: BAR 1 [mem 0x10041000-0x10041fff]: assigned
[    0.033046] pci 0000:00:03.0: BAR 1 [mem 0x10042000-0x10042fff]: assigned
[    0.033091] pci 0000:00:02.0: BAR 0 [io  0x1000-0x103f]: assigned
[    0.033122] pci 0000:00:01.0: BAR 0 [io  0x1040-0x105f]: assigned
[    0.033127] pci 0000:00:03.0: BAR 0 [io  0x1060-0x107f]: assigned
[    0.033133] pci_bus 0000:00: resource 4 [io  0x0000-0xffff]
[    0.033133] pci_bus 0000:00: resource 5 [mem 0x10000000-0x3efeffff]
[    0.033134] pci_bus 0000:00: resource 6 [mem 0x8000000000-0xffffffffff]
[    0.034277] virtio-pci 0000:00:01.0: enabling device (0000 -> 0003)
[    0.035182] virtio-pci 0000:00:02.0: enabling device (0000 -> 0003)
[    0.036195] virtio-pci 0000:00:03.0: enabling device (0000 -> 0003)
[    0.042235] rtc-pl031 9010000.pl031: registered as rtc0
[    0.042243] rtc-pl031 9010000.pl031: setting system clock to 2026-10-08T19:12:56 UTC (1791486776)
[    0.042370] NET: Registered PF_INET6 protocol family
[    0.042702] Segment Routing with IPv6
[    0.042705] In-situ OAM (IOAM) with IPv6
[    0.043003] sit: IPv6, IPv4 and MPLS over IPv4 tunneling driver
[    0.043054] NET: Registered PF_PACKET protocol family
[    0.043060] 9pnet: Installing 9P2000 support
[    0.047795] clk: Disabling unused clocks
[    0.102899] Freeing initrd memory: 161888K
[    0.103231] Freeing unused kernel memory: 576K
[    0.103273] Run /init as init process
[    0.116480] kjit: loading out-of-tree module taints kernel.
[    0.117550] rust_kjit: ######## Rust KJIT inits ########
[    0.117578] rust_kjit: kjit: dispatch variant 2
[    0.117636] rust_kjit: golden tests/arm64/toy_cfg.s:hot_svc_mark translated for dispatch variant 2; byte comparison skipped (reference is variant 0)
kjit-init: insmod kjit.ko ok
meas: variant=2
[    0.137668] kjit: translate_svc_sites pid 69: 2 text ranges, 110 svc sites
[    0.138112] rust_kjit: kjit: pc 0x40c000: installed 524 bytes, 0 fault sites, 2 entries, text 0x40c000..0x40c008, fpsimd false
[    0.138877] rust_kjit: kjit: pc 0x410000: installed 524 bytes, 0 fault sites, 2 entries, text 0x410000..0x410008, fpsimd false
[    0.139339] rust_kjit: kjit: pc 0x408028: installed 1080 bytes, 1 fault sites, 12 entries, text 0x408018..0x408048, fpsimd false
aliascost enabled=0 rep=0 ns_total=102435833
[    0.241185] kjit: translate_svc_sites pid 72: 2 text ranges, 110 svc sites
[    0.241985] rust_kjit: kjit: pc 0x40c000: installed 524 bytes, 0 fault sites, 2 entries, text 0x40c000..0x40c008, fpsimd false
[    0.242991] rust_kjit: kjit: pc 0x410000: installed 524 bytes, 0 fault sites, 2 entries, text 0x410000..0x410008, fpsimd false
[    0.243491] rust_kjit: kjit: pc 0x408028: installed 1080 bytes, 1 fault sites, 12 entries, text 0x408018..0x408048, fpsimd false
aliascost enabled=0 rep=1 ns_total=104059041
[    0.347073] kjit: translate_svc_sites pid 76: 2 text ranges, 110 svc sites
[    0.347459] rust_kjit: kjit: pc 0x40c000: installed 524 bytes, 0 fault sites, 2 entries, text 0x40c000..0x40c008, fpsimd false
[    0.347978] rust_kjit: kjit: pc 0x410000: installed 524 bytes, 0 fault sites, 2 entries, text 0x410000..0x410008, fpsimd false
[    0.348494] rust_kjit: kjit: pc 0x408028: installed 1080 bytes, 1 fault sites, 12 entries, text 0x408018..0x408048, fpsimd false
aliascost enabled=0 rep=2 ns_total=106451958
[    0.451681] kjit: translate_svc_sites pid 81: 2 text ranges, 110 svc sites
[    0.451787] rust_kjit: kjit: pc 0x40c000: installed 524 bytes, 0 fault sites, 2 entries, text 0x40c000..0x40c008, fpsimd false
[    0.451869] rust_kjit: kjit: pc 0x410000: installed 524 bytes, 0 fault sites, 2 entries, text 0x410000..0x410008, fpsimd false
[    0.451995] rust_kjit: kjit: pc 0x408028: installed 1080 bytes, 1 fault sites, 12 entries, text 0x408018..0x408048, fpsimd false
aliascost enabled=0 rep=3 ns_total=103625292
[    0.556849] kjit: translate_svc_sites pid 85: 2 text ranges, 110 svc sites
[    0.557399] rust_kjit: kjit: pc 0x40c000: installed 524 bytes, 0 fault sites, 2 entries, text 0x40c000..0x40c008, fpsimd false
[    0.558519] rust_kjit: kjit: pc 0x410000: installed 524 bytes, 0 fault sites, 2 entries, text 0x410000..0x410008, fpsimd false
[    0.559317] rust_kjit: kjit: pc 0x408028: installed 1080 bytes, 1 fault sites, 12 entries, text 0x408018..0x408048, fpsimd false
aliascost enabled=0 rep=4 ns_total=103653667
[    0.661184] kjit: translate_svc_sites pid 88: 2 text ranges, 110 svc sites
[    0.662140] rust_kjit: kjit: pc 0x40c000: installed 524 bytes, 0 fault sites, 2 entries, text 0x40c000..0x40c008, fpsimd false
[    0.663081] rust_kjit: kjit: pc 0x410000: installed 524 bytes, 0 fault sites, 2 entries, text 0x410000..0x410008, fpsimd false
[    0.663554] rust_kjit: kjit: pc 0x408028: installed 1080 bytes, 1 fault sites, 12 entries, text 0x408018..0x408048, fpsimd false
aliascost enabled=0 rep=5 ns_total=102258083
[    0.763188] kjit: translate_svc_sites pid 91: 2 text ranges, 110 svc sites
[    0.763563] rust_kjit: kjit: pc 0x40c000: installed 524 bytes, 0 fault sites, 2 entries, text 0x40c000..0x40c008, fpsimd false
[    0.764148] rust_kjit: kjit: pc 0x410000: installed 524 bytes, 0 fault sites, 2 entries, text 0x410000..0x410008, fpsimd false
[    0.764740] rust_kjit: kjit: pc 0x408028: installed 1080 bytes, 1 fault sites, 12 entries, text 0x408018..0x408048, fpsimd false
aliascost enabled=0 rep=6 ns_total=104849583
[    0.868242] kjit: translate_svc_sites pid 94: 2 text ranges, 110 svc sites
[    0.868601] rust_kjit: kjit: pc 0x40c000: installed 524 bytes, 0 fault sites, 2 entries, text 0x40c000..0x40c008, fpsimd false
[    0.869469] rust_kjit: kjit: pc 0x410000: installed 524 bytes, 0 fault sites, 2 entries, text 0x410000..0x410008, fpsimd false
[    0.870321] rust_kjit: kjit: pc 0x408028: installed 1080 bytes, 1 fault sites, 12 entries, text 0x408018..0x408048, fpsimd false
aliascost enabled=1 rep=0 ns_total=203407917
[    1.074117] kjit: translate_svc_sites pid 98: 2 text ranges, 110 svc sites
[    1.074857] rust_kjit: kjit: pc 0x40c000: installed 524 bytes, 0 fault sites, 2 entries, text 0x40c000..0x40c008, fpsimd false
[    1.075017] rust_kjit: kjit: pc 0x410000: installed 524 bytes, 0 fault sites, 2 entries, text 0x410000..0x410008, fpsimd false
[    1.075161] rust_kjit: kjit: pc 0x408028: installed 1080 bytes, 1 fault sites, 12 entries, text 0x408018..0x408048, fpsimd false
aliascost enabled=1 rep=1 ns_total=203295041
[    1.278617] kjit: translate_svc_sites pid 101: 2 text ranges, 110 svc sites
[    1.279137] rust_kjit: kjit: pc 0x40c000: installed 524 bytes, 0 fault sites, 2 entries, text 0x40c000..0x40c008, fpsimd false
[    1.279666] rust_kjit: kjit: pc 0x410000: installed 524 bytes, 0 fault sites, 2 entries, text 0x410000..0x410008, fpsimd false
[    1.280181] rust_kjit: kjit: pc 0x408028: installed 1080 bytes, 1 fault sites, 12 entries, text 0x408018..0x408048, fpsimd false
aliascost enabled=1 rep=2 ns_total=203461834
[    1.482664] kjit: translate_svc_sites pid 104: 2 text ranges, 110 svc sites
[    1.483121] rust_kjit: kjit: pc 0x40c000: installed 524 bytes, 0 fault sites, 2 entries, text 0x40c000..0x40c008, fpsimd false
[    1.483669] rust_kjit: kjit: pc 0x410000: installed 524 bytes, 0 fault sites, 2 entries, text 0x410000..0x410008, fpsimd false
[    1.484176] rust_kjit: kjit: pc 0x408028: installed 1080 bytes, 1 fault sites, 12 entries, text 0x408018..0x408048, fpsimd false
aliascost enabled=1 rep=3 ns_total=203493708
[    1.685796] kjit: translate_svc_sites pid 107: 2 text ranges, 110 svc sites
[    1.686681] rust_kjit: kjit: pc 0x40c000: installed 524 bytes, 0 fault sites, 2 entries, text 0x40c000..0x40c008, fpsimd false
[    1.687331] rust_kjit: kjit: pc 0x410000: installed 524 bytes, 0 fault sites, 2 entries, text 0x410000..0x410008, fpsimd false
[    1.687886] rust_kjit: kjit: pc 0x408028: installed 1080 bytes, 1 fault sites, 12 entries, text 0x408018..0x408048, fpsimd false
aliascost enabled=1 rep=4 ns_total=203087583
[    1.889338] kjit: translate_svc_sites pid 110: 2 text ranges, 110 svc sites
[    1.890006] rust_kjit: kjit: pc 0x40c000: installed 524 bytes, 0 fault sites, 2 entries, text 0x40c000..0x40c008, fpsimd false
[    1.890112] rust_kjit: kjit: pc 0x410000: installed 524 bytes, 0 fault sites, 2 entries, text 0x410000..0x410008, fpsimd false
[    1.891082] rust_kjit: kjit: pc 0x408028: installed 1080 bytes, 1 fault sites, 12 entries, text 0x408018..0x408048, fpsimd false
aliascost enabled=1 rep=5 ns_total=203603834
[    2.094991] kjit: translate_svc_sites pid 113: 2 text ranges, 110 svc sites
[    2.095389] rust_kjit: kjit: pc 0x40c000: installed 524 bytes, 0 fault sites, 2 entries, text 0x40c000..0x40c008, fpsimd false
[    2.095894] rust_kjit: kjit: pc 0x410000: installed 524 bytes, 0 fault sites, 2 entries, text 0x410000..0x410008, fpsimd false
[    2.096394] rust_kjit: kjit: pc 0x408028: installed 1080 bytes, 1 fault sites, 12 entries, text 0x408018..0x408048, fpsimd false
aliascost enabled=1 rep=6 ns_total=202963458
fragment_entries 700658
chain_cap 0
exit_budget 0
ibtc_insert 42
ibtc_replace 0
[    2.296477] kjit: 0 of 0 translation requests still queued at unload (freed by the kernel)
[    2.327898] rust_kjit: ######## Rust KJIT exits ########
kjit-init: rmmod kjit ok
kjit-init: run exit=0
[    2.342084] reboot: Power down
guest-run: PASS (/Volumes/Local/kjit-a4b2/build/runs/meas-v2-20261009-031255/serial.log)
grun: rc=0 run_dir=/Volumes/Local/kjit-a4b2/build/runs/meas-v2-20261009-031255
