[    0.000000] Booting Linux on physical CPU 0x0000000000 [0x610f0000]
[    0.000000] Linux version 7.1.0-rc1 (@6906d107117b) (Ubuntu clang version 18.1.3 (1ubuntu1), Ubuntu LLD 18.1.3) #1 SMP PREEMPT Fri Oct  2 08:37:58 UTC 2026
[    0.000000] random: crng init done
[    0.000000] Machine model: linux,dummy-virt
[    0.000000] OF: reserved mem: Reserved memory: No reserved-memory node in the DT
[    0.000000] psci: probing for conduit method from DT.
[    0.000000] psci: PSCIv1.1 detected in firmware.
[    0.000000] psci: Using standard PSCI v0.2 function IDs
[    0.000000] psci: Trusted OS migration not required
[    0.000000] psci: SMC Calling Convention v1.0
[    0.000000] Zone ranges:
[    0.000000]   Normal   [mem 0x0000000040000000-0x000000013fffffff]
[    0.000000] Movable zone start for each node
[    0.000000] Early memory node ranges
[    0.000000]   node   0: [mem 0x0000000040000000-0x000000013fffffff]
[    0.000000] Initmem setup node 0 [mem 0x0000000040000000-0x000000013fffffff]
[    0.000000] percpu: Embedded 19 pages/cpu s38488 r8192 d31144 u77824
[    0.000000] Detected PIPT I-cache on CPU0
[    0.000000] CPU features: detected: Address authentication (IMP DEF algorithm)
[    0.000000] CPU features: detected: Spectre-v4
[    0.000000] CPU features: detected: Spectre-BHB
[    0.000000] alternatives: applying boot alternatives
[    0.000000] Kernel command line: console=ttyAMA0 panic=-1 nokaslr
[    0.000000] Unknown kernel command line parameters "nokaslr", will be passed to user space.
[    0.000000] printk: log buffer data + meta data: 131072 + 458752 = 589824 bytes
[    0.000000] Dentry cache hash table entries: 524288 (order: 10, 4194304 bytes, linear)
[    0.000000] Inode-cache hash table entries: 262144 (order: 9, 2097152 bytes, linear)
[    0.000000] software IO TLB: SWIOTLB bounce buffer size adjusted to 4MB
[    0.000000] software IO TLB: area num 4.
[    0.000000] software IO TLB: mapped [mem 0x000000013ac00000-0x000000013b000000] (4MB)
[    0.000000] Built 1 zonelists, mobility grouping on.  Total pages: 1048576
[    0.000000] mem auto-init: stack:all(zero), heap alloc:off, heap free:off
[    0.000000] SLUB: HWalign=64, Order=0-3, MinObjects=0, CPUs=4, Nodes=1
[    0.000000] rcu: Preemptible hierarchical RCU implementation.
[    0.000000] rcu: 	RCU restricting CPUs from NR_CPUS=512 to nr_cpu_ids=4.
[    0.000000] rcu: RCU calculated value of scheduler-enlistment delay is 25 jiffies.
[    0.000000] rcu: Adjusting geometry for rcu_fanout_leaf=16, nr_cpu_ids=4
[    0.000000] NR_IRQS: 64, nr_irqs: 64, preallocated irqs: 0
[    0.000000] Root IRQ handler: gic_handle_irq
[    0.000000] GICv2m: range[mem 0x08020000-0x08020fff], SPI[80:143]
[    0.000000] rcu: srcu_init: Setting srcu_struct sizes based on contention.
[    0.000000] arch_timer: cp15 timer running at 24.00MHz (virt).
[    0.000000] clocksource: arch_sys_counter: mask: 0xffffffffffffff max_cycles: 0x588fe9dc0, max_idle_ns: 440795202592 ns
[    0.000000] sched_clock: 56 bits at 24MHz, resolution 41ns, wraps every 4398046511097ns
[    0.000101] Console: colour dummy device 80x25
[    0.000108] Calibrating delay loop (skipped), value calculated using timer frequency.. 48.00 BogoMIPS (lpj=96000)
[    0.000112] pid_max: default: 32768 minimum: 301
[    0.000234] Mount-cache hash table entries: 8192 (order: 4, 65536 bytes, linear)
[    0.000241] Mountpoint-cache hash table entries: 8192 (order: 4, 65536 bytes, linear)
[    0.000310] VFS: Finished mounting rootfs on nullfs
[    0.000465] cacheinfo: Unable to detect cache hierarchy for CPU 0
[    0.000573] rcu: Hierarchical SRCU implementation.
[    0.000573] rcu: 	Max phase no-delay instances is 1000.
[    0.000591] Timer migration: 1 hierarchy levels; 8 children per group; 1 crossnode level
[    0.000626] smp: Bringing up secondary CPUs ...
[    0.000814] Detected PIPT I-cache on CPU1
[    0.000916] CPU1: Booted secondary processor 0x0000000001 [0x610f0000]
[    0.001235] Detected PIPT I-cache on CPU2
[    0.001328] CPU2: Booted secondary processor 0x0000000002 [0x610f0000]
[    0.001580] Detected PIPT I-cache on CPU3
[    0.001688] CPU3: Booted secondary processor 0x0000000003 [0x610f0000]
[    0.001765] smp: Brought up 1 node, 4 CPUs
[    0.001767] SMP: Total of 4 processors activated.
[    0.001767] CPU: All CPU(s) started at EL1
[    0.001768] CPU features: detected: ARMv8.4 Translation Table Level
[    0.001768] CPU features: detected: Data cache clean to the PoU not required for I/D coherence
[    0.001769] CPU features: detected: CRC32 instructions
[    0.001769] CPU features: detected: Data independent timing control (DIT)
[    0.001769] CPU features: detected: E0PD
[    0.001770] CPU features: detected: Generic authentication (IMP DEF algorithm)
[    0.001770] CPU features: detected: RCpc load-acquire (LDAPR)
[    0.001771] CPU features: detected: LSE atomic instructions
[    0.001771] CPU features: detected: Privileged Access Never
[    0.001771] CPU features: detected: Speculation barrier (SB)
[    0.001772] CPU features: detected: TLB range maintenance instructions
[    0.001772] CPU features: detected: XNX
[    0.001884] alternatives: applying system-wide alternatives
[    0.002898] Memory: 3934216K/4194304K available (5248K kernel code, 754K rwdata, 2356K rodata, 576K init, 405K bss, 256908K reserved, 0K cma-reserved)
[    0.003240] devtmpfs: initialized
[    0.003517] clocksource: jiffies: mask: 0xffffffff max_cycles: 0xffffffff, max_idle_ns: 7645041785100000 ns
[    0.003521] posixtimers hash table entries: 2048 (order: 3, 32768 bytes, linear)
[    0.003541] futex hash table entries: 1024 (65536 bytes on 1 NUMA nodes, total 64 KiB, linear).
[    0.003550] 30384 pages in range for non-PLT usage
[    0.003551] 521904 pages in range for PLT usage
[    0.003618] NET: Registered PF_NETLINK/PF_ROUTE protocol family
[    0.004036] DMA: preallocated 512 KiB GFP_KERNEL pool for atomic allocations
[    0.004074] ASID allocator initialised with 256 entries
[    0.004081] Serial: AMBA PL011 UART driver
[    0.004513] 9000000.pl011: ttyAMA0 at MMIO 0x9000000 (irq = 13, base_baud = 0) is a PL011 rev1
[    0.004711] printk: console [ttyAMA0] enabled
[    0.009930] vgaarb: loaded
[    0.010147] clocksource: Switched to clocksource arch_sys_counter
[    0.013969] NET: Registered PF_INET protocol family
[    0.014086] IP idents hash table entries: 65536 (order: 7, 524288 bytes, linear)
[    0.014643] tcp_listen_portaddr_hash hash table entries: 2048 (order: 3, 32768 bytes, linear)
[    0.014650] Table-perturb hash table entries: 65536 (order: 6, 262144 bytes, linear)
[    0.014653] TCP established hash table entries: 32768 (order: 6, 262144 bytes, linear)
[    0.014704] TCP bind hash table entries: 32768 (order: 8, 1048576 bytes, linear)
[    0.014920] TCP: Hash tables configured (established 32768 bind 32768)
[    0.014945] UDP hash table entries: 2048 (order: 5, 131072 bytes, linear)
[    0.014978] NET: Registered PF_UNIX/PF_LOCAL protocol family
[    0.014987] PCI: CLS 0 bytes, default 64
[    0.015201] Unpacking initramfs...
[    0.022454] workingset: timestamp_bits=46 (anon: 42) max_order=20 bucket_order=0 (anon: 0)
[    0.022506] 9p: Installing v9fs 9p2000 file system support
[    0.022915] pci-host-generic 4010000000.pcie: host bridge /pcie@10000000 ranges:
[    0.022921] pci-host-generic 4010000000.pcie:       IO 0x003eff0000..0x003effffff -> 0x0000000000
[    0.022927] pci-host-generic 4010000000.pcie:      MEM 0x0010000000..0x003efeffff -> 0x0010000000
[    0.022928] pci-host-generic 4010000000.pcie:      MEM 0x8000000000..0xffffffffff -> 0x8000000000
[    0.022933] pci-host-generic 4010000000.pcie: Memory resource size exceeds max for 32 bits
[    0.022941] pci-host-generic 4010000000.pcie: ECAM at [mem 0x4010000000-0x401fffffff] for [bus 00-ff]
[    0.022954] pci-host-generic 4010000000.pcie: PCI host bridge to bus 0000:00
[    0.022955] pci_bus 0000:00: root bus resource [bus 00-ff]
[    0.022956] pci_bus 0000:00: root bus resource [io  0x0000-0xffff]
[    0.022957] pci_bus 0000:00: root bus resource [mem 0x10000000-0x3efeffff]
[    0.022957] pci_bus 0000:00: root bus resource [mem 0x8000000000-0xffffffffff]
[    0.022974] pci 0000:00:00.0: [1b36:0008] type 00 class 0x060000 conventional PCI endpoint
[    0.023205] pci 0000:00:01.0: [1af4:1000] type 00 class 0x020000 conventional PCI endpoint
[    0.023360] pci 0000:00:01.0: BAR 0 [io  0x0000-0x001f]
[    0.023366] pci 0000:00:01.0: BAR 1 [mem 0x00000000-0x00000fff]
[    0.023377] pci 0000:00:01.0: BAR 4 [mem 0x00000000-0x00003fff 64bit pref]
[    0.023379] pci 0000:00:01.0: ROM [mem 0x00000000-0x0003ffff pref]
[    0.023651] pci 0000:00:02.0: [1af4:1009] type 00 class 0x000200 conventional PCI endpoint
[    0.023747] pci 0000:00:02.0: BAR 0 [io  0x0000-0x003f]
[    0.023750] pci 0000:00:02.0: BAR 1 [mem 0x00000000-0x00000fff]
[    0.023756] pci 0000:00:02.0: BAR 4 [mem 0x00000000-0x00003fff 64bit pref]
[    0.024091] pci 0000:00:03.0: [1af4:1005] type 00 class 0x00ff00 conventional PCI endpoint
[    0.024216] pci 0000:00:03.0: BAR 0 [io  0x0000-0x001f]
[    0.024221] pci 0000:00:03.0: BAR 1 [mem 0x00000000-0x00000fff]
[    0.024263] pci 0000:00:03.0: BAR 4 [mem 0x00000000-0x00003fff 64bit pref]
[    0.024831] pci 0000:00:01.0: ROM [mem 0x10000000-0x1003ffff pref]: assigned
[    0.024833] pci 0000:00:01.0: BAR 4 [mem 0x8000000000-0x8000003fff 64bit pref]: assigned
[    0.024851] pci 0000:00:02.0: BAR 4 [mem 0x8000004000-0x8000007fff 64bit pref]: assigned
[    0.024861] pci 0000:00:03.0: BAR 4 [mem 0x8000008000-0x800000bfff 64bit pref]: assigned
[    0.024875] pci 0000:00:01.0: BAR 1 [mem 0x10040000-0x10040fff]: assigned
[    0.024926] pci 0000:00:02.0: BAR 1 [mem 0x10041000-0x10041fff]: assigned
[    0.024942] pci 0000:00:03.0: BAR 1 [mem 0x10042000-0x10042fff]: assigned
[    0.024947] pci 0000:00:02.0: BAR 0 [io  0x1000-0x103f]: assigned
[    0.024969] pci 0000:00:01.0: BAR 0 [io  0x1040-0x105f]: assigned
[    0.024975] pci 0000:00:03.0: BAR 0 [io  0x1060-0x107f]: assigned
[    0.024981] pci_bus 0000:00: resource 4 [io  0x0000-0xffff]
[    0.024982] pci_bus 0000:00: resource 5 [mem 0x10000000-0x3efeffff]
[    0.024982] pci_bus 0000:00: resource 6 [mem 0x8000000000-0xffffffffff]
[    0.025776] virtio-pci 0000:00:01.0: enabling device (0000 -> 0003)
[    0.026573] virtio-pci 0000:00:02.0: enabling device (0000 -> 0003)
[    0.027352] virtio-pci 0000:00:03.0: enabling device (0000 -> 0003)
[    0.034987] rtc-pl031 9010000.pl031: registered as rtc0
[    0.034994] rtc-pl031 9010000.pl031: setting system clock to 2026-10-08T19:12:45 UTC (1791486765)
[    0.035147] NET: Registered PF_INET6 protocol family
[    0.035444] Segment Routing with IPv6
[    0.035447] In-situ OAM (IOAM) with IPv6
[    0.035471] sit: IPv6, IPv4 and MPLS over IPv4 tunneling driver
[    0.035530] NET: Registered PF_PACKET protocol family
[    0.035536] 9pnet: Installing 9P2000 support
[    0.040208] clk: Disabling unused clocks
[    0.098135] Freeing initrd memory: 161888K
[    0.098589] Freeing unused kernel memory: 576K
[    0.098636] Run /init as init process
[    0.113611] kjit: loading out-of-tree module taints kernel.
[    0.114769] rust_kjit: ######## Rust KJIT inits ########
[    0.114794] rust_kjit: kjit: dispatch variant 5
[    0.114838] rust_kjit: golden tests/arm64/toy_cfg.s:hot_svc_mark translated for dispatch variant 5; byte comparison skipped (reference is variant 0)
kjit-init: insmod kjit.ko ok
meas: variant=5
[    0.136894] kjit: translate_svc_sites pid 67: 2 text ranges, 110 svc sites
[    0.137753] rust_kjit: kjit: pc 0x40c000: installed 532 bytes, 0 fault sites, 2 entries, text 0x40c000..0x40c008, fpsimd false
[    0.138500] rust_kjit: kjit: pc 0x410000: installed 532 bytes, 0 fault sites, 2 entries, text 0x410000..0x410008, fpsimd false
[    0.138988] rust_kjit: kjit: pc 0x408028: installed 1096 bytes, 1 fault sites, 12 entries, text 0x408018..0x408048, fpsimd false
aliascost enabled=0 rep=0 ns_total=103928083
[    0.239657] kjit: translate_svc_sites pid 72: 2 text ranges, 110 svc sites
[    0.240066] rust_kjit: kjit: pc 0x40c000: installed 532 bytes, 0 fault sites, 2 entries, text 0x40c000..0x40c008, fpsimd false
[    0.240694] rust_kjit: kjit: pc 0x410000: installed 532 bytes, 0 fault sites, 2 entries, text 0x410000..0x410008, fpsimd false
[    0.241919] rust_kjit: kjit: pc 0x408028: installed 1096 bytes, 1 fault sites, 12 entries, text 0x408018..0x408048, fpsimd false
aliascost enabled=0 rep=1 ns_total=104936500
[    0.346052] kjit: translate_svc_sites pid 79: 2 text ranges, 110 svc sites
[    0.346346] rust_kjit: kjit: pc 0x40c000: installed 532 bytes, 0 fault sites, 2 entries, text 0x40c000..0x40c008, fpsimd false
[    0.346641] rust_kjit: kjit: pc 0x410000: installed 532 bytes, 0 fault sites, 2 entries, text 0x410000..0x410008, fpsimd false
[    0.347083] rust_kjit: kjit: pc 0x408028: installed 1096 bytes, 1 fault sites, 12 entries, text 0x408018..0x408048, fpsimd false
aliascost enabled=0 rep=2 ns_total=103504000
[    0.448606] kjit: translate_svc_sites pid 82: 2 text ranges, 110 svc sites
[    0.449395] rust_kjit: kjit: pc 0x40c000: installed 532 bytes, 0 fault sites, 2 entries, text 0x40c000..0x40c008, fpsimd false
[    0.450712] rust_kjit: kjit: pc 0x410000: installed 532 bytes, 0 fault sites, 2 entries, text 0x410000..0x410008, fpsimd false
[    0.451219] rust_kjit: kjit: pc 0x408028: installed 1096 bytes, 1 fault sites, 12 entries, text 0x408018..0x408048, fpsimd false
aliascost enabled=0 rep=3 ns_total=102280959
[    0.552075] kjit: translate_svc_sites pid 85: 2 text ranges, 110 svc sites
[    0.552444] rust_kjit: kjit: pc 0x40c000: installed 532 bytes, 0 fault sites, 2 entries, text 0x40c000..0x40c008, fpsimd false
[    0.553481] rust_kjit: kjit: pc 0x410000: installed 532 bytes, 0 fault sites, 2 entries, text 0x410000..0x410008, fpsimd false
[    0.554538] rust_kjit: kjit: pc 0x408028: installed 1096 bytes, 1 fault sites, 12 entries, text 0x408018..0x408048, fpsimd false
aliascost enabled=0 rep=4 ns_total=103136917
[    0.655773] kjit: translate_svc_sites pid 88: 2 text ranges, 110 svc sites
[    0.656184] rust_kjit: kjit: pc 0x40c000: installed 532 bytes, 0 fault sites, 2 entries, text 0x40c000..0x40c008, fpsimd false
[    0.657773] rust_kjit: kjit: pc 0x410000: installed 532 bytes, 0 fault sites, 2 entries, text 0x410000..0x410008, fpsimd false
[    0.658757] rust_kjit: kjit: pc 0x408028: installed 1096 bytes, 1 fault sites, 12 entries, text 0x408018..0x408048, fpsimd false
aliascost enabled=0 rep=5 ns_total=104095708
[    0.760214] kjit: translate_svc_sites pid 91: 2 text ranges, 110 svc sites
[    0.761006] rust_kjit: kjit: pc 0x40c000: installed 532 bytes, 0 fault sites, 2 entries, text 0x40c000..0x40c008, fpsimd false
[    0.761910] rust_kjit: kjit: pc 0x410000: installed 532 bytes, 0 fault sites, 2 entries, text 0x410000..0x410008, fpsimd false
[    0.762611] rust_kjit: kjit: pc 0x408028: installed 1096 bytes, 1 fault sites, 12 entries, text 0x408018..0x408048, fpsimd false
aliascost enabled=0 rep=6 ns_total=103812500
[    0.865001] kjit: translate_svc_sites pid 94: 2 text ranges, 110 svc sites
[    0.865950] rust_kjit: kjit: pc 0x40c000: installed 532 bytes, 0 fault sites, 2 entries, text 0x40c000..0x40c008, fpsimd false
[    0.866826] rust_kjit: kjit: pc 0x410000: installed 532 bytes, 0 fault sites, 2 entries, text 0x410000..0x410008, fpsimd false
[    0.867403] rust_kjit: kjit: pc 0x408028: installed 1096 bytes, 1 fault sites, 12 entries, text 0x408018..0x408048, fpsimd false
aliascost enabled=1 rep=0 ns_total=202470458
[    1.068384] kjit: translate_svc_sites pid 98: 2 text ranges, 110 svc sites
[    1.068508] rust_kjit: kjit: pc 0x40c000: installed 532 bytes, 0 fault sites, 2 entries, text 0x40c000..0x40c008, fpsimd false
[    1.068967] rust_kjit: kjit: pc 0x410000: installed 532 bytes, 0 fault sites, 2 entries, text 0x410000..0x410008, fpsimd false
[    1.069574] rust_kjit: kjit: pc 0x408028: installed 1096 bytes, 1 fault sites, 12 entries, text 0x408018..0x408048, fpsimd false
aliascost enabled=1 rep=1 ns_total=199504458
[    1.269647] kjit: translate_svc_sites pid 101: 2 text ranges, 110 svc sites
[    1.270395] rust_kjit: kjit: pc 0x40c000: installed 532 bytes, 0 fault sites, 2 entries, text 0x40c000..0x40c008, fpsimd false
[    1.270499] rust_kjit: kjit: pc 0x410000: installed 532 bytes, 0 fault sites, 2 entries, text 0x410000..0x410008, fpsimd false
[    1.270990] rust_kjit: kjit: pc 0x408028: installed 1096 bytes, 1 fault sites, 12 entries, text 0x408018..0x408048, fpsimd false
aliascost enabled=1 rep=2 ns_total=204257459
[    1.472623] kjit: translate_svc_sites pid 104: 2 text ranges, 110 svc sites
[    1.473369] rust_kjit: kjit: pc 0x40c000: installed 532 bytes, 0 fault sites, 2 entries, text 0x40c000..0x40c008, fpsimd false
[    1.474625] rust_kjit: kjit: pc 0x410000: installed 532 bytes, 0 fault sites, 2 entries, text 0x410000..0x410008, fpsimd false
[    1.475253] rust_kjit: kjit: pc 0x408028: installed 1096 bytes, 1 fault sites, 12 entries, text 0x408018..0x408048, fpsimd false
aliascost enabled=1 rep=3 ns_total=202655458
[    1.676915] kjit: translate_svc_sites pid 107: 2 text ranges, 110 svc sites
[    1.677491] rust_kjit: kjit: pc 0x40c000: installed 532 bytes, 0 fault sites, 2 entries, text 0x40c000..0x40c008, fpsimd false
[    1.678327] rust_kjit: kjit: pc 0x410000: installed 532 bytes, 0 fault sites, 2 entries, text 0x410000..0x410008, fpsimd false
[    1.678796] rust_kjit: kjit: pc 0x408028: installed 1096 bytes, 1 fault sites, 12 entries, text 0x408018..0x408048, fpsimd false
aliascost enabled=1 rep=4 ns_total=203242292
[    1.882323] kjit: translate_svc_sites pid 110: 2 text ranges, 110 svc sites
[    1.882727] rust_kjit: kjit: pc 0x40c000: installed 532 bytes, 0 fault sites, 2 entries, text 0x40c000..0x40c008, fpsimd false
[    1.883260] rust_kjit: kjit: pc 0x410000: installed 532 bytes, 0 fault sites, 2 entries, text 0x410000..0x410008, fpsimd false
[    1.883834] rust_kjit: kjit: pc 0x408028: installed 1096 bytes, 1 fault sites, 12 entries, text 0x408018..0x408048, fpsimd false
aliascost enabled=1 rep=5 ns_total=204213791
[    2.087218] kjit: translate_svc_sites pid 113: 2 text ranges, 110 svc sites
[    2.087709] rust_kjit: kjit: pc 0x40c000: installed 532 bytes, 0 fault sites, 2 entries, text 0x40c000..0x40c008, fpsimd false
[    2.088334] rust_kjit: kjit: pc 0x410000: installed 532 bytes, 0 fault sites, 2 entries, text 0x410000..0x410008, fpsimd false
[    2.089342] rust_kjit: kjit: pc 0x408028: installed 1096 bytes, 1 fault sites, 12 entries, text 0x408018..0x408048, fpsimd false
aliascost enabled=1 rep=6 ns_total=219645375
fragment_entries 700657
chain_cap 0
exit_budget 0
ibtc_insert 56
ibtc_replace 14
[    2.311299] kjit: 0 of 0 translation requests still queued at unload (freed by the kernel)
[    2.331487] rust_kjit: ######## Rust KJIT exits ########
kjit-init: rmmod kjit ok
kjit-init: run exit=0
[    2.361583] reboot: Power down
