[    0.000000] Booting Linux on physical CPU 0x0000000000 [0x610f0000]
[    0.000000] Linux version 7.1.0-rc1 (@6906d107117b) (Ubuntu clang version 18.1.3 (1ubuntu1), Ubuntu LLD 18.1.3) #1 SMP PREEMPT Fri Oct  2 08:37:58 UTC 2026
[    0.000000] random: crng init done
[    0.000000] Machine model: linux,dummy-virt
[    0.000000] OF: reserved mem: Reserved memory: No reserved-memory node in the DT
[    0.000000] psci: probing for conduit method from DT.
[    0.000000] psci: PSCIv1.1 detected in firmware.
[    0.000000] psci: Using standard PSCI v0.2 function IDs
[    0.000000] psci: Trusted OS migration not required
[    0.000000] psci: SMC Calling Convention v1.0
[    0.000000] Zone ranges:
[    0.000000]   Normal   [mem 0x0000000040000000-0x000000013fffffff]
[    0.000000] Movable zone start for each node
[    0.000000] Early memory node ranges
[    0.000000]   node   0: [mem 0x0000000040000000-0x000000013fffffff]
[    0.000000] Initmem setup node 0 [mem 0x0000000040000000-0x000000013fffffff]
[    0.000000] percpu: Embedded 19 pages/cpu s38488 r8192 d31144 u77824
[    0.000000] Detected PIPT I-cache on CPU0
[    0.000000] CPU features: detected: Address authentication (IMP DEF algorithm)
[    0.000000] CPU features: detected: Spectre-v4
[    0.000000] CPU features: detected: Spectre-BHB
[    0.000000] alternatives: applying boot alternatives
[    0.000000] Kernel command line: console=ttyAMA0 panic=-1 nokaslr
[    0.000000] Unknown kernel command line parameters "nokaslr", will be passed to user space.
[    0.000000] printk: log buffer data + meta data: 131072 + 458752 = 589824 bytes
[    0.000000] Dentry cache hash table entries: 524288 (order: 10, 4194304 bytes, linear)
[    0.000000] Inode-cache hash table entries: 262144 (order: 9, 2097152 bytes, linear)
[    0.000000] software IO TLB: SWIOTLB bounce buffer size adjusted to 4MB
[    0.000000] software IO TLB: area num 4.
[    0.000000] software IO TLB: mapped [mem 0x000000013ac00000-0x000000013b000000] (4MB)
[    0.000000] Built 1 zonelists, mobility grouping on.  Total pages: 1048576
[    0.000000] mem auto-init: stack:all(zero), heap alloc:off, heap free:off
[    0.000000] SLUB: HWalign=64, Order=0-3, MinObjects=0, CPUs=4, Nodes=1
[    0.000000] rcu: Preemptible hierarchical RCU implementation.
[    0.000000] rcu: 	RCU restricting CPUs from NR_CPUS=512 to nr_cpu_ids=4.
[    0.000000] rcu: RCU calculated value of scheduler-enlistment delay is 25 jiffies.
[    0.000000] rcu: Adjusting geometry for rcu_fanout_leaf=16, nr_cpu_ids=4
[    0.000000] NR_IRQS: 64, nr_irqs: 64, preallocated irqs: 0
[    0.000000] Root IRQ handler: gic_handle_irq
[    0.000000] GICv2m: range[mem 0x08020000-0x08020fff], SPI[80:143]
[    0.000000] rcu: srcu_init: Setting srcu_struct sizes based on contention.
[    0.000000] arch_timer: cp15 timer running at 24.00MHz (virt).
[    0.000000] clocksource: arch_sys_counter: mask: 0xffffffffffffff max_cycles: 0x588fe9dc0, max_idle_ns: 440795202592 ns
[    0.000000] sched_clock: 56 bits at 24MHz, resolution 41ns, wraps every 4398046511097ns
[    0.000103] Console: colour dummy device 80x25
[    0.000109] Calibrating delay loop (skipped), value calculated using timer frequency.. 48.00 BogoMIPS (lpj=96000)
[    0.000113] pid_max: default: 32768 minimum: 301
[    0.000292] Mount-cache hash table entries: 8192 (order: 4, 65536 bytes, linear)
[    0.000300] Mountpoint-cache hash table entries: 8192 (order: 4, 65536 bytes, linear)
[    0.000372] VFS: Finished mounting rootfs on nullfs
[    0.000509] cacheinfo: Unable to detect cache hierarchy for CPU 0
[    0.000620] rcu: Hierarchical SRCU implementation.
[    0.000620] rcu: 	Max phase no-delay instances is 1000.
[    0.000641] Timer migration: 1 hierarchy levels; 8 children per group; 1 crossnode level
[    0.000716] smp: Bringing up secondary CPUs ...
[    0.000908] Detected PIPT I-cache on CPU1
[    0.000980] CPU1: Booted secondary processor 0x0000000001 [0x610f0000]
[    0.001262] Detected PIPT I-cache on CPU2
[    0.001372] CPU2: Booted secondary processor 0x0000000002 [0x610f0000]
[    0.001653] Detected PIPT I-cache on CPU3
[    0.001761] CPU3: Booted secondary processor 0x0000000003 [0x610f0000]
[    0.001840] smp: Brought up 1 node, 4 CPUs
[    0.001842] SMP: Total of 4 processors activated.
[    0.001842] CPU: All CPU(s) started at EL1
[    0.001843] CPU features: detected: ARMv8.4 Translation Table Level
[    0.001843] CPU features: detected: Data cache clean to the PoU not required for I/D coherence
[    0.001844] CPU features: detected: CRC32 instructions
[    0.001844] CPU features: detected: Data independent timing control (DIT)
[    0.001844] CPU features: detected: E0PD
[    0.001845] CPU features: detected: Generic authentication (IMP DEF algorithm)
[    0.001845] CPU features: detected: RCpc load-acquire (LDAPR)
[    0.001846] CPU features: detected: LSE atomic instructions
[    0.001846] CPU features: detected: Privileged Access Never
[    0.001846] CPU features: detected: Speculation barrier (SB)
[    0.001847] CPU features: detected: TLB range maintenance instructions
[    0.001847] CPU features: detected: XNX
[    0.001945] alternatives: applying system-wide alternatives
[    0.003036] Memory: 3934216K/4194304K available (5248K kernel code, 754K rwdata, 2356K rodata, 576K init, 405K bss, 256908K reserved, 0K cma-reserved)
[    0.003402] devtmpfs: initialized
[    0.003732] clocksource: jiffies: mask: 0xffffffff max_cycles: 0xffffffff, max_idle_ns: 7645041785100000 ns
[    0.003736] posixtimers hash table entries: 2048 (order: 3, 32768 bytes, linear)
[    0.003753] futex hash table entries: 1024 (65536 bytes on 1 NUMA nodes, total 64 KiB, linear).
[    0.003759] 30384 pages in range for non-PLT usage
[    0.003759] 521904 pages in range for PLT usage
[    0.003837] NET: Registered PF_NETLINK/PF_ROUTE protocol family
[    0.004331] DMA: preallocated 512 KiB GFP_KERNEL pool for atomic allocations
[    0.004371] ASID allocator initialised with 256 entries
[    0.004379] Serial: AMBA PL011 UART driver
[    0.004904] 9000000.pl011: ttyAMA0 at MMIO 0x9000000 (irq = 13, base_baud = 0) is a PL011 rev1
[    0.005040] printk: console [ttyAMA0] enabled
[    0.010963] vgaarb: loaded
[    0.011380] clocksource: Switched to clocksource arch_sys_counter
[    0.013734] NET: Registered PF_INET protocol family
[    0.013845] IP idents hash table entries: 65536 (order: 7, 524288 bytes, linear)
[    0.014370] tcp_listen_portaddr_hash hash table entries: 2048 (order: 3, 32768 bytes, linear)
[    0.014383] Table-perturb hash table entries: 65536 (order: 6, 262144 bytes, linear)
[    0.014387] TCP established hash table entries: 32768 (order: 6, 262144 bytes, linear)
[    0.014456] TCP bind hash table entries: 32768 (order: 8, 1048576 bytes, linear)
[    0.014685] TCP: Hash tables configured (established 32768 bind 32768)
[    0.014718] UDP hash table entries: 2048 (order: 5, 131072 bytes, linear)
[    0.014763] NET: Registered PF_UNIX/PF_LOCAL protocol family
[    0.014770] PCI: CLS 0 bytes, default 64
[    0.014893] Unpacking initramfs...
[    0.020534] workingset: timestamp_bits=46 (anon: 42) max_order=20 bucket_order=0 (anon: 0)
[    0.023613] 9p: Installing v9fs 9p2000 file system support
[    0.027795] pci-host-generic 4010000000.pcie: host bridge /pcie@10000000 ranges:
[    0.027802] pci-host-generic 4010000000.pcie:       IO 0x003eff0000..0x003effffff -> 0x0000000000
[    0.027805] pci-host-generic 4010000000.pcie:      MEM 0x0010000000..0x003efeffff -> 0x0010000000
[    0.027806] pci-host-generic 4010000000.pcie:      MEM 0x8000000000..0xffffffffff -> 0x8000000000
[    0.027813] pci-host-generic 4010000000.pcie: Memory resource size exceeds max for 32 bits
[    0.027830] pci-host-generic 4010000000.pcie: ECAM at [mem 0x4010000000-0x401fffffff] for [bus 00-ff]
[    0.027845] pci-host-generic 4010000000.pcie: PCI host bridge to bus 0000:00
[    0.027847] pci_bus 0000:00: root bus resource [bus 00-ff]
[    0.027847] pci_bus 0000:00: root bus resource [io  0x0000-0xffff]
[    0.027848] pci_bus 0000:00: root bus resource [mem 0x10000000-0x3efeffff]
[    0.027848] pci_bus 0000:00: root bus resource [mem 0x8000000000-0xffffffffff]
[    0.027870] pci 0000:00:00.0: [1b36:0008] type 00 class 0x060000 conventional PCI endpoint
[    0.028187] pci 0000:00:01.0: [1af4:1000] type 00 class 0x020000 conventional PCI endpoint
[    0.028358] pci 0000:00:01.0: BAR 0 [io  0x0000-0x001f]
[    0.028361] pci 0000:00:01.0: BAR 1 [mem 0x00000000-0x00000fff]
[    0.028367] pci 0000:00:01.0: BAR 4 [mem 0x00000000-0x00003fff 64bit pref]
[    0.028369] pci 0000:00:01.0: ROM [mem 0x00000000-0x0003ffff pref]
[    0.028677] pci 0000:00:02.0: [1af4:1009] type 00 class 0x000200 conventional PCI endpoint
[    0.028806] pci 0000:00:02.0: BAR 0 [io  0x0000-0x003f]
[    0.028809] pci 0000:00:02.0: BAR 1 [mem 0x00000000-0x00000fff]
[    0.028820] pci 0000:00:02.0: BAR 4 [mem 0x00000000-0x00003fff 64bit pref]
[    0.029122] pci 0000:00:03.0: [1af4:1005] type 00 class 0x00ff00 conventional PCI endpoint
[    0.029180] pci 0000:00:03.0: BAR 0 [io  0x0000-0x001f]
[    0.029184] pci 0000:00:03.0: BAR 1 [mem 0x00000000-0x00000fff]
[    0.029219] pci 0000:00:03.0: BAR 4 [mem 0x00000000-0x00003fff 64bit pref]
[    0.029553] pci 0000:00:01.0: ROM [mem 0x10000000-0x1003ffff pref]: assigned
[    0.029554] pci 0000:00:01.0: BAR 4 [mem 0x8000000000-0x8000003fff 64bit pref]: assigned
[    0.029576] pci 0000:00:02.0: BAR 4 [mem 0x8000004000-0x8000007fff 64bit pref]: assigned
[    0.029600] pci 0000:00:03.0: BAR 4 [mem 0x8000008000-0x800000bfff 64bit pref]: assigned
[    0.029628] pci 0000:00:01.0: BAR 1 [mem 0x10040000-0x10040fff]: assigned
[    0.029633] pci 0000:00:02.0: BAR 1 [mem 0x10041000-0x10041fff]: assigned
[    0.029637] pci 0000:00:03.0: BAR 1 [mem 0x10042000-0x10042fff]: assigned
[    0.029641] pci 0000:00:02.0: BAR 0 [io  0x1000-0x103f]: assigned
[    0.029644] pci 0000:00:01.0: BAR 0 [io  0x1040-0x105f]: assigned
[    0.029650] pci 0000:00:03.0: BAR 0 [io  0x1060-0x107f]: assigned
[    0.029654] pci_bus 0000:00: resource 4 [io  0x0000-0xffff]
[    0.029655] pci_bus 0000:00: resource 5 [mem 0x10000000-0x3efeffff]
[    0.029656] pci_bus 0000:00: resource 6 [mem 0x8000000000-0xffffffffff]
[    0.030577] virtio-pci 0000:00:01.0: enabling device (0000 -> 0003)
[    0.031464] virtio-pci 0000:00:02.0: enabling device (0000 -> 0003)
[    0.032168] virtio-pci 0000:00:03.0: enabling device (0000 -> 0003)
[    0.084782] rtc-pl031 9010000.pl031: registered as rtc0
[    0.084806] rtc-pl031 9010000.pl031: setting system clock to 2026-10-08T19:12:53 UTC (1791486773)
[    0.084929] NET: Registered PF_INET6 protocol family
[    0.085241] Segment Routing with IPv6
[    0.085250] In-situ OAM (IOAM) with IPv6
[    0.085257] sit: IPv6, IPv4 and MPLS over IPv4 tunneling driver
[    0.085309] NET: Registered PF_PACKET protocol family
[    0.085314] 9pnet: Installing 9P2000 support
[    0.089662] clk: Disabling unused clocks
[    0.108526] Freeing initrd memory: 161888K
[    0.108939] Freeing unused kernel memory: 576K
[    0.108993] Run /init as init process
[    0.123571] kjit: loading out-of-tree module taints kernel.
[    0.124518] rust_kjit: ######## Rust KJIT inits ########
[    0.124544] rust_kjit: kjit: dispatch variant 3
[    0.124583] rust_kjit: golden tests/arm64/toy_cfg.s:hot_svc_mark translated for dispatch variant 3; byte comparison skipped (reference is variant 0)
kjit-init: insmod kjit.ko ok
meas: variant=3
[    0.145769] kjit: translate_svc_sites pid 69: 2 text ranges, 110 svc sites
[    0.146332] rust_kjit: kjit: pc 0x40c000: installed 524 bytes, 0 fault sites, 2 entries, text 0x40c000..0x40c008, fpsimd false
[    0.146985] rust_kjit: kjit: pc 0x410000: installed 524 bytes, 0 fault sites, 2 entries, text 0x410000..0x410008, fpsimd false
[    0.147692] rust_kjit: kjit: pc 0x408028: installed 1080 bytes, 1 fault sites, 12 entries, text 0x408018..0x408048, fpsimd false
aliascost enabled=0 rep=0 ns_total=108180291
[    0.257053] kjit: translate_svc_sites pid 72: 2 text ranges, 110 svc sites
[    0.257928] rust_kjit: kjit: pc 0x40c000: installed 524 bytes, 0 fault sites, 2 entries, text 0x40c000..0x40c008, fpsimd false
[    0.258937] rust_kjit: kjit: pc 0x410000: installed 524 bytes, 0 fault sites, 2 entries, text 0x410000..0x410008, fpsimd false
[    0.259819] rust_kjit: kjit: pc 0x408028: installed 1080 bytes, 1 fault sites, 12 entries, text 0x408018..0x408048, fpsimd false
aliascost enabled=0 rep=1 ns_total=111487500
[    0.368711] kjit: translate_svc_sites pid 78: 2 text ranges, 110 svc sites
[    0.369194] rust_kjit: kjit: pc 0x40c000: installed 524 bytes, 0 fault sites, 2 entries, text 0x40c000..0x40c008, fpsimd false
[    0.369820] rust_kjit: kjit: pc 0x410000: installed 524 bytes, 0 fault sites, 2 entries, text 0x410000..0x410008, fpsimd false
[    0.370342] rust_kjit: kjit: pc 0x408028: installed 1080 bytes, 1 fault sites, 12 entries, text 0x408018..0x408048, fpsimd false
aliascost enabled=0 rep=2 ns_total=106827583
[    0.476662] kjit: translate_svc_sites pid 81: 2 text ranges, 110 svc sites
[    0.477063] rust_kjit: kjit: pc 0x40c000: installed 524 bytes, 0 fault sites, 2 entries, text 0x40c000..0x40c008, fpsimd false
[    0.477667] rust_kjit: kjit: pc 0x410000: installed 524 bytes, 0 fault sites, 2 entries, text 0x410000..0x410008, fpsimd false
[    0.479078] rust_kjit: kjit: pc 0x408028: installed 1080 bytes, 1 fault sites, 12 entries, text 0x408018..0x408048, fpsimd false
aliascost enabled=0 rep=3 ns_total=106866875
[    0.581177] kjit: translate_svc_sites pid 84: 2 text ranges, 110 svc sites
[    0.581629] rust_kjit: kjit: pc 0x40c000: installed 524 bytes, 0 fault sites, 2 entries, text 0x40c000..0x40c008, fpsimd false
[    0.582751] rust_kjit: kjit: pc 0x410000: installed 524 bytes, 0 fault sites, 2 entries, text 0x410000..0x410008, fpsimd false
[    0.583673] rust_kjit: kjit: pc 0x408028: installed 1080 bytes, 1 fault sites, 12 entries, text 0x408018..0x408048, fpsimd false
aliascost enabled=0 rep=4 ns_total=103399958
[    0.687035] kjit: translate_svc_sites pid 87: 2 text ranges, 110 svc sites
[    0.687782] rust_kjit: kjit: pc 0x40c000: installed 524 bytes, 0 fault sites, 2 entries, text 0x40c000..0x40c008, fpsimd false
[    0.688253] rust_kjit: kjit: pc 0x410000: installed 524 bytes, 0 fault sites, 2 entries, text 0x410000..0x410008, fpsimd false
[    0.688805] rust_kjit: kjit: pc 0x408028: installed 1080 bytes, 1 fault sites, 12 entries, text 0x408018..0x408048, fpsimd false
aliascost enabled=0 rep=5 ns_total=103795167
[    0.790349] kjit: translate_svc_sites pid 90: 2 text ranges, 110 svc sites
[    0.791052] rust_kjit: kjit: pc 0x40c000: installed 524 bytes, 0 fault sites, 2 entries, text 0x40c000..0x40c008, fpsimd false
[    0.792031] rust_kjit: kjit: pc 0x410000: installed 524 bytes, 0 fault sites, 2 entries, text 0x410000..0x410008, fpsimd false
[    0.792730] rust_kjit: kjit: pc 0x408028: installed 1080 bytes, 1 fault sites, 12 entries, text 0x408018..0x408048, fpsimd false
aliascost enabled=0 rep=6 ns_total=106176917
[    0.896986] kjit: translate_svc_sites pid 93: 2 text ranges, 110 svc sites
[    0.897130] rust_kjit: kjit: pc 0x40c000: installed 524 bytes, 0 fault sites, 2 entries, text 0x40c000..0x40c008, fpsimd false
[    0.897480] rust_kjit: kjit: pc 0x410000: installed 524 bytes, 0 fault sites, 2 entries, text 0x410000..0x410008, fpsimd false
[    0.898216] rust_kjit: kjit: pc 0x408028: installed 1080 bytes, 1 fault sites, 12 entries, text 0x408018..0x408048, fpsimd false
aliascost enabled=1 rep=0 ns_total=200141083
[    1.100032] kjit: translate_svc_sites pid 96: 2 text ranges, 110 svc sites
[    1.100461] rust_kjit: kjit: pc 0x40c000: installed 524 bytes, 0 fault sites, 2 entries, text 0x40c000..0x40c008, fpsimd false
[    1.101063] rust_kjit: kjit: pc 0x410000: installed 524 bytes, 0 fault sites, 2 entries, text 0x410000..0x410008, fpsimd false
[    1.101682] rust_kjit: kjit: pc 0x408028: installed 1080 bytes, 1 fault sites, 12 entries, text 0x408018..0x408048, fpsimd false
aliascost enabled=1 rep=1 ns_total=204123833
[    1.304095] kjit: translate_svc_sites pid 100: 2 text ranges, 110 svc sites
[    1.304516] rust_kjit: kjit: pc 0x40c000: installed 524 bytes, 0 fault sites, 2 entries, text 0x40c000..0x40c008, fpsimd false
[    1.305109] rust_kjit: kjit: pc 0x410000: installed 524 bytes, 0 fault sites, 2 entries, text 0x410000..0x410008, fpsimd false
[    1.305607] rust_kjit: kjit: pc 0x408028: installed 1080 bytes, 1 fault sites, 12 entries, text 0x408018..0x408048, fpsimd false
aliascost enabled=1 rep=2 ns_total=202841417
[    1.507270] kjit: translate_svc_sites pid 103: 2 text ranges, 110 svc sites
[    1.507907] rust_kjit: kjit: pc 0x40c000: installed 524 bytes, 0 fault sites, 2 entries, text 0x40c000..0x40c008, fpsimd false
[    1.508390] rust_kjit: kjit: pc 0x410000: installed 524 bytes, 0 fault sites, 2 entries, text 0x410000..0x410008, fpsimd false
[    1.509033] rust_kjit: kjit: pc 0x408028: installed 1080 bytes, 1 fault sites, 12 entries, text 0x408018..0x408048, fpsimd false
aliascost enabled=1 rep=3 ns_total=203588542
[    1.710468] kjit: translate_svc_sites pid 106: 2 text ranges, 110 svc sites
[    1.711124] rust_kjit: kjit: pc 0x40c000: installed 524 bytes, 0 fault sites, 2 entries, text 0x40c000..0x40c008, fpsimd false
[    1.711217] rust_kjit: kjit: pc 0x410000: installed 524 bytes, 0 fault sites, 2 entries, text 0x410000..0x410008, fpsimd false
[    1.711910] rust_kjit: kjit: pc 0x408028: installed 1080 bytes, 1 fault sites, 12 entries, text 0x408018..0x408048, fpsimd false
aliascost enabled=1 rep=4 ns_total=203458625
[    1.913140] kjit: translate_svc_sites pid 109: 2 text ranges, 110 svc sites
[    1.913502] rust_kjit: kjit: pc 0x40c000: installed 524 bytes, 0 fault sites, 2 entries, text 0x40c000..0x40c008, fpsimd false
[    1.914664] rust_kjit: kjit: pc 0x410000: installed 524 bytes, 0 fault sites, 2 entries, text 0x410000..0x410008, fpsimd false
[    1.915862] rust_kjit: kjit: pc 0x408028: installed 1080 bytes, 1 fault sites, 12 entries, text 0x408018..0x408048, fpsimd false
aliascost enabled=1 rep=5 ns_total=202926292
[    2.118794] kjit: translate_svc_sites pid 113: 2 text ranges, 110 svc sites
[    2.118952] rust_kjit: kjit: pc 0x40c000: installed 524 bytes, 0 fault sites, 2 entries, text 0x40c000..0x40c008, fpsimd false
[    2.119696] rust_kjit: kjit: pc 0x410000: installed 524 bytes, 0 fault sites, 2 entries, text 0x410000..0x410008, fpsimd false
[    2.120208] rust_kjit: kjit: pc 0x408028: installed 1080 bytes, 1 fault sites, 12 entries, text 0x408018..0x408048, fpsimd false
aliascost enabled=1 rep=6 ns_total=203923583
fragment_entries 700658
chain_cap 0
exit_budget 0
ibtc_insert 42
ibtc_replace 0
[    2.321034] kjit: 0 of 0 translation requests still queued at unload (freed by the kernel)
[    2.348610] rust_kjit: ######## Rust KJIT exits ########
kjit-init: rmmod kjit ok
kjit-init: run exit=0
[    2.362580] reboot: Power down
