[    0.000000] Booting Linux on physical CPU 0x0000000000 [0x610f0000]
[    0.000000] Linux version 7.1.0-rc1 (@6906d107117b) (Ubuntu clang version 18.1.3 (1ubuntu1), Ubuntu LLD 18.1.3) #1 SMP PREEMPT Fri Oct  2 08:37:58 UTC 2026
[    0.000000] random: crng init done
[    0.000000] Machine model: linux,dummy-virt
[    0.000000] OF: reserved mem: Reserved memory: No reserved-memory node in the DT
[    0.000000] psci: probing for conduit method from DT.
[    0.000000] psci: PSCIv1.1 detected in firmware.
[    0.000000] psci: Using standard PSCI v0.2 function IDs
[    0.000000] psci: Trusted OS migration not required
[    0.000000] psci: SMC Calling Convention v1.0
[    0.000000] Zone ranges:
[    0.000000]   Normal   [mem 0x0000000040000000-0x000000013fffffff]
[    0.000000] Movable zone start for each node
[    0.000000] Early memory node ranges
[    0.000000]   node   0: [mem 0x0000000040000000-0x000000013fffffff]
[    0.000000] Initmem setup node 0 [mem 0x0000000040000000-0x000000013fffffff]
[    0.000000] percpu: Embedded 19 pages/cpu s38488 r8192 d31144 u77824
[    0.000000] Detected PIPT I-cache on CPU0
[    0.000000] CPU features: detected: Address authentication (IMP DEF algorithm)
[    0.000000] CPU features: detected: Spectre-v4
[    0.000000] CPU features: detected: Spectre-BHB
[    0.000000] alternatives: applying boot alternatives
[    0.000000] Kernel command line: console=ttyAMA0 panic=-1 nokaslr
[    0.000000] Unknown kernel command line parameters "nokaslr", will be passed to user space.
[    0.000000] printk: log buffer data + meta data: 131072 + 458752 = 589824 bytes
[    0.000000] Dentry cache hash table entries: 524288 (order: 10, 4194304 bytes, linear)
[    0.000000] Inode-cache hash table entries: 262144 (order: 9, 2097152 bytes, linear)
[    0.000000] software IO TLB: SWIOTLB bounce buffer size adjusted to 4MB
[    0.000000] software IO TLB: area num 4.
[    0.000000] software IO TLB: mapped [mem 0x000000013ac00000-0x000000013b000000] (4MB)
[    0.000000] Built 1 zonelists, mobility grouping on.  Total pages: 1048576
[    0.000000] mem auto-init: stack:all(zero), heap alloc:off, heap free:off
[    0.000000] SLUB: HWalign=64, Order=0-3, MinObjects=0, CPUs=4, Nodes=1
[    0.000000] rcu: Preemptible hierarchical RCU implementation.
[    0.000000] rcu: 	RCU restricting CPUs from NR_CPUS=512 to nr_cpu_ids=4.
[    0.000000] rcu: RCU calculated value of scheduler-enlistment delay is 25 jiffies.
[    0.000000] rcu: Adjusting geometry for rcu_fanout_leaf=16, nr_cpu_ids=4
[    0.000000] NR_IRQS: 64, nr_irqs: 64, preallocated irqs: 0
[    0.000000] Root IRQ handler: gic_handle_irq
[    0.000000] GICv2m: range[mem 0x08020000-0x08020fff], SPI[80:143]
[    0.000000] rcu: srcu_init: Setting srcu_struct sizes based on contention.
[    0.000000] arch_timer: cp15 timer running at 24.00MHz (virt).
[    0.000000] clocksource: arch_sys_counter: mask: 0xffffffffffffff max_cycles: 0x588fe9dc0, max_idle_ns: 440795202592 ns
[    0.000000] sched_clock: 56 bits at 24MHz, resolution 41ns, wraps every 4398046511097ns
[    0.000108] Console: colour dummy device 80x25
[    0.000116] Calibrating delay loop (skipped), value calculated using timer frequency.. 48.00 BogoMIPS (lpj=96000)
[    0.000120] pid_max: default: 32768 minimum: 301
[    0.000260] Mount-cache hash table entries: 8192 (order: 4, 65536 bytes, linear)
[    0.000268] Mountpoint-cache hash table entries: 8192 (order: 4, 65536 bytes, linear)
[    0.000344] VFS: Finished mounting rootfs on nullfs
[    0.000547] cacheinfo: Unable to detect cache hierarchy for CPU 0
[    0.000652] rcu: Hierarchical SRCU implementation.
[    0.000652] rcu: 	Max phase no-delay instances is 1000.
[    0.000673] Timer migration: 1 hierarchy levels; 8 children per group; 1 crossnode level
[    0.000707] smp: Bringing up secondary CPUs ...
[    0.000899] Detected PIPT I-cache on CPU1
[    0.000975] CPU1: Booted secondary processor 0x0000000001 [0x610f0000]
[    0.001205] Detected PIPT I-cache on CPU2
[    0.001292] CPU2: Booted secondary processor 0x0000000002 [0x610f0000]
[    0.001485] Detected PIPT I-cache on CPU3
[    0.001587] CPU3: Booted secondary processor 0x0000000003 [0x610f0000]
[    0.001655] smp: Brought up 1 node, 4 CPUs
[    0.001656] SMP: Total of 4 processors activated.
[    0.001656] CPU: All CPU(s) started at EL1
[    0.001657] CPU features: detected: ARMv8.4 Translation Table Level
[    0.001658] CPU features: detected: Data cache clean to the PoU not required for I/D coherence
[    0.001658] CPU features: detected: CRC32 instructions
[    0.001659] CPU features: detected: Data independent timing control (DIT)
[    0.001659] CPU features: detected: E0PD
[    0.001660] CPU features: detected: Generic authentication (IMP DEF algorithm)
[    0.001660] CPU features: detected: RCpc load-acquire (LDAPR)
[    0.001660] CPU features: detected: LSE atomic instructions
[    0.001661] CPU features: detected: Privileged Access Never
[    0.001661] CPU features: detected: Speculation barrier (SB)
[    0.001661] CPU features: detected: TLB range maintenance instructions
[    0.001662] CPU features: detected: XNX
[    0.001788] alternatives: applying system-wide alternatives
[    0.002756] Memory: 3934216K/4194304K available (5248K kernel code, 754K rwdata, 2356K rodata, 576K init, 405K bss, 256908K reserved, 0K cma-reserved)
[    0.003195] devtmpfs: initialized
[    0.003467] clocksource: jiffies: mask: 0xffffffff max_cycles: 0xffffffff, max_idle_ns: 7645041785100000 ns
[    0.003470] posixtimers hash table entries: 2048 (order: 3, 32768 bytes, linear)
[    0.003487] futex hash table entries: 1024 (65536 bytes on 1 NUMA nodes, total 64 KiB, linear).
[    0.003493] 30384 pages in range for non-PLT usage
[    0.003496] 521904 pages in range for PLT usage
[    0.003561] NET: Registered PF_NETLINK/PF_ROUTE protocol family
[    0.003904] DMA: preallocated 512 KiB GFP_KERNEL pool for atomic allocations
[    0.003960] ASID allocator initialised with 256 entries
[    0.003967] Serial: AMBA PL011 UART driver
[    0.004487] 9000000.pl011: ttyAMA0 at MMIO 0x9000000 (irq = 13, base_baud = 0) is a PL011 rev1
[    0.004675] printk: console [ttyAMA0] enabled
[    0.010662] vgaarb: loaded
[    0.010974] clocksource: Switched to clocksource arch_sys_counter
[    0.021714] NET: Registered PF_INET protocol family
[    0.021814] IP idents hash table entries: 65536 (order: 7, 524288 bytes, linear)
[    0.022261] tcp_listen_portaddr_hash hash table entries: 2048 (order: 3, 32768 bytes, linear)
[    0.022271] Table-perturb hash table entries: 65536 (order: 6, 262144 bytes, linear)
[    0.022275] TCP established hash table entries: 32768 (order: 6, 262144 bytes, linear)
[    0.022338] TCP bind hash table entries: 32768 (order: 8, 1048576 bytes, linear)
[    0.022506] TCP: Hash tables configured (established 32768 bind 32768)
[    0.022534] UDP hash table entries: 2048 (order: 5, 131072 bytes, linear)
[    0.022574] NET: Registered PF_UNIX/PF_LOCAL protocol family
[    0.022582] PCI: CLS 0 bytes, default 64
[    0.022905] Unpacking initramfs...
[    0.027414] workingset: timestamp_bits=46 (anon: 42) max_order=20 bucket_order=0 (anon: 0)
[    0.027528] 9p: Installing v9fs 9p2000 file system support
[    0.031288] pci-host-generic 4010000000.pcie: host bridge /pcie@10000000 ranges:
[    0.031295] pci-host-generic 4010000000.pcie:       IO 0x003eff0000..0x003effffff -> 0x0000000000
[    0.031298] pci-host-generic 4010000000.pcie:      MEM 0x0010000000..0x003efeffff -> 0x0010000000
[    0.031299] pci-host-generic 4010000000.pcie:      MEM 0x8000000000..0xffffffffff -> 0x8000000000
[    0.031312] pci-host-generic 4010000000.pcie: Memory resource size exceeds max for 32 bits
[    0.031325] pci-host-generic 4010000000.pcie: ECAM at [mem 0x4010000000-0x401fffffff] for [bus 00-ff]
[    0.031343] pci-host-generic 4010000000.pcie: PCI host bridge to bus 0000:00
[    0.031344] pci_bus 0000:00: root bus resource [bus 00-ff]
[    0.031345] pci_bus 0000:00: root bus resource [io  0x0000-0xffff]
[    0.031346] pci_bus 0000:00: root bus resource [mem 0x10000000-0x3efeffff]
[    0.031346] pci_bus 0000:00: root bus resource [mem 0x8000000000-0xffffffffff]
[    0.031377] pci 0000:00:00.0: [1b36:0008] type 00 class 0x060000 conventional PCI endpoint
[    0.031755] pci 0000:00:01.0: [1af4:1000] type 00 class 0x020000 conventional PCI endpoint
[    0.031876] pci 0000:00:01.0: BAR 0 [io  0x0000-0x001f]
[    0.031879] pci 0000:00:01.0: BAR 1 [mem 0x00000000-0x00000fff]
[    0.031894] pci 0000:00:01.0: BAR 4 [mem 0x00000000-0x00003fff 64bit pref]
[    0.031896] pci 0000:00:01.0: ROM [mem 0x00000000-0x0003ffff pref]
[    0.032101] pci 0000:00:02.0: [1af4:1009] type 00 class 0x000200 conventional PCI endpoint
[    0.032222] pci 0000:00:02.0: BAR 0 [io  0x0000-0x003f]
[    0.032225] pci 0000:00:02.0: BAR 1 [mem 0x00000000-0x00000fff]
[    0.032234] pci 0000:00:02.0: BAR 4 [mem 0x00000000-0x00003fff 64bit pref]
[    0.032595] pci 0000:00:03.0: [1af4:1005] type 00 class 0x00ff00 conventional PCI endpoint
[    0.032739] pci 0000:00:03.0: BAR 0 [io  0x0000-0x001f]
[    0.032743] pci 0000:00:03.0: BAR 1 [mem 0x00000000-0x00000fff]
[    0.032768] pci 0000:00:03.0: BAR 4 [mem 0x00000000-0x00003fff 64bit pref]
[    0.033215] pci 0000:00:01.0: ROM [mem 0x10000000-0x1003ffff pref]: assigned
[    0.033218] pci 0000:00:01.0: BAR 4 [mem 0x8000000000-0x8000003fff 64bit pref]: assigned
[    0.033242] pci 0000:00:02.0: BAR 4 [mem 0x8000004000-0x8000007fff 64bit pref]: assigned
[    0.033263] pci 0000:00:03.0: BAR 4 [mem 0x8000008000-0x800000bfff 64bit pref]: assigned
[    0.033298] pci 0000:00:01.0: BAR 1 [mem 0x10040000-0x10040fff]: assigned
[    0.033304] pci 0000:00:02.0: BAR 1 [mem 0x10041000-0x10041fff]: assigned
[    0.033313] pci 0000:00:03.0: BAR 1 [mem 0x10042000-0x10042fff]: assigned
[    0.033321] pci 0000:00:02.0: BAR 0 [io  0x1000-0x103f]: assigned
[    0.033325] pci 0000:00:01.0: BAR 0 [io  0x1040-0x105f]: assigned
[    0.033334] pci 0000:00:03.0: BAR 0 [io  0x1060-0x107f]: assigned
[    0.033339] pci_bus 0000:00: resource 4 [io  0x0000-0xffff]
[    0.033340] pci_bus 0000:00: resource 5 [mem 0x10000000-0x3efeffff]
[    0.033340] pci_bus 0000:00: resource 6 [mem 0x8000000000-0xffffffffff]
[    0.034280] virtio-pci 0000:00:01.0: enabling device (0000 -> 0003)
[    0.034920] virtio-pci 0000:00:02.0: enabling device (0000 -> 0003)
[    0.036039] virtio-pci 0000:00:03.0: enabling device (0000 -> 0003)
[    0.082768] rtc-pl031 9010000.pl031: registered as rtc0
[    0.082783] rtc-pl031 9010000.pl031: setting system clock to 2026-10-08T19:12:22 UTC (1791486742)
[    0.082895] NET: Registered PF_INET6 protocol family
[    0.083626] Segment Routing with IPv6
[    0.083630] In-situ OAM (IOAM) with IPv6
[    0.083642] sit: IPv6, IPv4 and MPLS over IPv4 tunneling driver
[    0.083742] NET: Registered PF_PACKET protocol family
[    0.083750] 9pnet: Installing 9P2000 support
[    0.089605] clk: Disabling unused clocks
[    0.119484] Freeing initrd memory: 161888K
[    0.119874] Freeing unused kernel memory: 576K
[    0.119923] Run /init as init process
[    0.136155] kjit: loading out-of-tree module taints kernel.
[    0.137147] rust_kjit: ######## Rust KJIT inits ########
[    0.137168] rust_kjit: kjit: dispatch variant 0
[    0.137211] rust_kjit: golden tests/arm64/toy_cfg.s:hot_svc_mark PASS: 800 fragment bytes match harness
kjit-init: insmod kjit.ko ok
meas: variant=0
[    0.158869] kjit: translate_svc_sites pid 69: 2 text ranges, 110 svc sites
[    0.159098] rust_kjit: kjit: pc 0x40c000: installed 488 bytes, 0 fault sites, 2 entries, text 0x40c000..0x40c008, fpsimd false
[    0.159434] rust_kjit: kjit: pc 0x410000: installed 488 bytes, 0 fault sites, 2 entries, text 0x410000..0x410008, fpsimd false
[    0.159947] rust_kjit: kjit: pc 0x408028: installed 1008 bytes, 1 fault sites, 12 entries, text 0x408018..0x408048, fpsimd false
aliascost enabled=0 rep=0 ns_total=105717166
[    0.265092] kjit: translate_svc_sites pid 72: 2 text ranges, 110 svc sites
[    0.265245] rust_kjit: kjit: pc 0x40c000: installed 488 bytes, 0 fault sites, 2 entries, text 0x40c000..0x40c008, fpsimd false
[    0.265352] rust_kjit: kjit: pc 0x410000: installed 488 bytes, 0 fault sites, 2 entries, text 0x410000..0x410008, fpsimd false
[    0.265504] rust_kjit: kjit: pc 0x408028: installed 1008 bytes, 1 fault sites, 12 entries, text 0x408018..0x408048, fpsimd false
aliascost enabled=0 rep=1 ns_total=103966125
[    0.373415] kjit: translate_svc_sites pid 77: 2 text ranges, 110 svc sites
[    0.374079] rust_kjit: kjit: pc 0x40c000: installed 488 bytes, 0 fault sites, 2 entries, text 0x40c000..0x40c008, fpsimd false
[    0.375276] rust_kjit: kjit: pc 0x410000: installed 488 bytes, 0 fault sites, 2 entries, text 0x410000..0x410008, fpsimd false
[    0.375796] rust_kjit: kjit: pc 0x408028: installed 1008 bytes, 1 fault sites, 12 entries, text 0x408018..0x408048, fpsimd false
aliascost enabled=0 rep=2 ns_total=148090541
[    0.563383] kjit: translate_svc_sites pid 82: 2 text ranges, 110 svc sites
[    0.564731] rust_kjit: kjit: pc 0x40c000: installed 488 bytes, 0 fault sites, 2 entries, text 0x40c000..0x40c008, fpsimd false
[    0.565010] rust_kjit: kjit: pc 0x410000: installed 488 bytes, 0 fault sites, 2 entries, text 0x410000..0x410008, fpsimd false
[    0.566362] rust_kjit: kjit: pc 0x408028: installed 1008 bytes, 1 fault sites, 12 entries, text 0x408018..0x408048, fpsimd false
aliascost enabled=0 rep=3 ns_total=155897958
[    0.682900] kjit: translate_svc_sites pid 85: 2 text ranges, 110 svc sites
[    0.683467] rust_kjit: kjit: pc 0x40c000: installed 488 bytes, 0 fault sites, 2 entries, text 0x40c000..0x40c008, fpsimd false
[    0.683572] rust_kjit: kjit: pc 0x410000: installed 488 bytes, 0 fault sites, 2 entries, text 0x410000..0x410008, fpsimd false
[    0.683693] rust_kjit: kjit: pc 0x408028: installed 1008 bytes, 1 fault sites, 12 entries, text 0x408018..0x408048, fpsimd false
aliascost enabled=0 rep=4 ns_total=107201375
[    0.790280] kjit: translate_svc_sites pid 88: 2 text ranges, 110 svc sites
[    0.790872] rust_kjit: kjit: pc 0x40c000: installed 488 bytes, 0 fault sites, 2 entries, text 0x40c000..0x40c008, fpsimd false
[    0.791122] rust_kjit: kjit: pc 0x410000: installed 488 bytes, 0 fault sites, 2 entries, text 0x410000..0x410008, fpsimd false
[    0.791601] rust_kjit: kjit: pc 0x408028: installed 1008 bytes, 1 fault sites, 12 entries, text 0x408018..0x408048, fpsimd false
aliascost enabled=0 rep=5 ns_total=104287917
[    0.894085] kjit: translate_svc_sites pid 91: 2 text ranges, 110 svc sites
[    0.895102] rust_kjit: kjit: pc 0x40c000: installed 488 bytes, 0 fault sites, 2 entries, text 0x40c000..0x40c008, fpsimd false
[    0.895660] rust_kjit: kjit: pc 0x410000: installed 488 bytes, 0 fault sites, 2 entries, text 0x410000..0x410008, fpsimd false
[    0.896153] rust_kjit: kjit: pc 0x408028: installed 1008 bytes, 1 fault sites, 12 entries, text 0x408018..0x408048, fpsimd false
aliascost enabled=0 rep=6 ns_total=103315959
[    0.998424] kjit: translate_svc_sites pid 94: 2 text ranges, 110 svc sites
[    0.999337] rust_kjit: kjit: pc 0x40c000: installed 488 bytes, 0 fault sites, 2 entries, text 0x40c000..0x40c008, fpsimd false
[    0.999453] rust_kjit: kjit: pc 0x410000: installed 488 bytes, 0 fault sites, 2 entries, text 0x410000..0x410008, fpsimd false
[    0.999898] rust_kjit: kjit: pc 0x408028: installed 1008 bytes, 1 fault sites, 12 entries, text 0x408018..0x408048, fpsimd false
aliascost enabled=1 rep=0 ns_total=1431395876
[    2.430458] kjit: translate_svc_sites pid 97: 2 text ranges, 110 svc sites
[    2.431312] rust_kjit: kjit: pc 0x40c000: installed 488 bytes, 0 fault sites, 2 entries, text 0x40c000..0x40c008, fpsimd false
[    2.431409] rust_kjit: kjit: pc 0x410000: installed 488 bytes, 0 fault sites, 2 entries, text 0x410000..0x410008, fpsimd false
[    2.431857] rust_kjit: kjit: pc 0x408028: installed 1008 bytes, 1 fault sites, 12 entries, text 0x408018..0x408048, fpsimd false
aliascost enabled=1 rep=1 ns_total=1786842043
[    4.217284] kjit: translate_svc_sites pid 100: 2 text ranges, 110 svc sites
[    4.217435] rust_kjit: kjit: pc 0x40c000: installed 488 bytes, 0 fault sites, 2 entries, text 0x40c000..0x40c008, fpsimd false
[    4.217979] rust_kjit: kjit: pc 0x410000: installed 488 bytes, 0 fault sites, 2 entries, text 0x410000..0x410008, fpsimd false
[    4.218847] rust_kjit: kjit: pc 0x408028: installed 1008 bytes, 1 fault sites, 12 entries, text 0x408018..0x408048, fpsimd false
aliascost enabled=1 rep=2 ns_total=1424222709
[    5.643289] kjit: translate_svc_sites pid 103: 2 text ranges, 110 svc sites
[    5.643451] rust_kjit: kjit: pc 0x40c000: installed 488 bytes, 0 fault sites, 2 entries, text 0x40c000..0x40c008, fpsimd false
[    5.643803] rust_kjit: kjit: pc 0x410000: installed 488 bytes, 0 fault sites, 2 entries, text 0x410000..0x410008, fpsimd false
[    5.644336] rust_kjit: kjit: pc 0x408028: installed 1008 bytes, 1 fault sites, 12 entries, text 0x408018..0x408048, fpsimd false
aliascost enabled=1 rep=3 ns_total=1423003668
[    7.067059] kjit: translate_svc_sites pid 107: 2 text ranges, 110 svc sites
[    7.067582] rust_kjit: kjit: pc 0x40c000: installed 488 bytes, 0 fault sites, 2 entries, text 0x40c000..0x40c008, fpsimd false
[    7.068178] rust_kjit: kjit: pc 0x410000: installed 488 bytes, 0 fault sites, 2 entries, text 0x410000..0x410008, fpsimd false
[    7.068704] rust_kjit: kjit: pc 0x408028: installed 1008 bytes, 1 fault sites, 12 entries, text 0x408018..0x408048, fpsimd false
aliascost enabled=1 rep=4 ns_total=1546169501
[    8.618648] kjit: translate_svc_sites pid 110: 2 text ranges, 110 svc sites
[    8.619320] rust_kjit: kjit: pc 0x40c000: installed 488 bytes, 0 fault sites, 2 entries, text 0x40c000..0x40c008, fpsimd false
[    8.619992] rust_kjit: kjit: pc 0x410000: installed 488 bytes, 0 fault sites, 2 entries, text 0x410000..0x410008, fpsimd false
[    8.620675] rust_kjit: kjit: pc 0x408028: installed 1008 bytes, 1 fault sites, 12 entries, text 0x408018..0x408048, fpsimd false
aliascost enabled=1 rep=5 ns_total=1488566750
[   10.103570] kjit: translate_svc_sites pid 113: 2 text ranges, 110 svc sites
[   10.103687] rust_kjit: kjit: pc 0x40c000: installed 488 bytes, 0 fault sites, 2 entries, text 0x40c000..0x40c008, fpsimd false
[   10.103774] rust_kjit: kjit: pc 0x410000: installed 488 bytes, 0 fault sites, 2 entries, text 0x410000..0x410008, fpsimd false
[   10.104018] rust_kjit: kjit: pc 0x408028: installed 1008 bytes, 1 fault sites, 12 entries, text 0x408018..0x408048, fpsimd false
aliascost enabled=1 rep=6 ns_total=1430932543
fragment_entries 179857615
chain_cap 0
exit_budget 0
ibtc_insert 358313958
ibtc_replace 358313930
[   11.532369] kjit: 0 of 0 translation requests still queued at unload (freed by the kernel)
[   11.548480] rust_kjit: ######## Rust KJIT exits ########
kjit-init: rmmod kjit ok
kjit-init: run exit=0
[   11.573783] reboot: Power down
