[    0.000000] Booting Linux on physical CPU 0x0000000000 [0x610f0000]
[    0.000000] Linux version 7.1.0-rc1 (@6906d107117b) (Ubuntu clang version 18.1.3 (1ubuntu1), Ubuntu LLD 18.1.3) #1 SMP PREEMPT Fri Oct  2 08:37:58 UTC 2026
[    0.000000] random: crng init done
[    0.000000] Machine model: linux,dummy-virt
[    0.000000] OF: reserved mem: Reserved memory: No reserved-memory node in the DT
[    0.000000] psci: probing for conduit method from DT.
[    0.000000] psci: PSCIv1.1 detected in firmware.
[    0.000000] psci: Using standard PSCI v0.2 function IDs
[    0.000000] psci: Trusted OS migration not required
[    0.000000] psci: SMC Calling Convention v1.0
[    0.000000] Zone ranges:
[    0.000000]   Normal   [mem 0x0000000040000000-0x000000013fffffff]
[    0.000000] Movable zone start for each node
[    0.000000] Early memory node ranges
[    0.000000]   node   0: [mem 0x0000000040000000-0x000000013fffffff]
[    0.000000] Initmem setup node 0 [mem 0x0000000040000000-0x000000013fffffff]
[    0.000000] percpu: Embedded 19 pages/cpu s38488 r8192 d31144 u77824
[    0.000000] Detected PIPT I-cache on CPU0
[    0.000000] CPU features: detected: Address authentication (IMP DEF algorithm)
[    0.000000] CPU features: detected: Spectre-v4
[    0.000000] CPU features: detected: Spectre-BHB
[    0.000000] alternatives: applying boot alternatives
[    0.000000] Kernel command line: console=ttyAMA0 panic=-1 nokaslr
[    0.000000] Unknown kernel command line parameters "nokaslr", will be passed to user space.
[    0.000000] printk: log buffer data + meta data: 131072 + 458752 = 589824 bytes
[    0.000000] Dentry cache hash table entries: 524288 (order: 10, 4194304 bytes, linear)
[    0.000000] Inode-cache hash table entries: 262144 (order: 9, 2097152 bytes, linear)
[    0.000000] software IO TLB: SWIOTLB bounce buffer size adjusted to 4MB
[    0.000000] software IO TLB: area num 4.
[    0.000000] software IO TLB: mapped [mem 0x000000013ac00000-0x000000013b000000] (4MB)
[    0.000000] Built 1 zonelists, mobility grouping on.  Total pages: 1048576
[    0.000000] mem auto-init: stack:all(zero), heap alloc:off, heap free:off
[    0.000000] SLUB: HWalign=64, Order=0-3, MinObjects=0, CPUs=4, Nodes=1
[    0.000000] rcu: Preemptible hierarchical RCU implementation.
[    0.000000] rcu: 	RCU restricting CPUs from NR_CPUS=512 to nr_cpu_ids=4.
[    0.000000] rcu: RCU calculated value of scheduler-enlistment delay is 25 jiffies.
[    0.000000] rcu: Adjusting geometry for rcu_fanout_leaf=16, nr_cpu_ids=4
[    0.000000] NR_IRQS: 64, nr_irqs: 64, preallocated irqs: 0
[    0.000000] Root IRQ handler: gic_handle_irq
[    0.000000] GICv2m: range[mem 0x08020000-0x08020fff], SPI[80:143]
[    0.000000] rcu: srcu_init: Setting srcu_struct sizes based on contention.
[    0.000000] arch_timer: cp15 timer running at 24.00MHz (virt).
[    0.000000] clocksource: arch_sys_counter: mask: 0xffffffffffffff max_cycles: 0x588fe9dc0, max_idle_ns: 440795202592 ns
[    0.000000] sched_clock: 56 bits at 24MHz, resolution 41ns, wraps every 4398046511097ns
[    0.000117] Console: colour dummy device 80x25
[    0.000125] Calibrating delay loop (skipped), value calculated using timer frequency.. 48.00 BogoMIPS (lpj=96000)
[    0.000129] pid_max: default: 32768 minimum: 301
[    0.000252] Mount-cache hash table entries: 8192 (order: 4, 65536 bytes, linear)
[    0.000260] Mountpoint-cache hash table entries: 8192 (order: 4, 65536 bytes, linear)
[    0.000334] VFS: Finished mounting rootfs on nullfs
[    0.000484] cacheinfo: Unable to detect cache hierarchy for CPU 0
[    0.000605] rcu: Hierarchical SRCU implementation.
[    0.000605] rcu: 	Max phase no-delay instances is 1000.
[    0.000626] Timer migration: 1 hierarchy levels; 8 children per group; 1 crossnode level
[    0.000663] smp: Bringing up secondary CPUs ...
[    0.000869] Detected PIPT I-cache on CPU1
[    0.001024] CPU1: Booted secondary processor 0x0000000001 [0x610f0000]
[    0.001456] Detected PIPT I-cache on CPU2
[    0.001583] CPU2: Booted secondary processor 0x0000000002 [0x610f0000]
[    0.001851] Detected PIPT I-cache on CPU3
[    0.001959] CPU3: Booted secondary processor 0x0000000003 [0x610f0000]
[    0.002100] smp: Brought up 1 node, 4 CPUs
[    0.002101] SMP: Total of 4 processors activated.
[    0.002102] CPU: All CPU(s) started at EL1
[    0.002103] CPU features: detected: ARMv8.4 Translation Table Level
[    0.002104] CPU features: detected: Data cache clean to the PoU not required for I/D coherence
[    0.002104] CPU features: detected: CRC32 instructions
[    0.002105] CPU features: detected: Data independent timing control (DIT)
[    0.002105] CPU features: detected: E0PD
[    0.002106] CPU features: detected: Generic authentication (IMP DEF algorithm)
[    0.002106] CPU features: detected: RCpc load-acquire (LDAPR)
[    0.002107] CPU features: detected: LSE atomic instructions
[    0.002107] CPU features: detected: Privileged Access Never
[    0.002107] CPU features: detected: Speculation barrier (SB)
[    0.002108] CPU features: detected: TLB range maintenance instructions
[    0.002108] CPU features: detected: XNX
[    0.002234] alternatives: applying system-wide alternatives
[    0.003132] Memory: 3934216K/4194304K available (5248K kernel code, 754K rwdata, 2356K rodata, 576K init, 405K bss, 256908K reserved, 0K cma-reserved)
[    0.003405] devtmpfs: initialized
[    0.003686] clocksource: jiffies: mask: 0xffffffff max_cycles: 0xffffffff, max_idle_ns: 7645041785100000 ns
[    0.003690] posixtimers hash table entries: 2048 (order: 3, 32768 bytes, linear)
[    0.003706] futex hash table entries: 1024 (65536 bytes on 1 NUMA nodes, total 64 KiB, linear).
[    0.003711] 30384 pages in range for non-PLT usage
[    0.003712] 521904 pages in range for PLT usage
[    0.003770] NET: Registered PF_NETLINK/PF_ROUTE protocol family
[    0.004219] DMA: preallocated 512 KiB GFP_KERNEL pool for atomic allocations
[    0.004254] ASID allocator initialised with 256 entries
[    0.004261] Serial: AMBA PL011 UART driver
[    0.004652] 9000000.pl011: ttyAMA0 at MMIO 0x9000000 (irq = 13, base_baud = 0) is a PL011 rev1
[    0.004865] printk: console [ttyAMA0] enabled
[    0.010799] vgaarb: loaded
[    0.011082] clocksource: Switched to clocksource arch_sys_counter
[    0.022349] NET: Registered PF_INET protocol family
[    0.022493] IP idents hash table entries: 65536 (order: 7, 524288 bytes, linear)
[    0.022919] tcp_listen_portaddr_hash hash table entries: 2048 (order: 3, 32768 bytes, linear)
[    0.022925] Table-perturb hash table entries: 65536 (order: 6, 262144 bytes, linear)
[    0.022928] TCP established hash table entries: 32768 (order: 6, 262144 bytes, linear)
[    0.022978] TCP bind hash table entries: 32768 (order: 8, 1048576 bytes, linear)
[    0.023203] TCP: Hash tables configured (established 32768 bind 32768)
[    0.023230] UDP hash table entries: 2048 (order: 5, 131072 bytes, linear)
[    0.023265] NET: Registered PF_UNIX/PF_LOCAL protocol family
[    0.023273] PCI: CLS 0 bytes, default 64
[    0.023461] Unpacking initramfs...
[    0.027879] workingset: timestamp_bits=46 (anon: 42) max_order=20 bucket_order=0 (anon: 0)
[    0.028060] 9p: Installing v9fs 9p2000 file system support
[    0.028380] pci-host-generic 4010000000.pcie: host bridge /pcie@10000000 ranges:
[    0.028386] pci-host-generic 4010000000.pcie:       IO 0x003eff0000..0x003effffff -> 0x0000000000
[    0.028389] pci-host-generic 4010000000.pcie:      MEM 0x0010000000..0x003efeffff -> 0x0010000000
[    0.028390] pci-host-generic 4010000000.pcie:      MEM 0x8000000000..0xffffffffff -> 0x8000000000
[    0.028395] pci-host-generic 4010000000.pcie: Memory resource size exceeds max for 32 bits
[    0.028408] pci-host-generic 4010000000.pcie: ECAM at [mem 0x4010000000-0x401fffffff] for [bus 00-ff]
[    0.028420] pci-host-generic 4010000000.pcie: PCI host bridge to bus 0000:00
[    0.028422] pci_bus 0000:00: root bus resource [bus 00-ff]
[    0.028422] pci_bus 0000:00: root bus resource [io  0x0000-0xffff]
[    0.028423] pci_bus 0000:00: root bus resource [mem 0x10000000-0x3efeffff]
[    0.028424] pci_bus 0000:00: root bus resource [mem 0x8000000000-0xffffffffff]
[    0.028459] pci 0000:00:00.0: [1b36:0008] type 00 class 0x060000 conventional PCI endpoint
[    0.028960] pci 0000:00:01.0: [1af4:1000] type 00 class 0x020000 conventional PCI endpoint
[    0.029199] pci 0000:00:01.0: BAR 0 [io  0x0000-0x001f]
[    0.029202] pci 0000:00:01.0: BAR 1 [mem 0x00000000-0x00000fff]
[    0.029208] pci 0000:00:01.0: BAR 4 [mem 0x00000000-0x00003fff 64bit pref]
[    0.029210] pci 0000:00:01.0: ROM [mem 0x00000000-0x0003ffff pref]
[    0.029506] pci 0000:00:02.0: [1af4:1009] type 00 class 0x000200 conventional PCI endpoint
[    0.029746] pci 0000:00:02.0: BAR 0 [io  0x0000-0x003f]
[    0.029750] pci 0000:00:02.0: BAR 1 [mem 0x00000000-0x00000fff]
[    0.029809] pci 0000:00:02.0: BAR 4 [mem 0x00000000-0x00003fff 64bit pref]
[    0.030016] pci 0000:00:03.0: [1af4:1005] type 00 class 0x00ff00 conventional PCI endpoint
[    0.030105] pci 0000:00:03.0: BAR 0 [io  0x0000-0x001f]
[    0.030111] pci 0000:00:03.0: BAR 1 [mem 0x00000000-0x00000fff]
[    0.030121] pci 0000:00:03.0: BAR 4 [mem 0x00000000-0x00003fff 64bit pref]
[    0.030544] pci 0000:00:01.0: ROM [mem 0x10000000-0x1003ffff pref]: assigned
[    0.030546] pci 0000:00:01.0: BAR 4 [mem 0x8000000000-0x8000003fff 64bit pref]: assigned
[    0.030573] pci 0000:00:02.0: BAR 4 [mem 0x8000004000-0x8000007fff 64bit pref]: assigned
[    0.030586] pci 0000:00:03.0: BAR 4 [mem 0x8000008000-0x800000bfff 64bit pref]: assigned
[    0.030605] pci 0000:00:01.0: BAR 1 [mem 0x10040000-0x10040fff]: assigned
[    0.030612] pci 0000:00:02.0: BAR 1 [mem 0x10041000-0x10041fff]: assigned
[    0.030621] pci 0000:00:03.0: BAR 1 [mem 0x10042000-0x10042fff]: assigned
[    0.030626] pci 0000:00:02.0: BAR 0 [io  0x1000-0x103f]: assigned
[    0.030629] pci 0000:00:01.0: BAR 0 [io  0x1040-0x105f]: assigned
[    0.030632] pci 0000:00:03.0: BAR 0 [io  0x1060-0x107f]: assigned
[    0.030637] pci_bus 0000:00: resource 4 [io  0x0000-0xffff]
[    0.030637] pci_bus 0000:00: resource 5 [mem 0x10000000-0x3efeffff]
[    0.030638] pci_bus 0000:00: resource 6 [mem 0x8000000000-0xffffffffff]
[    0.031580] virtio-pci 0000:00:01.0: enabling device (0000 -> 0003)
[    0.032307] virtio-pci 0000:00:02.0: enabling device (0000 -> 0003)
[    0.032908] virtio-pci 0000:00:03.0: enabling device (0000 -> 0003)
[    0.055719] rtc-pl031 9010000.pl031: registered as rtc0
[    0.055728] rtc-pl031 9010000.pl031: setting system clock to 2026-10-08T19:12:36 UTC (1791486756)
[    0.055839] NET: Registered PF_INET6 protocol family
[    0.056162] Segment Routing with IPv6
[    0.056165] In-situ OAM (IOAM) with IPv6
[    0.056173] sit: IPv6, IPv4 and MPLS over IPv4 tunneling driver
[    0.056268] NET: Registered PF_PACKET protocol family
[    0.056273] 9pnet: Installing 9P2000 support
[    0.060836] clk: Disabling unused clocks
[    0.113256] Freeing initrd memory: 161888K
[    0.113817] Freeing unused kernel memory: 576K
[    0.113873] Run /init as init process
[    0.129730] kjit: loading out-of-tree module taints kernel.
[    0.130836] rust_kjit: ######## Rust KJIT inits ########
[    0.130878] rust_kjit: kjit: dispatch variant 2
[    0.130927] rust_kjit: golden tests/arm64/toy_cfg.s:hot_svc_mark translated for dispatch variant 2; byte comparison skipped (reference is variant 0)
kjit-init: insmod kjit.ko ok
meas: variant=2
[    0.154051] kjit: translate_svc_sites pid 69: 2 text ranges, 110 svc sites
[    0.154502] rust_kjit: kjit: pc 0x40c000: installed 524 bytes, 0 fault sites, 2 entries, text 0x40c000..0x40c008, fpsimd false
[    0.155247] rust_kjit: kjit: pc 0x410000: installed 524 bytes, 0 fault sites, 2 entries, text 0x410000..0x410008, fpsimd false
[    0.155756] rust_kjit: kjit: pc 0x408028: installed 1080 bytes, 1 fault sites, 12 entries, text 0x408018..0x408048, fpsimd false
aliascost enabled=0 rep=0 ns_total=103713250
[    0.258570] kjit: translate_svc_sites pid 72: 2 text ranges, 110 svc sites
[    0.259465] rust_kjit: kjit: pc 0x40c000: installed 524 bytes, 0 fault sites, 2 entries, text 0x40c000..0x40c008, fpsimd false
[    0.259590] rust_kjit: kjit: pc 0x410000: installed 524 bytes, 0 fault sites, 2 entries, text 0x410000..0x410008, fpsimd false
[    0.260081] rust_kjit: kjit: pc 0x408028: installed 1080 bytes, 1 fault sites, 12 entries, text 0x408018..0x408048, fpsimd false
aliascost enabled=0 rep=1 ns_total=104439209
[    0.363436] kjit: translate_svc_sites pid 77: 2 text ranges, 110 svc sites
[    0.363595] rust_kjit: kjit: pc 0x40c000: installed 524 bytes, 0 fault sites, 2 entries, text 0x40c000..0x40c008, fpsimd false
[    0.363931] rust_kjit: kjit: pc 0x410000: installed 524 bytes, 0 fault sites, 2 entries, text 0x410000..0x410008, fpsimd false
[    0.364477] rust_kjit: kjit: pc 0x408028: installed 1080 bytes, 1 fault sites, 12 entries, text 0x408018..0x408048, fpsimd false
aliascost enabled=0 rep=2 ns_total=106550542
[    0.468928] kjit: translate_svc_sites pid 80: 2 text ranges, 110 svc sites
[    0.469370] rust_kjit: kjit: pc 0x40c000: installed 524 bytes, 0 fault sites, 2 entries, text 0x40c000..0x40c008, fpsimd false
[    0.470830] rust_kjit: kjit: pc 0x410000: installed 524 bytes, 0 fault sites, 2 entries, text 0x410000..0x410008, fpsimd false
[    0.471626] rust_kjit: kjit: pc 0x408028: installed 1080 bytes, 1 fault sites, 12 entries, text 0x408018..0x408048, fpsimd false
aliascost enabled=0 rep=3 ns_total=103934042
[    0.573444] kjit: translate_svc_sites pid 85: 2 text ranges, 110 svc sites
[    0.573962] rust_kjit: kjit: pc 0x40c000: installed 524 bytes, 0 fault sites, 2 entries, text 0x40c000..0x40c008, fpsimd false
[    0.574881] rust_kjit: kjit: pc 0x410000: installed 524 bytes, 0 fault sites, 2 entries, text 0x410000..0x410008, fpsimd false
[    0.575493] rust_kjit: kjit: pc 0x408028: installed 1080 bytes, 1 fault sites, 12 entries, text 0x408018..0x408048, fpsimd false
aliascost enabled=0 rep=4 ns_total=103278042
[    0.677904] kjit: translate_svc_sites pid 88: 2 text ranges, 110 svc sites
[    0.678646] rust_kjit: kjit: pc 0x40c000: installed 524 bytes, 0 fault sites, 2 entries, text 0x40c000..0x40c008, fpsimd false
[    0.679536] rust_kjit: kjit: pc 0x410000: installed 524 bytes, 0 fault sites, 2 entries, text 0x410000..0x410008, fpsimd false
[    0.680027] rust_kjit: kjit: pc 0x408028: installed 1080 bytes, 1 fault sites, 12 entries, text 0x408018..0x408048, fpsimd false
aliascost enabled=0 rep=5 ns_total=103592167
[    0.781120] kjit: translate_svc_sites pid 91: 2 text ranges, 110 svc sites
[    0.781868] rust_kjit: kjit: pc 0x40c000: installed 524 bytes, 0 fault sites, 2 entries, text 0x40c000..0x40c008, fpsimd false
[    0.782787] rust_kjit: kjit: pc 0x410000: installed 524 bytes, 0 fault sites, 2 entries, text 0x410000..0x410008, fpsimd false
[    0.783480] rust_kjit: kjit: pc 0x408028: installed 1080 bytes, 1 fault sites, 12 entries, text 0x408018..0x408048, fpsimd false
aliascost enabled=0 rep=6 ns_total=103246542
[    0.884166] kjit: translate_svc_sites pid 94: 2 text ranges, 110 svc sites
[    0.884694] rust_kjit: kjit: pc 0x40c000: installed 524 bytes, 0 fault sites, 2 entries, text 0x40c000..0x40c008, fpsimd false
[    0.885207] rust_kjit: kjit: pc 0x410000: installed 524 bytes, 0 fault sites, 2 entries, text 0x410000..0x410008, fpsimd false
[    0.886605] rust_kjit: kjit: pc 0x408028: installed 1080 bytes, 1 fault sites, 12 entries, text 0x408018..0x408048, fpsimd false
aliascost enabled=1 rep=0 ns_total=203704708
[    1.089695] kjit: translate_svc_sites pid 98: 2 text ranges, 110 svc sites
[    1.090609] rust_kjit: kjit: pc 0x40c000: installed 524 bytes, 0 fault sites, 2 entries, text 0x40c000..0x40c008, fpsimd false
[    1.091481] rust_kjit: kjit: pc 0x410000: installed 524 bytes, 0 fault sites, 2 entries, text 0x410000..0x410008, fpsimd false
[    1.091967] rust_kjit: kjit: pc 0x408028: installed 1080 bytes, 1 fault sites, 12 entries, text 0x408018..0x408048, fpsimd false
aliascost enabled=1 rep=1 ns_total=200280709
[    1.292615] kjit: translate_svc_sites pid 101: 2 text ranges, 110 svc sites
[    1.292998] rust_kjit: kjit: pc 0x40c000: installed 524 bytes, 0 fault sites, 2 entries, text 0x40c000..0x40c008, fpsimd false
[    1.293103] rust_kjit: kjit: pc 0x410000: installed 524 bytes, 0 fault sites, 2 entries, text 0x410000..0x410008, fpsimd false
[    1.293298] rust_kjit: kjit: pc 0x408028: installed 1080 bytes, 1 fault sites, 12 entries, text 0x408018..0x408048, fpsimd false
aliascost enabled=1 rep=2 ns_total=202596708
[    1.494172] kjit: translate_svc_sites pid 104: 2 text ranges, 110 svc sites
[    1.494349] rust_kjit: kjit: pc 0x40c000: installed 524 bytes, 0 fault sites, 2 entries, text 0x40c000..0x40c008, fpsimd false
[    1.494818] rust_kjit: kjit: pc 0x410000: installed 524 bytes, 0 fault sites, 2 entries, text 0x410000..0x410008, fpsimd false
[    1.495506] rust_kjit: kjit: pc 0x408028: installed 1080 bytes, 1 fault sites, 12 entries, text 0x408018..0x408048, fpsimd false
aliascost enabled=1 rep=3 ns_total=202243750
[    1.695922] kjit: translate_svc_sites pid 107: 2 text ranges, 110 svc sites
[    1.696286] rust_kjit: kjit: pc 0x40c000: installed 524 bytes, 0 fault sites, 2 entries, text 0x40c000..0x40c008, fpsimd false
[    1.696743] rust_kjit: kjit: pc 0x410000: installed 524 bytes, 0 fault sites, 2 entries, text 0x410000..0x410008, fpsimd false
[    1.697237] rust_kjit: kjit: pc 0x408028: installed 1080 bytes, 1 fault sites, 12 entries, text 0x408018..0x408048, fpsimd false
aliascost enabled=1 rep=4 ns_total=200635000
[    1.897417] kjit: translate_svc_sites pid 110: 2 text ranges, 110 svc sites
[    1.897549] rust_kjit: kjit: pc 0x40c000: installed 524 bytes, 0 fault sites, 2 entries, text 0x40c000..0x40c008, fpsimd false
[    1.898116] rust_kjit: kjit: pc 0x410000: installed 524 bytes, 0 fault sites, 2 entries, text 0x410000..0x410008, fpsimd false
[    1.899250] rust_kjit: kjit: pc 0x408028: installed 1080 bytes, 1 fault sites, 12 entries, text 0x408018..0x408048, fpsimd false
aliascost enabled=1 rep=5 ns_total=198972584
[    2.097700] kjit: translate_svc_sites pid 113: 2 text ranges, 110 svc sites
[    2.098811] rust_kjit: kjit: pc 0x40c000: installed 524 bytes, 0 fault sites, 2 entries, text 0x40c000..0x40c008, fpsimd false
[    2.099518] rust_kjit: kjit: pc 0x410000: installed 524 bytes, 0 fault sites, 2 entries, text 0x410000..0x410008, fpsimd false
[    2.100004] rust_kjit: kjit: pc 0x408028: installed 1080 bytes, 1 fault sites, 12 entries, text 0x408018..0x408048, fpsimd false
aliascost enabled=1 rep=6 ns_total=204214167
fragment_entries 700658
chain_cap 0
exit_budget 0
ibtc_insert 42
ibtc_replace 0
[    2.300578] kjit: 0 of 0 translation requests still queued at unload (freed by the kernel)
[    2.324356] rust_kjit: ######## Rust KJIT exits ########
kjit-init: rmmod kjit ok
kjit-init: run exit=0
[    2.346091] reboot: Power down
