guest-run: profile=kjit-guest run-dir=/Volumes/Local/kjit-a4b2/build/runs/meas-v5-20261009-031247
[    0.000000] Booting Linux on physical CPU 0x0000000000 [0x610f0000]
[    0.000000] Linux version 7.1.0-rc1 (@6906d107117b) (Ubuntu clang version 18.1.3 (1ubuntu1), Ubuntu LLD 18.1.3) #1 SMP PREEMPT Fri Oct  2 08:37:58 UTC 2026
[    0.000000] random: crng init done
[    0.000000] Machine model: linux,dummy-virt
[    0.000000] OF: reserved mem: Reserved memory: No reserved-memory node in the DT
[    0.000000] psci: probing for conduit method from DT.
[    0.000000] psci: PSCIv1.1 detected in firmware.
[    0.000000] psci: Using standard PSCI v0.2 function IDs
[    0.000000] psci: Trusted OS migration not required
[    0.000000] psci: SMC Calling Convention v1.0
[    0.000000] Zone ranges:
[    0.000000]   Normal   [mem 0x0000000040000000-0x000000013fffffff]
[    0.000000] Movable zone start for each node
[    0.000000] Early memory node ranges
[    0.000000]   node   0: [mem 0x0000000040000000-0x000000013fffffff]
[    0.000000] Initmem setup node 0 [mem 0x0000000040000000-0x000000013fffffff]
[    0.000000] percpu: Embedded 19 pages/cpu s38488 r8192 d31144 u77824
[    0.000000] Detected PIPT I-cache on CPU0
[    0.000000] CPU features: detected: Address authentication (IMP DEF algorithm)
[    0.000000] CPU features: detected: Spectre-v4
[    0.000000] CPU features: detected: Spectre-BHB
[    0.000000] alternatives: applying boot alternatives
[    0.000000] Kernel command line: console=ttyAMA0 panic=-1 nokaslr
[    0.000000] Unknown kernel command line parameters "nokaslr", will be passed to user space.
[    0.000000] printk: log buffer data + meta data: 131072 + 458752 = 589824 bytes
[    0.000000] Dentry cache hash table entries: 524288 (order: 10, 4194304 bytes, linear)
[    0.000000] Inode-cache hash table entries: 262144 (order: 9, 2097152 bytes, linear)
[    0.000000] software IO TLB: SWIOTLB bounce buffer size adjusted to 4MB
[    0.000000] software IO TLB: area num 4.
[    0.000000] software IO TLB: mapped [mem 0x000000013ac00000-0x000000013b000000] (4MB)
[    0.000000] Built 1 zonelists, mobility grouping on.  Total pages: 1048576
[    0.000000] mem auto-init: stack:all(zero), heap alloc:off, heap free:off
[    0.000000] SLUB: HWalign=64, Order=0-3, MinObjects=0, CPUs=4, Nodes=1
[    0.000000] rcu: Preemptible hierarchical RCU implementation.
[    0.000000] rcu: 	RCU restricting CPUs from NR_CPUS=512 to nr_cpu_ids=4.
[    0.000000] rcu: RCU calculated value of scheduler-enlistment delay is 25 jiffies.
[    0.000000] rcu: Adjusting geometry for rcu_fanout_leaf=16, nr_cpu_ids=4
[    0.000000] NR_IRQS: 64, nr_irqs: 64, preallocated irqs: 0
[    0.000000] Root IRQ handler: gic_handle_irq
[    0.000000] GICv2m: range[mem 0x08020000-0x08020fff], SPI[80:143]
[    0.000000] rcu: srcu_init: Setting srcu_struct sizes based on contention.
[    0.000000] arch_timer: cp15 timer running at 24.00MHz (virt).
[    0.000000] clocksource: arch_sys_counter: mask: 0xffffffffffffff max_cycles: 0x588fe9dc0, max_idle_ns: 440795202592 ns
[    0.000000] sched_clock: 56 bits at 24MHz, resolution 41ns, wraps every 4398046511097ns
[    0.000095] Console: colour dummy device 80x25
[    0.000101] Calibrating delay loop (skipped), value calculated using timer frequency.. 48.00 BogoMIPS (lpj=96000)
[    0.000104] pid_max: default: 32768 minimum: 301
[    0.000234] Mount-cache hash table entries: 8192 (order: 4, 65536 bytes, linear)
[    0.000243] Mountpoint-cache hash table entries: 8192 (order: 4, 65536 bytes, linear)
[    0.000314] VFS: Finished mounting rootfs on nullfs
[    0.000453] cacheinfo: Unable to detect cache hierarchy for CPU 0
[    0.000554] rcu: Hierarchical SRCU implementation.
[    0.000555] rcu: 	Max phase no-delay instances is 1000.
[    0.000572] Timer migration: 1 hierarchy levels; 8 children per group; 1 crossnode level
[    0.000605] smp: Bringing up secondary CPUs ...
[    0.000811] Detected PIPT I-cache on CPU1
[    0.000911] CPU1: Booted secondary processor 0x0000000001 [0x610f0000]
[    0.001201] Detected PIPT I-cache on CPU2
[    0.001292] CPU2: Booted secondary processor 0x0000000002 [0x610f0000]
[    0.001487] Detected PIPT I-cache on CPU3
[    0.001590] CPU3: Booted secondary processor 0x0000000003 [0x610f0000]
[    0.001661] smp: Brought up 1 node, 4 CPUs
[    0.001665] SMP: Total of 4 processors activated.
[    0.001666] CPU: All CPU(s) started at EL1
[    0.001667] CPU features: detected: ARMv8.4 Translation Table Level
[    0.001667] CPU features: detected: Data cache clean to the PoU not required for I/D coherence
[    0.001667] CPU features: detected: CRC32 instructions
[    0.001668] CPU features: detected: Data independent timing control (DIT)
[    0.001668] CPU features: detected: E0PD
[    0.001668] CPU features: detected: Generic authentication (IMP DEF algorithm)
[    0.001669] CPU features: detected: RCpc load-acquire (LDAPR)
[    0.001669] CPU features: detected: LSE atomic instructions
[    0.001669] CPU features: detected: Privileged Access Never
[    0.001670] CPU features: detected: Speculation barrier (SB)
[    0.001670] CPU features: detected: TLB range maintenance instructions
[    0.001671] CPU features: detected: XNX
[    0.001787] alternatives: applying system-wide alternatives
[    0.002739] Memory: 3934216K/4194304K available (5248K kernel code, 754K rwdata, 2356K rodata, 576K init, 405K bss, 256908K reserved, 0K cma-reserved)
[    0.003142] devtmpfs: initialized
[    0.003443] clocksource: jiffies: mask: 0xffffffff max_cycles: 0xffffffff, max_idle_ns: 7645041785100000 ns
[    0.003446] posixtimers hash table entries: 2048 (order: 3, 32768 bytes, linear)
[    0.003461] futex hash table entries: 1024 (65536 bytes on 1 NUMA nodes, total 64 KiB, linear).
[    0.003470] 30384 pages in range for non-PLT usage
[    0.003470] 521904 pages in range for PLT usage
[    0.003542] NET: Registered PF_NETLINK/PF_ROUTE protocol family
[    0.004038] DMA: preallocated 512 KiB GFP_KERNEL pool for atomic allocations
[    0.004078] ASID allocator initialised with 256 entries
[    0.004085] Serial: AMBA PL011 UART driver
[    0.004473] 9000000.pl011: ttyAMA0 at MMIO 0x9000000 (irq = 13, base_baud = 0) is a PL011 rev1
[    0.004689] printk: console [ttyAMA0] enabled
[    0.010198] vgaarb: loaded
[    0.010440] clocksource: Switched to clocksource arch_sys_counter
[    0.019982] NET: Registered PF_INET protocol family
[    0.020088] IP idents hash table entries: 65536 (order: 7, 524288 bytes, linear)
[    0.020564] tcp_listen_portaddr_hash hash table entries: 2048 (order: 3, 32768 bytes, linear)
[    0.020571] Table-perturb hash table entries: 65536 (order: 6, 262144 bytes, linear)
[    0.020574] TCP established hash table entries: 32768 (order: 6, 262144 bytes, linear)
[    0.020630] TCP bind hash table entries: 32768 (order: 8, 1048576 bytes, linear)
[    0.020838] TCP: Hash tables configured (established 32768 bind 32768)
[    0.020867] UDP hash table entries: 2048 (order: 5, 131072 bytes, linear)
[    0.020898] NET: Registered PF_UNIX/PF_LOCAL protocol family
[    0.020903] PCI: CLS 0 bytes, default 64
[    0.021075] Unpacking initramfs...
[    0.028438] workingset: timestamp_bits=46 (anon: 42) max_order=20 bucket_order=0 (anon: 0)
[    0.028482] 9p: Installing v9fs 9p2000 file system support
[    0.029263] pci-host-generic 4010000000.pcie: host bridge /pcie@10000000 ranges:
[    0.029268] pci-host-generic 4010000000.pcie:       IO 0x003eff0000..0x003effffff -> 0x0000000000
[    0.029270] pci-host-generic 4010000000.pcie:      MEM 0x0010000000..0x003efeffff -> 0x0010000000
[    0.029271] pci-host-generic 4010000000.pcie:      MEM 0x8000000000..0xffffffffff -> 0x8000000000
[    0.029282] pci-host-generic 4010000000.pcie: Memory resource size exceeds max for 32 bits
[    0.029293] pci-host-generic 4010000000.pcie: ECAM at [mem 0x4010000000-0x401fffffff] for [bus 00-ff]
[    0.029304] pci-host-generic 4010000000.pcie: PCI host bridge to bus 0000:00
[    0.029305] pci_bus 0000:00: root bus resource [bus 00-ff]
[    0.029306] pci_bus 0000:00: root bus resource [io  0x0000-0xffff]
[    0.029306] pci_bus 0000:00: root bus resource [mem 0x10000000-0x3efeffff]
[    0.029307] pci_bus 0000:00: root bus resource [mem 0x8000000000-0xffffffffff]
[    0.029336] pci 0000:00:00.0: [1b36:0008] type 00 class 0x060000 conventional PCI endpoint
[    0.029780] pci 0000:00:01.0: [1af4:1000] type 00 class 0x020000 conventional PCI endpoint
[    0.029963] pci 0000:00:01.0: BAR 0 [io  0x0000-0x001f]
[    0.029967] pci 0000:00:01.0: BAR 1 [mem 0x00000000-0x00000fff]
[    0.029974] pci 0000:00:01.0: BAR 4 [mem 0x00000000-0x00003fff 64bit pref]
[    0.029976] pci 0000:00:01.0: ROM [mem 0x00000000-0x0003ffff pref]
[    0.030704] pci 0000:00:02.0: [1af4:1009] type 00 class 0x000200 conventional PCI endpoint
[    0.030864] pci 0000:00:02.0: BAR 0 [io  0x0000-0x003f]
[    0.030870] pci 0000:00:02.0: BAR 1 [mem 0x00000000-0x00000fff]
[    0.030881] pci 0000:00:02.0: BAR 4 [mem 0x00000000-0x00003fff 64bit pref]
[    0.031154] pci 0000:00:03.0: [1af4:1005] type 00 class 0x00ff00 conventional PCI endpoint
[    0.031248] pci 0000:00:03.0: BAR 0 [io  0x0000-0x001f]
[    0.031251] pci 0000:00:03.0: BAR 1 [mem 0x00000000-0x00000fff]
[    0.031259] pci 0000:00:03.0: BAR 4 [mem 0x00000000-0x00003fff 64bit pref]
[    0.031634] pci 0000:00:01.0: ROM [mem 0x10000000-0x1003ffff pref]: assigned
[    0.031636] pci 0000:00:01.0: BAR 4 [mem 0x8000000000-0x8000003fff 64bit pref]: assigned
[    0.031659] pci 0000:00:02.0: BAR 4 [mem 0x8000004000-0x8000007fff 64bit pref]: assigned
[    0.031676] pci 0000:00:03.0: BAR 4 [mem 0x8000008000-0x800000bfff 64bit pref]: assigned
[    0.031695] pci 0000:00:01.0: BAR 1 [mem 0x10040000-0x10040fff]: assigned
[    0.031708] pci 0000:00:02.0: BAR 1 [mem 0x10041000-0x10041fff]: assigned
[    0.031711] pci 0000:00:03.0: BAR 1 [mem 0x10042000-0x10042fff]: assigned
[    0.031716] pci 0000:00:02.0: BAR 0 [io  0x1000-0x103f]: assigned
[    0.031721] pci 0000:00:01.0: BAR 0 [io  0x1040-0x105f]: assigned
[    0.031740] pci 0000:00:03.0: BAR 0 [io  0x1060-0x107f]: assigned
[    0.031750] pci_bus 0000:00: resource 4 [io  0x0000-0xffff]
[    0.031751] pci_bus 0000:00: resource 5 [mem 0x10000000-0x3efeffff]
[    0.031751] pci_bus 0000:00: resource 6 [mem 0x8000000000-0xffffffffff]
[    0.032454] virtio-pci 0000:00:01.0: enabling device (0000 -> 0003)
[    0.033003] virtio-pci 0000:00:02.0: enabling device (0000 -> 0003)
[    0.033636] virtio-pci 0000:00:03.0: enabling device (0000 -> 0003)
[    0.038976] rtc-pl031 9010000.pl031: registered as rtc0
[    0.039033] rtc-pl031 9010000.pl031: setting system clock to 2026-10-08T19:12:47 UTC (1791486767)
[    0.039138] NET: Registered PF_INET6 protocol family
[    0.039494] Segment Routing with IPv6
[    0.039503] In-situ OAM (IOAM) with IPv6
[    0.039516] sit: IPv6, IPv4 and MPLS over IPv4 tunneling driver
[    0.039583] NET: Registered PF_PACKET protocol family
[    0.039588] 9pnet: Installing 9P2000 support
[    0.044522] clk: Disabling unused clocks
[    0.098876] Freeing initrd memory: 161888K
[    0.099266] Freeing unused kernel memory: 576K
[    0.099307] Run /init as init process
[    0.112287] kjit: loading out-of-tree module taints kernel.
[    0.113177] rust_kjit: ######## Rust KJIT inits ########
[    0.113209] rust_kjit: kjit: dispatch variant 5
[    0.113280] rust_kjit: golden tests/arm64/toy_cfg.s:hot_svc_mark translated for dispatch variant 5; byte comparison skipped (reference is variant 0)
kjit-init: insmod kjit.ko ok
meas: variant=5
[    0.133340] kjit: translate_svc_sites pid 68: 2 text ranges, 110 svc sites
[    0.133880] rust_kjit: kjit: pc 0x40c000: installed 532 bytes, 0 fault sites, 2 entries, text 0x40c000..0x40c008, fpsimd false
[    0.134620] rust_kjit: kjit: pc 0x410000: installed 532 bytes, 0 fault sites, 2 entries, text 0x410000..0x410008, fpsimd false
[    0.135186] rust_kjit: kjit: pc 0x408028: installed 1096 bytes, 1 fault sites, 12 entries, text 0x408018..0x408048, fpsimd false
aliascost enabled=0 rep=0 ns_total=103340333
[    0.239024] kjit: translate_svc_sites pid 71: 2 text ranges, 110 svc sites
[    0.239428] rust_kjit: kjit: pc 0x40c000: installed 532 bytes, 0 fault sites, 2 entries, text 0x40c000..0x40c008, fpsimd false
[    0.239985] rust_kjit: kjit: pc 0x410000: installed 532 bytes, 0 fault sites, 2 entries, text 0x410000..0x410008, fpsimd false
[    0.240617] rust_kjit: kjit: pc 0x408028: installed 1096 bytes, 1 fault sites, 12 entries, text 0x408018..0x408048, fpsimd false
aliascost enabled=0 rep=1 ns_total=107599292
[    0.346909] kjit: translate_svc_sites pid 76: 2 text ranges, 110 svc sites
[    0.347329] rust_kjit: kjit: pc 0x40c000: installed 532 bytes, 0 fault sites, 2 entries, text 0x40c000..0x40c008, fpsimd false
[    0.347878] rust_kjit: kjit: pc 0x410000: installed 532 bytes, 0 fault sites, 2 entries, text 0x410000..0x410008, fpsimd false
[    0.348433] rust_kjit: kjit: pc 0x408028: installed 1096 bytes, 1 fault sites, 12 entries, text 0x408018..0x408048, fpsimd false
aliascost enabled=0 rep=2 ns_total=105309042
[    0.452577] kjit: translate_svc_sites pid 79: 2 text ranges, 110 svc sites
[    0.453568] rust_kjit: kjit: pc 0x40c000: installed 532 bytes, 0 fault sites, 2 entries, text 0x40c000..0x40c008, fpsimd false
[    0.454943] rust_kjit: kjit: pc 0x410000: installed 532 bytes, 0 fault sites, 2 entries, text 0x410000..0x410008, fpsimd false
[    0.455467] rust_kjit: kjit: pc 0x408028: installed 1096 bytes, 1 fault sites, 12 entries, text 0x408018..0x408048, fpsimd false
aliascost enabled=0 rep=3 ns_total=109062667
[    0.563787] kjit: translate_svc_sites pid 83: 2 text ranges, 110 svc sites
[    0.564172] rust_kjit: kjit: pc 0x40c000: installed 532 bytes, 0 fault sites, 2 entries, text 0x40c000..0x40c008, fpsimd false
[    0.564730] rust_kjit: kjit: pc 0x410000: installed 532 bytes, 0 fault sites, 2 entries, text 0x410000..0x410008, fpsimd false
[    0.566386] rust_kjit: kjit: pc 0x408028: installed 1096 bytes, 1 fault sites, 12 entries, text 0x408018..0x408048, fpsimd false
aliascost enabled=0 rep=4 ns_total=110809125
[    0.675346] kjit: translate_svc_sites pid 86: 2 text ranges, 110 svc sites
[    0.675779] rust_kjit: kjit: pc 0x40c000: installed 532 bytes, 0 fault sites, 2 entries, text 0x40c000..0x40c008, fpsimd false
[    0.676288] rust_kjit: kjit: pc 0x410000: installed 532 bytes, 0 fault sites, 2 entries, text 0x410000..0x410008, fpsimd false
[    0.677344] rust_kjit: kjit: pc 0x408028: installed 1096 bytes, 1 fault sites, 12 entries, text 0x408018..0x408048, fpsimd false
aliascost enabled=0 rep=5 ns_total=110349709
[    0.786619] kjit: translate_svc_sites pid 89: 2 text ranges, 110 svc sites
[    0.786791] rust_kjit: kjit: pc 0x40c000: installed 532 bytes, 0 fault sites, 2 entries, text 0x40c000..0x40c008, fpsimd false
[    0.786910] rust_kjit: kjit: pc 0x410000: installed 532 bytes, 0 fault sites, 2 entries, text 0x410000..0x410008, fpsimd false
[    0.787068] rust_kjit: kjit: pc 0x408028: installed 1096 bytes, 1 fault sites, 12 entries, text 0x408018..0x408048, fpsimd false
aliascost enabled=0 rep=6 ns_total=107131459
[    0.893205] kjit: translate_svc_sites pid 93: 2 text ranges, 110 svc sites
[    0.894032] rust_kjit: kjit: pc 0x40c000: installed 532 bytes, 0 fault sites, 2 entries, text 0x40c000..0x40c008, fpsimd false
[    0.894820] rust_kjit: kjit: pc 0x410000: installed 532 bytes, 0 fault sites, 2 entries, text 0x410000..0x410008, fpsimd false
[    0.895294] rust_kjit: kjit: pc 0x408028: installed 1096 bytes, 1 fault sites, 12 entries, text 0x408018..0x408048, fpsimd false
aliascost enabled=1 rep=0 ns_total=204083917
[    1.098125] kjit: translate_svc_sites pid 96: 2 text ranges, 110 svc sites
[    1.098757] rust_kjit: kjit: pc 0x40c000: installed 532 bytes, 0 fault sites, 2 entries, text 0x40c000..0x40c008, fpsimd false
[    1.098862] rust_kjit: kjit: pc 0x410000: installed 532 bytes, 0 fault sites, 2 entries, text 0x410000..0x410008, fpsimd false
[    1.098996] rust_kjit: kjit: pc 0x408028: installed 1096 bytes, 1 fault sites, 12 entries, text 0x408018..0x408048, fpsimd false
aliascost enabled=1 rep=1 ns_total=207745250
[    1.305659] kjit: translate_svc_sites pid 99: 2 text ranges, 110 svc sites
[    1.305804] rust_kjit: kjit: pc 0x40c000: installed 532 bytes, 0 fault sites, 2 entries, text 0x40c000..0x40c008, fpsimd false
[    1.306563] rust_kjit: kjit: pc 0x410000: installed 532 bytes, 0 fault sites, 2 entries, text 0x410000..0x410008, fpsimd false
[    1.307062] rust_kjit: kjit: pc 0x408028: installed 1096 bytes, 1 fault sites, 12 entries, text 0x408018..0x408048, fpsimd false
aliascost enabled=1 rep=2 ns_total=203596834
[    1.509456] kjit: translate_svc_sites pid 102: 2 text ranges, 110 svc sites
[    1.510313] rust_kjit: kjit: pc 0x40c000: installed 532 bytes, 0 fault sites, 2 entries, text 0x40c000..0x40c008, fpsimd false
[    1.510977] rust_kjit: kjit: pc 0x410000: installed 532 bytes, 0 fault sites, 2 entries, text 0x410000..0x410008, fpsimd false
[    1.511489] rust_kjit: kjit: pc 0x408028: installed 1096 bytes, 1 fault sites, 12 entries, text 0x408018..0x408048, fpsimd false
aliascost enabled=1 rep=3 ns_total=207650833
[    1.717879] kjit: translate_svc_sites pid 105: 2 text ranges, 110 svc sites
[    1.718406] rust_kjit: kjit: pc 0x40c000: installed 532 bytes, 0 fault sites, 2 entries, text 0x40c000..0x40c008, fpsimd false
[    1.719000] rust_kjit: kjit: pc 0x410000: installed 532 bytes, 0 fault sites, 2 entries, text 0x410000..0x410008, fpsimd false
[    1.719567] rust_kjit: kjit: pc 0x408028: installed 1096 bytes, 1 fault sites, 12 entries, text 0x408018..0x408048, fpsimd false
aliascost enabled=1 rep=4 ns_total=207457250
[    1.927008] kjit: translate_svc_sites pid 108: 2 text ranges, 110 svc sites
[    1.927375] rust_kjit: kjit: pc 0x40c000: installed 532 bytes, 0 fault sites, 2 entries, text 0x40c000..0x40c008, fpsimd false
[    1.927847] rust_kjit: kjit: pc 0x410000: installed 532 bytes, 0 fault sites, 2 entries, text 0x410000..0x410008, fpsimd false
[    1.928332] rust_kjit: kjit: pc 0x408028: installed 1096 bytes, 1 fault sites, 12 entries, text 0x408018..0x408048, fpsimd false
aliascost enabled=1 rep=5 ns_total=207043458
[    2.134813] kjit: translate_svc_sites pid 112: 2 text ranges, 110 svc sites
[    2.135273] rust_kjit: kjit: pc 0x40c000: installed 532 bytes, 0 fault sites, 2 entries, text 0x40c000..0x40c008, fpsimd false
[    2.135820] rust_kjit: kjit: pc 0x410000: installed 532 bytes, 0 fault sites, 2 entries, text 0x410000..0x410008, fpsimd false
[    2.136391] rust_kjit: kjit: pc 0x408028: installed 1096 bytes, 1 fault sites, 12 entries, text 0x408018..0x408048, fpsimd false
aliascost enabled=1 rep=6 ns_total=204531376
fragment_entries 700658
chain_cap 0
exit_budget 0
ibtc_insert 56
ibtc_replace 14
[    2.340036] kjit: 0 of 0 translation requests still queued at unload (freed by the kernel)
[    2.351898] rust_kjit: ######## Rust KJIT exits ########
kjit-init: rmmod kjit ok
kjit-init: run exit=0
[    2.385618] reboot: Power down
guest-run: PASS (/Volumes/Local/kjit-a4b2/build/runs/meas-v5-20261009-031247/serial.log)
grun: rc=0 run_dir=/Volumes/Local/kjit-a4b2/build/runs/meas-v5-20261009-031247
