k4-adv: kill9 PASS: kill9 #1: server status 137;kill9 #2: server status 137;kill9 #3: server status 137;
k4:   kill9#1: hot: 1093237 fragment entries, 0 syscalls in kernel before the event
k4:   kill9#2: hot: 1066492 fragment entries, 0 syscalls in kernel before the event
k4:   kill9#3: hot: 1077461 fragment entries, 0 syscalls in kernel before the event
k4:   kill9: in_kernel=0/430905 syscalls (0.0%) entries=4442585 chains=4018906 chain_cap=0 translated=132 (entry_unsupported=0 compile=0 verify=0 capped=0 neg=0) invalidated=0 released=132
k4:   kill9: exits svc=0 bl=1579800 blr=301356 br=120682 ret=2024768 mem=0 unsupported=415979 budget=0 invalid=0 svc_declined=0
k4:   kill9: unsupported_top (word(exits/entry_stops)): 0xf8200020(376905/0) 0x4c407061(39074/0) 
k4-adv: sigterm PASS: TERM: server status 0;sigterm: shutdown and clean exit logged;
k4:   TERM: hot: 1077563 fragment entries, 0 syscalls in kernel before the event
k4:   sigterm: in_kernel=0/151571 syscalls (0.0%) entries=1559600 chains=1410740 chain_cap=0 translated=44 (entry_unsupported=0 compile=0 verify=0 capped=0 neg=0) invalidated=0 released=44
k4:   sigterm: exits svc=0 bl=553762 blr=106866 br=40231 ret=712456 mem=0 unsupported=146285 budget=0 invalid=0 svc_declined=0
k4:   sigterm: unsupported_top (word(exits/entry_stops)): 0xf8200020(133259/0) 0x4c407061(13026/0) 
k4-adv: sigusr1 PASS: USR1: server status 138;
k4:   USR1: hot: 1090194 fragment entries, 0 syscalls in kernel before the event
k4:   sigusr1: in_kernel=0/143222 syscalls (0.0%) entries=1477984 chains=1337268 chain_cap=0 translated=44 (entry_unsupported=0 compile=0 verify=0 capped=0 neg=0) invalidated=0 released=44
k4:   sigusr1: exits svc=0 bl=525520 blr=101121 br=40230 ret=672962 mem=0 unsupported=138151 budget=0 invalid=0 svc_declined=0
k4:   sigusr1: unsupported_top (word(exits/entry_stops)): 0xf8200020(125125/0) 0x4c407061(13026/0) 
k4-adv: stopcont PASS: stopcont: load status 0;dbsize 10045 digest a595c3aec0dfe15c636c10750e98bb92f179efe8;
k4:   stopcont: hot: 1076650 fragment entries, 0 syscalls in kernel before the event
k4:   stopcont: in_kernel=0/5783808 syscalls (0.0%) entries=59333168 chains=53554546 chain_cap=0 translated=44 (entry_unsupported=0 compile=0 verify=0 capped=0 neg=0) invalidated=0 released=44
k4:   stopcont: exits svc=0 bl=20494928 blr=4689380 br=40228 ret=28333906 mem=0 unsupported=5774726 budget=0 invalid=0 svc_declined=0
k4:   stopcont: unsupported_top (word(exits/entry_stops)): 0xf8200020(5761701/0) 0x4c407061(13025/0) 
k4-adv: segfault PASS: segfault: server status 139;crashed by signal: 11, si_code: 2;Accessing address: <page-aligned>;segfault: stack trace names debugCommand: yes;segfault: core files 1;
k4:   segfault: hot: 1081303 fragment entries, 0 syscalls in kernel before the event
k4:   segfault: in_kernel=0/144514 syscalls (0.0%) entries=1475915 chains=1335178 chain_cap=0 translated=44 (entry_unsupported=0 compile=0 verify=0 capped=0 neg=0) invalidated=0 released=44
k4:   segfault: exits svc=0 bl=524856 blr=100371 br=40230 ret=672397 mem=0 unsupported=138061 budget=0 invalid=0 svc_declined=0
k4:   segfault: unsupported_top (word(exits/entry_stops)): 0xf8200020(125035/0) 0x4c407061(13026/0) 
k4-adv: bgsave PASS: bgsave: load status 0;bgsave: before restart dbsize 10045 digest a595c3aec0dfe15c636c10750e98bb92f179efe8;bgsave: redis-check-rdb ok;bgsave: after restart dbsize 10045 digest a595c3aec0dfe15c636c10750
k4:   bgsave: hot: 1076619 fragment entries, 0 syscalls in kernel before the event
k4:   bgsave: in_kernel=0/5786289 syscalls (0.0%) entries=59270359 chains=53495750 chain_cap=0 translated=44 (entry_unsupported=0 compile=0 verify=0 capped=0 neg=0) invalidated=0 released=44
k4:   bgsave: exits svc=0 bl=20473966 blr=4676670 br=40230 ret=28308960 mem=0 unsupported=5770533 budget=0 invalid=0 svc_declined=0
k4:   bgsave: unsupported_top (word(exits/entry_stops)): 0xf8200020(5757507/0) 0x4c407061(13026/0) 
k4-adv: aofrw PASS: aofrw: load status 0;aofrw: before restart dbsize 10045 digest a595c3aec0dfe15c636c10750e98bb92f179efe8;aofrw: after restart from the AOF dbsize 10045 digest a595c3aec0dfe15c636c10750e98bb92f179efe8;
k4:   aofrw: hot: 1124254 fragment entries, 0 syscalls in kernel before the event
k4:   aofrw: in_kernel=0/5005422 syscalls (0.0%) entries=45913864 chains=40922395 chain_cap=0 translated=58 (entry_unsupported=0 compile=0 verify=0 capped=0 neg=0) invalidated=0 released=58
k4:   aofrw: exits svc=0 bl=15973635 blr=1880511 br=40220 ret=23033317 mem=0 unsupported=4986181 budget=0 invalid=0 svc_declined=0
k4:   aofrw: unsupported_top (word(exits/entry_stops)): 0xf8200020(4825426/0) 0x4e080ec0(141069/0) 0x4c407061(15247/0) 0xb8608020(4014/0) 0x3dc00020(425/0) 
k4-adv: config PASS: config: 5 module load/unload and config set rounds ok;config: load status 0; misc module still loaded: 0;dbsize 10045 digest a595c3aec0dfe15c636c10750e98bb92f179efe8;
k4:   config: hot: 1159494 fragment entries, 0 syscalls in kernel before the event
k4:   config: in_kernel=0/6593951 syscalls (0.0%) entries=63900712 chains=57320378 chain_cap=0 translated=49 (entry_unsupported=0 compile=0 verify=0 capped=0 neg=0) invalidated=0 released=49
k4:   config: exits svc=0 bl=22253809 blr=3680323 br=124624 ret=31266287 mem=0 unsupported=6575669 budget=0 invalid=0 svc_declined=0
k4:   config: unsupported_top (word(exits/entry_stops)): 0xf8200020(6478371/0) 0x88e07c41(84276/0) 0x4c407061(13022/0) 
k4-adv: reload PASS: reload: 5 unloads under load; load status 0; ping PONG;dbsize 10045 digest 8630698fcae208583f0c9e6fe598b8d0226d4767;
k4:   reload: hot: 1088239 fragment entries, 0 syscalls in kernel before the event
k4:   reload: counters of the last load: syscalls_in_kernel 0 fragment_entries 74272341 exit_invalid 0 translate_verify_rejected 0 
k4-adv: maxmemory PASS: maxmemory: evicted yes;maxmemory: used within 32mb+1mb yes;maxmemory: noeviction write: OOM command not allowed when used memory;maxmemory: after lifting the limit: OK;
k4:   maxmemory: hot: 1042147 fragment entries, 0 syscalls in kernel before the event
k4:   maxmemory: in_kernel=0/1100717 syscalls (0.0%) entries=11244921 chains=10147826 chain_cap=0 translated=29 (entry_unsupported=0 compile=0 verify=0 capped=0 neg=0) invalidated=0 released=29
k4:   maxmemory: exits svc=0 bl=3881308 blr=889963 br=0 ret=5378392 mem=0 unsupported=1095258 budget=0 invalid=0 svc_declined=0
k4:   maxmemory: unsupported_top (word(exits/entry_stops)): 0xf8200020(1095258/0) 
k4-adv: ALL PASS
