[    0.000000] Booting Linux on physical CPU 0x0000000000 [0x610f0000]
[    0.000000] Linux version 7.1.0-rc1+ (@kjit-dev-container) (Ubuntu clang version 18.1.3 (1ubuntu1), Ubuntu LLD 18.1.3) #1 SMP PREEMPT Fri Oct  9 14:56:16 UTC 2026
[    0.000000] random: crng init done
[    0.000000] Machine model: linux,dummy-virt
[    0.000000] OF: reserved mem: Reserved memory: No reserved-memory node in the DT
[    0.000000] psci: probing for conduit method from DT.
[    0.000000] psci: PSCIv1.1 detected in firmware.
[    0.000000] psci: Using standard PSCI v0.2 function IDs
[    0.000000] psci: Trusted OS migration not required
[    0.000000] psci: SMC Calling Convention v1.0
[    0.000000] Zone ranges:
[    0.000000]   Normal   [mem 0x0000000040000000-0x000000013fffffff]
[    0.000000] Movable zone start for each node
[    0.000000] Early memory node ranges
[    0.000000]   node   0: [mem 0x0000000040000000-0x000000013fffffff]
[    0.000000] Initmem setup node 0 [mem 0x0000000040000000-0x000000013fffffff]
[    0.000000] percpu: Embedded 19 pages/cpu s38488 r8192 d31144 u77824
[    0.000000] Detected PIPT I-cache on CPU0
[    0.000000] CPU features: detected: Address authentication (IMP DEF algorithm)
[    0.000000] CPU features: detected: Spectre-v4
[    0.000000] CPU features: detected: Spectre-BHB
[    0.000000] CPU features: kernel page table isolation forced OFF by mitigations=off
[    0.000000] alternatives: applying boot alternatives
[    0.000000] Kernel command line: console=ttyAMA0 panic=-1 nokaslr mitigations=off ssbd=force-off
[    0.000000] Unknown kernel command line parameters "nokaslr", will be passed to user space.
[    0.000000] printk: log buffer data + meta data: 131072 + 458752 = 589824 bytes
[    0.000000] Dentry cache hash table entries: 524288 (order: 10, 4194304 bytes, linear)
[    0.000000] Inode-cache hash table entries: 262144 (order: 9, 2097152 bytes, linear)
[    0.000000] software IO TLB: SWIOTLB bounce buffer size adjusted to 4MB
[    0.000000] software IO TLB: area num 4.
[    0.000000] software IO TLB: mapped [mem 0x000000013ac00000-0x000000013b000000] (4MB)
[    0.000000] Built 1 zonelists, mobility grouping on.  Total pages: 1048576
[    0.000000] mem auto-init: stack:all(zero), heap alloc:off, heap free:off
[    0.000000] SLUB: HWalign=64, Order=0-3, MinObjects=0, CPUs=4, Nodes=1
[    0.000000] rcu: Preemptible hierarchical RCU implementation.
[    0.000000] rcu: 	RCU restricting CPUs from NR_CPUS=512 to nr_cpu_ids=4.
[    0.000000] rcu: RCU calculated value of scheduler-enlistment delay is 25 jiffies.
[    0.000000] rcu: Adjusting geometry for rcu_fanout_leaf=16, nr_cpu_ids=4
[    0.000000] NR_IRQS: 64, nr_irqs: 64, preallocated irqs: 0
[    0.000000] Root IRQ handler: gic_handle_irq
[    0.000000] GICv2m: range[mem 0x08020000-0x08020fff], SPI[80:143]
[    0.000000] rcu: srcu_init: Setting srcu_struct sizes based on contention.
[    0.000000] arch_timer: cp15 timer running at 24.00MHz (virt).
[    0.000000] clocksource: arch_sys_counter: mask: 0xffffffffffffff max_cycles: 0x588fe9dc0, max_idle_ns: 440795202592 ns
[    0.000000] sched_clock: 56 bits at 24MHz, resolution 41ns, wraps every 4398046511097ns
[    0.000092] Console: colour dummy device 80x25
[    0.000100] Calibrating delay loop (skipped), value calculated using timer frequency.. 48.00 BogoMIPS (lpj=96000)
[    0.000101] pid_max: default: 32768 minimum: 301
[    0.000226] Mount-cache hash table entries: 8192 (order: 4, 65536 bytes, linear)
[    0.000233] Mountpoint-cache hash table entries: 8192 (order: 4, 65536 bytes, linear)
[    0.000304] VFS: Finished mounting rootfs on nullfs
[    0.000435] cacheinfo: Unable to detect cache hierarchy for CPU 0
[    0.000537] rcu: Hierarchical SRCU implementation.
[    0.000538] rcu: 	Max phase no-delay instances is 1000.
[    0.000555] Timer migration: 1 hierarchy levels; 8 children per group; 1 crossnode level
[    0.000587] smp: Bringing up secondary CPUs ...
[    0.000799] Detected PIPT I-cache on CPU1
[    0.000899] CPU1: Booted secondary processor 0x0000000001 [0x610f0000]
[    0.001191] Detected PIPT I-cache on CPU2
[    0.001283] CPU2: Booted secondary processor 0x0000000002 [0x610f0000]
[    0.001503] Detected PIPT I-cache on CPU3
[    0.001609] CPU3: Booted secondary processor 0x0000000003 [0x610f0000]
[    0.001690] smp: Brought up 1 node, 4 CPUs
[    0.001691] SMP: Total of 4 processors activated.
[    0.001691] CPU: All CPU(s) started at EL1
[    0.001692] CPU features: detected: ARMv8.4 Translation Table Level
[    0.001693] CPU features: detected: Data cache clean to the PoU not required for I/D coherence
[    0.001693] CPU features: detected: CRC32 instructions
[    0.001694] CPU features: detected: Data independent timing control (DIT)
[    0.001694] CPU features: detected: E0PD
[    0.001695] CPU features: detected: Generic authentication (IMP DEF algorithm)
[    0.001695] CPU features: detected: RCpc load-acquire (LDAPR)
[    0.001696] CPU features: detected: LSE atomic instructions
[    0.001697] CPU features: detected: Privileged Access Never
[    0.001697] CPU features: detected: Speculation barrier (SB)
[    0.001697] CPU features: detected: TLB range maintenance instructions
[    0.001698] CPU features: detected: XNX
[    0.001825] alternatives: applying system-wide alternatives
[    0.002321] spectre-v2 mitigation disabled by command-line option
[    0.002321] spectre-v4 mitigation disabled by command-line option
[    0.002322] spectre-bhb mitigation disabled by command-line option
[    0.002971] Memory: 3910752K/4194304K available (5248K kernel code, 754K rwdata, 2356K rodata, 576K init, 405K bss, 280372K reserved, 0K cma-reserved)
[    0.003364] devtmpfs: initialized
[    0.003742] clocksource: jiffies: mask: 0xffffffff max_cycles: 0xffffffff, max_idle_ns: 7645041785100000 ns
[    0.003746] posixtimers hash table entries: 2048 (order: 3, 32768 bytes, linear)
[    0.003762] futex hash table entries: 1024 (65536 bytes on 1 NUMA nodes, total 64 KiB, linear).
[    0.003767] 30384 pages in range for non-PLT usage
[    0.003767] 521904 pages in range for PLT usage
[    0.003828] NET: Registered PF_NETLINK/PF_ROUTE protocol family
[    0.004253] DMA: preallocated 512 KiB GFP_KERNEL pool for atomic allocations
[    0.004286] ASID allocator initialised with 256 entries
[    0.004294] Serial: AMBA PL011 UART driver
[    0.004694] 9000000.pl011: ttyAMA0 at MMIO 0x9000000 (irq = 13, base_baud = 0) is a PL011 rev1
[    0.004848] printk: console [ttyAMA0] enabled
[    0.009868] vgaarb: loaded
[    0.010142] clocksource: Switched to clocksource arch_sys_counter
[    0.013926] NET: Registered PF_INET protocol family
[    0.014002] IP idents hash table entries: 65536 (order: 7, 524288 bytes, linear)
[    0.014531] tcp_listen_portaddr_hash hash table entries: 2048 (order: 3, 32768 bytes, linear)
[    0.014538] Table-perturb hash table entries: 65536 (order: 6, 262144 bytes, linear)
[    0.014541] TCP established hash table entries: 32768 (order: 6, 262144 bytes, linear)
[    0.014589] TCP bind hash table entries: 32768 (order: 8, 1048576 bytes, linear)
[    0.014738] TCP: Hash tables configured (established 32768 bind 32768)
[    0.014759] UDP hash table entries: 2048 (order: 5, 131072 bytes, linear)
[    0.014832] NET: Registered PF_UNIX/PF_LOCAL protocol family
[    0.014836] PCI: CLS 0 bytes, default 64
[    0.015242] Unpacking initramfs...
[    0.018627] workingset: timestamp_bits=46 (anon: 42) max_order=20 bucket_order=0 (anon: 0)
[    0.018699] 9p: Installing v9fs 9p2000 file system support
[    0.022678] pci-host-generic 4010000000.pcie: host bridge /pcie@10000000 ranges:
[    0.022688] pci-host-generic 4010000000.pcie:       IO 0x003eff0000..0x003effffff -> 0x0000000000
[    0.022691] pci-host-generic 4010000000.pcie:      MEM 0x0010000000..0x003efeffff -> 0x0010000000
[    0.022692] pci-host-generic 4010000000.pcie:      MEM 0x8000000000..0xffffffffff -> 0x8000000000
[    0.022697] pci-host-generic 4010000000.pcie: Memory resource size exceeds max for 32 bits
[    0.022708] pci-host-generic 4010000000.pcie: ECAM at [mem 0x4010000000-0x401fffffff] for [bus 00-ff]
[    0.022735] pci-host-generic 4010000000.pcie: PCI host bridge to bus 0000:00
[    0.022736] pci_bus 0000:00: root bus resource [bus 00-ff]
[    0.022737] pci_bus 0000:00: root bus resource [io  0x0000-0xffff]
[    0.022737] pci_bus 0000:00: root bus resource [mem 0x10000000-0x3efeffff]
[    0.022738] pci_bus 0000:00: root bus resource [mem 0x8000000000-0xffffffffff]
[    0.022756] pci 0000:00:00.0: [1b36:0008] type 00 class 0x060000 conventional PCI endpoint
[    0.022997] pci 0000:00:01.0: [1af4:1000] type 00 class 0x020000 conventional PCI endpoint
[    0.023109] pci 0000:00:01.0: BAR 0 [io  0x0000-0x001f]
[    0.023115] pci 0000:00:01.0: BAR 1 [mem 0x00000000-0x00000fff]
[    0.023124] pci 0000:00:01.0: BAR 4 [mem 0x00000000-0x00003fff 64bit pref]
[    0.023126] pci 0000:00:01.0: ROM [mem 0x00000000-0x0003ffff pref]
[    0.023369] pci 0000:00:02.0: [1af4:1009] type 00 class 0x000200 conventional PCI endpoint
[    0.023615] pci 0000:00:02.0: BAR 0 [io  0x0000-0x003f]
[    0.023618] pci 0000:00:02.0: BAR 1 [mem 0x00000000-0x00000fff]
[    0.023628] pci 0000:00:02.0: BAR 4 [mem 0x00000000-0x00003fff 64bit pref]
[    0.024042] pci 0000:00:03.0: [1af4:1005] type 00 class 0x00ff00 conventional PCI endpoint
[    0.024128] pci 0000:00:03.0: BAR 0 [io  0x0000-0x001f]
[    0.024130] pci 0000:00:03.0: BAR 1 [mem 0x00000000-0x00000fff]
[    0.024145] pci 0000:00:03.0: BAR 4 [mem 0x00000000-0x00003fff 64bit pref]
[    0.024411] pci 0000:00:01.0: ROM [mem 0x10000000-0x1003ffff pref]: assigned
[    0.024413] pci 0000:00:01.0: BAR 4 [mem 0x8000000000-0x8000003fff 64bit pref]: assigned
[    0.024429] pci 0000:00:02.0: BAR 4 [mem 0x8000004000-0x8000007fff 64bit pref]: assigned
[    0.024445] pci 0000:00:03.0: BAR 4 [mem 0x8000008000-0x800000bfff 64bit pref]: assigned
[    0.024464] pci 0000:00:01.0: BAR 1 [mem 0x10040000-0x10040fff]: assigned
[    0.024468] pci 0000:00:02.0: BAR 1 [mem 0x10041000-0x10041fff]: assigned
[    0.024471] pci 0000:00:03.0: BAR 1 [mem 0x10042000-0x10042fff]: assigned
[    0.024474] pci 0000:00:02.0: BAR 0 [io  0x1000-0x103f]: assigned
[    0.024478] pci 0000:00:01.0: BAR 0 [io  0x1040-0x105f]: assigned
[    0.024481] pci 0000:00:03.0: BAR 0 [io  0x1060-0x107f]: assigned
[    0.024484] pci_bus 0000:00: resource 4 [io  0x0000-0xffff]
[    0.024485] pci_bus 0000:00: resource 5 [mem 0x10000000-0x3efeffff]
[    0.024485] pci_bus 0000:00: resource 6 [mem 0x8000000000-0xffffffffff]
[    0.025187] virtio-pci 0000:00:01.0: enabling device (0000 -> 0003)
[    0.025871] virtio-pci 0000:00:02.0: enabling device (0000 -> 0003)
[    0.027384] virtio-pci 0000:00:03.0: enabling device (0000 -> 0003)
[    0.065737] rtc-pl031 9010000.pl031: registered as rtc0
[    0.065745] rtc-pl031 9010000.pl031: setting system clock to 2026-10-10T01:36:39 UTC (1791596199)
[    0.065836] NET: Registered PF_INET6 protocol family
[    0.066535] Segment Routing with IPv6
[    0.066539] In-situ OAM (IOAM) with IPv6
[    0.066546] sit: IPv6, IPv4 and MPLS over IPv4 tunneling driver
[    0.066599] NET: Registered PF_PACKET protocol family
[    0.066604] 9pnet: Installing 9P2000 support
[    0.071324] clk: Disabling unused clocks
[    0.122737] Freeing initrd memory: 185352K
[    0.123114] Freeing unused kernel memory: 576K
[    0.123156] Run /init as init process
[    0.140456] kjit: loading out-of-tree module taints kernel.
[    0.141570] rust_kjit: ######## Rust KJIT inits ########
[    0.141641] rust_kjit: golden tests/arm64/toy_cfg.s:hot_svc_mark PASS: 844 fragment bytes match harness
kjit-init: insmod kjit.ko ok
FACT cmdline: console=ttyAMA0 panic=-1 nokaslr mitigations=off ssbd=force-off
FACT spec_store_bypass: Vulnerable
FACT dmesg [    0.000000] CPU features: detected: Spectre-v4
FACT dmesg [    0.000000] Kernel command line: console=ttyAMA0 panic=-1 nokaslr mitigations=off ssbd=force-off
FACT dmesg [    0.002321] spectre-v4 mitigation disabled by command-line option
exp1 ids midr=0x610f0000 id_aa64pfr1=0x0 pfr1.ssbs=0 sctlr_el1=0xfc74799d
exp1 exp_freq ps_per_op median=327 min=325 (outer=6666666 trips_per_outer=1 ops=8)
exp1 exp_loop ps_per_op median=321 min=312 (outer=20000000 trips_per_outer=1 ops=1)
exp1 exp_fwd ps_per_op median=1497 min=1477 (outer=10000000 trips_per_outer=1 ops=1)
exp1 exp_rmw1 ps_per_op median=2158 min=2123 (outer=6666666 trips_per_outer=1 ops=1)
exp1 exp_rmw2 ps_per_op median=2116 min=2103 (outer=4000000 trips_per_outer=1 ops=2)
exp1 exp_rmw3 ps_per_op median=2103 min=2087 (outer=2857142 trips_per_outer=1 ops=3)
exp1 exp_rmw4 ps_per_op median=2068 min=2050 (outer=2222222 trips_per_outer=1 ops=4)
exp1 exp_rmw1_sp ps_per_op median=2136 min=2103 (outer=6666666 trips_per_outer=1 ops=1)
exp1 exp_rmw2_indep ps_per_op median=1049 min=1027 (outer=6666666 trips_per_outer=1 ops=2)
exp1 exp_rmw4_indep ps_per_op median=553 min=547 (outer=6666666 trips_per_outer=1 ops=4)
exp1 exp_reg1 ps_per_op median=321 min=312 (outer=20000000 trips_per_outer=1 ops=1)
exp1 exp_reg3 ps_per_op median=360 min=359 (outer=10000000 trips_per_outer=1 ops=3)
exp1 exp_rmw_every4 ps_per_op median=135 min=133 (outer=20000000 trips_per_outer=1 ops=4)
exp1 exp_strlen_native ps_per_op median=323 min=322 (outer=29895 trips_per_outer=2048 ops=1)
exp1 exp_strlen_ldtr ps_per_op median=324 min=321 (outer=29940 trips_per_outer=2048 ops=1)
exp1 exp_strlen_rmw ps_per_op median=2143 min=2112 (outer=4592 trips_per_outer=2048 ops=1)
exp1 exp_strlen_reg ps_per_op median=324 min=319 (outer=30120 trips_per_outer=2048 ops=1)
exp1 exp_strlen_plain_rmw ps_per_op median=2140 min=2108 (outer=4555 trips_per_outer=2048 ops=1)
exp1 exp_hash_native ps_per_op median=949 min=939 (outer=10245 trips_per_outer=2048 ops=1)
exp1 exp_hash_ldtr ps_per_op median=950 min=942 (outer=10277 trips_per_outer=2048 ops=1)
exp1 exp_hash_rmw ps_per_op median=2212 min=2174 (outer=3586 trips_per_outer=2048 ops=1)
exp1 exp_copyb_native ps_per_op median=319 min=316 (outer=30627 trips_per_outer=2048 ops=1)
exp1 exp_copyb_ldtr ps_per_op median=320 min=316 (outer=30534 trips_per_outer=2048 ops=1)
exp1 exp_copyb_rmw ps_per_op median=2122 min=2090 (outer=4465 trips_per_outer=2048 ops=1)
exp1 exp_copy16_native ps_per_op median=382 min=374 (outer=416666 trips_per_outer=128 ops=1)
exp1 exp_copy16_ldtr ps_per_op median=539 min=534 (outer=277777 trips_per_outer=128 ops=1)
exp1 exp_copy16_rmw ps_per_op median=2079 min=2052 (outer=73260 trips_per_outer=128 ops=1)
exp1 exp_simd_plain ps_per_op median=398 min=391 (outer=714285 trips_per_outer=64 ops=1)
exp1 exp_simd_plain_rmw ps_per_op median=2143 min=2101 (outer=144927 trips_per_outer=64 ops=1)
exp1 exp_simd_win1_rmw ps_per_op median=15524 min=15382 (outer=20429 trips_per_outer=64 ops=1)
exp1 exp_simd_win1_nobud ps_per_op median=15416 min=15297 (outer=20429 trips_per_outer=64 ops=1)
exp1 exp_simd_win1_reg ps_per_op median=15337 min=15149 (outer=19920 trips_per_outer=64 ops=1)
exp1 exp_simd_win2_rmw ps_per_op median=7739 min=7649 (outer=40733 trips_per_outer=64 ops=1)
exp1 exp_simd_win2_reg ps_per_op median=7677 min=7569 (outer=41493 trips_per_outer=64 ops=1)
exp1 exp_simd_nopan_rmw ps_per_op median=2247 min=2087 (outer=145985 trips_per_outer=64 ops=1)
exp1 exp_simd_nopan_nobud ps_per_op median=560 min=552 (outer=555555 trips_per_outer=64 ops=1)
exp1 exp_pan_pair ps_per_op median=4142 min=4119 (outer=4000000 trips_per_outer=1 ops=1)
exp1 exp_pan_win_ldp ps_per_op median=7695 min=7588 (outer=2500000 trips_per_outer=1 ops=1)
exp1 exp_pan_nowin_ldp ps_per_op median=315 min=310 (outer=20000000 trips_per_outer=1 ops=1)
exp1 exp_pan_win_ldr ps_per_op median=7677 min=7559 (outer=2500000 trips_per_outer=1 ops=1)
exp1 exp_calls_native ps_per_op median=1585 min=1560 (outer=10000000 trips_per_outer=1 ops=1)
exp1 exp_calls_all ps_per_op median=6257 min=6196 (outer=2222222 trips_per_outer=1 ops=1)
exp1 exp_calls_nobud ps_per_op median=2061 min=2048 (outer=6666666 trips_per_outer=1 ops=1)
exp1 exp_calls_reg ps_per_op median=2309 min=2252 (outer=6666666 trips_per_outer=1 ops=1)
exp1 exp_calls_nodisp ps_per_op median=6456 min=6400 (outer=2857142 trips_per_outer=1 ops=1)
exp1 exp_calls_noalign ps_per_op median=6726 min=6285 (outer=2857142 trips_per_outer=1 ops=1)
exp1 exp_calls_nouacc ps_per_op median=6364 min=6219 (outer=2857142 trips_per_outer=1 ops=1)
exp1 exp_calls_bud_only ps_per_op median=6379 min=6268 (outer=2857142 trips_per_outer=1 ops=1)
exp1 exp_calls_disp_only ps_per_op median=1624 min=1614 (outer=10000000 trips_per_outer=1 ops=1)
exp1 exp_calls_acc_only ps_per_op median=1565 min=1452 (outer=10000000 trips_per_outer=1 ops=1)
exp1 exp_strlen_flag ps_per_op median=325 min=322 (outer=29717 trips_per_outer=2048 ops=1)
exp1 exp_copy16_flag ps_per_op median=606 min=602 (outer=253164 trips_per_outer=128 ops=1)
exp1 exp_simd_gpr_nobud ps_per_op median=1094 min=1090 (outer=259740 trips_per_outer=64 ops=1)
exp1 exp_simd_gpr_rmw ps_per_op median=2114 min=2090 (outer=144927 trips_per_outer=64 ops=1)
exp1 exp_simd_gpr_reg ps_per_op median=1100 min=1084 (outer=281690 trips_per_outer=64 ops=1)
exp1 exp_simd_win2_flag ps_per_op median=7669 min=7523 (outer=40983 trips_per_outer=64 ops=1)
exp1 exp_rmw1_uslot ps_per_op median=2132 min=2111 (outer=6666666 trips_per_outer=1 ops=1)
exp1 exp_flagpoll2 ps_per_op median=313 min=311 (outer=20000000 trips_per_outer=1 ops=1)
exp1 exp_calls_persite ps_per_op median=2504 min=2494 (outer=6666666 trips_per_outer=1 ops=1)
exp1 exp_calls_flag ps_per_op median=2414 min=2399 (outer=6666666 trips_per_outer=1 ops=1)
exp1 exp_calls_reg_nodisp ps_per_op median=1591 min=1581 (outer=10000000 trips_per_outer=1 ops=1)
exp1 exp_rmw1_s0 ps_per_op median=2152 min=2130 (outer=6666666 trips_per_outer=1 ops=1)
exp1 exp_rmw1_s1 ps_per_op median=342 min=314 (outer=20000000 trips_per_outer=1 ops=1)
exp1 exp_rmw3_s0 ps_per_op median=2112 min=2075 (outer=2857142 trips_per_outer=1 ops=3)
exp1 exp_rmw3_s1 ps_per_op median=1536 min=1514 (outer=4000000 trips_per_outer=1 ops=3)
exp1 exp_fwd_s0 ps_per_op median=1476 min=1456 (outer=10000000 trips_per_outer=1 ops=1)
exp1 exp_fwd_s1 ps_per_op median=312 min=311 (outer=20000000 trips_per_outer=1 ops=1)
exp1 exp_strlen_rmw_s0 ps_per_op median=6 min=6 (outer=1428571 trips_per_outer=2048 ops=1)
exp1 exp_strlen_rmw_s1 ps_per_op median=1 min=1 (outer=6666666 trips_per_outer=2048 ops=1)
exp1 exp_calls_all_s0 ps_per_op median=6319 min=6213 (outer=2857142 trips_per_outer=1 ops=1)
exp1 exp_calls_all_s1 ps_per_op median=2522 min=2504 (outer=6666666 trips_per_outer=1 ops=1)
exp1 exp_pan_pair_s0 ps_per_op median=4080 min=4051 (outer=4000000 trips_per_outer=1 ops=1)
exp1 exp_pan_pair_s1 ps_per_op median=4136 min=4098 (outer=4000000 trips_per_outer=1 ops=1)
exp1 exp_simd_win1_rmw_s0 ps_per_op median=15296 min=15193 (outer=20470 trips_per_outer=64 ops=1)
exp1 exp_simd_win1_rmw_s1 ps_per_op median=15405 min=15197 (outer=20080 trips_per_outer=64 ops=1)
exp1 exp_loop_s0 ps_per_op median=315 min=313 (outer=20000000 trips_per_outer=1 ops=1)
exp1 exp_loop_s1 ps_per_op median=318 min=313 (outer=20000000 trips_per_outer=1 ops=1)
exp1 exp_flagpoll ps_per_op median=314 min=311 (outer=20000000 trips_per_outer=1 ops=1)
exp1 exp_cntpoll ps_per_op median=634 min=624 (outer=20000000 trips_per_outer=1 ops=1)
exp0 ssbs_msr_executes=1
exp0 exp_freq ps_per_op median=326 min=320 (outer=7500468 trips_per_outer=1 ops=8)
exp0 exp_loop ps_per_op median=323 min=318 (outer=53333333 trips_per_outer=1 ops=1)
exp0 exp_fwd ps_per_op median=327 min=322 (outer=53333333 trips_per_outer=1 ops=1)
exp0 exp_rmw1 ps_per_op median=339 min=322 (outer=53333333 trips_per_outer=1 ops=1)
exp0 exp_rmw2 ps_per_op median=1489 min=1465 (outer=6575702 trips_per_outer=1 ops=2)
exp0 exp_rmw3 ps_per_op median=1556 min=1528 (outer=4305241 trips_per_outer=1 ops=3)
exp0 exp_rmw4 ps_per_op median=1585 min=1564 (outer=3221649 trips_per_outer=1 ops=4)
exp0 exp_rmw1_sp ps_per_op median=338 min=323 (outer=16000000 trips_per_outer=1 ops=1)
exp0 exp_rmw2_indep ps_per_op median=248 min=243 (outer=36900369 trips_per_outer=1 ops=2)
exp0 exp_rmw4_indep ps_per_op median=201 min=199 (outer=23405500 trips_per_outer=1 ops=4)
exp0 exp_reg1 ps_per_op median=324 min=320 (outer=53333333 trips_per_outer=1 ops=1)
exp0 exp_reg3 ps_per_op median=366 min=359 (outer=17452006 trips_per_outer=1 ops=3)
exp0 exp_rmw_every4 ps_per_op median=21 min=20 (outer=160000000 trips_per_outer=1 ops=4)
exp0 exp_strlen_native ps_per_op median=322 min=319 (outer=29984 trips_per_outer=2048 ops=1)
exp0 exp_strlen_ldtr ps_per_op median=322 min=320 (outer=30484 trips_per_outer=2048 ops=1)
exp0 exp_strlen_rmw ps_per_op median=388 min=354 (outer=15055 trips_per_outer=2048 ops=1)
exp0 exp_strlen_reg ps_per_op median=323 min=321 (outer=28795 trips_per_outer=2048 ops=1)
exp0 exp_strlen_plain_rmw ps_per_op median=438 min=353 (outer=14787 trips_per_outer=2048 ops=1)
exp0 exp_hash_native ps_per_op median=956 min=949 (outer=10249 trips_per_outer=2048 ops=1)
exp0 exp_hash_ldtr ps_per_op median=958 min=945 (outer=9996 trips_per_outer=2048 ops=1)
exp0 exp_hash_rmw ps_per_op median=954 min=939 (outer=10389 trips_per_outer=2048 ops=1)
exp0 exp_copyb_native ps_per_op median=323 min=321 (outer=30563 trips_per_outer=2048 ops=1)
exp0 exp_copyb_ldtr ps_per_op median=323 min=318 (outer=30940 trips_per_outer=2048 ops=1)
exp0 exp_copyb_rmw ps_per_op median=401 min=398 (outer=23928 trips_per_outer=2048 ops=1)
exp0 exp_copy16_native ps_per_op median=380 min=374 (outer=423657 trips_per_outer=128 ops=1)
exp0 exp_copy16_ldtr ps_per_op median=538 min=535 (outer=297307 trips_per_outer=128 ops=1)
exp0 exp_copy16_rmw ps_per_op median=714 min=712 (outer=225936 trips_per_outer=128 ops=1)
exp0 exp_calls_native ps_per_op median=1633 min=1582 (outer=12468827 trips_per_outer=1 ops=1)
exp0 exp_calls_all ps_per_op median=2567 min=2525 (outer=7500468 trips_per_outer=1 ops=1)
exp0 exp_calls_nobud ps_per_op median=2061 min=2042 (outer=9796718 trips_per_outer=1 ops=1)
exp0 exp_calls_reg ps_per_op median=2309 min=2270 (outer=8276432 trips_per_outer=1 ops=1)
exp0 exp_calls_nodisp ps_per_op median=2773 min=2763 (outer=7217610 trips_per_outer=1 ops=1)
exp0 exp_calls_noalign ps_per_op median=2303 min=2244 (outer=9142857 trips_per_outer=1 ops=1)
exp0 exp_calls_nouacc ps_per_op median=2098 min=2089 (outer=9229349 trips_per_outer=1 ops=1)
exp0 exp_calls_bud_only ps_per_op median=2852 min=2762 (outer=7058408 trips_per_outer=1 ops=1)
exp0 exp_calls_disp_only ps_per_op median=1667 min=1654 (outer=11706175 trips_per_outer=1 ops=1)
exp0 exp_calls_acc_only ps_per_op median=1459 min=1448 (outer=13518080 trips_per_outer=1 ops=1)
exp0 exp_simd_gpr_nobud ps_per_op median=1162 min=1119 (outer=275150 trips_per_outer=64 ops=1)
exp0 exp_simd_gpr_rmw ps_per_op median=1261 min=1237 (outer=242362 trips_per_outer=64 ops=1)
exp0 exp_simd_gpr_reg ps_per_op median=1137 min=1127 (outer=193120 trips_per_outer=64 ops=1)
exp0 exp_calls_persite ps_per_op median=2604 min=2577 (outer=7741436 trips_per_outer=1 ops=1)
exp0 exp_calls_reg_nodisp ps_per_op median=1625 min=1603 (outer=11851851 trips_per_outer=1 ops=1)
exp0 exp_rmw1_s0 ps_per_op median=2175 min=2121 (outer=8808632 trips_per_outer=1 ops=1)
exp0 exp_rmw1_s1 ps_per_op median=321 min=314 (outer=16273393 trips_per_outer=1 ops=1)
exp0 exp_rmw3_s0 ps_per_op median=2139 min=1819 (outer=3096934 trips_per_outer=1 ops=3)
exp0 exp_rmw3_s1 ps_per_op median=1540 min=1493 (outer=1248361 trips_per_outer=1 ops=3)
exp0 exp_fwd_s0 ps_per_op median=1478 min=1462 (outer=12970168 trips_per_outer=1 ops=1)
exp0 exp_fwd_s1 ps_per_op median=314 min=312 (outer=48019207 trips_per_outer=1 ops=1)
exp0 exp_strlen_rmw_s0 ps_per_op median=2183 min=2143 (outer=4588 trips_per_outer=2048 ops=1)
exp0 exp_strlen_rmw_s1 ps_per_op median=399 min=370 (outer=21915 trips_per_outer=2048 ops=1)
exp0 exp_calls_all_s0 ps_per_op median=6209 min=5803 (outer=2990654 trips_per_outer=1 ops=1)
exp0 exp_calls_all_s1 ps_per_op median=2562 min=2544 (outer=7933359 trips_per_outer=1 ops=1)
exp0 exp_loop_s0 ps_per_op median=324 min=316 (outer=56497175 trips_per_outer=1 ops=1)
exp0 exp_loop_s1 ps_per_op median=317 min=312 (outer=53333333 trips_per_outer=1 ops=1)
exp0 exp_cntpoll ps_per_op median=627 min=626 (outer=29090909 trips_per_outer=1 ops=1)
[   17.155095] kjit: 0 of 0 translation requests still queued at unload (freed by the kernel)
[   17.190987] rust_kjit: ######## Rust KJIT exits ########
kjit-init: rmmod kjit ok
kjit-init: run exit=0
[   17.213205] reboot: Power down
