k4-adv: kill9 PASS: kill9 #1: server status 137;kill9 #2: server status 137;kill9 #3: server status 137;
k4:   kill9#1: hot: 1088696 fragment entries, 0 syscalls in kernel before the event
k4:   kill9#2: hot: 1085147 fragment entries, 0 syscalls in kernel before the event
k4:   kill9#3: hot: 1069946 fragment entries, 0 syscalls in kernel before the event
k4:   kill9: in_kernel=0/428269 syscalls (0.0%) entries=4422651 chains=4001634 chain_cap=0 translated=132 (entry_unsupported=0 compile=0 verify=0 capped=0 neg=0) invalidated=0 released=132
k4:   kill9: exits svc=0 bl=1572650 blr=302580 br=120694 ret=2013405 mem=0 unsupported=413322 budget=0 invalid=0 svc_declined=0
k4:   kill9: unsupported_top (word(exits/entry_stops)): 0xf8200020(374243/0) 0x4c407061(39079/0) 
k4-adv: sigterm PASS: TERM: server status 0;sigterm: shutdown and clean exit logged;
k4:   TERM: hot: 1047208 fragment entries, 0 syscalls in kernel before the event
k4:   sigterm: in_kernel=0/146464 syscalls (0.0%) entries=1507493 chains=1363742 chain_cap=0 translated=44 (entry_unsupported=0 compile=0 verify=0 capped=0 neg=0) invalidated=0 released=44
k4:   sigterm: exits svc=0 bl=535766 blr=102852 br=40233 ret=687464 mem=0 unsupported=141178 budget=0 invalid=0 svc_declined=0
k4:   sigterm: unsupported_top (word(exits/entry_stops)): 0xf8200020(128151/0) 0x4c407061(13027/0) 
k4-adv: sigusr1 PASS: USR1: server status 138;
k4:   USR1: hot: 1078726 fragment entries, 0 syscalls in kernel before the event
k4:   sigusr1: in_kernel=0/142765 syscalls (0.0%) entries=1474983 chains=1334790 chain_cap=0 translated=44 (entry_unsupported=0 compile=0 verify=0 capped=0 neg=0) invalidated=0 released=44
k4:   sigusr1: exits svc=0 bl=524386 blr=101811 br=40216 ret=670949 mem=0 unsupported=137621 budget=0 invalid=0 svc_declined=0
k4:   sigusr1: unsupported_top (word(exits/entry_stops)): 0xf8200020(124600/0) 0x4c407061(13021/0) 
k4-adv: stopcont PASS: stopcont: load status 0;dbsize 10045 digest a595c3aec0dfe15c636c10750e98bb92f179efe8;
k4:   stopcont: hot: 1061931 fragment entries, 0 syscalls in kernel before the event
k4:   stopcont: in_kernel=0/5796346 syscalls (0.0%) entries=59521063 chains=53729910 chain_cap=0 translated=44 (entry_unsupported=0 compile=0 verify=0 capped=0 neg=0) invalidated=0 released=44
k4:   stopcont: exits svc=0 bl=20557561 blr=4726955 br=40235 ret=28409063 mem=0 unsupported=5787249 budget=0 invalid=0 svc_declined=0
k4:   stopcont: unsupported_top (word(exits/entry_stops)): 0xf8200020(5774221/0) 0x4c407061(13028/0) 
k4-adv: segfault PASS: segfault: server status 139;crashed by signal: 11, si_code: 2;Accessing address: <page-aligned>;segfault: stack trace names debugCommand: yes;segfault: core files 1;
k4:   segfault: hot: 1073921 fragment entries, 0 syscalls in kernel before the event
k4:   segfault: in_kernel=0/142040 syscalls (0.0%) entries=1453859 chains=1315601 chain_cap=0 translated=44 (entry_unsupported=0 compile=0 verify=0 capped=0 neg=0) invalidated=0 released=44
k4:   segfault: exits svc=0 bl=517116 blr=99918 br=40230 ret=661014 mem=0 unsupported=135581 budget=0 invalid=0 svc_declined=0
k4:   segfault: unsupported_top (word(exits/entry_stops)): 0xf8200020(122555/0) 0x4c407061(13026/0) 
k4-adv: bgsave PASS: bgsave: load status 0;bgsave: before restart dbsize 10045 digest a595c3aec0dfe15c636c10750e98bb92f179efe8;bgsave: redis-check-rdb ok;bgsave: after restart dbsize 10045 digest a595c3aec0dfe15c636c10750
k4:   bgsave: hot: 1063410 fragment entries, 0 syscalls in kernel before the event
k4:   bgsave: in_kernel=0/5811893 syscalls (0.0%) entries=59649901 chains=53849942 chain_cap=0 translated=45 (entry_unsupported=0 compile=0 verify=0 capped=0 neg=0) invalidated=0 released=45
k4:   bgsave: exits svc=0 bl=20600459 blr=4752570 br=40221 ret=28460820 mem=0 unsupported=5795831 budget=0 invalid=0 svc_declined=0
k4:   bgsave: unsupported_top (word(exits/entry_stops)): 0xf8200020(5782809/0) 0x4c407061(13022/0) 
k4-adv: aofrw PASS: aofrw: load status 0;aofrw: before restart dbsize 10045 digest a595c3aec0dfe15c636c10750e98bb92f179efe8;aofrw: after restart from the AOF dbsize 10045 digest a595c3aec0dfe15c636c10750e98bb92f179efe8;
k4:   aofrw: hot: 1125497 fragment entries, 0 syscalls in kernel before the event
k4:   aofrw: in_kernel=0/5003769 syscalls (0.0%) entries=45896327 chains=40906532 chain_cap=0 translated=59 (entry_unsupported=0 compile=0 verify=0 capped=0 neg=0) invalidated=0 released=59
k4:   aofrw: exits svc=0 bl=15967653 blr=1877719 br=40231 ret=23026808 mem=0 unsupported=4983916 budget=0 invalid=0 svc_declined=0
k4:   aofrw: unsupported_top (word(exits/entry_stops)): 0xf8200020(4824490/0) 0x4e080ec0(140248/0) 0x4c407061(14815/0) 0xb8608020(4013/0) 0x3dc00020(350/0) 
k4-adv: config PASS: config: 5 module load/unload and config set rounds ok;config: load status 0; misc module still loaded: 0;dbsize 10045 digest a595c3aec0dfe15c636c10750e98bb92f179efe8;
k4:   config: hot: 1007290 fragment entries, 0 syscalls in kernel before the event
k4:   config: in_kernel=0/6612125 syscalls (0.0%) entries=64105201 chains=57506732 chain_cap=0 translated=49 (entry_unsupported=0 compile=0 verify=0 capped=0 neg=0) invalidated=0 released=49
k4:   config: exits svc=0 bl=22312315 blr=3696955 br=103462 ret=31398645 mem=0 unsupported=6593824 budget=0 invalid=0 svc_declined=0
k4:   config: unsupported_top (word(exits/entry_stops)): 0xf8200020(6517696/0) 0x88e07c41(63101/0) 0x4c407061(13027/0) 
k4-adv: reload PASS: reload: 5 unloads under load; load status 0; ping PONG;dbsize 10045 digest 8630698fcae208583f0c9e6fe598b8d0226d4767;
k4:   reload: hot: 1067310 fragment entries, 0 syscalls in kernel before the event
k4:   reload: counters of the last load: syscalls_in_kernel 0 fragment_entries 74555499 exit_invalid 0 translate_verify_rejected 0 
k4-adv: maxmemory PASS: maxmemory: evicted yes;maxmemory: used within 32mb+1mb yes;maxmemory: noeviction write: OOM command not allowed when used memory;maxmemory: after lifting the limit: OK;
k4:   maxmemory: hot: 1030303 fragment entries, 0 syscalls in kernel before the event
k4:   maxmemory: in_kernel=0/1106599 syscalls (0.0%) entries=11333119 chains=10230142 chain_cap=0 translated=29 (entry_unsupported=0 compile=0 verify=0 capped=0 neg=0) invalidated=0 released=29
k4:   maxmemory: exits svc=0 bl=3910707 blr=907598 br=0 ret=5413676 mem=0 unsupported=1101138 budget=0 invalid=0 svc_declined=0
k4:   maxmemory: unsupported_top (word(exits/entry_stops)): 0xf8200020(1101138/0) 
k4-adv: ALL PASS
