k2:   toy_loop: in_kernel=199823 entries=199824 exit_mem=0 exit_budget=0 exit_unsupported=0
k2:   toy_loop: 199823 of 200000 syscalls in kernel (99.91%)
k2:   mem_loop: in_kernel=39872 entries=59808 exit_mem=0 exit_budget=0 exit_unsupported=19935
k2:   tight_loop: in_kernel=0 entries=1936 exit_mem=0 exit_budget=1936 exit_unsupported=0
k2:   signal_loop: in_kernel=399836 entries=399872 exit_mem=0 exit_budget=0 exit_unsupported=0
k2:   signal_loop: 102 alarms handled
k2:   munmap_race: in_kernel=723436 entries=723544 exit_mem=0 exit_budget=0 exit_unsupported=0
k2:   Segmentation fault
k2:   seccomp_loop: in_kernel=0 entries=0 exit_mem=0 exit_budget=0 exit_unsupported=0
k2:   ptrace_loop: in_kernel=0 entries=0 exit_mem=0 exit_budget=0 exit_unsupported=0
Killed
Killed
k2: iteration 1 PASS
k2: stats
k2:   syscalls_in_kernel 5508230
k2:   fragment_entries 91448052
k2:   chains 77479102
k2:   chain_cap 0
k2:   exit_svc 5508265
k2:   exit_bl 29615342
k2:   exit_blr 6883932
k2:   exit_br 0
k2:   exit_ret 40984778
k2:   exit_mem 3
k2:   exit_unsupported 8360191
k2:   exit_budget 95541
k2:   exit_invalid 0
k2:   svc_declined 35
k2:   translate_ok 76
k2:   translate_exists 0
k2:   translate_text_unreadable 0
k2:   translate_entry_unsupported 0
k2:   translate_compile_failed 0
k2:   translate_encode_failed 0
k2:   translate_verify_rejected 0
k2:   translate_verify_falls_off_end 0
k2:   translate_raced 0
k2:   translate_capped 0
k2:   translate_install_failed 0
k2:   invalidated_fragments 1
k2:   released_fragments 75
k2:   svc_sites_scanned 0
k2:   auto_mm_created 194
k2:   auto_mm_setup_failed 0
k2:   auto_prof_full 0
k2:   auto_hot_negative 0
k2:   auto_hot_capped 0
k2:   auto_hot_queue_full 0
k2:   auto_req_svc_resume 26
k2:   auto_req_exit_target 50
k2:   auto_req_dropped 0
k2:   auto_req_stale 0
k2:   auto_neg_added 0
k2:   auto_neg_evicted 0
k2:   auto_translate_ns 42089628
k2:   unsupported_top_dropped 0
k2:   unsupported_bad_word 0
k2:   hook_calls 14023258
k2: ALL PASS (1 iterations, auto=1)
