[    0.000000] Booting Linux on physical CPU 0x0000000000 [0x610f0000]
[    0.000000] Linux version 7.1.0-rc1+ (@1c38d4aae872) (Ubuntu clang version 18.1.3 (1ubuntu1), Ubuntu LLD 18.1.3) #12 SMP PREEMPT Sun Sep 27 08:34:33 UTC 2026
[    0.000000] random: crng init done
[    0.000000] Machine model: linux,dummy-virt
[    0.000000] OF: reserved mem: Reserved memory: No reserved-memory node in the DT
[    0.000000] psci: probing for conduit method from DT.
[    0.000000] psci: PSCIv1.1 detected in firmware.
[    0.000000] psci: Using standard PSCI v0.2 function IDs
[    0.000000] psci: Trusted OS migration not required
[    0.000000] psci: SMC Calling Convention v1.0
[    0.000000] Zone ranges:
[    0.000000]   Normal   [mem 0x0000000040000000-0x000000013fffffff]
[    0.000000] Movable zone start for each node
[    0.000000] Early memory node ranges
[    0.000000]   node   0: [mem 0x0000000040000000-0x000000013fffffff]
[    0.000000] Initmem setup node 0 [mem 0x0000000040000000-0x000000013fffffff]
[    0.000000] percpu: Embedded 19 pages/cpu s38488 r8192 d31144 u77824
[    0.000000] Detected PIPT I-cache on CPU0
[    0.000000] CPU features: detected: Address authentication (IMP DEF algorithm)
[    0.000000] CPU features: detected: Spectre-v4
[    0.000000] CPU features: detected: Spectre-BHB
[    0.000000] alternatives: applying boot alternatives
[    0.000000] Kernel command line: console=ttyAMA0 panic=-1 nokaslr
[    0.000000] Unknown kernel command line parameters "nokaslr", will be passed to user space.
[    0.000000] printk: log buffer data + meta data: 131072 + 458752 = 589824 bytes
[    0.000000] Dentry cache hash table entries: 524288 (order: 10, 4194304 bytes, linear)
[    0.000000] Inode-cache hash table entries: 262144 (order: 9, 2097152 bytes, linear)
[    0.000000] software IO TLB: SWIOTLB bounce buffer size adjusted to 4MB
[    0.000000] software IO TLB: area num 4.
[    0.000000] software IO TLB: mapped [mem 0x000000013ac00000-0x000000013b000000] (4MB)
[    0.000000] Built 1 zonelists, mobility grouping on.  Total pages: 1048576
[    0.000000] mem auto-init: stack:all(zero), heap alloc:off, heap free:off
[    0.000000] SLUB: HWalign=64, Order=0-3, MinObjects=0, CPUs=4, Nodes=1
[    0.000000] rcu: Preemptible hierarchical RCU implementation.
[    0.000000] rcu: 	RCU restricting CPUs from NR_CPUS=512 to nr_cpu_ids=4.
[    0.000000] rcu: RCU calculated value of scheduler-enlistment delay is 25 jiffies.
[    0.000000] rcu: Adjusting geometry for rcu_fanout_leaf=16, nr_cpu_ids=4
[    0.000000] NR_IRQS: 64, nr_irqs: 64, preallocated irqs: 0
[    0.000000] Root IRQ handler: gic_handle_irq
[    0.000000] GICv2m: range[mem 0x08020000-0x08020fff], SPI[80:143]
[    0.000000] rcu: srcu_init: Setting srcu_struct sizes based on contention.
[    0.000000] arch_timer: cp15 timer running at 24.00MHz (virt).
[    0.000000] clocksource: arch_sys_counter: mask: 0xffffffffffffff max_cycles: 0x588fe9dc0, max_idle_ns: 440795202592 ns
[    0.000000] sched_clock: 56 bits at 24MHz, resolution 41ns, wraps every 4398046511097ns
[    0.000105] Console: colour dummy device 80x25
[    0.000112] Calibrating delay loop (skipped), value calculated using timer frequency.. 48.00 BogoMIPS (lpj=96000)
[    0.000116] pid_max: default: 32768 minimum: 301
[    0.000244] Mount-cache hash table entries: 8192 (order: 4, 65536 bytes, linear)
[    0.000252] Mountpoint-cache hash table entries: 8192 (order: 4, 65536 bytes, linear)
[    0.000332] VFS: Finished mounting rootfs on nullfs
[    0.000492] cacheinfo: Unable to detect cache hierarchy for CPU 0
[    0.000617] rcu: Hierarchical SRCU implementation.
[    0.000617] rcu: 	Max phase no-delay instances is 1000.
[    0.000636] Timer migration: 1 hierarchy levels; 8 children per group; 1 crossnode level
[    0.000674] smp: Bringing up secondary CPUs ...
[    0.000862] Detected PIPT I-cache on CPU1
[    0.000937] CPU1: Booted secondary processor 0x0000000001 [0x610f0000]
[    0.001152] Detected PIPT I-cache on CPU2
[    0.001236] CPU2: Booted secondary processor 0x0000000002 [0x610f0000]
[    0.001445] Detected PIPT I-cache on CPU3
[    0.001546] CPU3: Booted secondary processor 0x0000000003 [0x610f0000]
[    0.001625] smp: Brought up 1 node, 4 CPUs
[    0.001626] SMP: Total of 4 processors activated.
[    0.001627] CPU: All CPU(s) started at EL1
[    0.001627] CPU features: detected: ARMv8.4 Translation Table Level
[    0.001628] CPU features: detected: Data cache clean to the PoU not required for I/D coherence
[    0.001628] CPU features: detected: CRC32 instructions
[    0.001629] CPU features: detected: Data independent timing control (DIT)
[    0.001629] CPU features: detected: E0PD
[    0.001630] CPU features: detected: Generic authentication (IMP DEF algorithm)
[    0.001630] CPU features: detected: RCpc load-acquire (LDAPR)
[    0.001630] CPU features: detected: LSE atomic instructions
[    0.001631] CPU features: detected: Privileged Access Never
[    0.001631] CPU features: detected: Speculation barrier (SB)
[    0.001631] CPU features: detected: TLB range maintenance instructions
[    0.001632] CPU features: detected: XNX
[    0.001703] alternatives: applying system-wide alternatives
[    0.002507] Memory: 3938184K/4194304K available (5248K kernel code, 754K rwdata, 2356K rodata, 576K init, 405K bss, 252940K reserved, 0K cma-reserved)
[    0.002743] devtmpfs: initialized
[    0.003012] clocksource: jiffies: mask: 0xffffffff max_cycles: 0xffffffff, max_idle_ns: 7645041785100000 ns
[    0.003015] posixtimers hash table entries: 2048 (order: 3, 32768 bytes, linear)
[    0.003029] futex hash table entries: 1024 (65536 bytes on 1 NUMA nodes, total 64 KiB, linear).
[    0.003034] 30384 pages in range for non-PLT usage
[    0.003035] 521904 pages in range for PLT usage
[    0.003086] NET: Registered PF_NETLINK/PF_ROUTE protocol family
[    0.003494] DMA: preallocated 512 KiB GFP_KERNEL pool for atomic allocations
[    0.003522] ASID allocator initialised with 256 entries
[    0.003529] Serial: AMBA PL011 UART driver
[    0.003878] 9000000.pl011: ttyAMA0 at MMIO 0x9000000 (irq = 13, base_baud = 0) is a PL011 rev1
[    0.004024] printk: console [ttyAMA0] enabled
[    0.009547] vgaarb: loaded
[    0.009794] clocksource: Switched to clocksource arch_sys_counter
[    0.018959] NET: Registered PF_INET protocol family
[    0.019068] IP idents hash table entries: 65536 (order: 7, 524288 bytes, linear)
[    0.019484] tcp_listen_portaddr_hash hash table entries: 2048 (order: 3, 32768 bytes, linear)
[    0.019491] Table-perturb hash table entries: 65536 (order: 6, 262144 bytes, linear)
[    0.019493] TCP established hash table entries: 32768 (order: 6, 262144 bytes, linear)
[    0.019547] TCP bind hash table entries: 32768 (order: 8, 1048576 bytes, linear)
[    0.019696] TCP: Hash tables configured (established 32768 bind 32768)
[    0.019735] UDP hash table entries: 2048 (order: 5, 131072 bytes, linear)
[    0.019766] NET: Registered PF_UNIX/PF_LOCAL protocol family
[    0.019772] PCI: CLS 0 bytes, default 64
[    0.019975] Unpacking initramfs...
[    0.022258] workingset: timestamp_bits=46 (anon: 42) max_order=20 bucket_order=0 (anon: 0)
[    0.022377] 9p: Installing v9fs 9p2000 file system support
[    0.022726] pci-host-generic 4010000000.pcie: host bridge /pcie@10000000 ranges:
[    0.022731] pci-host-generic 4010000000.pcie:       IO 0x003eff0000..0x003effffff -> 0x0000000000
[    0.022734] pci-host-generic 4010000000.pcie:      MEM 0x0010000000..0x003efeffff -> 0x0010000000
[    0.022735] pci-host-generic 4010000000.pcie:      MEM 0x8000000000..0xffffffffff -> 0x8000000000
[    0.022741] pci-host-generic 4010000000.pcie: Memory resource size exceeds max for 32 bits
[    0.022750] pci-host-generic 4010000000.pcie: ECAM at [mem 0x4010000000-0x401fffffff] for [bus 00-ff]
[    0.022762] pci-host-generic 4010000000.pcie: PCI host bridge to bus 0000:00
[    0.022763] pci_bus 0000:00: root bus resource [bus 00-ff]
[    0.022763] pci_bus 0000:00: root bus resource [io  0x0000-0xffff]
[    0.022764] pci_bus 0000:00: root bus resource [mem 0x10000000-0x3efeffff]
[    0.022764] pci_bus 0000:00: root bus resource [mem 0x8000000000-0xffffffffff]
[    0.022792] pci 0000:00:00.0: [1b36:0008] type 00 class 0x060000 conventional PCI endpoint
[    0.023037] pci 0000:00:01.0: [1af4:1000] type 00 class 0x020000 conventional PCI endpoint
[    0.023143] pci 0000:00:01.0: BAR 0 [io  0x0000-0x001f]
[    0.023150] pci 0000:00:01.0: BAR 1 [mem 0x00000000-0x00000fff]
[    0.023170] pci 0000:00:01.0: BAR 4 [mem 0x00000000-0x00003fff 64bit pref]
[    0.023172] pci 0000:00:01.0: ROM [mem 0x00000000-0x0003ffff pref]
[    0.023455] pci 0000:00:02.0: [1af4:1009] type 00 class 0x000200 conventional PCI endpoint
[    0.023548] pci 0000:00:02.0: BAR 0 [io  0x0000-0x003f]
[    0.023552] pci 0000:00:02.0: BAR 1 [mem 0x00000000-0x00000fff]
[    0.023557] pci 0000:00:02.0: BAR 4 [mem 0x00000000-0x00003fff 64bit pref]
[    0.023939] pci 0000:00:03.0: [1af4:1005] type 00 class 0x00ff00 conventional PCI endpoint
[    0.024148] pci 0000:00:03.0: BAR 0 [io  0x0000-0x001f]
[    0.024151] pci 0000:00:03.0: BAR 1 [mem 0x00000000-0x00000fff]
[    0.024189] pci 0000:00:03.0: BAR 4 [mem 0x00000000-0x00003fff 64bit pref]
[    0.024584] pci 0000:00:01.0: ROM [mem 0x10000000-0x1003ffff pref]: assigned
[    0.024586] pci 0000:00:01.0: BAR 4 [mem 0x8000000000-0x8000003fff 64bit pref]: assigned
[    0.024608] pci 0000:00:02.0: BAR 4 [mem 0x8000004000-0x8000007fff 64bit pref]: assigned
[    0.024630] pci 0000:00:03.0: BAR 4 [mem 0x8000008000-0x800000bfff 64bit pref]: assigned
[    0.024648] pci 0000:00:01.0: BAR 1 [mem 0x10040000-0x10040fff]: assigned
[    0.024671] pci 0000:00:02.0: BAR 1 [mem 0x10041000-0x10041fff]: assigned
[    0.024675] pci 0000:00:03.0: BAR 1 [mem 0x10042000-0x10042fff]: assigned
[    0.024679] pci 0000:00:02.0: BAR 0 [io  0x1000-0x103f]: assigned
[    0.024682] pci 0000:00:01.0: BAR 0 [io  0x1040-0x105f]: assigned
[    0.024685] pci 0000:00:03.0: BAR 0 [io  0x1060-0x107f]: assigned
[    0.024690] pci_bus 0000:00: resource 4 [io  0x0000-0xffff]
[    0.024690] pci_bus 0000:00: resource 5 [mem 0x10000000-0x3efeffff]
[    0.024691] pci_bus 0000:00: resource 6 [mem 0x8000000000-0xffffffffff]
[    0.025619] virtio-pci 0000:00:01.0: enabling device (0000 -> 0003)
[    0.026534] virtio-pci 0000:00:02.0: enabling device (0000 -> 0003)
[    0.027158] virtio-pci 0000:00:03.0: enabling device (0000 -> 0003)
[    0.090430] rtc-pl031 9010000.pl031: registered as rtc0
[    0.090443] rtc-pl031 9010000.pl031: setting system clock to 2026-09-27T08:36:04 UTC (1790498164)
[    0.090552] NET: Registered PF_INET6 protocol family
[    0.091006] Segment Routing with IPv6
[    0.091012] In-situ OAM (IOAM) with IPv6
[    0.091019] sit: IPv6, IPv4 and MPLS over IPv4 tunneling driver
[    0.091070] NET: Registered PF_PACKET protocol family
[    0.091075] 9pnet: Installing 9P2000 support
[    0.096310] clk: Disabling unused clocks
[    0.104595] Freeing initrd memory: 157920K
[    0.105022] Freeing unused kernel memory: 576K
[    0.105071] Run /init as init process
[    0.120123] kjit: loading out-of-tree module taints kernel.
[    0.121105] rust_kjit: ######## Rust KJIT inits ########
[    0.121184] rust_kjit: golden tests/arm64/toy_cfg.s:hot_svc_mark PASS: 668 fragment bytes match harness
kjit-init: insmod kjit.ko ok
1024
65536
./kjit-run.sh: 3: echo: echo: I/O error
rejected0
./kjit-run.sh: 3: echo: echo: I/O error
rejected65537
65536
k4-bench: default (redis-benchmark -q -n 100000 ):
k4:     PING_INLINE: 70472.16 requests per second, p50=0.679 msec
k4:     PING_MBULK: 93370.68 requests per second, p50=0.503 msec
k4:     SET: 61690.31 requests per second, p50=0.767 msec
k4:     GET: 69637.88 requests per second, p50=0.679 msec
k4:     INCR: 67659.00 requests per second, p50=0.695 msec
k4:     LPUSH: 50200.80 requests per second, p50=0.959 msec
k4:     RPUSH: 59880.24 requests per second, p50=0.791 msec
k4:     LPOP: 56242.97 requests per second, p50=0.799 msec
k4:     RPOP: 62421.97 requests per second, p50=0.735 msec
k4:     SADD: 61425.06 requests per second, p50=0.775 msec
k4:     HSET: 45662.10 requests per second, p50=1.071 msec
k4:     SPOP: 61919.50 requests per second, p50=0.767 msec
k4:     ZADD: 77339.52 requests per second, p50=0.607 msec
k4:     ZPOPMIN: 101317.12 requests per second, p50=0.455 msec
k4:     LPUSH (needed to benchmark LRANGE): 46403.71 requests per second, p50=1.023 msec
k4:     LRANGE_100 (first 100 elements): 65530.80 requests per second, p50=0.639 msec
k4:     LRANGE_300 (first 300 elements): 33602.15 requests per second, p50=0.767 msec
k4:     LRANGE_500 (first 500 elements): 21159.54 requests per second, p50=1.199 msec
k4:     LRANGE_600 (first 600 elements): 17857.14 requests per second, p50=1.415 msec
k4:     MSET (10 keys): 41017.23 requests per second, p50=1.207 msec
k4:   default: in_kernel=3314016/4207155 syscalls (78.8%) entries=585587694 chains=581385239 chain_cap=0 translated=512 (entry_unsupported=0 compile=0 verify=0 capped=0 neg=0) invalidated=0 released=0
k4:   default: exits svc=3314016 bl=257967598 blr=16202501 br=36150996 ret=271813112 mem=7 unsupported=139464 budget=0 invalid=0 svc_declined=0
k4:   default: fpsimd entries=28546967 restores=2507 exit_mem=7 refused_sve_sme=0
k4:   default: entries per hook call: 1-1:6891 2-3:795 4-7:1753 8-15:956 16-31:197551 32-63:1999935 64-127:3749 128-255:925332 256-511:1065493 (chain_max since load 505)
k4:   default: unsupported_top (word(exits/entry_stops)): 0xfc6c79c0(104057/0) 0x9e630160(35402/0) 0xd503203f(5/0) 
k4:   default: hot: 585587714 fragment entries, 3314016 syscalls in kernel before the event
k4-bench: pipelined (redis-benchmark -q -n 100000 -P 16):
k4:     PING_INLINE: 90826.52 requests per second, p50=8.847 msec
k4:     PING_MBULK: 144092.22 requests per second, p50=5.543 msec
k4:     SET: 80321.28 requests per second, p50=10.007 msec
k4:     GET: 97751.71 requests per second, p50=8.239 msec
k4:     INCR: 96711.80 requests per second, p50=8.359 msec
k4:     LPUSH: 77160.49 requests per second, p50=10.607 msec
k4:     RPUSH: 99009.90 requests per second, p50=8.311 msec
k4:     LPOP: 114942.53 requests per second, p50=6.615 msec
k4:     RPOP: 137741.05 requests per second, p50=5.743 msec
k4:     SADD: 96432.02 requests per second, p50=8.367 msec
k4:     HSET: 70671.38 requests per second, p50=11.511 msec
k4:     SPOP: 119189.52 requests per second, p50=6.791 msec
k4:     ZADD: 763358.81 requests per second, p50=0.975 msec
k4:     ZPOPMIN: 1162790.62 requests per second, p50=0.655 msec
k4:     LPUSH (needed to benchmark LRANGE): 78554.59 requests per second, p50=10.367 msec
k4:     LRANGE_100 (first 100 elements): 139082.06 requests per second, p50=2.895 msec
k4:     LRANGE_300 (first 300 elements): 35536.61 requests per second, p50=10.655 msec
k4:     LRANGE_500 (first 500 elements): 18921.48 requests per second, p50=19.455 msec
k4:     LRANGE_600 (first 600 elements): 16231.13 requests per second, p50=21.967 msec
k4:     MSET (10 keys): 359712.22 requests per second, p50=2.191 msec
k4:   pipelined: in_kernel=177804/289110 syscalls (61.5%) entries=287688492 chains=287428283 chain_cap=0 translated=0 (entry_unsupported=0 compile=0 verify=0 capped=0 neg=0) invalidated=0 released=0
k4:   pipelined: exits svc=177804 bl=127999771 blr=6874433 br=17935446 ret=134689562 mem=30 unsupported=11446 budget=0 invalid=0 svc_declined=0
k4:   pipelined: fpsimd entries=17771222 restores=416 exit_mem=30 refused_sve_sme=0
k4:   pipelined: entries per hook call: 1-1:19507 2-3:279 4-7:1061 8-15:319 16-31:7836 32-63:106293 64-127:126 128-255:45102 256-511:6951 512-1023:994 1024-2047:1723 2048-4095:39883 4096-8191:30135 (chain_max since load 4980)
k4:   pipelined: unsupported_top (word(exits/entry_stops)): 0xfc6c79c0(9312/0) 0x9e630160(2118/0) 0xd503203f(16/0) 
k4:   pipelined: hot: 287688512 fragment entries, 177804 syscalls in kernel before the event
k4-bench: clients256 (redis-benchmark -q -n 100000 -c 256):
k4:     PING_INLINE: 56116.72 requests per second, p50=3.887 msec
k4:     PING_MBULK: 78492.93 requests per second, p50=2.799 msec
k4:     SET: 51626.23 requests per second, p50=4.199 msec
k4:     GET: 59488.40 requests per second, p50=3.655 msec
k4:     INCR: 57836.90 requests per second, p50=3.847 msec
k4:     LPUSH: 46274.87 requests per second, p50=4.783 msec
k4:     RPUSH: 54884.74 requests per second, p50=3.975 msec
k4:     LPOP: 53504.55 requests per second, p50=4.655 msec
k4:     RPOP: 57175.53 requests per second, p50=4.167 msec
k4:     SADD: 55248.62 requests per second, p50=4.135 msec
k4:     HSET: 48828.12 requests per second, p50=4.455 msec
k4:     SPOP: 69881.20 requests per second, p50=3.135 msec
k4:     ZADD: 77579.52 requests per second, p50=2.815 msec
k4:     ZPOPMIN: 101010.10 requests per second, p50=2.199 msec
k4:     LPUSH (needed to benchmark LRANGE): 46490.00 requests per second, p50=4.751 msec
k4:     LRANGE_100 (first 100 elements): 66577.90 requests per second, p50=3.239 msec
k4:     LRANGE_300 (first 300 elements): 32113.04 requests per second, p50=4.007 msec
k4:     LRANGE_500 (first 500 elements): 20267.53 requests per second, p50=6.335 msec
k4:     LRANGE_600 (first 600 elements): 17108.64 requests per second, p50=7.511 msec
k4:     MSET (10 keys): 40469.45 requests per second, p50=5.287 msec
k4:   clients256: in_kernel=3309456/4204078 syscalls (78.7%) entries=586303780 chains=582116807 chain_cap=0 translated=0 (entry_unsupported=0 compile=0 verify=0 capped=0 neg=0) invalidated=0 released=0
k4:   clients256: exits svc=3309456 bl=258651256 blr=15955159 br=36139116 ret=272137845 mem=668 unsupported=110280 budget=0 invalid=0 svc_declined=0
k4:   clients256: fpsimd entries=28656529 restores=177 exit_mem=668 refused_sve_sme=0
k4:   clients256: entries per hook call: 1-1:35801 2-3:464 4-7:5108 8-15:348 16-31:146188 32-63:2000851 64-127:2426 128-255:911684 256-511:1084103 (chain_max since load 4980)
k4:   clients256: unsupported_top (word(exits/entry_stops)): 0xfc6c79c0(104704/0) 0x9e630160(5571/0) 0xd503203f(5/0) 
k4:   clients256: hot: 586304099 fragment entries, 3309457 syscalls in kernel before the event
k4-bench: consistency PASS: dbsize 10044 digest 603e069a26083ceb1309ded3186769f0b0809e09 readback sha256 362731776718583235c4f1394cb708151a5c09052efd2c0ace0f6f0f7392fb50 
k4-bench: ALL PASS
chains 1682066070
chain_cap 0
chain_max 4980
chain_hist_1_1 78471
chain_hist_2_3 14750
chain_hist_4_7 14052
chain_hist_8_15 5418
chain_hist_16_31 383632
chain_hist_32_63 4236256
chain_hist_64_127 25102
chain_hist_128_255 1949535
chain_hist_256_511 2170017
chain_hist_512_1023 1867
chain_hist_1024_2047 3089
chain_hist_2048_4095 71381
chain_hist_4096_8191 51724
chain_hist_8192_16383 0
chain_hist_16384_32767 0
chain_hist_32768_65535 0
chain_hist_65536_131071 0
[  163.047211] kjit: 0 of 1295 translation requests still queued at unload (freed by the kernel)
[  163.071220] rust_kjit: ######## Rust KJIT exits ########
kjit-init: rmmod kjit ok
kjit-init: run exit=0
[  163.088933] reboot: Power down
