k4-adv: kill9 PASS: kill9 #1: server status 137;kill9 #2: server status 137;kill9 #3: server status 137;
k4:   kill9#1: hot: 1084901 fragment entries, 0 syscalls in kernel before the event
k4:   kill9#2: hot: 1063665 fragment entries, 0 syscalls in kernel before the event
k4:   kill9#3: hot: 1067892 fragment entries, 0 syscalls in kernel before the event
k4:   kill9: in_kernel=0/423382 syscalls (0.0%) entries=4372517 chains=3956356 chain_cap=0 translated=132 (entry_unsupported=0 compile=0 verify=0 capped=0 neg=0) invalidated=0 released=132
k4:   kill9: exits svc=0 bl=1555341 blr=298542 br=120667 ret=1989514 mem=0 unsupported=408453 budget=0 invalid=0 svc_declined=0
k4:   kill9: unsupported_top (word(exits/entry_stops)): 0xf8200020(369384/0) 0x4c407061(39069/0) 
k4-adv: sigterm PASS: TERM: server status 0;sigterm: shutdown and clean exit logged;
k4:   TERM: hot: 1072677 fragment entries, 0 syscalls in kernel before the event
k4:   sigterm: in_kernel=0/149119 syscalls (0.0%) entries=1535605 chains=1389200 chain_cap=0 translated=44 (entry_unsupported=0 compile=0 verify=0 capped=0 neg=0) invalidated=0 released=44
k4:   sigterm: exits svc=0 bl=545435 blr=105420 br=40230 ret=700689 mem=0 unsupported=143831 budget=0 invalid=0 svc_declined=0
k4:   sigterm: unsupported_top (word(exits/entry_stops)): 0xf8200020(130805/0) 0x4c407061(13026/0) 
k4-adv: sigusr1 PASS: USR1: server status 138;
k4:   USR1: hot: 1095329 fragment entries, 0 syscalls in kernel before the event
k4:   sigusr1: in_kernel=0/142774 syscalls (0.0%) entries=1473750 chains=1333539 chain_cap=0 translated=44 (entry_unsupported=0 compile=0 verify=0 capped=0 neg=0) invalidated=0 released=44
k4:   sigusr1: exits svc=0 bl=524023 blr=101148 br=40230 ret=670703 mem=0 unsupported=137646 budget=0 invalid=0 svc_declined=0
k4:   sigusr1: unsupported_top (word(exits/entry_stops)): 0xf8200020(124620/0) 0x4c407061(13026/0) 
k4-adv: stopcont PASS: stopcont: load status 0;dbsize 10045 digest a595c3aec0dfe15c636c10750e98bb92f179efe8;
k4:   stopcont: hot: 1073087 fragment entries, 0 syscalls in kernel before the event
k4:   stopcont: in_kernel=0/5786298 syscalls (0.0%) entries=59370232 chains=53589129 chain_cap=0 translated=44 (entry_unsupported=0 compile=0 verify=0 capped=0 neg=0) invalidated=0 released=44
k4:   stopcont: exits svc=0 bl=20507273 blr=4696793 br=40230 ret=28348748 mem=0 unsupported=5777188 budget=0 invalid=0 svc_declined=0
k4:   stopcont: unsupported_top (word(exits/entry_stops)): 0xf8200020(5764162/0) 0x4c407061(13026/0) 
k4-adv: segfault PASS: segfault: server status 139;crashed by signal: 11, si_code: 2;Accessing address: <page-aligned>;segfault: stack trace names debugCommand: yes;segfault: core files 1;
k4:   segfault: hot: 1086713 fragment entries, 0 syscalls in kernel before the event
k4:   segfault: in_kernel=0/144345 syscalls (0.0%) entries=1478231 chains=1337638 chain_cap=0 translated=44 (entry_unsupported=0 compile=0 verify=0 capped=0 neg=0) invalidated=0 released=44
k4:   segfault: exits svc=0 bl=525513 blr=102006 br=40230 ret=672566 mem=0 unsupported=137916 budget=0 invalid=0 svc_declined=0
k4:   segfault: unsupported_top (word(exits/entry_stops)): 0xf8200020(124890/0) 0x4c407061(13026/0) 
k4-adv: bgsave PASS: bgsave: load status 0;bgsave: before restart dbsize 10045 digest a595c3aec0dfe15c636c10750e98bb92f179efe8;bgsave: redis-check-rdb ok;bgsave: after restart dbsize 10045 digest a595c3aec0dfe15c636c10750
k4:   bgsave: hot: 1067726 fragment entries, 0 syscalls in kernel before the event
k4:   bgsave: in_kernel=0/5811573 syscalls (0.0%) entries=59649173 chains=53849307 chain_cap=0 translated=44 (entry_unsupported=0 compile=0 verify=0 capped=0 neg=0) invalidated=0 released=44
k4:   bgsave: exits svc=0 bl=20600231 blr=4752434 br=40224 ret=28460498 mem=0 unsupported=5795786 budget=0 invalid=0 svc_declined=0
k4:   bgsave: unsupported_top (word(exits/entry_stops)): 0xf8200020(5782763/0) 0x4c407061(13023/0) 
k4-adv: aofrw PASS: aofrw: load status 0;aofrw: before restart dbsize 10045 digest a595c3aec0dfe15c636c10750e98bb92f179efe8;aofrw: after restart from the AOF dbsize 10045 digest a595c3aec0dfe15c636c10750e98bb92f179efe8;
k4:   aofrw: hot: 1122453 fragment entries, 0 syscalls in kernel before the event
k4:   aofrw: in_kernel=0/5010872 syscalls (0.0%) entries=45972020 chains=40975465 chain_cap=0 translated=57 (entry_unsupported=0 compile=0 verify=0 capped=0 neg=0) invalidated=0 released=57
k4:   aofrw: exits svc=0 bl=15992475 blr=1890787 br=40224 ret=23057238 mem=0 unsupported=4991296 budget=0 invalid=0 svc_declined=0
k4:   aofrw: unsupported_top (word(exits/entry_stops)): 0xf8200020(4828854/0) 0x4e080ec0(142756/0) 0x4c407061(15248/0) 0xb8608020(4015/0) 0x3dc00020(423/0) 
k4-adv: config PASS: config: 5 module load/unload and config set rounds ok;config: load status 0; misc module still loaded: 0;dbsize 10045 digest a595c3aec0dfe15c636c10750e98bb92f179efe8;
k4:   config: hot: 1165587 fragment entries, 0 syscalls in kernel before the event
k4:   config: in_kernel=0/6658441 syscalls (0.0%) entries=64701414 chains=58056612 chain_cap=0 translated=49 (entry_unsupported=0 compile=0 verify=0 capped=0 neg=0) invalidated=0 released=49
k4:   config: exits svc=0 bl=22523630 blr=3796310 br=122221 ret=31619152 mem=0 unsupported=6640101 budget=0 invalid=0 svc_declined=0
k4:   config: unsupported_top (word(exits/entry_stops)): 0xf8200020(6545212/0) 0x88e07c41(81863/0) 0x4c407061(13026/0) 
k4-adv: reload PASS: reload: 5 unloads under load; load status 0; ping PONG;dbsize 10045 digest 8630698fcae208583f0c9e6fe598b8d0226d4767;
k4:   reload: hot: 1081526 fragment entries, 0 syscalls in kernel before the event
k4:   reload: counters of the last load: syscalls_in_kernel 0 fragment_entries 75132519 exit_invalid 0 translate_verify_rejected 0 
k4-adv: maxmemory PASS: maxmemory: evicted yes;maxmemory: used within 32mb+1mb yes;maxmemory: noeviction write: OOM command not allowed when used memory;maxmemory: after lifting the limit: OK;
k4:   maxmemory: hot: 1069115 fragment entries, 0 syscalls in kernel before the event
k4:   maxmemory: in_kernel=0/1106115 syscalls (0.0%) entries=11325544 chains=10223072 chain_cap=0 translated=29 (entry_unsupported=0 compile=0 verify=0 capped=0 neg=0) invalidated=0 released=29
k4:   maxmemory: exits svc=0 bl=3908182 blr=906083 br=0 ret=5410646 mem=0 unsupported=1100633 budget=0 invalid=0 svc_declined=0
k4:   maxmemory: unsupported_top (word(exits/entry_stops)): 0xf8200020(1100633/0) 
k4-adv: ALL PASS
