[    0.000000] Booting Linux on physical CPU 0x0000000000 [0x610f0000]
[    0.000000] Linux version 7.1.0-rc1+ (@kjit-dev-container) (Ubuntu clang version 18.1.3 (1ubuntu1), Ubuntu LLD 18.1.3) #2 SMP PREEMPT Sat Oct 10 02:33:24 UTC 2026
[    0.000000] random: crng init done
[    0.000000] Machine model: linux,dummy-virt
[    0.000000] OF: reserved mem: Reserved memory: No reserved-memory node in the DT
[    0.000000] psci: probing for conduit method from DT.
[    0.000000] psci: PSCIv1.1 detected in firmware.
[    0.000000] psci: Using standard PSCI v0.2 function IDs
[    0.000000] psci: Trusted OS migration not required
[    0.000000] psci: SMC Calling Convention v1.0
[    0.000000] Zone ranges:
[    0.000000]   Normal   [mem 0x0000000040000000-0x000000013fffffff]
[    0.000000] Movable zone start for each node
[    0.000000] Early memory node ranges
[    0.000000]   node   0: [mem 0x0000000040000000-0x000000013fffffff]
[    0.000000] Initmem setup node 0 [mem 0x0000000040000000-0x000000013fffffff]
[    0.000000] percpu: Embedded 19 pages/cpu s38488 r8192 d31144 u77824
[    0.000000] Detected PIPT I-cache on CPU0
[    0.000000] CPU features: detected: Address authentication (IMP DEF algorithm)
[    0.000000] CPU features: detected: Spectre-v4
[    0.000000] CPU features: detected: Spectre-BHB
[    0.000000] alternatives: applying boot alternatives
[    0.000000] Kernel command line: console=ttyAMA0 panic=-1 nokaslr
[    0.000000] Unknown kernel command line parameters "nokaslr", will be passed to user space.
[    0.000000] printk: log buffer data + meta data: 131072 + 458752 = 589824 bytes
[    0.000000] Dentry cache hash table entries: 524288 (order: 10, 4194304 bytes, linear)
[    0.000000] Inode-cache hash table entries: 262144 (order: 9, 2097152 bytes, linear)
[    0.000000] software IO TLB: SWIOTLB bounce buffer size adjusted to 4MB
[    0.000000] software IO TLB: area num 4.
[    0.000000] software IO TLB: mapped [mem 0x000000013ac00000-0x000000013b000000] (4MB)
[    0.000000] Built 1 zonelists, mobility grouping on.  Total pages: 1048576
[    0.000000] mem auto-init: stack:all(zero), heap alloc:off, heap free:off
[    0.000000] SLUB: HWalign=64, Order=0-3, MinObjects=0, CPUs=4, Nodes=1
[    0.000000] rcu: Preemptible hierarchical RCU implementation.
[    0.000000] rcu: 	RCU restricting CPUs from NR_CPUS=512 to nr_cpu_ids=4.
[    0.000000] rcu: RCU calculated value of scheduler-enlistment delay is 25 jiffies.
[    0.000000] rcu: Adjusting geometry for rcu_fanout_leaf=16, nr_cpu_ids=4
[    0.000000] NR_IRQS: 64, nr_irqs: 64, preallocated irqs: 0
[    0.000000] Root IRQ handler: gic_handle_irq
[    0.000000] GICv2m: range[mem 0x08020000-0x08020fff], SPI[80:143]
[    0.000000] rcu: srcu_init: Setting srcu_struct sizes based on contention.
[    0.000000] arch_timer: cp15 timer running at 24.00MHz (virt).
[    0.000000] clocksource: arch_sys_counter: mask: 0xffffffffffffff max_cycles: 0x588fe9dc0, max_idle_ns: 440795202592 ns
[    0.000000] sched_clock: 56 bits at 24MHz, resolution 41ns, wraps every 4398046511097ns
[    0.000096] Console: colour dummy device 80x25
[    0.000103] Calibrating delay loop (skipped), value calculated using timer frequency.. 48.00 BogoMIPS (lpj=96000)
[    0.000106] pid_max: default: 32768 minimum: 301
[    0.000229] Mount-cache hash table entries: 8192 (order: 4, 65536 bytes, linear)
[    0.000237] Mountpoint-cache hash table entries: 8192 (order: 4, 65536 bytes, linear)
[    0.000313] VFS: Finished mounting rootfs on nullfs
[    0.000465] cacheinfo: Unable to detect cache hierarchy for CPU 0
[    0.000574] rcu: Hierarchical SRCU implementation.
[    0.000575] rcu: 	Max phase no-delay instances is 1000.
[    0.000596] Timer migration: 1 hierarchy levels; 8 children per group; 1 crossnode level
[    0.000634] smp: Bringing up secondary CPUs ...
[    0.000808] Detected PIPT I-cache on CPU1
[    0.000896] CPU1: Booted secondary processor 0x0000000001 [0x610f0000]
[    0.001156] Detected PIPT I-cache on CPU2
[    0.001241] CPU2: Booted secondary processor 0x0000000002 [0x610f0000]
[    0.001435] Detected PIPT I-cache on CPU3
[    0.001535] CPU3: Booted secondary processor 0x0000000003 [0x610f0000]
[    0.001611] smp: Brought up 1 node, 4 CPUs
[    0.001613] SMP: Total of 4 processors activated.
[    0.001613] CPU: All CPU(s) started at EL1
[    0.001614] CPU features: detected: ARMv8.4 Translation Table Level
[    0.001615] CPU features: detected: Data cache clean to the PoU not required for I/D coherence
[    0.001615] CPU features: detected: CRC32 instructions
[    0.001615] CPU features: detected: Data independent timing control (DIT)
[    0.001616] CPU features: detected: E0PD
[    0.001616] CPU features: detected: Generic authentication (IMP DEF algorithm)
[    0.001617] CPU features: detected: RCpc load-acquire (LDAPR)
[    0.001617] CPU features: detected: LSE atomic instructions
[    0.001618] CPU features: detected: Privileged Access Never
[    0.001618] CPU features: detected: Speculation barrier (SB)
[    0.001618] CPU features: detected: TLB range maintenance instructions
[    0.001619] CPU features: detected: XNX
[    0.001733] alternatives: applying system-wide alternatives
[    0.002700] Memory: 3909756K/4194304K available (5248K kernel code, 754K rwdata, 2356K rodata, 576K init, 405K bss, 281368K reserved, 0K cma-reserved)
[    0.002952] devtmpfs: initialized
[    0.003222] clocksource: jiffies: mask: 0xffffffff max_cycles: 0xffffffff, max_idle_ns: 7645041785100000 ns
[    0.003226] posixtimers hash table entries: 2048 (order: 3, 32768 bytes, linear)
[    0.003242] futex hash table entries: 1024 (65536 bytes on 1 NUMA nodes, total 64 KiB, linear).
[    0.003249] 30384 pages in range for non-PLT usage
[    0.003249] 521904 pages in range for PLT usage
[    0.003303] NET: Registered PF_NETLINK/PF_ROUTE protocol family
[    0.003688] DMA: preallocated 512 KiB GFP_KERNEL pool for atomic allocations
[    0.003729] ASID allocator initialised with 256 entries
[    0.003737] Serial: AMBA PL011 UART driver
[    0.004149] 9000000.pl011: ttyAMA0 at MMIO 0x9000000 (irq = 13, base_baud = 0) is a PL011 rev1
[    0.004254] printk: console [ttyAMA0] enabled
[    0.010370] vgaarb: loaded
[    0.010735] clocksource: Switched to clocksource arch_sys_counter
[    0.014131] NET: Registered PF_INET protocol family
[    0.014220] IP idents hash table entries: 65536 (order: 7, 524288 bytes, linear)
[    0.014703] tcp_listen_portaddr_hash hash table entries: 2048 (order: 3, 32768 bytes, linear)
[    0.014714] Table-perturb hash table entries: 65536 (order: 6, 262144 bytes, linear)
[    0.014717] TCP established hash table entries: 32768 (order: 6, 262144 bytes, linear)
[    0.014845] TCP bind hash table entries: 32768 (order: 8, 1048576 bytes, linear)
[    0.015031] TCP: Hash tables configured (established 32768 bind 32768)
[    0.015058] UDP hash table entries: 2048 (order: 5, 131072 bytes, linear)
[    0.015095] NET: Registered PF_UNIX/PF_LOCAL protocol family
[    0.015099] PCI: CLS 0 bytes, default 64
[    0.015357] Unpacking initramfs...
[    0.015754] workingset: timestamp_bits=46 (anon: 42) max_order=20 bucket_order=0 (anon: 0)
[    0.015911] 9p: Installing v9fs 9p2000 file system support
[    0.019134] pci-host-generic 4010000000.pcie: host bridge /pcie@10000000 ranges:
[    0.019142] pci-host-generic 4010000000.pcie:       IO 0x003eff0000..0x003effffff -> 0x0000000000
[    0.019145] pci-host-generic 4010000000.pcie:      MEM 0x0010000000..0x003efeffff -> 0x0010000000
[    0.019146] pci-host-generic 4010000000.pcie:      MEM 0x8000000000..0xffffffffff -> 0x8000000000
[    0.019151] pci-host-generic 4010000000.pcie: Memory resource size exceeds max for 32 bits
[    0.019161] pci-host-generic 4010000000.pcie: ECAM at [mem 0x4010000000-0x401fffffff] for [bus 00-ff]
[    0.019174] pci-host-generic 4010000000.pcie: PCI host bridge to bus 0000:00
[    0.019175] pci_bus 0000:00: root bus resource [bus 00-ff]
[    0.019176] pci_bus 0000:00: root bus resource [io  0x0000-0xffff]
[    0.019176] pci_bus 0000:00: root bus resource [mem 0x10000000-0x3efeffff]
[    0.019177] pci_bus 0000:00: root bus resource [mem 0x8000000000-0xffffffffff]
[    0.019195] pci 0000:00:00.0: [1b36:0008] type 00 class 0x060000 conventional PCI endpoint
[    0.019546] pci 0000:00:01.0: [1af4:1000] type 00 class 0x020000 conventional PCI endpoint
[    0.019700] pci 0000:00:01.0: BAR 0 [io  0x0000-0x001f]
[    0.019711] pci 0000:00:01.0: BAR 1 [mem 0x00000000-0x00000fff]
[    0.019718] pci 0000:00:01.0: BAR 4 [mem 0x00000000-0x00003fff 64bit pref]
[    0.019720] pci 0000:00:01.0: ROM [mem 0x00000000-0x0003ffff pref]
[    0.020158] pci 0000:00:02.0: [1af4:1009] type 00 class 0x000200 conventional PCI endpoint
[    0.020367] pci 0000:00:02.0: BAR 0 [io  0x0000-0x003f]
[    0.020370] pci 0000:00:02.0: BAR 1 [mem 0x00000000-0x00000fff]
[    0.020376] pci 0000:00:02.0: BAR 4 [mem 0x00000000-0x00003fff 64bit pref]
[    0.020717] pci 0000:00:03.0: [1af4:1005] type 00 class 0x00ff00 conventional PCI endpoint
[    0.020797] pci 0000:00:03.0: BAR 0 [io  0x0000-0x001f]
[    0.020801] pci 0000:00:03.0: BAR 1 [mem 0x00000000-0x00000fff]
[    0.020852] pci 0000:00:03.0: BAR 4 [mem 0x00000000-0x00003fff 64bit pref]
[    0.021113] pci 0000:00:01.0: ROM [mem 0x10000000-0x1003ffff pref]: assigned
[    0.021114] pci 0000:00:01.0: BAR 4 [mem 0x8000000000-0x8000003fff 64bit pref]: assigned
[    0.021143] pci 0000:00:02.0: BAR 4 [mem 0x8000004000-0x8000007fff 64bit pref]: assigned
[    0.021155] pci 0000:00:03.0: BAR 4 [mem 0x8000008000-0x800000bfff 64bit pref]: assigned
[    0.021167] pci 0000:00:01.0: BAR 1 [mem 0x10040000-0x10040fff]: assigned
[    0.021175] pci 0000:00:02.0: BAR 1 [mem 0x10041000-0x10041fff]: assigned
[    0.021182] pci 0000:00:03.0: BAR 1 [mem 0x10042000-0x10042fff]: assigned
[    0.021189] pci 0000:00:02.0: BAR 0 [io  0x1000-0x103f]: assigned
[    0.021194] pci 0000:00:01.0: BAR 0 [io  0x1040-0x105f]: assigned
[    0.021197] pci 0000:00:03.0: BAR 0 [io  0x1060-0x107f]: assigned
[    0.021201] pci_bus 0000:00: resource 4 [io  0x0000-0xffff]
[    0.021202] pci_bus 0000:00: resource 5 [mem 0x10000000-0x3efeffff]
[    0.021203] pci_bus 0000:00: resource 6 [mem 0x8000000000-0xffffffffff]
[    0.021837] virtio-pci 0000:00:01.0: enabling device (0000 -> 0003)
[    0.022578] virtio-pci 0000:00:02.0: enabling device (0000 -> 0003)
[    0.024087] virtio-pci 0000:00:03.0: enabling device (0000 -> 0003)
[    0.031111] rtc-pl031 9010000.pl031: registered as rtc0
[    0.031119] rtc-pl031 9010000.pl031: setting system clock to 2026-10-10T03:07:30 UTC (1791601650)
[    0.031212] NET: Registered PF_INET6 protocol family
[    0.031784] Segment Routing with IPv6
[    0.031788] In-situ OAM (IOAM) with IPv6
[    0.031797] sit: IPv6, IPv4 and MPLS over IPv4 tunneling driver
[    0.031915] NET: Registered PF_PACKET protocol family
[    0.031922] 9pnet: Installing 9P2000 support
[    0.036653] clk: Disabling unused clocks
[    0.106135] Freeing initrd memory: 186348K
[    0.106566] Freeing unused kernel memory: 576K
[    0.106613] Run /init as init process
[    0.123923] kjit: loading out-of-tree module taints kernel.
[    0.124677] rust_kjit: ######## Rust KJIT inits ########
[    0.124753] rust_kjit: golden tests/arm64/toy_cfg.s:hot_svc_mark PASS: 844 fragment bytes match harness
kjit-init: insmod kjit.ko ok
[    0.158629] kjit: translate_svc_sites pid 72: 2 text ranges, 115 svc sites
[    0.160453] kjit: translate_svc_sites pid 71: 2 text ranges, 115 svc sites
[    0.175098] kjit: translate_svc_sites pid 70: 2 text ranges, 115 svc sites
[    0.186359] kjit: translate_svc_sites pid 75: 2 text ranges, 115 svc sites
[    0.189927] kjit: translate_svc_sites pid 73: 2 text ranges, 115 svc sites
[    0.192492] kjit: translate_svc_sites pid 77: 2 text ranges, 115 svc sites
[    0.205550] kjit: translate_svc_sites pid 74: 2 text ranges, 115 svc sites
[    0.211811] kjit: translate_svc_sites pid 76: 2 text ranges, 115 svc sites
[    0.692484] kjit: translate_svc_sites pid 98: 2 text ranges, 115 svc sites
[    0.696052] kjit: translate_svc_sites pid 96: 2 text ranges, 115 svc sites
[    0.696868] kjit: translate_svc_sites pid 97: 2 text ranges, 115 svc sites
[    0.726616] kjit: translate_svc_sites pid 103: 2 text ranges, 115 svc sites
[    0.744258] kjit: translate_svc_sites pid 101: 2 text ranges, 115 svc sites
[    0.748645] kjit: translate_svc_sites pid 99: 2 text ranges, 115 svc sites
[    0.748924] kjit: translate_svc_sites pid 102: 2 text ranges, 115 svc sites
[    0.764242] kjit: translate_svc_sites pid 100: 2 text ranges, 115 svc sites
fpb stress noise_us=0 rounds=3 result=ok preempted=147 brackets=48000 in_kernel=47974 noise_kernel=0 noise_live=0 noise_other=0 run_max_ns=8124333
[    1.393105] kjit: translate_svc_sites pid 124: 2 text ranges, 115 svc sites
[    1.412943] kjit: translate_svc_sites pid 123: 2 text ranges, 115 svc sites
[    1.413696] kjit: translate_svc_sites pid 125: 2 text ranges, 115 svc sites
[    1.421248] kjit: translate_svc_sites pid 122: 2 text ranges, 115 svc sites
[    1.428366] kjit: translate_svc_sites pid 120: 2 text ranges, 115 svc sites
[    1.442546] kjit: translate_svc_sites pid 127: 2 text ranges, 115 svc sites
[    1.450326] kjit: translate_svc_sites pid 126: 2 text ranges, 115 svc sites
[    1.465325] kjit: translate_svc_sites pid 121: 2 text ranges, 115 svc sites
[    4.792221] kjit: translate_svc_sites pid 151: 2 text ranges, 115 svc sites
[    4.798178] kjit: translate_svc_sites pid 152: 2 text ranges, 115 svc sites
[    4.802438] kjit: translate_svc_sites pid 153: 2 text ranges, 115 svc sites
[    4.808413] kjit: translate_svc_sites pid 149: 2 text ranges, 115 svc sites
[    4.818006] kjit: translate_svc_sites pid 148: 2 text ranges, 115 svc sites
[    4.820878] kjit: translate_svc_sites pid 157: 2 text ranges, 115 svc sites
[    4.834229] kjit: translate_svc_sites pid 150: 2 text ranges, 115 svc sites
[    4.851359] kjit: translate_svc_sites pid 154: 2 text ranges, 115 svc sites
fpb stress noise_us=25 rounds=3 result=ok preempted=1339 brackets=48000 in_kernel=47973 noise_kernel=74421 noise_live=73543 noise_other=15416 run_max_ns=12093416
fpb: stress PASS
[    7.932659] kjit: 0 of 0 translation requests still queued at unload (freed by the kernel)
[    7.959587] rust_kjit: ######## Rust KJIT exits ########
kjit-init: rmmod kjit ok
kjit-init: run exit=0
[    7.989046] reboot: Power down
