[    0.000000] Booting Linux on physical CPU 0x0000000000 [0x610f0000]
[    0.000000] Linux version 7.1.0-rc1+ (@kjit-dev-container) (Ubuntu clang version 18.1.3 (1ubuntu1), Ubuntu LLD 18.1.3) #2 SMP PREEMPT Sat Oct 10 02:33:24 UTC 2026
[    0.000000] random: crng init done
[    0.000000] Machine model: linux,dummy-virt
[    0.000000] OF: reserved mem: Reserved memory: No reserved-memory node in the DT
[    0.000000] psci: probing for conduit method from DT.
[    0.000000] psci: PSCIv1.1 detected in firmware.
[    0.000000] psci: Using standard PSCI v0.2 function IDs
[    0.000000] psci: Trusted OS migration not required
[    0.000000] psci: SMC Calling Convention v1.0
[    0.000000] Zone ranges:
[    0.000000]   Normal   [mem 0x0000000040000000-0x000000013fffffff]
[    0.000000] Movable zone start for each node
[    0.000000] Early memory node ranges
[    0.000000]   node   0: [mem 0x0000000040000000-0x000000013fffffff]
[    0.000000] Initmem setup node 0 [mem 0x0000000040000000-0x000000013fffffff]
[    0.000000] percpu: Embedded 19 pages/cpu s38488 r8192 d31144 u77824
[    0.000000] Detected PIPT I-cache on CPU0
[    0.000000] CPU features: detected: Address authentication (IMP DEF algorithm)
[    0.000000] CPU features: detected: Spectre-v4
[    0.000000] CPU features: detected: Spectre-BHB
[    0.000000] alternatives: applying boot alternatives
[    0.000000] Kernel command line: console=ttyAMA0 panic=-1 nokaslr
[    0.000000] Unknown kernel command line parameters "nokaslr", will be passed to user space.
[    0.000000] printk: log buffer data + meta data: 131072 + 458752 = 589824 bytes
[    0.000000] Dentry cache hash table entries: 524288 (order: 10, 4194304 bytes, linear)
[    0.000000] Inode-cache hash table entries: 262144 (order: 9, 2097152 bytes, linear)
[    0.000000] software IO TLB: SWIOTLB bounce buffer size adjusted to 4MB
[    0.000000] software IO TLB: area num 4.
[    0.000000] software IO TLB: mapped [mem 0x000000013ac00000-0x000000013b000000] (4MB)
[    0.000000] Built 1 zonelists, mobility grouping on.  Total pages: 1048576
[    0.000000] mem auto-init: stack:all(zero), heap alloc:off, heap free:off
[    0.000000] SLUB: HWalign=64, Order=0-3, MinObjects=0, CPUs=4, Nodes=1
[    0.000000] rcu: Preemptible hierarchical RCU implementation.
[    0.000000] rcu: 	RCU restricting CPUs from NR_CPUS=512 to nr_cpu_ids=4.
[    0.000000] rcu: RCU calculated value of scheduler-enlistment delay is 25 jiffies.
[    0.000000] rcu: Adjusting geometry for rcu_fanout_leaf=16, nr_cpu_ids=4
[    0.000000] NR_IRQS: 64, nr_irqs: 64, preallocated irqs: 0
[    0.000000] Root IRQ handler: gic_handle_irq
[    0.000000] GICv2m: range[mem 0x08020000-0x08020fff], SPI[80:143]
[    0.000000] rcu: srcu_init: Setting srcu_struct sizes based on contention.
[    0.000000] arch_timer: cp15 timer running at 24.00MHz (virt).
[    0.000000] clocksource: arch_sys_counter: mask: 0xffffffffffffff max_cycles: 0x588fe9dc0, max_idle_ns: 440795202592 ns
[    0.000000] sched_clock: 56 bits at 24MHz, resolution 41ns, wraps every 4398046511097ns
[    0.000093] Console: colour dummy device 80x25
[    0.000100] Calibrating delay loop (skipped), value calculated using timer frequency.. 48.00 BogoMIPS (lpj=96000)
[    0.000103] pid_max: default: 32768 minimum: 301
[    0.000222] Mount-cache hash table entries: 8192 (order: 4, 65536 bytes, linear)
[    0.000229] Mountpoint-cache hash table entries: 8192 (order: 4, 65536 bytes, linear)
[    0.000302] VFS: Finished mounting rootfs on nullfs
[    0.000440] cacheinfo: Unable to detect cache hierarchy for CPU 0
[    0.000545] rcu: Hierarchical SRCU implementation.
[    0.000546] rcu: 	Max phase no-delay instances is 1000.
[    0.000563] Timer migration: 1 hierarchy levels; 8 children per group; 1 crossnode level
[    0.000596] smp: Bringing up secondary CPUs ...
[    0.000796] Detected PIPT I-cache on CPU1
[    0.000870] CPU1: Booted secondary processor 0x0000000001 [0x610f0000]
[    0.001088] Detected PIPT I-cache on CPU2
[    0.001194] CPU2: Booted secondary processor 0x0000000002 [0x610f0000]
[    0.001451] Detected PIPT I-cache on CPU3
[    0.001559] CPU3: Booted secondary processor 0x0000000003 [0x610f0000]
[    0.001648] smp: Brought up 1 node, 4 CPUs
[    0.001650] SMP: Total of 4 processors activated.
[    0.001650] CPU: All CPU(s) started at EL1
[    0.001651] CPU features: detected: ARMv8.4 Translation Table Level
[    0.001651] CPU features: detected: Data cache clean to the PoU not required for I/D coherence
[    0.001652] CPU features: detected: CRC32 instructions
[    0.001652] CPU features: detected: Data independent timing control (DIT)
[    0.001652] CPU features: detected: E0PD
[    0.001653] CPU features: detected: Generic authentication (IMP DEF algorithm)
[    0.001653] CPU features: detected: RCpc load-acquire (LDAPR)
[    0.001654] CPU features: detected: LSE atomic instructions
[    0.001654] CPU features: detected: Privileged Access Never
[    0.001654] CPU features: detected: Speculation barrier (SB)
[    0.001655] CPU features: detected: TLB range maintenance instructions
[    0.001655] CPU features: detected: XNX
[    0.001783] alternatives: applying system-wide alternatives
[    0.002655] Memory: 3909756K/4194304K available (5248K kernel code, 754K rwdata, 2356K rodata, 576K init, 405K bss, 281368K reserved, 0K cma-reserved)
[    0.002990] devtmpfs: initialized
[    0.003339] clocksource: jiffies: mask: 0xffffffff max_cycles: 0xffffffff, max_idle_ns: 7645041785100000 ns
[    0.003342] posixtimers hash table entries: 2048 (order: 3, 32768 bytes, linear)
[    0.003361] futex hash table entries: 1024 (65536 bytes on 1 NUMA nodes, total 64 KiB, linear).
[    0.003368] 30384 pages in range for non-PLT usage
[    0.003369] 521904 pages in range for PLT usage
[    0.003437] NET: Registered PF_NETLINK/PF_ROUTE protocol family
[    0.003864] DMA: preallocated 512 KiB GFP_KERNEL pool for atomic allocations
[    0.003926] ASID allocator initialised with 256 entries
[    0.003934] Serial: AMBA PL011 UART driver
[    0.004418] 9000000.pl011: ttyAMA0 at MMIO 0x9000000 (irq = 13, base_baud = 0) is a PL011 rev1
[    0.004531] printk: console [ttyAMA0] enabled
[    0.010398] vgaarb: loaded
[    0.010570] clocksource: Switched to clocksource arch_sys_counter
[    0.020743] NET: Registered PF_INET protocol family
[    0.020820] IP idents hash table entries: 65536 (order: 7, 524288 bytes, linear)
[    0.021240] tcp_listen_portaddr_hash hash table entries: 2048 (order: 3, 32768 bytes, linear)
[    0.021247] Table-perturb hash table entries: 65536 (order: 6, 262144 bytes, linear)
[    0.021250] TCP established hash table entries: 32768 (order: 6, 262144 bytes, linear)
[    0.021300] TCP bind hash table entries: 32768 (order: 8, 1048576 bytes, linear)
[    0.021457] TCP: Hash tables configured (established 32768 bind 32768)
[    0.021484] UDP hash table entries: 2048 (order: 5, 131072 bytes, linear)
[    0.021515] NET: Registered PF_UNIX/PF_LOCAL protocol family
[    0.021522] PCI: CLS 0 bytes, default 64
[    0.021700] Unpacking initramfs...
[    0.023118] workingset: timestamp_bits=46 (anon: 42) max_order=20 bucket_order=0 (anon: 0)
[    0.023173] 9p: Installing v9fs 9p2000 file system support
[    0.026803] pci-host-generic 4010000000.pcie: host bridge /pcie@10000000 ranges:
[    0.026809] pci-host-generic 4010000000.pcie:       IO 0x003eff0000..0x003effffff -> 0x0000000000
[    0.026811] pci-host-generic 4010000000.pcie:      MEM 0x0010000000..0x003efeffff -> 0x0010000000
[    0.026812] pci-host-generic 4010000000.pcie:      MEM 0x8000000000..0xffffffffff -> 0x8000000000
[    0.026819] pci-host-generic 4010000000.pcie: Memory resource size exceeds max for 32 bits
[    0.026827] pci-host-generic 4010000000.pcie: ECAM at [mem 0x4010000000-0x401fffffff] for [bus 00-ff]
[    0.026839] pci-host-generic 4010000000.pcie: PCI host bridge to bus 0000:00
[    0.026840] pci_bus 0000:00: root bus resource [bus 00-ff]
[    0.026841] pci_bus 0000:00: root bus resource [io  0x0000-0xffff]
[    0.026842] pci_bus 0000:00: root bus resource [mem 0x10000000-0x3efeffff]
[    0.026842] pci_bus 0000:00: root bus resource [mem 0x8000000000-0xffffffffff]
[    0.026943] pci 0000:00:00.0: [1b36:0008] type 00 class 0x060000 conventional PCI endpoint
[    0.027755] pci 0000:00:01.0: [1af4:1000] type 00 class 0x020000 conventional PCI endpoint
[    0.027993] pci 0000:00:01.0: BAR 0 [io  0x0000-0x001f]
[    0.027998] pci 0000:00:01.0: BAR 1 [mem 0x00000000-0x00000fff]
[    0.028012] pci 0000:00:01.0: BAR 4 [mem 0x00000000-0x00003fff 64bit pref]
[    0.028015] pci 0000:00:01.0: ROM [mem 0x00000000-0x0003ffff pref]
[    0.028414] pci 0000:00:02.0: [1af4:1009] type 00 class 0x000200 conventional PCI endpoint
[    0.028692] pci 0000:00:02.0: BAR 0 [io  0x0000-0x003f]
[    0.028696] pci 0000:00:02.0: BAR 1 [mem 0x00000000-0x00000fff]
[    0.028705] pci 0000:00:02.0: BAR 4 [mem 0x00000000-0x00003fff 64bit pref]
[    0.029016] pci 0000:00:03.0: [1af4:1005] type 00 class 0x00ff00 conventional PCI endpoint
[    0.029171] pci 0000:00:03.0: BAR 0 [io  0x0000-0x001f]
[    0.029174] pci 0000:00:03.0: BAR 1 [mem 0x00000000-0x00000fff]
[    0.029187] pci 0000:00:03.0: BAR 4 [mem 0x00000000-0x00003fff 64bit pref]
[    0.029665] pci 0000:00:01.0: ROM [mem 0x10000000-0x1003ffff pref]: assigned
[    0.029668] pci 0000:00:01.0: BAR 4 [mem 0x8000000000-0x8000003fff 64bit pref]: assigned
[    0.029727] pci 0000:00:02.0: BAR 4 [mem 0x8000004000-0x8000007fff 64bit pref]: assigned
[    0.029802] pci 0000:00:03.0: BAR 4 [mem 0x8000008000-0x800000bfff 64bit pref]: assigned
[    0.029838] pci 0000:00:01.0: BAR 1 [mem 0x10040000-0x10040fff]: assigned
[    0.029842] pci 0000:00:02.0: BAR 1 [mem 0x10041000-0x10041fff]: assigned
[    0.029846] pci 0000:00:03.0: BAR 1 [mem 0x10042000-0x10042fff]: assigned
[    0.029850] pci 0000:00:02.0: BAR 0 [io  0x1000-0x103f]: assigned
[    0.029856] pci 0000:00:01.0: BAR 0 [io  0x1040-0x105f]: assigned
[    0.029860] pci 0000:00:03.0: BAR 0 [io  0x1060-0x107f]: assigned
[    0.029866] pci_bus 0000:00: resource 4 [io  0x0000-0xffff]
[    0.029867] pci_bus 0000:00: resource 5 [mem 0x10000000-0x3efeffff]
[    0.029867] pci_bus 0000:00: resource 6 [mem 0x8000000000-0xffffffffff]
[    0.031453] virtio-pci 0000:00:01.0: enabling device (0000 -> 0003)
[    0.032383] virtio-pci 0000:00:02.0: enabling device (0000 -> 0003)
[    0.033052] virtio-pci 0000:00:03.0: enabling device (0000 -> 0003)
[    0.038773] rtc-pl031 9010000.pl031: registered as rtc0
[    0.038782] rtc-pl031 9010000.pl031: setting system clock to 2026-10-10T03:06:28 UTC (1791601588)
[    0.038890] NET: Registered PF_INET6 protocol family
[    0.039226] Segment Routing with IPv6
[    0.039232] In-situ OAM (IOAM) with IPv6
[    0.039239] sit: IPv6, IPv4 and MPLS over IPv4 tunneling driver
[    0.039294] NET: Registered PF_PACKET protocol family
[    0.039299] 9pnet: Installing 9P2000 support
[    0.043969] clk: Disabling unused clocks
[    0.109350] Freeing initrd memory: 186348K
[    0.109827] Freeing unused kernel memory: 576K
[    0.109887] Run /init as init process
[    0.125632] kjit: loading out-of-tree module taints kernel.
[    0.126724] rust_kjit: ######## Rust KJIT inits ########
[    0.126788] rust_kjit: golden tests/arm64/toy_cfg.s:hot_svc_mark PASS: 844 fragment bytes match harness
kjit-init: insmod kjit.ko ok
a11: warm-up at off
a11maps aaaae51a0000-aaaae53f0000 r-xp 00000000 00:03 4263                       /opt/redis/src/redis-server
a11maps aaaae53f9000-aaaae5400000 r--p 00259000 00:03 4263                       /opt/redis/src/redis-server
a11maps aaaae5400000-aaaae5459000 rw-p 00260000 00:03 4263                       /opt/redis/src/redis-server
a11maps aaaae5459000-aaaae568c000 rw-p 00000000 00:00 0 
a11maps aaaaf8b43000-aaaaf8b64000 rw-p 00000000 00:00 0                          [heap]
a11maps ffff93340000-ffff935c0000 rw-p 00000000 00:00 0 
a11maps ffff935c0000-ffff935d0000 ---p 00000000 00:00 0 
a11maps ffff935d0000-ffff93dd0000 rw-p 00000000 00:00 0 
a11maps ffff93dd0000-ffff93de0000 ---p 00000000 00:00 0 
a11maps ffff93de0000-ffff945e0000 rw-p 00000000 00:00 0 
a11maps ffff945e0000-ffff945f0000 ---p 00000000 00:00 0 
a11maps ffff945f0000-ffff94df0000 rw-p 00000000 00:00 0 
a11maps ffff94df0000-ffff94e00000 ---p 00000000 00:00 0 
a11maps ffff94e00000-ffff95600000 rw-p 00000000 00:00 0 
a11maps ffff95600000-ffff95e00000 rw-p 00000000 00:00 0 
a11maps ffff95f20000-ffff960ac000 r-xp 00000000 00:03 816                        /usr/lib/aarch64-linux-gnu/libc.so.6
a11maps ffff960ac000-ffff960bc000 ---p 0018c000 00:03 816                        /usr/lib/aarch64-linux-gnu/libc.so.6
a11maps ffff960bc000-ffff960c0000 r--p 0018c000 00:03 816                        /usr/lib/aarch64-linux-gnu/libc.so.6
a11maps ffff960c0000-ffff960c2000 rw-p 00190000 00:03 816                        /usr/lib/aarch64-linux-gnu/libc.so.6
a11maps ffff960c2000-ffff960cf000 rw-p 00000000 00:00 0 
a11maps ffff960d0000-ffff96152000 r-xp 00000000 00:03 863                        /usr/lib/aarch64-linux-gnu/libm.so.6
a11maps ffff96152000-ffff9616f000 ---p 00082000 00:03 863                        /usr/lib/aarch64-linux-gnu/libm.so.6
a11maps ffff9616f000-ffff96170000 r--p 0008f000 00:03 863                        /usr/lib/aarch64-linux-gnu/libm.so.6
a11maps ffff96170000-ffff96171000 rw-p 00090000 00:03 863                        /usr/lib/aarch64-linux-gnu/libm.so.6
a11maps ffff96174000-ffff9619b000 r-xp 00000000 00:03 796                        /usr/lib/aarch64-linux-gnu/ld-linux-aarch64.so.1
a11maps ffff961a5000-ffff961a9000 rw-p 00000000 00:00 0 
a11maps ffff961ab000-ffff961ad000 rw-p 00000000 00:00 0 
a11maps ffff961ad000-ffff961b1000 r--p 00000000 00:00 0                          [vvar]
a11maps ffff961b1000-ffff961b2000 r-xp 00000000 00:00 0                          [vdso]
a11maps ffff961b2000-ffff961b4000 r--p 0002e000 00:03 796                        /usr/lib/aarch64-linux-gnu/ld-linux-aarch64.so.1
a11maps ffff961b4000-ffff961b6000 rw-p 00030000 00:03 796                        /usr/lib/aarch64-linux-gnu/ld-linux-aarch64.so.1
a11maps ffffd5488000-ffffd54a9000 rw-p 00000000 00:00 0                          [stack]
a11 point=off pass=1 test=set requests=200000 rps=245398.78 hook_calls=0 syscalls_in_kernel=0 fragment_entries=0 fpsimd_entries=0 fpsimd_preempted=0 chains=0 chain_cap=0 exit_svc=0 exit_bl=0 exit_blr=0 exit_br=0 exit_ret=0 exit_mem=0 exit_unsupported=0 exit_budget=0 run_declined=0 ibtc_insert=0 ibtc_replace=0 ibtc_clear=0 ibtc_fpsimd_boundary=0 ibtc_miss_cold=0 ibtc_miss_conflict=0 ibtc_miss_other=0 fpsimd_run_max_ns=0 miss_residual=0
a11slots point=off pass=1 test=set # table all conflicts 0 slots 0 top32 0
a11slots point=off pass=1 test=set # table nofp conflicts 0 slots 0 top32 0
a11 point=off pass=1 test=get requests=200000 rps=245700.25 hook_calls=0 syscalls_in_kernel=0 fragment_entries=0 fpsimd_entries=0 fpsimd_preempted=0 chains=0 chain_cap=0 exit_svc=0 exit_bl=0 exit_blr=0 exit_br=0 exit_ret=0 exit_mem=0 exit_unsupported=0 exit_budget=0 run_declined=0 ibtc_insert=0 ibtc_replace=0 ibtc_clear=0 ibtc_fpsimd_boundary=0 ibtc_miss_cold=0 ibtc_miss_conflict=0 ibtc_miss_other=0 fpsimd_run_max_ns=0 miss_residual=0
a11slots point=off pass=1 test=get # table all conflicts 0 slots 0 top32 0
a11slots point=off pass=1 test=get # table nofp conflicts 0 slots 0 top32 0
a11 point=1024 pass=1 test=set requests=200000 rps=145560.41 hook_calls=408626 syscalls_in_kernel=384541 fragment_entries=607044 fpsimd_entries=198956 fpsimd_preempted=3 chains=199220 chain_cap=0 exit_svc=384541 exit_bl=6868 exit_blr=857 exit_br=199597 exit_ret=9955 exit_mem=0 exit_unsupported=5226 exit_budget=0 run_declined=12 ibtc_insert=572 ibtc_replace=35 ibtc_clear=0 ibtc_fpsimd_boundary=198948 ibtc_miss_cold=17224 ibtc_miss_conflict=1105 ibtc_miss_other=0 fpsimd_run_max_ns=122208 miss_residual=0
a11slots point=1024 pass=1 test=set # table all conflicts 1026 slots 16 top32 1026
a11slots point=1024 pass=1 test=set all 357 65 0xaaaae5288594 0xaaaae5214594
a11slots point=1024 pass=1 test=set all 2452 65 0xaaaae52da650 0xaaaae529e650
a11slots point=1024 pass=1 test=set all 257 64 0xaaaae5210404 0xaaaae5214404
a11slots point=1024 pass=1 test=set all 453 64 0xaaaae523c714 0xaaaae5314714
a11slots point=1024 pass=1 test=set all 883 64 0xaaaae520cdcc 0xaaaae5250dcc
a11slots point=1024 pass=1 test=set all 928 64 0xaaaae5238e80 0xaaaae5250e80
a11slots point=1024 pass=1 test=set all 1116 64 0xaaaae5219170 0xaaaae5225170
a11slots point=1024 pass=1 test=set all 1472 64 0xaaaae5219700 0xaaaae522d700
a11slots point=1024 pass=1 test=set all 1616 64 0xaaaae523d940 0xaaaae5239940
a11slots point=1024 pass=1 test=set all 1684 64 0xaaaae523da50 0xaaaae522da50
a11slots point=1024 pass=1 test=set all 1756 64 0xaaaae5225b70 0xaaaae522db70
a11slots point=1024 pass=1 test=set all 1766 64 0xaaaae530db98 0xaaaae522db98
a11slots point=1024 pass=1 test=set all 1804 64 0xaaaae522dc30 0xffff95ffdc30
a11slots point=1024 pass=1 test=set all 1813 64 0xaaaae530dc54 0xaaaae523dc54
a11slots point=1024 pass=1 test=set all 2364 64 0xaaaae530e4f0 0xaaaae523e4f0
a11slots point=1024 pass=1 test=set all 3164 64 0xaaaae521b170 0xaaaae5237170
a11slots point=1024 pass=1 test=set # table nofp conflicts 79 slots 15 top32 79
a11slots point=1024 pass=1 test=set nofp 236 65 0xaaaae52103b0 0xaaaae522c3b0
a11slots point=1024 pass=1 test=set nofp 257 1 0xaaaae5210404 0xaaaae5214404
a11slots point=1024 pass=1 test=set nofp 453 1 0xaaaae523c714 0xaaaae5314714
a11slots point=1024 pass=1 test=set nofp 883 1 0xaaaae520cdcc 0xaaaae5250dcc
a11slots point=1024 pass=1 test=set nofp 928 1 0xaaaae5238e80 0xaaaae5250e80
a11slots point=1024 pass=1 test=set nofp 1116 1 0xaaaae5219170 0xaaaae5225170
a11slots point=1024 pass=1 test=set nofp 1472 1 0xaaaae5219700 0xaaaae522d700
a11slots point=1024 pass=1 test=set nofp 1616 1 0xaaaae523d940 0xaaaae5239940
a11slots point=1024 pass=1 test=set nofp 1684 1 0xaaaae523da50 0xaaaae522da50
a11slots point=1024 pass=1 test=set nofp 1756 1 0xaaaae5225b70 0xaaaae522db70
a11slots point=1024 pass=1 test=set nofp 1766 1 0xaaaae530db98 0xaaaae522db98
a11slots point=1024 pass=1 test=set nofp 1804 1 0xaaaae522dc30 0xffff95ffdc30
a11slots point=1024 pass=1 test=set nofp 1813 1 0xaaaae530dc54 0xaaaae523dc54
a11slots point=1024 pass=1 test=set nofp 2364 1 0xaaaae530e4f0 0xaaaae523e4f0
a11slots point=1024 pass=1 test=set nofp 3164 1 0xaaaae521b170 0xaaaae5237170
a11 point=1024 pass=1 test=get requests=200000 rps=167224.08 hook_calls=408672 syscalls_in_kernel=398702 fragment_entries=608140 fpsimd_entries=200006 fpsimd_preempted=0 chains=200021 chain_cap=0 exit_svc=398702 exit_bl=770 exit_blr=91 exit_br=200002 exit_ret=918 exit_mem=1 exit_unsupported=7656 exit_budget=0 run_declined=22 ibtc_insert=36 ibtc_replace=3 ibtc_clear=0 ibtc_fpsimd_boundary=200003 ibtc_miss_cold=1597 ibtc_miss_conflict=181 ibtc_miss_other=0 fpsimd_run_max_ns=122208 miss_residual=0
a11slots point=1024 pass=1 test=get # table all conflicts 128 slots 2 top32 128
a11slots point=1024 pass=1 test=get all 1600 64 0xaaaae5231900 0xaaaae522d900
a11slots point=1024 pass=1 test=get all 1622 64 0xaaaae5231958 0xaaaae522d958
a11slots point=1024 pass=1 test=get # table nofp conflicts 53 slots 3 top32 53
a11slots point=1024 pass=1 test=get nofp 1345 51 0xaaaae5211504 0xaaaae5219504
a11slots point=1024 pass=1 test=get nofp 1600 1 0xaaaae5231900 0xaaaae522d900
a11slots point=1024 pass=1 test=get nofp 1622 1 0xaaaae5231958 0xaaaae522d958
a11 point=off pass=2 test=set requests=200000 rps=241837.97 hook_calls=0 syscalls_in_kernel=0 fragment_entries=0 fpsimd_entries=0 fpsimd_preempted=0 chains=0 chain_cap=0 exit_svc=0 exit_bl=0 exit_blr=0 exit_br=0 exit_ret=0 exit_mem=0 exit_unsupported=0 exit_budget=0 run_declined=0 ibtc_insert=0 ibtc_replace=0 ibtc_clear=0 ibtc_fpsimd_boundary=0 ibtc_miss_cold=0 ibtc_miss_conflict=0 ibtc_miss_other=0 fpsimd_run_max_ns=122208 miss_residual=0
a11slots point=off pass=2 test=set # table all conflicts 0 slots 0 top32 0
a11slots point=off pass=2 test=set # table nofp conflicts 0 slots 0 top32 0
a11 point=off pass=2 test=get requests=200000 rps=233100.23 hook_calls=0 syscalls_in_kernel=0 fragment_entries=0 fpsimd_entries=0 fpsimd_preempted=0 chains=0 chain_cap=0 exit_svc=0 exit_bl=0 exit_blr=0 exit_br=0 exit_ret=0 exit_mem=0 exit_unsupported=0 exit_budget=0 run_declined=0 ibtc_insert=0 ibtc_replace=0 ibtc_clear=0 ibtc_fpsimd_boundary=0 ibtc_miss_cold=0 ibtc_miss_conflict=0 ibtc_miss_other=0 fpsimd_run_max_ns=122208 miss_residual=0
a11slots point=off pass=2 test=get # table all conflicts 0 slots 0 top32 0
a11slots point=off pass=2 test=get # table nofp conflicts 0 slots 0 top32 0
a11 point=1024 pass=2 test=set requests=200000 rps=149142.44 hook_calls=408605 syscalls_in_kernel=399699 fragment_entries=608046 fpsimd_entries=200000 fpsimd_preempted=3 chains=200000 chain_cap=0 exit_svc=399701 exit_bl=448 exit_blr=28 exit_br=200001 exit_ret=270 exit_mem=0 exit_unsupported=7598 exit_budget=0 run_declined=25 ibtc_insert=0 ibtc_replace=0 ibtc_clear=0 ibtc_fpsimd_boundary=200000 ibtc_miss_cold=696 ibtc_miss_conflict=51 ibtc_miss_other=0 fpsimd_run_max_ns=136500 miss_residual=0
a11slots point=1024 pass=2 test=set # table all conflicts 0 slots 0 top32 0
a11slots point=1024 pass=2 test=set # table nofp conflicts 51 slots 1 top32 51
a11slots point=1024 pass=2 test=set nofp 1345 51 0xaaaae5211504 0xaaaae5219504
a11 point=1024 pass=2 test=get requests=200000 rps=167224.08 hook_calls=408701 syscalls_in_kernel=399751 fragment_entries=608149 fpsimd_entries=200001 fpsimd_preempted=0 chains=200001 chain_cap=0 exit_svc=399751 exit_bl=360 exit_blr=23 exit_br=200001 exit_ret=269 exit_mem=0 exit_unsupported=7745 exit_budget=0 run_declined=20 ibtc_insert=0 ibtc_replace=0 ibtc_clear=0 ibtc_fpsimd_boundary=200001 ibtc_miss_cold=601 ibtc_miss_conflict=51 ibtc_miss_other=0 fpsimd_run_max_ns=136500 miss_residual=0
a11slots point=1024 pass=2 test=get # table all conflicts 0 slots 0 top32 0
a11slots point=1024 pass=2 test=get # table nofp conflicts 51 slots 1 top32 51
a11slots point=1024 pass=2 test=get nofp 1345 51 0xaaaae5211504 0xaaaae5219504
a11 point=off pass=3 test=set requests=200000 rps=245700.25 hook_calls=0 syscalls_in_kernel=0 fragment_entries=0 fpsimd_entries=0 fpsimd_preempted=0 chains=0 chain_cap=0 exit_svc=0 exit_bl=0 exit_blr=0 exit_br=0 exit_ret=0 exit_mem=0 exit_unsupported=0 exit_budget=0 run_declined=0 ibtc_insert=0 ibtc_replace=0 ibtc_clear=0 ibtc_fpsimd_boundary=0 ibtc_miss_cold=0 ibtc_miss_conflict=0 ibtc_miss_other=0 fpsimd_run_max_ns=136500 miss_residual=0
a11slots point=off pass=3 test=set # table all conflicts 0 slots 0 top32 0
a11slots point=off pass=3 test=set # table nofp conflicts 0 slots 0 top32 0
a11 point=off pass=3 test=get requests=200000 rps=242130.77 hook_calls=0 syscalls_in_kernel=0 fragment_entries=0 fpsimd_entries=0 fpsimd_preempted=0 chains=0 chain_cap=0 exit_svc=0 exit_bl=0 exit_blr=0 exit_br=0 exit_ret=0 exit_mem=0 exit_unsupported=0 exit_budget=0 run_declined=0 ibtc_insert=0 ibtc_replace=0 ibtc_clear=0 ibtc_fpsimd_boundary=0 ibtc_miss_cold=0 ibtc_miss_conflict=0 ibtc_miss_other=0 fpsimd_run_max_ns=136500 miss_residual=0
a11slots point=off pass=3 test=get # table all conflicts 0 slots 0 top32 0
a11slots point=off pass=3 test=get # table nofp conflicts 0 slots 0 top32 0
a11 point=1024 pass=3 test=set requests=200000 rps=140449.44 hook_calls=408658 syscalls_in_kernel=399678 fragment_entries=608104 fpsimd_entries=200001 fpsimd_preempted=1 chains=200001 chain_cap=0 exit_svc=399678 exit_bl=464 exit_blr=24 exit_br=200001 exit_ret=271 exit_mem=0 exit_unsupported=7666 exit_budget=0 run_declined=18 ibtc_insert=0 ibtc_replace=0 ibtc_clear=0 ibtc_fpsimd_boundary=200001 ibtc_miss_cold=708 ibtc_miss_conflict=51 ibtc_miss_other=0 fpsimd_run_max_ns=4918166 miss_residual=0
a11slots point=1024 pass=3 test=set # table all conflicts 0 slots 0 top32 0
a11slots point=1024 pass=3 test=set # table nofp conflicts 51 slots 1 top32 51
a11slots point=1024 pass=3 test=set nofp 1345 51 0xaaaae5211504 0xaaaae5219504
a11 point=1024 pass=3 test=get requests=200000 rps=167364.02 hook_calls=408688 syscalls_in_kernel=399738 fragment_entries=608138 fpsimd_entries=200001 fpsimd_preempted=1 chains=200001 chain_cap=0 exit_svc=399738 exit_bl=390 exit_blr=23 exit_br=200001 exit_ret=267 exit_mem=0 exit_unsupported=7719 exit_budget=0 run_declined=20 ibtc_insert=0 ibtc_replace=0 ibtc_clear=0 ibtc_fpsimd_boundary=200001 ibtc_miss_cold=629 ibtc_miss_conflict=51 ibtc_miss_other=0 fpsimd_run_max_ns=4918166 miss_residual=0
a11slots point=1024 pass=3 test=get # table all conflicts 0 slots 0 top32 0
a11slots point=1024 pass=3 test=get # table nofp conflicts 51 slots 1 top32 51
a11slots point=1024 pass=3 test=get nofp 1345 51 0xaaaae5211504 0xaaaae5219504
a11 point=off pass=4 test=set requests=200000 rps=248138.95 hook_calls=0 syscalls_in_kernel=0 fragment_entries=0 fpsimd_entries=0 fpsimd_preempted=0 chains=0 chain_cap=0 exit_svc=0 exit_bl=0 exit_blr=0 exit_br=0 exit_ret=0 exit_mem=0 exit_unsupported=0 exit_budget=0 run_declined=0 ibtc_insert=0 ibtc_replace=0 ibtc_clear=0 ibtc_fpsimd_boundary=0 ibtc_miss_cold=0 ibtc_miss_conflict=0 ibtc_miss_other=0 fpsimd_run_max_ns=4918166 miss_residual=0
a11slots point=off pass=4 test=set # table all conflicts 0 slots 0 top32 0
a11slots point=off pass=4 test=set # table nofp conflicts 0 slots 0 top32 0
a11 point=off pass=4 test=get requests=200000 rps=247218.78 hook_calls=0 syscalls_in_kernel=0 fragment_entries=0 fpsimd_entries=0 fpsimd_preempted=0 chains=0 chain_cap=0 exit_svc=0 exit_bl=0 exit_blr=0 exit_br=0 exit_ret=0 exit_mem=0 exit_unsupported=0 exit_budget=0 run_declined=0 ibtc_insert=0 ibtc_replace=0 ibtc_clear=0 ibtc_fpsimd_boundary=0 ibtc_miss_cold=0 ibtc_miss_conflict=0 ibtc_miss_other=0 fpsimd_run_max_ns=4918166 miss_residual=0
a11slots point=off pass=4 test=get # table all conflicts 0 slots 0 top32 0
a11slots point=off pass=4 test=get # table nofp conflicts 0 slots 0 top32 0
a11 point=1024 pass=4 test=set requests=200000 rps=151057.41 hook_calls=408573 syscalls_in_kernel=399739 fragment_entries=608016 fpsimd_entries=200001 fpsimd_preempted=1 chains=200001 chain_cap=0 exit_svc=399739 exit_bl=394 exit_blr=27 exit_br=200001 exit_ret=268 exit_mem=0 exit_unsupported=7587 exit_budget=0 run_declined=23 ibtc_insert=0 ibtc_replace=0 ibtc_clear=0 ibtc_fpsimd_boundary=200001 ibtc_miss_cold=638 ibtc_miss_conflict=51 ibtc_miss_other=0 fpsimd_run_max_ns=4918166 miss_residual=0
a11slots point=1024 pass=4 test=set # table all conflicts 0 slots 0 top32 0
a11slots point=1024 pass=4 test=set # table nofp conflicts 51 slots 1 top32 51
a11slots point=1024 pass=4 test=set nofp 1345 51 0xaaaae5211504 0xaaaae5219504
a11 point=1024 pass=4 test=get requests=200000 rps=170648.45 hook_calls=408621 syscalls_in_kernel=399745 fragment_entries=608063 fpsimd_entries=200001 fpsimd_preempted=1 chains=200001 chain_cap=0 exit_svc=399745 exit_bl=371 exit_blr=30 exit_br=200001 exit_ret=269 exit_mem=0 exit_unsupported=7647 exit_budget=0 run_declined=26 ibtc_insert=0 ibtc_replace=0 ibtc_clear=0 ibtc_fpsimd_boundary=200001 ibtc_miss_cold=619 ibtc_miss_conflict=51 ibtc_miss_other=0 fpsimd_run_max_ns=4918166 miss_residual=0
a11slots point=1024 pass=4 test=get # table all conflicts 0 slots 0 top32 0
a11slots point=1024 pass=4 test=get # table nofp conflicts 51 slots 1 top32 51
a11slots point=1024 pass=4 test=get nofp 1345 51 0xaaaae5211504 0xaaaae5219504
a11 point=off pass=5 test=set requests=200000 rps=244498.77 hook_calls=0 syscalls_in_kernel=0 fragment_entries=0 fpsimd_entries=0 fpsimd_preempted=0 chains=0 chain_cap=0 exit_svc=0 exit_bl=0 exit_blr=0 exit_br=0 exit_ret=0 exit_mem=0 exit_unsupported=0 exit_budget=0 run_declined=0 ibtc_insert=0 ibtc_replace=0 ibtc_clear=0 ibtc_fpsimd_boundary=0 ibtc_miss_cold=0 ibtc_miss_conflict=0 ibtc_miss_other=0 fpsimd_run_max_ns=4918166 miss_residual=0
a11slots point=off pass=5 test=set # table all conflicts 0 slots 0 top32 0
a11slots point=off pass=5 test=set # table nofp conflicts 0 slots 0 top32 0
a11 point=off pass=5 test=get requests=200000 rps=253164.55 hook_calls=0 syscalls_in_kernel=0 fragment_entries=0 fpsimd_entries=0 fpsimd_preempted=0 chains=0 chain_cap=0 exit_svc=0 exit_bl=0 exit_blr=0 exit_br=0 exit_ret=0 exit_mem=0 exit_unsupported=0 exit_budget=0 run_declined=0 ibtc_insert=0 ibtc_replace=0 ibtc_clear=0 ibtc_fpsimd_boundary=0 ibtc_miss_cold=0 ibtc_miss_conflict=0 ibtc_miss_other=0 fpsimd_run_max_ns=4918166 miss_residual=0
a11slots point=off pass=5 test=get # table all conflicts 0 slots 0 top32 0
a11slots point=off pass=5 test=get # table nofp conflicts 0 slots 0 top32 0
a11 point=1024 pass=5 test=set requests=200000 rps=150375.94 hook_calls=408563 syscalls_in_kernel=399710 fragment_entries=608014 fpsimd_entries=200001 fpsimd_preempted=1 chains=200001 chain_cap=0 exit_svc=399710 exit_bl=430 exit_blr=20 exit_br=200001 exit_ret=269 exit_mem=0 exit_unsupported=7584 exit_budget=0 run_declined=15 ibtc_insert=0 ibtc_replace=0 ibtc_clear=0 ibtc_fpsimd_boundary=200001 ibtc_miss_cold=668 ibtc_miss_conflict=51 ibtc_miss_other=0 fpsimd_run_max_ns=4918166 miss_residual=0
a11slots point=1024 pass=5 test=set # table all conflicts 0 slots 0 top32 0
a11slots point=1024 pass=5 test=set # table nofp conflicts 51 slots 1 top32 51
a11slots point=1024 pass=5 test=set nofp 1345 51 0xaaaae5211504 0xaaaae5219504
a11 point=1024 pass=5 test=get requests=200000 rps=165975.09 hook_calls=408663 syscalls_in_kernel=399757 fragment_entries=608107 fpsimd_entries=200001 fpsimd_preempted=0 chains=200001 chain_cap=0 exit_svc=399757 exit_bl=365 exit_blr=29 exit_br=200001 exit_ret=269 exit_mem=9 exit_unsupported=7677 exit_budget=0 run_declined=25 ibtc_insert=0 ibtc_replace=0 ibtc_clear=0 ibtc_fpsimd_boundary=200001 ibtc_miss_cold=612 ibtc_miss_conflict=51 ibtc_miss_other=0 fpsimd_run_max_ns=4918166 miss_residual=0
a11slots point=1024 pass=5 test=get # table all conflicts 0 slots 0 top32 0
a11slots point=1024 pass=5 test=get # table nofp conflicts 51 slots 1 top32 51
a11slots point=1024 pass=5 test=get nofp 1345 51 0xaaaae5211504 0xaaaae5219504
a11 point=off pass=6 test=set requests=200000 rps=237529.69 hook_calls=0 syscalls_in_kernel=0 fragment_entries=0 fpsimd_entries=0 fpsimd_preempted=0 chains=0 chain_cap=0 exit_svc=0 exit_bl=0 exit_blr=0 exit_br=0 exit_ret=0 exit_mem=0 exit_unsupported=0 exit_budget=0 run_declined=0 ibtc_insert=0 ibtc_replace=0 ibtc_clear=0 ibtc_fpsimd_boundary=0 ibtc_miss_cold=0 ibtc_miss_conflict=0 ibtc_miss_other=0 fpsimd_run_max_ns=4918166 miss_residual=0
a11slots point=off pass=6 test=set # table all conflicts 0 slots 0 top32 0
a11slots point=off pass=6 test=set # table nofp conflicts 0 slots 0 top32 0
a11 point=off pass=6 test=get requests=200000 rps=221729.48 hook_calls=0 syscalls_in_kernel=0 fragment_entries=0 fpsimd_entries=0 fpsimd_preempted=0 chains=0 chain_cap=0 exit_svc=0 exit_bl=0 exit_blr=0 exit_br=0 exit_ret=0 exit_mem=0 exit_unsupported=0 exit_budget=0 run_declined=0 ibtc_insert=0 ibtc_replace=0 ibtc_clear=0 ibtc_fpsimd_boundary=0 ibtc_miss_cold=0 ibtc_miss_conflict=0 ibtc_miss_other=0 fpsimd_run_max_ns=4918166 miss_residual=0
a11slots point=off pass=6 test=get # table all conflicts 0 slots 0 top32 0
a11slots point=off pass=6 test=get # table nofp conflicts 0 slots 0 top32 0
a11 point=1024 pass=6 test=set requests=200000 rps=139860.14 hook_calls=408843 syscalls_in_kernel=399700 fragment_entries=608293 fpsimd_entries=200001 fpsimd_preempted=1 chains=200001 chain_cap=0 exit_svc=399700 exit_bl=434 exit_blr=22 exit_br=200001 exit_ret=269 exit_mem=0 exit_unsupported=7867 exit_budget=0 run_declined=16 ibtc_insert=0 ibtc_replace=0 ibtc_clear=0 ibtc_fpsimd_boundary=200001 ibtc_miss_cold=674 ibtc_miss_conflict=51 ibtc_miss_other=0 fpsimd_run_max_ns=4918166 miss_residual=0
a11slots point=1024 pass=6 test=set # table all conflicts 0 slots 0 top32 0
a11slots point=1024 pass=6 test=set # table nofp conflicts 51 slots 1 top32 51
a11slots point=1024 pass=6 test=set nofp 1345 51 0xaaaae5211504 0xaaaae5219504
a11 point=1024 pass=6 test=get requests=200000 rps=162469.55 hook_calls=408818 syscalls_in_kernel=399696 fragment_entries=608274 fpsimd_entries=200001 fpsimd_preempted=7 chains=200001 chain_cap=0 exit_svc=399696 exit_bl=436 exit_blr=13 exit_br=200001 exit_ret=269 exit_mem=2 exit_unsupported=7857 exit_budget=0 run_declined=12 ibtc_insert=0 ibtc_replace=0 ibtc_clear=0 ibtc_fpsimd_boundary=200001 ibtc_miss_cold=667 ibtc_miss_conflict=51 ibtc_miss_other=0 fpsimd_run_max_ns=4918166 miss_residual=0
a11slots point=1024 pass=6 test=get # table all conflicts 0 slots 0 top32 0
a11slots point=1024 pass=6 test=get # table nofp conflicts 51 slots 1 top32 51
a11slots point=1024 pass=6 test=get nofp 1345 51 0xaaaae5211504 0xaaaae5219504
a11maps-end aaaae51a0000-aaaae53f0000 r-xp 00000000 00:03 4263                       /opt/redis/src/redis-server
a11maps-end aaaae53f9000-aaaae5400000 r--p 00259000 00:03 4263                       /opt/redis/src/redis-server
a11maps-end aaaae5400000-aaaae5459000 rw-p 00260000 00:03 4263                       /opt/redis/src/redis-server
a11maps-end aaaae5459000-aaaae568c000 rw-p 00000000 00:00 0 
a11maps-end aaaaf8b43000-aaaaf8b64000 rw-p 00000000 00:00 0                          [heap]
a11maps-end ffff93340000-ffff935c0000 rw-p 00000000 00:00 0 
a11maps-end ffff935c0000-ffff935d0000 ---p 00000000 00:00 0 
a11maps-end ffff935d0000-ffff93dd0000 rw-p 00000000 00:00 0 
a11maps-end ffff93dd0000-ffff93de0000 ---p 00000000 00:00 0 
a11maps-end ffff93de0000-ffff945e0000 rw-p 00000000 00:00 0 
a11maps-end ffff945e0000-ffff945f0000 ---p 00000000 00:00 0 
a11maps-end ffff945f0000-ffff94df0000 rw-p 00000000 00:00 0 
a11maps-end ffff94df0000-ffff94e00000 ---p 00000000 00:00 0 
a11maps-end ffff94e00000-ffff95600000 rw-p 00000000 00:00 0 
a11maps-end ffff95600000-ffff95e00000 rw-p 00000000 00:00 0 
a11maps-end ffff95f20000-ffff960ac000 r-xp 00000000 00:03 816                        /usr/lib/aarch64-linux-gnu/libc.so.6
a11maps-end ffff960ac000-ffff960bc000 ---p 0018c000 00:03 816                        /usr/lib/aarch64-linux-gnu/libc.so.6
a11maps-end ffff960bc000-ffff960c0000 r--p 0018c000 00:03 816                        /usr/lib/aarch64-linux-gnu/libc.so.6
a11maps-end ffff960c0000-ffff960c2000 rw-p 00190000 00:03 816                        /usr/lib/aarch64-linux-gnu/libc.so.6
a11maps-end ffff960c2000-ffff960cf000 rw-p 00000000 00:00 0 
a11maps-end ffff960d0000-ffff96152000 r-xp 00000000 00:03 863                        /usr/lib/aarch64-linux-gnu/libm.so.6
a11maps-end ffff96152000-ffff9616f000 ---p 00082000 00:03 863                        /usr/lib/aarch64-linux-gnu/libm.so.6
a11maps-end ffff9616f000-ffff96170000 r--p 0008f000 00:03 863                        /usr/lib/aarch64-linux-gnu/libm.so.6
a11maps-end ffff96170000-ffff96171000 rw-p 00090000 00:03 863                        /usr/lib/aarch64-linux-gnu/libm.so.6
a11maps-end ffff96174000-ffff9619b000 r-xp 00000000 00:03 796                        /usr/lib/aarch64-linux-gnu/ld-linux-aarch64.so.1
a11maps-end ffff961a5000-ffff961a9000 rw-p 00000000 00:00 0 
a11maps-end ffff961ab000-ffff961ad000 rw-p 00000000 00:00 0 
a11maps-end ffff961ad000-ffff961b1000 r--p 00000000 00:00 0                          [vvar]
a11maps-end ffff961b1000-ffff961b2000 r-xp 00000000 00:00 0                          [vdso]
a11maps-end ffff961b2000-ffff961b4000 r--p 0002e000 00:03 796                        /usr/lib/aarch64-linux-gnu/ld-linux-aarch64.so.1
a11maps-end ffff961b4000-ffff961b6000 rw-p 00030000 00:03 796                        /usr/lib/aarch64-linux-gnu/ld-linux-aarch64.so.1
a11maps-end ffffd5488000-ffffd54a9000 rw-p 00000000 00:00 0                          [stack]
a11: done
[   55.609520] kjit: 0 of 295 translation requests still queued at unload (freed by the kernel)
[   55.639446] rust_kjit: ######## Rust KJIT exits ########
kjit-init: rmmod kjit ok
kjit-init: run exit=0
[   55.656798] reboot: Power down
