k4-adv: kill9 PASS: kill9 #1: server status 137;kill9 #2: server status 137;kill9 #3: server status 137;
k4:   kill9#1: hot: 1095471 fragment entries, 0 syscalls in kernel before the event
k4:   kill9#2: hot: 1079502 fragment entries, 0 syscalls in kernel before the event
k4:   kill9#3: hot: 1086235 fragment entries, 0 syscalls in kernel before the event
k4:   kill9: in_kernel=0/430419 syscalls (0.0%) entries=4440704 chains=4017570 chain_cap=0 translated=132 (entry_unsupported=0 compile=0 verify=0 capped=0 neg=0) invalidated=0 released=132
k4:   kill9: exits svc=0 bl=1579003 blr=302649 br=120670 ret=2022953 mem=0 unsupported=415429 budget=0 invalid=0 svc_declined=0
k4:   kill9: unsupported_top (word(exits/entry_stops)): 0xf8200020(376360/0) 0x4c407061(39069/0) 
k4-adv: sigterm PASS: TERM: server status 0;sigterm: shutdown and clean exit logged;
k4:   TERM: hot: 1087327 fragment entries, 0 syscalls in kernel before the event
k4:   sigterm: in_kernel=0/150560 syscalls (0.0%) entries=1553052 chains=1405193 chain_cap=0 translated=44 (entry_unsupported=0 compile=0 verify=0 capped=0 neg=0) invalidated=0 released=44
k4:   sigterm: exits svc=0 bl=551360 blr=107778 br=40225 ret=708407 mem=0 unsupported=145282 budget=0 invalid=0 svc_declined=0
k4:   sigterm: unsupported_top (word(exits/entry_stops)): 0xf8200020(132258/0) 0x4c407061(13024/0) 
k4-adv: sigusr1 PASS: USR1: server status 138;
k4:   USR1: hot: 1072472 fragment entries, 0 syscalls in kernel before the event
k4:   sigusr1: in_kernel=0/140830 syscalls (0.0%) entries=1452783 chains=1314473 chain_cap=0 translated=44 (entry_unsupported=0 compile=0 verify=0 capped=0 neg=0) invalidated=0 released=44
k4:   sigusr1: exits svc=0 bl=516835 blr=98949 br=40219 ret=661040 mem=0 unsupported=135740 budget=0 invalid=0 svc_declined=0
k4:   sigusr1: unsupported_top (word(exits/entry_stops)): 0xf8200020(122718/0) 0x4c407061(13022/0) 
k4-adv: stopcont PASS: stopcont: load status 0;dbsize 10045 digest a595c3aec0dfe15c636c10750e98bb92f179efe8;
k4:   stopcont: hot: 1060903 fragment entries, 0 syscalls in kernel before the event
k4:   stopcont: in_kernel=0/5783657 syscalls (0.0%) entries=59331069 chains=53552594 chain_cap=0 translated=44 (entry_unsupported=0 compile=0 verify=0 capped=0 neg=0) invalidated=0 released=44
k4:   stopcont: exits svc=0 bl=20494240 blr=4688954 br=40234 ret=28333051 mem=0 unsupported=5774590 budget=0 invalid=0 svc_declined=0
k4:   stopcont: unsupported_top (word(exits/entry_stops)): 0xf8200020(5761563/0) 0x4c407061(13027/0) 
k4-adv: segfault PASS: segfault: server status 139;crashed by signal: 11, si_code: 2;Accessing address: <page-aligned>;segfault: stack trace names debugCommand: yes;segfault: core files 1;
k4:   segfault: hot: 1065634 fragment entries, 0 syscalls in kernel before the event
k4:   segfault: in_kernel=0/142231 syscalls (0.0%) entries=1454302 chains=1315843 chain_cap=0 translated=44 (entry_unsupported=0 compile=0 verify=0 capped=0 neg=0) invalidated=0 released=44
k4:   segfault: exits svc=0 bl=517331 blr=99327 br=40233 ret=661627 mem=0 unsupported=135784 budget=0 invalid=0 svc_declined=0
k4:   segfault: unsupported_top (word(exits/entry_stops)): 0xf8200020(122757/0) 0x4c407061(13027/0) 
k4-adv: bgsave PASS: bgsave: load status 0;bgsave: before restart dbsize 10045 digest a595c3aec0dfe15c636c10750e98bb92f179efe8;bgsave: redis-check-rdb ok;bgsave: after restart dbsize 10045 digest a595c3aec0dfe15c636c10750
k4:   bgsave: hot: 1084070 fragment entries, 0 syscalls in kernel before the event
k4:   bgsave: in_kernel=0/5801313 syscalls (0.0%) entries=59491536 chains=53702145 chain_cap=0 translated=45 (entry_unsupported=0 compile=0 verify=0 capped=0 neg=0) invalidated=0 released=45
k4:   bgsave: exits svc=0 bl=20547673 blr=4720902 br=40229 ret=28397461 mem=0 unsupported=5785271 budget=0 invalid=0 svc_declined=0
k4:   bgsave: unsupported_top (word(exits/entry_stops)): 0xf8200020(5772245/0) 0x4c407061(13026/0) 
k4-adv: aofrw PASS: aofrw: load status 0;aofrw: before restart dbsize 10045 digest a595c3aec0dfe15c636c10750e98bb92f179efe8;aofrw: after restart from the AOF dbsize 10045 digest a595c3aec0dfe15c636c10750e98bb92f179efe8;
k4:   aofrw: hot: 1138086 fragment entries, 0 syscalls in kernel before the event
k4:   aofrw: in_kernel=0/5013084 syscalls (0.0%) entries=45995202 chains=40996147 chain_cap=0 translated=59 (entry_unsupported=0 compile=0 verify=0 capped=0 neg=0) invalidated=0 released=59
k4:   aofrw: exits svc=0 bl=15999416 blr=1894570 br=40228 ret=23067791 mem=0 unsupported=4993197 budget=0 invalid=0 svc_declined=0
k4:   aofrw: unsupported_top (word(exits/entry_stops)): 0xf8200020(4830103/0) 0x4e080ec0(143918/0) 0x4c407061(14810/0) 0xb8608020(4015/0) 0x3dc00020(351/0) 
k4-adv: config PASS: config: 5 module load/unload and config set rounds ok;config: load status 0; misc module still loaded: 0;dbsize 10045 digest a595c3aec0dfe15c636c10750e98bb92f179efe8;
k4:   config: hot: 1154241 fragment entries, 0 syscalls in kernel before the event
k4:   config: in_kernel=0/6605983 syscalls (0.0%) entries=64055404 chains=57463069 chain_cap=0 translated=49 (entry_unsupported=0 compile=0 verify=0 capped=0 neg=0) invalidated=0 released=49
k4:   config: exits svc=0 bl=22305738 blr=3704604 br=124196 ret=31333242 mem=0 unsupported=6587624 budget=0 invalid=0 svc_declined=0
k4:   config: unsupported_top (word(exits/entry_stops)): 0xf8200020(6490757/0) 0x88e07c41(83844/0) 0x4c407061(13023/0) 
k4-adv: reload PASS: reload: 5 unloads under load; load status 0; ping PONG;dbsize 10045 digest 8630698fcae208583f0c9e6fe598b8d0226d4767;
k4:   reload: hot: 1072076 fragment entries, 0 syscalls in kernel before the event
k4:   reload: counters of the last load: syscalls_in_kernel 0 fragment_entries 74586121 exit_invalid 0 translate_verify_rejected 0 
k4-adv: maxmemory PASS: maxmemory: evicted yes;maxmemory: used within 32mb+1mb yes;maxmemory: noeviction write: OOM command not allowed when used memory;maxmemory: after lifting the limit: OK;
k4:   maxmemory: hot: 1077026 fragment entries, 0 syscalls in kernel before the event
k4:   maxmemory: in_kernel=0/1105763 syscalls (0.0%) entries=11320433 chains=10218304 chain_cap=0 translated=29 (entry_unsupported=0 compile=0 verify=0 capped=0 neg=0) invalidated=0 released=29
k4:   maxmemory: exits svc=0 bl=3906479 blr=905064 br=0 ret=5408597 mem=0 unsupported=1100293 budget=0 invalid=0 svc_declined=0
k4:   maxmemory: unsupported_top (word(exits/entry_stops)): 0xf8200020(1100293/0) 
k4-adv: ALL PASS
