k4-adv: kill9 PASS: kill9 #1: server status 137;kill9 #2: server status 137;kill9 #3: server status 137;
k4:   kill9#1: hot: 1077683 fragment entries, 0 syscalls in kernel before the event
k4:   kill9#2: hot: 1085447 fragment entries, 0 syscalls in kernel before the event
k4:   kill9#3: hot: 1091670 fragment entries, 0 syscalls in kernel before the event
k4:   kill9: in_kernel=0/428793 syscalls (0.0%) entries=4431326 chains=4009815 chain_cap=0 translated=132 (entry_unsupported=0 compile=0 verify=0 capped=0 neg=0) invalidated=0 released=132
k4:   kill9: exits svc=0 bl=1575499 blr=304674 br=120677 ret=2016667 mem=0 unsupported=413809 budget=0 invalid=0 svc_declined=0
k4:   kill9: unsupported_top (word(exits/entry_stops)): 0xf8200020(374737/0) 0x4c407061(39072/0) 
k4-adv: sigterm PASS: TERM: server status 0;sigterm: shutdown and clean exit logged;
k4:   TERM: hot: 1048646 fragment entries, 0 syscalls in kernel before the event
k4:   sigterm: in_kernel=0/145879 syscalls (0.0%) entries=1501498 chains=1358304 chain_cap=0 translated=44 (entry_unsupported=0 compile=0 verify=0 capped=0 neg=0) invalidated=0 released=44
k4:   sigterm: exits svc=0 bl=533702 blr=102288 br=40225 ret=684666 mem=0 unsupported=140617 budget=0 invalid=0 svc_declined=0
k4:   sigterm: unsupported_top (word(exits/entry_stops)): 0xf8200020(127593/0) 0x4c407061(13024/0) 
k4-adv: sigusr1 PASS: USR1: server status 138;
k4:   USR1: hot: 1094395 fragment entries, 0 syscalls in kernel before the event
k4:   sigusr1: in_kernel=0/143313 syscalls (0.0%) entries=1480479 chains=1339679 chain_cap=0 translated=44 (entry_unsupported=0 compile=0 verify=0 capped=0 neg=0) invalidated=0 released=44
k4:   sigusr1: exits svc=0 bl=526317 blr=101955 br=40227 ret=673749 mem=0 unsupported=138231 budget=0 invalid=0 svc_declined=0
k4:   sigusr1: unsupported_top (word(exits/entry_stops)): 0xf8200020(125207/0) 0x4c407061(13024/0) 
k4-adv: stopcont PASS: stopcont: load status 0;dbsize 10045 digest a595c3aec0dfe15c636c10750e98bb92f179efe8;
k4:   stopcont: hot: 1054241 fragment entries, 0 syscalls in kernel before the event
k4:   stopcont: in_kernel=0/5794218 syscalls (0.0%) entries=59489146 chains=53700115 chain_cap=0 translated=45 (entry_unsupported=0 compile=0 verify=0 capped=0 neg=0) invalidated=0 released=45
k4:   stopcont: exits svc=0 bl=20546907 blr=4720589 br=40237 ret=28396303 mem=0 unsupported=5785110 budget=0 invalid=0 svc_declined=0
k4:   stopcont: unsupported_top (word(exits/entry_stops)): 0xf8200020(5772082/0) 0x4c407061(13028/0) 
k4-adv: segfault PASS: segfault: server status 139;crashed by signal: 11, si_code: 2;Accessing address: <page-aligned>;segfault: stack trace names debugCommand: yes;segfault: core files 1;
k4:   segfault: hot: 1070056 fragment entries, 0 syscalls in kernel before the event
k4:   segfault: in_kernel=0/142624 syscalls (0.0%) entries=1458517 chains=1319674 chain_cap=0 translated=44 (entry_unsupported=0 compile=0 verify=0 capped=0 neg=0) invalidated=0 released=44
k4:   segfault: exits svc=0 bl=518773 blr=99773 br=40230 ret=663575 mem=0 unsupported=136166 budget=0 invalid=0 svc_declined=0
k4:   segfault: unsupported_top (word(exits/entry_stops)): 0xf8200020(123140/0) 0x4c407061(13026/0) 
k4-adv: bgsave PASS: bgsave: load status 0;bgsave: before restart dbsize 10045 digest a595c3aec0dfe15c636c10750e98bb92f179efe8;bgsave: redis-check-rdb ok;bgsave: after restart dbsize 10045 digest a595c3aec0dfe15c636c10750
k4:   bgsave: hot: 1060478 fragment entries, 0 syscalls in kernel before the event
k4:   bgsave: in_kernel=0/5798309 syscalls (0.0%) entries=59445862 chains=53659530 chain_cap=0 translated=44 (entry_unsupported=0 compile=0 verify=0 capped=0 neg=0) invalidated=0 released=44
k4:   bgsave: exits svc=0 bl=20532451 blr=4711773 br=40216 ret=28379199 mem=0 unsupported=5782223 budget=0 invalid=0 svc_declined=0
k4:   bgsave: unsupported_top (word(exits/entry_stops)): 0xf8200020(5769202/0) 0x4c407061(13021/0) 
k4-adv: aofrw PASS: aofrw: load status 0;aofrw: before restart dbsize 10045 digest a595c3aec0dfe15c636c10750e98bb92f179efe8;aofrw: after restart from the AOF dbsize 10045 digest a595c3aec0dfe15c636c10750e98bb92f179efe8;
k4:   aofrw: hot: 1134942 fragment entries, 0 syscalls in kernel before the event
k4:   aofrw: in_kernel=0/5001687 syscalls (0.0%) entries=45880967 chains=40890852 chain_cap=0 translated=69 (entry_unsupported=0 compile=0 verify=0 capped=0 neg=0) invalidated=0 released=69
k4:   aofrw: exits svc=0 bl=15962178 blr=1872779 br=40224 ret=23022096 mem=0 unsupported=4983690 budget=0 invalid=0 svc_declined=0
k4:   aofrw: unsupported_top (word(exits/entry_stops)): 0xf8200020(4822489/0) 0x4e080ec0(141443/0) 0x4c407061(15396/0) 0xb8608020(4013/0) 0x3dc00020(349/0) 
k4-adv: config PASS: config: 5 module load/unload and config set rounds ok;config: load status 0; misc module still loaded: 0;dbsize 10045 digest a595c3aec0dfe15c636c10750e98bb92f179efe8;
k4:   config: hot: 1003970 fragment entries, 0 syscalls in kernel before the event
k4:   config: in_kernel=0/6622493 syscalls (0.0%) entries=64212550 chains=57603700 chain_cap=0 translated=49 (entry_unsupported=0 compile=0 verify=0 capped=0 neg=0) invalidated=0 released=49
k4:   config: exits svc=0 bl=22356129 blr=3709789 br=116125 ret=31426336 mem=0 unsupported=6604171 budget=0 invalid=0 svc_declined=0
k4:   config: unsupported_top (word(exits/entry_stops)): 0xf8200020(6515370/0) 0x88e07c41(75780/0) 0x4c407061(13021/0) 
k4-adv: reload PASS: reload: 5 unloads under load; load status 0; ping PONG;dbsize 10045 digest 8630698fcae208583f0c9e6fe598b8d0226d4767;
k4:   reload: hot: 1073240 fragment entries, 0 syscalls in kernel before the event
k4:   reload: counters of the last load: syscalls_in_kernel 0 fragment_entries 74486498 exit_invalid 0 translate_verify_rejected 0 
k4-adv: maxmemory PASS: maxmemory: evicted yes;maxmemory: used within 32mb+1mb yes;maxmemory: noeviction write: OOM command not allowed when used memory;maxmemory: after lifting the limit: OK;
k4:   maxmemory: hot: 1062535 fragment entries, 0 syscalls in kernel before the event
k4:   maxmemory: in_kernel=0/1103894 syscalls (0.0%) entries=11292638 chains=10192360 chain_cap=0 translated=29 (entry_unsupported=0 compile=0 verify=0 capped=0 neg=0) invalidated=0 released=29
k4:   maxmemory: exits svc=0 bl=3897213 blr=899502 br=0 ret=5397484 mem=0 unsupported=1098439 budget=0 invalid=0 svc_declined=0
k4:   maxmemory: unsupported_top (word(exits/entry_stops)): 0xf8200020(1098439/0) 
k4-adv: ALL PASS
