k4-adv: kill9 PASS: kill9 #1: server status 137;kill9 #2: server status 137;kill9 #3: server status 137;
k4:   kill9#1: hot: 1022489 fragment entries, 0 syscalls in kernel before the event
k4:   kill9#2: hot: 1066872 fragment entries, 0 syscalls in kernel before the event
k4:   kill9#3: hot: 1079963 fragment entries, 0 syscalls in kernel before the event
k4:   kill9: in_kernel=0/420163 syscalls (0.0%) entries=4337310 chains=3924377 chain_cap=0 translated=132 (entry_unsupported=0 compile=0 verify=0 capped=0 neg=0) invalidated=0 released=132
k4:   kill9: exits svc=0 bl=1543272 blr=294927 br=120683 ret=1973197 mem=0 unsupported=405231 budget=0 invalid=0 svc_declined=0
k4:   kill9: unsupported_top (word(exits/entry_stops)): 0xf8200020(366158/0) 0x4c407061(39073/0) 
k4-adv: sigterm PASS: TERM: server status 0;sigterm: shutdown and clean exit logged;
k4:   TERM: hot: 1070050 fragment entries, 0 syscalls in kernel before the event
k4:   sigterm: in_kernel=0/150046 syscalls (0.0%) entries=1546121 chains=1398738 chain_cap=0 translated=44 (entry_unsupported=0 compile=0 verify=0 capped=0 neg=0) invalidated=0 released=44
k4:   sigterm: exits svc=0 bl=549049 blr=106431 br=40234 ret=705598 mem=0 unsupported=144809 budget=0 invalid=0 svc_declined=0
k4:   sigterm: unsupported_top (word(exits/entry_stops)): 0xf8200020(131782/0) 0x4c407061(13027/0) 
k4-adv: sigusr1 PASS: USR1: server status 138;
k4:   USR1: hot: 1070272 fragment entries, 0 syscalls in kernel before the event
k4:   sigusr1: in_kernel=0/140408 syscalls (0.0%) entries=1445158 chains=1307314 chain_cap=0 translated=44 (entry_unsupported=0 compile=0 verify=0 capped=0 neg=0) invalidated=0 released=44
k4:   sigusr1: exits svc=0 bl=514316 blr=97239 br=40230 ret=658094 mem=0 unsupported=135279 budget=0 invalid=0 svc_declined=0
k4:   sigusr1: unsupported_top (word(exits/entry_stops)): 0xf8200020(122253/0) 0x4c407061(13026/0) 
k4-adv: stopcont PASS: stopcont: load status 0;dbsize 10045 digest a595c3aec0dfe15c636c10750e98bb92f179efe8;
k4:   stopcont: hot: 1065536 fragment entries, 0 syscalls in kernel before the event
k4:   stopcont: in_kernel=0/5783035 syscalls (0.0%) entries=59321668 chains=53543800 chain_cap=0 translated=45 (entry_unsupported=0 compile=0 verify=0 capped=0 neg=0) invalidated=0 released=45
k4:   stopcont: exits svc=0 bl=20491092 blr=4687074 br=40231 ret=28329313 mem=0 unsupported=5773958 budget=0 invalid=0 svc_declined=0
k4:   stopcont: unsupported_top (word(exits/entry_stops)): 0xf8200020(5760932/0) 0x4c407061(13026/0) 
k4-adv: segfault PASS: segfault: server status 139;crashed by signal: 11, si_code: 2;Accessing address: <page-aligned>;segfault: stack trace names debugCommand: yes;segfault: core files 1;
k4:   segfault: hot: 1029543 fragment entries, 0 syscalls in kernel before the event
k4:   segfault: in_kernel=0/138458 syscalls (0.0%) entries=1413321 chains=1278645 chain_cap=0 translated=44 (entry_unsupported=0 compile=0 verify=0 capped=0 neg=0) invalidated=0 released=44
k4:   segfault: exits svc=0 bl=503264 blr=95261 br=40230 ret=642567 mem=0 unsupported=131999 budget=0 invalid=0 svc_declined=0
k4:   segfault: unsupported_top (word(exits/entry_stops)): 0xf8200020(118973/0) 0x4c407061(13026/0) 
k4-adv: bgsave PASS: bgsave: load status 0;bgsave: before restart dbsize 10045 digest a595c3aec0dfe15c636c10750e98bb92f179efe8;bgsave: redis-check-rdb ok;bgsave: after restart dbsize 10045 digest a595c3aec0dfe15c636c10750
k4:   bgsave: hot: 1082886 fragment entries, 0 syscalls in kernel before the event
k4:   bgsave: in_kernel=0/5796679 syscalls (0.0%) entries=59422087 chains=53637354 chain_cap=0 translated=44 (entry_unsupported=0 compile=0 verify=0 capped=0 neg=0) invalidated=0 released=44
k4:   bgsave: exits svc=0 bl=20524534 blr=4707016 br=40226 ret=28369666 mem=0 unsupported=5780645 budget=0 invalid=0 svc_declined=0
k4:   bgsave: unsupported_top (word(exits/entry_stops)): 0xf8200020(5767621/0) 0x4c407061(13024/0) 
k4-adv: aofrw PASS: aofrw: load status 0;aofrw: before restart dbsize 10045 digest a595c3aec0dfe15c636c10750e98bb92f179efe8;aofrw: after restart from the AOF dbsize 10045 digest a595c3aec0dfe15c636c10750e98bb92f179efe8;
k4:   aofrw: hot: 1109189 fragment entries, 0 syscalls in kernel before the event
k4:   aofrw: in_kernel=0/5004147 syscalls (0.0%) entries=45891944 chains=40901652 chain_cap=0 translated=59 (entry_unsupported=0 compile=0 verify=0 capped=0 neg=0) invalidated=0 released=59
k4:   aofrw: exits svc=0 bl=15966175 blr=1875859 br=40240 ret=23024754 mem=0 unsupported=4984916 budget=0 invalid=0 svc_declined=0
k4:   aofrw: unsupported_top (word(exits/entry_stops)): 0xf8200020(4823868/0) 0x4e080ec0(141352/0) 0x4c407061(15255/0) 0xb8608020(4017/0) 0x3dc00020(424/0) 
k4-adv: config PASS: config: 5 module load/unload and config set rounds ok;config: load status 0; misc module still loaded: 0;dbsize 10045 digest a595c3aec0dfe15c636c10750e98bb92f179efe8;
k4:   config: hot: 1156448 fragment entries, 0 syscalls in kernel before the event
k4:   config: in_kernel=0/6649798 syscalls (0.0%) entries=64616803 chains=57980619 chain_cap=0 translated=49 (entry_unsupported=0 compile=0 verify=0 capped=0 neg=0) invalidated=0 released=49
k4:   config: exits svc=0 bl=22494398 blr=3791145 br=122429 ret=31577349 mem=0 unsupported=6631482 budget=0 invalid=0 svc_declined=0
k4:   config: unsupported_top (word(exits/entry_stops)): 0xf8200020(6536377/0) 0x88e07c41(82084/0) 0x4c407061(13021/0) 
k4-adv: reload PASS: reload: 5 unloads under load; load status 0; ping PONG;dbsize 10045 digest 8630698fcae208583f0c9e6fe598b8d0226d4767;
k4:   reload: hot: 1056610 fragment entries, 0 syscalls in kernel before the event
k4:   reload: counters of the last load: syscalls_in_kernel 0 fragment_entries 74548277 exit_invalid 0 translate_verify_rejected 0 
k4-adv: maxmemory PASS: maxmemory: evicted yes;maxmemory: used within 32mb+1mb yes;maxmemory: noeviction write: OOM command not allowed when used memory;maxmemory: after lifting the limit: OK;
k4:   maxmemory: hot: 1063953 fragment entries, 0 syscalls in kernel before the event
k4:   maxmemory: in_kernel=0/1102786 syscalls (0.0%) entries=11276026 chains=10176856 chain_cap=0 translated=29 (entry_unsupported=0 compile=0 verify=0 capped=0 neg=0) invalidated=0 released=29
k4:   maxmemory: exits svc=0 bl=3891676 blr=896180 br=0 ret=5390838 mem=0 unsupported=1097332 budget=0 invalid=0 svc_declined=0
k4:   maxmemory: unsupported_top (word(exits/entry_stops)): 0xf8200020(1097332/0) 
k4-adv: ALL PASS
