k2:   toy_loop: in_kernel=199823 entries=199824 exit_mem=0 exit_budget=0 exit_unsupported=0 fpsimd_entries=0 fpsimd_restores=0 fpsimd_exit_mem=0
k2:   toy_loop: 199823 of 200000 syscalls in kernel (99.91%)
k2:   mem_loop: in_kernel=39872 entries=59808 exit_mem=0 exit_budget=0 exit_unsupported=19935 fpsimd_entries=0 fpsimd_restores=0 fpsimd_exit_mem=0
k2:   tight_loop: in_kernel=0 entries=1936 exit_mem=0 exit_budget=1936 exit_unsupported=0 fpsimd_entries=0 fpsimd_restores=0 fpsimd_exit_mem=0
k2:   call_loop: in_kernel=0 entries=1851584 exit_mem=0 exit_budget=0 exit_unsupported=0 fpsimd_entries=0 fpsimd_restores=0 fpsimd_exit_mem=0
k2:   call_loop: chain_cap=1808 chain_max=1024 chain_budget=1024
k2:   signal_loop: in_kernel=399835 entries=399873 exit_mem=0 exit_budget=0 exit_unsupported=0 fpsimd_entries=0 fpsimd_restores=0 fpsimd_exit_mem=0
k2:   signal_loop: 126 alarms handled
k2:   fp_loop: in_kernel=39862 entries=39863 exit_mem=0 exit_budget=0 exit_unsupported=0 fpsimd_entries=39863 fpsimd_restores=0 fpsimd_exit_mem=0
k2:   fp_regs: in_kernel=199823 entries=199824 exit_mem=0 exit_budget=0 exit_unsupported=1 fpsimd_entries=199824 fpsimd_restores=0 fpsimd_exit_mem=0
k2:   fp_switch: in_kernel=79724 entries=79726 exit_mem=0 exit_budget=0 exit_unsupported=2 fpsimd_entries=79726 fpsimd_restores=39861 fpsimd_exit_mem=0
k2:   fp_signal: in_kernel=399756 entries=399873 exit_mem=0 exit_budget=0 exit_unsupported=1 fpsimd_entries=399873 fpsimd_restores=94 fpsimd_exit_mem=0
k2:   fp_signal: 210 alarms handled
k2:   fp_fault demand: in_kernel=447 entries=896 exit_mem=448 exit_budget=0 exit_unsupported=0 fpsimd_entries=896 fpsimd_restores=0 fpsimd_exit_mem=448
k2:   fpsimd_run_max_ns=266541 before fp_budget
k2:   fp_budget: in_kernel=0 entries=336 exit_mem=0 exit_budget=336 exit_unsupported=0 fpsimd_entries=336 fpsimd_restores=0 fpsimd_exit_mem=0
k2:   fpsimd_run_max_ns=266541 after fp_budget
k2:   munmap_race: in_kernel=587580 entries=587683 exit_mem=0 exit_budget=0 exit_unsupported=0 fpsimd_entries=0 fpsimd_restores=0 fpsimd_exit_mem=0
k2:   Segmentation fault
k2:   seccomp_loop: in_kernel=0 entries=0 exit_mem=0 exit_budget=0 exit_unsupported=0 fpsimd_entries=0 fpsimd_restores=0 fpsimd_exit_mem=0
k2:   ptrace_loop: in_kernel=0 entries=0 exit_mem=0 exit_budget=0 exit_unsupported=0 fpsimd_entries=0 fpsimd_restores=0 fpsimd_exit_mem=0
Killed
Killed
Killed
k2: iteration 1 PASS
k2: stats
k2:   syscalls_in_kernel 11334656
k2:   fragment_entries 1080988103
k2:   chains 1069119919
k2:   chain_cap 12319
k2:   exit_svc 11334809
k2:   exit_bl 470557861
k2:   exit_blr 34706343
k2:   exit_br 58418614
k2:   exit_ret 505622728
k2:   exit_mem 5286
k2:   exit_unsupported 248758
k2:   exit_budget 93704
k2:   exit_invalid 0
k2:   svc_declined 153
k2:   translate_ok 800
k2:   translate_exists 0
k2:   translate_text_unreadable 0
k2:   translate_entry_unsupported 0
k2:   translate_compile_failed 0
k2:   translate_encode_failed 0
k2:   translate_verify_rejected 0
k2:   translate_verify_falls_off_end 0
k2:   translate_raced 1
k2:   translate_capped 0
k2:   translate_install_failed 0
k2:   invalidated_fragments 1
k2:   released_fragments 799
k2:   svc_sites_scanned 0
k2:   auto_mm_created 300
k2:   auto_mm_setup_failed 0
k2:   auto_prof_full 0
k2:   auto_hot_negative 0
k2:   auto_hot_capped 0
k2:   auto_hot_queue_full 0
k2:   auto_req_svc_resume 45
k2:   auto_req_exit_target 755
k2:   auto_req_dropped 0
k2:   auto_req_stale 0
k2:   auto_neg_added 0
k2:   auto_neg_evicted 0
k2:   auto_translate_ns 596124802
k2:   unsupported_top_dropped 0
k2:   unsupported_bad_word 0
k2:   fpsimd_entries 52531022
k2:   fpsimd_restores 41712
k2:   fpsimd_exit_mem 5283
k2:   fpsimd_refused_sve_sme 0
k2:   hook_calls 11932557
k2:   fpsimd_run_max_ns 266541
k2:   chain_max 1024
k2:   chain_hist_1_1 5403179
k2:   chain_hist_2_3 23125
k2:   chain_hist_4_7 1969
k2:   chain_hist_8_15 22096
k2:   chain_hist_16_31 267539
k2:   chain_hist_32_63 3105248
k2:   chain_hist_64_127 25966
k2:   chain_hist_128_255 68991
k2:   chain_hist_256_511 2909380
k2:   chain_hist_512_1023 28372
k2:   chain_hist_1024_2047 12319
k2: ALL PASS (1 iterations, auto=1)
