[    0.000000] Booting Linux on physical CPU 0x0000000000 [0x610f0000]
[    0.000000] Linux version 7.1.0-rc1 (@690401bd78f6) (Ubuntu clang version 18.1.3 (1ubuntu1), Ubuntu LLD 18.1.3) #8 SMP PREEMPT Sat Sep 26 21:50:48 UTC 2026
[    0.000000] random: crng init done
[    0.000000] Machine model: linux,dummy-virt
[    0.000000] OF: reserved mem: Reserved memory: No reserved-memory node in the DT
[    0.000000] KernelAddressSanitizer initialized (generic)
[    0.000000] psci: probing for conduit method from DT.
[    0.000000] psci: PSCIv1.1 detected in firmware.
[    0.000000] psci: Using standard PSCI v0.2 function IDs
[    0.000000] psci: Trusted OS migration not required
[    0.000000] psci: SMC Calling Convention v1.0
[    0.000000] Zone ranges:
[    0.000000]   Normal   [mem 0x0000000040000000-0x000000013fffffff]
[    0.000000] Movable zone start for each node
[    0.000000] Early memory node ranges
[    0.000000]   node   0: [mem 0x0000000040000000-0x000000013fffffff]
[    0.000000] Initmem setup node 0 [mem 0x0000000040000000-0x000000013fffffff]
[    0.000000] percpu: Embedded 29 pages/cpu s79952 r8192 d30640 u118784
[    0.000000] Detected PIPT I-cache on CPU0
[    0.000000] CPU features: detected: Address authentication (IMP DEF algorithm)
[    0.000000] CPU features: detected: Spectre-v4
[    0.000000] CPU features: detected: Spectre-BHB
[    0.000000] alternatives: applying boot alternatives
[    0.000000] Kernel command line: console=ttyAMA0 panic=-1 nokaslr
[    0.000000] Unknown kernel command line parameters "nokaslr", will be passed to user space.
[    0.000000] printk: log buffer data + meta data: 131072 + 458752 = 589824 bytes
[    0.000000] Dentry cache hash table entries: 524288 (order: 10, 4194304 bytes, linear)
[    0.000000] Inode-cache hash table entries: 262144 (order: 9, 2097152 bytes, linear)
[    0.000000] software IO TLB: SWIOTLB bounce buffer size adjusted to 4MB
[    0.000000] software IO TLB: area num 4.
[    0.000000] software IO TLB: mapped [mem 0x000000011a600000-0x000000011aa00000] (4MB)
[    0.000000] Built 1 zonelists, mobility grouping on.  Total pages: 1048576
[    0.000000] mem auto-init: stack:all(zero), heap alloc:off, heap free:off
[    0.000000] stackdepot: allocating hash table via alloc_large_system_hash
[    0.000000] stackdepot hash table entries: 1048576 (order: 12, 16777216 bytes, linear)
[    0.000000] stackdepot: allocating space for 8192 stack pools via memblock
[    0.000000] SLUB: HWalign=64, Order=0-3, MinObjects=0, CPUs=4, Nodes=1
[    0.000000] Running RCU self tests
[    0.000000] Running RCU synchronous self tests
[    0.000000] rcu: Preemptible hierarchical RCU implementation.
[    0.000000] rcu: 	RCU lockdep checking is enabled.
[    0.000000] rcu: 	RCU restricting CPUs from NR_CPUS=512 to nr_cpu_ids=4.
[    0.000000] 	Trampoline variant of Tasks RCU enabled.
[    0.000000] 	Tracing variant of Tasks RCU enabled.
[    0.000000] rcu: RCU calculated value of scheduler-enlistment delay is 25 jiffies.
[    0.000000] rcu: Adjusting geometry for rcu_fanout_leaf=16, nr_cpu_ids=4
[    0.000000] Running RCU synchronous self tests
[    0.000000] RCU Tasks: Setting shift to 2 and lim to 1 rcu_task_cb_adjust=1 rcu_task_cpu_ids=4.
[    0.000000] NR_IRQS: 64, nr_irqs: 64, preallocated irqs: 0
[    0.000000] Root IRQ handler: gic_handle_irq
[    0.000000] GICv2m: range[mem 0x08020000-0x08020fff], SPI[80:143]
[    0.000000] rcu: srcu_init: Setting srcu_struct sizes based on contention.
[    0.000000] arch_timer: cp15 timer running at 24.00MHz (virt).
[    0.000000] clocksource: arch_sys_counter: mask: 0xffffffffffffff max_cycles: 0x588fe9dc0, max_idle_ns: 440795202592 ns
[    0.000000] sched_clock: 56 bits at 24MHz, resolution 41ns, wraps every 4398046511097ns
[    0.000144] Console: colour dummy device 80x25
[    0.000150] Lock dependency validator: Copyright (c) 2006 Red Hat, Inc., Ingo Molnar
[    0.000150] ... MAX_LOCKDEP_SUBCLASSES:  8
[    0.000151] ... MAX_LOCK_DEPTH:          48
[    0.000152] ... MAX_LOCKDEP_KEYS:        8192
[    0.000153] ... CLASSHASH_SIZE:          4096
[    0.000154] ... MAX_LOCKDEP_ENTRIES:     32768
[    0.000154] ... MAX_LOCKDEP_CHAINS:      65536
[    0.000155] ... CHAINHASH_SIZE:          32768
[    0.000156]  memory used by lock dependency info: 6429 kB
[    0.000158]  memory used for stack traces: 16896 kB
[    0.000159]  per task-struct memory footprint: 1920 bytes
[    0.000175] Calibrating delay loop (skipped), value calculated using timer frequency.. 48.00 BogoMIPS (lpj=96000)
[    0.000183] pid_max: default: 32768 minimum: 301
[    0.000453] Mount-cache hash table entries: 8192 (order: 4, 65536 bytes, linear)
[    0.000461] Mountpoint-cache hash table entries: 8192 (order: 4, 65536 bytes, linear)
[    0.000768] VFS: Finished mounting rootfs on nullfs
[    0.001126] Running RCU synchronous self tests
[    0.001128] Running RCU synchronous self tests
[    0.001404] cacheinfo: Unable to detect cache hierarchy for CPU 0
[    0.016860] rcu: Hierarchical SRCU implementation.
[    0.016862] rcu: 	Max phase no-delay instances is 1000.
[    0.016993] Timer migration: 1 hierarchy levels; 8 children per group; 1 crossnode level
[    0.022571] smp: Bringing up secondary CPUs ...
[    0.052197] Detected PIPT I-cache on CPU1
[    0.052296] CPU1: Booted secondary processor 0x0000000001 [0x610f0000]
[    0.081410] Detected PIPT I-cache on CPU2
[    0.081524] CPU2: Booted secondary processor 0x0000000002 [0x610f0000]
[    0.109258] Detected PIPT I-cache on CPU3
[    0.109413] CPU3: Booted secondary processor 0x0000000003 [0x610f0000]
[    0.109572] smp: Brought up 1 node, 4 CPUs
[    0.109577] SMP: Total of 4 processors activated.
[    0.109578] CPU: All CPU(s) started at EL1
[    0.109579] CPU features: detected: ARMv8.4 Translation Table Level
[    0.109580] CPU features: detected: Data cache clean to the PoU not required for I/D coherence
[    0.109581] CPU features: detected: CRC32 instructions
[    0.109582] CPU features: detected: Data independent timing control (DIT)
[    0.109583] CPU features: detected: E0PD
[    0.109584] CPU features: detected: Generic authentication (IMP DEF algorithm)
[    0.109586] CPU features: detected: RCpc load-acquire (LDAPR)
[    0.109587] CPU features: detected: LSE atomic instructions
[    0.109587] CPU features: detected: Privileged Access Never
[    0.109588] CPU features: detected: Speculation barrier (SB)
[    0.109589] CPU features: detected: TLB range maintenance instructions
[    0.109590] CPU features: detected: XNX
[    0.109711] alternatives: applying system-wide alternatives
[    0.111508] Memory: 3354296K/4194304K available (14784K kernel code, 3344K rwdata, 4420K rodata, 832K init, 24005K bss, 834360K reserved, 0K cma-reserved)
[    0.112238] devtmpfs: initialized
[    0.115191] Running RCU synchronous self tests
[    0.115207] Running RCU synchronous self tests
[    0.115348] Running RCU Tasks wait API self tests
[    0.261820] Running RCU Tasks Trace wait API self tests
[    0.262092] clocksource: jiffies: mask: 0xffffffff max_cycles: 0xffffffff, max_idle_ns: 7645041785100000 ns
[    0.262196] posixtimers hash table entries: 2048 (order: 6, 147456 bytes, linear)
[    0.262332] futex hash table entries: 1024 (131072 bytes on 1 NUMA nodes, total 128 KiB, linear).
[    0.262443] 20864 pages in range for non-PLT usage
[    0.262446] 512384 pages in range for PLT usage
[    0.264605] NET: Registered PF_NETLINK/PF_ROUTE protocol family
[    0.266951] DMA: preallocated 512 KiB GFP_KERNEL pool for atomic allocations
[    0.267295] ASID allocator initialised with 256 entries
[    0.267368] Serial: AMBA PL011 UART driver
[    0.271094] 9000000.pl011: ttyAMA0 at MMIO 0x9000000 (irq = 13, base_baud = 0) is a PL011 rev1
[    0.271336] printk: console [ttyAMA0] enabled
[    0.280253] Callback from call_rcu_tasks_trace() invoked.
[    0.285166] vgaarb: loaded
[    0.285354] clocksource: Switched to clocksource arch_sys_counter
[    0.291997] NET: Registered PF_INET protocol family
[    0.292118] IP idents hash table entries: 65536 (order: 7, 524288 bytes, linear)
[    0.292968] tcp_listen_portaddr_hash hash table entries: 2048 (order: 6, 147456 bytes, linear)
[    0.293004] Table-perturb hash table entries: 65536 (order: 6, 262144 bytes, linear)
[    0.293026] TCP established hash table entries: 32768 (order: 6, 262144 bytes, linear)
[    0.293321] TCP bind hash table entries: 32768 (order: 11, 4718592 bytes, vmalloc hugepage)
[    0.294787] TCP: Hash tables configured (established 32768 bind 32768)
[    0.294876] UDP hash table entries: 2048 (order: 7, 524288 bytes, linear)
[    0.295099] NET: Registered PF_UNIX/PF_LOCAL protocol family
[    0.295134] PCI: CLS 0 bytes, default 64
[    0.295958] Unpacking initramfs...
[    0.298136] workingset: timestamp_bits=46 (anon: 42) max_order=20 bucket_order=0 (anon: 0)
[    0.298455] 9p: Installing v9fs 9p2000 file system support
[    0.302068] pci-host-generic 4010000000.pcie: host bridge /pcie@10000000 ranges:
[    0.302086] pci-host-generic 4010000000.pcie:       IO 0x003eff0000..0x003effffff -> 0x0000000000
[    0.302107] pci-host-generic 4010000000.pcie:      MEM 0x0010000000..0x003efeffff -> 0x0010000000
[    0.302114] pci-host-generic 4010000000.pcie:      MEM 0x8000000000..0xffffffffff -> 0x8000000000
[    0.302131] pci-host-generic 4010000000.pcie: Memory resource size exceeds max for 32 bits
[    0.310802] pci-host-generic 4010000000.pcie: ECAM at [mem 0x4010000000-0x401fffffff] for [bus 00-ff]
[    0.311003] pci-host-generic 4010000000.pcie: PCI host bridge to bus 0000:00
[    0.311014] pci_bus 0000:00: root bus resource [bus 00-ff]
[    0.311018] pci_bus 0000:00: root bus resource [io  0x0000-0xffff]
[    0.311020] pci_bus 0000:00: root bus resource [mem 0x10000000-0x3efeffff]
[    0.311022] pci_bus 0000:00: root bus resource [mem 0x8000000000-0xffffffffff]
[    0.311093] pci 0000:00:00.0: [1b36:0008] type 00 class 0x060000 conventional PCI endpoint
[    0.311522] pci 0000:00:01.0: [1af4:1000] type 00 class 0x020000 conventional PCI endpoint
[    0.311637] pci 0000:00:01.0: BAR 0 [io  0x0000-0x001f]
[    0.311644] pci 0000:00:01.0: BAR 1 [mem 0x00000000-0x00000fff]
[    0.311655] pci 0000:00:01.0: BAR 4 [mem 0x00000000-0x00003fff 64bit pref]
[    0.311659] pci 0000:00:01.0: ROM [mem 0x00000000-0x0003ffff pref]
[    0.311968] pci 0000:00:02.0: [1af4:1009] type 00 class 0x000200 conventional PCI endpoint
[    0.312059] pci 0000:00:02.0: BAR 0 [io  0x0000-0x003f]
[    0.312071] pci 0000:00:02.0: BAR 1 [mem 0x00000000-0x00000fff]
[    0.312085] pci 0000:00:02.0: BAR 4 [mem 0x00000000-0x00003fff 64bit pref]
[    0.312397] pci 0000:00:03.0: [1af4:1005] type 00 class 0x00ff00 conventional PCI endpoint
[    0.312495] pci 0000:00:03.0: BAR 0 [io  0x0000-0x001f]
[    0.312499] pci 0000:00:03.0: BAR 1 [mem 0x00000000-0x00000fff]
[    0.312509] pci 0000:00:03.0: BAR 4 [mem 0x00000000-0x00003fff 64bit pref]
[    0.312936] pci 0000:00:01.0: ROM [mem 0x10000000-0x1003ffff pref]: assigned
[    0.312939] pci 0000:00:01.0: BAR 4 [mem 0x8000000000-0x8000003fff 64bit pref]: assigned
[    0.312961] pci 0000:00:02.0: BAR 4 [mem 0x8000004000-0x8000007fff 64bit pref]: assigned
[    0.312984] pci 0000:00:03.0: BAR 4 [mem 0x8000008000-0x800000bfff 64bit pref]: assigned
[    0.313016] pci 0000:00:01.0: BAR 1 [mem 0x10040000-0x10040fff]: assigned
[    0.313048] pci 0000:00:02.0: BAR 1 [mem 0x10041000-0x10041fff]: assigned
[    0.313066] pci 0000:00:03.0: BAR 1 [mem 0x10042000-0x10042fff]: assigned
[    0.313075] pci 0000:00:02.0: BAR 0 [io  0x1000-0x103f]: assigned
[    0.313082] pci 0000:00:01.0: BAR 0 [io  0x1040-0x105f]: assigned
[    0.313089] pci 0000:00:03.0: BAR 0 [io  0x1060-0x107f]: assigned
[    0.313111] pci_bus 0000:00: resource 4 [io  0x0000-0xffff]
[    0.313113] pci_bus 0000:00: resource 5 [mem 0x10000000-0x3efeffff]
[    0.313115] pci_bus 0000:00: resource 6 [mem 0x8000000000-0xffffffffff]
[    0.315410] virtio-pci 0000:00:01.0: enabling device (0000 -> 0003)
[    0.316296] virtio-pci 0000:00:02.0: enabling device (0000 -> 0003)
[    0.317054] virtio-pci 0000:00:03.0: enabling device (0000 -> 0003)
[    0.372575] rtc-pl031 9010000.pl031: registered as rtc0
[    0.372630] rtc-pl031 9010000.pl031: setting system clock to 2026-09-26T22:23:49 UTC (1790461429)
[    0.373052] NET: Registered PF_INET6 protocol family
[    0.373907] Segment Routing with IPv6
[    0.373939] In-situ OAM (IOAM) with IPv6
[    0.373964] sit: IPv6, IPv4 and MPLS over IPv4 tunneling driver
[    0.374401] NET: Registered PF_PACKET protocol family
[    0.374418] 9pnet: Installing 9P2000 support
[    0.375434] Callback from call_rcu_tasks() invoked.
[    0.395121] clk: Disabling unused clocks
[    0.532637] Freeing initrd memory: 153360K
[    0.533249] Freeing unused kernel memory: 832K
[    0.533321] Run /init as init process
[    0.566844] kjit: loading out-of-tree module taints kernel.
[    0.568644] rust_kjit: ######## Rust KJIT inits ########
[    0.568878] rust_kjit: golden tests/arm64/toy_cfg.s:hot_svc_mark PASS: 668 fragment bytes match harness
kjit-init: insmod kjit.ko ok
k4-suite: kjit=1 runtest --clients 16 --dump-logs
k4-suite: ok=2869 err=0 skip=0 ignore=15
k4-suite: done (runtest exit 0)
[  323.670732] kjit: 0 of 11078 translation requests still queued at unload (freed by the kernel)
[  323.710821] rust_kjit: ######## Rust KJIT exits ########
kjit-init: rmmod kjit ok
kjit-init: run exit=0
[  323.799753] reboot: Power down
