k4-adv: kill9 PASS: kill9 #1: server status 137;kill9 #2: server status 137;kill9 #3: server status 137;
k4:   kill9#1: hot: 8226364 fragment entries, 0 syscalls in kernel before the event
k4:   kill9#2: hot: 6474105 fragment entries, 0 syscalls in kernel before the event
k4:   kill9#3: hot: 7906533 fragment entries, 0 syscalls in kernel before the event
k4:   kill9: in_kernel=0/1604521 syscalls (0.0%) entries=26939017 chains=25341702 chain_cap=851911 translated=183 (entry_unsupported=0 compile=0 verify=0 capped=0 neg=0) invalidated=0 released=183
k4:   kill9: exits svc=0 bl=11638579 blr=473214 br=816186 ret=13276657 mem=0 unsupported=734381 budget=0 invalid=0 svc_declined=0
k4:   kill9: unsupported_top (word(exits/entry_stops)): 0x4e010c20(695327/0) 0x4c407061(39054/0) 
k4-adv: sigterm PASS: TERM: server status 0;sigterm: shutdown and clean exit logged;
k4:   TERM: hot: 8383542 fragment entries, 0 syscalls in kernel before the event
k4:   sigterm: in_kernel=0/624246 syscalls (0.0%) entries=10493905 chains=9872386 chain_cap=330761 translated=61 (entry_unsupported=0 compile=0 verify=0 capped=0 neg=0) invalidated=0 released=61
k4:   sigterm: exits svc=0 bl=4540802 blr=171264 br=314344 ret=5180422 mem=0 unsupported=287073 budget=0 invalid=0 svc_declined=0
k4:   sigterm: unsupported_top (word(exits/entry_stops)): 0x4e010c20(274054/0) 0x4c407061(13019/0) 
k4-adv: sigusr1 PASS: USR1: server status 138;
k4:   USR1: hot: 9206430 fragment entries, 0 syscalls in kernel before the event
k4:   sigusr1: in_kernel=0/631279 syscalls (0.0%) entries=10616234 chains=9987529 chain_cap=335958 translated=61 (entry_unsupported=0 compile=0 verify=0 capped=0 neg=0) invalidated=0 released=61
k4:   sigusr1: exits svc=0 bl=4589965 blr=180906 br=316342 ret=5239945 mem=0 unsupported=289076 budget=0 invalid=0 svc_declined=0
k4:   sigusr1: unsupported_top (word(exits/entry_stops)): 0x4e010c20(276058/0) 0x4c407061(13018/0) 
k4-adv: stopcont PASS: stopcont: load status 0;dbsize 10045 digest a595c3aec0dfe15c636c10750e98bb92f179efe8;
k4:   stopcont: hot: 9042686 fragment entries, 0 syscalls in kernel before the event
k4:   stopcont: in_kernel=0/4664152 syscalls (0.0%) entries=79135162 chains=74475172 chain_cap=2543478 translated=61 (entry_unsupported=0 compile=0 verify=0 capped=0 neg=0) invalidated=0 released=61
k4:   stopcont: exits svc=0 bl=34241615 blr=1334808 br=2139239 ret=39307533 mem=0 unsupported=2111967 budget=0 invalid=0 svc_declined=0
k4:   stopcont: unsupported_top (word(exits/entry_stops)): 0x4e010c20(2098948/0) 0x4c407061(13019/0) 
k4-adv: segfault PASS: segfault: server status 139;crashed by signal: 11, si_code: 2;Accessing address: <page-aligned>;segfault: stack trace names debugCommand: yes;segfault: core files 1;
k4:   segfault: hot: 8384661 fragment entries, 0 syscalls in kernel before the event
k4:   segfault: in_kernel=0/596360 syscalls (0.0%) entries=10001674 chains=9409033 chain_cap=314906 translated=61 (entry_unsupported=0 compile=0 verify=0 capped=0 neg=0) invalidated=0 released=61
k4:   segfault: exits svc=0 bl=4327717 blr=163056 br=301235 ret=4935702 mem=0 unsupported=273964 budget=0 invalid=0 svc_declined=0
k4:   segfault: unsupported_top (word(exits/entry_stops)): 0x4e010c20(260940/0) 0x4c407061(13024/0) 
k4-adv: bgsave PASS: bgsave: load status 0;bgsave: before restart dbsize 10045 digest a595c3aec0dfe15c636c10750e98bb92f179efe8;bgsave: redis-check-rdb ok;bgsave: after restart dbsize 10045 digest a595c3aec0dfe15c636c10750
k4:   bgsave: hot: 9563850 fragment entries, 0 syscalls in kernel before the event
k4:   bgsave: in_kernel=0/4566938 syscalls (0.0%) entries=77364490 chains=72808506 chain_cap=2439263 translated=61 (entry_unsupported=0 compile=0 verify=0 capped=0 neg=0) invalidated=0 released=61
k4:   bgsave: exits svc=0 bl=33616712 blr=1022119 br=2139265 ret=38474397 mem=0 unsupported=2111997 budget=0 invalid=0 svc_declined=0
k4:   bgsave: unsupported_top (word(exits/entry_stops)): 0x4e010c20(2098978/0) 0x4c407061(13019/0) 
k4-adv: aofrw PASS: aofrw: load status 0;aofrw: before restart dbsize 10045 digest a595c3aec0dfe15c636c10750e98bb92f179efe8;aofrw: after restart from the AOF dbsize 10045 digest a595c3aec0dfe15c636c10750e98bb92f179efe8;
k4:   aofrw: hot: 9730013 fragment entries, 0 syscalls in kernel before the event
k4:   aofrw: in_kernel=0/4650212 syscalls (0.0%) entries=77259355 chains=72618516 chain_cap=2402975 translated=108 (entry_unsupported=0 compile=0 verify=0 capped=0 neg=0) invalidated=0 released=108
k4:   aofrw: exits svc=0 bl=33534769 blr=908143 br=2140906 ret=38445863 mem=0 unsupported=2229674 budget=0 invalid=0 svc_declined=0
k4:   aofrw: unsupported_top (word(exits/entry_stops)): 0x4e010c20(2098953/0) 0x4e080ec0(115564/0) 0x4c407061(14875/0) 0x3dc00020(282/0) 
k4-adv: config PASS: config: 5 module load/unload and config set rounds ok;config: load status 0; misc module still loaded: 0;dbsize 10045 digest a595c3aec0dfe15c636c10750e98bb92f179efe8;
k4:   config: hot: 9046601 fragment entries, 0 syscalls in kernel before the event
k4:   config: in_kernel=0/4654650 syscalls (0.0%) entries=78820847 chains=74178744 chain_cap=2419892 translated=68 (entry_unsupported=0 compile=0 verify=0 capped=0 neg=0) invalidated=0 released=68
k4:   config: exits svc=0 bl=34445142 blr=650107 br=2328263 ret=39180577 mem=0 unsupported=2216758 budget=0 invalid=0 svc_declined=0
k4:   config: unsupported_top (word(exits/entry_stops)): 0x4e010c20(2203739/0) 0x4c407061(13019/0) 
k4-adv: reload PASS: reload: 5 unloads under load; load status 0; ping PONG;dbsize 10045 digest 8630698fcae208583f0c9e6fe598b8d0226d4767;
k4:   reload: hot: 9724130 fragment entries, 0 syscalls in kernel before the event
k4:   reload: counters of the last load: syscalls_in_kernel 0 fragment_entries 67486683 exit_invalid 0 translate_verify_rejected 0 
k4-adv: maxmemory PASS: maxmemory: evicted yes;maxmemory: used within 32mb+1mb yes;maxmemory: noeviction write: OOM command not allowed when used memory;maxmemory: after lifting the limit: OK;
k4:   maxmemory: hot: 6924810 fragment entries, 0 syscalls in kernel before the event
k4:   maxmemory: in_kernel=0/840365 syscalls (0.0%) entries=14202098 chains=13365211 chain_cap=435079 translated=46 (entry_unsupported=0 compile=0 verify=0 capped=0 neg=0) invalidated=0 released=46
k4:   maxmemory: exits svc=0 bl=6210251 blr=109573 br=399018 ret=7084302 mem=0 unsupported=398954 budget=0 invalid=0 svc_declined=0
k4:   maxmemory: unsupported_top (word(exits/entry_stops)): 0x4e010c20(398954/0) 
k4-adv: ALL PASS
