k4-bench: default (redis-benchmark -q -n 100000 ):
k4:     PING_INLINE: 220750.55 requests per second, p50=0.119 msec
k4:     PING_MBULK: 235294.11 requests per second, p50=0.103 msec
k4:     SET: 186219.73 requests per second, p50=0.111 msec
k4:     GET: 233644.86 requests per second, p50=0.111 msec
k4:     INCR: 238663.48 requests per second, p50=0.111 msec
k4:     LPUSH: 246913.58 requests per second, p50=0.119 msec
k4:     RPUSH: 228310.50 requests per second, p50=0.119 msec
k4:     LPOP: 237529.69 requests per second, p50=0.127 msec
k4:     RPOP: 239234.44 requests per second, p50=0.119 msec
k4:     SADD: 243902.44 requests per second, p50=0.111 msec
k4:     HSET: 240384.61 requests per second, p50=0.111 msec
k4:     SPOP: 243309.00 requests per second, p50=0.103 msec
k4:     ZADD: 210084.03 requests per second, p50=0.119 msec
k4:     ZPOPMIN: 253807.11 requests per second, p50=0.103 msec
k4:     LPUSH (needed to benchmark LRANGE): 227790.42 requests per second, p50=0.135 msec
k4:     LRANGE_100 (first 100 elements): 82987.55 requests per second, p50=0.319 msec
k4:     LRANGE_300 (first 300 elements): 30165.91 requests per second, p50=0.839 msec
k4:     LRANGE_500 (first 500 elements): 20329.33 requests per second, p50=1.239 msec
k4:     LRANGE_600 (first 600 elements): 16683.35 requests per second, p50=1.479 msec
k4:     MSET (10 keys): 207039.33 requests per second, p50=0.199 msec
k4:   default: in_kernel=0/4435383 syscalls (0.0%) entries=75180450 chains=70749368 chain_cap=2421285 translated=48 (entry_unsupported=0 compile=0 verify=0 capped=0 neg=0) invalidated=0 released=0
k4:   default: exits svc=0 bl=32529802 blr=1268435 br=1998940 ret=37384397 mem=0 unsupported=1998876 budget=0 invalid=0 svc_declined=0
k4:   default: unsupported_top (word(exits/entry_stops)): 0x4e010c20(1998876/0) 
k4:   default: hot: 75180470 fragment entries, 0 syscalls in kernel before the event
k4-bench: pipelined (redis-benchmark -q -n 100000 -P 16):
k4:     PING_INLINE: 1923076.88 requests per second, p50=0.327 msec
k4:     PING_MBULK: 2380952.50 requests per second, p50=0.263 msec
k4:     SET: 1724138.00 requests per second, p50=0.391 msec
k4:     GET: 1886792.50 requests per second, p50=0.351 msec
k4:     INCR: 1923076.88 requests per second, p50=0.351 msec
k4:     LPUSH: 1449275.38 requests per second, p50=0.479 msec
k4:     RPUSH: 1639344.25 requests per second, p50=0.423 msec
k4:     LPOP: 1369863.00 requests per second, p50=0.511 msec
k4:     RPOP: 1538461.62 requests per second, p50=0.447 msec
k4:     SADD: 1886792.50 requests per second, p50=0.367 msec
k4:     HSET: 1612903.25 requests per second, p50=0.439 msec
k4:     SPOP: 2222222.25 requests per second, p50=0.303 msec
k4:     ZADD: 1515151.50 requests per second, p50=0.471 msec
k4:     ZPOPMIN: 2272727.25 requests per second, p50=0.295 msec
k4:     LPUSH (needed to benchmark LRANGE): 1515151.50 requests per second, p50=0.463 msec
k4:     LRANGE_100 (first 100 elements): 135685.22 requests per second, p50=2.967 msec
k4:     LRANGE_300 (first 300 elements): 33886.82 requests per second, p50=11.903 msec
k4:     LRANGE_500 (first 500 elements): 19849.15 requests per second, p50=16.735 msec
k4:     LRANGE_600 (first 600 elements): 15172.20 requests per second, p50=22.239 msec
k4:     MSET (10 keys): 657894.75 requests per second, p50=1.151 msec
k4:   pipelined: in_kernel=4608/288991 syscalls (1.6%) entries=4746276 chains=4458006 chain_cap=147573 translated=83 (entry_unsupported=0 compile=0 verify=0 capped=0 neg=0) invalidated=0 released=0
k4:   pipelined: exits svc=4608 bl=2082968 blr=62096 br=131606 ret=2338507 mem=0 unsupported=126491 budget=0 invalid=0 svc_declined=0
k4:   pipelined: unsupported_top (word(exits/entry_stops)): 0x4e010c20(125001/0) 0x3d801be0(1490/0) 
k4:   pipelined: hot: 4746315 fragment entries, 4608 syscalls in kernel before the event
k4-bench: clients256 (redis-benchmark -q -n 100000 -c 256):
k4:     PING_INLINE: 246913.58 requests per second, p50=0.447 msec
k4:     PING_MBULK: 265957.47 requests per second, p50=0.455 msec
k4:     SET: 156985.86 requests per second, p50=0.743 msec
k4:     GET: 262467.19 requests per second, p50=0.447 msec
k4:     INCR: 282485.88 requests per second, p50=0.447 msec
k4:     LPUSH: 277777.78 requests per second, p50=0.455 msec
k4:     RPUSH: 249376.56 requests per second, p50=0.471 msec
k4:     LPOP: 210084.03 requests per second, p50=0.663 msec
k4:     RPOP: 213675.22 requests per second, p50=0.647 msec
k4:     SADD: 222717.16 requests per second, p50=0.535 msec
k4:     HSET: 218818.39 requests per second, p50=0.559 msec
k4:     SPOP: 243309.00 requests per second, p50=0.487 msec
k4:     ZADD: 265957.47 requests per second, p50=0.471 msec
k4:     ZPOPMIN: 221729.48 requests per second, p50=0.559 msec
k4:     LPUSH (needed to benchmark LRANGE): 246305.42 requests per second, p50=0.495 msec
k4:     LRANGE_100 (first 100 elements): 88495.58 requests per second, p50=1.431 msec
k4:     LRANGE_300 (first 300 elements): 29815.14 requests per second, p50=4.327 msec
k4:     LRANGE_500 (first 500 elements): 19171.78 requests per second, p50=6.663 msec
k4:     LRANGE_600 (first 600 elements): 16716.82 requests per second, p50=7.607 msec
k4:     MSET (10 keys): 233100.23 requests per second, p50=0.903 msec
k4:   clients256: in_kernel=30726/4468073 syscalls (0.7%) entries=75455863 chains=70988643 chain_cap=2424227 translated=13 (entry_unsupported=0 compile=0 verify=0 capped=0 neg=0) invalidated=0 released=0
k4:   clients256: exits svc=30726 bl=32653125 blr=1236027 br=2045515 ret=37480227 mem=0 unsupported=2010243 budget=0 invalid=0 svc_declined=0
k4:   clients256: unsupported_top (word(exits/entry_stops)): 0x4e010c20(2000001/0) 0x3d801be0(10242/0) 
k4:   clients256: hot: 75455902 fragment entries, 30726 syscalls in kernel before the event
k4-bench: consistency PASS: dbsize 10044 digest 603e069a26083ceb1309ded3186769f0b0809e09 readback sha256 362731776718583235c4f1394cb708151a5c09052efd2c0ace0f6f0f7392fb50 
k4-bench: ALL PASS
