k2:   toy_loop: in_kernel=199823 entries=199824 exit_mem=0 exit_budget=0 exit_unsupported=0
k2:   toy_loop: 199823 of 200000 syscalls in kernel (99.91%)
k2:   mem_loop: in_kernel=39872 entries=59808 exit_mem=0 exit_budget=0 exit_unsupported=19935
k2:   tight_loop: in_kernel=0 entries=1936 exit_mem=0 exit_budget=1936 exit_unsupported=0
k2:   signal_loop: in_kernel=399769 entries=399780 exit_mem=0 exit_budget=0 exit_unsupported=0
k2:   signal_loop: 24 alarms handled
k2:   munmap_race: in_kernel=4269241 entries=4269505 exit_mem=0 exit_budget=0 exit_unsupported=0
k2:   Segmentation fault
k2:   seccomp_loop: in_kernel=0 entries=0 exit_mem=0 exit_budget=0 exit_unsupported=0
k2:   ptrace_loop: in_kernel=0 entries=0 exit_mem=0 exit_budget=0 exit_unsupported=0
Killed
Killed
k2: iteration 1 PASS
k2: stats
k2:   syscalls_in_kernel 23122762
k2:   fragment_entries 23240315
k2:   chains 0
k2:   chain_cap 0
k2:   exit_svc 23122772
k2:   exit_bl 3
k2:   exit_blr 0
k2:   exit_br 0
k2:   exit_ret 2
k2:   exit_mem 3
k2:   exit_unsupported 19935
k2:   exit_budget 97600
k2:   exit_invalid 0
k2:   svc_declined 10
k2:   translate_ok 17
k2:   translate_exists 0
k2:   translate_text_unreadable 0
k2:   translate_entry_unsupported 0
k2:   translate_compile_failed 0
k2:   translate_encode_failed 0
k2:   translate_verify_rejected 0
k2:   translate_verify_falls_off_end 0
k2:   translate_raced 0
k2:   translate_capped 0
k2:   translate_install_failed 0
k2:   invalidated_fragments 1
k2:   released_fragments 16
k2:   svc_sites_scanned 0
k2:   auto_mm_created 121
k2:   auto_mm_setup_failed 0
k2:   auto_prof_full 0
k2:   auto_hot_negative 0
k2:   auto_hot_capped 0
k2:   auto_hot_queue_full 0
k2:   auto_req_svc_resume 17
k2:   auto_req_exit_target 0
k2:   auto_req_dropped 0
k2:   auto_req_stale 0
k2:   auto_neg_added 0
k2:   auto_neg_evicted 0
k2:   auto_translate_ns 8265292
k2:   unsupported_top_dropped 0
k2:   unsupported_bad_word 0
k2:   hook_calls 23288141
k2: ALL PASS (1 iterations, auto=1)
