k4-adv: kill9 PASS: kill9 #1: server status 137;kill9 #2: server status 137;kill9 #3: server status 137;
k4:   kill9#1: hot: 1076480 fragment entries, 0 syscalls in kernel before the event
k4:   kill9#2: hot: 1073124 fragment entries, 0 syscalls in kernel before the event
k4:   kill9#3: hot: 1083808 fragment entries, 0 syscalls in kernel before the event
k4:   kill9: in_kernel=0/427461 syscalls (0.0%) entries=4410103 chains=3989938 chain_cap=0 translated=132 (entry_unsupported=0 compile=0 verify=0 capped=0 neg=0) invalidated=0 released=132
k4:   kill9: exits svc=0 bl=1568446 blr=300180 br=120666 ret=2008353 mem=0 unsupported=412458 budget=0 invalid=0 svc_declined=0
k4:   kill9: unsupported_top (word(exits/entry_stops)): 0xf8200020(373389/0) 0x4c407061(39069/0) 
k4-adv: sigterm PASS: TERM: server status 0;sigterm: shutdown and clean exit logged;
k4:   TERM: hot: 1070592 fragment entries, 0 syscalls in kernel before the event
k4:   sigterm: in_kernel=0/150843 syscalls (0.0%) entries=1554193 chains=1406056 chain_cap=0 translated=44 (entry_unsupported=0 compile=0 verify=0 capped=0 neg=0) invalidated=0 released=44
k4:   sigterm: exits svc=0 bl=551813 blr=107226 br=40218 ret=709379 mem=0 unsupported=145557 budget=0 invalid=0 svc_declined=0
k4:   sigterm: unsupported_top (word(exits/entry_stops)): 0xf8200020(132536/0) 0x4c407061(13021/0) 
k4-adv: sigusr1 PASS: USR1: server status 138;
k4:   USR1: hot: 1079431 fragment entries, 0 syscalls in kernel before the event
k4:   sigusr1: in_kernel=0/141915 syscalls (0.0%) entries=1462571 chains=1323221 chain_cap=0 translated=44 (entry_unsupported=0 compile=0 verify=0 capped=0 neg=0) invalidated=0 released=44
k4:   sigusr1: exits svc=0 bl=520253 blr=99363 br=40231 ret=665938 mem=0 unsupported=136786 budget=0 invalid=0 svc_declined=0
k4:   sigusr1: unsupported_top (word(exits/entry_stops)): 0xf8200020(123760/0) 0x4c407061(13026/0) 
k4-adv: stopcont PASS: stopcont: load status 0;dbsize 10045 digest a595c3aec0dfe15c636c10750e98bb92f179efe8;
k4:   stopcont: hot: 1062199 fragment entries, 0 syscalls in kernel before the event
k4:   stopcont: in_kernel=0/5791261 syscalls (0.0%) entries=59444925 chains=53658849 chain_cap=0 translated=44 (entry_unsupported=0 compile=0 verify=0 capped=0 neg=0) invalidated=0 released=44
k4:   stopcont: exits svc=0 bl=20532181 blr=4711732 br=40219 ret=28378616 mem=0 unsupported=5782177 budget=0 invalid=0 svc_declined=0
k4:   stopcont: unsupported_top (word(exits/entry_stops)): 0xf8200020(5769155/0) 0x4c407061(13022/0) 
k4-adv: segfault PASS: segfault: server status 139;crashed by signal: 11, si_code: 2;Accessing address: <page-aligned>;segfault: stack trace names debugCommand: yes;segfault: core files 1;
k4:   segfault: hot: 1079798 fragment entries, 0 syscalls in kernel before the event
k4:   segfault: in_kernel=0/143176 syscalls (0.0%) entries=1465943 chains=1326552 chain_cap=0 translated=44 (entry_unsupported=0 compile=0 verify=0 capped=0 neg=0) invalidated=0 released=44
k4:   segfault: exits svc=0 bl=521270 blr=101045 br=40233 ret=666680 mem=0 unsupported=136715 budget=0 invalid=0 svc_declined=0
k4:   segfault: unsupported_top (word(exits/entry_stops)): 0xf8200020(123688/0) 0x4c407061(13027/0) 
k4-adv: bgsave PASS: bgsave: load status 0;bgsave: before restart dbsize 10045 digest a595c3aec0dfe15c636c10750e98bb92f179efe8;bgsave: redis-check-rdb ok;bgsave: after restart dbsize 10045 digest a595c3aec0dfe15c636c10750
k4:   bgsave: hot: 1078411 fragment entries, 0 syscalls in kernel before the event
k4:   bgsave: in_kernel=0/5813750 syscalls (0.0%) entries=59678412 chains=53876559 chain_cap=0 translated=45 (entry_unsupported=0 compile=0 verify=0 capped=0 neg=0) invalidated=0 released=45
k4:   bgsave: exits svc=0 bl=20609969 blr=4758268 br=40232 ret=28472209 mem=0 unsupported=5797734 budget=0 invalid=0 svc_declined=0
k4:   bgsave: unsupported_top (word(exits/entry_stops)): 0xf8200020(5784707/0) 0x4c407061(13027/0) 
k4-adv: aofrw PASS: aofrw: load status 0;aofrw: before restart dbsize 10045 digest a595c3aec0dfe15c636c10750e98bb92f179efe8;aofrw: after restart from the AOF dbsize 10045 digest a595c3aec0dfe15c636c10750e98bb92f179efe8;
k4:   aofrw: hot: 1131555 fragment entries, 0 syscalls in kernel before the event
k4:   aofrw: in_kernel=0/5008664 syscalls (0.0%) entries=45958451 chains=40963959 chain_cap=0 translated=58 (entry_unsupported=0 compile=0 verify=0 capped=0 neg=0) invalidated=0 released=58
k4:   aofrw: exits svc=0 bl=15988119 blr=1889491 br=40217 ret=23051930 mem=0 unsupported=4988694 budget=0 invalid=0 svc_declined=0
k4:   aofrw: unsupported_top (word(exits/entry_stops)): 0xf8200020(4828411/0) 0x4e080ec0(141112/0) 0x4c407061(14807/0) 0xb8608020(4015/0) 0x3dc00020(349/0) 
k4-adv: config PASS: config: 5 module load/unload and config set rounds ok;config: load status 0; misc module still loaded: 0;dbsize 10045 digest a595c3aec0dfe15c636c10750e98bb92f179efe8;
k4:   config: hot: 1178079 fragment entries, 0 syscalls in kernel before the event
k4:   config: in_kernel=0/6627374 syscalls (0.0%) entries=64321125 chains=57707402 chain_cap=0 translated=48 (entry_unsupported=0 compile=0 verify=0 capped=0 neg=0) invalidated=0 released=48
k4:   config: exits svc=0 bl=22394530 blr=3742447 br=121838 ret=31453231 mem=0 unsupported=6609079 budget=0 invalid=0 svc_declined=0
k4:   config: unsupported_top (word(exits/entry_stops)): 0xf8200020(6514565/0) 0x88e07c41(81494/0) 0x4c407061(13020/0) 
k4-adv: reload PASS: reload: 5 unloads under load; load status 0; ping PONG;dbsize 10045 digest 8630698fcae208583f0c9e6fe598b8d0226d4767;
k4:   reload: hot: 1083871 fragment entries, 0 syscalls in kernel before the event
k4:   reload: counters of the last load: syscalls_in_kernel 0 fragment_entries 74475566 exit_invalid 0 translate_verify_rejected 0 
k4-adv: maxmemory PASS: maxmemory: evicted yes;maxmemory: used within 32mb+1mb yes;maxmemory: noeviction write: OOM command not allowed when used memory;maxmemory: after lifting the limit: OK;
k4:   maxmemory: hot: 1060863 fragment entries, 0 syscalls in kernel before the event
k4:   maxmemory: in_kernel=0/1106100 syscalls (0.0%) entries=11325759 chains=10223274 chain_cap=0 translated=29 (entry_unsupported=0 compile=0 verify=0 capped=0 neg=0) invalidated=0 released=29
k4:   maxmemory: exits svc=0 bl=3908254 blr=906127 br=0 ret=5410730 mem=0 unsupported=1100648 budget=0 invalid=0 svc_declined=0
k4:   maxmemory: unsupported_top (word(exits/entry_stops)): 0xf8200020(1100648/0) 
k4-adv: ALL PASS
