[    0.000000] Booting Linux on physical CPU 0x0000000000 [0x610f0000]
[    0.000000] Linux version 7.1.0-rc1+ (@kjit-dev-container) (Ubuntu clang version 18.1.3 (1ubuntu1), Ubuntu LLD 18.1.3) #10 SMP PREEMPT Sun Sep 27 02:34:32 UTC 2026
[    0.000000] random: crng init done
[    0.000000] Machine model: linux,dummy-virt
[    0.000000] OF: reserved mem: Reserved memory: No reserved-memory node in the DT
[    0.000000] psci: probing for conduit method from DT.
[    0.000000] psci: PSCIv1.1 detected in firmware.
[    0.000000] psci: Using standard PSCI v0.2 function IDs
[    0.000000] psci: Trusted OS migration not required
[    0.000000] psci: SMC Calling Convention v1.0
[    0.000000] Zone ranges:
[    0.000000]   Normal   [mem 0x0000000040000000-0x000000013fffffff]
[    0.000000] Movable zone start for each node
[    0.000000] Early memory node ranges
[    0.000000]   node   0: [mem 0x0000000040000000-0x000000013fffffff]
[    0.000000] Initmem setup node 0 [mem 0x0000000040000000-0x000000013fffffff]
[    0.000000] percpu: Embedded 19 pages/cpu s38488 r8192 d31144 u77824
[    0.000000] Detected PIPT I-cache on CPU0
[    0.000000] CPU features: detected: Address authentication (IMP DEF algorithm)
[    0.000000] CPU features: detected: Spectre-v4
[    0.000000] CPU features: detected: Spectre-BHB
[    0.000000] alternatives: applying boot alternatives
[    0.000000] Kernel command line: console=ttyAMA0 panic=-1 nokaslr
[    0.000000] Unknown kernel command line parameters "nokaslr", will be passed to user space.
[    0.000000] printk: log buffer data + meta data: 131072 + 458752 = 589824 bytes
[    0.000000] Dentry cache hash table entries: 524288 (order: 10, 4194304 bytes, linear)
[    0.000000] Inode-cache hash table entries: 262144 (order: 9, 2097152 bytes, linear)
[    0.000000] software IO TLB: SWIOTLB bounce buffer size adjusted to 4MB
[    0.000000] software IO TLB: area num 4.
[    0.000000] software IO TLB: mapped [mem 0x000000013ac00000-0x000000013b000000] (4MB)
[    0.000000] Built 1 zonelists, mobility grouping on.  Total pages: 1048576
[    0.000000] mem auto-init: stack:all(zero), heap alloc:off, heap free:off
[    0.000000] SLUB: HWalign=64, Order=0-3, MinObjects=0, CPUs=4, Nodes=1
[    0.000000] rcu: Preemptible hierarchical RCU implementation.
[    0.000000] rcu: 	RCU restricting CPUs from NR_CPUS=512 to nr_cpu_ids=4.
[    0.000000] rcu: RCU calculated value of scheduler-enlistment delay is 25 jiffies.
[    0.000000] rcu: Adjusting geometry for rcu_fanout_leaf=16, nr_cpu_ids=4
[    0.000000] NR_IRQS: 64, nr_irqs: 64, preallocated irqs: 0
[    0.000000] Root IRQ handler: gic_handle_irq
[    0.000000] GICv2m: range[mem 0x08020000-0x08020fff], SPI[80:143]
[    0.000000] rcu: srcu_init: Setting srcu_struct sizes based on contention.
[    0.000000] arch_timer: cp15 timer running at 24.00MHz (virt).
[    0.000000] clocksource: arch_sys_counter: mask: 0xffffffffffffff max_cycles: 0x588fe9dc0, max_idle_ns: 440795202592 ns
[    0.000000] sched_clock: 56 bits at 24MHz, resolution 41ns, wraps every 4398046511097ns
[    0.000100] Console: colour dummy device 80x25
[    0.000110] Calibrating delay loop (skipped), value calculated using timer frequency.. 48.00 BogoMIPS (lpj=96000)
[    0.000114] pid_max: default: 32768 minimum: 301
[    0.000248] Mount-cache hash table entries: 8192 (order: 4, 65536 bytes, linear)
[    0.000255] Mountpoint-cache hash table entries: 8192 (order: 4, 65536 bytes, linear)
[    0.000331] VFS: Finished mounting rootfs on nullfs
[    0.000498] cacheinfo: Unable to detect cache hierarchy for CPU 0
[    0.000610] rcu: Hierarchical SRCU implementation.
[    0.000611] rcu: 	Max phase no-delay instances is 1000.
[    0.000652] Timer migration: 1 hierarchy levels; 8 children per group; 1 crossnode level
[    0.000691] smp: Bringing up secondary CPUs ...
[    0.000877] Detected PIPT I-cache on CPU1
[    0.000953] CPU1: Booted secondary processor 0x0000000001 [0x610f0000]
[    0.001262] Detected PIPT I-cache on CPU2
[    0.001360] CPU2: Booted secondary processor 0x0000000002 [0x610f0000]
[    0.001614] Detected PIPT I-cache on CPU3
[    0.001745] CPU3: Booted secondary processor 0x0000000003 [0x610f0000]
[    0.001851] smp: Brought up 1 node, 4 CPUs
[    0.001852] SMP: Total of 4 processors activated.
[    0.001852] CPU: All CPU(s) started at EL1
[    0.001853] CPU features: detected: ARMv8.4 Translation Table Level
[    0.001854] CPU features: detected: Data cache clean to the PoU not required for I/D coherence
[    0.001854] CPU features: detected: CRC32 instructions
[    0.001860] CPU features: detected: Data independent timing control (DIT)
[    0.001860] CPU features: detected: E0PD
[    0.001861] CPU features: detected: Generic authentication (IMP DEF algorithm)
[    0.001862] CPU features: detected: RCpc load-acquire (LDAPR)
[    0.001862] CPU features: detected: LSE atomic instructions
[    0.001863] CPU features: detected: Privileged Access Never
[    0.001863] CPU features: detected: Speculation barrier (SB)
[    0.001863] CPU features: detected: TLB range maintenance instructions
[    0.001864] CPU features: detected: XNX
[    0.001970] alternatives: applying system-wide alternatives
[    0.002954] Memory: 3942744K/4194304K available (5248K kernel code, 754K rwdata, 2356K rodata, 576K init, 405K bss, 248380K reserved, 0K cma-reserved)
[    0.003210] devtmpfs: initialized
[    0.003481] clocksource: jiffies: mask: 0xffffffff max_cycles: 0xffffffff, max_idle_ns: 7645041785100000 ns
[    0.003485] posixtimers hash table entries: 2048 (order: 3, 32768 bytes, linear)
[    0.003506] futex hash table entries: 1024 (65536 bytes on 1 NUMA nodes, total 64 KiB, linear).
[    0.003514] 30384 pages in range for non-PLT usage
[    0.003515] 521904 pages in range for PLT usage
[    0.003576] NET: Registered PF_NETLINK/PF_ROUTE protocol family
[    0.003907] DMA: preallocated 512 KiB GFP_KERNEL pool for atomic allocations
[    0.003940] ASID allocator initialised with 256 entries
[    0.003947] Serial: AMBA PL011 UART driver
[    0.004438] 9000000.pl011: ttyAMA0 at MMIO 0x9000000 (irq = 13, base_baud = 0) is a PL011 rev1
[    0.004598] printk: console [ttyAMA0] enabled
[    0.010472] vgaarb: loaded
[    0.010756] clocksource: Switched to clocksource arch_sys_counter
[    0.020418] NET: Registered PF_INET protocol family
[    0.020497] IP idents hash table entries: 65536 (order: 7, 524288 bytes, linear)
[    0.020926] tcp_listen_portaddr_hash hash table entries: 2048 (order: 3, 32768 bytes, linear)
[    0.020932] Table-perturb hash table entries: 65536 (order: 6, 262144 bytes, linear)
[    0.020935] TCP established hash table entries: 32768 (order: 6, 262144 bytes, linear)
[    0.020994] TCP bind hash table entries: 32768 (order: 8, 1048576 bytes, linear)
[    0.021148] TCP: Hash tables configured (established 32768 bind 32768)
[    0.021173] UDP hash table entries: 2048 (order: 5, 131072 bytes, linear)
[    0.021204] NET: Registered PF_UNIX/PF_LOCAL protocol family
[    0.021212] PCI: CLS 0 bytes, default 64
[    0.021378] Unpacking initramfs...
[    0.023653] workingset: timestamp_bits=46 (anon: 42) max_order=20 bucket_order=0 (anon: 0)
[    0.023818] 9p: Installing v9fs 9p2000 file system support
[    0.027153] pci-host-generic 4010000000.pcie: host bridge /pcie@10000000 ranges:
[    0.027161] pci-host-generic 4010000000.pcie:       IO 0x003eff0000..0x003effffff -> 0x0000000000
[    0.027164] pci-host-generic 4010000000.pcie:      MEM 0x0010000000..0x003efeffff -> 0x0010000000
[    0.027165] pci-host-generic 4010000000.pcie:      MEM 0x8000000000..0xffffffffff -> 0x8000000000
[    0.027173] pci-host-generic 4010000000.pcie: Memory resource size exceeds max for 32 bits
[    0.027185] pci-host-generic 4010000000.pcie: ECAM at [mem 0x4010000000-0x401fffffff] for [bus 00-ff]
[    0.027200] pci-host-generic 4010000000.pcie: PCI host bridge to bus 0000:00
[    0.027201] pci_bus 0000:00: root bus resource [bus 00-ff]
[    0.027202] pci_bus 0000:00: root bus resource [io  0x0000-0xffff]
[    0.027203] pci_bus 0000:00: root bus resource [mem 0x10000000-0x3efeffff]
[    0.027203] pci_bus 0000:00: root bus resource [mem 0x8000000000-0xffffffffff]
[    0.027241] pci 0000:00:00.0: [1b36:0008] type 00 class 0x060000 conventional PCI endpoint
[    0.027675] pci 0000:00:01.0: [1af4:1000] type 00 class 0x020000 conventional PCI endpoint
[    0.027816] pci 0000:00:01.0: BAR 0 [io  0x0000-0x001f]
[    0.027827] pci 0000:00:01.0: BAR 1 [mem 0x00000000-0x00000fff]
[    0.027835] pci 0000:00:01.0: BAR 4 [mem 0x00000000-0x00003fff 64bit pref]
[    0.027837] pci 0000:00:01.0: ROM [mem 0x00000000-0x0003ffff pref]
[    0.028154] pci 0000:00:02.0: [1af4:1009] type 00 class 0x000200 conventional PCI endpoint
[    0.028278] pci 0000:00:02.0: BAR 0 [io  0x0000-0x003f]
[    0.028281] pci 0000:00:02.0: BAR 1 [mem 0x00000000-0x00000fff]
[    0.028292] pci 0000:00:02.0: BAR 4 [mem 0x00000000-0x00003fff 64bit pref]
[    0.028545] pci 0000:00:03.0: [1af4:1005] type 00 class 0x00ff00 conventional PCI endpoint
[    0.028657] pci 0000:00:03.0: BAR 0 [io  0x0000-0x001f]
[    0.028660] pci 0000:00:03.0: BAR 1 [mem 0x00000000-0x00000fff]
[    0.028682] pci 0000:00:03.0: BAR 4 [mem 0x00000000-0x00003fff 64bit pref]
[    0.028959] pci 0000:00:01.0: ROM [mem 0x10000000-0x1003ffff pref]: assigned
[    0.028961] pci 0000:00:01.0: BAR 4 [mem 0x8000000000-0x8000003fff 64bit pref]: assigned
[    0.028992] pci 0000:00:02.0: BAR 4 [mem 0x8000004000-0x8000007fff 64bit pref]: assigned
[    0.029024] pci 0000:00:03.0: BAR 4 [mem 0x8000008000-0x800000bfff 64bit pref]: assigned
[    0.029041] pci 0000:00:01.0: BAR 1 [mem 0x10040000-0x10040fff]: assigned
[    0.029045] pci 0000:00:02.0: BAR 1 [mem 0x10041000-0x10041fff]: assigned
[    0.029057] pci 0000:00:03.0: BAR 1 [mem 0x10042000-0x10042fff]: assigned
[    0.029062] pci 0000:00:02.0: BAR 0 [io  0x1000-0x103f]: assigned
[    0.029078] pci 0000:00:01.0: BAR 0 [io  0x1040-0x105f]: assigned
[    0.029084] pci 0000:00:03.0: BAR 0 [io  0x1060-0x107f]: assigned
[    0.029089] pci_bus 0000:00: resource 4 [io  0x0000-0xffff]
[    0.029090] pci_bus 0000:00: resource 5 [mem 0x10000000-0x3efeffff]
[    0.029091] pci_bus 0000:00: resource 6 [mem 0x8000000000-0xffffffffff]
[    0.029949] virtio-pci 0000:00:01.0: enabling device (0000 -> 0003)
[    0.030717] virtio-pci 0000:00:02.0: enabling device (0000 -> 0003)
[    0.031588] virtio-pci 0000:00:03.0: enabling device (0000 -> 0003)
[    0.092878] rtc-pl031 9010000.pl031: registered as rtc0
[    0.092908] rtc-pl031 9010000.pl031: setting system clock to 2026-09-27T02:52:23 UTC (1790477543)
[    0.093087] NET: Registered PF_INET6 protocol family
[    0.093451] Segment Routing with IPv6
[    0.093459] In-situ OAM (IOAM) with IPv6
[    0.093466] sit: IPv6, IPv4 and MPLS over IPv4 tunneling driver
[    0.093519] NET: Registered PF_PACKET protocol family
[    0.093525] 9pnet: Installing 9P2000 support
[    0.098267] clk: Disabling unused clocks
[    0.104029] Freeing initrd memory: 153360K
[    0.104461] Freeing unused kernel memory: 576K
[    0.104504] Run /init as init process
[    0.119520] kjit: loading out-of-tree module taints kernel.
[    0.120412] rust_kjit: ######## Rust KJIT inits ########
[    0.120473] rust_kjit: golden tests/arm64/toy_cfg.s:hot_svc_mark PASS: 668 fragment bytes match harness
kjit-init: insmod kjit.ko ok
k4: iteration 1
k2:   toy_loop: in_kernel=199823 entries=199824 exit_mem=0 exit_budget=0 exit_unsupported=0
k2:   mem_loop: in_kernel=39872 entries=59808 exit_mem=0 exit_budget=0 exit_unsupported=19935
k2:   tight_loop: in_kernel=0 entries=1936 exit_mem=0 exit_budget=1936 exit_unsupported=0
k2:   signal_loop: in_kernel=399769 entries=399780 exit_mem=0 exit_budget=0 exit_unsupported=0
k2:   munmap_race: in_kernel=4269241 entries=4269505 exit_mem=0 exit_budget=0 exit_unsupported=0
k2:   seccomp_loop: in_kernel=0 entries=0 exit_mem=0 exit_budget=0 exit_unsupported=0
k2:   ptrace_loop: in_kernel=0 entries=0 exit_mem=0 exit_budget=0 exit_unsupported=0
k2: iteration 1 PASS
k2: ALL PASS (1 iterations, auto=1)
k4-bench: default (redis-benchmark -q -n 100000 ):
k4:     PING_INLINE: 220750.55 requests per second, p50=0.119 msec
k4:     PING_MBULK: 235294.11 requests per second, p50=0.103 msec
k4:     SET: 186219.73 requests per second, p50=0.111 msec
k4:     GET: 233644.86 requests per second, p50=0.111 msec
k4:     INCR: 238663.48 requests per second, p50=0.111 msec
k4:     LPUSH: 246913.58 requests per second, p50=0.119 msec
k4:     RPUSH: 228310.50 requests per second, p50=0.119 msec
k4:     LPOP: 237529.69 requests per second, p50=0.127 msec
k4:     RPOP: 239234.44 requests per second, p50=0.119 msec
k4:     SADD: 243902.44 requests per second, p50=0.111 msec
k4:     HSET: 240384.61 requests per second, p50=0.111 msec
k4:     SPOP: 243309.00 requests per second, p50=0.103 msec
k4:     ZADD: 210084.03 requests per second, p50=0.119 msec
k4:     ZPOPMIN: 253807.11 requests per second, p50=0.103 msec
k4:     LPUSH (needed to benchmark LRANGE): 227790.42 requests per second, p50=0.135 msec
k4:     LRANGE_100 (first 100 elements): 82987.55 requests per second, p50=0.319 msec
k4:     LRANGE_300 (first 300 elements): 30165.91 requests per second, p50=0.839 msec
k4:     LRANGE_500 (first 500 elements): 20329.33 requests per second, p50=1.239 msec
k4:     LRANGE_600 (first 600 elements): 16683.35 requests per second, p50=1.479 msec
k4:     MSET (10 keys): 207039.33 requests per second, p50=0.199 msec
k4:   default: in_kernel=0/4435383 syscalls (0.0%) entries=75180450 chains=70749368 chain_cap=2421285 translated=48 (entry_unsupported=0 compile=0 verify=0 capped=0 neg=0) invalidated=0 released=0
k4:   default: exits svc=0 bl=32529802 blr=1268435 br=1998940 ret=37384397 mem=0 unsupported=1998876 budget=0 invalid=0 svc_declined=0
k4:   default: unsupported_top (word(exits/entry_stops)): 0x4e010c20(1998876/0) 
k4:   default: hot: 75180470 fragment entries, 0 syscalls in kernel before the event
k4-bench: pipelined (redis-benchmark -q -n 100000 -P 16):
k4:     PING_INLINE: 1923076.88 requests per second, p50=0.327 msec
k4:     PING_MBULK: 2380952.50 requests per second, p50=0.263 msec
k4:     SET: 1724138.00 requests per second, p50=0.391 msec
k4:     GET: 1886792.50 requests per second, p50=0.351 msec
k4:     INCR: 1923076.88 requests per second, p50=0.351 msec
k4:     LPUSH: 1449275.38 requests per second, p50=0.479 msec
k4:     RPUSH: 1639344.25 requests per second, p50=0.423 msec
k4:     LPOP: 1369863.00 requests per second, p50=0.511 msec
k4:     RPOP: 1538461.62 requests per second, p50=0.447 msec
k4:     SADD: 1886792.50 requests per second, p50=0.367 msec
k4:     HSET: 1612903.25 requests per second, p50=0.439 msec
k4:     SPOP: 2222222.25 requests per second, p50=0.303 msec
k4:     ZADD: 1515151.50 requests per second, p50=0.471 msec
k4:     ZPOPMIN: 2272727.25 requests per second, p50=0.295 msec
k4:     LPUSH (needed to benchmark LRANGE): 1515151.50 requests per second, p50=0.463 msec
k4:     LRANGE_100 (first 100 elements): 135685.22 requests per second, p50=2.967 msec
k4:     LRANGE_300 (first 300 elements): 33886.82 requests per second, p50=11.903 msec
k4:     LRANGE_500 (first 500 elements): 19849.15 requests per second, p50=16.735 msec
k4:     LRANGE_600 (first 600 elements): 15172.20 requests per second, p50=22.239 msec
k4:     MSET (10 keys): 657894.75 requests per second, p50=1.151 msec
k4:   pipelined: in_kernel=4608/288991 syscalls (1.6%) entries=4746276 chains=4458006 chain_cap=147573 translated=83 (entry_unsupported=0 compile=0 verify=0 capped=0 neg=0) invalidated=0 released=0
k4:   pipelined: exits svc=4608 bl=2082968 blr=62096 br=131606 ret=2338507 mem=0 unsupported=126491 budget=0 invalid=0 svc_declined=0
k4:   pipelined: unsupported_top (word(exits/entry_stops)): 0x4e010c20(125001/0) 0x3d801be0(1490/0) 
k4:   pipelined: hot: 4746315 fragment entries, 4608 syscalls in kernel before the event
k4-bench: clients256 (redis-benchmark -q -n 100000 -c 256):
k4:     PING_INLINE: 246913.58 requests per second, p50=0.447 msec
k4:     PING_MBULK: 265957.47 requests per second, p50=0.455 msec
k4:     SET: 156985.86 requests per second, p50=0.743 msec
k4:     GET: 262467.19 requests per second, p50=0.447 msec
k4:     INCR: 282485.88 requests per second, p50=0.447 msec
k4:     LPUSH: 277777.78 requests per second, p50=0.455 msec
k4:     RPUSH: 249376.56 requests per second, p50=0.471 msec
k4:     LPOP: 210084.03 requests per second, p50=0.663 msec
k4:     RPOP: 213675.22 requests per second, p50=0.647 msec
k4:     SADD: 222717.16 requests per second, p50=0.535 msec
k4:     HSET: 218818.39 requests per second, p50=0.559 msec
k4:     SPOP: 243309.00 requests per second, p50=0.487 msec
k4:     ZADD: 265957.47 requests per second, p50=0.471 msec
k4:     ZPOPMIN: 221729.48 requests per second, p50=0.559 msec
k4:     LPUSH (needed to benchmark LRANGE): 246305.42 requests per second, p50=0.495 msec
k4:     LRANGE_100 (first 100 elements): 88495.58 requests per second, p50=1.431 msec
k4:     LRANGE_300 (first 300 elements): 29815.14 requests per second, p50=4.327 msec
k4:     LRANGE_500 (first 500 elements): 19171.78 requests per second, p50=6.663 msec
k4:     LRANGE_600 (first 600 elements): 16716.82 requests per second, p50=7.607 msec
k4:     MSET (10 keys): 233100.23 requests per second, p50=0.903 msec
k4:   clients256: in_kernel=30726/4468073 syscalls (0.7%) entries=75455863 chains=70988643 chain_cap=2424227 translated=13 (entry_unsupported=0 compile=0 verify=0 capped=0 neg=0) invalidated=0 released=0
k4:   clients256: exits svc=30726 bl=32653125 blr=1236027 br=2045515 ret=37480227 mem=0 unsupported=2010243 budget=0 invalid=0 svc_declined=0
k4:   clients256: unsupported_top (word(exits/entry_stops)): 0x4e010c20(2000001/0) 0x3d801be0(10242/0) 
k4:   clients256: hot: 75455902 fragment entries, 30726 syscalls in kernel before the event
k4-bench: consistency PASS: dbsize 10044 digest 603e069a26083ceb1309ded3186769f0b0809e09 readback sha256 362731776718583235c4f1394cb708151a5c09052efd2c0ace0f6f0f7392fb50 
k4-bench: ALL PASS
[  233.591593] kjit: 0 of 1034 translation requests still queued at unload (freed by the kernel)
[  233.630948] rust_kjit: ######## Rust KJIT exits ########
[  233.754408] rust_kjit: ######## Rust KJIT inits ########
[  233.754503] rust_kjit: golden tests/arm64/toy_cfg.s:hot_svc_mark PASS: 668 fragment bytes match harness
[  234.157496] kjit: 0 of 0 translation requests still queued at unload (freed by the kernel)
[  234.182881] rust_kjit: ######## Rust KJIT exits ########
[  234.302549] rust_kjit: ######## Rust KJIT inits ########
[  234.302596] rust_kjit: golden tests/arm64/toy_cfg.s:hot_svc_mark PASS: 668 fragment bytes match harness
[  234.705834] kjit: 0 of 0 translation requests still queued at unload (freed by the kernel)
[  234.723274] rust_kjit: ######## Rust KJIT exits ########
[  234.846964] rust_kjit: ######## Rust KJIT inits ########
[  234.847381] rust_kjit: golden tests/arm64/toy_cfg.s:hot_svc_mark PASS: 668 fragment bytes match harness
[  235.251436] kjit: 0 of 0 translation requests still queued at unload (freed by the kernel)
[  235.266974] rust_kjit: ######## Rust KJIT exits ########
[  235.387355] rust_kjit: ######## Rust KJIT inits ########
[  235.387655] rust_kjit: golden tests/arm64/toy_cfg.s:hot_svc_mark PASS: 668 fragment bytes match harness
[  235.792169] kjit: 0 of 0 translation requests still queued at unload (freed by the kernel)
[  235.806884] rust_kjit: ######## Rust KJIT exits ########
[  235.928549] rust_kjit: ######## Rust KJIT inits ########
[  235.929028] rust_kjit: golden tests/arm64/toy_cfg.s:hot_svc_mark PASS: 668 fragment bytes match harness
[  247.500965] kjit: 0 of 61 translation requests still queued at unload (freed by the kernel)
[  247.538803] rust_kjit: ######## Rust KJIT exits ########
[  247.659376] rust_kjit: ######## Rust KJIT inits ########
[  247.659420] rust_kjit: golden tests/arm64/toy_cfg.s:hot_svc_mark PASS: 668 fragment bytes match harness
[  248.112989] kjit: 0 of 46 translation requests still queued at unload (freed by the kernel)
[  248.146818] rust_kjit: ######## Rust KJIT exits ########
[  248.270467] rust_kjit: ######## Rust KJIT inits ########
[  248.271094] rust_kjit: golden tests/arm64/toy_cfg.s:hot_svc_mark PASS: 668 fragment bytes match harness
[  248.729189] kjit: 0 of 45 translation requests still queued at unload (freed by the kernel)
[  248.759697] rust_kjit: ######## Rust KJIT exits ########
[  248.880756] rust_kjit: ######## Rust KJIT inits ########
[  248.880791] rust_kjit: golden tests/arm64/toy_cfg.s:hot_svc_mark PASS: 668 fragment bytes match harness
[  249.336343] kjit: 0 of 45 translation requests still queued at unload (freed by the kernel)
[  249.374810] rust_kjit: ######## Rust KJIT exits ########
[  249.495823] rust_kjit: ######## Rust KJIT inits ########
[  249.496134] rust_kjit: golden tests/arm64/toy_cfg.s:hot_svc_mark PASS: 668 fragment bytes match harness
[  249.948998] kjit: 0 of 46 translation requests still queued at unload (freed by the kernel)
[  249.986811] rust_kjit: ######## Rust KJIT exits ########
[  250.118416] rust_kjit: ######## Rust KJIT inits ########
[  250.119023] rust_kjit: golden tests/arm64/toy_cfg.s:hot_svc_mark PASS: 668 fragment bytes match harness
k4-adv: kill9 PASS: kill9 #1: server status 137;kill9 #2: server status 137;kill9 #3: server status 137;
k4:   kill9#1: hot: 8226364 fragment entries, 0 syscalls in kernel before the event
k4:   kill9#2: hot: 6474105 fragment entries, 0 syscalls in kernel before the event
k4:   kill9#3: hot: 7906533 fragment entries, 0 syscalls in kernel before the event
k4:   kill9: in_kernel=0/1604521 syscalls (0.0%) entries=26939017 chains=25341702 chain_cap=851911 translated=183 (entry_unsupported=0 compile=0 verify=0 capped=0 neg=0) invalidated=0 released=183
k4:   kill9: exits svc=0 bl=11638579 blr=473214 br=816186 ret=13276657 mem=0 unsupported=734381 budget=0 invalid=0 svc_declined=0
k4:   kill9: unsupported_top (word(exits/entry_stops)): 0x4e010c20(695327/0) 0x4c407061(39054/0) 
k4-adv: sigterm PASS: TERM: server status 0;sigterm: shutdown and clean exit logged;
k4:   TERM: hot: 8383542 fragment entries, 0 syscalls in kernel before the event
k4:   sigterm: in_kernel=0/624246 syscalls (0.0%) entries=10493905 chains=9872386 chain_cap=330761 translated=61 (entry_unsupported=0 compile=0 verify=0 capped=0 neg=0) invalidated=0 released=61
k4:   sigterm: exits svc=0 bl=4540802 blr=171264 br=314344 ret=5180422 mem=0 unsupported=287073 budget=0 invalid=0 svc_declined=0
k4:   sigterm: unsupported_top (word(exits/entry_stops)): 0x4e010c20(274054/0) 0x4c407061(13019/0) 
k4-adv: sigusr1 PASS: USR1: server status 138;
k4:   USR1: hot: 9206430 fragment entries, 0 syscalls in kernel before the event
k4:   sigusr1: in_kernel=0/631279 syscalls (0.0%) entries=10616234 chains=9987529 chain_cap=335958 translated=61 (entry_unsupported=0 compile=0 verify=0 capped=0 neg=0) invalidated=0 released=61
k4:   sigusr1: exits svc=0 bl=4589965 blr=180906 br=316342 ret=5239945 mem=0 unsupported=289076 budget=0 invalid=0 svc_declined=0
k4:   sigusr1: unsupported_top (word(exits/entry_stops)): 0x4e010c20(276058/0) 0x4c407061(13018/0) 
k4-adv: stopcont PASS: stopcont: load status 0;dbsize 10045 digest a595c3aec0dfe15c636c10750e98bb92f179efe8;
k4:   stopcont: hot: 9042686 fragment entries, 0 syscalls in kernel before the event
k4:   stopcont: in_kernel=0/4664152 syscalls (0.0%) entries=79135162 chains=74475172 chain_cap=2543478 translated=61 (entry_unsupported=0 compile=0 verify=0 capped=0 neg=0) invalidated=0 released=61
k4:   stopcont: exits svc=0 bl=34241615 blr=1334808 br=2139239 ret=39307533 mem=0 unsupported=2111967 budget=0 invalid=0 svc_declined=0
k4:   stopcont: unsupported_top (word(exits/entry_stops)): 0x4e010c20(2098948/0) 0x4c407061(13019/0) 
k4-adv: segfault PASS: segfault: server status 139;crashed by signal: 11, si_code: 2;Accessing address: <page-aligned>;segfault: stack trace names debugCommand: yes;segfault: core files 1;
k4:   segfault: hot: 8384661 fragment entries, 0 syscalls in kernel before the event
k4:   segfault: in_kernel=0/596360 syscalls (0.0%) entries=10001674 chains=9409033 chain_cap=314906 translated=61 (entry_unsupported=0 compile=0 verify=0 capped=0 neg=0) invalidated=0 released=61
k4:   segfault: exits svc=0 bl=4327717 blr=163056 br=301235 ret=4935702 mem=0 unsupported=273964 budget=0 invalid=0 svc_declined=0
k4:   segfault: unsupported_top (word(exits/entry_stops)): 0x4e010c20(260940/0) 0x4c407061(13024/0) 
k4-adv: bgsave PASS: bgsave: load status 0;bgsave: before restart dbsize 10045 digest a595c3aec0dfe15c636c10750e98bb92f179efe8;bgsave: redis-check-rdb ok;bgsave: after restart dbsize 10045 digest a595c3aec0dfe15c636c10750
k4:   bgsave: hot: 9563850 fragment entries, 0 syscalls in kernel before the event
k4:   bgsave: in_kernel=0/4566938 syscalls (0.0%) entries=77364490 chains=72808506 chain_cap=2439263 translated=61 (entry_unsupported=0 compile=0 verify=0 capped=0 neg=0) invalidated=0 released=61
k4:   bgsave: exits svc=0 bl=33616712 blr=1022119 br=2139265 ret=38474397 mem=0 unsupported=2111997 budget=0 invalid=0 svc_declined=0
k4:   bgsave: unsupported_top (word(exits/entry_stops)): 0x4e010c20(2098978/0) 0x4c407061(13019/0) 
k4-adv: aofrw PASS: aofrw: load status 0;aofrw: before restart dbsize 10045 digest a595c3aec0dfe15c636c10750e98bb92f179efe8;aofrw: after restart from the AOF dbsize 10045 digest a595c3aec0dfe15c636c10750e98bb92f179efe8;
k4:   aofrw: hot: 9730013 fragment entries, 0 syscalls in kernel before the event
k4:   aofrw: in_kernel=0/4650212 syscalls (0.0%) entries=77259355 chains=72618516 chain_cap=2402975 translated=108 (entry_unsupported=0 compile=0 verify=0 capped=0 neg=0) invalidated=0 released=108
k4:   aofrw: exits svc=0 bl=33534769 blr=908143 br=2140906 ret=38445863 mem=0 unsupported=2229674 budget=0 invalid=0 svc_declined=0
k4:   aofrw: unsupported_top (word(exits/entry_stops)): 0x4e010c20(2098953/0) 0x4e080ec0(115564/0) 0x4c407061(14875/0) 0x3dc00020(282/0) 
k4-adv: config PASS: config: 5 module load/unload and config set rounds ok;config: load status 0; misc module still loaded: 0;dbsize 10045 digest a595c3aec0dfe15c636c10750e98bb92f179efe8;
k4:   config: hot: 9046601 fragment entries, 0 syscalls in kernel before the event
k4:   config: in_kernel=0/4654650 syscalls (0.0%) entries=78820847 chains=74178744 chain_cap=2419892 translated=68 (entry_unsupported=0 compile=0 verify=0 capped=0 neg=0) invalidated=0 released=68
k4:   config: exits svc=0 bl=34445142 blr=650107 br=2328263 ret=39180577 mem=0 unsupported=2216758 budget=0 invalid=0 svc_declined=0
k4:   config: unsupported_top (word(exits/entry_stops)): 0x4e010c20(2203739/0) 0x4c407061(13019/0) 
k4-adv: reload PASS: reload: 5 unloads under load; load status 0; ping PONG;dbsize 10045 digest 8630698fcae208583f0c9e6fe598b8d0226d4767;
k4:   reload: hot: 9724130 fragment entries, 0 syscalls in kernel before the event
k4:   reload: counters of the last load: syscalls_in_kernel 0 fragment_entries 67486683 exit_invalid 0 translate_verify_rejected 0 
k4-adv: maxmemory PASS: maxmemory: evicted yes;maxmemory: used within 32mb+1mb yes;maxmemory: noeviction write: OOM command not allowed when used memory;maxmemory: after lifting the limit: OK;
k4:   maxmemory: hot: 6924810 fragment entries, 0 syscalls in kernel before the event
k4:   maxmemory: in_kernel=0/840365 syscalls (0.0%) entries=14202098 chains=13365211 chain_cap=435079 translated=46 (entry_unsupported=0 compile=0 verify=0 capped=0 neg=0) invalidated=0 released=46
k4:   maxmemory: exits svc=0 bl=6210251 blr=109573 br=399018 ret=7084302 mem=0 unsupported=398954 budget=0 invalid=0 svc_declined=0
k4:   maxmemory: unsupported_top (word(exits/entry_stops)): 0x4e010c20(398954/0) 
k4-adv: ALL PASS
k4: iteration 1 PASS
k4: final stats
k4:   syscalls_in_kernel 0
k4:   fragment_entries 81688781
k4:   chains 76880277
k4:   chain_cap 2555909
k4:   exit_svc 0
k4:   exit_bl 35572527
k4:   exit_blr 930601
k4:   exit_br 2246626
k4:   exit_ret 40692529
k4:   exit_mem 0
k4:   exit_unsupported 2246498
k4:   exit_budget 0
k4:   exit_invalid 0
k4:   svc_declined 0
k4:   translate_ok 92
k4:   translate_exists 0
k4:   translate_text_unreadable 0
k4:   translate_entry_unsupported 0
k4:   translate_compile_failed 0
k4:   translate_encode_failed 0
k4:   translate_verify_rejected 0
k4:   translate_verify_falls_off_end 0
k4:   translate_raced 1
k4:   translate_capped 0
k4:   translate_install_failed 0
k4:   invalidated_fragments 0
k4:   released_fragments 92
k4:   svc_sites_scanned 0
k4:   auto_mm_created 73
k4:   auto_mm_setup_failed 0
k4:   auto_prof_full 0
k4:   auto_hot_negative 0
k4:   auto_hot_capped 0
k4:   auto_hot_queue_full 0
k4:   auto_req_svc_resume 8
k4:   auto_req_exit_target 84
k4:   auto_req_dropped 0
k4:   auto_req_stale 0
k4:   auto_neg_added 0
k4:   auto_neg_evicted 0
k4:   auto_translate_ns 14976421
k4:   unsupported_top_dropped 0
k4:   unsupported_bad_word 0
k4:   hook_calls 4813924
k4: ALL PASS (1 iterations, 100000 requests per benchmark test)
[  263.005509] kjit: 0 of 92 translation requests still queued at unload (freed by the kernel)
[  263.027582] rust_kjit: ######## Rust KJIT exits ########
kjit-init: rmmod kjit ok
kjit-init: run exit=0
[  263.053352] reboot: Power down
