k4-adv: kill9 PASS: kill9 #1: server status 137;kill9 #2: server status 137;kill9 #3: server status 137;
k4:   kill9#1: hot: 1773496 fragment entries, 0 syscalls in kernel before the event
k4:   kill9#2: hot: 1820389 fragment entries, 0 syscalls in kernel before the event
k4:   kill9#3: hot: 1682145 fragment entries, 0 syscalls in kernel before the event
k4:   kill9: in_kernel=0/420392 syscalls (0.0%) entries=6924849 chains=6511659 chain_cap=401265 translated=198 (entry_unsupported=0 compile=0 verify=0 capped=0 neg=0) invalidated=0 released=198
k4:   kill9: exits svc=0 bl=2884592 blr=362142 br=253571 ret=3424544 mem=0 unsupported=0 budget=0 invalid=0 svc_declined=0
k4:   kill9: fpsimd entries=171767 restores=1 exit_mem=0 refused_sve_sme=0
k4:   kill9: unsupported_top (word(exits/entry_stops)): 
k4-adv: sigterm PASS: TERM: server status 0;sigterm: shutdown and clean exit logged;
k4:   TERM: hot: 1747363 fragment entries, 0 syscalls in kernel before the event
k4:   sigterm: in_kernel=0/148659 syscalls (0.0%) entries=2448423 chains=2302442 chain_cap=141996 translated=66 (entry_unsupported=0 compile=0 verify=0 capped=0 neg=0) invalidated=0 released=66
k4:   sigterm: exits svc=0 bl=1019332 blr=128758 br=87306 ret=1213027 mem=0 unsupported=0 budget=0 invalid=0 svc_declined=0
k4:   sigterm: fpsimd entries=60036 restores=1 exit_mem=0 refused_sve_sme=0
k4:   sigterm: unsupported_top (word(exits/entry_stops)): 
k4-adv: sigusr1 PASS: USR1: server status 138;
k4:   USR1: hot: 1800805 fragment entries, 0 syscalls in kernel before the event
k4:   sigusr1: in_kernel=0/145095 syscalls (0.0%) entries=2389997 chains=2247462 chain_cap=138562 translated=66 (entry_unsupported=0 compile=0 verify=0 capped=0 neg=0) invalidated=0 released=66
k4:   sigusr1: exits svc=0 bl=993744 blr=128389 br=85652 ret=1182212 mem=0 unsupported=0 budget=0 invalid=0 svc_declined=0
k4:   sigusr1: fpsimd entries=58381 restores=0 exit_mem=0 refused_sve_sme=0
k4:   sigusr1: unsupported_top (word(exits/entry_stops)): 
k4-adv: stopcont PASS: stopcont: load status 0;dbsize 10045 digest a595c3aec0dfe15c636c10750e98bb92f179efe8;
k4:   stopcont: hot: 1755483 fragment entries, 0 syscalls in kernel before the event
k4:   stopcont: in_kernel=0/5849639 syscalls (0.0%) entries=99302922 chains=93458483 chain_cap=5839107 translated=66 (entry_unsupported=0 compile=0 verify=0 capped=0 neg=0) invalidated=0 released=66
k4:   stopcont: exits svc=0 bl=41358849 blr=4908625 br=2139249 ret=50896199 mem=0 unsupported=0 budget=0 invalid=0 svc_declined=0
k4:   stopcont: fpsimd entries=2111977 restores=1 exit_mem=0 refused_sve_sme=0
k4:   stopcont: unsupported_top (word(exits/entry_stops)): 
k4-adv: segfault PASS: segfault: server status 139;crashed by signal: 11, si_code: 2;Accessing address: <page-aligned>;segfault: stack trace names debugCommand: yes;segfault: core files 1;
k4:   segfault: hot: 1808064 fragment entries, 0 syscalls in kernel before the event
k4:   segfault: in_kernel=0/145044 syscalls (0.0%) entries=2367784 chains=2226458 chain_cap=137234 translated=66 (entry_unsupported=0 compile=0 verify=0 capped=0 neg=0) invalidated=0 released=66
k4:   segfault: exits svc=0 bl=984745 blr=126707 br=85253 ret=1171079 mem=0 unsupported=0 budget=0 invalid=0 svc_declined=0
k4:   segfault: fpsimd entries=57994 restores=0 exit_mem=0 refused_sve_sme=0
k4:   segfault: unsupported_top (word(exits/entry_stops)): 
k4-adv: bgsave PASS: bgsave: load status 0;bgsave: before restart dbsize 10045 digest a595c3aec0dfe15c636c10750e98bb92f179efe8;bgsave: redis-check-rdb ok;bgsave: after restart dbsize 10045 digest a595c3aec0dfe15c636c10750
k4:   bgsave: hot: 1770460 fragment entries, 0 syscalls in kernel before the event
k4:   bgsave: in_kernel=0/5913626 syscalls (0.0%) entries=100274601 chains=94372835 chain_cap=5896236 translated=67 (entry_unsupported=0 compile=0 verify=0 capped=0 neg=0) invalidated=0 released=67
k4:   bgsave: exits svc=0 bl=41701817 blr=5079892 br=2139273 ret=51353619 mem=0 unsupported=0 budget=0 invalid=0 svc_declined=0
k4:   bgsave: fpsimd entries=2112000 restores=0 exit_mem=0 refused_sve_sme=0
k4:   bgsave: unsupported_top (word(exits/entry_stops)): 
k4-adv: aofrw PASS: aofrw: load status 0;aofrw: before restart dbsize 10045 digest a595c3aec0dfe15c636c10750e98bb92f179efe8;aofrw: after restart from the AOF dbsize 10045 digest a595c3aec0dfe15c636c10750e98bb92f179efe8;
k4:   aofrw: hot: 1887318 fragment entries, 0 syscalls in kernel before the event
k4:   aofrw: in_kernel=0/5025434 syscalls (0.0%) entries=85130392 chains=80117092 chain_cap=5002553 translated=127 (entry_unsupported=0 compile=0 verify=0 capped=0 neg=0) invalidated=0 released=127
k4:   aofrw: exits svc=0 bl=36764455 blr=1984209 br=2141840 ret=44239888 mem=0 unsupported=0 budget=0 invalid=0 svc_declined=0
k4:   aofrw: fpsimd entries=2390526 restores=16 exit_mem=0 refused_sve_sme=0
k4:   aofrw: unsupported_top (word(exits/entry_stops)): 
k4-adv: config PASS: config: 5 module load/unload and config set rounds ok;config: load status 0; misc module still loaded: 0;dbsize 10045 digest a595c3aec0dfe15c636c10750e98bb92f179efe8;
k4:   config: hot: 1773406 fragment entries, 0 syscalls in kernel before the event
k4:   config: in_kernel=0/5837957 syscalls (0.0%) entries=98950740 chains=93126327 chain_cap=5818076 translated=75 (entry_unsupported=0 compile=0 verify=0 capped=0 neg=0) invalidated=0 released=75
k4:   config: exits svc=0 bl=42439156 blr=2436832 br=2593108 ret=51481644 mem=0 unsupported=0 budget=0 invalid=0 svc_declined=0
k4:   config: fpsimd entries=2513494 restores=0 exit_mem=0 refused_sve_sme=0
k4:   config: unsupported_top (word(exits/entry_stops)): 
k4-adv: reload PASS: reload: 5 unloads under load; load status 0; ping PONG;dbsize 10045 digest 8630698fcae208583f0c9e6fe598b8d0226d4767;
k4:   reload: hot: 1810325 fragment entries, 0 syscalls in kernel before the event
k4:   reload: counters of the last load: syscalls_in_kernel 0 fragment_entries 124846189 exit_invalid 0 translate_verify_rejected 0 
k4-adv: maxmemory PASS: maxmemory: evicted yes;maxmemory: used within 32mb+1mb yes;maxmemory: noeviction write: OOM command not allowed when used memory;maxmemory: after lifting the limit: OK;
k4:   maxmemory: hot: 1770409 fragment entries, 0 syscalls in kernel before the event
k4:   maxmemory: in_kernel=0/1117271 syscalls (0.0%) entries=18905939 chains=17792290 chain_cap=1110715 translated=46 (entry_unsupported=0 compile=0 verify=0 capped=0 neg=0) invalidated=0 released=46
k4:   maxmemory: exits svc=0 bl=7870425 blr=939621 br=399018 ret=9696875 mem=0 unsupported=0 budget=0 invalid=0 svc_declined=0
k4:   maxmemory: fpsimd entries=398954 restores=0 exit_mem=0 refused_sve_sme=0
k4:   maxmemory: unsupported_top (word(exits/entry_stops)): 
k4-adv: ALL PASS
