[    0.000000] Booting Linux on physical CPU 0x0000000000 [0x610f0000]
[    0.000000] Linux version 7.1.0-rc1+ (@kjit-dev-container) (Ubuntu clang version 18.1.3 (1ubuntu1), Ubuntu LLD 18.1.3) #1 SMP PREEMPT Fri Oct  9 14:56:16 UTC 2026
[    0.000000] random: crng init done
[    0.000000] Machine model: linux,dummy-virt
[    0.000000] OF: reserved mem: Reserved memory: No reserved-memory node in the DT
[    0.000000] psci: probing for conduit method from DT.
[    0.000000] psci: PSCIv1.1 detected in firmware.
[    0.000000] psci: Using standard PSCI v0.2 function IDs
[    0.000000] psci: Trusted OS migration not required
[    0.000000] psci: SMC Calling Convention v1.0
[    0.000000] Zone ranges:
[    0.000000]   Normal   [mem 0x0000000040000000-0x000000013fffffff]
[    0.000000] Movable zone start for each node
[    0.000000] Early memory node ranges
[    0.000000]   node   0: [mem 0x0000000040000000-0x000000013fffffff]
[    0.000000] Initmem setup node 0 [mem 0x0000000040000000-0x000000013fffffff]
[    0.000000] percpu: Embedded 19 pages/cpu s38488 r8192 d31144 u77824
[    0.000000] Detected PIPT I-cache on CPU0
[    0.000000] CPU features: detected: Address authentication (IMP DEF algorithm)
[    0.000000] CPU features: detected: Spectre-v4
[    0.000000] CPU features: detected: Spectre-BHB
[    0.000000] alternatives: applying boot alternatives
[    0.000000] Kernel command line: console=ttyAMA0 panic=-1 nokaslr
[    0.000000] Unknown kernel command line parameters "nokaslr", will be passed to user space.
[    0.000000] printk: log buffer data + meta data: 131072 + 458752 = 589824 bytes
[    0.000000] Dentry cache hash table entries: 524288 (order: 10, 4194304 bytes, linear)
[    0.000000] Inode-cache hash table entries: 262144 (order: 9, 2097152 bytes, linear)
[    0.000000] software IO TLB: SWIOTLB bounce buffer size adjusted to 4MB
[    0.000000] software IO TLB: area num 4.
[    0.000000] software IO TLB: mapped [mem 0x000000013ac00000-0x000000013b000000] (4MB)
[    0.000000] Built 1 zonelists, mobility grouping on.  Total pages: 1048576
[    0.000000] mem auto-init: stack:all(zero), heap alloc:off, heap free:off
[    0.000000] SLUB: HWalign=64, Order=0-3, MinObjects=0, CPUs=4, Nodes=1
[    0.000000] rcu: Preemptible hierarchical RCU implementation.
[    0.000000] rcu: 	RCU restricting CPUs from NR_CPUS=512 to nr_cpu_ids=4.
[    0.000000] rcu: RCU calculated value of scheduler-enlistment delay is 25 jiffies.
[    0.000000] rcu: Adjusting geometry for rcu_fanout_leaf=16, nr_cpu_ids=4
[    0.000000] NR_IRQS: 64, nr_irqs: 64, preallocated irqs: 0
[    0.000000] Root IRQ handler: gic_handle_irq
[    0.000000] GICv2m: range[mem 0x08020000-0x08020fff], SPI[80:143]
[    0.000000] rcu: srcu_init: Setting srcu_struct sizes based on contention.
[    0.000000] arch_timer: cp15 timer running at 24.00MHz (virt).
[    0.000000] clocksource: arch_sys_counter: mask: 0xffffffffffffff max_cycles: 0x588fe9dc0, max_idle_ns: 440795202592 ns
[    0.000000] sched_clock: 56 bits at 24MHz, resolution 41ns, wraps every 4398046511097ns
[    0.000182] Console: colour dummy device 80x25
[    0.000191] Calibrating delay loop (skipped), value calculated using timer frequency.. 48.00 BogoMIPS (lpj=96000)
[    0.000195] pid_max: default: 32768 minimum: 301
[    0.000352] Mount-cache hash table entries: 8192 (order: 4, 65536 bytes, linear)
[    0.000360] Mountpoint-cache hash table entries: 8192 (order: 4, 65536 bytes, linear)
[    0.000438] VFS: Finished mounting rootfs on nullfs
[    0.000585] cacheinfo: Unable to detect cache hierarchy for CPU 0
[    0.000696] rcu: Hierarchical SRCU implementation.
[    0.000696] rcu: 	Max phase no-delay instances is 1000.
[    0.000762] Timer migration: 1 hierarchy levels; 8 children per group; 1 crossnode level
[    0.000796] smp: Bringing up secondary CPUs ...
[    0.000989] Detected PIPT I-cache on CPU1
[    0.001064] CPU1: Booted secondary processor 0x0000000001 [0x610f0000]
[    0.001289] Detected PIPT I-cache on CPU2
[    0.001380] CPU2: Booted secondary processor 0x0000000002 [0x610f0000]
[    0.001593] Detected PIPT I-cache on CPU3
[    0.001697] CPU3: Booted secondary processor 0x0000000003 [0x610f0000]
[    0.001822] smp: Brought up 1 node, 4 CPUs
[    0.001824] SMP: Total of 4 processors activated.
[    0.001824] CPU: All CPU(s) started at EL1
[    0.001825] CPU features: detected: ARMv8.4 Translation Table Level
[    0.001825] CPU features: detected: Data cache clean to the PoU not required for I/D coherence
[    0.001826] CPU features: detected: CRC32 instructions
[    0.001826] CPU features: detected: Data independent timing control (DIT)
[    0.001827] CPU features: detected: E0PD
[    0.001827] CPU features: detected: Generic authentication (IMP DEF algorithm)
[    0.001828] CPU features: detected: RCpc load-acquire (LDAPR)
[    0.001828] CPU features: detected: LSE atomic instructions
[    0.001829] CPU features: detected: Privileged Access Never
[    0.001829] CPU features: detected: Speculation barrier (SB)
[    0.001829] CPU features: detected: TLB range maintenance instructions
[    0.001830] CPU features: detected: XNX
[    0.001921] alternatives: applying system-wide alternatives
[    0.002916] Memory: 3910752K/4194304K available (5248K kernel code, 754K rwdata, 2356K rodata, 576K init, 405K bss, 280372K reserved, 0K cma-reserved)
[    0.003168] devtmpfs: initialized
[    0.003426] clocksource: jiffies: mask: 0xffffffff max_cycles: 0xffffffff, max_idle_ns: 7645041785100000 ns
[    0.003429] posixtimers hash table entries: 2048 (order: 3, 32768 bytes, linear)
[    0.003443] futex hash table entries: 1024 (65536 bytes on 1 NUMA nodes, total 64 KiB, linear).
[    0.003447] 30384 pages in range for non-PLT usage
[    0.003450] 521904 pages in range for PLT usage
[    0.003502] NET: Registered PF_NETLINK/PF_ROUTE protocol family
[    0.003949] DMA: preallocated 512 KiB GFP_KERNEL pool for atomic allocations
[    0.003979] ASID allocator initialised with 256 entries
[    0.003986] Serial: AMBA PL011 UART driver
[    0.004380] 9000000.pl011: ttyAMA0 at MMIO 0x9000000 (irq = 13, base_baud = 0) is a PL011 rev1
[    0.004480] printk: console [ttyAMA0] enabled
[    0.010565] vgaarb: loaded
[    0.010938] clocksource: Switched to clocksource arch_sys_counter
[    0.021057] NET: Registered PF_INET protocol family
[    0.021123] IP idents hash table entries: 65536 (order: 7, 524288 bytes, linear)
[    0.021539] tcp_listen_portaddr_hash hash table entries: 2048 (order: 3, 32768 bytes, linear)
[    0.021544] Table-perturb hash table entries: 65536 (order: 6, 262144 bytes, linear)
[    0.021547] TCP established hash table entries: 32768 (order: 6, 262144 bytes, linear)
[    0.021599] TCP bind hash table entries: 32768 (order: 8, 1048576 bytes, linear)
[    0.021758] TCP: Hash tables configured (established 32768 bind 32768)
[    0.021795] UDP hash table entries: 2048 (order: 5, 131072 bytes, linear)
[    0.021825] NET: Registered PF_UNIX/PF_LOCAL protocol family
[    0.021831] PCI: CLS 0 bytes, default 64
[    0.022068] Unpacking initramfs...
[    0.023463] workingset: timestamp_bits=46 (anon: 42) max_order=20 bucket_order=0 (anon: 0)
[    0.023628] 9p: Installing v9fs 9p2000 file system support
[    0.024174] pci-host-generic 4010000000.pcie: host bridge /pcie@10000000 ranges:
[    0.024179] pci-host-generic 4010000000.pcie:       IO 0x003eff0000..0x003effffff -> 0x0000000000
[    0.024182] pci-host-generic 4010000000.pcie:      MEM 0x0010000000..0x003efeffff -> 0x0010000000
[    0.024183] pci-host-generic 4010000000.pcie:      MEM 0x8000000000..0xffffffffff -> 0x8000000000
[    0.024190] pci-host-generic 4010000000.pcie: Memory resource size exceeds max for 32 bits
[    0.024199] pci-host-generic 4010000000.pcie: ECAM at [mem 0x4010000000-0x401fffffff] for [bus 00-ff]
[    0.024211] pci-host-generic 4010000000.pcie: PCI host bridge to bus 0000:00
[    0.024212] pci_bus 0000:00: root bus resource [bus 00-ff]
[    0.024213] pci_bus 0000:00: root bus resource [io  0x0000-0xffff]
[    0.024213] pci_bus 0000:00: root bus resource [mem 0x10000000-0x3efeffff]
[    0.024214] pci_bus 0000:00: root bus resource [mem 0x8000000000-0xffffffffff]
[    0.024235] pci 0000:00:00.0: [1b36:0008] type 00 class 0x060000 conventional PCI endpoint
[    0.024567] pci 0000:00:01.0: [1af4:1000] type 00 class 0x020000 conventional PCI endpoint
[    0.024731] pci 0000:00:01.0: BAR 0 [io  0x0000-0x001f]
[    0.024745] pci 0000:00:01.0: BAR 1 [mem 0x00000000-0x00000fff]
[    0.024759] pci 0000:00:01.0: BAR 4 [mem 0x00000000-0x00003fff 64bit pref]
[    0.024762] pci 0000:00:01.0: ROM [mem 0x00000000-0x0003ffff pref]
[    0.025125] pci 0000:00:02.0: [1af4:1009] type 00 class 0x000200 conventional PCI endpoint
[    0.025275] pci 0000:00:02.0: BAR 0 [io  0x0000-0x003f]
[    0.025279] pci 0000:00:02.0: BAR 1 [mem 0x00000000-0x00000fff]
[    0.025288] pci 0000:00:02.0: BAR 4 [mem 0x00000000-0x00003fff 64bit pref]
[    0.025657] pci 0000:00:03.0: [1af4:1005] type 00 class 0x00ff00 conventional PCI endpoint
[    0.025782] pci 0000:00:03.0: BAR 0 [io  0x0000-0x001f]
[    0.025785] pci 0000:00:03.0: BAR 1 [mem 0x00000000-0x00000fff]
[    0.025792] pci 0000:00:03.0: BAR 4 [mem 0x00000000-0x00003fff 64bit pref]
[    0.026194] pci 0000:00:01.0: ROM [mem 0x10000000-0x1003ffff pref]: assigned
[    0.026195] pci 0000:00:01.0: BAR 4 [mem 0x8000000000-0x8000003fff 64bit pref]: assigned
[    0.026224] pci 0000:00:02.0: BAR 4 [mem 0x8000004000-0x8000007fff 64bit pref]: assigned
[    0.026239] pci 0000:00:03.0: BAR 4 [mem 0x8000008000-0x800000bfff 64bit pref]: assigned
[    0.026255] pci 0000:00:01.0: BAR 1 [mem 0x10040000-0x10040fff]: assigned
[    0.026259] pci 0000:00:02.0: BAR 1 [mem 0x10041000-0x10041fff]: assigned
[    0.026270] pci 0000:00:03.0: BAR 1 [mem 0x10042000-0x10042fff]: assigned
[    0.026274] pci 0000:00:02.0: BAR 0 [io  0x1000-0x103f]: assigned
[    0.026278] pci 0000:00:01.0: BAR 0 [io  0x1040-0x105f]: assigned
[    0.026286] pci 0000:00:03.0: BAR 0 [io  0x1060-0x107f]: assigned
[    0.026298] pci_bus 0000:00: resource 4 [io  0x0000-0xffff]
[    0.026299] pci_bus 0000:00: resource 5 [mem 0x10000000-0x3efeffff]
[    0.026300] pci_bus 0000:00: resource 6 [mem 0x8000000000-0xffffffffff]
[    0.027229] virtio-pci 0000:00:01.0: enabling device (0000 -> 0003)
[    0.027864] virtio-pci 0000:00:02.0: enabling device (0000 -> 0003)
[    0.028570] virtio-pci 0000:00:03.0: enabling device (0000 -> 0003)
[    0.089395] rtc-pl031 9010000.pl031: registered as rtc0
[    0.089430] rtc-pl031 9010000.pl031: setting system clock to 2026-10-10T01:36:21 UTC (1791596181)
[    0.089567] NET: Registered PF_INET6 protocol family
[    0.090020] Segment Routing with IPv6
[    0.090027] In-situ OAM (IOAM) with IPv6
[    0.090035] sit: IPv6, IPv4 and MPLS over IPv4 tunneling driver
[    0.090085] NET: Registered PF_PACKET protocol family
[    0.090090] 9pnet: Installing 9P2000 support
[    0.094701] clk: Disabling unused clocks
[    0.113519] Freeing initrd memory: 185352K
[    0.113982] Freeing unused kernel memory: 576K
[    0.114037] Run /init as init process
[    0.131169] kjit: loading out-of-tree module taints kernel.
[    0.132000] rust_kjit: ######## Rust KJIT inits ########
[    0.132054] rust_kjit: golden tests/arm64/toy_cfg.s:hot_svc_mark PASS: 844 fragment bytes match harness
kjit-init: insmod kjit.ko ok
FACT cmdline: console=ttyAMA0 panic=-1 nokaslr
FACT spec_store_bypass: Vulnerable
FACT dmesg [    0.000000] CPU features: detected: Spectre-v4
exp1 ids midr=0x610f0000 id_aa64pfr1=0x0 pfr1.ssbs=0 sctlr_el1=0xfc74799d
exp1 exp_freq ps_per_op median=321 min=319 (outer=6666666 trips_per_outer=1 ops=8)
exp1 exp_loop ps_per_op median=319 min=310 (outer=20000000 trips_per_outer=1 ops=1)
exp1 exp_fwd ps_per_op median=1476 min=1462 (outer=10000000 trips_per_outer=1 ops=1)
exp1 exp_rmw1 ps_per_op median=2130 min=2091 (outer=6666666 trips_per_outer=1 ops=1)
exp1 exp_rmw2 ps_per_op median=2098 min=2085 (outer=4000000 trips_per_outer=1 ops=2)
exp1 exp_rmw3 ps_per_op median=2122 min=2065 (outer=2857142 trips_per_outer=1 ops=3)
exp1 exp_rmw4 ps_per_op median=2046 min=2024 (outer=2000000 trips_per_outer=1 ops=4)
exp1 exp_rmw1_sp ps_per_op median=2137 min=2107 (outer=6666666 trips_per_outer=1 ops=1)
exp1 exp_rmw2_indep ps_per_op median=1030 min=1020 (outer=6666666 trips_per_outer=1 ops=2)
exp1 exp_rmw4_indep ps_per_op median=542 min=539 (outer=6666666 trips_per_outer=1 ops=4)
exp1 exp_reg1 ps_per_op median=316 min=311 (outer=20000000 trips_per_outer=1 ops=1)
exp1 exp_reg3 ps_per_op median=355 min=352 (outer=10000000 trips_per_outer=1 ops=3)
exp1 exp_rmw_every4 ps_per_op median=132 min=131 (outer=20000000 trips_per_outer=1 ops=4)
exp1 exp_strlen_native ps_per_op median=322 min=316 (outer=30721 trips_per_outer=2048 ops=1)
exp1 exp_strlen_ldtr ps_per_op median=318 min=317 (outer=30165 trips_per_outer=2048 ops=1)
exp1 exp_strlen_rmw ps_per_op median=2105 min=2096 (outer=4588 trips_per_outer=2048 ops=1)
exp1 exp_strlen_reg ps_per_op median=321 min=316 (outer=30864 trips_per_outer=2048 ops=1)
exp1 exp_strlen_plain_rmw ps_per_op median=2119 min=2083 (outer=4592 trips_per_outer=2048 ops=1)
exp1 exp_hash_native ps_per_op median=932 min=931 (outer=10325 trips_per_outer=2048 ops=1)
exp1 exp_hash_ldtr ps_per_op median=970 min=940 (outer=10277 trips_per_outer=2048 ops=1)
exp1 exp_hash_rmw ps_per_op median=2194 min=2180 (outer=4335 trips_per_outer=2048 ops=1)
exp1 exp_copyb_native ps_per_op median=315 min=314 (outer=30864 trips_per_outer=2048 ops=1)
exp1 exp_copyb_ldtr ps_per_op median=318 min=315 (outer=30911 trips_per_outer=2048 ops=1)
exp1 exp_copyb_rmw ps_per_op median=2049 min=2033 (outer=4679 trips_per_outer=2048 ops=1)
exp1 exp_copy16_native ps_per_op median=372 min=371 (outer=408163 trips_per_outer=128 ops=1)
exp1 exp_copy16_ldtr ps_per_op median=528 min=524 (outer=289855 trips_per_outer=128 ops=1)
exp1 exp_copy16_rmw ps_per_op median=2049 min=2032 (outer=75757 trips_per_outer=128 ops=1)
exp1 exp_simd_plain ps_per_op median=388 min=387 (outer=769230 trips_per_outer=64 ops=1)
exp1 exp_simd_plain_rmw ps_per_op median=2053 min=2035 (outer=151515 trips_per_outer=64 ops=1)
exp1 exp_simd_win1_rmw ps_per_op median=15001 min=14927 (outer=20554 trips_per_outer=64 ops=1)
exp1 exp_simd_win1_nobud ps_per_op median=14980 min=14924 (outer=20876 trips_per_outer=64 ops=1)
exp1 exp_simd_win1_reg ps_per_op median=15231 min=15042 (outer=20920 trips_per_outer=64 ops=1)
exp1 exp_simd_win2_rmw ps_per_op median=7607 min=7559 (outer=41753 trips_per_outer=64 ops=1)
exp1 exp_simd_win2_reg ps_per_op median=7583 min=7567 (outer=41322 trips_per_outer=64 ops=1)
exp1 exp_simd_nopan_rmw ps_per_op median=2100 min=2071 (outer=151515 trips_per_outer=64 ops=1)
exp1 exp_simd_nopan_nobud ps_per_op median=582 min=557 (outer=500000 trips_per_outer=64 ops=1)
exp1 exp_pan_pair ps_per_op median=4130 min=4054 (outer=4000000 trips_per_outer=1 ops=1)
exp1 exp_pan_win_ldp ps_per_op median=7584 min=7486 (outer=2500000 trips_per_outer=1 ops=1)
exp1 exp_pan_nowin_ldp ps_per_op median=311 min=310 (outer=20000000 trips_per_outer=1 ops=1)
exp1 exp_pan_win_ldr ps_per_op median=7595 min=7457 (outer=2500000 trips_per_outer=1 ops=1)
exp1 exp_calls_native ps_per_op median=1591 min=1553 (outer=10000000 trips_per_outer=1 ops=1)
exp1 exp_calls_all ps_per_op median=6190 min=6109 (outer=2857142 trips_per_outer=1 ops=1)
exp1 exp_calls_nobud ps_per_op median=2024 min=2020 (outer=6666666 trips_per_outer=1 ops=1)
exp1 exp_calls_reg ps_per_op median=2261 min=2251 (outer=6666666 trips_per_outer=1 ops=1)
exp1 exp_calls_nodisp ps_per_op median=6338 min=6271 (outer=2857142 trips_per_outer=1 ops=1)
exp1 exp_calls_noalign ps_per_op median=6254 min=6212 (outer=2857142 trips_per_outer=1 ops=1)
exp1 exp_calls_nouacc ps_per_op median=6345 min=6226 (outer=2857142 trips_per_outer=1 ops=1)
exp1 exp_calls_bud_only ps_per_op median=6354 min=6297 (outer=2500000 trips_per_outer=1 ops=1)
exp1 exp_calls_disp_only ps_per_op median=1614 min=1592 (outer=10000000 trips_per_outer=1 ops=1)
exp1 exp_calls_acc_only ps_per_op median=1421 min=1420 (outer=10000000 trips_per_outer=1 ops=1)
exp1 exp_strlen_flag ps_per_op median=321 min=318 (outer=30674 trips_per_outer=2048 ops=1)
exp1 exp_copy16_flag ps_per_op median=604 min=598 (outer=250000 trips_per_outer=128 ops=1)
exp1 exp_simd_gpr_nobud ps_per_op median=1082 min=1081 (outer=285714 trips_per_outer=64 ops=1)
exp1 exp_simd_gpr_rmw ps_per_op median=2073 min=2070 (outer=150375 trips_per_outer=64 ops=1)
exp1 exp_simd_gpr_reg ps_per_op median=1086 min=1081 (outer=285714 trips_per_outer=64 ops=1)
exp1 exp_simd_win2_flag ps_per_op median=7612 min=7501 (outer=40983 trips_per_outer=64 ops=1)
exp1 exp_rmw1_uslot ps_per_op median=2123 min=2113 (outer=6666666 trips_per_outer=1 ops=1)
exp1 exp_flagpoll2 ps_per_op median=317 min=314 (outer=20000000 trips_per_outer=1 ops=1)
exp1 exp_calls_persite ps_per_op median=2584 min=2537 (outer=6666666 trips_per_outer=1 ops=1)
exp1 exp_calls_flag ps_per_op median=2451 min=2417 (outer=6666666 trips_per_outer=1 ops=1)
exp1 exp_calls_reg_nodisp ps_per_op median=1571 min=1569 (outer=10000000 trips_per_outer=1 ops=1)
exp1 exp_rmw1_s0 ps_per_op median=2164 min=2119 (outer=6666666 trips_per_outer=1 ops=1)
exp1 exp_rmw1_s1 ps_per_op median=336 min=314 (outer=20000000 trips_per_outer=1 ops=1)
exp1 exp_rmw3_s0 ps_per_op median=2103 min=2076 (outer=2857142 trips_per_outer=1 ops=3)
exp1 exp_rmw3_s1 ps_per_op median=1539 min=1528 (outer=4000000 trips_per_outer=1 ops=3)
exp1 exp_fwd_s0 ps_per_op median=1567 min=1489 (outer=10000000 trips_per_outer=1 ops=1)
exp1 exp_fwd_s1 ps_per_op median=314 min=311 (outer=20000000 trips_per_outer=1 ops=1)
exp1 exp_strlen_rmw_s0 ps_per_op median=6 min=6 (outer=1538461 trips_per_outer=2048 ops=1)
exp1 exp_strlen_rmw_s1 ps_per_op median=1 min=1 (outer=6666666 trips_per_outer=2048 ops=1)
exp1 exp_calls_all_s0 ps_per_op median=6275 min=6229 (outer=2857142 trips_per_outer=1 ops=1)
exp1 exp_calls_all_s1 ps_per_op median=2585 min=2528 (outer=6666666 trips_per_outer=1 ops=1)
exp1 exp_pan_pair_s0 ps_per_op median=4089 min=4082 (outer=4000000 trips_per_outer=1 ops=1)
exp1 exp_pan_pair_s1 ps_per_op median=4112 min=4096 (outer=4000000 trips_per_outer=1 ops=1)
exp1 exp_simd_win1_rmw_s0 ps_per_op median=15274 min=15085 (outer=20811 trips_per_outer=64 ops=1)
exp1 exp_simd_win1_rmw_s1 ps_per_op median=15723 min=15040 (outer=20533 trips_per_outer=64 ops=1)
exp1 exp_loop_s0 ps_per_op median=325 min=313 (outer=20000000 trips_per_outer=1 ops=1)
exp1 exp_loop_s1 ps_per_op median=314 min=311 (outer=20000000 trips_per_outer=1 ops=1)
exp1 exp_flagpoll ps_per_op median=318 min=311 (outer=20000000 trips_per_outer=1 ops=1)
exp1 exp_cntpoll ps_per_op median=633 min=626 (outer=20000000 trips_per_outer=1 ops=1)
exp0 ssbs_msr_executes=1
exp0 exp_freq ps_per_op median=316 min=315 (outer=7804878 trips_per_outer=1 ops=8)
exp0 exp_loop ps_per_op median=318 min=316 (outer=53333333 trips_per_outer=1 ops=1)
exp0 exp_fwd ps_per_op median=342 min=317 (outer=56417489 trips_per_outer=1 ops=1)
exp0 exp_rmw1 ps_per_op median=345 min=314 (outer=56497175 trips_per_outer=1 ops=1)
exp0 exp_rmw2 ps_per_op median=1445 min=1437 (outer=6956521 trips_per_outer=1 ops=2)
exp0 exp_rmw3 ps_per_op median=1518 min=1502 (outer=4138216 trips_per_outer=1 ops=3)
exp0 exp_rmw4 ps_per_op median=1583 min=1566 (outer=3200000 trips_per_outer=1 ops=4)
exp0 exp_rmw1_sp ps_per_op median=325 min=317 (outer=53333333 trips_per_outer=1 ops=1)
exp0 exp_rmw2_indep ps_per_op median=236 min=235 (outer=35555555 trips_per_outer=1 ops=2)
exp0 exp_rmw4_indep ps_per_op median=197 min=195 (outer=23995200 trips_per_outer=1 ops=4)
exp0 exp_reg1 ps_per_op median=317 min=313 (outer=56497175 trips_per_outer=1 ops=1)
exp0 exp_reg3 ps_per_op median=360 min=357 (outer=18458698 trips_per_outer=1 ops=3)
exp0 exp_rmw_every4 ps_per_op median=21 min=20 (outer=68610634 trips_per_outer=1 ops=4)
exp0 exp_strlen_native ps_per_op median=324 min=320 (outer=30842 trips_per_outer=2048 ops=1)
exp0 exp_strlen_ldtr ps_per_op median=328 min=322 (outer=30051 trips_per_outer=2048 ops=1)
exp0 exp_strlen_rmw ps_per_op median=433 min=409 (outer=21146 trips_per_outer=2048 ops=1)
exp0 exp_strlen_reg ps_per_op median=324 min=320 (outer=30954 trips_per_outer=2048 ops=1)
exp0 exp_strlen_plain_rmw ps_per_op median=386 min=332 (outer=13052 trips_per_outer=2048 ops=1)
exp0 exp_hash_native ps_per_op median=942 min=936 (outer=9995 trips_per_outer=2048 ops=1)
exp0 exp_hash_ldtr ps_per_op median=951 min=943 (outer=10376 trips_per_outer=2048 ops=1)
exp0 exp_hash_rmw ps_per_op median=963 min=952 (outer=9749 trips_per_outer=2048 ops=1)
exp0 exp_copyb_native ps_per_op median=323 min=318 (outer=28372 trips_per_outer=2048 ops=1)
exp0 exp_copyb_ldtr ps_per_op median=323 min=319 (outer=28545 trips_per_outer=2048 ops=1)
exp0 exp_copyb_rmw ps_per_op median=402 min=398 (outer=24198 trips_per_outer=2048 ops=1)
exp0 exp_copy16_native ps_per_op median=384 min=377 (outer=420870 trips_per_outer=128 ops=1)
exp0 exp_copy16_ldtr ps_per_op median=533 min=528 (outer=297214 trips_per_outer=128 ops=1)
exp0 exp_copy16_rmw ps_per_op median=693 min=690 (outer=227325 trips_per_outer=128 ops=1)
exp0 exp_calls_native ps_per_op median=1608 min=1593 (outer=12001200 trips_per_outer=1 ops=1)
exp0 exp_calls_all ps_per_op median=2544 min=2527 (outer=7741436 trips_per_outer=1 ops=1)
exp0 exp_calls_nobud ps_per_op median=2032 min=2029 (outer=8888888 trips_per_outer=1 ops=1)
exp0 exp_calls_reg ps_per_op median=2278 min=2260 (outer=8494372 trips_per_outer=1 ops=1)
exp0 exp_calls_nodisp ps_per_op median=2767 min=2751 (outer=6956521 trips_per_outer=1 ops=1)
exp0 exp_calls_noalign ps_per_op median=2248 min=2236 (outer=9142857 trips_per_outer=1 ops=1)
exp0 exp_calls_nouacc ps_per_op median=2111 min=2096 (outer=9142857 trips_per_outer=1 ops=1)
exp0 exp_calls_bud_only ps_per_op median=2822 min=2797 (outer=6857534 trips_per_outer=1 ops=1)
exp0 exp_calls_disp_only ps_per_op median=1646 min=1617 (outer=11997600 trips_per_outer=1 ops=1)
exp0 exp_calls_acc_only ps_per_op median=1444 min=1419 (outer=13717421 trips_per_outer=1 ops=1)
exp0 exp_simd_gpr_nobud ps_per_op median=1115 min=1108 (outer=285288 trips_per_outer=64 ops=1)
exp0 exp_simd_gpr_rmw ps_per_op median=1261 min=1229 (outer=255116 trips_per_outer=64 ops=1)
exp0 exp_simd_gpr_reg ps_per_op median=1153 min=1127 (outer=262725 trips_per_outer=64 ops=1)
exp0 exp_calls_persite ps_per_op median=2633 min=2598 (outer=7441860 trips_per_outer=1 ops=1)
exp0 exp_calls_reg_nodisp ps_per_op median=1640 min=1618 (outer=11851851 trips_per_outer=1 ops=1)
exp0 exp_rmw1_s0 ps_per_op median=2197 min=2184 (outer=9229349 trips_per_outer=1 ops=1)
exp0 exp_rmw1_s1 ps_per_op median=359 min=333 (outer=50568900 trips_per_outer=1 ops=1)
exp0 exp_rmw3_s0 ps_per_op median=2166 min=2106 (outer=3221649 trips_per_outer=1 ops=3)
exp0 exp_rmw3_s1 ps_per_op median=1569 min=1537 (outer=1748633 trips_per_outer=1 ops=3)
exp0 exp_fwd_s0 ps_per_op median=1540 min=1511 (outer=13712718 trips_per_outer=1 ops=1)
exp0 exp_fwd_s1 ps_per_op median=332 min=325 (outer=50568900 trips_per_outer=1 ops=1)
exp0 exp_strlen_rmw_s0 ps_per_op median=2163 min=2142 (outer=4517 trips_per_outer=2048 ops=1)
exp0 exp_strlen_rmw_s1 ps_per_op median=444 min=410 (outer=20738 trips_per_outer=2048 ops=1)
exp0 exp_calls_all_s0 ps_per_op median=6444 min=6381 (outer=3106796 trips_per_outer=1 ops=1)
exp0 exp_calls_all_s1 ps_per_op median=2616 min=2589 (outer=7272727 trips_per_outer=1 ops=1)
exp0 exp_loop_s0 ps_per_op median=331 min=322 (outer=50505050 trips_per_outer=1 ops=1)
exp0 exp_loop_s1 ps_per_op median=328 min=324 (outer=50505050 trips_per_outer=1 ops=1)
exp0 exp_cntpoll ps_per_op median=655 min=650 (outer=30959752 trips_per_outer=1 ops=1)
[   17.347716] kjit: 0 of 0 translation requests still queued at unload (freed by the kernel)
[   17.391815] rust_kjit: ######## Rust KJIT exits ########
kjit-init: rmmod kjit ok
kjit-init: run exit=0
[   17.413508] reboot: Power down
