[    0.000000] Booting Linux on physical CPU 0x0000000000 [0x610f0000]
[    0.000000] Linux version 7.1.0-rc1+ (@kjit-dev-container) (Ubuntu clang version 18.1.3 (1ubuntu1), Ubuntu LLD 18.1.3) #1 SMP PREEMPT Thu Oct  8 16:26:18 UTC 2026
[    0.000000] random: crng init done
[    0.000000] Machine model: linux,dummy-virt
[    0.000000] OF: reserved mem: Reserved memory: No reserved-memory node in the DT
[    0.000000] psci: probing for conduit method from DT.
[    0.000000] psci: PSCIv1.1 detected in firmware.
[    0.000000] psci: Using standard PSCI v0.2 function IDs
[    0.000000] psci: Trusted OS migration not required
[    0.000000] psci: SMC Calling Convention v1.0
[    0.000000] Zone ranges:
[    0.000000]   Normal   [mem 0x0000000040000000-0x000000013fffffff]
[    0.000000] Movable zone start for each node
[    0.000000] Early memory node ranges
[    0.000000]   node   0: [mem 0x0000000040000000-0x000000013fffffff]
[    0.000000] Initmem setup node 0 [mem 0x0000000040000000-0x000000013fffffff]
[    0.000000] percpu: Embedded 19 pages/cpu s38488 r8192 d31144 u77824
[    0.000000] Detected PIPT I-cache on CPU0
[    0.000000] CPU features: detected: Address authentication (IMP DEF algorithm)
[    0.000000] CPU features: detected: Spectre-v4
[    0.000000] CPU features: detected: Spectre-BHB
[    0.000000] alternatives: applying boot alternatives
[    0.000000] Kernel command line: console=ttyAMA0 panic=-1 nokaslr
[    0.000000] Unknown kernel command line parameters "nokaslr", will be passed to user space.
[    0.000000] printk: log buffer data + meta data: 131072 + 458752 = 589824 bytes
[    0.000000] Dentry cache hash table entries: 524288 (order: 10, 4194304 bytes, linear)
[    0.000000] Inode-cache hash table entries: 262144 (order: 9, 2097152 bytes, linear)
[    0.000000] software IO TLB: SWIOTLB bounce buffer size adjusted to 4MB
[    0.000000] software IO TLB: area num 4.
[    0.000000] software IO TLB: mapped [mem 0x000000013ac00000-0x000000013b000000] (4MB)
[    0.000000] Built 1 zonelists, mobility grouping on.  Total pages: 1048576
[    0.000000] mem auto-init: stack:all(zero), heap alloc:off, heap free:off
[    0.000000] SLUB: HWalign=64, Order=0-3, MinObjects=0, CPUs=4, Nodes=1
[    0.000000] rcu: Preemptible hierarchical RCU implementation.
[    0.000000] rcu: 	RCU restricting CPUs from NR_CPUS=512 to nr_cpu_ids=4.
[    0.000000] rcu: RCU calculated value of scheduler-enlistment delay is 25 jiffies.
[    0.000000] rcu: Adjusting geometry for rcu_fanout_leaf=16, nr_cpu_ids=4
[    0.000000] NR_IRQS: 64, nr_irqs: 64, preallocated irqs: 0
[    0.000000] Root IRQ handler: gic_handle_irq
[    0.000000] GICv2m: range[mem 0x08020000-0x08020fff], SPI[80:143]
[    0.000000] rcu: srcu_init: Setting srcu_struct sizes based on contention.
[    0.000000] arch_timer: cp15 timer running at 24.00MHz (virt).
[    0.000000] clocksource: arch_sys_counter: mask: 0xffffffffffffff max_cycles: 0x588fe9dc0, max_idle_ns: 440795202592 ns
[    0.000000] sched_clock: 56 bits at 24MHz, resolution 41ns, wraps every 4398046511097ns
[    0.000100] Console: colour dummy device 80x25
[    0.000107] Calibrating delay loop (skipped), value calculated using timer frequency.. 48.00 BogoMIPS (lpj=96000)
[    0.000111] pid_max: default: 32768 minimum: 301
[    0.000231] Mount-cache hash table entries: 8192 (order: 4, 65536 bytes, linear)
[    0.000242] Mountpoint-cache hash table entries: 8192 (order: 4, 65536 bytes, linear)
[    0.000312] VFS: Finished mounting rootfs on nullfs
[    0.000447] cacheinfo: Unable to detect cache hierarchy for CPU 0
[    0.000549] rcu: Hierarchical SRCU implementation.
[    0.000549] rcu: 	Max phase no-delay instances is 1000.
[    0.000567] Timer migration: 1 hierarchy levels; 8 children per group; 1 crossnode level
[    0.000600] smp: Bringing up secondary CPUs ...
[    0.000796] Detected PIPT I-cache on CPU1
[    0.000894] CPU1: Booted secondary processor 0x0000000001 [0x610f0000]
[    0.001231] Detected PIPT I-cache on CPU2
[    0.001330] CPU2: Booted secondary processor 0x0000000002 [0x610f0000]
[    0.001549] Detected PIPT I-cache on CPU3
[    0.001662] CPU3: Booted secondary processor 0x0000000003 [0x610f0000]
[    0.001735] smp: Brought up 1 node, 4 CPUs
[    0.001740] SMP: Total of 4 processors activated.
[    0.001740] CPU: All CPU(s) started at EL1
[    0.001741] CPU features: detected: ARMv8.4 Translation Table Level
[    0.001742] CPU features: detected: Data cache clean to the PoU not required for I/D coherence
[    0.001742] CPU features: detected: CRC32 instructions
[    0.001742] CPU features: detected: Data independent timing control (DIT)
[    0.001743] CPU features: detected: E0PD
[    0.001743] CPU features: detected: Generic authentication (IMP DEF algorithm)
[    0.001744] CPU features: detected: RCpc load-acquire (LDAPR)
[    0.001744] CPU features: detected: LSE atomic instructions
[    0.001744] CPU features: detected: Privileged Access Never
[    0.001745] CPU features: detected: Speculation barrier (SB)
[    0.001745] CPU features: detected: TLB range maintenance instructions
[    0.001746] CPU features: detected: XNX
[    0.001871] alternatives: applying system-wide alternatives
[    0.002842] Memory: 3932668K/4194304K available (5248K kernel code, 754K rwdata, 2356K rodata, 576K init, 405K bss, 258456K reserved, 0K cma-reserved)
[    0.003166] devtmpfs: initialized
[    0.003443] clocksource: jiffies: mask: 0xffffffff max_cycles: 0xffffffff, max_idle_ns: 7645041785100000 ns
[    0.003447] posixtimers hash table entries: 2048 (order: 3, 32768 bytes, linear)
[    0.003464] futex hash table entries: 1024 (65536 bytes on 1 NUMA nodes, total 64 KiB, linear).
[    0.003473] 30384 pages in range for non-PLT usage
[    0.003473] 521904 pages in range for PLT usage
[    0.003534] NET: Registered PF_NETLINK/PF_ROUTE protocol family
[    0.003836] DMA: preallocated 512 KiB GFP_KERNEL pool for atomic allocations
[    0.003876] ASID allocator initialised with 256 entries
[    0.003884] Serial: AMBA PL011 UART driver
[    0.004324] 9000000.pl011: ttyAMA0 at MMIO 0x9000000 (irq = 13, base_baud = 0) is a PL011 rev1
[    0.004475] printk: console [ttyAMA0] enabled
[    0.010711] vgaarb: loaded
[    0.011162] clocksource: Switched to clocksource arch_sys_counter
[    0.022973] NET: Registered PF_INET protocol family
[    0.023120] IP idents hash table entries: 65536 (order: 7, 524288 bytes, linear)
[    0.023589] tcp_listen_portaddr_hash hash table entries: 2048 (order: 3, 32768 bytes, linear)
[    0.023596] Table-perturb hash table entries: 65536 (order: 6, 262144 bytes, linear)
[    0.023599] TCP established hash table entries: 32768 (order: 6, 262144 bytes, linear)
[    0.023659] TCP bind hash table entries: 32768 (order: 8, 1048576 bytes, linear)
[    0.023829] TCP: Hash tables configured (established 32768 bind 32768)
[    0.023853] UDP hash table entries: 2048 (order: 5, 131072 bytes, linear)
[    0.023884] NET: Registered PF_UNIX/PF_LOCAL protocol family
[    0.023892] PCI: CLS 0 bytes, default 64
[    0.024163] Unpacking initramfs...
[    0.027807] workingset: timestamp_bits=46 (anon: 42) max_order=20 bucket_order=0 (anon: 0)
[    0.028045] 9p: Installing v9fs 9p2000 file system support
[    0.031480] pci-host-generic 4010000000.pcie: host bridge /pcie@10000000 ranges:
[    0.031488] pci-host-generic 4010000000.pcie:       IO 0x003eff0000..0x003effffff -> 0x0000000000
[    0.031490] pci-host-generic 4010000000.pcie:      MEM 0x0010000000..0x003efeffff -> 0x0010000000
[    0.031492] pci-host-generic 4010000000.pcie:      MEM 0x8000000000..0xffffffffff -> 0x8000000000
[    0.031498] pci-host-generic 4010000000.pcie: Memory resource size exceeds max for 32 bits
[    0.031510] pci-host-generic 4010000000.pcie: ECAM at [mem 0x4010000000-0x401fffffff] for [bus 00-ff]
[    0.031524] pci-host-generic 4010000000.pcie: PCI host bridge to bus 0000:00
[    0.031526] pci_bus 0000:00: root bus resource [bus 00-ff]
[    0.031526] pci_bus 0000:00: root bus resource [io  0x0000-0xffff]
[    0.031528] pci_bus 0000:00: root bus resource [mem 0x10000000-0x3efeffff]
[    0.031529] pci_bus 0000:00: root bus resource [mem 0x8000000000-0xffffffffff]
[    0.031613] pci 0000:00:00.0: [1b36:0008] type 00 class 0x060000 conventional PCI endpoint
[    0.032025] pci 0000:00:01.0: [1af4:1000] type 00 class 0x020000 conventional PCI endpoint
[    0.032170] pci 0000:00:01.0: BAR 0 [io  0x0000-0x001f]
[    0.032183] pci 0000:00:01.0: BAR 1 [mem 0x00000000-0x00000fff]
[    0.032190] pci 0000:00:01.0: BAR 4 [mem 0x00000000-0x00003fff 64bit pref]
[    0.032193] pci 0000:00:01.0: ROM [mem 0x00000000-0x0003ffff pref]
[    0.032951] pci 0000:00:02.0: [1af4:1009] type 00 class 0x000200 conventional PCI endpoint
[    0.033106] pci 0000:00:02.0: BAR 0 [io  0x0000-0x003f]
[    0.033111] pci 0000:00:02.0: BAR 1 [mem 0x00000000-0x00000fff]
[    0.033119] pci 0000:00:02.0: BAR 4 [mem 0x00000000-0x00003fff 64bit pref]
[    0.033734] pci 0000:00:03.0: [1af4:1005] type 00 class 0x00ff00 conventional PCI endpoint
[    0.033976] pci 0000:00:03.0: BAR 0 [io  0x0000-0x001f]
[    0.033980] pci 0000:00:03.0: BAR 1 [mem 0x00000000-0x00000fff]
[    0.033990] pci 0000:00:03.0: BAR 4 [mem 0x00000000-0x00003fff 64bit pref]
[    0.034894] pci 0000:00:01.0: ROM [mem 0x10000000-0x1003ffff pref]: assigned
[    0.034896] pci 0000:00:01.0: BAR 4 [mem 0x8000000000-0x8000003fff 64bit pref]: assigned
[    0.034916] pci 0000:00:02.0: BAR 4 [mem 0x8000004000-0x8000007fff 64bit pref]: assigned
[    0.034934] pci 0000:00:03.0: BAR 4 [mem 0x8000008000-0x800000bfff 64bit pref]: assigned
[    0.035048] pci 0000:00:01.0: BAR 1 [mem 0x10040000-0x10040fff]: assigned
[    0.035054] pci 0000:00:02.0: BAR 1 [mem 0x10041000-0x10041fff]: assigned
[    0.035058] pci 0000:00:03.0: BAR 1 [mem 0x10042000-0x10042fff]: assigned
[    0.035075] pci 0000:00:02.0: BAR 0 [io  0x1000-0x103f]: assigned
[    0.035094] pci 0000:00:01.0: BAR 0 [io  0x1040-0x105f]: assigned
[    0.035106] pci 0000:00:03.0: BAR 0 [io  0x1060-0x107f]: assigned
[    0.035114] pci_bus 0000:00: resource 4 [io  0x0000-0xffff]
[    0.035115] pci_bus 0000:00: resource 5 [mem 0x10000000-0x3efeffff]
[    0.035116] pci_bus 0000:00: resource 6 [mem 0x8000000000-0xffffffffff]
[    0.036177] virtio-pci 0000:00:01.0: enabling device (0000 -> 0003)
[    0.036764] virtio-pci 0000:00:02.0: enabling device (0000 -> 0003)
[    0.037546] virtio-pci 0000:00:03.0: enabling device (0000 -> 0003)
[    0.047847] rtc-pl031 9010000.pl031: registered as rtc0
[    0.047885] rtc-pl031 9010000.pl031: setting system clock to 2026-10-08T17:59:16 UTC (1791482356)
[    0.048029] NET: Registered PF_INET6 protocol family
[    0.048777] Segment Routing with IPv6
[    0.048780] In-situ OAM (IOAM) with IPv6
[    0.048794] sit: IPv6, IPv4 and MPLS over IPv4 tunneling driver
[    0.048855] NET: Registered PF_PACKET protocol family
[    0.048860] 9pnet: Installing 9P2000 support
[    0.054163] clk: Disabling unused clocks
[    0.108655] Freeing initrd memory: 163436K
[    0.109056] Freeing unused kernel memory: 576K
[    0.109107] Run /init as init process
[    0.125897] kjit: loading out-of-tree module taints kernel.
[    0.126877] rust_kjit: ######## Rust KJIT inits ########
[    0.126990] rust_kjit: golden tests/arm64/toy_cfg.s:hot_svc_mark PASS: 800 fragment bytes match harness
kjit-init: insmod kjit.ko ok
fpv: warm-up at v0
fpv point=off pass=1 test=set requests=200000 rps=193986.42 hook_calls=0 syscalls_in_kernel=0 fragment_entries=0 fpsimd_entries=0 fpsimd_restores=0 fpsimd_brackets=0 fpsimd_bracket_preempted=0 chains=0 chain_cap=0 exit_svc=0 exit_bl=0 exit_blr=0 exit_br=0 exit_ret=0 exit_mem=0 fpsimd_exit_mem=0 exit_unsupported=0 exit_budget=0 run_declined=0 ibtc_insert=0 ibtc_replace=0 ibtc_clear=0 ibtc_fpsimd_boundary=0 fpsimd_run_max_ns=102041 lat_p50_us=48.5 lat_p99_us=182.4 lat_p999_us=263.4 lat_max_us=356.0 lat_gt100us=611 lat_gt1ms=0 lat_gt5ms=0
fpv point=off pass=1 test=get requests=200000 rps=201816.34 hook_calls=0 syscalls_in_kernel=0 fragment_entries=0 fpsimd_entries=0 fpsimd_restores=0 fpsimd_brackets=0 fpsimd_bracket_preempted=0 chains=0 chain_cap=0 exit_svc=0 exit_bl=0 exit_blr=0 exit_br=0 exit_ret=0 exit_mem=0 fpsimd_exit_mem=0 exit_unsupported=0 exit_budget=0 run_declined=0 ibtc_insert=0 ibtc_replace=0 ibtc_clear=0 ibtc_fpsimd_boundary=0 fpsimd_run_max_ns=102041 lat_p50_us=30.5 lat_p99_us=173.1 lat_p999_us=2395.8 lat_max_us=3922.0 lat_gt100us=248 lat_gt1ms=17 lat_gt5ms=0
fpv point=v0 pass=1 test=set requests=200000 rps=106951.88 hook_calls=409157 syscalls_in_kernel=399582 fragment_entries=5734956 fpsimd_entries=1605196 fpsimd_restores=1861 fpsimd_brackets=0 fpsimd_bracket_preempted=0 chains=5326460 chain_cap=0 exit_svc=399582 exit_bl=2036907 exit_blr=207585 exit_br=1006501 exit_ret=2076431 exit_mem=0 fpsimd_exit_mem=0 exit_unsupported=7950 exit_budget=0 run_declined=25 ibtc_insert=7442528 ibtc_replace=7442528 ibtc_clear=0 ibtc_fpsimd_boundary=1605196 fpsimd_run_max_ns=228208 lat_p50_us=29.5 lat_p99_us=159.8 lat_p999_us=216.8 lat_max_us=280.8 lat_gt100us=682 lat_gt1ms=0 lat_gt5ms=0
fpv-hist point=v0 pass=1 test=set 41:335000 83:603873 166:457544 333:6855 666:197669 1333:2395 2666:763 5333:297 10666:418 21333:203 42666:124 85333:52 170666:3 
fpv point=v0 pass=1 test=get requests=200000 rps=107816.71 hook_calls=409843 syscalls_in_kernel=399656 fragment_entries=3154728 fpsimd_entries=1007910 fpsimd_restores=1706 fpsimd_brackets=0 fpsimd_bracket_preempted=0 chains=2745542 chain_cap=0 exit_svc=399656 exit_bl=1060573 exit_blr=199704 exit_br=608555 exit_ret=877576 exit_mem=8 fpsimd_exit_mem=8 exit_unsupported=8656 exit_budget=0 run_declined=22 ibtc_insert=3475264 ibtc_replace=3475264 ibtc_clear=0 ibtc_fpsimd_boundary=1007910 fpsimd_run_max_ns=5708250 lat_p50_us=27.8 lat_p99_us=756.3 lat_p999_us=15178.6 lat_max_us=32625.4 lat_gt100us=708 lat_gt1ms=72 lat_gt5ms=28
fpv-hist point=v0 pass=1 test=get 41:147354 83:441255 166:198959 333:15861 666:198660 1333:3298 2666:1146 5333:459 10666:469 21333:272 42666:113 85333:52 170666:6 341333:3 682666:1 1365333:1 5461333:1 
fpv point=A pass=1 test=set requests=200000 rps=101677.68 hook_calls=409214 syscalls_in_kernel=399594 fragment_entries=5736277 fpsimd_entries=1605362 fpsimd_restores=1597526 fpsimd_brackets=1605362 fpsimd_bracket_preempted=418 chains=5327720 chain_cap=0 exit_svc=399594 exit_bl=2037332 exit_blr=207634 exit_br=1006649 exit_ret=2077048 exit_mem=18 fpsimd_exit_mem=18 exit_unsupported=8002 exit_budget=0 run_declined=19 ibtc_insert=7444716 ibtc_replace=7444716 ibtc_clear=0 ibtc_fpsimd_boundary=1605362 fpsimd_run_max_ns=5708250 lat_p50_us=35.8 lat_p99_us=180.2 lat_p999_us=364.9 lat_max_us=1140.5 lat_gt100us=848 lat_gt1ms=3 lat_gt5ms=0
fpv point=A pass=1 test=get requests=200000 rps=125707.11 hook_calls=409633 syscalls_in_kernel=399706 fragment_entries=3150621 fpsimd_entries=1007782 fpsimd_restores=999654 fpsimd_brackets=1007782 fpsimd_bracket_preempted=327 chains=2741710 chain_cap=0 exit_svc=399706 exit_bl=1058957 exit_blr=199758 exit_br=608350 exit_ret=875457 exit_mem=6 fpsimd_exit_mem=6 exit_unsupported=8387 exit_budget=0 run_declined=21 ibtc_insert=3467856 ibtc_replace=3467856 ibtc_clear=0 ibtc_fpsimd_boundary=1007782 fpsimd_run_max_ns=5708250 lat_p50_us=35.0 lat_p99_us=175.2 lat_p999_us=375.5 lat_max_us=861.2 lat_gt100us=582 lat_gt1ms=0 lat_gt5ms=0
fpv point=B pass=1 test=set requests=200000 rps=101317.12 hook_calls=409139 syscalls_in_kernel=399618 fragment_entries=4529409 fpsimd_entries=199582 fpsimd_restores=4520675 fpsimd_brackets=4529409 fpsimd_bracket_preempted=1257 chains=4120928 chain_cap=0 exit_svc=399618 exit_bl=2037226 exit_blr=407178 exit_br=8031 exit_ret=1669413 exit_mem=13 fpsimd_exit_mem=13 exit_unsupported=7930 exit_budget=0 run_declined=20 ibtc_insert=7842690 ibtc_replace=7842690 ibtc_clear=0 ibtc_fpsimd_boundary=0 fpsimd_run_max_ns=5708250 lat_p50_us=23.0 lat_p99_us=127.5 lat_p999_us=208.5 lat_max_us=545.6 lat_gt100us=240 lat_gt1ms=0 lat_gt5ms=0
fpv point=B pass=1 test=get requests=200000 rps=123076.92 hook_calls=409465 syscalls_in_kernel=399669 fragment_entries=2556906 fpsimd_entries=208021 fpsimd_restores=2547885 fpsimd_brackets=2556906 fpsimd_bracket_preempted=960 chains=2148094 chain_cap=0 exit_svc=399669 exit_bl=1058146 exit_blr=399378 exit_br=8330 exit_ret=683089 exit_mem=10 fpsimd_exit_mem=10 exit_unsupported=8284 exit_budget=0 run_declined=22 ibtc_insert=3880146 ibtc_replace=3880146 ibtc_clear=0 ibtc_fpsimd_boundary=0 fpsimd_run_max_ns=5708250 lat_p50_us=39.0 lat_p99_us=173.2 lat_p999_us=789.1 lat_max_us=4556.0 lat_gt100us=902 lat_gt1ms=5 lat_gt5ms=0
fpv point=B2 pass=1 test=set requests=200000 rps=85800.09 hook_calls=409792 syscalls_in_kernel=399604 fragment_entries=4539928 fpsimd_entries=199576 fpsimd_restores=399744 fpsimd_brackets=409130 fpsimd_bracket_preempted=1374 chains=4130798 chain_cap=0 exit_svc=399604 exit_bl=2040262 exit_blr=407837 exit_br=8594 exit_ret=1675026 exit_mem=16 fpsimd_exit_mem=16 exit_unsupported=8589 exit_budget=0 run_declined=19 ibtc_insert=7862444 ibtc_replace=7862444 ibtc_clear=0 ibtc_fpsimd_boundary=0 fpsimd_run_max_ns=5708250 lat_p50_us=31.2 lat_p99_us=1735.2 lat_p999_us=25837.6 lat_max_us=91127.5 lat_gt100us=1233 lat_gt1ms=156 lat_gt5ms=33
fpv point=B2 pass=1 test=get requests=200000 rps=105708.25 hook_calls=410064 syscalls_in_kernel=399654 fragment_entries=2567560 fpsimd_entries=208614 fpsimd_restores=399771 fpsimd_brackets=409406 fpsimd_bracket_preempted=1100 chains=2158154 chain_cap=0 exit_svc=399654 exit_bl=1062001 exit_blr=399374 exit_br=8853 exit_ret=688798 exit_mem=0 fpsimd_exit_mem=0 exit_unsupported=8880 exit_budget=0 run_declined=23 ibtc_insert=3899080 ibtc_replace=3899080 ibtc_clear=0 ibtc_fpsimd_boundary=0 fpsimd_run_max_ns=5708250 lat_p50_us=69.6 lat_p99_us=900.6 lat_p999_us=3920.2 lat_max_us=7445.1 lat_gt100us=2288 lat_gt1ms=81 lat_gt5ms=4
fpv point=off pass=2 test=set requests=200000 rps=155400.16 hook_calls=0 syscalls_in_kernel=0 fragment_entries=0 fpsimd_entries=0 fpsimd_restores=0 fpsimd_brackets=0 fpsimd_bracket_preempted=0 chains=0 chain_cap=0 exit_svc=0 exit_bl=0 exit_blr=0 exit_br=0 exit_ret=0 exit_mem=0 fpsimd_exit_mem=0 exit_unsupported=0 exit_budget=0 run_declined=0 ibtc_insert=0 ibtc_replace=0 ibtc_clear=0 ibtc_fpsimd_boundary=0 fpsimd_run_max_ns=5708250 lat_p50_us=56.2 lat_p99_us=387.5 lat_p999_us=747.9 lat_max_us=1047.6 lat_gt100us=1393 lat_gt1ms=1 lat_gt5ms=0
fpv point=off pass=2 test=get requests=200000 rps=150602.42 hook_calls=0 syscalls_in_kernel=0 fragment_entries=0 fpsimd_entries=0 fpsimd_restores=0 fpsimd_brackets=0 fpsimd_bracket_preempted=0 chains=0 chain_cap=0 exit_svc=0 exit_bl=0 exit_blr=0 exit_br=0 exit_ret=0 exit_mem=0 fpsimd_exit_mem=0 exit_unsupported=0 exit_budget=0 run_declined=0 ibtc_insert=0 ibtc_replace=0 ibtc_clear=0 ibtc_fpsimd_boundary=0 fpsimd_run_max_ns=5708250 lat_p50_us=36.2 lat_p99_us=2382.6 lat_p999_us=8845.6 lat_max_us=16698.0 lat_gt100us=1143 lat_gt1ms=146 lat_gt5ms=20
fpv point=v0 pass=2 test=set requests=200000 rps=77130.74 hook_calls=409702 syscalls_in_kernel=399533 fragment_entries=5743109 fpsimd_entries=1605503 fpsimd_restores=2360 fpsimd_brackets=0 fpsimd_bracket_preempted=0 chains=5334079 chain_cap=0 exit_svc=399533 exit_bl=2039080 exit_blr=208084 exit_br=1006823 exit_ret=2081102 exit_mem=10 fpsimd_exit_mem=10 exit_unsupported=8477 exit_budget=0 run_declined=20 ibtc_insert=7457153 ibtc_replace=7457153 ibtc_clear=0 ibtc_fpsimd_boundary=1605502 fpsimd_run_max_ns=5708250 lat_p50_us=37.4 lat_p99_us=2799.5 lat_p999_us=12444.1 lat_max_us=48271.8 lat_gt100us=1784 lat_gt1ms=252 lat_gt5ms=49
fpv-hist point=v0 pass=2 test=set 41:319066 83:597387 166:466832 333:14660 666:196271 1333:6728 2666:2075 5333:842 10666:722 21333:520 42666:253 85333:111 170666:24 341333:10 1365333:2 
fpv point=v0 pass=2 test=get requests=200000 rps=125944.58 hook_calls=409530 syscalls_in_kernel=399627 fragment_entries=3148251 fpsimd_entries=1007478 fpsimd_restores=1575 fpsimd_brackets=0 fpsimd_bracket_preempted=0 chains=2739432 chain_cap=0 exit_svc=399627 exit_bl=1058159 exit_blr=199680 exit_br=608233 exit_ret=874272 exit_mem=1 fpsimd_exit_mem=1 exit_unsupported=8279 exit_budget=0 run_declined=25 ibtc_insert=3463909 ibtc_replace=3463909 ibtc_clear=0 ibtc_fpsimd_boundary=1007477 fpsimd_run_max_ns=5708250 lat_p50_us=30.4 lat_p99_us=154.9 lat_p999_us=256.8 lat_max_us=375.6 lat_gt100us=516 lat_gt1ms=0 lat_gt5ms=0
fpv-hist point=v0 pass=2 test=get 41:148739 83:442267 166:196889 333:16378 666:199235 1333:2091 2666:967 5333:227 10666:335 21333:188 42666:107 85333:54 170666:1 
fpv point=A pass=2 test=set requests=200000 rps=92936.80 hook_calls=409770 syscalls_in_kernel=399494 fragment_entries=5743497 fpsimd_entries=1605252 fpsimd_restores=1596856 fpsimd_brackets=1605252 fpsimd_bracket_preempted=457 chains=5334388 chain_cap=0 exit_svc=399494 exit_bl=2039093 exit_blr=208115 exit_br=1006736 exit_ret=2081489 exit_mem=1 fpsimd_exit_mem=1 exit_unsupported=8569 exit_budget=0 run_declined=19 ibtc_insert=7458272 ibtc_replace=7458272 ibtc_clear=0 ibtc_fpsimd_boundary=1605252 fpsimd_run_max_ns=5708250 lat_p50_us=32.6 lat_p99_us=414.0 lat_p999_us=800.5 lat_max_us=1875.3 lat_gt100us=1174 lat_gt1ms=3 lat_gt5ms=0
fpv point=A pass=2 test=get requests=200000 rps=106269.93 hook_calls=410003 syscalls_in_kernel=399633 fragment_entries=3157187 fpsimd_entries=1007990 fpsimd_restores=999520 fpsimd_brackets=1007990 fpsimd_bracket_preempted=345 chains=2747844 chain_cap=0 exit_svc=399633 exit_bl=1061514 exit_blr=199684 exit_br=608645 exit_ret=878882 exit_mem=8 fpsimd_exit_mem=8 exit_unsupported=8821 exit_budget=0 run_declined=22 ibtc_insert=3479708 ibtc_replace=3479708 ibtc_clear=0 ibtc_fpsimd_boundary=1007990 fpsimd_run_max_ns=5708250 lat_p50_us=31.0 lat_p99_us=760.2 lat_p999_us=3325.5 lat_max_us=5883.2 lat_gt100us=1016 lat_gt1ms=65 lat_gt5ms=2
fpv point=B pass=2 test=set requests=200000 rps=87070.09 hook_calls=409511 syscalls_in_kernel=399571 fragment_entries=4534036 fpsimd_entries=199528 fpsimd_restores=4524898 fpsimd_brackets=4534036 fpsimd_bracket_preempted=1303 chains=4125194 chain_cap=0 exit_svc=399571 exit_bl=2038428 exit_blr=407427 exit_br=8322 exit_ret=1671986 exit_mem=17 fpsimd_exit_mem=17 exit_unsupported=8285 exit_budget=0 run_declined=23 ibtc_insert=7851330 ibtc_replace=7851330 ibtc_clear=0 ibtc_fpsimd_boundary=0 fpsimd_run_max_ns=5708250 lat_p50_us=39.5 lat_p99_us=651.3 lat_p999_us=14636.7 lat_max_us=36522.9 lat_gt100us=1308 lat_gt1ms=71 lat_gt5ms=14
fpv point=B pass=2 test=get requests=200000 rps=122025.62 hook_calls=409501 syscalls_in_kernel=399616 fragment_entries=2557207 fpsimd_entries=208000 fpsimd_restores=2548072 fpsimd_brackets=2557207 fpsimd_bracket_preempted=971 chains=2148360 chain_cap=0 exit_svc=399616 exit_bl=1058333 exit_blr=399264 exit_br=8360 exit_ret=683312 exit_mem=6 fpsimd_exit_mem=6 exit_unsupported=8316 exit_budget=0 run_declined=22 ibtc_insert=3880720 ibtc_replace=3880720 ibtc_clear=0 ibtc_fpsimd_boundary=0 fpsimd_run_max_ns=5708250 lat_p50_us=24.5 lat_p99_us=147.5 lat_p999_us=322.8 lat_max_us=520.3 lat_gt100us=222 lat_gt1ms=0 lat_gt5ms=0
fpv point=B2 pass=2 test=set requests=200000 rps=105820.11 hook_calls=409466 syscalls_in_kernel=399607 fragment_entries=4534363 fpsimd_entries=199568 fpsimd_restores=399735 fpsimd_brackets=408804 fpsimd_bracket_preempted=1284 chains=4125559 chain_cap=0 exit_svc=399607 exit_bl=2038628 exit_blr=407477 exit_br=8304 exit_ret=1672079 exit_mem=14 fpsimd_exit_mem=14 exit_unsupported=8254 exit_budget=0 run_declined=24 ibtc_insert=7851982 ibtc_replace=7851982 ibtc_clear=0 ibtc_fpsimd_boundary=0 fpsimd_run_max_ns=5708250 lat_p50_us=30.0 lat_p99_us=200.5 lat_p999_us=967.7 lat_max_us=6114.5 lat_gt100us=813 lat_gt1ms=9 lat_gt5ms=2
fpv point=B2 pass=2 test=get requests=200000 rps=126262.62 hook_calls=409648 syscalls_in_kernel=399610 fragment_entries=2559660 fpsimd_entries=208143 fpsimd_restores=399703 fpsimd_brackets=408989 fpsimd_bracket_preempted=997 chains=2150671 chain_cap=0 exit_svc=399610 exit_bl=1059192 exit_blr=399279 exit_br=8479 exit_ret=684636 exit_mem=0 fpsimd_exit_mem=0 exit_unsupported=8464 exit_budget=0 run_declined=27 ibtc_insert=3885056 ibtc_replace=3885056 ibtc_clear=0 ibtc_fpsimd_boundary=0 fpsimd_run_max_ns=5708250 lat_p50_us=37.1 lat_p99_us=180.4 lat_p999_us=585.8 lat_max_us=2504.5 lat_gt100us=599 lat_gt1ms=4 lat_gt5ms=0
fpv point=off pass=3 test=set requests=200000 rps=132626.00 hook_calls=0 syscalls_in_kernel=0 fragment_entries=0 fpsimd_entries=0 fpsimd_restores=0 fpsimd_brackets=0 fpsimd_bracket_preempted=0 chains=0 chain_cap=0 exit_svc=0 exit_bl=0 exit_blr=0 exit_br=0 exit_ret=0 exit_mem=0 fpsimd_exit_mem=0 exit_unsupported=0 exit_budget=0 run_declined=0 ibtc_insert=0 ibtc_replace=0 ibtc_clear=0 ibtc_fpsimd_boundary=0 fpsimd_run_max_ns=5708250 lat_p50_us=39.3 lat_p99_us=2129.6 lat_p999_us=8600.0 lat_max_us=11926.6 lat_gt100us=1391 lat_gt1ms=183 lat_gt5ms=27
fpv point=off pass=3 test=get requests=200000 rps=174825.17 hook_calls=0 syscalls_in_kernel=0 fragment_entries=0 fpsimd_entries=0 fpsimd_restores=0 fpsimd_brackets=0 fpsimd_bracket_preempted=0 chains=0 chain_cap=0 exit_svc=0 exit_bl=0 exit_blr=0 exit_br=0 exit_ret=0 exit_mem=0 fpsimd_exit_mem=0 exit_unsupported=0 exit_budget=0 run_declined=0 ibtc_insert=0 ibtc_replace=0 ibtc_clear=0 ibtc_fpsimd_boundary=0 fpsimd_run_max_ns=5708250 lat_p50_us=31.5 lat_p99_us=542.8 lat_p999_us=2912.8 lat_max_us=13097.2 lat_gt100us=653 lat_gt1ms=25 lat_gt5ms=4
fpv point=v0 pass=3 test=set requests=200000 rps=97847.36 hook_calls=409408 syscalls_in_kernel=399537 fragment_entries=5737613 fpsimd_entries=1604973 fpsimd_restores=2033 fpsimd_brackets=0 fpsimd_bracket_preempted=0 chains=5328867 chain_cap=0 exit_svc=399537 exit_bl=2037549 exit_blr=207738 exit_br=1006506 exit_ret=2078098 exit_mem=12 fpsimd_exit_mem=12 exit_unsupported=8173 exit_budget=0 run_declined=21 ibtc_insert=7447789 ibtc_replace=7447789 ibtc_clear=0 ibtc_fpsimd_boundary=1604972 fpsimd_run_max_ns=5708250 lat_p50_us=27.1 lat_p99_us=164.3 lat_p999_us=697.0 lat_max_us=3560.5 lat_gt100us=464 lat_gt1ms=7 lat_gt5ms=0
fpv-hist point=v0 pass=3 test=set 41:333665 83:599563 166:459486 333:8404 666:197545 1333:3646 2666:1266 5333:478 10666:415 21333:327 42666:109 85333:61 170666:7 2730666:1 
fpv point=v0 pass=3 test=get requests=200000 rps=119760.48 hook_calls=409453 syscalls_in_kernel=399695 fragment_entries=3148387 fpsimd_entries=1007616 fpsimd_restores=1662 fpsimd_brackets=0 fpsimd_bracket_preempted=0 chains=2739586 chain_cap=0 exit_svc=399695 exit_bl=1058108 exit_blr=199741 exit_br=608224 exit_ret=874344 exit_mem=6 fpsimd_exit_mem=6 exit_unsupported=8269 exit_budget=0 run_declined=20 ibtc_insert=3463941 ibtc_replace=3463941 ibtc_clear=0 ibtc_fpsimd_boundary=1007615 fpsimd_run_max_ns=5708250 lat_p50_us=42.3 lat_p99_us=168.1 lat_p999_us=243.6 lat_max_us=466.3 lat_gt100us=650 lat_gt1ms=0 lat_gt5ms=0
fpv-hist point=v0 pass=3 test=get 41:142401 83:448720 166:197136 333:15809 666:198413 1333:2623 2666:1488 5333:289 10666:286 21333:231 42666:159 85333:57 170666:4 
fpv point=A pass=3 test=set requests=200000 rps=87221.98 hook_calls=409370 syscalls_in_kernel=399540 fragment_entries=5737593 fpsimd_entries=1605191 fpsimd_restores=1597188 fpsimd_brackets=1605191 fpsimd_bracket_preempted=452 chains=5328893 chain_cap=0 exit_svc=399540 exit_bl=2037589 exit_blr=207754 exit_br=1006568 exit_ret=2077999 exit_mem=2 fpsimd_exit_mem=2 exit_unsupported=8141 exit_budget=0 run_declined=25 ibtc_insert=7447404 ibtc_replace=7447404 ibtc_clear=0 ibtc_fpsimd_boundary=1605191 fpsimd_run_max_ns=5708250 lat_p50_us=32.5 lat_p99_us=946.6 lat_p999_us=12175.9 lat_max_us=67828.4 lat_gt100us=801 lat_gt1ms=96 lat_gt5ms=30
fpv point=A pass=3 test=get requests=200000 rps=120048.02 hook_calls=409522 syscalls_in_kernel=399673 fragment_entries=3149441 fpsimd_entries=1007625 fpsimd_restores=999517 fpsimd_brackets=1007625 fpsimd_bracket_preempted=342 chains=2740577 chain_cap=0 exit_svc=399673 exit_bl=1058539 exit_blr=199723 exit_br=608286 exit_ret=874880 exit_mem=6 fpsimd_exit_mem=6 exit_unsupported=8334 exit_budget=0 run_declined=24 ibtc_insert=3465904 ibtc_replace=3465904 ibtc_clear=0 ibtc_fpsimd_boundary=1007625 fpsimd_run_max_ns=5708250 lat_p50_us=72.5 lat_p99_us=173.9 lat_p999_us=215.4 lat_max_us=330.2 lat_gt100us=1867 lat_gt1ms=0 lat_gt5ms=0
fpv point=B pass=3 test=set requests=200000 rps=97134.53 hook_calls=409137 syscalls_in_kernel=399612 fragment_entries=4529742 fpsimd_entries=199601 fpsimd_restores=4521012 fpsimd_brackets=4529742 fpsimd_bracket_preempted=1234 chains=4121264 chain_cap=0 exit_svc=399612 exit_bl=2037365 exit_blr=407232 exit_br=8021 exit_ret=1669572 exit_mem=2 fpsimd_exit_mem=2 exit_unsupported=7938 exit_budget=0 run_declined=19 ibtc_insert=7843324 ibtc_replace=7843324 ibtc_clear=0 ibtc_fpsimd_boundary=0 fpsimd_run_max_ns=5708250 lat_p50_us=27.3 lat_p99_us=124.7 lat_p999_us=568.1 lat_max_us=2863.5 lat_gt100us=227 lat_gt1ms=5 lat_gt5ms=0
fpv point=B pass=3 test=get requests=200000 rps=111607.14 hook_calls=409715 syscalls_in_kernel=399662 fragment_entries=2561822 fpsimd_entries=208291 fpsimd_restores=2552551 fpsimd_brackets=2561822 fpsimd_bracket_preempted=989 chains=2152760 chain_cap=0 exit_svc=399662 exit_bl=1059963 exit_blr=399411 exit_br=8578 exit_ret=685663 exit_mem=0 fpsimd_exit_mem=0 exit_unsupported=8545 exit_budget=0 run_declined=19 ibtc_insert=3888938 ibtc_replace=3888938 ibtc_clear=0 ibtc_fpsimd_boundary=0 fpsimd_run_max_ns=5708250 lat_p50_us=43.2 lat_p99_us=263.5 lat_p999_us=1123.8 lat_max_us=2458.0 lat_gt100us=876 lat_gt1ms=16 lat_gt5ms=0
fpv point=B2 pass=3 test=set requests=200000 rps=105207.78 hook_calls=409350 syscalls_in_kernel=399593 fragment_entries=4532113 fpsimd_entries=199550 fpsimd_restores=399717 fpsimd_brackets=408689 fpsimd_bracket_preempted=1315 chains=4123424 chain_cap=0 exit_svc=399593 exit_bl=2037916 exit_blr=407313 exit_br=8220 exit_ret=1670924 exit_mem=14 fpsimd_exit_mem=14 exit_unsupported=8133 exit_budget=0 run_declined=23 ibtc_insert=7847748 ibtc_replace=7847748 ibtc_clear=0 ibtc_fpsimd_boundary=0 fpsimd_run_max_ns=5708250 lat_p50_us=29.1 lat_p99_us=175.6 lat_p999_us=859.1 lat_max_us=2546.0 lat_gt100us=468 lat_gt1ms=5 lat_gt5ms=0
fpv point=B2 pass=3 test=get requests=200000 rps=127469.73 hook_calls=409674 syscalls_in_kernel=399684 fragment_entries=2561153 fpsimd_entries=208264 fpsimd_restores=399786 fpsimd_brackets=409025 fpsimd_bracket_preempted=1013 chains=2152128 chain_cap=0 exit_svc=399684 exit_bl=1059689 exit_blr=399414 exit_br=8545 exit_ret=685314 exit_mem=0 fpsimd_exit_mem=0 exit_unsupported=8507 exit_budget=0 run_declined=19 ibtc_insert=3887728 ibtc_replace=3887728 ibtc_clear=0 ibtc_fpsimd_boundary=0 fpsimd_run_max_ns=5708250 lat_p50_us=50.8 lat_p99_us=160.2 lat_p999_us=218.1 lat_max_us=418.0 lat_gt100us=882 lat_gt1ms=0 lat_gt5ms=0
fpv: done
[  122.291465] kjit: 0 of 295 translation requests still queued at unload (freed by the kernel)
[  122.312654] rust_kjit: ######## Rust KJIT exits ########
kjit-init: rmmod kjit ok
kjit-init: run exit=0
[  122.326689] reboot: Power down
