[    0.000000] Booting Linux on physical CPU 0x0000000000 [0x610f0000]
[    0.000000] Linux version 7.1.0-rc1+ (@1c38d4aae872) (Ubuntu clang version 18.1.3 (1ubuntu1), Ubuntu LLD 18.1.3) #12 SMP PREEMPT Sun Sep 27 08:34:33 UTC 2026
[    0.000000] random: crng init done
[    0.000000] Machine model: linux,dummy-virt
[    0.000000] OF: reserved mem: Reserved memory: No reserved-memory node in the DT
[    0.000000] psci: probing for conduit method from DT.
[    0.000000] psci: PSCIv1.1 detected in firmware.
[    0.000000] psci: Using standard PSCI v0.2 function IDs
[    0.000000] psci: Trusted OS migration not required
[    0.000000] psci: SMC Calling Convention v1.0
[    0.000000] Zone ranges:
[    0.000000]   Normal   [mem 0x0000000040000000-0x000000013fffffff]
[    0.000000] Movable zone start for each node
[    0.000000] Early memory node ranges
[    0.000000]   node   0: [mem 0x0000000040000000-0x000000013fffffff]
[    0.000000] Initmem setup node 0 [mem 0x0000000040000000-0x000000013fffffff]
[    0.000000] percpu: Embedded 19 pages/cpu s38488 r8192 d31144 u77824
[    0.000000] Detected PIPT I-cache on CPU0
[    0.000000] CPU features: detected: Address authentication (IMP DEF algorithm)
[    0.000000] CPU features: detected: Spectre-v4
[    0.000000] CPU features: detected: Spectre-BHB
[    0.000000] alternatives: applying boot alternatives
[    0.000000] Kernel command line: console=ttyAMA0 panic=-1 nokaslr
[    0.000000] Unknown kernel command line parameters "nokaslr", will be passed to user space.
[    0.000000] printk: log buffer data + meta data: 131072 + 458752 = 589824 bytes
[    0.000000] Dentry cache hash table entries: 524288 (order: 10, 4194304 bytes, linear)
[    0.000000] Inode-cache hash table entries: 262144 (order: 9, 2097152 bytes, linear)
[    0.000000] software IO TLB: SWIOTLB bounce buffer size adjusted to 4MB
[    0.000000] software IO TLB: area num 4.
[    0.000000] software IO TLB: mapped [mem 0x000000013ac00000-0x000000013b000000] (4MB)
[    0.000000] Built 1 zonelists, mobility grouping on.  Total pages: 1048576
[    0.000000] mem auto-init: stack:all(zero), heap alloc:off, heap free:off
[    0.000000] SLUB: HWalign=64, Order=0-3, MinObjects=0, CPUs=4, Nodes=1
[    0.000000] rcu: Preemptible hierarchical RCU implementation.
[    0.000000] rcu: 	RCU restricting CPUs from NR_CPUS=512 to nr_cpu_ids=4.
[    0.000000] rcu: RCU calculated value of scheduler-enlistment delay is 25 jiffies.
[    0.000000] rcu: Adjusting geometry for rcu_fanout_leaf=16, nr_cpu_ids=4
[    0.000000] NR_IRQS: 64, nr_irqs: 64, preallocated irqs: 0
[    0.000000] Root IRQ handler: gic_handle_irq
[    0.000000] GICv2m: range[mem 0x08020000-0x08020fff], SPI[80:143]
[    0.000000] rcu: srcu_init: Setting srcu_struct sizes based on contention.
[    0.000000] arch_timer: cp15 timer running at 24.00MHz (virt).
[    0.000000] clocksource: arch_sys_counter: mask: 0xffffffffffffff max_cycles: 0x588fe9dc0, max_idle_ns: 440795202592 ns
[    0.000000] sched_clock: 56 bits at 24MHz, resolution 41ns, wraps every 4398046511097ns
[    0.000094] Console: colour dummy device 80x25
[    0.000100] Calibrating delay loop (skipped), value calculated using timer frequency.. 48.00 BogoMIPS (lpj=96000)
[    0.000106] pid_max: default: 32768 minimum: 301
[    0.000308] Mount-cache hash table entries: 8192 (order: 4, 65536 bytes, linear)
[    0.000324] Mountpoint-cache hash table entries: 8192 (order: 4, 65536 bytes, linear)
[    0.000420] VFS: Finished mounting rootfs on nullfs
[    0.000597] cacheinfo: Unable to detect cache hierarchy for CPU 0
[    0.000732] rcu: Hierarchical SRCU implementation.
[    0.000732] rcu: 	Max phase no-delay instances is 1000.
[    0.000758] Timer migration: 1 hierarchy levels; 8 children per group; 1 crossnode level
[    0.000825] smp: Bringing up secondary CPUs ...
[    0.001033] Detected PIPT I-cache on CPU1
[    0.001128] CPU1: Booted secondary processor 0x0000000001 [0x610f0000]
[    0.001366] Detected PIPT I-cache on CPU2
[    0.001458] CPU2: Booted secondary processor 0x0000000002 [0x610f0000]
[    0.001693] Detected PIPT I-cache on CPU3
[    0.001796] CPU3: Booted secondary processor 0x0000000003 [0x610f0000]
[    0.001867] smp: Brought up 1 node, 4 CPUs
[    0.001870] SMP: Total of 4 processors activated.
[    0.001871] CPU: All CPU(s) started at EL1
[    0.001872] CPU features: detected: ARMv8.4 Translation Table Level
[    0.001872] CPU features: detected: Data cache clean to the PoU not required for I/D coherence
[    0.001872] CPU features: detected: CRC32 instructions
[    0.001873] CPU features: detected: Data independent timing control (DIT)
[    0.001873] CPU features: detected: E0PD
[    0.001874] CPU features: detected: Generic authentication (IMP DEF algorithm)
[    0.001874] CPU features: detected: RCpc load-acquire (LDAPR)
[    0.001874] CPU features: detected: LSE atomic instructions
[    0.001875] CPU features: detected: Privileged Access Never
[    0.001875] CPU features: detected: Speculation barrier (SB)
[    0.001875] CPU features: detected: TLB range maintenance instructions
[    0.001876] CPU features: detected: XNX
[    0.002012] alternatives: applying system-wide alternatives
[    0.003015] Memory: 3937428K/4194304K available (5248K kernel code, 754K rwdata, 2356K rodata, 576K init, 405K bss, 253696K reserved, 0K cma-reserved)
[    0.003200] devtmpfs: initialized
[    0.003428] clocksource: jiffies: mask: 0xffffffff max_cycles: 0xffffffff, max_idle_ns: 7645041785100000 ns
[    0.003431] posixtimers hash table entries: 2048 (order: 3, 32768 bytes, linear)
[    0.003452] futex hash table entries: 1024 (65536 bytes on 1 NUMA nodes, total 64 KiB, linear).
[    0.003457] 30384 pages in range for non-PLT usage
[    0.003457] 521904 pages in range for PLT usage
[    0.003515] NET: Registered PF_NETLINK/PF_ROUTE protocol family
[    0.003782] DMA: preallocated 512 KiB GFP_KERNEL pool for atomic allocations
[    0.003814] ASID allocator initialised with 256 entries
[    0.003821] Serial: AMBA PL011 UART driver
[    0.004207] 9000000.pl011: ttyAMA0 at MMIO 0x9000000 (irq = 13, base_baud = 0) is a PL011 rev1
[    0.004307] printk: console [ttyAMA0] enabled
[    0.010293] vgaarb: loaded
[    0.010553] clocksource: Switched to clocksource arch_sys_counter
[    0.018515] NET: Registered PF_INET protocol family
[    0.018606] IP idents hash table entries: 65536 (order: 7, 524288 bytes, linear)
[    0.019023] tcp_listen_portaddr_hash hash table entries: 2048 (order: 3, 32768 bytes, linear)
[    0.019030] Table-perturb hash table entries: 65536 (order: 6, 262144 bytes, linear)
[    0.019033] TCP established hash table entries: 32768 (order: 6, 262144 bytes, linear)
[    0.019090] TCP bind hash table entries: 32768 (order: 8, 1048576 bytes, linear)
[    0.019271] TCP: Hash tables configured (established 32768 bind 32768)
[    0.019299] UDP hash table entries: 2048 (order: 5, 131072 bytes, linear)
[    0.019329] NET: Registered PF_UNIX/PF_LOCAL protocol family
[    0.019336] PCI: CLS 0 bytes, default 64
[    0.019454] Unpacking initramfs...
[    0.023087] workingset: timestamp_bits=46 (anon: 42) max_order=20 bucket_order=0 (anon: 0)
[    0.023181] 9p: Installing v9fs 9p2000 file system support
[    0.023493] pci-host-generic 4010000000.pcie: host bridge /pcie@10000000 ranges:
[    0.023498] pci-host-generic 4010000000.pcie:       IO 0x003eff0000..0x003effffff -> 0x0000000000
[    0.023500] pci-host-generic 4010000000.pcie:      MEM 0x0010000000..0x003efeffff -> 0x0010000000
[    0.023501] pci-host-generic 4010000000.pcie:      MEM 0x8000000000..0xffffffffff -> 0x8000000000
[    0.023506] pci-host-generic 4010000000.pcie: Memory resource size exceeds max for 32 bits
[    0.023517] pci-host-generic 4010000000.pcie: ECAM at [mem 0x4010000000-0x401fffffff] for [bus 00-ff]
[    0.023530] pci-host-generic 4010000000.pcie: PCI host bridge to bus 0000:00
[    0.023531] pci_bus 0000:00: root bus resource [bus 00-ff]
[    0.023532] pci_bus 0000:00: root bus resource [io  0x0000-0xffff]
[    0.023532] pci_bus 0000:00: root bus resource [mem 0x10000000-0x3efeffff]
[    0.023533] pci_bus 0000:00: root bus resource [mem 0x8000000000-0xffffffffff]
[    0.023554] pci 0000:00:00.0: [1b36:0008] type 00 class 0x060000 conventional PCI endpoint
[    0.023825] pci 0000:00:01.0: [1af4:1000] type 00 class 0x020000 conventional PCI endpoint
[    0.023909] pci 0000:00:01.0: BAR 0 [io  0x0000-0x001f]
[    0.023913] pci 0000:00:01.0: BAR 1 [mem 0x00000000-0x00000fff]
[    0.023918] pci 0000:00:01.0: BAR 4 [mem 0x00000000-0x00003fff 64bit pref]
[    0.023920] pci 0000:00:01.0: ROM [mem 0x00000000-0x0003ffff pref]
[    0.024243] pci 0000:00:02.0: [1af4:1009] type 00 class 0x000200 conventional PCI endpoint
[    0.024308] pci 0000:00:02.0: BAR 0 [io  0x0000-0x003f]
[    0.024312] pci 0000:00:02.0: BAR 1 [mem 0x00000000-0x00000fff]
[    0.024365] pci 0000:00:02.0: BAR 4 [mem 0x00000000-0x00003fff 64bit pref]
[    0.024669] pci 0000:00:03.0: [1af4:1005] type 00 class 0x00ff00 conventional PCI endpoint
[    0.024775] pci 0000:00:03.0: BAR 0 [io  0x0000-0x001f]
[    0.024780] pci 0000:00:03.0: BAR 1 [mem 0x00000000-0x00000fff]
[    0.024786] pci 0000:00:03.0: BAR 4 [mem 0x00000000-0x00003fff 64bit pref]
[    0.025063] pci 0000:00:01.0: ROM [mem 0x10000000-0x1003ffff pref]: assigned
[    0.025065] pci 0000:00:01.0: BAR 4 [mem 0x8000000000-0x8000003fff 64bit pref]: assigned
[    0.025096] pci 0000:00:02.0: BAR 4 [mem 0x8000004000-0x8000007fff 64bit pref]: assigned
[    0.025132] pci 0000:00:03.0: BAR 4 [mem 0x8000008000-0x800000bfff 64bit pref]: assigned
[    0.025147] pci 0000:00:01.0: BAR 1 [mem 0x10040000-0x10040fff]: assigned
[    0.025152] pci 0000:00:02.0: BAR 1 [mem 0x10041000-0x10041fff]: assigned
[    0.025155] pci 0000:00:03.0: BAR 1 [mem 0x10042000-0x10042fff]: assigned
[    0.025165] pci 0000:00:02.0: BAR 0 [io  0x1000-0x103f]: assigned
[    0.025168] pci 0000:00:01.0: BAR 0 [io  0x1040-0x105f]: assigned
[    0.025172] pci 0000:00:03.0: BAR 0 [io  0x1060-0x107f]: assigned
[    0.025176] pci_bus 0000:00: resource 4 [io  0x0000-0xffff]
[    0.025177] pci_bus 0000:00: resource 5 [mem 0x10000000-0x3efeffff]
[    0.025177] pci_bus 0000:00: resource 6 [mem 0x8000000000-0xffffffffff]
[    0.025862] virtio-pci 0000:00:01.0: enabling device (0000 -> 0003)
[    0.026404] virtio-pci 0000:00:02.0: enabling device (0000 -> 0003)
[    0.028261] virtio-pci 0000:00:03.0: enabling device (0000 -> 0003)
[    0.032260] rtc-pl031 9010000.pl031: registered as rtc0
[    0.032266] rtc-pl031 9010000.pl031: setting system clock to 2026-09-27T09:04:01 UTC (1790499841)
[    0.032361] NET: Registered PF_INET6 protocol family
[    0.032764] Segment Routing with IPv6
[    0.032767] In-situ OAM (IOAM) with IPv6
[    0.032774] sit: IPv6, IPv4 and MPLS over IPv4 tunneling driver
[    0.032830] NET: Registered PF_PACKET protocol family
[    0.032836] 9pnet: Installing 9P2000 support
[    0.037904] clk: Disabling unused clocks
[    0.096957] Freeing initrd memory: 158676K
[    0.097403] Freeing unused kernel memory: 576K
[    0.097457] Run /init as init process
[    0.112470] kjit: loading out-of-tree module taints kernel.
[    0.113491] rust_kjit: ######## Rust KJIT inits ########
[    0.113553] rust_kjit: golden tests/arm64/toy_cfg.s:hot_svc_mark PASS: 668 fragment bytes match harness
kjit-init: insmod kjit.ko ok
k4: iteration 1
k2:   toy_loop: in_kernel=199823 entries=199824 exit_mem=0 exit_budget=0 exit_unsupported=0 fpsimd_entries=0 fpsimd_restores=0 fpsimd_exit_mem=0
k2:   mem_loop: in_kernel=39872 entries=59808 exit_mem=0 exit_budget=0 exit_unsupported=19935 fpsimd_entries=0 fpsimd_restores=0 fpsimd_exit_mem=0
k2:   tight_loop: in_kernel=0 entries=1936 exit_mem=0 exit_budget=1936 exit_unsupported=0 fpsimd_entries=0 fpsimd_restores=0 fpsimd_exit_mem=0
k2:   call_loop: in_kernel=0 entries=1851584 exit_mem=0 exit_budget=0 exit_unsupported=0 fpsimd_entries=0 fpsimd_restores=0 fpsimd_exit_mem=0
k2:   signal_loop: in_kernel=399787 entries=399795 exit_mem=0 exit_budget=0 exit_unsupported=0 fpsimd_entries=0 fpsimd_restores=0 fpsimd_exit_mem=0
k2:   fp_loop: in_kernel=39862 entries=39863 exit_mem=0 exit_budget=0 exit_unsupported=0 fpsimd_entries=39863 fpsimd_restores=0 fpsimd_exit_mem=0
k2:   fp_regs: in_kernel=199823 entries=199824 exit_mem=0 exit_budget=0 exit_unsupported=1 fpsimd_entries=199824 fpsimd_restores=0 fpsimd_exit_mem=0
k2:   fp_switch: in_kernel=79724 entries=79726 exit_mem=0 exit_budget=0 exit_unsupported=2 fpsimd_entries=79726 fpsimd_restores=39858 fpsimd_exit_mem=0
k2:   fp_signal: in_kernel=399766 entries=399789 exit_mem=0 exit_budget=0 exit_unsupported=1 fpsimd_entries=399789 fpsimd_restores=19 fpsimd_exit_mem=0
k2:   fp_budget: in_kernel=0 entries=336 exit_mem=0 exit_budget=336 exit_unsupported=0 fpsimd_entries=336 fpsimd_restores=0 fpsimd_exit_mem=0
k2:   munmap_race: in_kernel=3534585 entries=3534785 exit_mem=0 exit_budget=0 exit_unsupported=0 fpsimd_entries=0 fpsimd_restores=0 fpsimd_exit_mem=0
k2:   seccomp_loop: in_kernel=0 entries=0 exit_mem=0 exit_budget=0 exit_unsupported=0 fpsimd_entries=0 fpsimd_restores=0 fpsimd_exit_mem=0
k2:   ptrace_loop: in_kernel=0 entries=0 exit_mem=0 exit_budget=0 exit_unsupported=0 fpsimd_entries=0 fpsimd_restores=0 fpsimd_exit_mem=0
k2: iteration 1 PASS
k2: ALL PASS (1 iterations, auto=1)
k4-bench: default (redis-benchmark -q -n 100000 ):
k4:     PING_INLINE: 70571.62 requests per second, p50=0.679 msec
k4:     PING_MBULK: 92592.59 requests per second, p50=0.503 msec
k4:     SET: 59630.29 requests per second, p50=0.807 msec
k4:     GET: 69108.50 requests per second, p50=0.687 msec
k4:     INCR: 65832.78 requests per second, p50=0.719 msec
k4:     LPUSH: 49164.21 requests per second, p50=0.983 msec
k4:     RPUSH: 57110.22 requests per second, p50=0.831 msec
k4:     LPOP: 54436.58 requests per second, p50=0.831 msec
k4:     RPOP: 61538.46 requests per second, p50=0.743 msec
k4:     SADD: 61236.99 requests per second, p50=0.775 msec
k4:     HSET: 48076.93 requests per second, p50=1.015 msec
k4:     SPOP: 67567.57 requests per second, p50=0.703 msec
k4:     ZADD: 75301.21 requests per second, p50=0.623 msec
k4:     ZPOPMIN: 102040.81 requests per second, p50=0.447 msec
k4:     LPUSH (needed to benchmark LRANGE): 44903.46 requests per second, p50=1.071 msec
k4:     LRANGE_100 (first 100 elements): 64020.48 requests per second, p50=0.655 msec
k4:     LRANGE_300 (first 300 elements): 33523.30 requests per second, p50=0.775 msec
k4:     LRANGE_500 (first 500 elements): 21048.20 requests per second, p50=1.207 msec
k4:     LRANGE_600 (first 600 elements): 17806.27 requests per second, p50=1.423 msec
k4:     MSET (10 keys): 36075.04 requests per second, p50=1.367 msec
k4:   default: in_kernel=3314340/4208556 syscalls (78.8%) entries=584652473 chains=580448601 chain_cap=0 translated=512 (entry_unsupported=0 compile=0 verify=0 capped=0 neg=0) invalidated=0 released=0
k4:   default: exits svc=3314340 bl=257854205 blr=15899792 br=36044485 ret=271399390 mem=4 unsupported=140257 budget=0 invalid=0 svc_declined=0
k4:   default: fpsimd entries=28544997 restores=0 exit_mem=4 refused_sve_sme=0
k4:   default: entries per hook call: 1-1:6891 2-3:801 4-7:1768 8-15:938 16-31:199026 32-63:1999931 64-127:103793 128-255:824843 256-511:1065881 (chain_max since load 1024)
k4:   default: unsupported_top (word(exits/entry_stops)): 0xfc6c79c0(103987/0) 0x9e630160(36255/0) 0xd503203f(15/0) 
k4:   default: hot: 584652493 fragment entries, 3314340 syscalls in kernel before the event
k4-bench: pipelined (redis-benchmark -q -n 100000 -P 16):
k4:     PING_INLINE: 267379.66 requests per second, p50=2.959 msec
k4:     PING_MBULK: 292397.66 requests per second, p50=2.711 msec
k4:     SET: 284900.28 requests per second, p50=2.791 msec
k4:     GET: 289017.34 requests per second, p50=2.735 msec
k4:     INCR: 280898.88 requests per second, p50=2.847 msec
k4:     LPUSH: 236406.61 requests per second, p50=3.431 msec
k4:     RPUSH: 289855.06 requests per second, p50=2.727 msec
k4:     LPOP: 357142.84 requests per second, p50=2.207 msec
k4:     RPOP: 406504.06 requests per second, p50=1.871 msec
k4:     SADD: 289017.34 requests per second, p50=2.751 msec
k4:     HSET: 275482.09 requests per second, p50=2.927 msec
k4:     SPOP: 295858.00 requests per second, p50=2.711 msec
k4:     ZADD: 793650.75 requests per second, p50=0.975 msec
k4:     ZPOPMIN: 1176470.62 requests per second, p50=0.639 msec
k4:     LPUSH (needed to benchmark LRANGE): 238095.25 requests per second, p50=3.407 msec
k4:     LRANGE_100 (first 100 elements): 137551.58 requests per second, p50=2.927 msec
k4:     LRANGE_300 (first 300 elements): 33852.40 requests per second, p50=12.711 msec
k4:     LRANGE_500 (first 500 elements): 18818.21 requests per second, p50=19.615 msec
k4:     LRANGE_600 (first 600 elements): 15681.36 requests per second, p50=22.719 msec
k4:     MSET (10 keys): 332225.91 requests per second, p50=2.375 msec
k4:   pipelined: in_kernel=114020/288914 syscalls (39.5%) entries=89249559 chains=88989407 chain_cap=71371 translated=0 (entry_unsupported=0 compile=0 verify=0 capped=0 neg=0) invalidated=0 released=0
k4:   pipelined: exits svc=114020 bl=39683441 blr=2188194 br=5763668 ret=41492837 mem=25 unsupported=7374 budget=0 invalid=0 svc_declined=0
k4:   pipelined: fpsimd entries=5239283 restores=0 exit_mem=25 refused_sve_sme=0
k4:   pipelined: entries per hook call: 1-1:19507 2-3:198 4-7:1074 8-15:288 16-31:7891 32-63:106301 64-127:6388 128-255:39117 256-511:6965 512-1023:1052 1024-2047:71371 (chain_max since load 1024)
k4:   pipelined: unsupported_top (word(exits/entry_stops)): 0xfc6c79c0(7359/0) 0xd503203f(15/0) 
k4:   pipelined: hot: 89249572 fragment entries, 114020 syscalls in kernel before the event
k4-bench: clients256 (redis-benchmark -q -n 100000 -c 256):
k4:     PING_INLINE: 56211.35 requests per second, p50=3.839 msec
k4:     PING_MBULK: 75075.07 requests per second, p50=2.919 msec
k4:     SET: 51466.80 requests per second, p50=4.183 msec
k4:     GET: 59880.24 requests per second, p50=3.591 msec
k4:     INCR: 58139.54 requests per second, p50=3.679 msec
k4:     LPUSH: 44563.28 requests per second, p50=4.959 msec
k4:     RPUSH: 51466.80 requests per second, p50=4.223 msec
k4:     LPOP: 50352.47 requests per second, p50=4.855 msec
k4:     RPOP: 58275.06 requests per second, p50=4.135 msec
k4:     SADD: 57971.02 requests per second, p50=3.735 msec
k4:     HSET: 47348.48 requests per second, p50=4.511 msec
k4:     SPOP: 67294.75 requests per second, p50=3.223 msec
k4:     ZADD: 73637.70 requests per second, p50=2.935 msec
k4:     ZPOPMIN: 100401.61 requests per second, p50=2.207 msec
k4:     LPUSH (needed to benchmark LRANGE): 44883.30 requests per second, p50=4.847 msec
k4:     LRANGE_100 (first 100 elements): 64226.07 requests per second, p50=3.375 msec
k4:     LRANGE_300 (first 300 elements): 32164.68 requests per second, p50=3.999 msec
k4:     LRANGE_500 (first 500 elements): 20283.98 requests per second, p50=6.319 msec
k4:     LRANGE_600 (first 600 elements): 17073.59 requests per second, p50=7.519 msec
k4:     MSET (10 keys): 36350.42 requests per second, p50=5.823 msec
k4:   clients256: in_kernel=3309100/4204800 syscalls (78.7%) entries=585788309 chains=581600615 chain_cap=0 translated=0 (entry_unsupported=0 compile=0 verify=0 capped=0 neg=0) invalidated=0 released=0
k4:   clients256: exits svc=3309100 bl=258543590 blr=15855483 br=36039505 ret=271929571 mem=693 unsupported=110367 budget=0 invalid=0 svc_declined=0
k4:   clients256: fpsimd entries=28654493 restores=14 exit_mem=693 refused_sve_sme=0
k4:   clients256: entries per hook call: 1-1:35847 2-3:472 4-7:5148 8-15:286 16-31:146848 32-63:2000874 64-127:102427 128-255:812224 256-511:1083568 (chain_max since load 1024)
k4:   clients256: unsupported_top (word(exits/entry_stops)): 0xfc6c79c0(104710/0) 0x9e630160(5646/0) 0xd503203f(11/0) 
k4:   clients256: hot: 585788329 fragment entries, 3309100 syscalls in kernel before the event
k4-bench: consistency PASS: dbsize 10044 digest 603e069a26083ceb1309ded3186769f0b0809e09 readback sha256 362731776718583235c4f1394cb708151a5c09052efd2c0ace0f6f0f7392fb50 
k4-bench: ALL PASS
[  414.747722] kjit: 0 of 5373 translation requests still queued at unload (freed by the kernel)
[  414.782627] rust_kjit: ######## Rust KJIT exits ########
[  414.908228] rust_kjit: ######## Rust KJIT inits ########
[  414.908273] rust_kjit: golden tests/arm64/toy_cfg.s:hot_svc_mark PASS: 668 fragment bytes match harness
[  415.332190] kjit: 0 of 0 translation requests still queued at unload (freed by the kernel)
[  415.350624] rust_kjit: ######## Rust KJIT exits ########
[  415.484956] rust_kjit: ######## Rust KJIT inits ########
[  415.485012] rust_kjit: golden tests/arm64/toy_cfg.s:hot_svc_mark PASS: 668 fragment bytes match harness
[  415.903924] kjit: 0 of 0 translation requests still queued at unload (freed by the kernel)
[  415.930592] rust_kjit: ######## Rust KJIT exits ########
[  416.063209] rust_kjit: ######## Rust KJIT inits ########
[  416.063259] rust_kjit: golden tests/arm64/toy_cfg.s:hot_svc_mark PASS: 668 fragment bytes match harness
[  416.483898] kjit: 0 of 0 translation requests still queued at unload (freed by the kernel)
[  416.502609] rust_kjit: ######## Rust KJIT exits ########
[  416.628510] rust_kjit: ######## Rust KJIT inits ########
[  416.628561] rust_kjit: golden tests/arm64/toy_cfg.s:hot_svc_mark PASS: 668 fragment bytes match harness
[  417.046850] kjit: 0 of 0 translation requests still queued at unload (freed by the kernel)
[  417.066605] rust_kjit: ######## Rust KJIT exits ########
[  417.187931] rust_kjit: ######## Rust KJIT inits ########
[  417.187976] rust_kjit: golden tests/arm64/toy_cfg.s:hot_svc_mark PASS: 668 fragment bytes match harness
[  428.860195] kjit: 0 of 332 translation requests still queued at unload (freed by the kernel)
[  428.891787] rust_kjit: ######## Rust KJIT exits ########
[  429.022629] rust_kjit: ######## Rust KJIT inits ########
[  429.022684] rust_kjit: golden tests/arm64/toy_cfg.s:hot_svc_mark PASS: 668 fragment bytes match harness
[  429.502964] kjit: 0 of 271 translation requests still queued at unload (freed by the kernel)
[  429.538609] rust_kjit: ######## Rust KJIT exits ########
[  429.664030] rust_kjit: ######## Rust KJIT inits ########
[  429.664072] rust_kjit: golden tests/arm64/toy_cfg.s:hot_svc_mark PASS: 668 fragment bytes match harness
[  430.136127] kjit: 0 of 270 translation requests still queued at unload (freed by the kernel)
[  430.170661] rust_kjit: ######## Rust KJIT exits ########
[  430.299766] rust_kjit: ######## Rust KJIT inits ########
[  430.299810] rust_kjit: golden tests/arm64/toy_cfg.s:hot_svc_mark PASS: 668 fragment bytes match harness
[  430.776296] kjit: 0 of 270 translation requests still queued at unload (freed by the kernel)
[  430.818657] rust_kjit: ######## Rust KJIT exits ########
[  430.948437] rust_kjit: ######## Rust KJIT inits ########
[  430.948479] rust_kjit: golden tests/arm64/toy_cfg.s:hot_svc_mark PASS: 668 fragment bytes match harness
[  431.413988] kjit: 0 of 269 translation requests still queued at unload (freed by the kernel)
[  431.443903] rust_kjit: ######## Rust KJIT exits ########
[  431.564220] rust_kjit: ######## Rust KJIT inits ########
[  431.564517] rust_kjit: golden tests/arm64/toy_cfg.s:hot_svc_mark PASS: 668 fragment bytes match harness
k4-adv: kill9 PASS: kill9 #1: server status 137;kill9 #2: server status 137;kill9 #3: server status 137;
k4:   kill9#1: hot: 19032650 fragment entries, 104081 syscalls in kernel before the event
k4:   kill9#2: hot: 18726083 fragment entries, 102341 syscalls in kernel before the event
k4:   kill9#3: hot: 18843255 fragment entries, 102967 syscalls in kernel before the event
k4:   kill9: in_kernel=398487/478996 syscalls (83.2%) entries=68676456 chains=68204701 chain_cap=0 translated=996 (entry_unsupported=0 compile=0 verify=0 capped=0 neg=0) invalidated=0 released=996
k4:   kill9: exits svc=398487 bl=29497978 blr=2664601 br=3917989 ret=32187578 mem=0 unsupported=9823 budget=0 invalid=0 svc_declined=0
k4:   kill9: fpsimd entries=3124009 restores=1 exit_mem=0 refused_sve_sme=0
k4:   kill9: entries per hook call: 1-1:507 2-3:1627 4-7:3071 8-15:5764 16-31:27035 32-63:235336 64-127:6545 128-255:17294 256-511:174576 (chain_max since load 1024)
k4:   kill9: unsupported_top (word(exits/entry_stops)): 0x9e630160(9820/0) 0xd503203f(3/0) 
k4-adv: sigterm PASS: TERM: server status 0;sigterm: shutdown and clean exit logged;
k4:   TERM: hot: 18492200 fragment entries, 101025 syscalls in kernel before the event
k4:   sigterm: in_kernel=132930/160031 syscalls (83.1%) entries=22909909 chains=22752522 chain_cap=0 translated=332 (entry_unsupported=0 compile=0 verify=0 capped=0 neg=0) invalidated=0 released=332
k4:   sigterm: exits svc=132930 bl=9840226 blr=888973 br=1307000 ret=10737489 mem=0 unsupported=3291 budget=0 invalid=0 svc_declined=0
k4:   sigterm: fpsimd entries=1042139 restores=1 exit_mem=0 refused_sve_sme=0
k4:   sigterm: entries per hook call: 1-1:169 2-3:550 4-7:1023 8-15:1921 16-31:9046 32-63:78488 64-127:2185 128-255:5768 256-511:58237 (chain_max since load 1024)
k4:   sigterm: unsupported_top (word(exits/entry_stops)): 0x9e630160(3289/0) 0xd503203f(2/0) 
k4-adv: sigusr1 PASS: USR1: server status 138;
k4:   USR1: hot: 18920096 fragment entries, 103471 syscalls in kernel before the event
k4:   sigusr1: in_kernel=131767/158768 syscalls (83.0%) entries=22696603 chains=22540400 chain_cap=0 translated=332 (entry_unsupported=0 compile=0 verify=0 capped=0 neg=0) invalidated=0 released=332
k4:   sigusr1: exits svc=131767 bl=9747776 blr=881140 br=1295413 ret=10637225 mem=0 unsupported=3282 budget=0 invalid=0 svc_declined=0
k4:   sigusr1: fpsimd entries=1032352 restores=0 exit_mem=0 refused_sve_sme=0
k4:   sigusr1: entries per hook call: 1-1:169 2-3:542 4-7:1025 8-15:1921 16-31:9084 32-63:77881 64-127:2189 128-255:5765 256-511:57627 (chain_max since load 1024)
k4:   sigusr1: unsupported_top (word(exits/entry_stops)): 0x9e630160(3282/0) 
k4-adv: stopcont PASS: stopcont: load status 0;dbsize 10045 digest a595c3aec0dfe15c636c10750e98bb92f179efe8;
k4:   stopcont: hot: 18775520 fragment entries, 102606 syscalls in kernel before the event
k4:   stopcont: in_kernel=4167867/4412915 syscalls (94.4%) entries=707404013 chains=702995945 chain_cap=0 translated=458 (entry_unsupported=0 compile=0 verify=0 capped=0 neg=0) invalidated=0 released=458
k4:   stopcont: exits svc=4167867 bl=309249430 blr=22423821 br=39100249 ret=332265731 mem=0 unsupported=196915 budget=0 invalid=0 svc_declined=0
k4:   stopcont: fpsimd entries=34107576 restores=328 exit_mem=0 refused_sve_sme=0
k4:   stopcont: entries per hook call: 1-1:795 2-3:918 4-7:1167 8-15:1931 16-31:196793 32-63:2110979 64-127:4545 128-255:28003 256-511:2062937 (chain_max since load 1024)
k4:   stopcont: unsupported_top (word(exits/entry_stops)): 0x9e630160(186182/0) 0xfc6c79c0(10732/0) 0xd503203f(1/0) 
k4-adv: segfault PASS: segfault: server status 139;crashed by signal: 11, si_code: 2;Accessing address: <page-aligned>;segfault: stack trace names debugCommand: yes;segfault: core files 1;
k4:   segfault: hot: 18085548 fragment entries, 98750 syscalls in kernel before the event
k4:   segfault: in_kernel=129660/157774 syscalls (82.2%) entries=22325779 chains=22171758 chain_cap=0 translated=332 (entry_unsupported=0 compile=0 verify=0 capped=0 neg=0) invalidated=0 released=332
k4:   segfault: exits svc=129660 bl=9588436 blr=866668 br=1275215 ret=10462703 mem=0 unsupported=3097 budget=0 invalid=0 svc_declined=0
k4:   segfault: fpsimd entries=1015646 restores=0 exit_mem=0 refused_sve_sme=0
k4:   segfault: entries per hook call: 1-1:174 2-3:650 4-7:1023 8-15:1923 16-31:8849 32-63:76856 64-127:2179 128-255:5772 256-511:56595 (chain_max since load 1024)
k4:   segfault: unsupported_top (word(exits/entry_stops)): 0x9e630160(3094/0) 0xd503203f(3/0) 
k4-adv: bgsave PASS: bgsave: load status 0;bgsave: before restart dbsize 10045 digest a595c3aec0dfe15c636c10750e98bb92f179efe8;bgsave: redis-check-rdb ok;bgsave: after restart dbsize 10045 digest a595c3aec0dfe15c636c10750
k4:   bgsave: hot: 18771309 fragment entries, 102600 syscalls in kernel before the event
k4:   bgsave: in_kernel=4167686/4418858 syscalls (94.3%) entries=705797578 chains=701390035 chain_cap=0 translated=458 (entry_unsupported=0 compile=0 verify=0 capped=0 neg=0) invalidated=0 released=458
k4:   bgsave: exits svc=4167686 bl=308906665 blr=22118276 br=38796657 ret=331612272 mem=25 unsupported=195997 budget=0 invalid=0 svc_declined=0
k4:   bgsave: fpsimd entries=34105211 restores=1605 exit_mem=25 refused_sve_sme=0
k4:   bgsave: entries per hook call: 1-1:923 2-3:953 4-7:1192 8-15:1936 16-31:196086 32-63:2110981 64-127:4537 128-255:28252 256-511:2062683 (chain_max since load 1024)
k4:   bgsave: unsupported_top (word(exits/entry_stops)): 0x9e630160(185218/0) 0xfc6c79c0(10754/0) 0xd503203f(25/0) 
k4-adv: aofrw PASS: aofrw: load status 0;aofrw: before restart dbsize 10045 digest a595c3aec0dfe15c636c10750e98bb92f179efe8;aofrw: after restart from the AOF dbsize 10045 digest a595c3aec0dfe15c636c10750e98bb92f179efe8;
k4:   aofrw: hot: 19170207 fragment entries, 103273 syscalls in kernel before the event
k4:   aofrw: in_kernel=3029167/4565309 syscalls (66.4%) entries=730440517 chains=725887507 chain_cap=0 translated=604 (entry_unsupported=0 compile=0 verify=0 capped=0 neg=0) invalidated=0 released=604
k4:   aofrw: exits svc=3029167 bl=331238284 blr=18410094 br=39328391 ret=336961543 mem=5 unsupported=1473033 budget=0 invalid=0 svc_declined=0
k4:   aofrw: fpsimd entries=37118033 restores=7930 exit_mem=5 refused_sve_sme=0
k4:   aofrw: entries per hook call: 1-1:959 2-3:1575 4-7:2993 8-15:3857 16-31:200263 32-63:2244840 64-127:3833 128-255:28804 256-511:2065886 (chain_max since load 1024)
k4:   aofrw: unsupported_top (word(exits/entry_stops)): 0xfc6c79c0(1416172/0) 0x9e630160(56834/0) 0xd503203f(27/0) 
k4-adv: config PASS: config: 5 module load/unload and config set rounds ok;config: load status 0; misc module still loaded: 0;dbsize 10045 digest a595c3aec0dfe15c636c10750e98bb92f179efe8;
k4:   config: hot: 17889392 fragment entries, 98770 syscalls in kernel before the event
k4:   config: in_kernel=4322385/4685823 syscalls (92.2%) entries=723106625 chains=718434153 chain_cap=0 translated=513 (entry_unsupported=0 compile=0 verify=0 capped=0 neg=0) invalidated=15 released=498
k4:   config: exits svc=4322385 bl=317287165 blr=22174313 br=39396016 ret=339625096 mem=0 unsupported=301650 budget=0 invalid=0 svc_declined=0
k4:   config: fpsimd entries=34658441 restores=71712 exit_mem=0 refused_sve_sme=0
k4:   config: entries per hook call: 1-1:1246 2-3:960 4-7:1308 8-15:2318 16-31:192683 32-63:2245163 64-127:131378 128-255:34196 256-511:2063220 (chain_max since load 1024)
k4:   config: unsupported_top (word(exits/entry_stops)): 0x9e630160(166784/0) 0xbc237800(124094/0) 0xfc6c79c0(10749/0) 0xd503203f(23/0) 
k4-adv: reload PASS: reload: 5 unloads under load; load status 0; ping PONG;dbsize 10045 digest 8630698fcae208583f0c9e6fe598b8d0226d4767;
k4:   reload: hot: 19683296 fragment entries, 107788 syscalls in kernel before the event
k4:   reload: counters of the last load: syscalls_in_kernel 4809747 fragment_entries 809633416 exit_invalid 0 translate_verify_rejected 0 
k4-adv: maxmemory PASS: maxmemory: evicted yes;maxmemory: used within 32mb+1mb yes;maxmemory: noeviction write: OOM command not allowed when used memory;maxmemory: after lifting the limit: OK;
k4:   maxmemory: hot: 17517874 fragment entries, 87676 syscalls in kernel before the event
k4:   maxmemory: in_kernel=773782/840149 syscalls (92.1%) entries=185662531 chains=184826050 chain_cap=0 translated=393 (entry_unsupported=0 compile=0 verify=0 capped=0 neg=0) invalidated=0 released=393
k4:   maxmemory: exits svc=773782 bl=79429044 blr=7957193 br=10004519 ret=87461217 mem=4950 unsupported=31826 budget=0 invalid=0 svc_declined=0
k4:   maxmemory: fpsimd entries=9157859 restores=838 exit_mem=4950 refused_sve_sme=0
k4:   maxmemory: entries per hook call: 1-1:150 2-3:502 4-7:801 8-15:1289 16-31:37735 32-63:398400 64-127:8429 128-255:9858 256-511:357266 512-1023:22051 (chain_max since load 712)
k4:   maxmemory: unsupported_top (word(exits/entry_stops)): 0x9e630160(31819/0) 0xd503203f(4/0) 0x9e630061(3/0) 
k4-adv: ALL PASS
k4: iteration 1 PASS
k4: final stats
k4:   syscalls_in_kernel 5583529
k4:   fragment_entries 995295947
k4:   chains 989381956
k4:   chain_cap 0
k4:   exit_svc 5583529
k4:   exit_bl 434711150
k4:   exit_blr 32395813
k4:   exit_br 54513638
k4:   exit_ret 467830675
k4:   exit_mem 4950
k4:   exit_unsupported 256192
k4:   exit_budget 0
k4:   exit_invalid 0
k4:   svc_declined 0
k4:   translate_ok 796
k4:   translate_exists 0
k4:   translate_text_unreadable 0
k4:   translate_entry_unsupported 0
k4:   translate_compile_failed 0
k4:   translate_encode_failed 0
k4:   translate_verify_rejected 0
k4:   translate_verify_falls_off_end 0
k4:   translate_raced 2
k4:   translate_capped 0
k4:   translate_install_failed 0
k4:   invalidated_fragments 0
k4:   released_fragments 796
k4:   svc_sites_scanned 0
k4:   auto_mm_created 73
k4:   auto_mm_setup_failed 0
k4:   auto_prof_full 0
k4:   auto_hot_negative 0
k4:   auto_hot_capped 0
k4:   auto_hot_queue_full 0
k4:   auto_req_svc_resume 9
k4:   auto_req_exit_target 787
k4:   auto_req_dropped 0
k4:   auto_req_stale 0
k4:   auto_neg_added 0
k4:   auto_neg_evicted 0
k4:   auto_translate_ns 138488380
k4:   unsupported_top_dropped 0
k4:   unsupported_bad_word 0
k4:   fpsimd_entries 48674335
k4:   fpsimd_restores 9192
k4:   fpsimd_exit_mem 4950
k4:   fpsimd_refused_sve_sme 0
k4:   hook_calls 5920612
k4:   fpsimd_run_max_ns 110958
k4:   chain_max 712
k4:   chain_hist_1_1 789
k4:   chain_hist_2_3 1321
k4:   chain_hist_4_7 1713
k4:   chain_hist_8_15 2577
k4:   chain_hist_16_31 257922
k4:   chain_hist_32_63 2827718
k4:   chain_hist_64_127 13414
k4:   chain_hist_128_255 42704
k4:   chain_hist_256_511 2743782
k4:   chain_hist_512_1023 22051
k4: ALL PASS (1 iterations, 100000 requests per benchmark test)
[  489.459990] kjit: 0 of 796 translation requests still queued at unload (freed by the kernel)
[  489.499897] rust_kjit: ######## Rust KJIT exits ########
kjit-init: rmmod kjit ok
kjit-init: run exit=0
[  489.529654] reboot: Power down
