k4-adv: kill9 PASS: kill9 #1: server status 137;kill9 #2: server status 137;kill9 #3: server status 137;
k4:   kill9#1: hot: 1447087 fragment entries, 0 syscalls in kernel before the event
k4:   kill9#2: hot: 1823687 fragment entries, 0 syscalls in kernel before the event
k4:   kill9#3: hot: 1855613 fragment entries, 0 syscalls in kernel before the event
k4:   kill9: in_kernel=0/410960 syscalls (0.0%) entries=6763558 chains=6359865 chain_cap=391779 translated=198 (entry_unsupported=0 compile=0 verify=0 capped=0 neg=0) invalidated=0 released=198
k4:   kill9: exits svc=0 bl=2820574 blr=347885 br=251232 ret=3343867 mem=0 unsupported=0 budget=0 invalid=0 svc_declined=0
k4:   kill9: fpsimd entries=169411 restores=0 exit_mem=0 refused_sve_sme=0
k4:   kill9: unsupported_top (word(exits/entry_stops)): 
k4-adv: sigterm PASS: TERM: server status 0;sigterm: shutdown and clean exit logged;
k4:   TERM: hot: 1869026 fragment entries, 0 syscalls in kernel before the event
k4:   sigterm: in_kernel=0/156523 syscalls (0.0%) entries=2581676 chains=2427860 chain_cap=149836 translated=66 (entry_unsupported=0 compile=0 verify=0 capped=0 neg=0) invalidated=0 released=66
k4:   sigterm: exits svc=0 bl=1072859 blr=139283 br=89478 ret=1280056 mem=0 unsupported=0 budget=0 invalid=0 svc_declined=0
k4:   sigterm: fpsimd entries=62203 restores=2 exit_mem=0 refused_sve_sme=0
k4:   sigterm: unsupported_top (word(exits/entry_stops)): 
k4-adv: sigusr1 PASS: USR1: server status 138;
k4:   USR1: hot: 1834771 fragment entries, 0 syscalls in kernel before the event
k4:   sigusr1: in_kernel=0/141034 syscalls (0.0%) entries=2320971 chains=2182498 chain_cap=134502 translated=66 (entry_unsupported=0 compile=0 verify=0 capped=0 neg=0) invalidated=0 released=66
k4:   sigusr1: exits svc=0 bl=966500 blr=121976 br=84697 ret=1147798 mem=0 unsupported=0 budget=0 invalid=0 svc_declined=0
k4:   sigusr1: fpsimd entries=57422 restores=0 exit_mem=0 refused_sve_sme=0
k4:   sigusr1: unsupported_top (word(exits/entry_stops)): 
k4-adv: stopcont PASS: stopcont: load status 0;dbsize 10045 digest a595c3aec0dfe15c636c10750e98bb92f179efe8;
k4:   stopcont: hot: 1794820 fragment entries, 0 syscalls in kernel before the event
k4:   stopcont: in_kernel=0/5925328 syscalls (0.0%) entries=100591011 chains=94670795 chain_cap=5914876 translated=67 (entry_unsupported=0 compile=0 verify=0 capped=0 neg=0) invalidated=0 released=67
k4:   stopcont: exits svc=0 bl=41813465 blr=5135936 br=2139246 ret=51502364 mem=0 unsupported=0 budget=0 invalid=0 svc_declined=0
k4:   stopcont: fpsimd entries=2111975 restores=0 exit_mem=0 refused_sve_sme=0
k4:   stopcont: unsupported_top (word(exits/entry_stops)): 
k4-adv: segfault PASS: segfault: server status 139;crashed by signal: 11, si_code: 2;Accessing address: <page-aligned>;segfault: stack trace names debugCommand: yes;segfault: core files 1;
k4:   segfault: hot: 1670211 fragment entries, 0 syscalls in kernel before the event
k4:   segfault: in_kernel=0/133276 syscalls (0.0%) entries=2166873 chains=2037370 chain_cap=125418 translated=66 (entry_unsupported=0 compile=0 verify=0 capped=0 neg=0) invalidated=0 released=66
k4:   segfault: exits svc=0 bl=905501 blr=107933 br=82489 ret=1070950 mem=0 unsupported=0 budget=0 invalid=0 svc_declined=0
k4:   segfault: fpsimd entries=55220 restores=0 exit_mem=0 refused_sve_sme=0
k4:   segfault: unsupported_top (word(exits/entry_stops)): 
k4-adv: bgsave PASS: bgsave: load status 0;bgsave: before restart dbsize 10045 digest a595c3aec0dfe15c636c10750e98bb92f179efe8;bgsave: redis-check-rdb ok;bgsave: after restart dbsize 10045 digest a595c3aec0dfe15c636c10750
k4:   bgsave: hot: 1684037 fragment entries, 0 syscalls in kernel before the event
k4:   bgsave: in_kernel=0/5924530 syscalls (0.0%) entries=100459211 chains=94546576 chain_cap=5907089 translated=67 (entry_unsupported=0 compile=0 verify=0 capped=0 neg=0) invalidated=0 released=67
k4:   bgsave: exits svc=0 bl=41766970 blr=5112476 br=2139269 ret=51440496 mem=0 unsupported=0 budget=0 invalid=0 svc_declined=0
k4:   bgsave: fpsimd entries=2111999 restores=0 exit_mem=0 refused_sve_sme=0
k4:   bgsave: unsupported_top (word(exits/entry_stops)): 
k4-adv: aofrw PASS: aofrw: load status 0;aofrw: before restart dbsize 10045 digest a595c3aec0dfe15c636c10750e98bb92f179efe8;aofrw: after restart from the AOF dbsize 10045 digest a595c3aec0dfe15c636c10750e98bb92f179efe8;
k4:   aofrw: hot: 1913957 fragment entries, 0 syscalls in kernel before the event
k4:   aofrw: in_kernel=0/5029183 syscalls (0.0%) entries=85159862 chains=80144900 chain_cap=5003745 translated=111 (entry_unsupported=0 compile=0 verify=0 capped=0 neg=0) invalidated=0 released=111
k4:   aofrw: exits svc=0 bl=36771775 blr=1993428 br=2140710 ret=44253949 mem=0 unsupported=0 budget=0 invalid=0 svc_declined=0
k4:   aofrw: fpsimd entries=2388046 restores=40 exit_mem=0 refused_sve_sme=0
k4:   aofrw: unsupported_top (word(exits/entry_stops)): 
k4-adv: config PASS: config: 5 module load/unload and config set rounds ok;config: load status 0; misc module still loaded: 0;dbsize 10045 digest a595c3aec0dfe15c636c10750e98bb92f179efe8;
k4:   config: hot: 1561518 fragment entries, 0 syscalls in kernel before the event
k4:   config: in_kernel=0/5736997 syscalls (0.0%) entries=97232933 chains=91509555 chain_cap=5717018 translated=75 (entry_unsupported=0 compile=0 verify=0 capped=0 neg=0) invalidated=0 released=75
k4:   config: exits svc=0 bl=41771447 blr=2256527 br=2561126 ret=50643833 mem=0 unsupported=0 budget=0 invalid=0 svc_declined=0
k4:   config: fpsimd entries=2493018 restores=1 exit_mem=0 refused_sve_sme=0
k4:   config: unsupported_top (word(exits/entry_stops)): 
k4-adv: reload PASS: reload: 5 unloads under load; load status 0; ping PONG;dbsize 10045 digest 8630698fcae208583f0c9e6fe598b8d0226d4767;
k4:   reload: hot: 1939744 fragment entries, 0 syscalls in kernel before the event
k4:   reload: counters of the last load: syscalls_in_kernel 0 fragment_entries 127107866 exit_invalid 0 translate_verify_rejected 0 
k4-adv: maxmemory PASS: maxmemory: evicted yes;maxmemory: used within 32mb+1mb yes;maxmemory: noeviction write: OOM command not allowed when used memory;maxmemory: after lifting the limit: OK;
k4:   maxmemory: hot: 1902482 fragment entries, 0 syscalls in kernel before the event
k4:   maxmemory: in_kernel=0/1138258 syscalls (0.0%) entries=19262553 chains=18127932 chain_cap=1131694 translated=46 (entry_unsupported=0 compile=0 verify=0 capped=0 neg=0) invalidated=0 released=46
k4:   maxmemory: exits svc=0 bl=7996291 blr=1002556 br=399019 ret=9864687 mem=0 unsupported=0 budget=0 invalid=0 svc_declined=0
k4:   maxmemory: fpsimd entries=398955 restores=1 exit_mem=0 refused_sve_sme=0
k4:   maxmemory: unsupported_top (word(exits/entry_stops)): 
k4-adv: ALL PASS
