k2:   toy_loop: in_kernel=199823 entries=199824 exit_mem=0 exit_budget=0 exit_unsupported=0 fpsimd_entries=0 fpsimd_restores=0 fpsimd_exit_mem=0
k2:   toy_loop: 199823 of 200000 syscalls in kernel (99.91%)
k2:   mem_loop: in_kernel=39872 entries=59808 exit_mem=0 exit_budget=0 exit_unsupported=19935 fpsimd_entries=0 fpsimd_restores=0 fpsimd_exit_mem=0
k2:   tight_loop: in_kernel=0 entries=1936 exit_mem=0 exit_budget=1936 exit_unsupported=0 fpsimd_entries=0 fpsimd_restores=0 fpsimd_exit_mem=0
k2:   signal_loop: in_kernel=399837 entries=399872 exit_mem=0 exit_budget=0 exit_unsupported=0 fpsimd_entries=0 fpsimd_restores=0 fpsimd_exit_mem=0
k2:   signal_loop: 101 alarms handled
k2:   fp_loop: in_kernel=39862 entries=39863 exit_mem=0 exit_budget=0 exit_unsupported=0 fpsimd_entries=39863 fpsimd_restores=0 fpsimd_exit_mem=0
k2:   fp_regs: in_kernel=199823 entries=199824 exit_mem=0 exit_budget=0 exit_unsupported=1 fpsimd_entries=199824 fpsimd_restores=0 fpsimd_exit_mem=0
k2:   fp_switch: in_kernel=79724 entries=79726 exit_mem=0 exit_budget=0 exit_unsupported=2 fpsimd_entries=79726 fpsimd_restores=39863 fpsimd_exit_mem=0
k2:   fp_signal: in_kernel=399763 entries=399873 exit_mem=0 exit_budget=0 exit_unsupported=1 fpsimd_entries=399873 fpsimd_restores=80 fpsimd_exit_mem=0
k2:   fp_signal: 189 alarms handled
k2:   fp_fault demand: in_kernel=447 entries=896 exit_mem=448 exit_budget=0 exit_unsupported=0 fpsimd_entries=896 fpsimd_restores=0 fpsimd_exit_mem=448
k2:   fpsimd_run_max_ns=91791 before fp_budget
k2:   fp_budget: in_kernel=0 entries=336 exit_mem=0 exit_budget=336 exit_unsupported=0 fpsimd_entries=336 fpsimd_restores=0 fpsimd_exit_mem=0
k2:   fpsimd_run_max_ns=272583 after fp_budget
k2:   munmap_race: in_kernel=685301 entries=685433 exit_mem=0 exit_budget=0 exit_unsupported=0 fpsimd_entries=0 fpsimd_restores=0 fpsimd_exit_mem=0
k2:   Segmentation fault
k2:   seccomp_loop: in_kernel=0 entries=0 exit_mem=0 exit_budget=0 exit_unsupported=0 fpsimd_entries=0 fpsimd_restores=0 fpsimd_exit_mem=0
k2:   ptrace_loop: in_kernel=0 entries=0 exit_mem=0 exit_budget=0 exit_unsupported=0 fpsimd_entries=0 fpsimd_restores=0 fpsimd_exit_mem=0
Killed
Killed
k2: iteration 1 PASS
k2: stats
k2:   syscalls_in_kernel 6132472
k2:   fragment_entries 150236762
k2:   chains 135527665
k2:   chain_cap 8453004
k2:   exit_svc 6132616
k2:   exit_bl 59911539
k2:   exit_blr 7210600
k2:   exit_br 3064487
k2:   exit_ret 73801939
k2:   exit_mem 454
k2:   exit_unsupported 19939
k2:   exit_budget 95188
k2:   exit_invalid 0
k2:   svc_declined 144
k2:   translate_ok 140
k2:   translate_exists 0
k2:   translate_text_unreadable 0
k2:   translate_entry_unsupported 0
k2:   translate_compile_failed 0
k2:   translate_encode_failed 0
k2:   translate_verify_rejected 0
k2:   translate_verify_falls_off_end 0
k2:   translate_raced 0
k2:   translate_capped 0
k2:   translate_install_failed 0
k2:   invalidated_fragments 1
k2:   released_fragments 139
k2:   svc_sites_scanned 0
k2:   auto_mm_created 286
k2:   auto_mm_setup_failed 0
k2:   auto_prof_full 0
k2:   auto_hot_negative 0
k2:   auto_hot_capped 0
k2:   auto_hot_queue_full 0
k2:   auto_req_svc_resume 44
k2:   auto_req_exit_target 96
k2:   auto_req_dropped 0
k2:   auto_req_stale 0
k2:   auto_neg_added 0
k2:   auto_neg_evicted 0
k2:   auto_translate_ns 100446617
k2:   unsupported_top_dropped 0
k2:   unsupported_bad_word 0
k2:   fpsimd_entries 3833139
k2:   fpsimd_restores 39943
k2:   fpsimd_exit_mem 451
k2:   fpsimd_refused_sve_sme 0
k2:   hook_calls 14769488
k2:   fpsimd_run_max_ns 272583
k2: ALL PASS (1 iterations, auto=1)
