[    0.000000] Booting Linux on physical CPU 0x0000000000 [0x610f0000]
[    0.000000] Linux version 7.1.0-rc1+ (@kjit-dev-container) (Ubuntu clang version 18.1.3 (1ubuntu1), Ubuntu LLD 18.1.3) #9 SMP PREEMPT Sun Sep 27 02:41:53 UTC 2026
[    0.000000] random: crng init done
[    0.000000] Machine model: linux,dummy-virt
[    0.000000] OF: reserved mem: Reserved memory: No reserved-memory node in the DT
[    0.000000] KernelAddressSanitizer initialized (generic)
[    0.000000] psci: probing for conduit method from DT.
[    0.000000] psci: PSCIv1.1 detected in firmware.
[    0.000000] psci: Using standard PSCI v0.2 function IDs
[    0.000000] psci: Trusted OS migration not required
[    0.000000] psci: SMC Calling Convention v1.0
[    0.000000] Zone ranges:
[    0.000000]   Normal   [mem 0x0000000040000000-0x000000013fffffff]
[    0.000000] Movable zone start for each node
[    0.000000] Early memory node ranges
[    0.000000]   node   0: [mem 0x0000000040000000-0x000000013fffffff]
[    0.000000] Initmem setup node 0 [mem 0x0000000040000000-0x000000013fffffff]
[    0.000000] percpu: Embedded 29 pages/cpu s79952 r8192 d30640 u118784
[    0.000000] Detected PIPT I-cache on CPU0
[    0.000000] CPU features: detected: Address authentication (IMP DEF algorithm)
[    0.000000] CPU features: detected: Spectre-v4
[    0.000000] CPU features: detected: Spectre-BHB
[    0.000000] alternatives: applying boot alternatives
[    0.000000] Kernel command line: console=ttyAMA0 panic=-1 nokaslr
[    0.000000] Unknown kernel command line parameters "nokaslr", will be passed to user space.
[    0.000000] printk: log buffer data + meta data: 131072 + 458752 = 589824 bytes
[    0.000000] Dentry cache hash table entries: 524288 (order: 10, 4194304 bytes, linear)
[    0.000000] Inode-cache hash table entries: 262144 (order: 9, 2097152 bytes, linear)
[    0.000000] software IO TLB: SWIOTLB bounce buffer size adjusted to 4MB
[    0.000000] software IO TLB: area num 4.
[    0.000000] software IO TLB: mapped [mem 0x000000011a600000-0x000000011aa00000] (4MB)
[    0.000000] Built 1 zonelists, mobility grouping on.  Total pages: 1048576
[    0.000000] mem auto-init: stack:all(zero), heap alloc:off, heap free:off
[    0.000000] stackdepot: allocating hash table via alloc_large_system_hash
[    0.000000] stackdepot hash table entries: 1048576 (order: 12, 16777216 bytes, linear)
[    0.000000] stackdepot: allocating space for 8192 stack pools via memblock
[    0.000000] SLUB: HWalign=64, Order=0-3, MinObjects=0, CPUs=4, Nodes=1
[    0.000000] Running RCU self tests
[    0.000000] Running RCU synchronous self tests
[    0.000000] rcu: Preemptible hierarchical RCU implementation.
[    0.000000] rcu: 	RCU lockdep checking is enabled.
[    0.000000] rcu: 	RCU restricting CPUs from NR_CPUS=512 to nr_cpu_ids=4.
[    0.000000] 	Trampoline variant of Tasks RCU enabled.
[    0.000000] 	Tracing variant of Tasks RCU enabled.
[    0.000000] rcu: RCU calculated value of scheduler-enlistment delay is 25 jiffies.
[    0.000000] rcu: Adjusting geometry for rcu_fanout_leaf=16, nr_cpu_ids=4
[    0.000000] Running RCU synchronous self tests
[    0.000000] RCU Tasks: Setting shift to 2 and lim to 1 rcu_task_cb_adjust=1 rcu_task_cpu_ids=4.
[    0.000000] NR_IRQS: 64, nr_irqs: 64, preallocated irqs: 0
[    0.000000] Root IRQ handler: gic_handle_irq
[    0.000000] GICv2m: range[mem 0x08020000-0x08020fff], SPI[80:143]
[    0.000000] rcu: srcu_init: Setting srcu_struct sizes based on contention.
[    0.000000] arch_timer: cp15 timer running at 24.00MHz (virt).
[    0.000000] clocksource: arch_sys_counter: mask: 0xffffffffffffff max_cycles: 0x588fe9dc0, max_idle_ns: 440795202592 ns
[    0.000000] sched_clock: 56 bits at 24MHz, resolution 41ns, wraps every 4398046511097ns
[    0.000172] Console: colour dummy device 80x25
[    0.000177] Lock dependency validator: Copyright (c) 2006 Red Hat, Inc., Ingo Molnar
[    0.000178] ... MAX_LOCKDEP_SUBCLASSES:  8
[    0.000179] ... MAX_LOCK_DEPTH:          48
[    0.000180] ... MAX_LOCKDEP_KEYS:        8192
[    0.000181] ... CLASSHASH_SIZE:          4096
[    0.000182] ... MAX_LOCKDEP_ENTRIES:     32768
[    0.000182] ... MAX_LOCKDEP_CHAINS:      65536
[    0.000183] ... CHAINHASH_SIZE:          32768
[    0.000184]  memory used by lock dependency info: 6429 kB
[    0.000187]  memory used for stack traces: 16896 kB
[    0.000189]  per task-struct memory footprint: 1920 bytes
[    0.000204] Calibrating delay loop (skipped), value calculated using timer frequency.. 48.00 BogoMIPS (lpj=96000)
[    0.000207] pid_max: default: 32768 minimum: 301
[    0.000610] Mount-cache hash table entries: 8192 (order: 4, 65536 bytes, linear)
[    0.000622] Mountpoint-cache hash table entries: 8192 (order: 4, 65536 bytes, linear)
[    0.001030] VFS: Finished mounting rootfs on nullfs
[    0.001621] Running RCU synchronous self tests
[    0.001623] Running RCU synchronous self tests
[    0.001927] cacheinfo: Unable to detect cache hierarchy for CPU 0
[    0.012392] rcu: Hierarchical SRCU implementation.
[    0.012394] rcu: 	Max phase no-delay instances is 1000.
[    0.012553] Timer migration: 1 hierarchy levels; 8 children per group; 1 crossnode level
[    0.017014] smp: Bringing up secondary CPUs ...
[    0.041304] Detected PIPT I-cache on CPU1
[    0.041412] CPU1: Booted secondary processor 0x0000000001 [0x610f0000]
[    0.065287] Detected PIPT I-cache on CPU2
[    0.065414] CPU2: Booted secondary processor 0x0000000002 [0x610f0000]
[    0.089546] Detected PIPT I-cache on CPU3
[    0.089685] CPU3: Booted secondary processor 0x0000000003 [0x610f0000]
[    0.089834] smp: Brought up 1 node, 4 CPUs
[    0.089837] SMP: Total of 4 processors activated.
[    0.089838] CPU: All CPU(s) started at EL1
[    0.089840] CPU features: detected: ARMv8.4 Translation Table Level
[    0.089841] CPU features: detected: Data cache clean to the PoU not required for I/D coherence
[    0.089842] CPU features: detected: CRC32 instructions
[    0.089843] CPU features: detected: Data independent timing control (DIT)
[    0.089844] CPU features: detected: E0PD
[    0.089846] CPU features: detected: Generic authentication (IMP DEF algorithm)
[    0.089847] CPU features: detected: RCpc load-acquire (LDAPR)
[    0.089848] CPU features: detected: LSE atomic instructions
[    0.089849] CPU features: detected: Privileged Access Never
[    0.089850] CPU features: detected: Speculation barrier (SB)
[    0.089851] CPU features: detected: TLB range maintenance instructions
[    0.089852] CPU features: detected: XNX
[    0.089966] alternatives: applying system-wide alternatives
[    0.092105] Memory: 3354440K/4194304K available (14720K kernel code, 3344K rwdata, 4420K rodata, 832K init, 23997K bss, 834216K reserved, 0K cma-reserved)
[    0.093095] devtmpfs: initialized
[    0.096524] Running RCU synchronous self tests
[    0.096541] Running RCU synchronous self tests
[    0.096674] Running RCU Tasks wait API self tests
[    0.220953] Running RCU Tasks Trace wait API self tests
[    0.221205] clocksource: jiffies: mask: 0xffffffff max_cycles: 0xffffffff, max_idle_ns: 7645041785100000 ns
[    0.221272] posixtimers hash table entries: 2048 (order: 6, 147456 bytes, linear)
[    0.221433] futex hash table entries: 1024 (131072 bytes on 1 NUMA nodes, total 128 KiB, linear).
[    0.221510] 20896 pages in range for non-PLT usage
[    0.221511] 512416 pages in range for PLT usage
[    0.222103] NET: Registered PF_NETLINK/PF_ROUTE protocol family
[    0.222976] DMA: preallocated 512 KiB GFP_KERNEL pool for atomic allocations
[    0.223462] ASID allocator initialised with 256 entries
[    0.223576] Serial: AMBA PL011 UART driver
[    0.227555] 9000000.pl011: ttyAMA0 at MMIO 0x9000000 (irq = 13, base_baud = 0) is a PL011 rev1
[    0.227749] printk: console [ttyAMA0] enabled
[    0.238001] Callback from call_rcu_tasks_trace() invoked.
[    0.242634] vgaarb: loaded
[    0.242881] clocksource: Switched to clocksource arch_sys_counter
[    0.260136] NET: Registered PF_INET protocol family
[    0.260373] IP idents hash table entries: 65536 (order: 7, 524288 bytes, linear)
[    0.261414] tcp_listen_portaddr_hash hash table entries: 2048 (order: 6, 147456 bytes, linear)
[    0.261453] Table-perturb hash table entries: 65536 (order: 6, 262144 bytes, linear)
[    0.261484] TCP established hash table entries: 32768 (order: 6, 262144 bytes, linear)
[    0.261808] TCP bind hash table entries: 32768 (order: 11, 4718592 bytes, vmalloc hugepage)
[    0.263137] TCP: Hash tables configured (established 32768 bind 32768)
[    0.263239] UDP hash table entries: 2048 (order: 7, 524288 bytes, linear)
[    0.263483] NET: Registered PF_UNIX/PF_LOCAL protocol family
[    0.263536] PCI: CLS 0 bytes, default 64
[    0.264148] Unpacking initramfs...
[    0.268337] workingset: timestamp_bits=46 (anon: 42) max_order=20 bucket_order=0 (anon: 0)
[    0.268765] 9p: Installing v9fs 9p2000 file system support
[    0.269664] pci-host-generic 4010000000.pcie: host bridge /pcie@10000000 ranges:
[    0.269705] pci-host-generic 4010000000.pcie:       IO 0x003eff0000..0x003effffff -> 0x0000000000
[    0.269741] pci-host-generic 4010000000.pcie:      MEM 0x0010000000..0x003efeffff -> 0x0010000000
[    0.269763] pci-host-generic 4010000000.pcie:      MEM 0x8000000000..0xffffffffff -> 0x8000000000
[    0.269803] pci-host-generic 4010000000.pcie: Memory resource size exceeds max for 32 bits
[    0.282207] pci-host-generic 4010000000.pcie: ECAM at [mem 0x4010000000-0x401fffffff] for [bus 00-ff]
[    0.282509] pci-host-generic 4010000000.pcie: PCI host bridge to bus 0000:00
[    0.282521] pci_bus 0000:00: root bus resource [bus 00-ff]
[    0.282525] pci_bus 0000:00: root bus resource [io  0x0000-0xffff]
[    0.282527] pci_bus 0000:00: root bus resource [mem 0x10000000-0x3efeffff]
[    0.282529] pci_bus 0000:00: root bus resource [mem 0x8000000000-0xffffffffff]
[    0.282637] pci 0000:00:00.0: [1b36:0008] type 00 class 0x060000 conventional PCI endpoint
[    0.283351] pci 0000:00:01.0: [1af4:1000] type 00 class 0x020000 conventional PCI endpoint
[    0.283602] pci 0000:00:01.0: BAR 0 [io  0x0000-0x001f]
[    0.283608] pci 0000:00:01.0: BAR 1 [mem 0x00000000-0x00000fff]
[    0.283635] pci 0000:00:01.0: BAR 4 [mem 0x00000000-0x00003fff 64bit pref]
[    0.283640] pci 0000:00:01.0: ROM [mem 0x00000000-0x0003ffff pref]
[    0.284178] pci 0000:00:02.0: [1af4:1009] type 00 class 0x000200 conventional PCI endpoint
[    0.284302] pci 0000:00:02.0: BAR 0 [io  0x0000-0x003f]
[    0.284309] pci 0000:00:02.0: BAR 1 [mem 0x00000000-0x00000fff]
[    0.284321] pci 0000:00:02.0: BAR 4 [mem 0x00000000-0x00003fff 64bit pref]
[    0.284892] pci 0000:00:03.0: [1af4:1005] type 00 class 0x00ff00 conventional PCI endpoint
[    0.285181] pci 0000:00:03.0: BAR 0 [io  0x0000-0x001f]
[    0.285186] pci 0000:00:03.0: BAR 1 [mem 0x00000000-0x00000fff]
[    0.285201] pci 0000:00:03.0: BAR 4 [mem 0x00000000-0x00003fff 64bit pref]
[    0.285876] pci 0000:00:01.0: ROM [mem 0x10000000-0x1003ffff pref]: assigned
[    0.285880] pci 0000:00:01.0: BAR 4 [mem 0x8000000000-0x8000003fff 64bit pref]: assigned
[    0.285927] pci 0000:00:02.0: BAR 4 [mem 0x8000004000-0x8000007fff 64bit pref]: assigned
[    0.286021] pci 0000:00:03.0: BAR 4 [mem 0x8000008000-0x800000bfff 64bit pref]: assigned
[    0.286041] pci 0000:00:01.0: BAR 1 [mem 0x10040000-0x10040fff]: assigned
[    0.286047] pci 0000:00:02.0: BAR 1 [mem 0x10041000-0x10041fff]: assigned
[    0.286075] pci 0000:00:03.0: BAR 1 [mem 0x10042000-0x10042fff]: assigned
[    0.286105] pci 0000:00:02.0: BAR 0 [io  0x1000-0x103f]: assigned
[    0.286113] pci 0000:00:01.0: BAR 0 [io  0x1040-0x105f]: assigned
[    0.286132] pci 0000:00:03.0: BAR 0 [io  0x1060-0x107f]: assigned
[    0.286148] pci_bus 0000:00: resource 4 [io  0x0000-0xffff]
[    0.286150] pci_bus 0000:00: resource 5 [mem 0x10000000-0x3efeffff]
[    0.286152] pci_bus 0000:00: resource 6 [mem 0x8000000000-0xffffffffff]
[    0.289518] virtio-pci 0000:00:01.0: enabling device (0000 -> 0003)
[    0.290513] virtio-pci 0000:00:02.0: enabling device (0000 -> 0003)
[    0.291573] virtio-pci 0000:00:03.0: enabling device (0000 -> 0003)
[    0.323175] Callback from call_rcu_tasks() invoked.
[    0.356172] rtc-pl031 9010000.pl031: registered as rtc0
[    0.356224] rtc-pl031 9010000.pl031: setting system clock to 2026-09-27T02:57:20 UTC (1790477840)
[    0.356896] NET: Registered PF_INET6 protocol family
[    0.357846] Segment Routing with IPv6
[    0.357923] In-situ OAM (IOAM) with IPv6
[    0.358035] sit: IPv6, IPv4 and MPLS over IPv4 tunneling driver
[    0.358572] NET: Registered PF_PACKET protocol family
[    0.358596] 9pnet: Installing 9P2000 support
[    0.379266] clk: Disabling unused clocks
[    0.513730] Freeing initrd memory: 153360K
[    0.514332] Freeing unused kernel memory: 832K
[    0.514419] Run /init as init process
k4-suite: kjit=0 runtest --clients 16 --dump-logs
k4-suite: ok=2857 err=0 skip=0 ignore=15
k4-suite: done (runtest exit 0)
kjit-init: run exit=0
[  270.885530] reboot: Power down
