[    0.000000] Booting Linux on physical CPU 0x0000000000 [0x610f0000]
[    0.000000] Linux version 7.1.0-rc1 (@6906d107117b) (Ubuntu clang version 18.1.3 (1ubuntu1), Ubuntu LLD 18.1.3) #1 SMP PREEMPT Fri Oct  2 08:37:58 UTC 2026
[    0.000000] random: crng init done
[    0.000000] Machine model: linux,dummy-virt
[    0.000000] OF: reserved mem: Reserved memory: No reserved-memory node in the DT
[    0.000000] psci: probing for conduit method from DT.
[    0.000000] psci: PSCIv1.1 detected in firmware.
[    0.000000] psci: Using standard PSCI v0.2 function IDs
[    0.000000] psci: Trusted OS migration not required
[    0.000000] psci: SMC Calling Convention v1.0
[    0.000000] Zone ranges:
[    0.000000]   Normal   [mem 0x0000000040000000-0x000000013fffffff]
[    0.000000] Movable zone start for each node
[    0.000000] Early memory node ranges
[    0.000000]   node   0: [mem 0x0000000040000000-0x000000013fffffff]
[    0.000000] Initmem setup node 0 [mem 0x0000000040000000-0x000000013fffffff]
[    0.000000] percpu: Embedded 19 pages/cpu s38488 r8192 d31144 u77824
[    0.000000] Detected PIPT I-cache on CPU0
[    0.000000] CPU features: detected: Address authentication (IMP DEF algorithm)
[    0.000000] CPU features: detected: Spectre-v4
[    0.000000] CPU features: detected: Spectre-BHB
[    0.000000] alternatives: applying boot alternatives
[    0.000000] Kernel command line: console=ttyAMA0 panic=-1 nokaslr
[    0.000000] Unknown kernel command line parameters "nokaslr", will be passed to user space.
[    0.000000] printk: log buffer data + meta data: 131072 + 458752 = 589824 bytes
[    0.000000] Dentry cache hash table entries: 524288 (order: 10, 4194304 bytes, linear)
[    0.000000] Inode-cache hash table entries: 262144 (order: 9, 2097152 bytes, linear)
[    0.000000] software IO TLB: SWIOTLB bounce buffer size adjusted to 4MB
[    0.000000] software IO TLB: area num 4.
[    0.000000] software IO TLB: mapped [mem 0x000000013ac00000-0x000000013b000000] (4MB)
[    0.000000] Built 1 zonelists, mobility grouping on.  Total pages: 1048576
[    0.000000] mem auto-init: stack:all(zero), heap alloc:off, heap free:off
[    0.000000] SLUB: HWalign=64, Order=0-3, MinObjects=0, CPUs=4, Nodes=1
[    0.000000] rcu: Preemptible hierarchical RCU implementation.
[    0.000000] rcu: 	RCU restricting CPUs from NR_CPUS=512 to nr_cpu_ids=4.
[    0.000000] rcu: RCU calculated value of scheduler-enlistment delay is 25 jiffies.
[    0.000000] rcu: Adjusting geometry for rcu_fanout_leaf=16, nr_cpu_ids=4
[    0.000000] NR_IRQS: 64, nr_irqs: 64, preallocated irqs: 0
[    0.000000] Root IRQ handler: gic_handle_irq
[    0.000000] GICv2m: range[mem 0x08020000-0x08020fff], SPI[80:143]
[    0.000000] rcu: srcu_init: Setting srcu_struct sizes based on contention.
[    0.000000] arch_timer: cp15 timer running at 24.00MHz (virt).
[    0.000000] clocksource: arch_sys_counter: mask: 0xffffffffffffff max_cycles: 0x588fe9dc0, max_idle_ns: 440795202592 ns
[    0.000000] sched_clock: 56 bits at 24MHz, resolution 41ns, wraps every 4398046511097ns
[    0.000106] Console: colour dummy device 80x25
[    0.000113] Calibrating delay loop (skipped), value calculated using timer frequency.. 48.00 BogoMIPS (lpj=96000)
[    0.000117] pid_max: default: 32768 minimum: 301
[    0.000250] Mount-cache hash table entries: 8192 (order: 4, 65536 bytes, linear)
[    0.000258] Mountpoint-cache hash table entries: 8192 (order: 4, 65536 bytes, linear)
[    0.000328] VFS: Finished mounting rootfs on nullfs
[    0.000464] cacheinfo: Unable to detect cache hierarchy for CPU 0
[    0.000567] rcu: Hierarchical SRCU implementation.
[    0.000567] rcu: 	Max phase no-delay instances is 1000.
[    0.000585] Timer migration: 1 hierarchy levels; 8 children per group; 1 crossnode level
[    0.000619] smp: Bringing up secondary CPUs ...
[    0.000830] Detected PIPT I-cache on CPU1
[    0.000925] CPU1: Booted secondary processor 0x0000000001 [0x610f0000]
[    0.001235] Detected PIPT I-cache on CPU2
[    0.001330] CPU2: Booted secondary processor 0x0000000002 [0x610f0000]
[    0.001649] Detected PIPT I-cache on CPU3
[    0.001788] CPU3: Booted secondary processor 0x0000000003 [0x610f0000]
[    0.001891] smp: Brought up 1 node, 4 CPUs
[    0.001892] SMP: Total of 4 processors activated.
[    0.001893] CPU: All CPU(s) started at EL1
[    0.001894] CPU features: detected: ARMv8.4 Translation Table Level
[    0.001895] CPU features: detected: Data cache clean to the PoU not required for I/D coherence
[    0.001895] CPU features: detected: CRC32 instructions
[    0.001895] CPU features: detected: Data independent timing control (DIT)
[    0.001896] CPU features: detected: E0PD
[    0.001896] CPU features: detected: Generic authentication (IMP DEF algorithm)
[    0.001897] CPU features: detected: RCpc load-acquire (LDAPR)
[    0.001897] CPU features: detected: LSE atomic instructions
[    0.001898] CPU features: detected: Privileged Access Never
[    0.001898] CPU features: detected: Speculation barrier (SB)
[    0.001898] CPU features: detected: TLB range maintenance instructions
[    0.001899] CPU features: detected: XNX
[    0.002011] alternatives: applying system-wide alternatives
[    0.002987] Memory: 3934216K/4194304K available (5248K kernel code, 754K rwdata, 2356K rodata, 576K init, 405K bss, 256908K reserved, 0K cma-reserved)
[    0.003287] devtmpfs: initialized
[    0.003592] clocksource: jiffies: mask: 0xffffffff max_cycles: 0xffffffff, max_idle_ns: 7645041785100000 ns
[    0.003597] posixtimers hash table entries: 2048 (order: 3, 32768 bytes, linear)
[    0.003625] futex hash table entries: 1024 (65536 bytes on 1 NUMA nodes, total 64 KiB, linear).
[    0.003633] 30384 pages in range for non-PLT usage
[    0.003634] 521904 pages in range for PLT usage
[    0.003704] NET: Registered PF_NETLINK/PF_ROUTE protocol family
[    0.004079] DMA: preallocated 512 KiB GFP_KERNEL pool for atomic allocations
[    0.004185] ASID allocator initialised with 256 entries
[    0.004192] Serial: AMBA PL011 UART driver
[    0.004771] 9000000.pl011: ttyAMA0 at MMIO 0x9000000 (irq = 13, base_baud = 0) is a PL011 rev1
[    0.005011] printk: console [ttyAMA0] enabled
[    0.010070] vgaarb: loaded
[    0.010416] clocksource: Switched to clocksource arch_sys_counter
[    0.024433] NET: Registered PF_INET protocol family
[    0.024509] IP idents hash table entries: 65536 (order: 7, 524288 bytes, linear)
[    0.024934] tcp_listen_portaddr_hash hash table entries: 2048 (order: 3, 32768 bytes, linear)
[    0.024940] Table-perturb hash table entries: 65536 (order: 6, 262144 bytes, linear)
[    0.024943] TCP established hash table entries: 32768 (order: 6, 262144 bytes, linear)
[    0.024995] TCP bind hash table entries: 32768 (order: 8, 1048576 bytes, linear)
[    0.025205] TCP: Hash tables configured (established 32768 bind 32768)
[    0.025271] UDP hash table entries: 2048 (order: 5, 131072 bytes, linear)
[    0.025360] NET: Registered PF_UNIX/PF_LOCAL protocol family
[    0.025422] PCI: CLS 0 bytes, default 64
[    0.025693] Unpacking initramfs...
[    0.027517] workingset: timestamp_bits=46 (anon: 42) max_order=20 bucket_order=0 (anon: 0)
[    0.027622] 9p: Installing v9fs 9p2000 file system support
[    0.031611] pci-host-generic 4010000000.pcie: host bridge /pcie@10000000 ranges:
[    0.031619] pci-host-generic 4010000000.pcie:       IO 0x003eff0000..0x003effffff -> 0x0000000000
[    0.031622] pci-host-generic 4010000000.pcie:      MEM 0x0010000000..0x003efeffff -> 0x0010000000
[    0.031623] pci-host-generic 4010000000.pcie:      MEM 0x8000000000..0xffffffffff -> 0x8000000000
[    0.031630] pci-host-generic 4010000000.pcie: Memory resource size exceeds max for 32 bits
[    0.031642] pci-host-generic 4010000000.pcie: ECAM at [mem 0x4010000000-0x401fffffff] for [bus 00-ff]
[    0.031664] pci-host-generic 4010000000.pcie: PCI host bridge to bus 0000:00
[    0.031665] pci_bus 0000:00: root bus resource [bus 00-ff]
[    0.031666] pci_bus 0000:00: root bus resource [io  0x0000-0xffff]
[    0.031667] pci_bus 0000:00: root bus resource [mem 0x10000000-0x3efeffff]
[    0.031668] pci_bus 0000:00: root bus resource [mem 0x8000000000-0xffffffffff]
[    0.031695] pci 0000:00:00.0: [1b36:0008] type 00 class 0x060000 conventional PCI endpoint
[    0.032040] pci 0000:00:01.0: [1af4:1000] type 00 class 0x020000 conventional PCI endpoint
[    0.032231] pci 0000:00:01.0: BAR 0 [io  0x0000-0x001f]
[    0.032256] pci 0000:00:01.0: BAR 1 [mem 0x00000000-0x00000fff]
[    0.032268] pci 0000:00:01.0: BAR 4 [mem 0x00000000-0x00003fff 64bit pref]
[    0.032270] pci 0000:00:01.0: ROM [mem 0x00000000-0x0003ffff pref]
[    0.032605] pci 0000:00:02.0: [1af4:1009] type 00 class 0x000200 conventional PCI endpoint
[    0.032768] pci 0000:00:02.0: BAR 0 [io  0x0000-0x003f]
[    0.032771] pci 0000:00:02.0: BAR 1 [mem 0x00000000-0x00000fff]
[    0.032780] pci 0000:00:02.0: BAR 4 [mem 0x00000000-0x00003fff 64bit pref]
[    0.033129] pci 0000:00:03.0: [1af4:1005] type 00 class 0x00ff00 conventional PCI endpoint
[    0.033199] pci 0000:00:03.0: BAR 0 [io  0x0000-0x001f]
[    0.033202] pci 0000:00:03.0: BAR 1 [mem 0x00000000-0x00000fff]
[    0.033211] pci 0000:00:03.0: BAR 4 [mem 0x00000000-0x00003fff 64bit pref]
[    0.033594] pci 0000:00:01.0: ROM [mem 0x10000000-0x1003ffff pref]: assigned
[    0.033597] pci 0000:00:01.0: BAR 4 [mem 0x8000000000-0x8000003fff 64bit pref]: assigned
[    0.033625] pci 0000:00:02.0: BAR 4 [mem 0x8000004000-0x8000007fff 64bit pref]: assigned
[    0.033642] pci 0000:00:03.0: BAR 4 [mem 0x8000008000-0x800000bfff 64bit pref]: assigned
[    0.033668] pci 0000:00:01.0: BAR 1 [mem 0x10040000-0x10040fff]: assigned
[    0.033673] pci 0000:00:02.0: BAR 1 [mem 0x10041000-0x10041fff]: assigned
[    0.033678] pci 0000:00:03.0: BAR 1 [mem 0x10042000-0x10042fff]: assigned
[    0.033683] pci 0000:00:02.0: BAR 0 [io  0x1000-0x103f]: assigned
[    0.033688] pci 0000:00:01.0: BAR 0 [io  0x1040-0x105f]: assigned
[    0.033702] pci 0000:00:03.0: BAR 0 [io  0x1060-0x107f]: assigned
[    0.033710] pci_bus 0000:00: resource 4 [io  0x0000-0xffff]
[    0.033711] pci_bus 0000:00: resource 5 [mem 0x10000000-0x3efeffff]
[    0.033711] pci_bus 0000:00: resource 6 [mem 0x8000000000-0xffffffffff]
[    0.034988] virtio-pci 0000:00:01.0: enabling device (0000 -> 0003)
[    0.035862] virtio-pci 0000:00:02.0: enabling device (0000 -> 0003)
[    0.036685] virtio-pci 0000:00:03.0: enabling device (0000 -> 0003)
[    0.043129] rtc-pl031 9010000.pl031: registered as rtc0
[    0.043136] rtc-pl031 9010000.pl031: setting system clock to 2026-10-08T18:40:44 UTC (1791484844)
[    0.043283] NET: Registered PF_INET6 protocol family
[    0.043680] Segment Routing with IPv6
[    0.043689] In-situ OAM (IOAM) with IPv6
[    0.043699] sit: IPv6, IPv4 and MPLS over IPv4 tunneling driver
[    0.043764] NET: Registered PF_PACKET protocol family
[    0.043769] 9pnet: Installing 9P2000 support
[    0.049100] clk: Disabling unused clocks
[    0.111941] Freeing initrd memory: 161888K
[    0.112359] Freeing unused kernel memory: 576K
[    0.112404] Run /init as init process
[    0.129420] kjit: loading out-of-tree module taints kernel.
[    0.131125] rust_kjit: ######## Rust KJIT inits ########
[    0.131153] rust_kjit: kjit: dispatch variant 2
[    0.131201] rust_kjit: golden tests/arm64/toy_cfg.s:hot_svc_mark translated for dispatch variant 2; byte comparison skipped (reference is variant 0)
kjit-init: insmod kjit.ko ok
meas: variant=2
rep 0 variant=gpr enabled=0 outer=200000 calls=16 ns_per_outer=141.6 ns_per_call=8.85
rep 1 variant=gpr enabled=0 outer=200000 calls=16 ns_per_outer=147.7 ns_per_call=9.23
rep 2 variant=gpr enabled=0 outer=200000 calls=16 ns_per_outer=143.0 ns_per_call=8.94
rep 3 variant=gpr enabled=0 outer=200000 calls=16 ns_per_outer=143.9 ns_per_call=9.00
rep 4 variant=gpr enabled=0 outer=200000 calls=16 ns_per_outer=144.0 ns_per_call=9.00
rep 5 variant=gpr enabled=0 outer=200000 calls=16 ns_per_outer=145.3 ns_per_call=9.08
rep 6 variant=gpr enabled=0 outer=200000 calls=16 ns_per_outer=147.4 ns_per_call=9.21
result variant=gpr enabled=0 outer=200000 calls=16 reps=7 median_ns_per_outer=144.0 median_ns_per_call=9.00 min_ns_per_call=8.85 acc=25600000
[    0.388156] kjit: translate_svc_sites pid 68: 2 text ranges, 111 svc sites
[    0.388689] rust_kjit: kjit: pc 0x400fe8: installed 524 bytes, 0 fault sites, 2 entries, text 0x400fe8..0x400ff0, fpsimd false
[    0.389783] rust_kjit: kjit: pc 0x400fcc: installed 1088 bytes, 1 fault sites, 11 entries, text 0x400fbc..0x400fe8, fpsimd false
rep 0 variant=gpr enabled=1 outer=20000 calls=16 ns_per_outer=155.4 ns_per_call=9.71
rep 1 variant=gpr enabled=1 outer=20000 calls=16 ns_per_outer=154.7 ns_per_call=9.67
rep 2 variant=gpr enabled=1 outer=20000 calls=16 ns_per_outer=149.9 ns_per_call=9.37
rep 3 variant=gpr enabled=1 outer=20000 calls=16 ns_per_outer=150.3 ns_per_call=9.39
rep 4 variant=gpr enabled=1 outer=20000 calls=16 ns_per_outer=144.0 ns_per_call=9.00
rep 5 variant=gpr enabled=1 outer=20000 calls=16 ns_per_outer=148.8 ns_per_call=9.30
rep 6 variant=gpr enabled=1 outer=20000 calls=16 ns_per_outer=149.3 ns_per_call=9.33
result variant=gpr enabled=1 outer=20000 calls=16 reps=7 median_ns_per_outer=149.9 median_ns_per_call=9.37 min_ns_per_call=9.00 acc=2560000
counters variant=gpr timed_outer=140000 hook_calls=140045 syscalls_in_kernel=139965 fragment_entries=140045 fpsimd_entries=1 fpsimd_restores=0 chains=0 chain_cap=0 exit_svc=139965 exit_bl=0 exit_blr=0 exit_br=0 exit_ret=80 exit_mem=0 exit_unsupported=0 exit_budget=0 run_declined=0
rep 0 variant=fp enabled=0 outer=200000 calls=16 ns_per_outer=180.4 ns_per_call=11.28
rep 1 variant=fp enabled=0 outer=200000 calls=16 ns_per_outer=194.6 ns_per_call=12.16
rep 2 variant=fp enabled=0 outer=200000 calls=16 ns_per_outer=179.2 ns_per_call=11.20
rep 3 variant=fp enabled=0 outer=200000 calls=16 ns_per_outer=178.4 ns_per_call=11.15
rep 4 variant=fp enabled=0 outer=200000 calls=16 ns_per_outer=182.4 ns_per_call=11.40
rep 5 variant=fp enabled=0 outer=200000 calls=16 ns_per_outer=182.5 ns_per_call=11.41
rep 6 variant=fp enabled=0 outer=200000 calls=16 ns_per_outer=175.8 ns_per_call=10.99
result variant=fp enabled=0 outer=200000 calls=16 reps=7 median_ns_per_outer=180.4 median_ns_per_call=11.28 min_ns_per_call=10.99 acc=25600000
[    0.744298] kjit: translate_svc_sites pid 72: 2 text ranges, 111 svc sites
[    0.744932] rust_kjit: kjit: pc 0x401028: installed 532 bytes, 0 fault sites, 4 entries, text 0x401028..0x401038, fpsimd true
[    0.745798] rust_kjit: kjit: pc 0x40100c: installed 1088 bytes, 1 fault sites, 11 entries, text 0x400ffc..0x401028, fpsimd false
rep 0 variant=fp enabled=1 outer=20000 calls=16 ns_per_outer=229.9 ns_per_call=14.37
rep 1 variant=fp enabled=1 outer=20000 calls=16 ns_per_outer=227.9 ns_per_call=14.24
rep 2 variant=fp enabled=1 outer=20000 calls=16 ns_per_outer=230.3 ns_per_call=14.40
rep 3 variant=fp enabled=1 outer=20000 calls=16 ns_per_outer=222.5 ns_per_call=13.91
rep 4 variant=fp enabled=1 outer=20000 calls=16 ns_per_outer=223.2 ns_per_call=13.95
rep 5 variant=fp enabled=1 outer=20000 calls=16 ns_per_outer=222.4 ns_per_call=13.90
rep 6 variant=fp enabled=1 outer=20000 calls=16 ns_per_outer=223.8 ns_per_call=13.98
result variant=fp enabled=1 outer=20000 calls=16 reps=7 median_ns_per_outer=223.8 median_ns_per_call=13.98 min_ns_per_call=13.90 acc=2560000
counters variant=fp timed_outer=140000 hook_calls=140045 syscalls_in_kernel=139965 fragment_entries=280017 fpsimd_entries=139973 fpsimd_restores=0 chains=139972 chain_cap=0 exit_svc=139965 exit_bl=139972 exit_blr=0 exit_br=0 exit_ret=80 exit_mem=0 exit_unsupported=0 exit_budget=0 run_declined=0
rep 0 variant=gpr enabled=0 outer=200000 calls=128 ns_per_outer=261.2 ns_per_call=2.04
rep 1 variant=gpr enabled=0 outer=200000 calls=128 ns_per_outer=267.7 ns_per_call=2.09
rep 2 variant=gpr enabled=0 outer=200000 calls=128 ns_per_outer=255.7 ns_per_call=2.00
rep 3 variant=gpr enabled=0 outer=200000 calls=128 ns_per_outer=260.2 ns_per_call=2.03
rep 4 variant=gpr enabled=0 outer=200000 calls=128 ns_per_outer=263.8 ns_per_call=2.06
rep 5 variant=gpr enabled=0 outer=200000 calls=128 ns_per_outer=266.1 ns_per_call=2.08
rep 6 variant=gpr enabled=0 outer=200000 calls=128 ns_per_outer=259.4 ns_per_call=2.03
result variant=gpr enabled=0 outer=200000 calls=128 reps=7 median_ns_per_outer=261.2 median_ns_per_call=2.04 min_ns_per_call=2.00 acc=204800000
[    1.238789] kjit: translate_svc_sites pid 74: 2 text ranges, 111 svc sites
[    1.239272] rust_kjit: kjit: pc 0x400fe8: installed 524 bytes, 0 fault sites, 2 entries, text 0x400fe8..0x400ff0, fpsimd false
[    1.239883] rust_kjit: kjit: pc 0x400fcc: installed 1088 bytes, 1 fault sites, 11 entries, text 0x400fbc..0x400fe8, fpsimd false
rep 0 variant=gpr enabled=1 outer=20000 calls=128 ns_per_outer=851.9 ns_per_call=6.66
rep 1 variant=gpr enabled=1 outer=20000 calls=128 ns_per_outer=849.3 ns_per_call=6.64
rep 2 variant=gpr enabled=1 outer=20000 calls=128 ns_per_outer=851.6 ns_per_call=6.65
rep 3 variant=gpr enabled=1 outer=20000 calls=128 ns_per_outer=855.4 ns_per_call=6.68
rep 4 variant=gpr enabled=1 outer=20000 calls=128 ns_per_outer=850.0 ns_per_call=6.64
rep 5 variant=gpr enabled=1 outer=20000 calls=128 ns_per_outer=870.1 ns_per_call=6.80
rep 6 variant=gpr enabled=1 outer=20000 calls=128 ns_per_outer=853.0 ns_per_call=6.66
result variant=gpr enabled=1 outer=20000 calls=128 reps=7 median_ns_per_outer=851.9 median_ns_per_call=6.66 min_ns_per_call=6.64 acc=20480000
counters variant=gpr timed_outer=140000 hook_calls=140045 syscalls_in_kernel=139965 fragment_entries=140045 fpsimd_entries=1 fpsimd_restores=0 chains=0 chain_cap=0 exit_svc=139965 exit_bl=0 exit_blr=0 exit_br=0 exit_ret=80 exit_mem=0 exit_unsupported=0 exit_budget=0 run_declined=0
rep 0 variant=fp enabled=0 outer=200000 calls=128 ns_per_outer=545.2 ns_per_call=4.26
rep 1 variant=fp enabled=0 outer=200000 calls=128 ns_per_outer=544.1 ns_per_call=4.25
rep 2 variant=fp enabled=0 outer=200000 calls=128 ns_per_outer=547.5 ns_per_call=4.28
rep 3 variant=fp enabled=0 outer=200000 calls=128 ns_per_outer=545.2 ns_per_call=4.26
rep 4 variant=fp enabled=0 outer=200000 calls=128 ns_per_outer=550.6 ns_per_call=4.30
rep 5 variant=fp enabled=0 outer=200000 calls=128 ns_per_outer=546.9 ns_per_call=4.27
rep 6 variant=fp enabled=0 outer=200000 calls=128 ns_per_outer=551.7 ns_per_call=4.31
result variant=fp enabled=0 outer=200000 calls=128 reps=7 median_ns_per_outer=546.9 median_ns_per_call=4.27 min_ns_per_call=4.25 acc=204800000
[    2.293664] kjit: translate_svc_sites pid 76: 2 text ranges, 111 svc sites
[    2.294398] rust_kjit: kjit: pc 0x401028: installed 532 bytes, 0 fault sites, 4 entries, text 0x401028..0x401038, fpsimd true
[    2.295143] rust_kjit: kjit: pc 0x40100c: installed 1088 bytes, 1 fault sites, 11 entries, text 0x400ffc..0x401028, fpsimd false
rep 0 variant=fp enabled=1 outer=20000 calls=128 ns_per_outer=1032.5 ns_per_call=8.07
rep 1 variant=fp enabled=1 outer=20000 calls=128 ns_per_outer=987.9 ns_per_call=7.72
rep 2 variant=fp enabled=1 outer=20000 calls=128 ns_per_outer=935.3 ns_per_call=7.31
rep 3 variant=fp enabled=1 outer=20000 calls=128 ns_per_outer=924.8 ns_per_call=7.23
rep 4 variant=fp enabled=1 outer=20000 calls=128 ns_per_outer=908.8 ns_per_call=7.10
rep 5 variant=fp enabled=1 outer=20000 calls=128 ns_per_outer=934.4 ns_per_call=7.30
rep 6 variant=fp enabled=1 outer=20000 calls=128 ns_per_outer=924.4 ns_per_call=7.22
result variant=fp enabled=1 outer=20000 calls=128 reps=7 median_ns_per_outer=934.4 median_ns_per_call=7.30 min_ns_per_call=7.10 acc=20480000
counters variant=fp timed_outer=140000 hook_calls=140045 syscalls_in_kernel=139965 fragment_entries=280017 fpsimd_entries=139973 fpsimd_restores=0 chains=139972 chain_cap=0 exit_svc=139965 exit_bl=139972 exit_blr=0 exit_br=0 exit_ret=80 exit_mem=0 exit_unsupported=0 exit_budget=0 run_declined=0
rep 0 variant=gpr enabled=0 outer=200000 calls=256 ns_per_outer=407.4 ns_per_call=1.59
rep 1 variant=gpr enabled=0 outer=200000 calls=256 ns_per_outer=385.2 ns_per_call=1.50
rep 2 variant=gpr enabled=0 outer=200000 calls=256 ns_per_outer=379.6 ns_per_call=1.48
rep 3 variant=gpr enabled=0 outer=200000 calls=256 ns_per_outer=385.4 ns_per_call=1.51
rep 4 variant=gpr enabled=0 outer=200000 calls=256 ns_per_outer=389.1 ns_per_call=1.52
rep 5 variant=gpr enabled=0 outer=200000 calls=256 ns_per_outer=397.4 ns_per_call=1.55
rep 6 variant=gpr enabled=0 outer=200000 calls=256 ns_per_outer=397.1 ns_per_call=1.55
result variant=gpr enabled=0 outer=200000 calls=256 reps=7 median_ns_per_outer=389.1 median_ns_per_call=1.52 min_ns_per_call=1.48 acc=409600000
[    3.110197] kjit: translate_svc_sites pid 78: 2 text ranges, 111 svc sites
[    3.110815] rust_kjit: kjit: pc 0x400fe8: installed 524 bytes, 0 fault sites, 2 entries, text 0x400fe8..0x400ff0, fpsimd false
[    3.111324] rust_kjit: kjit: pc 0x400fcc: installed 1088 bytes, 1 fault sites, 11 entries, text 0x400fbc..0x400fe8, fpsimd false
rep 0 variant=gpr enabled=1 outer=20000 calls=256 ns_per_outer=1644.0 ns_per_call=6.42
rep 1 variant=gpr enabled=1 outer=20000 calls=256 ns_per_outer=1657.2 ns_per_call=6.47
rep 2 variant=gpr enabled=1 outer=20000 calls=256 ns_per_outer=1648.8 ns_per_call=6.44
rep 3 variant=gpr enabled=1 outer=20000 calls=256 ns_per_outer=1647.4 ns_per_call=6.44
rep 4 variant=gpr enabled=1 outer=20000 calls=256 ns_per_outer=1666.1 ns_per_call=6.51
rep 5 variant=gpr enabled=1 outer=20000 calls=256 ns_per_outer=1648.7 ns_per_call=6.44
rep 6 variant=gpr enabled=1 outer=20000 calls=256 ns_per_outer=1638.1 ns_per_call=6.40
result variant=gpr enabled=1 outer=20000 calls=256 reps=7 median_ns_per_outer=1648.7 median_ns_per_call=6.44 min_ns_per_call=6.40 acc=40960000
counters variant=gpr timed_outer=140000 hook_calls=140045 syscalls_in_kernel=139965 fragment_entries=140045 fpsimd_entries=1 fpsimd_restores=0 chains=0 chain_cap=0 exit_svc=139965 exit_bl=0 exit_blr=0 exit_br=0 exit_ret=80 exit_mem=0 exit_unsupported=0 exit_budget=0 run_declined=0
rep 0 variant=fp enabled=0 outer=200000 calls=256 ns_per_outer=947.3 ns_per_call=3.70
rep 1 variant=fp enabled=0 outer=200000 calls=256 ns_per_outer=946.0 ns_per_call=3.70
rep 2 variant=fp enabled=0 outer=200000 calls=256 ns_per_outer=954.4 ns_per_call=3.73
rep 3 variant=fp enabled=0 outer=200000 calls=256 ns_per_outer=948.5 ns_per_call=3.71
rep 4 variant=fp enabled=0 outer=200000 calls=256 ns_per_outer=950.6 ns_per_call=3.71
rep 5 variant=fp enabled=0 outer=200000 calls=256 ns_per_outer=991.0 ns_per_call=3.87
rep 6 variant=fp enabled=0 outer=200000 calls=256 ns_per_outer=950.2 ns_per_call=3.71
result variant=fp enabled=0 outer=200000 calls=256 reps=7 median_ns_per_outer=950.2 median_ns_per_call=3.71 min_ns_per_call=3.70 acc=409600000
[    4.942975] kjit: translate_svc_sites pid 80: 2 text ranges, 111 svc sites
[    4.943215] rust_kjit: kjit: pc 0x401028: installed 532 bytes, 0 fault sites, 4 entries, text 0x401028..0x401038, fpsimd true
[    4.943537] rust_kjit: kjit: pc 0x40100c: installed 1088 bytes, 1 fault sites, 11 entries, text 0x400ffc..0x401028, fpsimd false
rep 0 variant=fp enabled=1 outer=20000 calls=256 ns_per_outer=1720.1 ns_per_call=6.72
rep 1 variant=fp enabled=1 outer=20000 calls=256 ns_per_outer=1728.2 ns_per_call=6.75
rep 2 variant=fp enabled=1 outer=20000 calls=256 ns_per_outer=1732.3 ns_per_call=6.77
rep 3 variant=fp enabled=1 outer=20000 calls=256 ns_per_outer=1764.3 ns_per_call=6.89
rep 4 variant=fp enabled=1 outer=20000 calls=256 ns_per_outer=1721.0 ns_per_call=6.72
rep 5 variant=fp enabled=1 outer=20000 calls=256 ns_per_outer=1745.1 ns_per_call=6.82
rep 6 variant=fp enabled=1 outer=20000 calls=256 ns_per_outer=1723.6 ns_per_call=6.73
result variant=fp enabled=1 outer=20000 calls=256 reps=7 median_ns_per_outer=1728.2 median_ns_per_call=6.75 min_ns_per_call=6.72 acc=40960000
counters variant=fp timed_outer=140000 hook_calls=140045 syscalls_in_kernel=139965 fragment_entries=280017 fpsimd_entries=139973 fpsimd_restores=0 chains=139972 chain_cap=0 exit_svc=139965 exit_bl=139972 exit_blr=0 exit_br=0 exit_ret=80 exit_mem=0 exit_unsupported=0 exit_budget=0 run_declined=0
a11: ibtc_variant=2
a11: warm-up at off
a11maps aaaad86c0000-aaaad8910000 r-xp 00000000 00:03 4263                       /opt/redis/src/redis-server
a11maps aaaad8919000-aaaad8920000 r--p 00259000 00:03 4263                       /opt/redis/src/redis-server
a11maps aaaad8920000-aaaad8979000 rw-p 00260000 00:03 4263                       /opt/redis/src/redis-server
a11maps aaaad8979000-aaaad8bac000 rw-p 00000000 00:00 0 
a11maps aaaaed6f7000-aaaaed718000 rw-p 00000000 00:00 0                          [heap]
a11maps ffffab540000-ffffab7c0000 rw-p 00000000 00:00 0 
a11maps ffffab7c0000-ffffab7d0000 ---p 00000000 00:00 0 
a11maps ffffab7d0000-ffffabfd0000 rw-p 00000000 00:00 0 
a11maps ffffabfd0000-ffffabfe0000 ---p 00000000 00:00 0 
a11maps ffffabfe0000-ffffac7e0000 rw-p 00000000 00:00 0 
a11maps ffffac7e0000-ffffac7f0000 ---p 00000000 00:00 0 
a11maps ffffac7f0000-ffffacff0000 rw-p 00000000 00:00 0 
a11maps ffffacff0000-ffffad000000 ---p 00000000 00:00 0 
a11maps ffffad000000-ffffad800000 rw-p 00000000 00:00 0 
a11maps ffffad800000-ffffae000000 rw-p 00000000 00:00 0 
a11maps ffffae0c0000-ffffae24c000 r-xp 00000000 00:03 816                        /usr/lib/aarch64-linux-gnu/libc.so.6
a11maps ffffae24c000-ffffae25c000 ---p 0018c000 00:03 816                        /usr/lib/aarch64-linux-gnu/libc.so.6
a11maps ffffae25c000-ffffae260000 r--p 0018c000 00:03 816                        /usr/lib/aarch64-linux-gnu/libc.so.6
a11maps ffffae260000-ffffae262000 rw-p 00190000 00:03 816                        /usr/lib/aarch64-linux-gnu/libc.so.6
a11maps ffffae262000-ffffae26f000 rw-p 00000000 00:00 0 
a11maps ffffae270000-ffffae2f2000 r-xp 00000000 00:03 863                        /usr/lib/aarch64-linux-gnu/libm.so.6
a11maps ffffae2f2000-ffffae30f000 ---p 00082000 00:03 863                        /usr/lib/aarch64-linux-gnu/libm.so.6
a11maps ffffae30f000-ffffae310000 r--p 0008f000 00:03 863                        /usr/lib/aarch64-linux-gnu/libm.so.6
a11maps ffffae310000-ffffae311000 rw-p 00090000 00:03 863                        /usr/lib/aarch64-linux-gnu/libm.so.6
a11maps ffffae319000-ffffae340000 r-xp 00000000 00:03 796                        /usr/lib/aarch64-linux-gnu/ld-linux-aarch64.so.1
a11maps ffffae34a000-ffffae34e000 rw-p 00000000 00:00 0 
a11maps ffffae350000-ffffae352000 rw-p 00000000 00:00 0 
a11maps ffffae352000-ffffae356000 r--p 00000000 00:00 0                          [vvar]
a11maps ffffae356000-ffffae357000 r-xp 00000000 00:00 0                          [vdso]
a11maps ffffae357000-ffffae359000 r--p 0002e000 00:03 796                        /usr/lib/aarch64-linux-gnu/ld-linux-aarch64.so.1
a11maps ffffae359000-ffffae35b000 rw-p 00030000 00:03 796                        /usr/lib/aarch64-linux-gnu/ld-linux-aarch64.so.1
a11maps ffffef85f000-ffffef880000 rw-p 00000000 00:00 0                          [stack]
a11 point=off pass=1 test=set requests=200000 rps=210304.95 hook_calls=0 syscalls_in_kernel=0 fragment_entries=0 fpsimd_entries=0 fpsimd_restores=0 chains=0 chain_cap=0 exit_svc=0 exit_bl=0 exit_blr=0 exit_br=0 exit_ret=0 exit_mem=0 exit_unsupported=0 exit_budget=0 run_declined=0 ibtc_insert=0 ibtc_replace=0 ibtc_clear=0 ibtc_fpsimd_boundary=0 ibtc_miss_cold=0 ibtc_miss_conflict=0 ibtc_miss_other=0 fpsimd_run_max_ns=211333 miss_residual=0
a11slots point=off pass=1 test=set # table all conflicts 0 slots 0 top32 0
a11slots point=off pass=1 test=set # table nofp conflicts 0 slots 0 top32 0
a11 point=off pass=1 test=get requests=200000 rps=228571.42 hook_calls=0 syscalls_in_kernel=0 fragment_entries=0 fpsimd_entries=0 fpsimd_restores=0 chains=0 chain_cap=0 exit_svc=0 exit_bl=0 exit_blr=0 exit_br=0 exit_ret=0 exit_mem=0 exit_unsupported=0 exit_budget=0 run_declined=0 ibtc_insert=0 ibtc_replace=0 ibtc_clear=0 ibtc_fpsimd_boundary=0 ibtc_miss_cold=0 ibtc_miss_conflict=0 ibtc_miss_other=0 fpsimd_run_max_ns=211333 miss_residual=0
a11slots point=off pass=1 test=get # table all conflicts 0 slots 0 top32 0
a11slots point=off pass=1 test=get # table nofp conflicts 0 slots 0 top32 0
a11 point=1024 pass=1 test=set requests=200000 rps=125234.81 hook_calls=408807 syscalls_in_kernel=384454 fragment_entries=1968778 fpsimd_entries=779358 fpsimd_restores=0 chains=1560776 chain_cap=0 exit_svc=384455 exit_bl=592602 exit_blr=859 exit_br=589426 exit_ret=396079 exit_mem=0 exit_unsupported=5357 exit_budget=0 run_declined=11 ibtc_insert=3125157 ibtc_replace=3124624 ibtc_clear=0 ibtc_fpsimd_boundary=779352 ibtc_miss_cold=18330 ibtc_miss_conflict=781284 ibtc_miss_other=0 fpsimd_run_max_ns=983791 miss_residual=0
a11slots point=1024 pass=1 test=set # table all conflicts 582986 slots 1 top32 582986
a11slots point=1024 pass=1 test=set all 1116 582986 0xaaaad8745170 0xaaaad873b170
a11slots point=1024 pass=1 test=set # table nofp conflicts 198298 slots 1 top32 198298
a11slots point=1024 pass=1 test=set nofp 1116 198298 0xaaaad8739170 0xaaaad8757170
a11 point=1024 pass=1 test=get requests=200000 rps=142959.25 hook_calls=408768 syscalls_in_kernel=398652 fragment_entries=2030303 fpsimd_entries=798705 fpsimd_restores=0 chains=1622088 chain_cap=0 exit_svc=398652 exit_bl=624225 exit_blr=87 exit_br=599719 exit_ret=399865 exit_mem=0 exit_unsupported=7755 exit_budget=0 run_declined=18 ibtc_insert=3293507 ibtc_replace=3293476 ibtc_clear=0 ibtc_fpsimd_boundary=798703 ibtc_miss_cold=1760 ibtc_miss_conflict=823433 ibtc_miss_other=0 fpsimd_run_max_ns=983791 miss_residual=0
a11slots point=1024 pass=1 test=get # table all conflicts 599254 slots 2 top32 599254
a11slots point=1024 pass=1 test=get all 1116 591352 0xaaaad8745170 0xaaaad873b170
a11slots point=1024 pass=1 test=get all 1600 7902 0xaaaad8751900 0xaaaad872b900
a11slots point=1024 pass=1 test=get # table nofp conflicts 224179 slots 2 top32 224179
a11slots point=1024 pass=1 test=get nofp 1116 208500 0xaaaad8739170 0xaaaad8757170
a11slots point=1024 pass=1 test=get nofp 1600 15679 0xaaaad874d900 0xaaaad8751900
a11 point=off pass=2 test=set requests=200000 rps=231749.72 hook_calls=0 syscalls_in_kernel=0 fragment_entries=0 fpsimd_entries=0 fpsimd_restores=0 chains=0 chain_cap=0 exit_svc=0 exit_bl=0 exit_blr=0 exit_br=0 exit_ret=0 exit_mem=0 exit_unsupported=0 exit_budget=0 run_declined=0 ibtc_insert=0 ibtc_replace=0 ibtc_clear=0 ibtc_fpsimd_boundary=0 ibtc_miss_cold=0 ibtc_miss_conflict=0 ibtc_miss_other=0 fpsimd_run_max_ns=983791 miss_residual=0
a11slots point=off pass=2 test=set # table all conflicts 0 slots 0 top32 0
a11slots point=off pass=2 test=set # table nofp conflicts 0 slots 0 top32 0
a11 point=off pass=2 test=get requests=200000 rps=229621.12 hook_calls=0 syscalls_in_kernel=0 fragment_entries=0 fpsimd_entries=0 fpsimd_restores=0 chains=0 chain_cap=0 exit_svc=0 exit_bl=0 exit_blr=0 exit_br=0 exit_ret=0 exit_mem=0 exit_unsupported=0 exit_budget=0 run_declined=0 ibtc_insert=0 ibtc_replace=0 ibtc_clear=0 ibtc_fpsimd_boundary=0 ibtc_miss_cold=0 ibtc_miss_conflict=0 ibtc_miss_other=0 fpsimd_run_max_ns=983791 miss_residual=0
a11slots point=off pass=2 test=get # table all conflicts 0 slots 0 top32 0
a11slots point=off pass=2 test=get # table nofp conflicts 0 slots 0 top32 0
a11 point=1024 pass=2 test=set requests=200000 rps=129366.11 hook_calls=408753 syscalls_in_kernel=399648 fragment_entries=2005886 fpsimd_entries=798989 fpsimd_restores=0 chains=1597693 chain_cap=0 exit_svc=399648 exit_bl=599532 exit_blr=29 exit_br=599341 exit_ret=399595 exit_mem=3 exit_unsupported=7738 exit_budget=0 run_declined=21 ibtc_insert=3194816 ibtc_replace=3194816 ibtc_clear=0 ibtc_fpsimd_boundary=798989 ibtc_miss_cold=804 ibtc_miss_conflict=798704 ibtc_miss_other=0 fpsimd_run_max_ns=983791 miss_residual=0
a11slots point=1024 pass=2 test=set # table all conflicts 599015 slots 1 top32 599015
a11slots point=1024 pass=2 test=set all 1116 599015 0xaaaad8745170 0xaaaad873b170
a11slots point=1024 pass=2 test=set # table nofp conflicts 199689 slots 1 top32 199689
a11slots point=1024 pass=2 test=set nofp 1116 199689 0xaaaad8739170 0xaaaad8757170
a11 point=1024 pass=2 test=get requests=200000 rps=142653.36 hook_calls=408787 syscalls_in_kernel=399744 fragment_entries=2031364 fpsimd_entries=799673 fpsimd_restores=0 chains=1623128 chain_cap=0 exit_svc=399744 exit_bl=623874 exit_blr=19 exit_br=599894 exit_ret=400006 exit_mem=0 exit_unsupported=7827 exit_budget=0 run_declined=14 ibtc_insert=3293820 ibtc_replace=3293820 ibtc_clear=0 ibtc_fpsimd_boundary=799673 ibtc_miss_cold=665 ibtc_miss_conflict=823455 ibtc_miss_other=0 fpsimd_run_max_ns=983791 miss_residual=0
a11slots point=1024 pass=2 test=get # table all conflicts 599863 slots 2 top32 599863
a11slots point=1024 pass=2 test=get all 1116 591986 0xaaaad8745170 0xaaaad873b170
a11slots point=1024 pass=2 test=get all 1600 7877 0xaaaad8751900 0xaaaad872b900
a11slots point=1024 pass=2 test=get # table nofp conflicts 223592 slots 2 top32 223592
a11slots point=1024 pass=2 test=get nofp 1116 207838 0xaaaad8739170 0xaaaad8757170
a11slots point=1024 pass=2 test=get nofp 1600 15754 0xaaaad874d900 0xaaaad8751900
a11 point=off pass=3 test=set requests=200000 rps=218579.23 hook_calls=0 syscalls_in_kernel=0 fragment_entries=0 fpsimd_entries=0 fpsimd_restores=0 chains=0 chain_cap=0 exit_svc=0 exit_bl=0 exit_blr=0 exit_br=0 exit_ret=0 exit_mem=0 exit_unsupported=0 exit_budget=0 run_declined=0 ibtc_insert=0 ibtc_replace=0 ibtc_clear=0 ibtc_fpsimd_boundary=0 ibtc_miss_cold=0 ibtc_miss_conflict=0 ibtc_miss_other=0 fpsimd_run_max_ns=983791 miss_residual=0
a11slots point=off pass=3 test=set # table all conflicts 0 slots 0 top32 0
a11slots point=off pass=3 test=set # table nofp conflicts 0 slots 0 top32 0
a11 point=off pass=3 test=get requests=200000 rps=228050.17 hook_calls=0 syscalls_in_kernel=0 fragment_entries=0 fpsimd_entries=0 fpsimd_restores=0 chains=0 chain_cap=0 exit_svc=0 exit_bl=0 exit_blr=0 exit_br=0 exit_ret=0 exit_mem=0 exit_unsupported=0 exit_budget=0 run_declined=0 ibtc_insert=0 ibtc_replace=0 ibtc_clear=0 ibtc_fpsimd_boundary=0 ibtc_miss_cold=0 ibtc_miss_conflict=0 ibtc_miss_other=0 fpsimd_run_max_ns=983791 miss_residual=0
a11slots point=off pass=3 test=get # table all conflicts 0 slots 0 top32 0
a11slots point=off pass=3 test=get # table nofp conflicts 0 slots 0 top32 0
a11 point=1024 pass=3 test=set requests=200000 rps=129115.55 hook_calls=408729 syscalls_in_kernel=399663 fragment_entries=2006013 fpsimd_entries=799054 fpsimd_restores=0 chains=1597846 chain_cap=0 exit_svc=399663 exit_bl=599577 exit_blr=30 exit_br=599383 exit_ret=399641 exit_mem=1 exit_unsupported=7718 exit_budget=0 run_declined=24 ibtc_insert=3195168 ibtc_replace=3195168 ibtc_clear=0 ibtc_fpsimd_boundary=799054 ibtc_miss_cold=784 ibtc_miss_conflict=798793 ibtc_miss_other=0 fpsimd_run_max_ns=983791 miss_residual=0
a11slots point=1024 pass=3 test=set # table all conflicts 599076 slots 1 top32 599076
a11slots point=1024 pass=3 test=set all 1116 599076 0xaaaad8745170 0xaaaad873b170
a11slots point=1024 pass=3 test=set # table nofp conflicts 199717 slots 1 top32 199717
a11slots point=1024 pass=3 test=set nofp 1116 199717 0xaaaad8739170 0xaaaad8757170
a11 point=1024 pass=3 test=get requests=200000 rps=141043.72 hook_calls=408816 syscalls_in_kernel=399767 fragment_entries=2031486 fpsimd_entries=799720 fpsimd_restores=0 chains=1623229 chain_cap=0 exit_svc=399768 exit_bl=623890 exit_blr=29 exit_br=599912 exit_ret=400041 exit_mem=4 exit_unsupported=7842 exit_budget=0 run_declined=23 ibtc_insert=3294036 ibtc_replace=3294036 ibtc_clear=0 ibtc_fpsimd_boundary=799720 ibtc_miss_cold=643 ibtc_miss_conflict=823509 ibtc_miss_other=0 fpsimd_run_max_ns=1695625 miss_residual=0
a11slots point=1024 pass=3 test=get # table all conflicts 599885 slots 2 top32 599885
a11slots point=1024 pass=3 test=get all 1116 591998 0xaaaad8745170 0xaaaad873b170
a11slots point=1024 pass=3 test=get all 1600 7887 0xaaaad8751900 0xaaaad872b900
a11slots point=1024 pass=3 test=get # table nofp conflicts 223624 slots 2 top32 223624
a11slots point=1024 pass=3 test=get nofp 1116 207850 0xaaaad8739170 0xaaaad8757170
a11slots point=1024 pass=3 test=get nofp 1600 15774 0xaaaad874d900 0xaaaad8751900
a11maps-end aaaad86c0000-aaaad8910000 r-xp 00000000 00:03 4263                       /opt/redis/src/redis-server
a11maps-end aaaad8919000-aaaad8920000 r--p 00259000 00:03 4263                       /opt/redis/src/redis-server
a11maps-end aaaad8920000-aaaad8979000 rw-p 00260000 00:03 4263                       /opt/redis/src/redis-server
a11maps-end aaaad8979000-aaaad8bac000 rw-p 00000000 00:00 0 
a11maps-end aaaaed6f7000-aaaaed718000 rw-p 00000000 00:00 0                          [heap]
a11maps-end ffffab540000-ffffab7c0000 rw-p 00000000 00:00 0 
a11maps-end ffffab7c0000-ffffab7d0000 ---p 00000000 00:00 0 
a11maps-end ffffab7d0000-ffffabfd0000 rw-p 00000000 00:00 0 
a11maps-end ffffabfd0000-ffffabfe0000 ---p 00000000 00:00 0 
a11maps-end ffffabfe0000-ffffac7e0000 rw-p 00000000 00:00 0 
a11maps-end ffffac7e0000-ffffac7f0000 ---p 00000000 00:00 0 
a11maps-end ffffac7f0000-ffffacff0000 rw-p 00000000 00:00 0 
a11maps-end ffffacff0000-ffffad000000 ---p 00000000 00:00 0 
a11maps-end ffffad000000-ffffad800000 rw-p 00000000 00:00 0 
a11maps-end ffffad800000-ffffae000000 rw-p 00000000 00:00 0 
a11maps-end ffffae0c0000-ffffae24c000 r-xp 00000000 00:03 816                        /usr/lib/aarch64-linux-gnu/libc.so.6
a11maps-end ffffae24c000-ffffae25c000 ---p 0018c000 00:03 816                        /usr/lib/aarch64-linux-gnu/libc.so.6
a11maps-end ffffae25c000-ffffae260000 r--p 0018c000 00:03 816                        /usr/lib/aarch64-linux-gnu/libc.so.6
a11maps-end ffffae260000-ffffae262000 rw-p 00190000 00:03 816                        /usr/lib/aarch64-linux-gnu/libc.so.6
a11maps-end ffffae262000-ffffae26f000 rw-p 00000000 00:00 0 
a11maps-end ffffae270000-ffffae2f2000 r-xp 00000000 00:03 863                        /usr/lib/aarch64-linux-gnu/libm.so.6
a11maps-end ffffae2f2000-ffffae30f000 ---p 00082000 00:03 863                        /usr/lib/aarch64-linux-gnu/libm.so.6
a11maps-end ffffae30f000-ffffae310000 r--p 0008f000 00:03 863                        /usr/lib/aarch64-linux-gnu/libm.so.6
a11maps-end ffffae310000-ffffae311000 rw-p 00090000 00:03 863                        /usr/lib/aarch64-linux-gnu/libm.so.6
a11maps-end ffffae319000-ffffae340000 r-xp 00000000 00:03 796                        /usr/lib/aarch64-linux-gnu/ld-linux-aarch64.so.1
a11maps-end ffffae34a000-ffffae34e000 rw-p 00000000 00:00 0 
a11maps-end ffffae350000-ffffae352000 rw-p 00000000 00:00 0 
a11maps-end ffffae352000-ffffae356000 r--p 00000000 00:00 0                          [vvar]
a11maps-end ffffae356000-ffffae357000 r-xp 00000000 00:00 0                          [vdso]
a11maps-end ffffae357000-ffffae359000 r--p 0002e000 00:03 796                        /usr/lib/aarch64-linux-gnu/ld-linux-aarch64.so.1
a11maps-end ffffae359000-ffffae35b000 rw-p 00030000 00:03 796                        /usr/lib/aarch64-linux-gnu/ld-linux-aarch64.so.1
a11maps-end ffffef85f000-ffffef880000 rw-p 00000000 00:00 0                          [stack]
a11: done
[   36.027156] kjit: 0 of 295 translation requests still queued at unload (freed by the kernel)
[   36.043511] rust_kjit: ######## Rust KJIT exits ########
kjit-init: rmmod kjit ok
kjit-init: run exit=0
[   36.058296] reboot: Power down
