[    0.000000] Booting Linux on physical CPU 0x0000000000 [0x610f0000]
[    0.000000] Linux version 7.1.0-rc1 (@6906d107117b) (Ubuntu clang version 18.1.3 (1ubuntu1), Ubuntu LLD 18.1.3) #1 SMP PREEMPT Fri Oct  2 08:37:58 UTC 2026
[    0.000000] random: crng init done
[    0.000000] Machine model: linux,dummy-virt
[    0.000000] OF: reserved mem: Reserved memory: No reserved-memory node in the DT
[    0.000000] psci: probing for conduit method from DT.
[    0.000000] psci: PSCIv1.1 detected in firmware.
[    0.000000] psci: Using standard PSCI v0.2 function IDs
[    0.000000] psci: Trusted OS migration not required
[    0.000000] psci: SMC Calling Convention v1.0
[    0.000000] Zone ranges:
[    0.000000]   Normal   [mem 0x0000000040000000-0x000000013fffffff]
[    0.000000] Movable zone start for each node
[    0.000000] Early memory node ranges
[    0.000000]   node   0: [mem 0x0000000040000000-0x000000013fffffff]
[    0.000000] Initmem setup node 0 [mem 0x0000000040000000-0x000000013fffffff]
[    0.000000] percpu: Embedded 19 pages/cpu s38488 r8192 d31144 u77824
[    0.000000] Detected PIPT I-cache on CPU0
[    0.000000] CPU features: detected: Address authentication (IMP DEF algorithm)
[    0.000000] CPU features: detected: Spectre-v4
[    0.000000] CPU features: detected: Spectre-BHB
[    0.000000] alternatives: applying boot alternatives
[    0.000000] Kernel command line: console=ttyAMA0 panic=-1 nokaslr
[    0.000000] Unknown kernel command line parameters "nokaslr", will be passed to user space.
[    0.000000] printk: log buffer data + meta data: 131072 + 458752 = 589824 bytes
[    0.000000] Dentry cache hash table entries: 524288 (order: 10, 4194304 bytes, linear)
[    0.000000] Inode-cache hash table entries: 262144 (order: 9, 2097152 bytes, linear)
[    0.000000] software IO TLB: SWIOTLB bounce buffer size adjusted to 4MB
[    0.000000] software IO TLB: area num 4.
[    0.000000] software IO TLB: mapped [mem 0x000000013ac00000-0x000000013b000000] (4MB)
[    0.000000] Built 1 zonelists, mobility grouping on.  Total pages: 1048576
[    0.000000] mem auto-init: stack:all(zero), heap alloc:off, heap free:off
[    0.000000] SLUB: HWalign=64, Order=0-3, MinObjects=0, CPUs=4, Nodes=1
[    0.000000] rcu: Preemptible hierarchical RCU implementation.
[    0.000000] rcu: 	RCU restricting CPUs from NR_CPUS=512 to nr_cpu_ids=4.
[    0.000000] rcu: RCU calculated value of scheduler-enlistment delay is 25 jiffies.
[    0.000000] rcu: Adjusting geometry for rcu_fanout_leaf=16, nr_cpu_ids=4
[    0.000000] NR_IRQS: 64, nr_irqs: 64, preallocated irqs: 0
[    0.000000] Root IRQ handler: gic_handle_irq
[    0.000000] GICv2m: range[mem 0x08020000-0x08020fff], SPI[80:143]
[    0.000000] rcu: srcu_init: Setting srcu_struct sizes based on contention.
[    0.000000] arch_timer: cp15 timer running at 24.00MHz (virt).
[    0.000000] clocksource: arch_sys_counter: mask: 0xffffffffffffff max_cycles: 0x588fe9dc0, max_idle_ns: 440795202592 ns
[    0.000000] sched_clock: 56 bits at 24MHz, resolution 41ns, wraps every 4398046511097ns
[    0.000120] Console: colour dummy device 80x25
[    0.000126] Calibrating delay loop (skipped), value calculated using timer frequency.. 48.00 BogoMIPS (lpj=96000)
[    0.000130] pid_max: default: 32768 minimum: 301
[    0.000270] Mount-cache hash table entries: 8192 (order: 4, 65536 bytes, linear)
[    0.000278] Mountpoint-cache hash table entries: 8192 (order: 4, 65536 bytes, linear)
[    0.000370] VFS: Finished mounting rootfs on nullfs
[    0.000566] cacheinfo: Unable to detect cache hierarchy for CPU 0
[    0.000674] rcu: Hierarchical SRCU implementation.
[    0.000674] rcu: 	Max phase no-delay instances is 1000.
[    0.000693] Timer migration: 1 hierarchy levels; 8 children per group; 1 crossnode level
[    0.000727] smp: Bringing up secondary CPUs ...
[    0.000917] Detected PIPT I-cache on CPU1
[    0.001016] CPU1: Booted secondary processor 0x0000000001 [0x610f0000]
[    0.001286] Detected PIPT I-cache on CPU2
[    0.001377] CPU2: Booted secondary processor 0x0000000002 [0x610f0000]
[    0.001576] Detected PIPT I-cache on CPU3
[    0.001682] CPU3: Booted secondary processor 0x0000000003 [0x610f0000]
[    0.001754] smp: Brought up 1 node, 4 CPUs
[    0.001755] SMP: Total of 4 processors activated.
[    0.001755] CPU: All CPU(s) started at EL1
[    0.001756] CPU features: detected: ARMv8.4 Translation Table Level
[    0.001756] CPU features: detected: Data cache clean to the PoU not required for I/D coherence
[    0.001757] CPU features: detected: CRC32 instructions
[    0.001757] CPU features: detected: Data independent timing control (DIT)
[    0.001758] CPU features: detected: E0PD
[    0.001758] CPU features: detected: Generic authentication (IMP DEF algorithm)
[    0.001759] CPU features: detected: RCpc load-acquire (LDAPR)
[    0.001759] CPU features: detected: LSE atomic instructions
[    0.001759] CPU features: detected: Privileged Access Never
[    0.001760] CPU features: detected: Speculation barrier (SB)
[    0.001760] CPU features: detected: TLB range maintenance instructions
[    0.001760] CPU features: detected: XNX
[    0.001853] alternatives: applying system-wide alternatives
[    0.002826] Memory: 3934216K/4194304K available (5248K kernel code, 754K rwdata, 2356K rodata, 576K init, 405K bss, 256908K reserved, 0K cma-reserved)
[    0.003134] devtmpfs: initialized
[    0.003405] clocksource: jiffies: mask: 0xffffffff max_cycles: 0xffffffff, max_idle_ns: 7645041785100000 ns
[    0.003413] posixtimers hash table entries: 2048 (order: 3, 32768 bytes, linear)
[    0.003430] futex hash table entries: 1024 (65536 bytes on 1 NUMA nodes, total 64 KiB, linear).
[    0.003435] 30384 pages in range for non-PLT usage
[    0.003436] 521904 pages in range for PLT usage
[    0.003507] NET: Registered PF_NETLINK/PF_ROUTE protocol family
[    0.003888] DMA: preallocated 512 KiB GFP_KERNEL pool for atomic allocations
[    0.003937] ASID allocator initialised with 256 entries
[    0.003944] Serial: AMBA PL011 UART driver
[    0.004335] 9000000.pl011: ttyAMA0 at MMIO 0x9000000 (irq = 13, base_baud = 0) is a PL011 rev1
[    0.004438] printk: console [ttyAMA0] enabled
[    0.010320] vgaarb: loaded
[    0.010494] clocksource: Switched to clocksource arch_sys_counter
[    0.021209] NET: Registered PF_INET protocol family
[    0.021295] IP idents hash table entries: 65536 (order: 7, 524288 bytes, linear)
[    0.021696] tcp_listen_portaddr_hash hash table entries: 2048 (order: 3, 32768 bytes, linear)
[    0.021703] Table-perturb hash table entries: 65536 (order: 6, 262144 bytes, linear)
[    0.021706] TCP established hash table entries: 32768 (order: 6, 262144 bytes, linear)
[    0.021762] TCP bind hash table entries: 32768 (order: 8, 1048576 bytes, linear)
[    0.021943] TCP: Hash tables configured (established 32768 bind 32768)
[    0.021973] UDP hash table entries: 2048 (order: 5, 131072 bytes, linear)
[    0.022009] NET: Registered PF_UNIX/PF_LOCAL protocol family
[    0.022016] PCI: CLS 0 bytes, default 64
[    0.022182] Unpacking initramfs...
[    0.023204] workingset: timestamp_bits=46 (anon: 42) max_order=20 bucket_order=0 (anon: 0)
[    0.023252] 9p: Installing v9fs 9p2000 file system support
[    0.026953] pci-host-generic 4010000000.pcie: host bridge /pcie@10000000 ranges:
[    0.026959] pci-host-generic 4010000000.pcie:       IO 0x003eff0000..0x003effffff -> 0x0000000000
[    0.026962] pci-host-generic 4010000000.pcie:      MEM 0x0010000000..0x003efeffff -> 0x0010000000
[    0.026963] pci-host-generic 4010000000.pcie:      MEM 0x8000000000..0xffffffffff -> 0x8000000000
[    0.026969] pci-host-generic 4010000000.pcie: Memory resource size exceeds max for 32 bits
[    0.026979] pci-host-generic 4010000000.pcie: ECAM at [mem 0x4010000000-0x401fffffff] for [bus 00-ff]
[    0.026992] pci-host-generic 4010000000.pcie: PCI host bridge to bus 0000:00
[    0.026993] pci_bus 0000:00: root bus resource [bus 00-ff]
[    0.026994] pci_bus 0000:00: root bus resource [io  0x0000-0xffff]
[    0.026995] pci_bus 0000:00: root bus resource [mem 0x10000000-0x3efeffff]
[    0.026995] pci_bus 0000:00: root bus resource [mem 0x8000000000-0xffffffffff]
[    0.027078] pci 0000:00:00.0: [1b36:0008] type 00 class 0x060000 conventional PCI endpoint
[    0.027338] pci 0000:00:01.0: [1af4:1000] type 00 class 0x020000 conventional PCI endpoint
[    0.027425] pci 0000:00:01.0: BAR 0 [io  0x0000-0x001f]
[    0.027428] pci 0000:00:01.0: BAR 1 [mem 0x00000000-0x00000fff]
[    0.027433] pci 0000:00:01.0: BAR 4 [mem 0x00000000-0x00003fff 64bit pref]
[    0.027436] pci 0000:00:01.0: ROM [mem 0x00000000-0x0003ffff pref]
[    0.027834] pci 0000:00:02.0: [1af4:1009] type 00 class 0x000200 conventional PCI endpoint
[    0.027997] pci 0000:00:02.0: BAR 0 [io  0x0000-0x003f]
[    0.027999] pci 0000:00:02.0: BAR 1 [mem 0x00000000-0x00000fff]
[    0.028012] pci 0000:00:02.0: BAR 4 [mem 0x00000000-0x00003fff 64bit pref]
[    0.028439] pci 0000:00:03.0: [1af4:1005] type 00 class 0x00ff00 conventional PCI endpoint
[    0.028574] pci 0000:00:03.0: BAR 0 [io  0x0000-0x001f]
[    0.028577] pci 0000:00:03.0: BAR 1 [mem 0x00000000-0x00000fff]
[    0.028624] pci 0000:00:03.0: BAR 4 [mem 0x00000000-0x00003fff 64bit pref]
[    0.028961] pci 0000:00:01.0: ROM [mem 0x10000000-0x1003ffff pref]: assigned
[    0.028963] pci 0000:00:01.0: BAR 4 [mem 0x8000000000-0x8000003fff 64bit pref]: assigned
[    0.028994] pci 0000:00:02.0: BAR 4 [mem 0x8000004000-0x8000007fff 64bit pref]: assigned
[    0.029008] pci 0000:00:03.0: BAR 4 [mem 0x8000008000-0x800000bfff 64bit pref]: assigned
[    0.029040] pci 0000:00:01.0: BAR 1 [mem 0x10040000-0x10040fff]: assigned
[    0.029050] pci 0000:00:02.0: BAR 1 [mem 0x10041000-0x10041fff]: assigned
[    0.029076] pci 0000:00:03.0: BAR 1 [mem 0x10042000-0x10042fff]: assigned
[    0.029082] pci 0000:00:02.0: BAR 0 [io  0x1000-0x103f]: assigned
[    0.029091] pci 0000:00:01.0: BAR 0 [io  0x1040-0x105f]: assigned
[    0.029119] pci 0000:00:03.0: BAR 0 [io  0x1060-0x107f]: assigned
[    0.029126] pci_bus 0000:00: resource 4 [io  0x0000-0xffff]
[    0.029127] pci_bus 0000:00: resource 5 [mem 0x10000000-0x3efeffff]
[    0.029127] pci_bus 0000:00: resource 6 [mem 0x8000000000-0xffffffffff]
[    0.030030] virtio-pci 0000:00:01.0: enabling device (0000 -> 0003)
[    0.030937] virtio-pci 0000:00:02.0: enabling device (0000 -> 0003)
[    0.031621] virtio-pci 0000:00:03.0: enabling device (0000 -> 0003)
[    0.036212] rtc-pl031 9010000.pl031: registered as rtc0
[    0.036219] rtc-pl031 9010000.pl031: setting system clock to 2026-10-08T18:38:58 UTC (1791484738)
[    0.036365] NET: Registered PF_INET6 protocol family
[    0.036745] Segment Routing with IPv6
[    0.036752] In-situ OAM (IOAM) with IPv6
[    0.036760] sit: IPv6, IPv4 and MPLS over IPv4 tunneling driver
[    0.036817] NET: Registered PF_PACKET protocol family
[    0.036823] 9pnet: Installing 9P2000 support
[    0.041357] clk: Disabling unused clocks
[    0.101777] Freeing initrd memory: 161888K
[    0.102207] Freeing unused kernel memory: 576K
[    0.102264] Run /init as init process
[    0.117540] kjit: loading out-of-tree module taints kernel.
[    0.118649] rust_kjit: ######## Rust KJIT inits ########
[    0.118672] rust_kjit: kjit: dispatch variant 5
[    0.118712] rust_kjit: golden tests/arm64/toy_cfg.s:hot_svc_mark translated for dispatch variant 5; byte comparison skipped (reference is variant 0)
kjit-init: insmod kjit.ko ok
meas: variant=5
rep 0 variant=gpr enabled=0 outer=200000 calls=16 ns_per_outer=141.6 ns_per_call=8.85
rep 1 variant=gpr enabled=0 outer=200000 calls=16 ns_per_outer=140.6 ns_per_call=8.79
rep 2 variant=gpr enabled=0 outer=200000 calls=16 ns_per_outer=142.5 ns_per_call=8.91
rep 3 variant=gpr enabled=0 outer=200000 calls=16 ns_per_outer=140.9 ns_per_call=8.80
rep 4 variant=gpr enabled=0 outer=200000 calls=16 ns_per_outer=139.9 ns_per_call=8.75
rep 5 variant=gpr enabled=0 outer=200000 calls=16 ns_per_outer=141.3 ns_per_call=8.83
rep 6 variant=gpr enabled=0 outer=200000 calls=16 ns_per_outer=141.2 ns_per_call=8.83
result variant=gpr enabled=0 outer=200000 calls=16 reps=7 median_ns_per_outer=141.2 median_ns_per_call=8.83 min_ns_per_call=8.75 acc=25600000
[    0.368645] kjit: translate_svc_sites pid 68: 2 text ranges, 111 svc sites
[    0.369154] rust_kjit: kjit: pc 0x400fe8: installed 532 bytes, 0 fault sites, 2 entries, text 0x400fe8..0x400ff0, fpsimd false
[    0.370033] rust_kjit: kjit: pc 0x400fcc: installed 1104 bytes, 1 fault sites, 11 entries, text 0x400fbc..0x400fe8, fpsimd false
rep 0 variant=gpr enabled=1 outer=20000 calls=16 ns_per_outer=146.1 ns_per_call=9.13
rep 1 variant=gpr enabled=1 outer=20000 calls=16 ns_per_outer=144.6 ns_per_call=9.04
rep 2 variant=gpr enabled=1 outer=20000 calls=16 ns_per_outer=149.4 ns_per_call=9.34
rep 3 variant=gpr enabled=1 outer=20000 calls=16 ns_per_outer=145.5 ns_per_call=9.10
rep 4 variant=gpr enabled=1 outer=20000 calls=16 ns_per_outer=146.3 ns_per_call=9.15
rep 5 variant=gpr enabled=1 outer=20000 calls=16 ns_per_outer=150.3 ns_per_call=9.40
rep 6 variant=gpr enabled=1 outer=20000 calls=16 ns_per_outer=146.0 ns_per_call=9.12
result variant=gpr enabled=1 outer=20000 calls=16 reps=7 median_ns_per_outer=146.1 median_ns_per_call=9.13 min_ns_per_call=9.04 acc=2560000
counters variant=gpr timed_outer=140000 hook_calls=140045 syscalls_in_kernel=139965 fragment_entries=140045 fpsimd_entries=1 fpsimd_restores=0 chains=0 chain_cap=0 exit_svc=139965 exit_bl=0 exit_blr=0 exit_br=0 exit_ret=80 exit_mem=0 exit_unsupported=0 exit_budget=0 run_declined=0
rep 0 variant=fp enabled=0 outer=200000 calls=16 ns_per_outer=178.5 ns_per_call=11.16
rep 1 variant=fp enabled=0 outer=200000 calls=16 ns_per_outer=177.3 ns_per_call=11.08
rep 2 variant=fp enabled=0 outer=200000 calls=16 ns_per_outer=175.8 ns_per_call=10.99
rep 3 variant=fp enabled=0 outer=200000 calls=16 ns_per_outer=175.6 ns_per_call=10.97
rep 4 variant=fp enabled=0 outer=200000 calls=16 ns_per_outer=177.0 ns_per_call=11.06
rep 5 variant=fp enabled=0 outer=200000 calls=16 ns_per_outer=175.3 ns_per_call=10.95
rep 6 variant=fp enabled=0 outer=200000 calls=16 ns_per_outer=176.0 ns_per_call=11.00
result variant=fp enabled=0 outer=200000 calls=16 reps=7 median_ns_per_outer=176.0 median_ns_per_call=11.00 min_ns_per_call=10.95 acc=25600000
[    0.714699] kjit: translate_svc_sites pid 71: 2 text ranges, 111 svc sites
[    0.715100] rust_kjit: kjit: pc 0x401028: installed 540 bytes, 0 fault sites, 4 entries, text 0x401028..0x401038, fpsimd true
[    0.715726] rust_kjit: kjit: pc 0x40100c: installed 1104 bytes, 1 fault sites, 11 entries, text 0x400ffc..0x401028, fpsimd false
rep 0 variant=fp enabled=1 outer=20000 calls=16 ns_per_outer=222.4 ns_per_call=13.90
rep 1 variant=fp enabled=1 outer=20000 calls=16 ns_per_outer=217.1 ns_per_call=13.57
rep 2 variant=fp enabled=1 outer=20000 calls=16 ns_per_outer=220.0 ns_per_call=13.75
rep 3 variant=fp enabled=1 outer=20000 calls=16 ns_per_outer=212.4 ns_per_call=13.28
rep 4 variant=fp enabled=1 outer=20000 calls=16 ns_per_outer=223.0 ns_per_call=13.94
rep 5 variant=fp enabled=1 outer=20000 calls=16 ns_per_outer=223.0 ns_per_call=13.94
rep 6 variant=fp enabled=1 outer=20000 calls=16 ns_per_outer=219.4 ns_per_call=13.71
result variant=fp enabled=1 outer=20000 calls=16 reps=7 median_ns_per_outer=220.0 median_ns_per_call=13.75 min_ns_per_call=13.28 acc=2560000
counters variant=fp timed_outer=140000 hook_calls=140045 syscalls_in_kernel=139965 fragment_entries=280017 fpsimd_entries=139973 fpsimd_restores=0 chains=139972 chain_cap=0 exit_svc=139965 exit_bl=139972 exit_blr=0 exit_br=0 exit_ret=80 exit_mem=0 exit_unsupported=0 exit_budget=0 run_declined=0
rep 0 variant=gpr enabled=0 outer=200000 calls=128 ns_per_outer=254.8 ns_per_call=1.99
rep 1 variant=gpr enabled=0 outer=200000 calls=128 ns_per_outer=277.2 ns_per_call=2.17
rep 2 variant=gpr enabled=0 outer=200000 calls=128 ns_per_outer=257.2 ns_per_call=2.01
rep 3 variant=gpr enabled=0 outer=200000 calls=128 ns_per_outer=256.2 ns_per_call=2.00
rep 4 variant=gpr enabled=0 outer=200000 calls=128 ns_per_outer=254.9 ns_per_call=1.99
rep 5 variant=gpr enabled=0 outer=200000 calls=128 ns_per_outer=256.1 ns_per_call=2.00
rep 6 variant=gpr enabled=0 outer=200000 calls=128 ns_per_outer=255.4 ns_per_call=2.00
result variant=gpr enabled=0 outer=200000 calls=128 reps=7 median_ns_per_outer=256.1 median_ns_per_call=2.00 min_ns_per_call=1.99 acc=204800000
[    1.203116] kjit: translate_svc_sites pid 74: 2 text ranges, 111 svc sites
[    1.203240] rust_kjit: kjit: pc 0x400fe8: installed 532 bytes, 0 fault sites, 2 entries, text 0x400fe8..0x400ff0, fpsimd false
[    1.203557] rust_kjit: kjit: pc 0x400fcc: installed 1104 bytes, 1 fault sites, 11 entries, text 0x400fbc..0x400fe8, fpsimd false
rep 0 variant=gpr enabled=1 outer=20000 calls=128 ns_per_outer=854.4 ns_per_call=6.67
rep 1 variant=gpr enabled=1 outer=20000 calls=128 ns_per_outer=849.8 ns_per_call=6.64
rep 2 variant=gpr enabled=1 outer=20000 calls=128 ns_per_outer=839.7 ns_per_call=6.56
rep 3 variant=gpr enabled=1 outer=20000 calls=128 ns_per_outer=845.7 ns_per_call=6.61
rep 4 variant=gpr enabled=1 outer=20000 calls=128 ns_per_outer=864.3 ns_per_call=6.75
rep 5 variant=gpr enabled=1 outer=20000 calls=128 ns_per_outer=837.3 ns_per_call=6.54
rep 6 variant=gpr enabled=1 outer=20000 calls=128 ns_per_outer=845.0 ns_per_call=6.60
result variant=gpr enabled=1 outer=20000 calls=128 reps=7 median_ns_per_outer=845.7 median_ns_per_call=6.61 min_ns_per_call=6.54 acc=20480000
counters variant=gpr timed_outer=140000 hook_calls=140045 syscalls_in_kernel=139965 fragment_entries=140045 fpsimd_entries=1 fpsimd_restores=0 chains=0 chain_cap=0 exit_svc=139965 exit_bl=0 exit_blr=0 exit_br=0 exit_ret=80 exit_mem=0 exit_unsupported=0 exit_budget=0 run_declined=0
rep 0 variant=fp enabled=0 outer=200000 calls=128 ns_per_outer=542.8 ns_per_call=4.24
rep 1 variant=fp enabled=0 outer=200000 calls=128 ns_per_outer=535.7 ns_per_call=4.19
rep 2 variant=fp enabled=0 outer=200000 calls=128 ns_per_outer=536.5 ns_per_call=4.19
rep 3 variant=fp enabled=0 outer=200000 calls=128 ns_per_outer=533.7 ns_per_call=4.17
rep 4 variant=fp enabled=0 outer=200000 calls=128 ns_per_outer=534.7 ns_per_call=4.18
rep 5 variant=fp enabled=0 outer=200000 calls=128 ns_per_outer=541.5 ns_per_call=4.23
rep 6 variant=fp enabled=0 outer=200000 calls=128 ns_per_outer=533.3 ns_per_call=4.17
result variant=fp enabled=0 outer=200000 calls=128 reps=7 median_ns_per_outer=535.7 median_ns_per_call=4.19 min_ns_per_call=4.17 acc=204800000
[    2.239881] kjit: translate_svc_sites pid 78: 2 text ranges, 111 svc sites
[    2.240224] rust_kjit: kjit: pc 0x401028: installed 540 bytes, 0 fault sites, 4 entries, text 0x401028..0x401038, fpsimd true
[    2.240759] rust_kjit: kjit: pc 0x40100c: installed 1104 bytes, 1 fault sites, 11 entries, text 0x400ffc..0x401028, fpsimd false
rep 0 variant=fp enabled=1 outer=20000 calls=128 ns_per_outer=928.0 ns_per_call=7.25
rep 1 variant=fp enabled=1 outer=20000 calls=128 ns_per_outer=936.2 ns_per_call=7.31
rep 2 variant=fp enabled=1 outer=20000 calls=128 ns_per_outer=933.8 ns_per_call=7.30
rep 3 variant=fp enabled=1 outer=20000 calls=128 ns_per_outer=925.2 ns_per_call=7.23
rep 4 variant=fp enabled=1 outer=20000 calls=128 ns_per_outer=927.0 ns_per_call=7.24
rep 5 variant=fp enabled=1 outer=20000 calls=128 ns_per_outer=912.1 ns_per_call=7.13
rep 6 variant=fp enabled=1 outer=20000 calls=128 ns_per_outer=921.6 ns_per_call=7.20
result variant=fp enabled=1 outer=20000 calls=128 reps=7 median_ns_per_outer=927.0 median_ns_per_call=7.24 min_ns_per_call=7.13 acc=20480000
counters variant=fp timed_outer=140000 hook_calls=140045 syscalls_in_kernel=139965 fragment_entries=280017 fpsimd_entries=139973 fpsimd_restores=0 chains=139972 chain_cap=0 exit_svc=139965 exit_bl=139972 exit_blr=0 exit_br=0 exit_ret=80 exit_mem=0 exit_unsupported=0 exit_budget=0 run_declined=0
rep 0 variant=gpr enabled=0 outer=200000 calls=256 ns_per_outer=380.3 ns_per_call=1.49
rep 1 variant=gpr enabled=0 outer=200000 calls=256 ns_per_outer=376.9 ns_per_call=1.47
rep 2 variant=gpr enabled=0 outer=200000 calls=256 ns_per_outer=379.9 ns_per_call=1.48
rep 3 variant=gpr enabled=0 outer=200000 calls=256 ns_per_outer=377.7 ns_per_call=1.48
rep 4 variant=gpr enabled=0 outer=200000 calls=256 ns_per_outer=388.4 ns_per_call=1.52
rep 5 variant=gpr enabled=0 outer=200000 calls=256 ns_per_outer=380.7 ns_per_call=1.49
rep 6 variant=gpr enabled=0 outer=200000 calls=256 ns_per_outer=380.3 ns_per_call=1.49
result variant=gpr enabled=0 outer=200000 calls=256 reps=7 median_ns_per_outer=380.3 median_ns_per_call=1.49 min_ns_per_call=1.47 acc=409600000
[    3.037402] kjit: translate_svc_sites pid 80: 2 text ranges, 111 svc sites
[    3.037913] rust_kjit: kjit: pc 0x400fe8: installed 532 bytes, 0 fault sites, 2 entries, text 0x400fe8..0x400ff0, fpsimd false
[    3.038745] rust_kjit: kjit: pc 0x400fcc: installed 1104 bytes, 1 fault sites, 11 entries, text 0x400fbc..0x400fe8, fpsimd false
rep 0 variant=gpr enabled=1 outer=20000 calls=256 ns_per_outer=1624.6 ns_per_call=6.35
rep 1 variant=gpr enabled=1 outer=20000 calls=256 ns_per_outer=1640.3 ns_per_call=6.41
rep 2 variant=gpr enabled=1 outer=20000 calls=256 ns_per_outer=1654.5 ns_per_call=6.46
rep 3 variant=gpr enabled=1 outer=20000 calls=256 ns_per_outer=1633.5 ns_per_call=6.38
rep 4 variant=gpr enabled=1 outer=20000 calls=256 ns_per_outer=1644.5 ns_per_call=6.42
rep 5 variant=gpr enabled=1 outer=20000 calls=256 ns_per_outer=1648.8 ns_per_call=6.44
rep 6 variant=gpr enabled=1 outer=20000 calls=256 ns_per_outer=1633.2 ns_per_call=6.38
result variant=gpr enabled=1 outer=20000 calls=256 reps=7 median_ns_per_outer=1640.3 median_ns_per_call=6.41 min_ns_per_call=6.35 acc=40960000
counters variant=gpr timed_outer=140000 hook_calls=140045 syscalls_in_kernel=139965 fragment_entries=140045 fpsimd_entries=1 fpsimd_restores=0 chains=0 chain_cap=0 exit_svc=139965 exit_bl=0 exit_blr=0 exit_br=0 exit_ret=80 exit_mem=0 exit_unsupported=0 exit_budget=0 run_declined=0
rep 0 variant=fp enabled=0 outer=200000 calls=256 ns_per_outer=1111.0 ns_per_call=4.34
rep 1 variant=fp enabled=0 outer=200000 calls=256 ns_per_outer=973.1 ns_per_call=3.80
rep 2 variant=fp enabled=0 outer=200000 calls=256 ns_per_outer=1075.3 ns_per_call=4.20
rep 3 variant=fp enabled=0 outer=200000 calls=256 ns_per_outer=992.3 ns_per_call=3.88
rep 4 variant=fp enabled=0 outer=200000 calls=256 ns_per_outer=980.9 ns_per_call=3.83
rep 5 variant=fp enabled=0 outer=200000 calls=256 ns_per_outer=953.4 ns_per_call=3.72
rep 6 variant=fp enabled=0 outer=200000 calls=256 ns_per_outer=948.4 ns_per_call=3.70
result variant=fp enabled=0 outer=200000 calls=256 reps=7 median_ns_per_outer=980.9 median_ns_per_call=3.83 min_ns_per_call=3.70 acc=409600000
[    4.951992] kjit: translate_svc_sites pid 82: 2 text ranges, 111 svc sites
[    4.952375] rust_kjit: kjit: pc 0x401028: installed 540 bytes, 0 fault sites, 4 entries, text 0x401028..0x401038, fpsimd true
[    4.953547] rust_kjit: kjit: pc 0x40100c: installed 1104 bytes, 1 fault sites, 11 entries, text 0x400ffc..0x401028, fpsimd false
rep 0 variant=fp enabled=1 outer=20000 calls=256 ns_per_outer=1718.6 ns_per_call=6.71
rep 1 variant=fp enabled=1 outer=20000 calls=256 ns_per_outer=1728.1 ns_per_call=6.75
rep 2 variant=fp enabled=1 outer=20000 calls=256 ns_per_outer=1778.1 ns_per_call=6.95
rep 3 variant=fp enabled=1 outer=20000 calls=256 ns_per_outer=1752.2 ns_per_call=6.84
rep 4 variant=fp enabled=1 outer=20000 calls=256 ns_per_outer=1726.8 ns_per_call=6.75
rep 5 variant=fp enabled=1 outer=20000 calls=256 ns_per_outer=1732.9 ns_per_call=6.77
rep 6 variant=fp enabled=1 outer=20000 calls=256 ns_per_outer=1722.0 ns_per_call=6.73
result variant=fp enabled=1 outer=20000 calls=256 reps=7 median_ns_per_outer=1728.1 median_ns_per_call=6.75 min_ns_per_call=6.71 acc=40960000
counters variant=fp timed_outer=140000 hook_calls=140045 syscalls_in_kernel=139965 fragment_entries=280017 fpsimd_entries=139973 fpsimd_restores=0 chains=139972 chain_cap=0 exit_svc=139965 exit_bl=139972 exit_blr=0 exit_br=0 exit_ret=80 exit_mem=0 exit_unsupported=0 exit_budget=0 run_declined=0
a11: ibtc_variant=5
a11: warm-up at off
a11maps aaaad8090000-aaaad82e0000 r-xp 00000000 00:03 4263                       /opt/redis/src/redis-server
a11maps aaaad82e9000-aaaad82f0000 r--p 00259000 00:03 4263                       /opt/redis/src/redis-server
a11maps aaaad82f0000-aaaad8349000 rw-p 00260000 00:03 4263                       /opt/redis/src/redis-server
a11maps aaaad8349000-aaaad857c000 rw-p 00000000 00:00 0 
a11maps aaaae8489000-aaaae84aa000 rw-p 00000000 00:00 0                          [heap]
a11maps ffffbc340000-ffffbc5c0000 rw-p 00000000 00:00 0 
a11maps ffffbc5c0000-ffffbc5d0000 ---p 00000000 00:00 0 
a11maps ffffbc5d0000-ffffbcdd0000 rw-p 00000000 00:00 0 
a11maps ffffbcdd0000-ffffbcde0000 ---p 00000000 00:00 0 
a11maps ffffbcde0000-ffffbd5e0000 rw-p 00000000 00:00 0 
a11maps ffffbd5e0000-ffffbd5f0000 ---p 00000000 00:00 0 
a11maps ffffbd5f0000-ffffbddf0000 rw-p 00000000 00:00 0 
a11maps ffffbddf0000-ffffbde00000 ---p 00000000 00:00 0 
a11maps ffffbde00000-ffffbe600000 rw-p 00000000 00:00 0 
a11maps ffffbe600000-ffffbee00000 rw-p 00000000 00:00 0 
a11maps ffffbeec0000-ffffbf04c000 r-xp 00000000 00:03 816                        /usr/lib/aarch64-linux-gnu/libc.so.6
a11maps ffffbf04c000-ffffbf05c000 ---p 0018c000 00:03 816                        /usr/lib/aarch64-linux-gnu/libc.so.6
a11maps ffffbf05c000-ffffbf060000 r--p 0018c000 00:03 816                        /usr/lib/aarch64-linux-gnu/libc.so.6
a11maps ffffbf060000-ffffbf062000 rw-p 00190000 00:03 816                        /usr/lib/aarch64-linux-gnu/libc.so.6
a11maps ffffbf062000-ffffbf06f000 rw-p 00000000 00:00 0 
a11maps ffffbf070000-ffffbf0f2000 r-xp 00000000 00:03 863                        /usr/lib/aarch64-linux-gnu/libm.so.6
a11maps ffffbf0f2000-ffffbf10f000 ---p 00082000 00:03 863                        /usr/lib/aarch64-linux-gnu/libm.so.6
a11maps ffffbf10f000-ffffbf110000 r--p 0008f000 00:03 863                        /usr/lib/aarch64-linux-gnu/libm.so.6
a11maps ffffbf110000-ffffbf111000 rw-p 00090000 00:03 863                        /usr/lib/aarch64-linux-gnu/libm.so.6
a11maps ffffbf121000-ffffbf148000 r-xp 00000000 00:03 796                        /usr/lib/aarch64-linux-gnu/ld-linux-aarch64.so.1
a11maps ffffbf152000-ffffbf156000 rw-p 00000000 00:00 0 
a11maps ffffbf158000-ffffbf15a000 rw-p 00000000 00:00 0 
a11maps ffffbf15a000-ffffbf15e000 r--p 00000000 00:00 0                          [vvar]
a11maps ffffbf15e000-ffffbf15f000 r-xp 00000000 00:00 0                          [vdso]
a11maps ffffbf15f000-ffffbf161000 r--p 0002e000 00:03 796                        /usr/lib/aarch64-linux-gnu/ld-linux-aarch64.so.1
a11maps ffffbf161000-ffffbf163000 rw-p 00030000 00:03 796                        /usr/lib/aarch64-linux-gnu/ld-linux-aarch64.so.1
a11maps fffff4710000-fffff4731000 rw-p 00000000 00:00 0                          [stack]
a11 point=off pass=1 test=set requests=200000 rps=251256.28 hook_calls=0 syscalls_in_kernel=0 fragment_entries=0 fpsimd_entries=0 fpsimd_restores=0 chains=0 chain_cap=0 exit_svc=0 exit_bl=0 exit_blr=0 exit_br=0 exit_ret=0 exit_mem=0 exit_unsupported=0 exit_budget=0 run_declined=0 ibtc_insert=0 ibtc_replace=0 ibtc_clear=0 ibtc_fpsimd_boundary=0 ibtc_miss_cold=0 ibtc_miss_conflict=0 ibtc_miss_other=0 fpsimd_run_max_ns=111458 miss_residual=0
a11slots point=off pass=1 test=set # table all conflicts 0 slots 0 top32 0
a11slots point=off pass=1 test=set # table nofp conflicts 0 slots 0 top32 0
a11 point=off pass=1 test=get requests=200000 rps=237247.92 hook_calls=0 syscalls_in_kernel=0 fragment_entries=0 fpsimd_entries=0 fpsimd_restores=0 chains=0 chain_cap=0 exit_svc=0 exit_bl=0 exit_blr=0 exit_br=0 exit_ret=0 exit_mem=0 exit_unsupported=0 exit_budget=0 run_declined=0 ibtc_insert=0 ibtc_replace=0 ibtc_clear=0 ibtc_fpsimd_boundary=0 ibtc_miss_cold=0 ibtc_miss_conflict=0 ibtc_miss_other=0 fpsimd_run_max_ns=111458 miss_residual=0
a11slots point=off pass=1 test=get # table all conflicts 0 slots 0 top32 0
a11slots point=off pass=1 test=get # table nofp conflicts 0 slots 0 top32 0
a11 point=1024 pass=1 test=set requests=200000 rps=139372.83 hook_calls=408814 syscalls_in_kernel=384552 fragment_entries=607228 fpsimd_entries=198957 fpsimd_restores=0 chains=199221 chain_cap=0 exit_svc=384552 exit_bl=6878 exit_blr=858 exit_br=199598 exit_ret=9956 exit_mem=0 exit_unsupported=5386 exit_budget=0 run_declined=15 ibtc_insert=572 ibtc_replace=35 ibtc_clear=0 ibtc_fpsimd_boundary=198949 ibtc_miss_cold=17236 ibtc_miss_conflict=1105 ibtc_miss_other=0 fpsimd_run_max_ns=156291 miss_residual=0
a11slots point=1024 pass=1 test=set # table all conflicts 1026 slots 16 top32 1026
a11slots point=1024 pass=1 test=set all 357 65 0xaaaad8178594 0xaaaad8104594
a11slots point=1024 pass=1 test=set all 2452 65 0xaaaad81ca650 0xaaaad818e650
a11slots point=1024 pass=1 test=set all 257 64 0xaaaad8100404 0xaaaad8104404
a11slots point=1024 pass=1 test=set all 453 64 0xaaaad812c714 0xaaaad8204714
a11slots point=1024 pass=1 test=set all 883 64 0xaaaad80fcdcc 0xaaaad8140dcc
a11slots point=1024 pass=1 test=set all 928 64 0xaaaad8128e80 0xaaaad8140e80
a11slots point=1024 pass=1 test=set all 1116 64 0xaaaad8109170 0xaaaad8115170
a11slots point=1024 pass=1 test=set all 1472 64 0xaaaad8109700 0xaaaad811d700
a11slots point=1024 pass=1 test=set all 1616 64 0xaaaad812d940 0xaaaad8129940
a11slots point=1024 pass=1 test=set all 1684 64 0xaaaad812da50 0xaaaad811da50
a11slots point=1024 pass=1 test=set all 1756 64 0xaaaad8115b70 0xaaaad811db70
a11slots point=1024 pass=1 test=set all 1766 64 0xaaaad81fdb98 0xaaaad811db98
a11slots point=1024 pass=1 test=set all 1804 64 0xaaaad811dc30 0xffffbef9dc30
a11slots point=1024 pass=1 test=set all 1813 64 0xaaaad81fdc54 0xaaaad812dc54
a11slots point=1024 pass=1 test=set all 2364 64 0xaaaad81fe4f0 0xaaaad812e4f0
a11slots point=1024 pass=1 test=set all 3164 64 0xaaaad810b170 0xaaaad8127170
a11slots point=1024 pass=1 test=set # table nofp conflicts 79 slots 15 top32 79
a11slots point=1024 pass=1 test=set nofp 236 65 0xaaaad81003b0 0xaaaad811c3b0
a11slots point=1024 pass=1 test=set nofp 257 1 0xaaaad8100404 0xaaaad8104404
a11slots point=1024 pass=1 test=set nofp 453 1 0xaaaad812c714 0xaaaad8204714
a11slots point=1024 pass=1 test=set nofp 883 1 0xaaaad80fcdcc 0xaaaad8140dcc
a11slots point=1024 pass=1 test=set nofp 928 1 0xaaaad8128e80 0xaaaad8140e80
a11slots point=1024 pass=1 test=set nofp 1116 1 0xaaaad8109170 0xaaaad8115170
a11slots point=1024 pass=1 test=set nofp 1472 1 0xaaaad8109700 0xaaaad811d700
a11slots point=1024 pass=1 test=set nofp 1616 1 0xaaaad812d940 0xaaaad8129940
a11slots point=1024 pass=1 test=set nofp 1684 1 0xaaaad812da50 0xaaaad811da50
a11slots point=1024 pass=1 test=set nofp 1756 1 0xaaaad8115b70 0xaaaad811db70
a11slots point=1024 pass=1 test=set nofp 1766 1 0xaaaad81fdb98 0xaaaad811db98
a11slots point=1024 pass=1 test=set nofp 1804 1 0xaaaad811dc30 0xffffbef9dc30
a11slots point=1024 pass=1 test=set nofp 1813 1 0xaaaad81fdc54 0xaaaad812dc54
a11slots point=1024 pass=1 test=set nofp 2364 1 0xaaaad81fe4f0 0xaaaad812e4f0
a11slots point=1024 pass=1 test=set nofp 3164 1 0xaaaad810b170 0xaaaad8127170
a11 point=1024 pass=1 test=get requests=200000 rps=156739.81 hook_calls=408866 syscalls_in_kernel=398680 fragment_entries=608342 fpsimd_entries=200006 fpsimd_restores=0 chains=200021 chain_cap=0 exit_svc=398680 exit_bl=785 exit_blr=79 exit_br=200002 exit_ret=919 exit_mem=1 exit_unsupported=7876 exit_budget=0 run_declined=12 ibtc_insert=36 ibtc_replace=3 ibtc_clear=0 ibtc_fpsimd_boundary=200003 ibtc_miss_cold=1601 ibtc_miss_conflict=181 ibtc_miss_other=0 fpsimd_run_max_ns=1139875 miss_residual=0
a11slots point=1024 pass=1 test=get # table all conflicts 128 slots 2 top32 128
a11slots point=1024 pass=1 test=get all 1600 64 0xaaaad8121900 0xaaaad811d900
a11slots point=1024 pass=1 test=get all 1622 64 0xaaaad8121958 0xaaaad811d958
a11slots point=1024 pass=1 test=get # table nofp conflicts 53 slots 3 top32 53
a11slots point=1024 pass=1 test=get nofp 1345 51 0xaaaad8101504 0xaaaad8109504
a11slots point=1024 pass=1 test=get nofp 1600 1 0xaaaad8121900 0xaaaad811d900
a11slots point=1024 pass=1 test=get nofp 1622 1 0xaaaad8121958 0xaaaad811d958
a11 point=off pass=2 test=set requests=200000 rps=230414.75 hook_calls=0 syscalls_in_kernel=0 fragment_entries=0 fpsimd_entries=0 fpsimd_restores=0 chains=0 chain_cap=0 exit_svc=0 exit_bl=0 exit_blr=0 exit_br=0 exit_ret=0 exit_mem=0 exit_unsupported=0 exit_budget=0 run_declined=0 ibtc_insert=0 ibtc_replace=0 ibtc_clear=0 ibtc_fpsimd_boundary=0 ibtc_miss_cold=0 ibtc_miss_conflict=0 ibtc_miss_other=0 fpsimd_run_max_ns=1139875 miss_residual=0
a11slots point=off pass=2 test=set # table all conflicts 0 slots 0 top32 0
a11slots point=off pass=2 test=set # table nofp conflicts 0 slots 0 top32 0
a11 point=off pass=2 test=get requests=200000 rps=230149.59 hook_calls=0 syscalls_in_kernel=0 fragment_entries=0 fpsimd_entries=0 fpsimd_restores=0 chains=0 chain_cap=0 exit_svc=0 exit_bl=0 exit_blr=0 exit_br=0 exit_ret=0 exit_mem=0 exit_unsupported=0 exit_budget=0 run_declined=0 ibtc_insert=0 ibtc_replace=0 ibtc_clear=0 ibtc_fpsimd_boundary=0 ibtc_miss_cold=0 ibtc_miss_conflict=0 ibtc_miss_other=0 fpsimd_run_max_ns=1139875 miss_residual=0
a11slots point=off pass=2 test=get # table all conflicts 0 slots 0 top32 0
a11slots point=off pass=2 test=get # table nofp conflicts 0 slots 0 top32 0
a11 point=1024 pass=2 test=set requests=200000 rps=140845.08 hook_calls=408791 syscalls_in_kernel=399691 fragment_entries=608235 fpsimd_entries=200001 fpsimd_restores=0 chains=200001 chain_cap=0 exit_svc=399691 exit_bl=452 exit_blr=26 exit_br=200001 exit_ret=271 exit_mem=9 exit_unsupported=7785 exit_budget=0 run_declined=21 ibtc_insert=0 ibtc_replace=0 ibtc_clear=0 ibtc_fpsimd_boundary=200001 ibtc_miss_cold=698 ibtc_miss_conflict=51 ibtc_miss_other=0 fpsimd_run_max_ns=1139875 miss_residual=0
a11slots point=1024 pass=2 test=set # table all conflicts 0 slots 0 top32 0
a11slots point=1024 pass=2 test=set # table nofp conflicts 51 slots 1 top32 51
a11slots point=1024 pass=2 test=set nofp 1345 51 0xaaaad8101504 0xaaaad8109504
a11 point=1024 pass=2 test=get requests=200000 rps=157109.19 hook_calls=408938 syscalls_in_kernel=399743 fragment_entries=608392 fpsimd_entries=200001 fpsimd_restores=0 chains=200001 chain_cap=0 exit_svc=399743 exit_bl=376 exit_blr=20 exit_br=200001 exit_ret=268 exit_mem=3 exit_unsupported=7981 exit_budget=0 run_declined=15 ibtc_insert=0 ibtc_replace=0 ibtc_clear=0 ibtc_fpsimd_boundary=200001 ibtc_miss_cold=613 ibtc_miss_conflict=51 ibtc_miss_other=0 fpsimd_run_max_ns=1139875 miss_residual=0
a11slots point=1024 pass=2 test=get # table all conflicts 0 slots 0 top32 0
a11slots point=1024 pass=2 test=get # table nofp conflicts 51 slots 1 top32 51
a11slots point=1024 pass=2 test=get nofp 1345 51 0xaaaad8101504 0xaaaad8109504
a11 point=off pass=3 test=set requests=200000 rps=229095.06 hook_calls=0 syscalls_in_kernel=0 fragment_entries=0 fpsimd_entries=0 fpsimd_restores=0 chains=0 chain_cap=0 exit_svc=0 exit_bl=0 exit_blr=0 exit_br=0 exit_ret=0 exit_mem=0 exit_unsupported=0 exit_budget=0 run_declined=0 ibtc_insert=0 ibtc_replace=0 ibtc_clear=0 ibtc_fpsimd_boundary=0 ibtc_miss_cold=0 ibtc_miss_conflict=0 ibtc_miss_other=0 fpsimd_run_max_ns=1139875 miss_residual=0
a11slots point=off pass=3 test=set # table all conflicts 0 slots 0 top32 0
a11slots point=off pass=3 test=set # table nofp conflicts 0 slots 0 top32 0
a11 point=off pass=3 test=get requests=200000 rps=232018.56 hook_calls=0 syscalls_in_kernel=0 fragment_entries=0 fpsimd_entries=0 fpsimd_restores=0 chains=0 chain_cap=0 exit_svc=0 exit_bl=0 exit_blr=0 exit_br=0 exit_ret=0 exit_mem=0 exit_unsupported=0 exit_budget=0 run_declined=0 ibtc_insert=0 ibtc_replace=0 ibtc_clear=0 ibtc_fpsimd_boundary=0 ibtc_miss_cold=0 ibtc_miss_conflict=0 ibtc_miss_other=0 fpsimd_run_max_ns=1139875 miss_residual=0
a11slots point=off pass=3 test=get # table all conflicts 0 slots 0 top32 0
a11slots point=off pass=3 test=get # table nofp conflicts 0 slots 0 top32 0
a11 point=1024 pass=3 test=set requests=200000 rps=127226.46 hook_calls=409111 syscalls_in_kernel=399621 fragment_entries=608546 fpsimd_entries=200001 fpsimd_restores=0 chains=200001 chain_cap=0 exit_svc=399621 exit_bl=520 exit_blr=35 exit_br=200001 exit_ret=271 exit_mem=2 exit_unsupported=8096 exit_budget=0 run_declined=27 ibtc_insert=0 ibtc_replace=0 ibtc_clear=0 ibtc_fpsimd_boundary=200001 ibtc_miss_cold=775 ibtc_miss_conflict=51 ibtc_miss_other=0 fpsimd_run_max_ns=1282250 miss_residual=0
a11slots point=1024 pass=3 test=set # table all conflicts 0 slots 0 top32 0
a11slots point=1024 pass=3 test=set # table nofp conflicts 51 slots 1 top32 51
a11slots point=1024 pass=3 test=set nofp 1345 51 0xaaaad8101504 0xaaaad8109504
a11 point=1024 pass=3 test=get requests=200000 rps=148809.53 hook_calls=408990 syscalls_in_kernel=399716 fragment_entries=608444 fpsimd_entries=200001 fpsimd_restores=180 chains=200001 chain_cap=0 exit_svc=399716 exit_bl=397 exit_blr=15 exit_br=200001 exit_ret=270 exit_mem=2 exit_unsupported=8043 exit_budget=0 run_declined=12 ibtc_insert=0 ibtc_replace=0 ibtc_clear=0 ibtc_fpsimd_boundary=200001 ibtc_miss_cold=631 ibtc_miss_conflict=51 ibtc_miss_other=0 fpsimd_run_max_ns=1282250 miss_residual=0
a11slots point=1024 pass=3 test=get # table all conflicts 0 slots 0 top32 0
a11slots point=1024 pass=3 test=get # table nofp conflicts 51 slots 1 top32 51
a11slots point=1024 pass=3 test=get nofp 1345 51 0xaaaad8101504 0xaaaad8109504
a11maps-end aaaad8090000-aaaad82e0000 r-xp 00000000 00:03 4263                       /opt/redis/src/redis-server
a11maps-end aaaad82e9000-aaaad82f0000 r--p 00259000 00:03 4263                       /opt/redis/src/redis-server
a11maps-end aaaad82f0000-aaaad8349000 rw-p 00260000 00:03 4263                       /opt/redis/src/redis-server
a11maps-end aaaad8349000-aaaad857c000 rw-p 00000000 00:00 0 
a11maps-end aaaae8489000-aaaae84aa000 rw-p 00000000 00:00 0                          [heap]
a11maps-end ffffbc340000-ffffbc5c0000 rw-p 00000000 00:00 0 
a11maps-end ffffbc5c0000-ffffbc5d0000 ---p 00000000 00:00 0 
a11maps-end ffffbc5d0000-ffffbcdd0000 rw-p 00000000 00:00 0 
a11maps-end ffffbcdd0000-ffffbcde0000 ---p 00000000 00:00 0 
a11maps-end ffffbcde0000-ffffbd5e0000 rw-p 00000000 00:00 0 
a11maps-end ffffbd5e0000-ffffbd5f0000 ---p 00000000 00:00 0 
a11maps-end ffffbd5f0000-ffffbddf0000 rw-p 00000000 00:00 0 
a11maps-end ffffbddf0000-ffffbde00000 ---p 00000000 00:00 0 
a11maps-end ffffbde00000-ffffbe600000 rw-p 00000000 00:00 0 
a11maps-end ffffbe600000-ffffbee00000 rw-p 00000000 00:00 0 
a11maps-end ffffbeec0000-ffffbf04c000 r-xp 00000000 00:03 816                        /usr/lib/aarch64-linux-gnu/libc.so.6
a11maps-end ffffbf04c000-ffffbf05c000 ---p 0018c000 00:03 816                        /usr/lib/aarch64-linux-gnu/libc.so.6
a11maps-end ffffbf05c000-ffffbf060000 r--p 0018c000 00:03 816                        /usr/lib/aarch64-linux-gnu/libc.so.6
a11maps-end ffffbf060000-ffffbf062000 rw-p 00190000 00:03 816                        /usr/lib/aarch64-linux-gnu/libc.so.6
a11maps-end ffffbf062000-ffffbf06f000 rw-p 00000000 00:00 0 
a11maps-end ffffbf070000-ffffbf0f2000 r-xp 00000000 00:03 863                        /usr/lib/aarch64-linux-gnu/libm.so.6
a11maps-end ffffbf0f2000-ffffbf10f000 ---p 00082000 00:03 863                        /usr/lib/aarch64-linux-gnu/libm.so.6
a11maps-end ffffbf10f000-ffffbf110000 r--p 0008f000 00:03 863                        /usr/lib/aarch64-linux-gnu/libm.so.6
a11maps-end ffffbf110000-ffffbf111000 rw-p 00090000 00:03 863                        /usr/lib/aarch64-linux-gnu/libm.so.6
a11maps-end ffffbf121000-ffffbf148000 r-xp 00000000 00:03 796                        /usr/lib/aarch64-linux-gnu/ld-linux-aarch64.so.1
a11maps-end ffffbf152000-ffffbf156000 rw-p 00000000 00:00 0 
a11maps-end ffffbf158000-ffffbf15a000 rw-p 00000000 00:00 0 
a11maps-end ffffbf15a000-ffffbf15e000 r--p 00000000 00:00 0                          [vvar]
a11maps-end ffffbf15e000-ffffbf15f000 r-xp 00000000 00:00 0                          [vdso]
a11maps-end ffffbf15f000-ffffbf161000 r--p 0002e000 00:03 796                        /usr/lib/aarch64-linux-gnu/ld-linux-aarch64.so.1
a11maps-end ffffbf161000-ffffbf163000 rw-p 00030000 00:03 796                        /usr/lib/aarch64-linux-gnu/ld-linux-aarch64.so.1
a11maps-end fffff4710000-fffff4731000 rw-p 00000000 00:00 0                          [stack]
a11: done
[   34.947327] kjit: 0 of 295 translation requests still queued at unload (freed by the kernel)
[   34.975865] rust_kjit: ######## Rust KJIT exits ########
kjit-init: rmmod kjit ok
kjit-init: run exit=0
[   34.989505] reboot: Power down
