[    0.000000] Booting Linux on physical CPU 0x0000000000 [0x610f0000]
[    0.000000] Linux version 7.1.0-rc1 (@6906d107117b) (Ubuntu clang version 18.1.3 (1ubuntu1), Ubuntu LLD 18.1.3) #1 SMP PREEMPT Fri Oct  2 08:37:58 UTC 2026
[    0.000000] random: crng init done
[    0.000000] Machine model: linux,dummy-virt
[    0.000000] OF: reserved mem: Reserved memory: No reserved-memory node in the DT
[    0.000000] psci: probing for conduit method from DT.
[    0.000000] psci: PSCIv1.1 detected in firmware.
[    0.000000] psci: Using standard PSCI v0.2 function IDs
[    0.000000] psci: Trusted OS migration not required
[    0.000000] psci: SMC Calling Convention v1.0
[    0.000000] Zone ranges:
[    0.000000]   Normal   [mem 0x0000000040000000-0x000000013fffffff]
[    0.000000] Movable zone start for each node
[    0.000000] Early memory node ranges
[    0.000000]   node   0: [mem 0x0000000040000000-0x000000013fffffff]
[    0.000000] Initmem setup node 0 [mem 0x0000000040000000-0x000000013fffffff]
[    0.000000] percpu: Embedded 19 pages/cpu s38488 r8192 d31144 u77824
[    0.000000] Detected PIPT I-cache on CPU0
[    0.000000] CPU features: detected: Address authentication (IMP DEF algorithm)
[    0.000000] CPU features: detected: Spectre-v4
[    0.000000] CPU features: detected: Spectre-BHB
[    0.000000] alternatives: applying boot alternatives
[    0.000000] Kernel command line: console=ttyAMA0 panic=-1 nokaslr
[    0.000000] Unknown kernel command line parameters "nokaslr", will be passed to user space.
[    0.000000] printk: log buffer data + meta data: 131072 + 458752 = 589824 bytes
[    0.000000] Dentry cache hash table entries: 524288 (order: 10, 4194304 bytes, linear)
[    0.000000] Inode-cache hash table entries: 262144 (order: 9, 2097152 bytes, linear)
[    0.000000] software IO TLB: SWIOTLB bounce buffer size adjusted to 4MB
[    0.000000] software IO TLB: area num 4.
[    0.000000] software IO TLB: mapped [mem 0x000000013ac00000-0x000000013b000000] (4MB)
[    0.000000] Built 1 zonelists, mobility grouping on.  Total pages: 1048576
[    0.000000] mem auto-init: stack:all(zero), heap alloc:off, heap free:off
[    0.000000] SLUB: HWalign=64, Order=0-3, MinObjects=0, CPUs=4, Nodes=1
[    0.000000] rcu: Preemptible hierarchical RCU implementation.
[    0.000000] rcu: 	RCU restricting CPUs from NR_CPUS=512 to nr_cpu_ids=4.
[    0.000000] rcu: RCU calculated value of scheduler-enlistment delay is 25 jiffies.
[    0.000000] rcu: Adjusting geometry for rcu_fanout_leaf=16, nr_cpu_ids=4
[    0.000000] NR_IRQS: 64, nr_irqs: 64, preallocated irqs: 0
[    0.000000] Root IRQ handler: gic_handle_irq
[    0.000000] GICv2m: range[mem 0x08020000-0x08020fff], SPI[80:143]
[    0.000000] rcu: srcu_init: Setting srcu_struct sizes based on contention.
[    0.000000] arch_timer: cp15 timer running at 24.00MHz (virt).
[    0.000000] clocksource: arch_sys_counter: mask: 0xffffffffffffff max_cycles: 0x588fe9dc0, max_idle_ns: 440795202592 ns
[    0.000000] sched_clock: 56 bits at 24MHz, resolution 41ns, wraps every 4398046511097ns
[    0.000103] Console: colour dummy device 80x25
[    0.000112] Calibrating delay loop (skipped), value calculated using timer frequency.. 48.00 BogoMIPS (lpj=96000)
[    0.000115] pid_max: default: 32768 minimum: 301
[    0.000247] Mount-cache hash table entries: 8192 (order: 4, 65536 bytes, linear)
[    0.000261] Mountpoint-cache hash table entries: 8192 (order: 4, 65536 bytes, linear)
[    0.000344] VFS: Finished mounting rootfs on nullfs
[    0.000486] cacheinfo: Unable to detect cache hierarchy for CPU 0
[    0.000590] rcu: Hierarchical SRCU implementation.
[    0.000590] rcu: 	Max phase no-delay instances is 1000.
[    0.000611] Timer migration: 1 hierarchy levels; 8 children per group; 1 crossnode level
[    0.000649] smp: Bringing up secondary CPUs ...
[    0.000863] Detected PIPT I-cache on CPU1
[    0.000963] CPU1: Booted secondary processor 0x0000000001 [0x610f0000]
[    0.001246] Detected PIPT I-cache on CPU2
[    0.001337] CPU2: Booted secondary processor 0x0000000002 [0x610f0000]
[    0.001608] Detected PIPT I-cache on CPU3
[    0.001718] CPU3: Booted secondary processor 0x0000000003 [0x610f0000]
[    0.001815] smp: Brought up 1 node, 4 CPUs
[    0.001816] SMP: Total of 4 processors activated.
[    0.001817] CPU: All CPU(s) started at EL1
[    0.001818] CPU features: detected: ARMv8.4 Translation Table Level
[    0.001818] CPU features: detected: Data cache clean to the PoU not required for I/D coherence
[    0.001819] CPU features: detected: CRC32 instructions
[    0.001819] CPU features: detected: Data independent timing control (DIT)
[    0.001820] CPU features: detected: E0PD
[    0.001821] CPU features: detected: Generic authentication (IMP DEF algorithm)
[    0.001821] CPU features: detected: RCpc load-acquire (LDAPR)
[    0.001822] CPU features: detected: LSE atomic instructions
[    0.001822] CPU features: detected: Privileged Access Never
[    0.001822] CPU features: detected: Speculation barrier (SB)
[    0.001823] CPU features: detected: TLB range maintenance instructions
[    0.001823] CPU features: detected: XNX
[    0.001934] alternatives: applying system-wide alternatives
[    0.002923] Memory: 3934216K/4194304K available (5248K kernel code, 754K rwdata, 2356K rodata, 576K init, 405K bss, 256908K reserved, 0K cma-reserved)
[    0.003222] devtmpfs: initialized
[    0.003511] clocksource: jiffies: mask: 0xffffffff max_cycles: 0xffffffff, max_idle_ns: 7645041785100000 ns
[    0.003515] posixtimers hash table entries: 2048 (order: 3, 32768 bytes, linear)
[    0.003532] futex hash table entries: 1024 (65536 bytes on 1 NUMA nodes, total 64 KiB, linear).
[    0.003539] 30384 pages in range for non-PLT usage
[    0.003540] 521904 pages in range for PLT usage
[    0.003610] NET: Registered PF_NETLINK/PF_ROUTE protocol family
[    0.004198] DMA: preallocated 512 KiB GFP_KERNEL pool for atomic allocations
[    0.004233] ASID allocator initialised with 256 entries
[    0.004241] Serial: AMBA PL011 UART driver
[    0.004675] 9000000.pl011: ttyAMA0 at MMIO 0x9000000 (irq = 13, base_baud = 0) is a PL011 rev1
[    0.004814] printk: console [ttyAMA0] enabled
[    0.010479] vgaarb: loaded
[    0.010757] clocksource: Switched to clocksource arch_sys_counter
[    0.020551] NET: Registered PF_INET protocol family
[    0.020635] IP idents hash table entries: 65536 (order: 7, 524288 bytes, linear)
[    0.021059] tcp_listen_portaddr_hash hash table entries: 2048 (order: 3, 32768 bytes, linear)
[    0.021065] Table-perturb hash table entries: 65536 (order: 6, 262144 bytes, linear)
[    0.021068] TCP established hash table entries: 32768 (order: 6, 262144 bytes, linear)
[    0.021120] TCP bind hash table entries: 32768 (order: 8, 1048576 bytes, linear)
[    0.021289] TCP: Hash tables configured (established 32768 bind 32768)
[    0.021323] UDP hash table entries: 2048 (order: 5, 131072 bytes, linear)
[    0.021354] NET: Registered PF_UNIX/PF_LOCAL protocol family
[    0.021361] PCI: CLS 0 bytes, default 64
[    0.021671] Unpacking initramfs...
[    0.023532] workingset: timestamp_bits=46 (anon: 42) max_order=20 bucket_order=0 (anon: 0)
[    0.023580] 9p: Installing v9fs 9p2000 file system support
[    0.027011] pci-host-generic 4010000000.pcie: host bridge /pcie@10000000 ranges:
[    0.027018] pci-host-generic 4010000000.pcie:       IO 0x003eff0000..0x003effffff -> 0x0000000000
[    0.027020] pci-host-generic 4010000000.pcie:      MEM 0x0010000000..0x003efeffff -> 0x0010000000
[    0.027021] pci-host-generic 4010000000.pcie:      MEM 0x8000000000..0xffffffffff -> 0x8000000000
[    0.027028] pci-host-generic 4010000000.pcie: Memory resource size exceeds max for 32 bits
[    0.027038] pci-host-generic 4010000000.pcie: ECAM at [mem 0x4010000000-0x401fffffff] for [bus 00-ff]
[    0.027051] pci-host-generic 4010000000.pcie: PCI host bridge to bus 0000:00
[    0.027052] pci_bus 0000:00: root bus resource [bus 00-ff]
[    0.027053] pci_bus 0000:00: root bus resource [io  0x0000-0xffff]
[    0.027053] pci_bus 0000:00: root bus resource [mem 0x10000000-0x3efeffff]
[    0.027054] pci_bus 0000:00: root bus resource [mem 0x8000000000-0xffffffffff]
[    0.027074] pci 0000:00:00.0: [1b36:0008] type 00 class 0x060000 conventional PCI endpoint
[    0.027368] pci 0000:00:01.0: [1af4:1000] type 00 class 0x020000 conventional PCI endpoint
[    0.027482] pci 0000:00:01.0: BAR 0 [io  0x0000-0x001f]
[    0.027485] pci 0000:00:01.0: BAR 1 [mem 0x00000000-0x00000fff]
[    0.027493] pci 0000:00:01.0: BAR 4 [mem 0x00000000-0x00003fff 64bit pref]
[    0.027495] pci 0000:00:01.0: ROM [mem 0x00000000-0x0003ffff pref]
[    0.027790] pci 0000:00:02.0: [1af4:1009] type 00 class 0x000200 conventional PCI endpoint
[    0.027933] pci 0000:00:02.0: BAR 0 [io  0x0000-0x003f]
[    0.027936] pci 0000:00:02.0: BAR 1 [mem 0x00000000-0x00000fff]
[    0.027951] pci 0000:00:02.0: BAR 4 [mem 0x00000000-0x00003fff 64bit pref]
[    0.028491] pci 0000:00:03.0: [1af4:1005] type 00 class 0x00ff00 conventional PCI endpoint
[    0.028706] pci 0000:00:03.0: BAR 0 [io  0x0000-0x001f]
[    0.028710] pci 0000:00:03.0: BAR 1 [mem 0x00000000-0x00000fff]
[    0.028718] pci 0000:00:03.0: BAR 4 [mem 0x00000000-0x00003fff 64bit pref]
[    0.029135] pci 0000:00:01.0: ROM [mem 0x10000000-0x1003ffff pref]: assigned
[    0.029137] pci 0000:00:01.0: BAR 4 [mem 0x8000000000-0x8000003fff 64bit pref]: assigned
[    0.029153] pci 0000:00:02.0: BAR 4 [mem 0x8000004000-0x8000007fff 64bit pref]: assigned
[    0.029197] pci 0000:00:03.0: BAR 4 [mem 0x8000008000-0x800000bfff 64bit pref]: assigned
[    0.029234] pci 0000:00:01.0: BAR 1 [mem 0x10040000-0x10040fff]: assigned
[    0.029249] pci 0000:00:02.0: BAR 1 [mem 0x10041000-0x10041fff]: assigned
[    0.029253] pci 0000:00:03.0: BAR 1 [mem 0x10042000-0x10042fff]: assigned
[    0.029300] pci 0000:00:02.0: BAR 0 [io  0x1000-0x103f]: assigned
[    0.029306] pci 0000:00:01.0: BAR 0 [io  0x1040-0x105f]: assigned
[    0.029326] pci 0000:00:03.0: BAR 0 [io  0x1060-0x107f]: assigned
[    0.029332] pci_bus 0000:00: resource 4 [io  0x0000-0xffff]
[    0.029333] pci_bus 0000:00: resource 5 [mem 0x10000000-0x3efeffff]
[    0.029333] pci_bus 0000:00: resource 6 [mem 0x8000000000-0xffffffffff]
[    0.030133] virtio-pci 0000:00:01.0: enabling device (0000 -> 0003)
[    0.030728] virtio-pci 0000:00:02.0: enabling device (0000 -> 0003)
[    0.031635] virtio-pci 0000:00:03.0: enabling device (0000 -> 0003)
[    0.036212] rtc-pl031 9010000.pl031: registered as rtc0
[    0.036219] rtc-pl031 9010000.pl031: setting system clock to 2026-10-08T18:36:52 UTC (1791484612)
[    0.036422] NET: Registered PF_INET6 protocol family
[    0.036829] Segment Routing with IPv6
[    0.036836] In-situ OAM (IOAM) with IPv6
[    0.036844] sit: IPv6, IPv4 and MPLS over IPv4 tunneling driver
[    0.036936] NET: Registered PF_PACKET protocol family
[    0.036942] 9pnet: Installing 9P2000 support
[    0.041774] clk: Disabling unused clocks
[    0.101107] Freeing initrd memory: 161888K
[    0.101600] Freeing unused kernel memory: 576K
[    0.101655] Run /init as init process
[    0.116939] kjit: loading out-of-tree module taints kernel.
[    0.118004] rust_kjit: ######## Rust KJIT inits ########
[    0.118040] rust_kjit: kjit: dispatch variant 3
[    0.118074] rust_kjit: golden tests/arm64/toy_cfg.s:hot_svc_mark translated for dispatch variant 3; byte comparison skipped (reference is variant 0)
kjit-init: insmod kjit.ko ok
meas: variant=3
rep 0 variant=gpr enabled=0 outer=200000 calls=16 ns_per_outer=150.8 ns_per_call=9.42
rep 1 variant=gpr enabled=0 outer=200000 calls=16 ns_per_outer=141.2 ns_per_call=8.83
rep 2 variant=gpr enabled=0 outer=200000 calls=16 ns_per_outer=141.2 ns_per_call=8.82
rep 3 variant=gpr enabled=0 outer=200000 calls=16 ns_per_outer=141.5 ns_per_call=8.85
rep 4 variant=gpr enabled=0 outer=200000 calls=16 ns_per_outer=140.3 ns_per_call=8.77
rep 5 variant=gpr enabled=0 outer=200000 calls=16 ns_per_outer=140.3 ns_per_call=8.77
rep 6 variant=gpr enabled=0 outer=200000 calls=16 ns_per_outer=148.1 ns_per_call=9.26
result variant=gpr enabled=0 outer=200000 calls=16 reps=7 median_ns_per_outer=141.2 median_ns_per_call=8.83 min_ns_per_call=8.77 acc=25600000
[    0.372877] kjit: translate_svc_sites pid 69: 2 text ranges, 111 svc sites
[    0.373642] rust_kjit: kjit: pc 0x400fe8: installed 524 bytes, 0 fault sites, 2 entries, text 0x400fe8..0x400ff0, fpsimd false
[    0.374710] rust_kjit: kjit: pc 0x400fcc: installed 1088 bytes, 1 fault sites, 11 entries, text 0x400fbc..0x400fe8, fpsimd false
rep 0 variant=gpr enabled=1 outer=20000 calls=16 ns_per_outer=152.8 ns_per_call=9.55
rep 1 variant=gpr enabled=1 outer=20000 calls=16 ns_per_outer=144.9 ns_per_call=9.06
rep 2 variant=gpr enabled=1 outer=20000 calls=16 ns_per_outer=153.3 ns_per_call=9.58
rep 3 variant=gpr enabled=1 outer=20000 calls=16 ns_per_outer=146.3 ns_per_call=9.14
rep 4 variant=gpr enabled=1 outer=20000 calls=16 ns_per_outer=148.0 ns_per_call=9.25
rep 5 variant=gpr enabled=1 outer=20000 calls=16 ns_per_outer=147.5 ns_per_call=9.22
rep 6 variant=gpr enabled=1 outer=20000 calls=16 ns_per_outer=153.0 ns_per_call=9.56
result variant=gpr enabled=1 outer=20000 calls=16 reps=7 median_ns_per_outer=148.0 median_ns_per_call=9.25 min_ns_per_call=9.06 acc=2560000
counters variant=gpr timed_outer=140000 hook_calls=140045 syscalls_in_kernel=139965 fragment_entries=140045 fpsimd_entries=1 fpsimd_restores=0 chains=0 chain_cap=0 exit_svc=139965 exit_bl=0 exit_blr=0 exit_br=0 exit_ret=80 exit_mem=0 exit_unsupported=0 exit_budget=0 run_declined=0
rep 0 variant=fp enabled=0 outer=200000 calls=16 ns_per_outer=181.5 ns_per_call=11.34
rep 1 variant=fp enabled=0 outer=200000 calls=16 ns_per_outer=178.4 ns_per_call=11.15
rep 2 variant=fp enabled=0 outer=200000 calls=16 ns_per_outer=184.3 ns_per_call=11.52
rep 3 variant=fp enabled=0 outer=200000 calls=16 ns_per_outer=178.5 ns_per_call=11.16
rep 4 variant=fp enabled=0 outer=200000 calls=16 ns_per_outer=179.0 ns_per_call=11.19
rep 5 variant=fp enabled=0 outer=200000 calls=16 ns_per_outer=179.8 ns_per_call=11.24
rep 6 variant=fp enabled=0 outer=200000 calls=16 ns_per_outer=177.9 ns_per_call=11.12
result variant=fp enabled=0 outer=200000 calls=16 reps=7 median_ns_per_outer=179.0 median_ns_per_call=11.19 min_ns_per_call=11.12 acc=25600000
[    0.724885] kjit: translate_svc_sites pid 73: 2 text ranges, 111 svc sites
[    0.725553] rust_kjit: kjit: pc 0x401028: installed 532 bytes, 0 fault sites, 4 entries, text 0x401028..0x401038, fpsimd true
[    0.726319] rust_kjit: kjit: pc 0x40100c: installed 1088 bytes, 1 fault sites, 11 entries, text 0x400ffc..0x401028, fpsimd false
rep 0 variant=fp enabled=1 outer=20000 calls=16 ns_per_outer=212.9 ns_per_call=13.31
rep 1 variant=fp enabled=1 outer=20000 calls=16 ns_per_outer=223.9 ns_per_call=13.99
rep 2 variant=fp enabled=1 outer=20000 calls=16 ns_per_outer=220.6 ns_per_call=13.78
rep 3 variant=fp enabled=1 outer=20000 calls=16 ns_per_outer=217.8 ns_per_call=13.61
rep 4 variant=fp enabled=1 outer=20000 calls=16 ns_per_outer=213.8 ns_per_call=13.36
rep 5 variant=fp enabled=1 outer=20000 calls=16 ns_per_outer=216.5 ns_per_call=13.53
rep 6 variant=fp enabled=1 outer=20000 calls=16 ns_per_outer=222.0 ns_per_call=13.87
result variant=fp enabled=1 outer=20000 calls=16 reps=7 median_ns_per_outer=217.8 median_ns_per_call=13.61 min_ns_per_call=13.31 acc=2560000
counters variant=fp timed_outer=140000 hook_calls=140045 syscalls_in_kernel=139965 fragment_entries=280017 fpsimd_entries=139973 fpsimd_restores=0 chains=139972 chain_cap=0 exit_svc=139965 exit_bl=139972 exit_blr=0 exit_br=0 exit_ret=80 exit_mem=0 exit_unsupported=0 exit_budget=0 run_declined=0
rep 0 variant=gpr enabled=0 outer=200000 calls=128 ns_per_outer=257.4 ns_per_call=2.01
rep 1 variant=gpr enabled=0 outer=200000 calls=128 ns_per_outer=259.3 ns_per_call=2.03
rep 2 variant=gpr enabled=0 outer=200000 calls=128 ns_per_outer=256.5 ns_per_call=2.00
rep 3 variant=gpr enabled=0 outer=200000 calls=128 ns_per_outer=259.4 ns_per_call=2.03
rep 4 variant=gpr enabled=0 outer=200000 calls=128 ns_per_outer=256.8 ns_per_call=2.01
rep 5 variant=gpr enabled=0 outer=200000 calls=128 ns_per_outer=259.0 ns_per_call=2.02
rep 6 variant=gpr enabled=0 outer=200000 calls=128 ns_per_outer=256.6 ns_per_call=2.00
result variant=gpr enabled=0 outer=200000 calls=128 reps=7 median_ns_per_outer=257.4 median_ns_per_call=2.01 min_ns_per_call=2.00 acc=204800000
[    1.212002] kjit: translate_svc_sites pid 75: 2 text ranges, 111 svc sites
[    1.212420] rust_kjit: kjit: pc 0x400fe8: installed 524 bytes, 0 fault sites, 2 entries, text 0x400fe8..0x400ff0, fpsimd false
[    1.212979] rust_kjit: kjit: pc 0x400fcc: installed 1088 bytes, 1 fault sites, 11 entries, text 0x400fbc..0x400fe8, fpsimd false
rep 0 variant=gpr enabled=1 outer=20000 calls=128 ns_per_outer=844.7 ns_per_call=6.60
rep 1 variant=gpr enabled=1 outer=20000 calls=128 ns_per_outer=852.9 ns_per_call=6.66
rep 2 variant=gpr enabled=1 outer=20000 calls=128 ns_per_outer=846.3 ns_per_call=6.61
rep 3 variant=gpr enabled=1 outer=20000 calls=128 ns_per_outer=849.4 ns_per_call=6.64
rep 4 variant=gpr enabled=1 outer=20000 calls=128 ns_per_outer=834.7 ns_per_call=6.52
rep 5 variant=gpr enabled=1 outer=20000 calls=128 ns_per_outer=835.5 ns_per_call=6.53
rep 6 variant=gpr enabled=1 outer=20000 calls=128 ns_per_outer=844.5 ns_per_call=6.60
result variant=gpr enabled=1 outer=20000 calls=128 reps=7 median_ns_per_outer=844.7 median_ns_per_call=6.60 min_ns_per_call=6.52 acc=20480000
counters variant=gpr timed_outer=140000 hook_calls=140045 syscalls_in_kernel=139965 fragment_entries=140045 fpsimd_entries=1 fpsimd_restores=0 chains=0 chain_cap=0 exit_svc=139965 exit_bl=0 exit_blr=0 exit_br=0 exit_ret=80 exit_mem=0 exit_unsupported=0 exit_budget=0 run_declined=0
rep 0 variant=fp enabled=0 outer=200000 calls=128 ns_per_outer=536.4 ns_per_call=4.19
rep 1 variant=fp enabled=0 outer=200000 calls=128 ns_per_outer=539.1 ns_per_call=4.21
rep 2 variant=fp enabled=0 outer=200000 calls=128 ns_per_outer=536.4 ns_per_call=4.19
rep 3 variant=fp enabled=0 outer=200000 calls=128 ns_per_outer=532.8 ns_per_call=4.16
rep 4 variant=fp enabled=0 outer=200000 calls=128 ns_per_outer=534.1 ns_per_call=4.17
rep 5 variant=fp enabled=0 outer=200000 calls=128 ns_per_outer=534.1 ns_per_call=4.17
rep 6 variant=fp enabled=0 outer=200000 calls=128 ns_per_outer=533.3 ns_per_call=4.17
result variant=fp enabled=0 outer=200000 calls=128 reps=7 median_ns_per_outer=534.1 median_ns_per_call=4.17 min_ns_per_call=4.16 acc=204800000
[    2.244818] kjit: translate_svc_sites pid 77: 2 text ranges, 111 svc sites
[    2.245556] rust_kjit: kjit: pc 0x401028: installed 532 bytes, 0 fault sites, 4 entries, text 0x401028..0x401038, fpsimd true
[    2.246976] rust_kjit: kjit: pc 0x40100c: installed 1088 bytes, 1 fault sites, 11 entries, text 0x400ffc..0x401028, fpsimd false
rep 0 variant=fp enabled=1 outer=20000 calls=128 ns_per_outer=928.0 ns_per_call=7.25
rep 1 variant=fp enabled=1 outer=20000 calls=128 ns_per_outer=918.7 ns_per_call=7.18
rep 2 variant=fp enabled=1 outer=20000 calls=128 ns_per_outer=921.9 ns_per_call=7.20
rep 3 variant=fp enabled=1 outer=20000 calls=128 ns_per_outer=915.2 ns_per_call=7.15
rep 4 variant=fp enabled=1 outer=20000 calls=128 ns_per_outer=929.3 ns_per_call=7.26
rep 5 variant=fp enabled=1 outer=20000 calls=128 ns_per_outer=913.0 ns_per_call=7.13
rep 6 variant=fp enabled=1 outer=20000 calls=128 ns_per_outer=919.1 ns_per_call=7.18
result variant=fp enabled=1 outer=20000 calls=128 reps=7 median_ns_per_outer=919.1 median_ns_per_call=7.18 min_ns_per_call=7.13 acc=20480000
counters variant=fp timed_outer=140000 hook_calls=140045 syscalls_in_kernel=139965 fragment_entries=280017 fpsimd_entries=139973 fpsimd_restores=0 chains=139972 chain_cap=0 exit_svc=139965 exit_bl=139972 exit_blr=0 exit_br=0 exit_ret=80 exit_mem=0 exit_unsupported=0 exit_budget=0 run_declined=0
rep 0 variant=gpr enabled=0 outer=200000 calls=256 ns_per_outer=380.3 ns_per_call=1.49
rep 1 variant=gpr enabled=0 outer=200000 calls=256 ns_per_outer=381.4 ns_per_call=1.49
rep 2 variant=gpr enabled=0 outer=200000 calls=256 ns_per_outer=379.0 ns_per_call=1.48
rep 3 variant=gpr enabled=0 outer=200000 calls=256 ns_per_outer=380.1 ns_per_call=1.48
rep 4 variant=gpr enabled=0 outer=200000 calls=256 ns_per_outer=381.2 ns_per_call=1.49
rep 5 variant=gpr enabled=0 outer=200000 calls=256 ns_per_outer=379.1 ns_per_call=1.48
rep 6 variant=gpr enabled=0 outer=200000 calls=256 ns_per_outer=377.4 ns_per_call=1.47
result variant=gpr enabled=0 outer=200000 calls=256 reps=7 median_ns_per_outer=380.1 median_ns_per_call=1.48 min_ns_per_call=1.47 acc=409600000
[    3.039267] kjit: translate_svc_sites pid 79: 2 text ranges, 111 svc sites
[    3.039637] rust_kjit: kjit: pc 0x400fe8: installed 524 bytes, 0 fault sites, 2 entries, text 0x400fe8..0x400ff0, fpsimd false
[    3.040134] rust_kjit: kjit: pc 0x400fcc: installed 1088 bytes, 1 fault sites, 11 entries, text 0x400fbc..0x400fe8, fpsimd false
rep 0 variant=gpr enabled=1 outer=20000 calls=256 ns_per_outer=1636.2 ns_per_call=6.39
rep 1 variant=gpr enabled=1 outer=20000 calls=256 ns_per_outer=1629.9 ns_per_call=6.37
rep 2 variant=gpr enabled=1 outer=20000 calls=256 ns_per_outer=1625.0 ns_per_call=6.35
rep 3 variant=gpr enabled=1 outer=20000 calls=256 ns_per_outer=1624.4 ns_per_call=6.35
rep 4 variant=gpr enabled=1 outer=20000 calls=256 ns_per_outer=1629.7 ns_per_call=6.37
rep 5 variant=gpr enabled=1 outer=20000 calls=256 ns_per_outer=1649.0 ns_per_call=6.44
rep 6 variant=gpr enabled=1 outer=20000 calls=256 ns_per_outer=1630.7 ns_per_call=6.37
result variant=gpr enabled=1 outer=20000 calls=256 reps=7 median_ns_per_outer=1629.9 median_ns_per_call=6.37 min_ns_per_call=6.35 acc=40960000
counters variant=gpr timed_outer=140000 hook_calls=140045 syscalls_in_kernel=139965 fragment_entries=140045 fpsimd_entries=1 fpsimd_restores=0 chains=0 chain_cap=0 exit_svc=139965 exit_bl=0 exit_blr=0 exit_br=0 exit_ret=80 exit_mem=0 exit_unsupported=0 exit_budget=0 run_declined=0
rep 0 variant=fp enabled=0 outer=200000 calls=256 ns_per_outer=944.3 ns_per_call=3.69
rep 1 variant=fp enabled=0 outer=200000 calls=256 ns_per_outer=947.3 ns_per_call=3.70
rep 2 variant=fp enabled=0 outer=200000 calls=256 ns_per_outer=945.7 ns_per_call=3.69
rep 3 variant=fp enabled=0 outer=200000 calls=256 ns_per_outer=950.5 ns_per_call=3.71
rep 4 variant=fp enabled=0 outer=200000 calls=256 ns_per_outer=944.2 ns_per_call=3.69
rep 5 variant=fp enabled=0 outer=200000 calls=256 ns_per_outer=948.4 ns_per_call=3.70
rep 6 variant=fp enabled=0 outer=200000 calls=256 ns_per_outer=953.3 ns_per_call=3.72
result variant=fp enabled=0 outer=200000 calls=256 reps=7 median_ns_per_outer=947.3 median_ns_per_call=3.70 min_ns_per_call=3.69 acc=409600000
[    4.861660] kjit: translate_svc_sites pid 81: 2 text ranges, 111 svc sites
[    4.862915] rust_kjit: kjit: pc 0x401028: installed 532 bytes, 0 fault sites, 4 entries, text 0x401028..0x401038, fpsimd true
[    4.863624] rust_kjit: kjit: pc 0x40100c: installed 1088 bytes, 1 fault sites, 11 entries, text 0x400ffc..0x401028, fpsimd false
rep 0 variant=fp enabled=1 outer=20000 calls=256 ns_per_outer=1737.3 ns_per_call=6.79
rep 1 variant=fp enabled=1 outer=20000 calls=256 ns_per_outer=1718.6 ns_per_call=6.71
rep 2 variant=fp enabled=1 outer=20000 calls=256 ns_per_outer=1734.9 ns_per_call=6.78
rep 3 variant=fp enabled=1 outer=20000 calls=256 ns_per_outer=1725.8 ns_per_call=6.74
rep 4 variant=fp enabled=1 outer=20000 calls=256 ns_per_outer=1725.0 ns_per_call=6.74
rep 5 variant=fp enabled=1 outer=20000 calls=256 ns_per_outer=1720.9 ns_per_call=6.72
rep 6 variant=fp enabled=1 outer=20000 calls=256 ns_per_outer=1731.4 ns_per_call=6.76
result variant=fp enabled=1 outer=20000 calls=256 reps=7 median_ns_per_outer=1725.8 median_ns_per_call=6.74 min_ns_per_call=6.71 acc=40960000
counters variant=fp timed_outer=140000 hook_calls=140045 syscalls_in_kernel=139965 fragment_entries=280017 fpsimd_entries=139973 fpsimd_restores=0 chains=139972 chain_cap=0 exit_svc=139965 exit_bl=139972 exit_blr=0 exit_br=0 exit_ret=80 exit_mem=0 exit_unsupported=0 exit_budget=0 run_declined=0
a11: ibtc_variant=3
a11: warm-up at off
a11maps aaaaaef20000-aaaaaf170000 r-xp 00000000 00:03 4263                       /opt/redis/src/redis-server
a11maps aaaaaf179000-aaaaaf180000 r--p 00259000 00:03 4263                       /opt/redis/src/redis-server
a11maps aaaaaf180000-aaaaaf1d9000 rw-p 00260000 00:03 4263                       /opt/redis/src/redis-server
a11maps aaaaaf1d9000-aaaaaf40c000 rw-p 00000000 00:00 0 
a11maps aaaadcc61000-aaaadcc82000 rw-p 00000000 00:00 0                          [heap]
a11maps ffff88740000-ffff889c0000 rw-p 00000000 00:00 0 
a11maps ffff889c0000-ffff889d0000 ---p 00000000 00:00 0 
a11maps ffff889d0000-ffff891d0000 rw-p 00000000 00:00 0 
a11maps ffff891d0000-ffff891e0000 ---p 00000000 00:00 0 
a11maps ffff891e0000-ffff899e0000 rw-p 00000000 00:00 0 
a11maps ffff899e0000-ffff899f0000 ---p 00000000 00:00 0 
a11maps ffff899f0000-ffff8a1f0000 rw-p 00000000 00:00 0 
a11maps ffff8a1f0000-ffff8a200000 ---p 00000000 00:00 0 
a11maps ffff8a200000-ffff8aa00000 rw-p 00000000 00:00 0 
a11maps ffff8aa00000-ffff8b200000 rw-p 00000000 00:00 0 
a11maps ffff8b3a0000-ffff8b52c000 r-xp 00000000 00:03 816                        /usr/lib/aarch64-linux-gnu/libc.so.6
a11maps ffff8b52c000-ffff8b53c000 ---p 0018c000 00:03 816                        /usr/lib/aarch64-linux-gnu/libc.so.6
a11maps ffff8b53c000-ffff8b540000 r--p 0018c000 00:03 816                        /usr/lib/aarch64-linux-gnu/libc.so.6
a11maps ffff8b540000-ffff8b542000 rw-p 00190000 00:03 816                        /usr/lib/aarch64-linux-gnu/libc.so.6
a11maps ffff8b542000-ffff8b54f000 rw-p 00000000 00:00 0 
a11maps ffff8b550000-ffff8b5d2000 r-xp 00000000 00:03 863                        /usr/lib/aarch64-linux-gnu/libm.so.6
a11maps ffff8b5d2000-ffff8b5ef000 ---p 00082000 00:03 863                        /usr/lib/aarch64-linux-gnu/libm.so.6
a11maps ffff8b5ef000-ffff8b5f0000 r--p 0008f000 00:03 863                        /usr/lib/aarch64-linux-gnu/libm.so.6
a11maps ffff8b5f0000-ffff8b5f1000 rw-p 00090000 00:03 863                        /usr/lib/aarch64-linux-gnu/libm.so.6
a11maps ffff8b5f8000-ffff8b61f000 r-xp 00000000 00:03 796                        /usr/lib/aarch64-linux-gnu/ld-linux-aarch64.so.1
a11maps ffff8b629000-ffff8b62d000 rw-p 00000000 00:00 0 
a11maps ffff8b62f000-ffff8b631000 rw-p 00000000 00:00 0 
a11maps ffff8b631000-ffff8b635000 r--p 00000000 00:00 0                          [vvar]
a11maps ffff8b635000-ffff8b636000 r-xp 00000000 00:00 0                          [vdso]
a11maps ffff8b636000-ffff8b638000 r--p 0002e000 00:03 796                        /usr/lib/aarch64-linux-gnu/ld-linux-aarch64.so.1
a11maps ffff8b638000-ffff8b63a000 rw-p 00030000 00:03 796                        /usr/lib/aarch64-linux-gnu/ld-linux-aarch64.so.1
a11maps ffffe4292000-ffffe42b3000 rw-p 00000000 00:00 0                          [stack]
a11 point=off pass=1 test=set requests=200000 rps=240673.89 hook_calls=0 syscalls_in_kernel=0 fragment_entries=0 fpsimd_entries=0 fpsimd_restores=0 chains=0 chain_cap=0 exit_svc=0 exit_bl=0 exit_blr=0 exit_br=0 exit_ret=0 exit_mem=0 exit_unsupported=0 exit_budget=0 run_declined=0 ibtc_insert=0 ibtc_replace=0 ibtc_clear=0 ibtc_fpsimd_boundary=0 ibtc_miss_cold=0 ibtc_miss_conflict=0 ibtc_miss_other=0 fpsimd_run_max_ns=65708 miss_residual=0
a11slots point=off pass=1 test=set # table all conflicts 0 slots 0 top32 0
a11slots point=off pass=1 test=set # table nofp conflicts 0 slots 0 top32 0
a11 point=off pass=1 test=get requests=200000 rps=232288.03 hook_calls=0 syscalls_in_kernel=0 fragment_entries=0 fpsimd_entries=0 fpsimd_restores=0 chains=0 chain_cap=0 exit_svc=0 exit_bl=0 exit_blr=0 exit_br=0 exit_ret=0 exit_mem=0 exit_unsupported=0 exit_budget=0 run_declined=0 ibtc_insert=0 ibtc_replace=0 ibtc_clear=0 ibtc_fpsimd_boundary=0 ibtc_miss_cold=0 ibtc_miss_conflict=0 ibtc_miss_other=0 fpsimd_run_max_ns=65708 miss_residual=0
a11slots point=off pass=1 test=get # table all conflicts 0 slots 0 top32 0
a11slots point=off pass=1 test=get # table nofp conflicts 0 slots 0 top32 0
a11 point=1024 pass=1 test=set requests=200000 rps=137362.64 hook_calls=408898 syscalls_in_kernel=384509 fragment_entries=607297 fpsimd_entries=198941 fpsimd_restores=0 chains=199205 chain_cap=0 exit_svc=384509 exit_bl=6931 exit_blr=858 exit_br=199582 exit_ret=9956 exit_mem=1 exit_unsupported=5460 exit_budget=0 run_declined=12 ibtc_insert=537 ibtc_replace=0 ibtc_clear=0 ibtc_fpsimd_boundary=198933 ibtc_miss_cold=18394 ibtc_miss_conflict=0 ibtc_miss_other=0 fpsimd_run_max_ns=147833 miss_residual=0
a11slots point=1024 pass=1 test=set # table all conflicts 0 slots 0 top32 0
a11slots point=1024 pass=1 test=set # table nofp conflicts 0 slots 0 top32 0
a11 point=1024 pass=1 test=get requests=200000 rps=156494.52 hook_calls=409130 syscalls_in_kernel=398610 fragment_entries=608572 fpsimd_entries=200006 fpsimd_restores=30 chains=200021 chain_cap=0 exit_svc=398610 exit_bl=862 exit_blr=114 exit_br=200002 exit_ret=920 exit_mem=1 exit_unsupported=8063 exit_budget=0 run_declined=46 ibtc_insert=33 ibtc_replace=0 ibtc_clear=0 ibtc_fpsimd_boundary=200003 ibtc_miss_cold=1895 ibtc_miss_conflict=0 ibtc_miss_other=0 fpsimd_run_max_ns=167750 miss_residual=0
a11slots point=1024 pass=1 test=get # table all conflicts 0 slots 0 top32 0
a11slots point=1024 pass=1 test=get # table nofp conflicts 0 slots 0 top32 0
a11 point=off pass=2 test=set requests=200000 rps=225225.22 hook_calls=0 syscalls_in_kernel=0 fragment_entries=0 fpsimd_entries=0 fpsimd_restores=0 chains=0 chain_cap=0 exit_svc=0 exit_bl=0 exit_blr=0 exit_br=0 exit_ret=0 exit_mem=0 exit_unsupported=0 exit_budget=0 run_declined=0 ibtc_insert=0 ibtc_replace=0 ibtc_clear=0 ibtc_fpsimd_boundary=0 ibtc_miss_cold=0 ibtc_miss_conflict=0 ibtc_miss_other=0 fpsimd_run_max_ns=167750 miss_residual=0
a11slots point=off pass=2 test=set # table all conflicts 0 slots 0 top32 0
a11slots point=off pass=2 test=set # table nofp conflicts 0 slots 0 top32 0
a11 point=off pass=2 test=get requests=200000 rps=226757.36 hook_calls=0 syscalls_in_kernel=0 fragment_entries=0 fpsimd_entries=0 fpsimd_restores=0 chains=0 chain_cap=0 exit_svc=0 exit_bl=0 exit_blr=0 exit_br=0 exit_ret=0 exit_mem=0 exit_unsupported=0 exit_budget=0 run_declined=0 ibtc_insert=0 ibtc_replace=0 ibtc_clear=0 ibtc_fpsimd_boundary=0 ibtc_miss_cold=0 ibtc_miss_conflict=0 ibtc_miss_other=0 fpsimd_run_max_ns=167750 miss_residual=0
a11slots point=off pass=2 test=get # table all conflicts 0 slots 0 top32 0
a11slots point=off pass=2 test=get # table nofp conflicts 0 slots 0 top32 0
a11 point=1024 pass=2 test=set requests=200000 rps=142146.42 hook_calls=408756 syscalls_in_kernel=399673 fragment_entries=608199 fpsimd_entries=200001 fpsimd_restores=0 chains=200001 chain_cap=0 exit_svc=399673 exit_bl=474 exit_blr=28 exit_br=200001 exit_ret=270 exit_mem=0 exit_unsupported=7753 exit_budget=0 run_declined=21 ibtc_insert=0 ibtc_replace=0 ibtc_clear=0 ibtc_fpsimd_boundary=200001 ibtc_miss_cold=772 ibtc_miss_conflict=0 ibtc_miss_other=0 fpsimd_run_max_ns=858875 miss_residual=0
a11slots point=1024 pass=2 test=set # table all conflicts 0 slots 0 top32 0
a11slots point=1024 pass=2 test=set # table nofp conflicts 0 slots 0 top32 0
a11 point=1024 pass=2 test=get requests=200000 rps=164068.91 hook_calls=408831 syscalls_in_kernel=399722 fragment_entries=608274 fpsimd_entries=200001 fpsimd_restores=0 chains=200001 chain_cap=0 exit_svc=399722 exit_bl=386 exit_blr=29 exit_br=200001 exit_ret=268 exit_mem=3 exit_unsupported=7865 exit_budget=0 run_declined=25 ibtc_insert=0 ibtc_replace=0 ibtc_clear=0 ibtc_fpsimd_boundary=200001 ibtc_miss_cold=683 ibtc_miss_conflict=0 ibtc_miss_other=0 fpsimd_run_max_ns=858875 miss_residual=0
a11slots point=1024 pass=2 test=get # table all conflicts 0 slots 0 top32 0
a11slots point=1024 pass=2 test=get # table nofp conflicts 0 slots 0 top32 0
a11 point=off pass=3 test=set requests=200000 rps=227014.77 hook_calls=0 syscalls_in_kernel=0 fragment_entries=0 fpsimd_entries=0 fpsimd_restores=0 chains=0 chain_cap=0 exit_svc=0 exit_bl=0 exit_blr=0 exit_br=0 exit_ret=0 exit_mem=0 exit_unsupported=0 exit_budget=0 run_declined=0 ibtc_insert=0 ibtc_replace=0 ibtc_clear=0 ibtc_fpsimd_boundary=0 ibtc_miss_cold=0 ibtc_miss_conflict=0 ibtc_miss_other=0 fpsimd_run_max_ns=858875 miss_residual=0
a11slots point=off pass=3 test=set # table all conflicts 0 slots 0 top32 0
a11slots point=off pass=3 test=set # table nofp conflicts 0 slots 0 top32 0
a11 point=off pass=3 test=get requests=200000 rps=229357.80 hook_calls=0 syscalls_in_kernel=0 fragment_entries=0 fpsimd_entries=0 fpsimd_restores=0 chains=0 chain_cap=0 exit_svc=0 exit_bl=0 exit_blr=0 exit_br=0 exit_ret=0 exit_mem=0 exit_unsupported=0 exit_budget=0 run_declined=0 ibtc_insert=0 ibtc_replace=0 ibtc_clear=0 ibtc_fpsimd_boundary=0 ibtc_miss_cold=0 ibtc_miss_conflict=0 ibtc_miss_other=0 fpsimd_run_max_ns=858875 miss_residual=0
a11slots point=off pass=3 test=get # table all conflicts 0 slots 0 top32 0
a11slots point=off pass=3 test=get # table nofp conflicts 0 slots 0 top32 0
a11 point=1024 pass=3 test=set requests=200000 rps=140449.44 hook_calls=408836 syscalls_in_kernel=399671 fragment_entries=608284 fpsimd_entries=200001 fpsimd_restores=0 chains=200001 chain_cap=0 exit_svc=399671 exit_bl=443 exit_blr=24 exit_br=200001 exit_ret=269 exit_mem=0 exit_unsupported=7876 exit_budget=0 run_declined=18 ibtc_insert=0 ibtc_replace=0 ibtc_clear=0 ibtc_fpsimd_boundary=200001 ibtc_miss_cold=736 ibtc_miss_conflict=0 ibtc_miss_other=0 fpsimd_run_max_ns=858875 miss_residual=0
a11slots point=1024 pass=3 test=set # table all conflicts 0 slots 0 top32 0
a11slots point=1024 pass=3 test=set # table nofp conflicts 0 slots 0 top32 0
a11 point=1024 pass=3 test=get requests=200000 rps=162601.62 hook_calls=408919 syscalls_in_kernel=399707 fragment_entries=608361 fpsimd_entries=200001 fpsimd_restores=0 chains=200001 chain_cap=0 exit_svc=399707 exit_bl=415 exit_blr=31 exit_br=200001 exit_ret=269 exit_mem=0 exit_unsupported=7938 exit_budget=0 run_declined=27 ibtc_insert=0 ibtc_replace=0 ibtc_clear=0 ibtc_fpsimd_boundary=200001 ibtc_miss_cold=715 ibtc_miss_conflict=0 ibtc_miss_other=0 fpsimd_run_max_ns=858875 miss_residual=0
a11slots point=1024 pass=3 test=get # table all conflicts 0 slots 0 top32 0
a11slots point=1024 pass=3 test=get # table nofp conflicts 0 slots 0 top32 0
a11maps-end aaaaaef20000-aaaaaf170000 r-xp 00000000 00:03 4263                       /opt/redis/src/redis-server
a11maps-end aaaaaf179000-aaaaaf180000 r--p 00259000 00:03 4263                       /opt/redis/src/redis-server
a11maps-end aaaaaf180000-aaaaaf1d9000 rw-p 00260000 00:03 4263                       /opt/redis/src/redis-server
a11maps-end aaaaaf1d9000-aaaaaf40c000 rw-p 00000000 00:00 0 
a11maps-end aaaadcc61000-aaaadcc82000 rw-p 00000000 00:00 0                          [heap]
a11maps-end ffff88740000-ffff889c0000 rw-p 00000000 00:00 0 
a11maps-end ffff889c0000-ffff889d0000 ---p 00000000 00:00 0 
a11maps-end ffff889d0000-ffff891d0000 rw-p 00000000 00:00 0 
a11maps-end ffff891d0000-ffff891e0000 ---p 00000000 00:00 0 
a11maps-end ffff891e0000-ffff899e0000 rw-p 00000000 00:00 0 
a11maps-end ffff899e0000-ffff899f0000 ---p 00000000 00:00 0 
a11maps-end ffff899f0000-ffff8a1f0000 rw-p 00000000 00:00 0 
a11maps-end ffff8a1f0000-ffff8a200000 ---p 00000000 00:00 0 
a11maps-end ffff8a200000-ffff8aa00000 rw-p 00000000 00:00 0 
a11maps-end ffff8aa00000-ffff8b200000 rw-p 00000000 00:00 0 
a11maps-end ffff8b3a0000-ffff8b52c000 r-xp 00000000 00:03 816                        /usr/lib/aarch64-linux-gnu/libc.so.6
a11maps-end ffff8b52c000-ffff8b53c000 ---p 0018c000 00:03 816                        /usr/lib/aarch64-linux-gnu/libc.so.6
a11maps-end ffff8b53c000-ffff8b540000 r--p 0018c000 00:03 816                        /usr/lib/aarch64-linux-gnu/libc.so.6
a11maps-end ffff8b540000-ffff8b542000 rw-p 00190000 00:03 816                        /usr/lib/aarch64-linux-gnu/libc.so.6
a11maps-end ffff8b542000-ffff8b54f000 rw-p 00000000 00:00 0 
a11maps-end ffff8b550000-ffff8b5d2000 r-xp 00000000 00:03 863                        /usr/lib/aarch64-linux-gnu/libm.so.6
a11maps-end ffff8b5d2000-ffff8b5ef000 ---p 00082000 00:03 863                        /usr/lib/aarch64-linux-gnu/libm.so.6
a11maps-end ffff8b5ef000-ffff8b5f0000 r--p 0008f000 00:03 863                        /usr/lib/aarch64-linux-gnu/libm.so.6
a11maps-end ffff8b5f0000-ffff8b5f1000 rw-p 00090000 00:03 863                        /usr/lib/aarch64-linux-gnu/libm.so.6
a11maps-end ffff8b5f8000-ffff8b61f000 r-xp 00000000 00:03 796                        /usr/lib/aarch64-linux-gnu/ld-linux-aarch64.so.1
a11maps-end ffff8b629000-ffff8b62d000 rw-p 00000000 00:00 0 
a11maps-end ffff8b62f000-ffff8b631000 rw-p 00000000 00:00 0 
a11maps-end ffff8b631000-ffff8b635000 r--p 00000000 00:00 0                          [vvar]
a11maps-end ffff8b635000-ffff8b636000 r-xp 00000000 00:00 0                          [vdso]
a11maps-end ffff8b636000-ffff8b638000 r--p 0002e000 00:03 796                        /usr/lib/aarch64-linux-gnu/ld-linux-aarch64.so.1
a11maps-end ffff8b638000-ffff8b63a000 rw-p 00030000 00:03 796                        /usr/lib/aarch64-linux-gnu/ld-linux-aarch64.so.1
a11maps-end ffffe4292000-ffffe42b3000 rw-p 00000000 00:00 0                          [stack]
a11: done
[   34.692704] kjit: 0 of 295 translation requests still queued at unload (freed by the kernel)
[   34.711945] rust_kjit: ######## Rust KJIT exits ########
kjit-init: rmmod kjit ok
kjit-init: run exit=0
[   34.738489] reboot: Power down
