guest-run: profile=kjit-guest run-dir=/Volumes/Local/kjit-a4b2/build/runs/meas-v3-20261009-024009
[    0.000000] Booting Linux on physical CPU 0x0000000000 [0x610f0000]
[    0.000000] Linux version 7.1.0-rc1 (@6906d107117b) (Ubuntu clang version 18.1.3 (1ubuntu1), Ubuntu LLD 18.1.3) #1 SMP PREEMPT Fri Oct  2 08:37:58 UTC 2026
[    0.000000] random: crng init done
[    0.000000] Machine model: linux,dummy-virt
[    0.000000] OF: reserved mem: Reserved memory: No reserved-memory node in the DT
[    0.000000] psci: probing for conduit method from DT.
[    0.000000] psci: PSCIv1.1 detected in firmware.
[    0.000000] psci: Using standard PSCI v0.2 function IDs
[    0.000000] psci: Trusted OS migration not required
[    0.000000] psci: SMC Calling Convention v1.0
[    0.000000] Zone ranges:
[    0.000000]   Normal   [mem 0x0000000040000000-0x000000013fffffff]
[    0.000000] Movable zone start for each node
[    0.000000] Early memory node ranges
[    0.000000]   node   0: [mem 0x0000000040000000-0x000000013fffffff]
[    0.000000] Initmem setup node 0 [mem 0x0000000040000000-0x000000013fffffff]
[    0.000000] percpu: Embedded 19 pages/cpu s38488 r8192 d31144 u77824
[    0.000000] Detected PIPT I-cache on CPU0
[    0.000000] CPU features: detected: Address authentication (IMP DEF algorithm)
[    0.000000] CPU features: detected: Spectre-v4
[    0.000000] CPU features: detected: Spectre-BHB
[    0.000000] alternatives: applying boot alternatives
[    0.000000] Kernel command line: console=ttyAMA0 panic=-1 nokaslr
[    0.000000] Unknown kernel command line parameters "nokaslr", will be passed to user space.
[    0.000000] printk: log buffer data + meta data: 131072 + 458752 = 589824 bytes
[    0.000000] Dentry cache hash table entries: 524288 (order: 10, 4194304 bytes, linear)
[    0.000000] Inode-cache hash table entries: 262144 (order: 9, 2097152 bytes, linear)
[    0.000000] software IO TLB: SWIOTLB bounce buffer size adjusted to 4MB
[    0.000000] software IO TLB: area num 4.
[    0.000000] software IO TLB: mapped [mem 0x000000013ac00000-0x000000013b000000] (4MB)
[    0.000000] Built 1 zonelists, mobility grouping on.  Total pages: 1048576
[    0.000000] mem auto-init: stack:all(zero), heap alloc:off, heap free:off
[    0.000000] SLUB: HWalign=64, Order=0-3, MinObjects=0, CPUs=4, Nodes=1
[    0.000000] rcu: Preemptible hierarchical RCU implementation.
[    0.000000] rcu: 	RCU restricting CPUs from NR_CPUS=512 to nr_cpu_ids=4.
[    0.000000] rcu: RCU calculated value of scheduler-enlistment delay is 25 jiffies.
[    0.000000] rcu: Adjusting geometry for rcu_fanout_leaf=16, nr_cpu_ids=4
[    0.000000] NR_IRQS: 64, nr_irqs: 64, preallocated irqs: 0
[    0.000000] Root IRQ handler: gic_handle_irq
[    0.000000] GICv2m: range[mem 0x08020000-0x08020fff], SPI[80:143]
[    0.000000] rcu: srcu_init: Setting srcu_struct sizes based on contention.
[    0.000000] arch_timer: cp15 timer running at 24.00MHz (virt).
[    0.000000] clocksource: arch_sys_counter: mask: 0xffffffffffffff max_cycles: 0x588fe9dc0, max_idle_ns: 440795202592 ns
[    0.000000] sched_clock: 56 bits at 24MHz, resolution 41ns, wraps every 4398046511097ns
[    0.000107] Console: colour dummy device 80x25
[    0.000114] Calibrating delay loop (skipped), value calculated using timer frequency.. 48.00 BogoMIPS (lpj=96000)
[    0.000118] pid_max: default: 32768 minimum: 301
[    0.000274] Mount-cache hash table entries: 8192 (order: 4, 65536 bytes, linear)
[    0.000282] Mountpoint-cache hash table entries: 8192 (order: 4, 65536 bytes, linear)
[    0.000363] VFS: Finished mounting rootfs on nullfs
[    0.000565] cacheinfo: Unable to detect cache hierarchy for CPU 0
[    0.000688] rcu: Hierarchical SRCU implementation.
[    0.000689] rcu: 	Max phase no-delay instances is 1000.
[    0.000708] Timer migration: 1 hierarchy levels; 8 children per group; 1 crossnode level
[    0.000747] smp: Bringing up secondary CPUs ...
[    0.000951] Detected PIPT I-cache on CPU1
[    0.001032] CPU1: Booted secondary processor 0x0000000001 [0x610f0000]
[    0.001378] Detected PIPT I-cache on CPU2
[    0.001473] CPU2: Booted secondary processor 0x0000000002 [0x610f0000]
[    0.001735] Detected PIPT I-cache on CPU3
[    0.001842] CPU3: Booted secondary processor 0x0000000003 [0x610f0000]
[    0.001921] smp: Brought up 1 node, 4 CPUs
[    0.001922] SMP: Total of 4 processors activated.
[    0.001922] CPU: All CPU(s) started at EL1
[    0.001923] CPU features: detected: ARMv8.4 Translation Table Level
[    0.001924] CPU features: detected: Data cache clean to the PoU not required for I/D coherence
[    0.001924] CPU features: detected: CRC32 instructions
[    0.001925] CPU features: detected: Data independent timing control (DIT)
[    0.001925] CPU features: detected: E0PD
[    0.001926] CPU features: detected: Generic authentication (IMP DEF algorithm)
[    0.001926] CPU features: detected: RCpc load-acquire (LDAPR)
[    0.001926] CPU features: detected: LSE atomic instructions
[    0.001927] CPU features: detected: Privileged Access Never
[    0.001927] CPU features: detected: Speculation barrier (SB)
[    0.001928] CPU features: detected: TLB range maintenance instructions
[    0.001928] CPU features: detected: XNX
[    0.002036] alternatives: applying system-wide alternatives
[    0.003000] Memory: 3934216K/4194304K available (5248K kernel code, 754K rwdata, 2356K rodata, 576K init, 405K bss, 256908K reserved, 0K cma-reserved)
[    0.003402] devtmpfs: initialized
[    0.003691] clocksource: jiffies: mask: 0xffffffff max_cycles: 0xffffffff, max_idle_ns: 7645041785100000 ns
[    0.003694] posixtimers hash table entries: 2048 (order: 3, 32768 bytes, linear)
[    0.003714] futex hash table entries: 1024 (65536 bytes on 1 NUMA nodes, total 64 KiB, linear).
[    0.003720] 30384 pages in range for non-PLT usage
[    0.003720] 521904 pages in range for PLT usage
[    0.003781] NET: Registered PF_NETLINK/PF_ROUTE protocol family
[    0.004720] DMA: preallocated 512 KiB GFP_KERNEL pool for atomic allocations
[    0.004808] ASID allocator initialised with 256 entries
[    0.004818] Serial: AMBA PL011 UART driver
[    0.005284] 9000000.pl011: ttyAMA0 at MMIO 0x9000000 (irq = 13, base_baud = 0) is a PL011 rev1
[    0.005412] printk: console [ttyAMA0] enabled
[    0.010367] vgaarb: loaded
[    0.010618] clocksource: Switched to clocksource arch_sys_counter
[    0.026668] NET: Registered PF_INET protocol family
[    0.026747] IP idents hash table entries: 65536 (order: 7, 524288 bytes, linear)
[    0.027169] tcp_listen_portaddr_hash hash table entries: 2048 (order: 3, 32768 bytes, linear)
[    0.027175] Table-perturb hash table entries: 65536 (order: 6, 262144 bytes, linear)
[    0.027178] TCP established hash table entries: 32768 (order: 6, 262144 bytes, linear)
[    0.027245] TCP bind hash table entries: 32768 (order: 8, 1048576 bytes, linear)
[    0.027463] TCP: Hash tables configured (established 32768 bind 32768)
[    0.027503] UDP hash table entries: 2048 (order: 5, 131072 bytes, linear)
[    0.027545] NET: Registered PF_UNIX/PF_LOCAL protocol family
[    0.027555] PCI: CLS 0 bytes, default 64
[    0.027770] Unpacking initramfs...
[    0.031505] workingset: timestamp_bits=46 (anon: 42) max_order=20 bucket_order=0 (anon: 0)
[    0.031745] 9p: Installing v9fs 9p2000 file system support
[    0.034959] pci-host-generic 4010000000.pcie: host bridge /pcie@10000000 ranges:
[    0.034966] pci-host-generic 4010000000.pcie:       IO 0x003eff0000..0x003effffff -> 0x0000000000
[    0.034969] pci-host-generic 4010000000.pcie:      MEM 0x0010000000..0x003efeffff -> 0x0010000000
[    0.034970] pci-host-generic 4010000000.pcie:      MEM 0x8000000000..0xffffffffff -> 0x8000000000
[    0.034976] pci-host-generic 4010000000.pcie: Memory resource size exceeds max for 32 bits
[    0.034988] pci-host-generic 4010000000.pcie: ECAM at [mem 0x4010000000-0x401fffffff] for [bus 00-ff]
[    0.035002] pci-host-generic 4010000000.pcie: PCI host bridge to bus 0000:00
[    0.035003] pci_bus 0000:00: root bus resource [bus 00-ff]
[    0.035004] pci_bus 0000:00: root bus resource [io  0x0000-0xffff]
[    0.035004] pci_bus 0000:00: root bus resource [mem 0x10000000-0x3efeffff]
[    0.035005] pci_bus 0000:00: root bus resource [mem 0x8000000000-0xffffffffff]
[    0.035030] pci 0000:00:00.0: [1b36:0008] type 00 class 0x060000 conventional PCI endpoint
[    0.035403] pci 0000:00:01.0: [1af4:1000] type 00 class 0x020000 conventional PCI endpoint
[    0.035713] pci 0000:00:01.0: BAR 0 [io  0x0000-0x001f]
[    0.035716] pci 0000:00:01.0: BAR 1 [mem 0x00000000-0x00000fff]
[    0.035741] pci 0000:00:01.0: BAR 4 [mem 0x00000000-0x00003fff 64bit pref]
[    0.035744] pci 0000:00:01.0: ROM [mem 0x00000000-0x0003ffff pref]
[    0.036571] pci 0000:00:02.0: [1af4:1009] type 00 class 0x000200 conventional PCI endpoint
[    0.036689] pci 0000:00:02.0: BAR 0 [io  0x0000-0x003f]
[    0.036693] pci 0000:00:02.0: BAR 1 [mem 0x00000000-0x00000fff]
[    0.036699] pci 0000:00:02.0: BAR 4 [mem 0x00000000-0x00003fff 64bit pref]
[    0.037072] pci 0000:00:03.0: [1af4:1005] type 00 class 0x00ff00 conventional PCI endpoint
[    0.037192] pci 0000:00:03.0: BAR 0 [io  0x0000-0x001f]
[    0.037196] pci 0000:00:03.0: BAR 1 [mem 0x00000000-0x00000fff]
[    0.037203] pci 0000:00:03.0: BAR 4 [mem 0x00000000-0x00003fff 64bit pref]
[    0.037585] pci 0000:00:01.0: ROM [mem 0x10000000-0x1003ffff pref]: assigned
[    0.037587] pci 0000:00:01.0: BAR 4 [mem 0x8000000000-0x8000003fff 64bit pref]: assigned
[    0.037601] pci 0000:00:02.0: BAR 4 [mem 0x8000004000-0x8000007fff 64bit pref]: assigned
[    0.037695] pci 0000:00:03.0: BAR 4 [mem 0x8000008000-0x800000bfff 64bit pref]: assigned
[    0.037709] pci 0000:00:01.0: BAR 1 [mem 0x10040000-0x10040fff]: assigned
[    0.037721] pci 0000:00:02.0: BAR 1 [mem 0x10041000-0x10041fff]: assigned
[    0.037724] pci 0000:00:03.0: BAR 1 [mem 0x10042000-0x10042fff]: assigned
[    0.037729] pci 0000:00:02.0: BAR 0 [io  0x1000-0x103f]: assigned
[    0.037733] pci 0000:00:01.0: BAR 0 [io  0x1040-0x105f]: assigned
[    0.037737] pci 0000:00:03.0: BAR 0 [io  0x1060-0x107f]: assigned
[    0.037744] pci_bus 0000:00: resource 4 [io  0x0000-0xffff]
[    0.037745] pci_bus 0000:00: resource 5 [mem 0x10000000-0x3efeffff]
[    0.037745] pci_bus 0000:00: resource 6 [mem 0x8000000000-0xffffffffff]
[    0.039009] virtio-pci 0000:00:01.0: enabling device (0000 -> 0003)
[    0.039792] virtio-pci 0000:00:02.0: enabling device (0000 -> 0003)
[    0.041353] virtio-pci 0000:00:03.0: enabling device (0000 -> 0003)
[    0.139244] rtc-pl031 9010000.pl031: registered as rtc0
[    0.139278] rtc-pl031 9010000.pl031: setting system clock to 2026-10-08T18:40:09 UTC (1791484809)
[    0.139553] NET: Registered PF_INET6 protocol family
[    0.140205] Segment Routing with IPv6
[    0.140209] In-situ OAM (IOAM) with IPv6
[    0.140230] sit: IPv6, IPv4 and MPLS over IPv4 tunneling driver
[    0.140387] NET: Registered PF_PACKET protocol family
[    0.140399] 9pnet: Installing 9P2000 support
[    0.147229] clk: Disabling unused clocks
[    0.161345] Freeing initrd memory: 161888K
[    0.161966] Freeing unused kernel memory: 576K
[    0.162013] Run /init as init process
[    0.181555] kjit: loading out-of-tree module taints kernel.
[    0.182887] rust_kjit: ######## Rust KJIT inits ########
[    0.182943] rust_kjit: kjit: dispatch variant 3
[    0.182991] rust_kjit: golden tests/arm64/toy_cfg.s:hot_svc_mark translated for dispatch variant 3; byte comparison skipped (reference is variant 0)
kjit-init: insmod kjit.ko ok
meas: variant=3
rep 0 variant=gpr enabled=0 outer=200000 calls=16 ns_per_outer=154.0 ns_per_call=9.63
rep 1 variant=gpr enabled=0 outer=200000 calls=16 ns_per_outer=158.4 ns_per_call=9.90
rep 2 variant=gpr enabled=0 outer=200000 calls=16 ns_per_outer=143.8 ns_per_call=8.99
rep 3 variant=gpr enabled=0 outer=200000 calls=16 ns_per_outer=145.0 ns_per_call=9.06
rep 4 variant=gpr enabled=0 outer=200000 calls=16 ns_per_outer=144.4 ns_per_call=9.02
rep 5 variant=gpr enabled=0 outer=200000 calls=16 ns_per_outer=142.7 ns_per_call=8.92
rep 6 variant=gpr enabled=0 outer=200000 calls=16 ns_per_outer=158.6 ns_per_call=9.91
result variant=gpr enabled=0 outer=200000 calls=16 reps=7 median_ns_per_outer=145.0 median_ns_per_call=9.06 min_ns_per_call=8.92 acc=25600000
[    0.447386] kjit: translate_svc_sites pid 68: 2 text ranges, 111 svc sites
[    0.447763] rust_kjit: kjit: pc 0x400fe8: installed 524 bytes, 0 fault sites, 2 entries, text 0x400fe8..0x400ff0, fpsimd false
[    0.448301] rust_kjit: kjit: pc 0x400fcc: installed 1088 bytes, 1 fault sites, 11 entries, text 0x400fbc..0x400fe8, fpsimd false
rep 0 variant=gpr enabled=1 outer=20000 calls=16 ns_per_outer=153.9 ns_per_call=9.62
rep 1 variant=gpr enabled=1 outer=20000 calls=16 ns_per_outer=152.6 ns_per_call=9.54
rep 2 variant=gpr enabled=1 outer=20000 calls=16 ns_per_outer=149.0 ns_per_call=9.31
rep 3 variant=gpr enabled=1 outer=20000 calls=16 ns_per_outer=152.5 ns_per_call=9.53
rep 4 variant=gpr enabled=1 outer=20000 calls=16 ns_per_outer=146.1 ns_per_call=9.13
rep 5 variant=gpr enabled=1 outer=20000 calls=16 ns_per_outer=150.7 ns_per_call=9.42
rep 6 variant=gpr enabled=1 outer=20000 calls=16 ns_per_outer=144.4 ns_per_call=9.03
result variant=gpr enabled=1 outer=20000 calls=16 reps=7 median_ns_per_outer=150.7 median_ns_per_call=9.42 min_ns_per_call=9.03 acc=2560000
counters variant=gpr timed_outer=140000 hook_calls=140045 syscalls_in_kernel=139965 fragment_entries=140045 fpsimd_entries=1 fpsimd_restores=0 chains=0 chain_cap=0 exit_svc=139965 exit_bl=0 exit_blr=0 exit_br=0 exit_ret=80 exit_mem=0 exit_unsupported=0 exit_budget=0 run_declined=0
rep 0 variant=fp enabled=0 outer=200000 calls=16 ns_per_outer=181.6 ns_per_call=11.35
rep 1 variant=fp enabled=0 outer=200000 calls=16 ns_per_outer=182.7 ns_per_call=11.42
rep 2 variant=fp enabled=0 outer=200000 calls=16 ns_per_outer=189.3 ns_per_call=11.83
rep 3 variant=fp enabled=0 outer=200000 calls=16 ns_per_outer=175.0 ns_per_call=10.94
rep 4 variant=fp enabled=0 outer=200000 calls=16 ns_per_outer=176.3 ns_per_call=11.02
rep 5 variant=fp enabled=0 outer=200000 calls=16 ns_per_outer=179.5 ns_per_call=11.22
rep 6 variant=fp enabled=0 outer=200000 calls=16 ns_per_outer=176.2 ns_per_call=11.01
result variant=fp enabled=0 outer=200000 calls=16 reps=7 median_ns_per_outer=179.5 median_ns_per_call=11.22 min_ns_per_call=10.94 acc=25600000
[    0.799546] kjit: translate_svc_sites pid 72: 2 text ranges, 111 svc sites
[    0.799907] rust_kjit: kjit: pc 0x401028: installed 532 bytes, 0 fault sites, 4 entries, text 0x401028..0x401038, fpsimd true
[    0.800392] rust_kjit: kjit: pc 0x40100c: installed 1088 bytes, 1 fault sites, 11 entries, text 0x400ffc..0x401028, fpsimd false
rep 0 variant=fp enabled=1 outer=20000 calls=16 ns_per_outer=224.1 ns_per_call=14.00
rep 1 variant=fp enabled=1 outer=20000 calls=16 ns_per_outer=221.9 ns_per_call=13.87
rep 2 variant=fp enabled=1 outer=20000 calls=16 ns_per_outer=226.0 ns_per_call=14.13
rep 3 variant=fp enabled=1 outer=20000 calls=16 ns_per_outer=213.4 ns_per_call=13.34
rep 4 variant=fp enabled=1 outer=20000 calls=16 ns_per_outer=219.6 ns_per_call=13.73
rep 5 variant=fp enabled=1 outer=20000 calls=16 ns_per_outer=218.4 ns_per_call=13.65
rep 6 variant=fp enabled=1 outer=20000 calls=16 ns_per_outer=221.3 ns_per_call=13.83
result variant=fp enabled=1 outer=20000 calls=16 reps=7 median_ns_per_outer=221.3 median_ns_per_call=13.83 min_ns_per_call=13.34 acc=2560000
counters variant=fp timed_outer=140000 hook_calls=140045 syscalls_in_kernel=139965 fragment_entries=280017 fpsimd_entries=139973 fpsimd_restores=0 chains=139972 chain_cap=0 exit_svc=139965 exit_bl=139972 exit_blr=0 exit_br=0 exit_ret=80 exit_mem=0 exit_unsupported=0 exit_budget=0 run_declined=0
rep 0 variant=gpr enabled=0 outer=200000 calls=128 ns_per_outer=259.1 ns_per_call=2.02
rep 1 variant=gpr enabled=0 outer=200000 calls=128 ns_per_outer=257.0 ns_per_call=2.01
rep 2 variant=gpr enabled=0 outer=200000 calls=128 ns_per_outer=255.6 ns_per_call=2.00
rep 3 variant=gpr enabled=0 outer=200000 calls=128 ns_per_outer=260.1 ns_per_call=2.03
rep 4 variant=gpr enabled=0 outer=200000 calls=128 ns_per_outer=254.2 ns_per_call=1.99
rep 5 variant=gpr enabled=0 outer=200000 calls=128 ns_per_outer=252.9 ns_per_call=1.98
rep 6 variant=gpr enabled=0 outer=200000 calls=128 ns_per_outer=256.9 ns_per_call=2.01
result variant=gpr enabled=0 outer=200000 calls=128 reps=7 median_ns_per_outer=256.9 median_ns_per_call=2.01 min_ns_per_call=1.98 acc=204800000
[    1.282564] kjit: translate_svc_sites pid 75: 2 text ranges, 111 svc sites
[    1.283100] rust_kjit: kjit: pc 0x400fe8: installed 524 bytes, 0 fault sites, 2 entries, text 0x400fe8..0x400ff0, fpsimd false
[    1.283705] rust_kjit: kjit: pc 0x400fcc: installed 1088 bytes, 1 fault sites, 11 entries, text 0x400fbc..0x400fe8, fpsimd false
rep 0 variant=gpr enabled=1 outer=20000 calls=128 ns_per_outer=842.6 ns_per_call=6.58
rep 1 variant=gpr enabled=1 outer=20000 calls=128 ns_per_outer=845.8 ns_per_call=6.61
rep 2 variant=gpr enabled=1 outer=20000 calls=128 ns_per_outer=833.0 ns_per_call=6.51
rep 3 variant=gpr enabled=1 outer=20000 calls=128 ns_per_outer=830.6 ns_per_call=6.49
rep 4 variant=gpr enabled=1 outer=20000 calls=128 ns_per_outer=929.6 ns_per_call=7.26
rep 5 variant=gpr enabled=1 outer=20000 calls=128 ns_per_outer=1071.1 ns_per_call=8.37
rep 6 variant=gpr enabled=1 outer=20000 calls=128 ns_per_outer=859.9 ns_per_call=6.72
result variant=gpr enabled=1 outer=20000 calls=128 reps=7 median_ns_per_outer=845.8 median_ns_per_call=6.61 min_ns_per_call=6.49 acc=20480000
counters variant=gpr timed_outer=140000 hook_calls=140045 syscalls_in_kernel=139965 fragment_entries=140045 fpsimd_entries=1 fpsimd_restores=0 chains=0 chain_cap=0 exit_svc=139965 exit_bl=0 exit_blr=0 exit_br=0 exit_ret=80 exit_mem=0 exit_unsupported=0 exit_budget=0 run_declined=0
rep 0 variant=fp enabled=0 outer=200000 calls=128 ns_per_outer=532.2 ns_per_call=4.16
rep 1 variant=fp enabled=0 outer=200000 calls=128 ns_per_outer=533.2 ns_per_call=4.17
rep 2 variant=fp enabled=0 outer=200000 calls=128 ns_per_outer=534.2 ns_per_call=4.17
rep 3 variant=fp enabled=0 outer=200000 calls=128 ns_per_outer=535.3 ns_per_call=4.18
rep 4 variant=fp enabled=0 outer=200000 calls=128 ns_per_outer=535.8 ns_per_call=4.19
rep 5 variant=fp enabled=0 outer=200000 calls=128 ns_per_outer=536.4 ns_per_call=4.19
rep 6 variant=fp enabled=0 outer=200000 calls=128 ns_per_outer=534.8 ns_per_call=4.18
result variant=fp enabled=0 outer=200000 calls=128 reps=7 median_ns_per_outer=534.8 median_ns_per_call=4.18 min_ns_per_call=4.16 acc=204800000
[    2.319839] kjit: translate_svc_sites pid 77: 2 text ranges, 111 svc sites
[    2.320271] rust_kjit: kjit: pc 0x401028: installed 532 bytes, 0 fault sites, 4 entries, text 0x401028..0x401038, fpsimd true
[    2.320831] rust_kjit: kjit: pc 0x40100c: installed 1088 bytes, 1 fault sites, 11 entries, text 0x400ffc..0x401028, fpsimd false
rep 0 variant=fp enabled=1 outer=20000 calls=128 ns_per_outer=919.3 ns_per_call=7.18
rep 1 variant=fp enabled=1 outer=20000 calls=128 ns_per_outer=916.9 ns_per_call=7.16
rep 2 variant=fp enabled=1 outer=20000 calls=128 ns_per_outer=912.1 ns_per_call=7.13
rep 3 variant=fp enabled=1 outer=20000 calls=128 ns_per_outer=926.9 ns_per_call=7.24
rep 4 variant=fp enabled=1 outer=20000 calls=128 ns_per_outer=917.7 ns_per_call=7.17
rep 5 variant=fp enabled=1 outer=20000 calls=128 ns_per_outer=917.3 ns_per_call=7.17
rep 6 variant=fp enabled=1 outer=20000 calls=128 ns_per_outer=921.7 ns_per_call=7.20
result variant=fp enabled=1 outer=20000 calls=128 reps=7 median_ns_per_outer=917.7 median_ns_per_call=7.17 min_ns_per_call=7.13 acc=20480000
counters variant=fp timed_outer=140000 hook_calls=140045 syscalls_in_kernel=139965 fragment_entries=280017 fpsimd_entries=139973 fpsimd_restores=0 chains=139972 chain_cap=0 exit_svc=139965 exit_bl=139972 exit_blr=0 exit_br=0 exit_ret=80 exit_mem=0 exit_unsupported=0 exit_budget=0 run_declined=0
rep 0 variant=gpr enabled=0 outer=200000 calls=256 ns_per_outer=381.9 ns_per_call=1.49
rep 1 variant=gpr enabled=0 outer=200000 calls=256 ns_per_outer=378.4 ns_per_call=1.48
rep 2 variant=gpr enabled=0 outer=200000 calls=256 ns_per_outer=376.2 ns_per_call=1.47
rep 3 variant=gpr enabled=0 outer=200000 calls=256 ns_per_outer=379.0 ns_per_call=1.48
rep 4 variant=gpr enabled=0 outer=200000 calls=256 ns_per_outer=382.7 ns_per_call=1.50
rep 5 variant=gpr enabled=0 outer=200000 calls=256 ns_per_outer=381.5 ns_per_call=1.49
rep 6 variant=gpr enabled=0 outer=200000 calls=256 ns_per_outer=377.6 ns_per_call=1.47
result variant=gpr enabled=0 outer=200000 calls=256 reps=7 median_ns_per_outer=379.0 median_ns_per_call=1.48 min_ns_per_call=1.47 acc=409600000
[    3.115228] kjit: translate_svc_sites pid 79: 2 text ranges, 111 svc sites
[    3.115661] rust_kjit: kjit: pc 0x400fe8: installed 524 bytes, 0 fault sites, 2 entries, text 0x400fe8..0x400ff0, fpsimd false
[    3.116163] rust_kjit: kjit: pc 0x400fcc: installed 1088 bytes, 1 fault sites, 11 entries, text 0x400fbc..0x400fe8, fpsimd false
rep 0 variant=gpr enabled=1 outer=20000 calls=256 ns_per_outer=1646.2 ns_per_call=6.43
rep 1 variant=gpr enabled=1 outer=20000 calls=256 ns_per_outer=1637.2 ns_per_call=6.40
rep 2 variant=gpr enabled=1 outer=20000 calls=256 ns_per_outer=1648.8 ns_per_call=6.44
rep 3 variant=gpr enabled=1 outer=20000 calls=256 ns_per_outer=1700.7 ns_per_call=6.64
rep 4 variant=gpr enabled=1 outer=20000 calls=256 ns_per_outer=1653.4 ns_per_call=6.46
rep 5 variant=gpr enabled=1 outer=20000 calls=256 ns_per_outer=1635.4 ns_per_call=6.39
rep 6 variant=gpr enabled=1 outer=20000 calls=256 ns_per_outer=1645.1 ns_per_call=6.43
result variant=gpr enabled=1 outer=20000 calls=256 reps=7 median_ns_per_outer=1646.2 median_ns_per_call=6.43 min_ns_per_call=6.39 acc=40960000
counters variant=gpr timed_outer=140000 hook_calls=140045 syscalls_in_kernel=139965 fragment_entries=140045 fpsimd_entries=1 fpsimd_restores=0 chains=0 chain_cap=0 exit_svc=139965 exit_bl=0 exit_blr=0 exit_br=0 exit_ret=80 exit_mem=0 exit_unsupported=0 exit_budget=0 run_declined=0
rep 0 variant=fp enabled=0 outer=200000 calls=256 ns_per_outer=945.2 ns_per_call=3.69
rep 1 variant=fp enabled=0 outer=200000 calls=256 ns_per_outer=946.0 ns_per_call=3.70
rep 2 variant=fp enabled=0 outer=200000 calls=256 ns_per_outer=945.6 ns_per_call=3.69
rep 3 variant=fp enabled=0 outer=200000 calls=256 ns_per_outer=947.1 ns_per_call=3.70
rep 4 variant=fp enabled=0 outer=200000 calls=256 ns_per_outer=944.9 ns_per_call=3.69
rep 5 variant=fp enabled=0 outer=200000 calls=256 ns_per_outer=944.1 ns_per_call=3.69
rep 6 variant=fp enabled=0 outer=200000 calls=256 ns_per_outer=944.8 ns_per_call=3.69
result variant=fp enabled=0 outer=200000 calls=256 reps=7 median_ns_per_outer=945.2 median_ns_per_call=3.69 min_ns_per_call=3.69 acc=409600000
[    4.933821] kjit: translate_svc_sites pid 81: 2 text ranges, 111 svc sites
[    4.934570] rust_kjit: kjit: pc 0x401028: installed 532 bytes, 0 fault sites, 4 entries, text 0x401028..0x401038, fpsimd true
[    4.935220] rust_kjit: kjit: pc 0x40100c: installed 1088 bytes, 1 fault sites, 11 entries, text 0x400ffc..0x401028, fpsimd false
rep 0 variant=fp enabled=1 outer=20000 calls=256 ns_per_outer=1713.9 ns_per_call=6.69
rep 1 variant=fp enabled=1 outer=20000 calls=256 ns_per_outer=1719.4 ns_per_call=6.72
rep 2 variant=fp enabled=1 outer=20000 calls=256 ns_per_outer=1730.7 ns_per_call=6.76
rep 3 variant=fp enabled=1 outer=20000 calls=256 ns_per_outer=1731.0 ns_per_call=6.76
rep 4 variant=fp enabled=1 outer=20000 calls=256 ns_per_outer=1723.2 ns_per_call=6.73
rep 5 variant=fp enabled=1 outer=20000 calls=256 ns_per_outer=1717.8 ns_per_call=6.71
rep 6 variant=fp enabled=1 outer=20000 calls=256 ns_per_outer=1833.1 ns_per_call=7.16
result variant=fp enabled=1 outer=20000 calls=256 reps=7 median_ns_per_outer=1723.2 median_ns_per_call=6.73 min_ns_per_call=6.69 acc=40960000
counters variant=fp timed_outer=140000 hook_calls=140045 syscalls_in_kernel=139965 fragment_entries=280017 fpsimd_entries=139973 fpsimd_restores=0 chains=139972 chain_cap=0 exit_svc=139965 exit_bl=139972 exit_blr=0 exit_br=0 exit_ret=80 exit_mem=0 exit_unsupported=0 exit_budget=0 run_declined=0
a11: ibtc_variant=3
a11: warm-up at off
a11maps aaaac6e80000-aaaac70d0000 r-xp 00000000 00:03 4263                       /opt/redis/src/redis-server
a11maps aaaac70d9000-aaaac70e0000 r--p 00259000 00:03 4263                       /opt/redis/src/redis-server
a11maps aaaac70e0000-aaaac7139000 rw-p 00260000 00:03 4263                       /opt/redis/src/redis-server
a11maps aaaac7139000-aaaac736c000 rw-p 00000000 00:00 0 
a11maps aaaafbc1d000-aaaafbc3e000 rw-p 00000000 00:00 0                          [heap]
a11maps ffffa6b40000-ffffa6dc0000 rw-p 00000000 00:00 0 
a11maps ffffa6dc0000-ffffa6dd0000 ---p 00000000 00:00 0 
a11maps ffffa6dd0000-ffffa75d0000 rw-p 00000000 00:00 0 
a11maps ffffa75d0000-ffffa75e0000 ---p 00000000 00:00 0 
a11maps ffffa75e0000-ffffa7de0000 rw-p 00000000 00:00 0 
a11maps ffffa7de0000-ffffa7df0000 ---p 00000000 00:00 0 
a11maps ffffa7df0000-ffffa85f0000 rw-p 00000000 00:00 0 
a11maps ffffa85f0000-ffffa8600000 ---p 00000000 00:00 0 
a11maps ffffa8600000-ffffa8e00000 rw-p 00000000 00:00 0 
a11maps ffffa8e00000-ffffa9600000 rw-p 00000000 00:00 0 
a11maps ffffa9690000-ffffa981c000 r-xp 00000000 00:03 816                        /usr/lib/aarch64-linux-gnu/libc.so.6
a11maps ffffa981c000-ffffa982c000 ---p 0018c000 00:03 816                        /usr/lib/aarch64-linux-gnu/libc.so.6
a11maps ffffa982c000-ffffa9830000 r--p 0018c000 00:03 816                        /usr/lib/aarch64-linux-gnu/libc.so.6
a11maps ffffa9830000-ffffa9832000 rw-p 00190000 00:03 816                        /usr/lib/aarch64-linux-gnu/libc.so.6
a11maps ffffa9832000-ffffa983f000 rw-p 00000000 00:00 0 
a11maps ffffa9840000-ffffa98c2000 r-xp 00000000 00:03 863                        /usr/lib/aarch64-linux-gnu/libm.so.6
a11maps ffffa98c2000-ffffa98df000 ---p 00082000 00:03 863                        /usr/lib/aarch64-linux-gnu/libm.so.6
a11maps ffffa98df000-ffffa98e0000 r--p 0008f000 00:03 863                        /usr/lib/aarch64-linux-gnu/libm.so.6
a11maps ffffa98e0000-ffffa98e1000 rw-p 00090000 00:03 863                        /usr/lib/aarch64-linux-gnu/libm.so.6
a11maps ffffa98ec000-ffffa9913000 r-xp 00000000 00:03 796                        /usr/lib/aarch64-linux-gnu/ld-linux-aarch64.so.1
a11maps ffffa991d000-ffffa9921000 rw-p 00000000 00:00 0 
a11maps ffffa9923000-ffffa9925000 rw-p 00000000 00:00 0 
a11maps ffffa9925000-ffffa9929000 r--p 00000000 00:00 0                          [vvar]
a11maps ffffa9929000-ffffa992a000 r-xp 00000000 00:00 0                          [vdso]
a11maps ffffa992a000-ffffa992c000 r--p 0002e000 00:03 796                        /usr/lib/aarch64-linux-gnu/ld-linux-aarch64.so.1
a11maps ffffa992c000-ffffa992e000 rw-p 00030000 00:03 796                        /usr/lib/aarch64-linux-gnu/ld-linux-aarch64.so.1
a11maps ffffdb8d7000-ffffdb8f8000 rw-p 00000000 00:00 0                          [stack]
a11 point=off pass=1 test=set requests=200000 rps=222965.44 hook_calls=0 syscalls_in_kernel=0 fragment_entries=0 fpsimd_entries=0 fpsimd_restores=0 chains=0 chain_cap=0 exit_svc=0 exit_bl=0 exit_blr=0 exit_br=0 exit_ret=0 exit_mem=0 exit_unsupported=0 exit_budget=0 run_declined=0 ibtc_insert=0 ibtc_replace=0 ibtc_clear=0 ibtc_fpsimd_boundary=0 ibtc_miss_cold=0 ibtc_miss_conflict=0 ibtc_miss_other=0 fpsimd_run_max_ns=409041 miss_residual=0
a11slots point=off pass=1 test=set # table all conflicts 0 slots 0 top32 0
a11slots point=off pass=1 test=set # table nofp conflicts 0 slots 0 top32 0
a11 point=off pass=1 test=get requests=200000 rps=232288.03 hook_calls=0 syscalls_in_kernel=0 fragment_entries=0 fpsimd_entries=0 fpsimd_restores=0 chains=0 chain_cap=0 exit_svc=0 exit_bl=0 exit_blr=0 exit_br=0 exit_ret=0 exit_mem=0 exit_unsupported=0 exit_budget=0 run_declined=0 ibtc_insert=0 ibtc_replace=0 ibtc_clear=0 ibtc_fpsimd_boundary=0 ibtc_miss_cold=0 ibtc_miss_conflict=0 ibtc_miss_other=0 fpsimd_run_max_ns=409041 miss_residual=0
a11slots point=off pass=1 test=get # table all conflicts 0 slots 0 top32 0
a11slots point=off pass=1 test=get # table nofp conflicts 0 slots 0 top32 0
a11 point=1024 pass=1 test=set requests=200000 rps=143266.47 hook_calls=408830 syscalls_in_kernel=384530 fragment_entries=607245 fpsimd_entries=198958 fpsimd_restores=0 chains=199222 chain_cap=0 exit_svc=384530 exit_bl=6879 exit_blr=857 exit_br=199599 exit_ret=9955 exit_mem=1 exit_unsupported=5424 exit_budget=0 run_declined=15 ibtc_insert=537 ibtc_replace=0 ibtc_clear=0 ibtc_fpsimd_boundary=198950 ibtc_miss_cold=18340 ibtc_miss_conflict=0 ibtc_miss_other=0 fpsimd_run_max_ns=409041 miss_residual=0
a11slots point=1024 pass=1 test=set # table all conflicts 0 slots 0 top32 0
a11slots point=1024 pass=1 test=set # table nofp conflicts 0 slots 0 top32 0
a11 point=1024 pass=1 test=get requests=200000 rps=160513.64 hook_calls=408918 syscalls_in_kernel=398680 fragment_entries=608395 fpsimd_entries=200006 fpsimd_restores=47 chains=200021 chain_cap=0 exit_svc=398680 exit_bl=794 exit_blr=80 exit_br=200002 exit_ret=919 exit_mem=0 exit_unsupported=7920 exit_budget=0 run_declined=11 ibtc_insert=33 ibtc_replace=0 ibtc_clear=0 ibtc_fpsimd_boundary=200003 ibtc_miss_cold=1792 ibtc_miss_conflict=0 ibtc_miss_other=0 fpsimd_run_max_ns=743000 miss_residual=0
a11slots point=1024 pass=1 test=get # table all conflicts 0 slots 0 top32 0
a11slots point=1024 pass=1 test=get # table nofp conflicts 0 slots 0 top32 0
a11 point=off pass=2 test=set requests=200000 rps=230680.52 hook_calls=0 syscalls_in_kernel=0 fragment_entries=0 fpsimd_entries=0 fpsimd_restores=0 chains=0 chain_cap=0 exit_svc=0 exit_bl=0 exit_blr=0 exit_br=0 exit_ret=0 exit_mem=0 exit_unsupported=0 exit_budget=0 run_declined=0 ibtc_insert=0 ibtc_replace=0 ibtc_clear=0 ibtc_fpsimd_boundary=0 ibtc_miss_cold=0 ibtc_miss_conflict=0 ibtc_miss_other=0 fpsimd_run_max_ns=743000 miss_residual=0
a11slots point=off pass=2 test=set # table all conflicts 0 slots 0 top32 0
a11slots point=off pass=2 test=set # table nofp conflicts 0 slots 0 top32 0
a11 point=off pass=2 test=get requests=200000 rps=237812.12 hook_calls=0 syscalls_in_kernel=0 fragment_entries=0 fpsimd_entries=0 fpsimd_restores=0 chains=0 chain_cap=0 exit_svc=0 exit_bl=0 exit_blr=0 exit_br=0 exit_ret=0 exit_mem=0 exit_unsupported=0 exit_budget=0 run_declined=0 ibtc_insert=0 ibtc_replace=0 ibtc_clear=0 ibtc_fpsimd_boundary=0 ibtc_miss_cold=0 ibtc_miss_conflict=0 ibtc_miss_other=0 fpsimd_run_max_ns=743000 miss_residual=0
a11slots point=off pass=2 test=get # table all conflicts 0 slots 0 top32 0
a11slots point=off pass=2 test=get # table nofp conflicts 0 slots 0 top32 0
a11 point=1024 pass=2 test=set requests=200000 rps=144927.53 hook_calls=408752 syscalls_in_kernel=399720 fragment_entries=608191 fpsimd_entries=200001 fpsimd_restores=0 chains=200001 chain_cap=0 exit_svc=399720 exit_bl=418 exit_blr=34 exit_br=200001 exit_ret=269 exit_mem=4 exit_unsupported=7745 exit_budget=0 run_declined=28 ibtc_insert=0 ibtc_replace=0 ibtc_clear=0 ibtc_fpsimd_boundary=200001 ibtc_miss_cold=721 ibtc_miss_conflict=0 ibtc_miss_other=0 fpsimd_run_max_ns=743000 miss_residual=0
a11slots point=1024 pass=2 test=set # table all conflicts 0 slots 0 top32 0
a11slots point=1024 pass=2 test=set # table nofp conflicts 0 slots 0 top32 0
a11 point=1024 pass=2 test=get requests=200000 rps=161943.31 hook_calls=408881 syscalls_in_kernel=399714 fragment_entries=608330 fpsimd_entries=200001 fpsimd_restores=0 chains=200001 chain_cap=0 exit_svc=399715 exit_bl=398 exit_blr=26 exit_br=200001 exit_ret=267 exit_mem=3 exit_unsupported=7920 exit_budget=0 run_declined=22 ibtc_insert=0 ibtc_replace=0 ibtc_clear=0 ibtc_fpsimd_boundary=200001 ibtc_miss_cold=691 ibtc_miss_conflict=0 ibtc_miss_other=0 fpsimd_run_max_ns=743000 miss_residual=0
a11slots point=1024 pass=2 test=get # table all conflicts 0 slots 0 top32 0
a11slots point=1024 pass=2 test=get # table nofp conflicts 0 slots 0 top32 0
a11 point=off pass=3 test=set requests=200000 rps=227531.28 hook_calls=0 syscalls_in_kernel=0 fragment_entries=0 fpsimd_entries=0 fpsimd_restores=0 chains=0 chain_cap=0 exit_svc=0 exit_bl=0 exit_blr=0 exit_br=0 exit_ret=0 exit_mem=0 exit_unsupported=0 exit_budget=0 run_declined=0 ibtc_insert=0 ibtc_replace=0 ibtc_clear=0 ibtc_fpsimd_boundary=0 ibtc_miss_cold=0 ibtc_miss_conflict=0 ibtc_miss_other=0 fpsimd_run_max_ns=743000 miss_residual=0
a11slots point=off pass=3 test=set # table all conflicts 0 slots 0 top32 0
a11slots point=off pass=3 test=set # table nofp conflicts 0 slots 0 top32 0
a11 point=off pass=3 test=get requests=200000 rps=203665.98 hook_calls=0 syscalls_in_kernel=0 fragment_entries=0 fpsimd_entries=0 fpsimd_restores=0 chains=0 chain_cap=0 exit_svc=0 exit_bl=0 exit_blr=0 exit_br=0 exit_ret=0 exit_mem=0 exit_unsupported=0 exit_budget=0 run_declined=0 ibtc_insert=0 ibtc_replace=0 ibtc_clear=0 ibtc_fpsimd_boundary=0 ibtc_miss_cold=0 ibtc_miss_conflict=0 ibtc_miss_other=0 fpsimd_run_max_ns=743000 miss_residual=0
a11slots point=off pass=3 test=get # table all conflicts 0 slots 0 top32 0
a11slots point=off pass=3 test=get # table nofp conflicts 0 slots 0 top32 0
a11 point=1024 pass=3 test=set requests=200000 rps=144404.33 hook_calls=408850 syscalls_in_kernel=399688 fragment_entries=608294 fpsimd_entries=200001 fpsimd_restores=0 chains=200001 chain_cap=0 exit_svc=399688 exit_bl=447 exit_blr=26 exit_br=200001 exit_ret=269 exit_mem=9 exit_unsupported=7854 exit_budget=0 run_declined=22 ibtc_insert=0 ibtc_replace=0 ibtc_clear=0 ibtc_fpsimd_boundary=200001 ibtc_miss_cold=742 ibtc_miss_conflict=0 ibtc_miss_other=0 fpsimd_run_max_ns=743000 miss_residual=0
a11slots point=1024 pass=3 test=set # table all conflicts 0 slots 0 top32 0
a11slots point=1024 pass=3 test=set # table nofp conflicts 0 slots 0 top32 0
a11 point=1024 pass=3 test=get requests=200000 rps=154320.98 hook_calls=409242 syscalls_in_kernel=399674 fragment_entries=608695 fpsimd_entries=200000 fpsimd_restores=0 chains=200000 chain_cap=0 exit_svc=399676 exit_bl=438 exit_blr=18 exit_br=200000 exit_ret=268 exit_mem=8 exit_unsupported=8287 exit_budget=0 run_declined=14 ibtc_insert=0 ibtc_replace=0 ibtc_clear=0 ibtc_fpsimd_boundary=200000 ibtc_miss_cold=724 ibtc_miss_conflict=0 ibtc_miss_other=0 fpsimd_run_max_ns=743000 miss_residual=0
a11slots point=1024 pass=3 test=get # table all conflicts 0 slots 0 top32 0
a11slots point=1024 pass=3 test=get # table nofp conflicts 0 slots 0 top32 0
a11maps-end aaaac6e80000-aaaac70d0000 r-xp 00000000 00:03 4263                       /opt/redis/src/redis-server
a11maps-end aaaac70d9000-aaaac70e0000 r--p 00259000 00:03 4263                       /opt/redis/src/redis-server
a11maps-end aaaac70e0000-aaaac7139000 rw-p 00260000 00:03 4263                       /opt/redis/src/redis-server
a11maps-end aaaac7139000-aaaac736c000 rw-p 00000000 00:00 0 
a11maps-end aaaafbc1d000-aaaafbc3e000 rw-p 00000000 00:00 0                          [heap]
a11maps-end ffffa6b40000-ffffa6dc0000 rw-p 00000000 00:00 0 
a11maps-end ffffa6dc0000-ffffa6dd0000 ---p 00000000 00:00 0 
a11maps-end ffffa6dd0000-ffffa75d0000 rw-p 00000000 00:00 0 
a11maps-end ffffa75d0000-ffffa75e0000 ---p 00000000 00:00 0 
a11maps-end ffffa75e0000-ffffa7de0000 rw-p 00000000 00:00 0 
a11maps-end ffffa7de0000-ffffa7df0000 ---p 00000000 00:00 0 
a11maps-end ffffa7df0000-ffffa85f0000 rw-p 00000000 00:00 0 
a11maps-end ffffa85f0000-ffffa8600000 ---p 00000000 00:00 0 
a11maps-end ffffa8600000-ffffa8e00000 rw-p 00000000 00:00 0 
a11maps-end ffffa8e00000-ffffa9600000 rw-p 00000000 00:00 0 
a11maps-end ffffa9690000-ffffa981c000 r-xp 00000000 00:03 816                        /usr/lib/aarch64-linux-gnu/libc.so.6
a11maps-end ffffa981c000-ffffa982c000 ---p 0018c000 00:03 816                        /usr/lib/aarch64-linux-gnu/libc.so.6
a11maps-end ffffa982c000-ffffa9830000 r--p 0018c000 00:03 816                        /usr/lib/aarch64-linux-gnu/libc.so.6
a11maps-end ffffa9830000-ffffa9832000 rw-p 00190000 00:03 816                        /usr/lib/aarch64-linux-gnu/libc.so.6
a11maps-end ffffa9832000-ffffa983f000 rw-p 00000000 00:00 0 
a11maps-end ffffa9840000-ffffa98c2000 r-xp 00000000 00:03 863                        /usr/lib/aarch64-linux-gnu/libm.so.6
a11maps-end ffffa98c2000-ffffa98df000 ---p 00082000 00:03 863                        /usr/lib/aarch64-linux-gnu/libm.so.6
a11maps-end ffffa98df000-ffffa98e0000 r--p 0008f000 00:03 863                        /usr/lib/aarch64-linux-gnu/libm.so.6
a11maps-end ffffa98e0000-ffffa98e1000 rw-p 00090000 00:03 863                        /usr/lib/aarch64-linux-gnu/libm.so.6
a11maps-end ffffa98ec000-ffffa9913000 r-xp 00000000 00:03 796                        /usr/lib/aarch64-linux-gnu/ld-linux-aarch64.so.1
a11maps-end ffffa991d000-ffffa9921000 rw-p 00000000 00:00 0 
a11maps-end ffffa9923000-ffffa9925000 rw-p 00000000 00:00 0 
a11maps-end ffffa9925000-ffffa9929000 r--p 00000000 00:00 0                          [vvar]
a11maps-end ffffa9929000-ffffa992a000 r-xp 00000000 00:00 0                          [vdso]
a11maps-end ffffa992a000-ffffa992c000 r--p 0002e000 00:03 796                        /usr/lib/aarch64-linux-gnu/ld-linux-aarch64.so.1
a11maps-end ffffa992c000-ffffa992e000 rw-p 00030000 00:03 796                        /usr/lib/aarch64-linux-gnu/ld-linux-aarch64.so.1
a11maps-end ffffdb8d7000-ffffdb8f8000 rw-p 00000000 00:00 0                          [stack]
a11: done
[   34.906552] kjit: 0 of 295 translation requests still queued at unload (freed by the kernel)
[   34.932050] rust_kjit: ######## Rust KJIT exits ########
kjit-init: rmmod kjit ok
kjit-init: run exit=0
[   34.966007] reboot: Power down
guest-run: PASS (/Volumes/Local/kjit-a4b2/build/runs/meas-v3-20261009-024009/serial.log)
grun: rc=0 run_dir=/Volumes/Local/kjit-a4b2/build/runs/meas-v3-20261009-024009
