guest-run: profile=kjit-guest run-dir=/Volumes/Local/kjit-a4b2/build/runs/meas-v4-20261009-025643
[    0.000000] Booting Linux on physical CPU 0x0000000000 [0x610f0000]
[    0.000000] Linux version 7.1.0-rc1 (@6906d107117b) (Ubuntu clang version 18.1.3 (1ubuntu1), Ubuntu LLD 18.1.3) #1 SMP PREEMPT Fri Oct  2 08:37:58 UTC 2026
[    0.000000] random: crng init done
[    0.000000] Machine model: linux,dummy-virt
[    0.000000] OF: reserved mem: Reserved memory: No reserved-memory node in the DT
[    0.000000] psci: probing for conduit method from DT.
[    0.000000] psci: PSCIv1.1 detected in firmware.
[    0.000000] psci: Using standard PSCI v0.2 function IDs
[    0.000000] psci: Trusted OS migration not required
[    0.000000] psci: SMC Calling Convention v1.0
[    0.000000] Zone ranges:
[    0.000000]   Normal   [mem 0x0000000040000000-0x000000013fffffff]
[    0.000000] Movable zone start for each node
[    0.000000] Early memory node ranges
[    0.000000]   node   0: [mem 0x0000000040000000-0x000000013fffffff]
[    0.000000] Initmem setup node 0 [mem 0x0000000040000000-0x000000013fffffff]
[    0.000000] percpu: Embedded 19 pages/cpu s38488 r8192 d31144 u77824
[    0.000000] Detected PIPT I-cache on CPU0
[    0.000000] CPU features: detected: Address authentication (IMP DEF algorithm)
[    0.000000] CPU features: detected: Spectre-v4
[    0.000000] CPU features: detected: Spectre-BHB
[    0.000000] alternatives: applying boot alternatives
[    0.000000] Kernel command line: console=ttyAMA0 panic=-1 nokaslr
[    0.000000] Unknown kernel command line parameters "nokaslr", will be passed to user space.
[    0.000000] printk: log buffer data + meta data: 131072 + 458752 = 589824 bytes
[    0.000000] Dentry cache hash table entries: 524288 (order: 10, 4194304 bytes, linear)
[    0.000000] Inode-cache hash table entries: 262144 (order: 9, 2097152 bytes, linear)
[    0.000000] software IO TLB: SWIOTLB bounce buffer size adjusted to 4MB
[    0.000000] software IO TLB: area num 4.
[    0.000000] software IO TLB: mapped [mem 0x000000013ac00000-0x000000013b000000] (4MB)
[    0.000000] Built 1 zonelists, mobility grouping on.  Total pages: 1048576
[    0.000000] mem auto-init: stack:all(zero), heap alloc:off, heap free:off
[    0.000000] SLUB: HWalign=64, Order=0-3, MinObjects=0, CPUs=4, Nodes=1
[    0.000000] rcu: Preemptible hierarchical RCU implementation.
[    0.000000] rcu: 	RCU restricting CPUs from NR_CPUS=512 to nr_cpu_ids=4.
[    0.000000] rcu: RCU calculated value of scheduler-enlistment delay is 25 jiffies.
[    0.000000] rcu: Adjusting geometry for rcu_fanout_leaf=16, nr_cpu_ids=4
[    0.000000] NR_IRQS: 64, nr_irqs: 64, preallocated irqs: 0
[    0.000000] Root IRQ handler: gic_handle_irq
[    0.000000] GICv2m: range[mem 0x08020000-0x08020fff], SPI[80:143]
[    0.000000] rcu: srcu_init: Setting srcu_struct sizes based on contention.
[    0.000000] arch_timer: cp15 timer running at 24.00MHz (virt).
[    0.000000] clocksource: arch_sys_counter: mask: 0xffffffffffffff max_cycles: 0x588fe9dc0, max_idle_ns: 440795202592 ns
[    0.000000] sched_clock: 56 bits at 24MHz, resolution 41ns, wraps every 4398046511097ns
[    0.000103] Console: colour dummy device 80x25
[    0.000110] Calibrating delay loop (skipped), value calculated using timer frequency.. 48.00 BogoMIPS (lpj=96000)
[    0.000114] pid_max: default: 32768 minimum: 301
[    0.000244] Mount-cache hash table entries: 8192 (order: 4, 65536 bytes, linear)
[    0.000252] Mountpoint-cache hash table entries: 8192 (order: 4, 65536 bytes, linear)
[    0.000379] VFS: Finished mounting rootfs on nullfs
[    0.000527] cacheinfo: Unable to detect cache hierarchy for CPU 0
[    0.000636] rcu: Hierarchical SRCU implementation.
[    0.000637] rcu: 	Max phase no-delay instances is 1000.
[    0.000656] Timer migration: 1 hierarchy levels; 8 children per group; 1 crossnode level
[    0.000690] smp: Bringing up secondary CPUs ...
[    0.000867] Detected PIPT I-cache on CPU1
[    0.000947] CPU1: Booted secondary processor 0x0000000001 [0x610f0000]
[    0.001247] Detected PIPT I-cache on CPU2
[    0.001355] CPU2: Booted secondary processor 0x0000000002 [0x610f0000]
[    0.001657] Detected PIPT I-cache on CPU3
[    0.001767] CPU3: Booted secondary processor 0x0000000003 [0x610f0000]
[    0.001846] smp: Brought up 1 node, 4 CPUs
[    0.001847] SMP: Total of 4 processors activated.
[    0.001848] CPU: All CPU(s) started at EL1
[    0.001849] CPU features: detected: ARMv8.4 Translation Table Level
[    0.001849] CPU features: detected: Data cache clean to the PoU not required for I/D coherence
[    0.001850] CPU features: detected: CRC32 instructions
[    0.001850] CPU features: detected: Data independent timing control (DIT)
[    0.001850] CPU features: detected: E0PD
[    0.001851] CPU features: detected: Generic authentication (IMP DEF algorithm)
[    0.001851] CPU features: detected: RCpc load-acquire (LDAPR)
[    0.001852] CPU features: detected: LSE atomic instructions
[    0.001852] CPU features: detected: Privileged Access Never
[    0.001852] CPU features: detected: Speculation barrier (SB)
[    0.001853] CPU features: detected: TLB range maintenance instructions
[    0.001853] CPU features: detected: XNX
[    0.001985] alternatives: applying system-wide alternatives
[    0.003570] Memory: 3934216K/4194304K available (5248K kernel code, 754K rwdata, 2356K rodata, 576K init, 405K bss, 256908K reserved, 0K cma-reserved)
[    0.003841] devtmpfs: initialized
[    0.004186] clocksource: jiffies: mask: 0xffffffff max_cycles: 0xffffffff, max_idle_ns: 7645041785100000 ns
[    0.004190] posixtimers hash table entries: 2048 (order: 3, 32768 bytes, linear)
[    0.004213] futex hash table entries: 1024 (65536 bytes on 1 NUMA nodes, total 64 KiB, linear).
[    0.004219] 30384 pages in range for non-PLT usage
[    0.004219] 521904 pages in range for PLT usage
[    0.004285] NET: Registered PF_NETLINK/PF_ROUTE protocol family
[    0.004693] DMA: preallocated 512 KiB GFP_KERNEL pool for atomic allocations
[    0.004728] ASID allocator initialised with 256 entries
[    0.004736] Serial: AMBA PL011 UART driver
[    0.005183] 9000000.pl011: ttyAMA0 at MMIO 0x9000000 (irq = 13, base_baud = 0) is a PL011 rev1
[    0.005327] printk: console [ttyAMA0] enabled
[    0.009849] vgaarb: loaded
[    0.010000] clocksource: Switched to clocksource arch_sys_counter
[    0.022914] NET: Registered PF_INET protocol family
[    0.022996] IP idents hash table entries: 65536 (order: 7, 524288 bytes, linear)
[    0.023493] tcp_listen_portaddr_hash hash table entries: 2048 (order: 3, 32768 bytes, linear)
[    0.023511] Table-perturb hash table entries: 65536 (order: 6, 262144 bytes, linear)
[    0.023516] TCP established hash table entries: 32768 (order: 6, 262144 bytes, linear)
[    0.023580] TCP bind hash table entries: 32768 (order: 8, 1048576 bytes, linear)
[    0.023783] TCP: Hash tables configured (established 32768 bind 32768)
[    0.023818] UDP hash table entries: 2048 (order: 5, 131072 bytes, linear)
[    0.023861] NET: Registered PF_UNIX/PF_LOCAL protocol family
[    0.023870] PCI: CLS 0 bytes, default 64
[    0.024219] Unpacking initramfs...
[    0.038134] workingset: timestamp_bits=46 (anon: 42) max_order=20 bucket_order=0 (anon: 0)
[    0.038485] 9p: Installing v9fs 9p2000 file system support
[    0.038908] pci-host-generic 4010000000.pcie: host bridge /pcie@10000000 ranges:
[    0.038915] pci-host-generic 4010000000.pcie:       IO 0x003eff0000..0x003effffff -> 0x0000000000
[    0.038917] pci-host-generic 4010000000.pcie:      MEM 0x0010000000..0x003efeffff -> 0x0010000000
[    0.038919] pci-host-generic 4010000000.pcie:      MEM 0x8000000000..0xffffffffff -> 0x8000000000
[    0.038928] pci-host-generic 4010000000.pcie: Memory resource size exceeds max for 32 bits
[    0.038939] pci-host-generic 4010000000.pcie: ECAM at [mem 0x4010000000-0x401fffffff] for [bus 00-ff]
[    0.038959] pci-host-generic 4010000000.pcie: PCI host bridge to bus 0000:00
[    0.038960] pci_bus 0000:00: root bus resource [bus 00-ff]
[    0.038961] pci_bus 0000:00: root bus resource [io  0x0000-0xffff]
[    0.038961] pci_bus 0000:00: root bus resource [mem 0x10000000-0x3efeffff]
[    0.038963] pci_bus 0000:00: root bus resource [mem 0x8000000000-0xffffffffff]
[    0.039018] pci 0000:00:00.0: [1b36:0008] type 00 class 0x060000 conventional PCI endpoint
[    0.039292] pci 0000:00:01.0: [1af4:1000] type 00 class 0x020000 conventional PCI endpoint
[    0.040619] pci 0000:00:01.0: BAR 0 [io  0x0000-0x001f]
[    0.040624] pci 0000:00:01.0: BAR 1 [mem 0x00000000-0x00000fff]
[    0.040630] pci 0000:00:01.0: BAR 4 [mem 0x00000000-0x00003fff 64bit pref]
[    0.040654] pci 0000:00:01.0: ROM [mem 0x00000000-0x0003ffff pref]
[    0.041201] pci 0000:00:02.0: [1af4:1009] type 00 class 0x000200 conventional PCI endpoint
[    0.041415] pci 0000:00:02.0: BAR 0 [io  0x0000-0x003f]
[    0.041424] pci 0000:00:02.0: BAR 1 [mem 0x00000000-0x00000fff]
[    0.041452] pci 0000:00:02.0: BAR 4 [mem 0x00000000-0x00003fff 64bit pref]
[    0.041839] pci 0000:00:03.0: [1af4:1005] type 00 class 0x00ff00 conventional PCI endpoint
[    0.042618] pci 0000:00:03.0: BAR 0 [io  0x0000-0x001f]
[    0.042621] pci 0000:00:03.0: BAR 1 [mem 0x00000000-0x00000fff]
[    0.042644] pci 0000:00:03.0: BAR 4 [mem 0x00000000-0x00003fff 64bit pref]
[    0.043206] pci 0000:00:01.0: ROM [mem 0x10000000-0x1003ffff pref]: assigned
[    0.043209] pci 0000:00:01.0: BAR 4 [mem 0x8000000000-0x8000003fff 64bit pref]: assigned
[    0.043238] pci 0000:00:02.0: BAR 4 [mem 0x8000004000-0x8000007fff 64bit pref]: assigned
[    0.043297] pci 0000:00:03.0: BAR 4 [mem 0x8000008000-0x800000bfff 64bit pref]: assigned
[    0.043358] pci 0000:00:01.0: BAR 1 [mem 0x10040000-0x10040fff]: assigned
[    0.043364] pci 0000:00:02.0: BAR 1 [mem 0x10041000-0x10041fff]: assigned
[    0.043368] pci 0000:00:03.0: BAR 1 [mem 0x10042000-0x10042fff]: assigned
[    0.043372] pci 0000:00:02.0: BAR 0 [io  0x1000-0x103f]: assigned
[    0.043376] pci 0000:00:01.0: BAR 0 [io  0x1040-0x105f]: assigned
[    0.043381] pci 0000:00:03.0: BAR 0 [io  0x1060-0x107f]: assigned
[    0.043387] pci_bus 0000:00: resource 4 [io  0x0000-0xffff]
[    0.043388] pci_bus 0000:00: resource 5 [mem 0x10000000-0x3efeffff]
[    0.043388] pci_bus 0000:00: resource 6 [mem 0x8000000000-0xffffffffff]
[    0.044584] virtio-pci 0000:00:01.0: enabling device (0000 -> 0003)
[    0.045318] virtio-pci 0000:00:02.0: enabling device (0000 -> 0003)
[    0.048787] virtio-pci 0000:00:03.0: enabling device (0000 -> 0003)
[    0.139908] rtc-pl031 9010000.pl031: registered as rtc0
[    0.139931] rtc-pl031 9010000.pl031: setting system clock to 2026-10-08T18:56:43 UTC (1791485803)
[    0.140092] NET: Registered PF_INET6 protocol family
[    0.140489] Segment Routing with IPv6
[    0.140492] In-situ OAM (IOAM) with IPv6
[    0.140501] sit: IPv6, IPv4 and MPLS over IPv4 tunneling driver
[    0.140556] NET: Registered PF_PACKET protocol family
[    0.140562] 9pnet: Installing 9P2000 support
[    0.145897] clk: Disabling unused clocks
[    0.146805] Freeing initrd memory: 161888K
[    0.147141] Freeing unused kernel memory: 576K
[    0.147186] Run /init as init process
[    0.161844] kjit: loading out-of-tree module taints kernel.
[    0.163388] rust_kjit: ######## Rust KJIT inits ########
[    0.163418] rust_kjit: kjit: dispatch variant 4
[    0.163492] rust_kjit: golden tests/arm64/toy_cfg.s:hot_svc_mark translated for dispatch variant 4; byte comparison skipped (reference is variant 0)
kjit-init: insmod kjit.ko ok
meas: variant=4
rep 0 variant=gpr enabled=0 outer=200000 calls=16 ns_per_outer=145.7 ns_per_call=9.11
rep 1 variant=gpr enabled=0 outer=200000 calls=16 ns_per_outer=144.0 ns_per_call=9.00
rep 2 variant=gpr enabled=0 outer=200000 calls=16 ns_per_outer=140.9 ns_per_call=8.81
rep 3 variant=gpr enabled=0 outer=200000 calls=16 ns_per_outer=141.8 ns_per_call=8.86
rep 4 variant=gpr enabled=0 outer=200000 calls=16 ns_per_outer=149.7 ns_per_call=9.36
rep 5 variant=gpr enabled=0 outer=200000 calls=16 ns_per_outer=154.6 ns_per_call=9.67
rep 6 variant=gpr enabled=0 outer=200000 calls=16 ns_per_outer=145.4 ns_per_call=9.09
result variant=gpr enabled=0 outer=200000 calls=16 reps=7 median_ns_per_outer=145.4 median_ns_per_call=9.09 min_ns_per_call=8.81 acc=25600000
[    0.424615] kjit: translate_svc_sites pid 68: 2 text ranges, 111 svc sites
[    0.425553] rust_kjit: kjit: pc 0x400fe8: installed 532 bytes, 0 fault sites, 2 entries, text 0x400fe8..0x400ff0, fpsimd false
[    0.426366] rust_kjit: kjit: pc 0x400fcc: installed 1104 bytes, 1 fault sites, 11 entries, text 0x400fbc..0x400fe8, fpsimd false
rep 0 variant=gpr enabled=1 outer=20000 calls=16 ns_per_outer=152.9 ns_per_call=9.56
rep 1 variant=gpr enabled=1 outer=20000 calls=16 ns_per_outer=154.2 ns_per_call=9.63
rep 2 variant=gpr enabled=1 outer=20000 calls=16 ns_per_outer=224.3 ns_per_call=14.02
rep 3 variant=gpr enabled=1 outer=20000 calls=16 ns_per_outer=147.5 ns_per_call=9.22
rep 4 variant=gpr enabled=1 outer=20000 calls=16 ns_per_outer=145.0 ns_per_call=9.06
rep 5 variant=gpr enabled=1 outer=20000 calls=16 ns_per_outer=149.7 ns_per_call=9.35
rep 6 variant=gpr enabled=1 outer=20000 calls=16 ns_per_outer=156.7 ns_per_call=9.80
result variant=gpr enabled=1 outer=20000 calls=16 reps=7 median_ns_per_outer=152.9 median_ns_per_call=9.56 min_ns_per_call=9.06 acc=2560000
counters variant=gpr timed_outer=140000 hook_calls=140045 syscalls_in_kernel=139965 fragment_entries=140045 fpsimd_entries=1 fpsimd_restores=0 chains=0 chain_cap=0 exit_svc=139965 exit_bl=0 exit_blr=0 exit_br=0 exit_ret=80 exit_mem=0 exit_unsupported=0 exit_budget=0 run_declined=0
rep 0 variant=fp enabled=0 outer=200000 calls=16 ns_per_outer=183.9 ns_per_call=11.49
rep 1 variant=fp enabled=0 outer=200000 calls=16 ns_per_outer=180.1 ns_per_call=11.26
rep 2 variant=fp enabled=0 outer=200000 calls=16 ns_per_outer=177.2 ns_per_call=11.07
rep 3 variant=fp enabled=0 outer=200000 calls=16 ns_per_outer=178.9 ns_per_call=11.18
rep 4 variant=fp enabled=0 outer=200000 calls=16 ns_per_outer=178.7 ns_per_call=11.17
rep 5 variant=fp enabled=0 outer=200000 calls=16 ns_per_outer=177.3 ns_per_call=11.08
rep 6 variant=fp enabled=0 outer=200000 calls=16 ns_per_outer=177.1 ns_per_call=11.07
result variant=fp enabled=0 outer=200000 calls=16 reps=7 median_ns_per_outer=178.7 median_ns_per_call=11.17 min_ns_per_call=11.07 acc=25600000
[    0.776186] kjit: translate_svc_sites pid 74: 2 text ranges, 111 svc sites
[    0.776700] rust_kjit: kjit: pc 0x401028: installed 540 bytes, 0 fault sites, 4 entries, text 0x401028..0x401038, fpsimd true
[    0.777617] rust_kjit: kjit: pc 0x40100c: installed 1104 bytes, 1 fault sites, 11 entries, text 0x400ffc..0x401028, fpsimd false
rep 0 variant=fp enabled=1 outer=20000 calls=16 ns_per_outer=217.0 ns_per_call=13.56
rep 1 variant=fp enabled=1 outer=20000 calls=16 ns_per_outer=222.4 ns_per_call=13.90
rep 2 variant=fp enabled=1 outer=20000 calls=16 ns_per_outer=222.7 ns_per_call=13.92
rep 3 variant=fp enabled=1 outer=20000 calls=16 ns_per_outer=215.3 ns_per_call=13.45
rep 4 variant=fp enabled=1 outer=20000 calls=16 ns_per_outer=223.8 ns_per_call=13.99
rep 5 variant=fp enabled=1 outer=20000 calls=16 ns_per_outer=217.3 ns_per_call=13.58
rep 6 variant=fp enabled=1 outer=20000 calls=16 ns_per_outer=218.5 ns_per_call=13.66
result variant=fp enabled=1 outer=20000 calls=16 reps=7 median_ns_per_outer=218.5 median_ns_per_call=13.66 min_ns_per_call=13.45 acc=2560000
counters variant=fp timed_outer=140000 hook_calls=140045 syscalls_in_kernel=139965 fragment_entries=280017 fpsimd_entries=139973 fpsimd_restores=0 chains=139972 chain_cap=0 exit_svc=139965 exit_bl=139972 exit_blr=0 exit_br=0 exit_ret=80 exit_mem=0 exit_unsupported=0 exit_budget=0 run_declined=0
rep 0 variant=gpr enabled=0 outer=200000 calls=128 ns_per_outer=259.5 ns_per_call=2.03
rep 1 variant=gpr enabled=0 outer=200000 calls=128 ns_per_outer=257.1 ns_per_call=2.01
rep 2 variant=gpr enabled=0 outer=200000 calls=128 ns_per_outer=257.0 ns_per_call=2.01
rep 3 variant=gpr enabled=0 outer=200000 calls=128 ns_per_outer=257.0 ns_per_call=2.01
rep 4 variant=gpr enabled=0 outer=200000 calls=128 ns_per_outer=256.1 ns_per_call=2.00
rep 5 variant=gpr enabled=0 outer=200000 calls=128 ns_per_outer=255.3 ns_per_call=1.99
rep 6 variant=gpr enabled=0 outer=200000 calls=128 ns_per_outer=255.8 ns_per_call=2.00
result variant=gpr enabled=0 outer=200000 calls=128 reps=7 median_ns_per_outer=257.0 median_ns_per_call=2.01 min_ns_per_call=1.99 acc=204800000
[    1.262382] kjit: translate_svc_sites pid 76: 2 text ranges, 111 svc sites
[    1.262769] rust_kjit: kjit: pc 0x400fe8: installed 532 bytes, 0 fault sites, 2 entries, text 0x400fe8..0x400ff0, fpsimd false
[    1.263262] rust_kjit: kjit: pc 0x400fcc: installed 1104 bytes, 1 fault sites, 11 entries, text 0x400fbc..0x400fe8, fpsimd false
rep 0 variant=gpr enabled=1 outer=20000 calls=128 ns_per_outer=855.8 ns_per_call=6.69
rep 1 variant=gpr enabled=1 outer=20000 calls=128 ns_per_outer=844.1 ns_per_call=6.59
rep 2 variant=gpr enabled=1 outer=20000 calls=128 ns_per_outer=865.5 ns_per_call=6.76
rep 3 variant=gpr enabled=1 outer=20000 calls=128 ns_per_outer=844.5 ns_per_call=6.60
rep 4 variant=gpr enabled=1 outer=20000 calls=128 ns_per_outer=848.6 ns_per_call=6.63
rep 5 variant=gpr enabled=1 outer=20000 calls=128 ns_per_outer=835.6 ns_per_call=6.53
rep 6 variant=gpr enabled=1 outer=20000 calls=128 ns_per_outer=847.7 ns_per_call=6.62
result variant=gpr enabled=1 outer=20000 calls=128 reps=7 median_ns_per_outer=847.7 median_ns_per_call=6.62 min_ns_per_call=6.53 acc=20480000
counters variant=gpr timed_outer=140000 hook_calls=140045 syscalls_in_kernel=139965 fragment_entries=140045 fpsimd_entries=1 fpsimd_restores=0 chains=0 chain_cap=0 exit_svc=139965 exit_bl=0 exit_blr=0 exit_br=0 exit_ret=80 exit_mem=0 exit_unsupported=0 exit_budget=0 run_declined=0
rep 0 variant=fp enabled=0 outer=200000 calls=128 ns_per_outer=537.3 ns_per_call=4.20
rep 1 variant=fp enabled=0 outer=200000 calls=128 ns_per_outer=533.7 ns_per_call=4.17
rep 2 variant=fp enabled=0 outer=200000 calls=128 ns_per_outer=535.7 ns_per_call=4.18
rep 3 variant=fp enabled=0 outer=200000 calls=128 ns_per_outer=535.4 ns_per_call=4.18
rep 4 variant=fp enabled=0 outer=200000 calls=128 ns_per_outer=535.1 ns_per_call=4.18
rep 5 variant=fp enabled=0 outer=200000 calls=128 ns_per_outer=535.0 ns_per_call=4.18
rep 6 variant=fp enabled=0 outer=200000 calls=128 ns_per_outer=532.0 ns_per_call=4.16
result variant=fp enabled=0 outer=200000 calls=128 reps=7 median_ns_per_outer=535.1 median_ns_per_call=4.18 min_ns_per_call=4.16 acc=204800000
[    2.295786] kjit: translate_svc_sites pid 78: 2 text ranges, 111 svc sites
[    2.296388] rust_kjit: kjit: pc 0x401028: installed 540 bytes, 0 fault sites, 4 entries, text 0x401028..0x401038, fpsimd true
[    2.297412] rust_kjit: kjit: pc 0x40100c: installed 1104 bytes, 1 fault sites, 11 entries, text 0x400ffc..0x401028, fpsimd false
rep 0 variant=fp enabled=1 outer=20000 calls=128 ns_per_outer=923.4 ns_per_call=7.21
rep 1 variant=fp enabled=1 outer=20000 calls=128 ns_per_outer=924.2 ns_per_call=7.22
rep 2 variant=fp enabled=1 outer=20000 calls=128 ns_per_outer=919.7 ns_per_call=7.19
rep 3 variant=fp enabled=1 outer=20000 calls=128 ns_per_outer=909.1 ns_per_call=7.10
rep 4 variant=fp enabled=1 outer=20000 calls=128 ns_per_outer=924.9 ns_per_call=7.23
rep 5 variant=fp enabled=1 outer=20000 calls=128 ns_per_outer=911.5 ns_per_call=7.12
rep 6 variant=fp enabled=1 outer=20000 calls=128 ns_per_outer=947.8 ns_per_call=7.40
result variant=fp enabled=1 outer=20000 calls=128 reps=7 median_ns_per_outer=923.4 median_ns_per_call=7.21 min_ns_per_call=7.10 acc=20480000
counters variant=fp timed_outer=140000 hook_calls=140045 syscalls_in_kernel=139965 fragment_entries=280017 fpsimd_entries=139973 fpsimd_restores=0 chains=139972 chain_cap=0 exit_svc=139965 exit_bl=139972 exit_blr=0 exit_br=0 exit_ret=80 exit_mem=0 exit_unsupported=0 exit_budget=0 run_declined=0
rep 0 variant=gpr enabled=0 outer=200000 calls=256 ns_per_outer=377.8 ns_per_call=1.48
rep 1 variant=gpr enabled=0 outer=200000 calls=256 ns_per_outer=381.5 ns_per_call=1.49
rep 2 variant=gpr enabled=0 outer=200000 calls=256 ns_per_outer=382.0 ns_per_call=1.49
rep 3 variant=gpr enabled=0 outer=200000 calls=256 ns_per_outer=378.8 ns_per_call=1.48
rep 4 variant=gpr enabled=0 outer=200000 calls=256 ns_per_outer=379.1 ns_per_call=1.48
rep 5 variant=gpr enabled=0 outer=200000 calls=256 ns_per_outer=380.1 ns_per_call=1.48
rep 6 variant=gpr enabled=0 outer=200000 calls=256 ns_per_outer=379.6 ns_per_call=1.48
result variant=gpr enabled=0 outer=200000 calls=256 reps=7 median_ns_per_outer=379.6 median_ns_per_call=1.48 min_ns_per_call=1.48 acc=409600000
[    3.091414] kjit: translate_svc_sites pid 80: 2 text ranges, 111 svc sites
[    3.091763] rust_kjit: kjit: pc 0x400fe8: installed 532 bytes, 0 fault sites, 2 entries, text 0x400fe8..0x400ff0, fpsimd false
[    3.092508] rust_kjit: kjit: pc 0x400fcc: installed 1104 bytes, 1 fault sites, 11 entries, text 0x400fbc..0x400fe8, fpsimd false
rep 0 variant=gpr enabled=1 outer=20000 calls=256 ns_per_outer=1641.4 ns_per_call=6.41
rep 1 variant=gpr enabled=1 outer=20000 calls=256 ns_per_outer=1632.1 ns_per_call=6.38
rep 2 variant=gpr enabled=1 outer=20000 calls=256 ns_per_outer=1652.8 ns_per_call=6.46
rep 3 variant=gpr enabled=1 outer=20000 calls=256 ns_per_outer=1659.0 ns_per_call=6.48
rep 4 variant=gpr enabled=1 outer=20000 calls=256 ns_per_outer=1655.3 ns_per_call=6.47
rep 5 variant=gpr enabled=1 outer=20000 calls=256 ns_per_outer=1735.8 ns_per_call=6.78
rep 6 variant=gpr enabled=1 outer=20000 calls=256 ns_per_outer=1650.4 ns_per_call=6.45
result variant=gpr enabled=1 outer=20000 calls=256 reps=7 median_ns_per_outer=1652.8 median_ns_per_call=6.46 min_ns_per_call=6.38 acc=40960000
counters variant=gpr timed_outer=140000 hook_calls=140045 syscalls_in_kernel=139965 fragment_entries=140045 fpsimd_entries=1 fpsimd_restores=0 chains=0 chain_cap=0 exit_svc=139965 exit_bl=0 exit_blr=0 exit_br=0 exit_ret=80 exit_mem=0 exit_unsupported=0 exit_budget=0 run_declined=0
rep 0 variant=fp enabled=0 outer=200000 calls=256 ns_per_outer=942.4 ns_per_call=3.68
rep 1 variant=fp enabled=0 outer=200000 calls=256 ns_per_outer=946.9 ns_per_call=3.70
rep 2 variant=fp enabled=0 outer=200000 calls=256 ns_per_outer=945.7 ns_per_call=3.69
rep 3 variant=fp enabled=0 outer=200000 calls=256 ns_per_outer=947.3 ns_per_call=3.70
rep 4 variant=fp enabled=0 outer=200000 calls=256 ns_per_outer=943.2 ns_per_call=3.68
rep 5 variant=fp enabled=0 outer=200000 calls=256 ns_per_outer=955.0 ns_per_call=3.73
rep 6 variant=fp enabled=0 outer=200000 calls=256 ns_per_outer=951.7 ns_per_call=3.72
result variant=fp enabled=0 outer=200000 calls=256 reps=7 median_ns_per_outer=946.9 median_ns_per_call=3.70 min_ns_per_call=3.68 acc=409600000
[    4.910639] kjit: translate_svc_sites pid 83: 2 text ranges, 111 svc sites
[    4.911044] rust_kjit: kjit: pc 0x401028: installed 540 bytes, 0 fault sites, 4 entries, text 0x401028..0x401038, fpsimd true
[    4.911660] rust_kjit: kjit: pc 0x40100c: installed 1104 bytes, 1 fault sites, 11 entries, text 0x400ffc..0x401028, fpsimd false
rep 0 variant=fp enabled=1 outer=20000 calls=256 ns_per_outer=1713.0 ns_per_call=6.69
rep 1 variant=fp enabled=1 outer=20000 calls=256 ns_per_outer=1786.8 ns_per_call=6.98
rep 2 variant=fp enabled=1 outer=20000 calls=256 ns_per_outer=1806.1 ns_per_call=7.06
rep 3 variant=fp enabled=1 outer=20000 calls=256 ns_per_outer=1736.8 ns_per_call=6.78
rep 4 variant=fp enabled=1 outer=20000 calls=256 ns_per_outer=1760.5 ns_per_call=6.88
rep 5 variant=fp enabled=1 outer=20000 calls=256 ns_per_outer=1715.9 ns_per_call=6.70
rep 6 variant=fp enabled=1 outer=20000 calls=256 ns_per_outer=1728.1 ns_per_call=6.75
result variant=fp enabled=1 outer=20000 calls=256 reps=7 median_ns_per_outer=1736.8 median_ns_per_call=6.78 min_ns_per_call=6.69 acc=40960000
counters variant=fp timed_outer=140000 hook_calls=140045 syscalls_in_kernel=139965 fragment_entries=280017 fpsimd_entries=139973 fpsimd_restores=0 chains=139972 chain_cap=0 exit_svc=139965 exit_bl=139972 exit_blr=0 exit_br=0 exit_ret=80 exit_mem=0 exit_unsupported=0 exit_budget=0 run_declined=0
a11: ibtc_variant=4
a11: warm-up at off
a11maps aaaac6840000-aaaac6a90000 r-xp 00000000 00:03 4263                       /opt/redis/src/redis-server
a11maps aaaac6a99000-aaaac6aa0000 r--p 00259000 00:03 4263                       /opt/redis/src/redis-server
a11maps aaaac6aa0000-aaaac6af9000 rw-p 00260000 00:03 4263                       /opt/redis/src/redis-server
a11maps aaaac6af9000-aaaac6d2c000 rw-p 00000000 00:00 0 
a11maps aaaacac37000-aaaacac58000 rw-p 00000000 00:00 0                          [heap]
a11maps ffffae940000-ffffaebc0000 rw-p 00000000 00:00 0 
a11maps ffffaebc0000-ffffaebd0000 ---p 00000000 00:00 0 
a11maps ffffaebd0000-ffffaf3d0000 rw-p 00000000 00:00 0 
a11maps ffffaf3d0000-ffffaf3e0000 ---p 00000000 00:00 0 
a11maps ffffaf3e0000-ffffafbe0000 rw-p 00000000 00:00 0 
a11maps ffffafbe0000-ffffafbf0000 ---p 00000000 00:00 0 
a11maps ffffafbf0000-ffffb03f0000 rw-p 00000000 00:00 0 
a11maps ffffb03f0000-ffffb0400000 ---p 00000000 00:00 0 
a11maps ffffb0400000-ffffb0c00000 rw-p 00000000 00:00 0 
a11maps ffffb0c00000-ffffb1400000 rw-p 00000000 00:00 0 
a11maps ffffb1490000-ffffb161c000 r-xp 00000000 00:03 816                        /usr/lib/aarch64-linux-gnu/libc.so.6
a11maps ffffb161c000-ffffb162c000 ---p 0018c000 00:03 816                        /usr/lib/aarch64-linux-gnu/libc.so.6
a11maps ffffb162c000-ffffb1630000 r--p 0018c000 00:03 816                        /usr/lib/aarch64-linux-gnu/libc.so.6
a11maps ffffb1630000-ffffb1632000 rw-p 00190000 00:03 816                        /usr/lib/aarch64-linux-gnu/libc.so.6
a11maps ffffb1632000-ffffb163f000 rw-p 00000000 00:00 0 
a11maps ffffb1640000-ffffb16c2000 r-xp 00000000 00:03 863                        /usr/lib/aarch64-linux-gnu/libm.so.6
a11maps ffffb16c2000-ffffb16df000 ---p 00082000 00:03 863                        /usr/lib/aarch64-linux-gnu/libm.so.6
a11maps ffffb16df000-ffffb16e0000 r--p 0008f000 00:03 863                        /usr/lib/aarch64-linux-gnu/libm.so.6
a11maps ffffb16e0000-ffffb16e1000 rw-p 00090000 00:03 863                        /usr/lib/aarch64-linux-gnu/libm.so.6
a11maps ffffb16ee000-ffffb1715000 r-xp 00000000 00:03 796                        /usr/lib/aarch64-linux-gnu/ld-linux-aarch64.so.1
a11maps ffffb171f000-ffffb1723000 rw-p 00000000 00:00 0 
a11maps ffffb1725000-ffffb1727000 rw-p 00000000 00:00 0 
a11maps ffffb1727000-ffffb172b000 r--p 00000000 00:00 0                          [vvar]
a11maps ffffb172b000-ffffb172c000 r-xp 00000000 00:00 0                          [vdso]
a11maps ffffb172c000-ffffb172e000 r--p 0002e000 00:03 796                        /usr/lib/aarch64-linux-gnu/ld-linux-aarch64.so.1
a11maps ffffb172e000-ffffb1730000 rw-p 00030000 00:03 796                        /usr/lib/aarch64-linux-gnu/ld-linux-aarch64.so.1
a11maps fffffcbb4000-fffffcbd5000 rw-p 00000000 00:00 0                          [stack]
a11 point=off pass=1 test=set requests=200000 rps=235849.06 hook_calls=0 syscalls_in_kernel=0 fragment_entries=0 fpsimd_entries=0 fpsimd_restores=0 chains=0 chain_cap=0 exit_svc=0 exit_bl=0 exit_blr=0 exit_br=0 exit_ret=0 exit_mem=0 exit_unsupported=0 exit_budget=0 run_declined=0 ibtc_insert=0 ibtc_replace=0 ibtc_clear=0 ibtc_fpsimd_boundary=0 ibtc_miss_cold=0 ibtc_miss_conflict=0 ibtc_miss_other=0 fpsimd_run_max_ns=988000 miss_residual=0
a11slots point=off pass=1 test=set # table all conflicts 0 slots 0 top32 0
a11slots point=off pass=1 test=set # table nofp conflicts 0 slots 0 top32 0
a11 point=off pass=1 test=get requests=200000 rps=222965.44 hook_calls=0 syscalls_in_kernel=0 fragment_entries=0 fpsimd_entries=0 fpsimd_restores=0 chains=0 chain_cap=0 exit_svc=0 exit_bl=0 exit_blr=0 exit_br=0 exit_ret=0 exit_mem=0 exit_unsupported=0 exit_budget=0 run_declined=0 ibtc_insert=0 ibtc_replace=0 ibtc_clear=0 ibtc_fpsimd_boundary=0 ibtc_miss_cold=0 ibtc_miss_conflict=0 ibtc_miss_other=0 fpsimd_run_max_ns=988000 miss_residual=0
a11slots point=off pass=1 test=get # table all conflicts 0 slots 0 top32 0
a11slots point=off pass=1 test=get # table nofp conflicts 0 slots 0 top32 0
a11 point=1024 pass=1 test=set requests=200000 rps=136147.05 hook_calls=408889 syscalls_in_kernel=384573 fragment_entries=607297 fpsimd_entries=198949 fpsimd_restores=0 chains=199213 chain_cap=0 exit_svc=384573 exit_bl=6902 exit_blr=858 exit_br=199590 exit_ret=9956 exit_mem=3 exit_unsupported=5415 exit_budget=0 run_declined=11 ibtc_insert=572 ibtc_replace=35 ibtc_clear=0 ibtc_fpsimd_boundary=198941 ibtc_miss_cold=17260 ibtc_miss_conflict=1105 ibtc_miss_other=0 fpsimd_run_max_ns=988000 miss_residual=0
a11slots point=1024 pass=1 test=set # table all conflicts 1026 slots 16 top32 1026
a11slots point=1024 pass=1 test=set all 357 65 0xaaaac6928594 0xaaaac68b4594
a11slots point=1024 pass=1 test=set all 2452 65 0xaaaac697a650 0xaaaac693e650
a11slots point=1024 pass=1 test=set all 257 64 0xaaaac68b0404 0xaaaac68b4404
a11slots point=1024 pass=1 test=set all 453 64 0xaaaac68dc714 0xaaaac69b4714
a11slots point=1024 pass=1 test=set all 883 64 0xaaaac68acdcc 0xaaaac68f0dcc
a11slots point=1024 pass=1 test=set all 928 64 0xaaaac68d8e80 0xaaaac68f0e80
a11slots point=1024 pass=1 test=set all 1116 64 0xaaaac68b9170 0xaaaac68c5170
a11slots point=1024 pass=1 test=set all 1472 64 0xaaaac68b9700 0xaaaac68cd700
a11slots point=1024 pass=1 test=set all 1616 64 0xaaaac68dd940 0xaaaac68d9940
a11slots point=1024 pass=1 test=set all 1684 64 0xaaaac68dda50 0xaaaac68cda50
a11slots point=1024 pass=1 test=set all 1756 64 0xaaaac68c5b70 0xaaaac68cdb70
a11slots point=1024 pass=1 test=set all 1766 64 0xaaaac69adb98 0xaaaac68cdb98
a11slots point=1024 pass=1 test=set all 1804 64 0xaaaac68cdc30 0xffffb156dc30
a11slots point=1024 pass=1 test=set all 1813 64 0xaaaac69adc54 0xaaaac68ddc54
a11slots point=1024 pass=1 test=set all 2364 64 0xaaaac69ae4f0 0xaaaac68de4f0
a11slots point=1024 pass=1 test=set all 3164 64 0xaaaac68bb170 0xaaaac68d7170
a11slots point=1024 pass=1 test=set # table nofp conflicts 79 slots 15 top32 79
a11slots point=1024 pass=1 test=set nofp 236 65 0xaaaac68b03b0 0xaaaac68cc3b0
a11slots point=1024 pass=1 test=set nofp 257 1 0xaaaac68b0404 0xaaaac68b4404
a11slots point=1024 pass=1 test=set nofp 453 1 0xaaaac68dc714 0xaaaac69b4714
a11slots point=1024 pass=1 test=set nofp 883 1 0xaaaac68acdcc 0xaaaac68f0dcc
a11slots point=1024 pass=1 test=set nofp 928 1 0xaaaac68d8e80 0xaaaac68f0e80
a11slots point=1024 pass=1 test=set nofp 1116 1 0xaaaac68b9170 0xaaaac68c5170
a11slots point=1024 pass=1 test=set nofp 1472 1 0xaaaac68b9700 0xaaaac68cd700
a11slots point=1024 pass=1 test=set nofp 1616 1 0xaaaac68dd940 0xaaaac68d9940
a11slots point=1024 pass=1 test=set nofp 1684 1 0xaaaac68dda50 0xaaaac68cda50
a11slots point=1024 pass=1 test=set nofp 1756 1 0xaaaac68c5b70 0xaaaac68cdb70
a11slots point=1024 pass=1 test=set nofp 1766 1 0xaaaac69adb98 0xaaaac68cdb98
a11slots point=1024 pass=1 test=set nofp 1804 1 0xaaaac68cdc30 0xffffb156dc30
a11slots point=1024 pass=1 test=set nofp 1813 1 0xaaaac69adc54 0xaaaac68ddc54
a11slots point=1024 pass=1 test=set nofp 2364 1 0xaaaac69ae4f0 0xaaaac68de4f0
a11slots point=1024 pass=1 test=set nofp 3164 1 0xaaaac68bb170 0xaaaac68d7170
a11 point=1024 pass=1 test=get requests=200000 rps=158982.52 hook_calls=408849 syscalls_in_kernel=398643 fragment_entries=608314 fpsimd_entries=200006 fpsimd_restores=0 chains=200021 chain_cap=0 exit_svc=398643 exit_bl=836 exit_blr=93 exit_br=200002 exit_ret=920 exit_mem=1 exit_unsupported=7819 exit_budget=0 run_declined=24 ibtc_insert=36 ibtc_replace=3 ibtc_clear=0 ibtc_fpsimd_boundary=200003 ibtc_miss_cold=1667 ibtc_miss_conflict=181 ibtc_miss_other=0 fpsimd_run_max_ns=988000 miss_residual=0
a11slots point=1024 pass=1 test=get # table all conflicts 128 slots 2 top32 128
a11slots point=1024 pass=1 test=get all 1600 64 0xaaaac68d1900 0xaaaac68cd900
a11slots point=1024 pass=1 test=get all 1622 64 0xaaaac68d1958 0xaaaac68cd958
a11slots point=1024 pass=1 test=get # table nofp conflicts 53 slots 3 top32 53
a11slots point=1024 pass=1 test=get nofp 1345 51 0xaaaac68b1504 0xaaaac68b9504
a11slots point=1024 pass=1 test=get nofp 1600 1 0xaaaac68d1900 0xaaaac68cd900
a11slots point=1024 pass=1 test=get nofp 1622 1 0xaaaac68d1958 0xaaaac68cd958
a11 point=off pass=2 test=set requests=200000 rps=220750.55 hook_calls=0 syscalls_in_kernel=0 fragment_entries=0 fpsimd_entries=0 fpsimd_restores=0 chains=0 chain_cap=0 exit_svc=0 exit_bl=0 exit_blr=0 exit_br=0 exit_ret=0 exit_mem=0 exit_unsupported=0 exit_budget=0 run_declined=0 ibtc_insert=0 ibtc_replace=0 ibtc_clear=0 ibtc_fpsimd_boundary=0 ibtc_miss_cold=0 ibtc_miss_conflict=0 ibtc_miss_other=0 fpsimd_run_max_ns=988000 miss_residual=0
a11slots point=off pass=2 test=set # table all conflicts 0 slots 0 top32 0
a11slots point=off pass=2 test=set # table nofp conflicts 0 slots 0 top32 0
a11 point=off pass=2 test=get requests=200000 rps=241254.53 hook_calls=0 syscalls_in_kernel=0 fragment_entries=0 fpsimd_entries=0 fpsimd_restores=0 chains=0 chain_cap=0 exit_svc=0 exit_bl=0 exit_blr=0 exit_br=0 exit_ret=0 exit_mem=0 exit_unsupported=0 exit_budget=0 run_declined=0 ibtc_insert=0 ibtc_replace=0 ibtc_clear=0 ibtc_fpsimd_boundary=0 ibtc_miss_cold=0 ibtc_miss_conflict=0 ibtc_miss_other=0 fpsimd_run_max_ns=988000 miss_residual=0
a11slots point=off pass=2 test=get # table all conflicts 0 slots 0 top32 0
a11slots point=off pass=2 test=get # table nofp conflicts 0 slots 0 top32 0
a11 point=1024 pass=2 test=set requests=200000 rps=141242.94 hook_calls=408691 syscalls_in_kernel=399717 fragment_entries=608136 fpsimd_entries=200001 fpsimd_restores=0 chains=200001 chain_cap=0 exit_svc=399718 exit_bl=429 exit_blr=25 exit_br=200001 exit_ret=271 exit_mem=0 exit_unsupported=7692 exit_budget=0 run_declined=19 ibtc_insert=0 ibtc_replace=0 ibtc_clear=0 ibtc_fpsimd_boundary=200001 ibtc_miss_cold=674 ibtc_miss_conflict=51 ibtc_miss_other=0 fpsimd_run_max_ns=988000 miss_residual=0
a11slots point=1024 pass=2 test=set # table all conflicts 0 slots 0 top32 0
a11slots point=1024 pass=2 test=set # table nofp conflicts 51 slots 1 top32 51
a11slots point=1024 pass=2 test=set nofp 1345 51 0xaaaac68b1504 0xaaaac68b9504
a11 point=1024 pass=2 test=get requests=200000 rps=157604.41 hook_calls=408836 syscalls_in_kernel=399723 fragment_entries=608282 fpsimd_entries=200001 fpsimd_restores=0 chains=200001 chain_cap=0 exit_svc=399723 exit_bl=400 exit_blr=26 exit_br=200001 exit_ret=269 exit_mem=2 exit_unsupported=7861 exit_budget=0 run_declined=22 ibtc_insert=0 ibtc_replace=0 ibtc_clear=0 ibtc_fpsimd_boundary=200001 ibtc_miss_cold=644 ibtc_miss_conflict=51 ibtc_miss_other=0 fpsimd_run_max_ns=1050833 miss_residual=0
a11slots point=1024 pass=2 test=get # table all conflicts 0 slots 0 top32 0
a11slots point=1024 pass=2 test=get # table nofp conflicts 51 slots 1 top32 51
a11slots point=1024 pass=2 test=get nofp 1345 51 0xaaaac68b1504 0xaaaac68b9504
a11 point=off pass=3 test=set requests=200000 rps=228832.95 hook_calls=0 syscalls_in_kernel=0 fragment_entries=0 fpsimd_entries=0 fpsimd_restores=0 chains=0 chain_cap=0 exit_svc=0 exit_bl=0 exit_blr=0 exit_br=0 exit_ret=0 exit_mem=0 exit_unsupported=0 exit_budget=0 run_declined=0 ibtc_insert=0 ibtc_replace=0 ibtc_clear=0 ibtc_fpsimd_boundary=0 ibtc_miss_cold=0 ibtc_miss_conflict=0 ibtc_miss_other=0 fpsimd_run_max_ns=1050833 miss_residual=0
a11slots point=off pass=3 test=set # table all conflicts 0 slots 0 top32 0
a11slots point=off pass=3 test=set # table nofp conflicts 0 slots 0 top32 0
a11 point=off pass=3 test=get requests=200000 rps=198609.73 hook_calls=0 syscalls_in_kernel=0 fragment_entries=0 fpsimd_entries=0 fpsimd_restores=0 chains=0 chain_cap=0 exit_svc=0 exit_bl=0 exit_blr=0 exit_br=0 exit_ret=0 exit_mem=0 exit_unsupported=0 exit_budget=0 run_declined=0 ibtc_insert=0 ibtc_replace=0 ibtc_clear=0 ibtc_fpsimd_boundary=0 ibtc_miss_cold=0 ibtc_miss_conflict=0 ibtc_miss_other=0 fpsimd_run_max_ns=1050833 miss_residual=0
a11slots point=off pass=3 test=get # table all conflicts 0 slots 0 top32 0
a11slots point=off pass=3 test=get # table nofp conflicts 0 slots 0 top32 0
a11 point=1024 pass=3 test=set requests=200000 rps=140056.03 hook_calls=408722 syscalls_in_kernel=399677 fragment_entries=608169 fpsimd_entries=200001 fpsimd_restores=0 chains=200001 chain_cap=0 exit_svc=399677 exit_bl=461 exit_blr=24 exit_br=200001 exit_ret=270 exit_mem=1 exit_unsupported=7735 exit_budget=0 run_declined=17 ibtc_insert=0 ibtc_replace=0 ibtc_clear=0 ibtc_fpsimd_boundary=200001 ibtc_miss_cold=704 ibtc_miss_conflict=51 ibtc_miss_other=0 fpsimd_run_max_ns=1050833 miss_residual=0
a11slots point=1024 pass=3 test=set # table all conflicts 0 slots 0 top32 0
a11slots point=1024 pass=3 test=set # table nofp conflicts 51 slots 1 top32 51
a11slots point=1024 pass=3 test=set nofp 1345 51 0xaaaac68b1504 0xaaaac68b9504
a11 point=1024 pass=3 test=get requests=200000 rps=152091.25 hook_calls=409048 syscalls_in_kernel=399703 fragment_entries=608502 fpsimd_entries=200001 fpsimd_restores=0 chains=200001 chain_cap=0 exit_svc=399703 exit_bl=417 exit_blr=19 exit_br=200001 exit_ret=269 exit_mem=8 exit_unsupported=8085 exit_budget=0 run_declined=13 ibtc_insert=0 ibtc_replace=0 ibtc_clear=0 ibtc_fpsimd_boundary=200001 ibtc_miss_cold=654 ibtc_miss_conflict=51 ibtc_miss_other=0 fpsimd_run_max_ns=1050833 miss_residual=0
a11slots point=1024 pass=3 test=get # table all conflicts 0 slots 0 top32 0
a11slots point=1024 pass=3 test=get # table nofp conflicts 51 slots 1 top32 51
a11slots point=1024 pass=3 test=get nofp 1345 51 0xaaaac68b1504 0xaaaac68b9504
a11maps-end aaaac6840000-aaaac6a90000 r-xp 00000000 00:03 4263                       /opt/redis/src/redis-server
a11maps-end aaaac6a99000-aaaac6aa0000 r--p 00259000 00:03 4263                       /opt/redis/src/redis-server
a11maps-end aaaac6aa0000-aaaac6af9000 rw-p 00260000 00:03 4263                       /opt/redis/src/redis-server
a11maps-end aaaac6af9000-aaaac6d2c000 rw-p 00000000 00:00 0 
a11maps-end aaaacac37000-aaaacac58000 rw-p 00000000 00:00 0                          [heap]
a11maps-end ffffae940000-ffffaebc0000 rw-p 00000000 00:00 0 
a11maps-end ffffaebc0000-ffffaebd0000 ---p 00000000 00:00 0 
a11maps-end ffffaebd0000-ffffaf3d0000 rw-p 00000000 00:00 0 
a11maps-end ffffaf3d0000-ffffaf3e0000 ---p 00000000 00:00 0 
a11maps-end ffffaf3e0000-ffffafbe0000 rw-p 00000000 00:00 0 
a11maps-end ffffafbe0000-ffffafbf0000 ---p 00000000 00:00 0 
a11maps-end ffffafbf0000-ffffb03f0000 rw-p 00000000 00:00 0 
a11maps-end ffffb03f0000-ffffb0400000 ---p 00000000 00:00 0 
a11maps-end ffffb0400000-ffffb0c00000 rw-p 00000000 00:00 0 
a11maps-end ffffb0c00000-ffffb1400000 rw-p 00000000 00:00 0 
a11maps-end ffffb1490000-ffffb161c000 r-xp 00000000 00:03 816                        /usr/lib/aarch64-linux-gnu/libc.so.6
a11maps-end ffffb161c000-ffffb162c000 ---p 0018c000 00:03 816                        /usr/lib/aarch64-linux-gnu/libc.so.6
a11maps-end ffffb162c000-ffffb1630000 r--p 0018c000 00:03 816                        /usr/lib/aarch64-linux-gnu/libc.so.6
a11maps-end ffffb1630000-ffffb1632000 rw-p 00190000 00:03 816                        /usr/lib/aarch64-linux-gnu/libc.so.6
a11maps-end ffffb1632000-ffffb163f000 rw-p 00000000 00:00 0 
a11maps-end ffffb1640000-ffffb16c2000 r-xp 00000000 00:03 863                        /usr/lib/aarch64-linux-gnu/libm.so.6
a11maps-end ffffb16c2000-ffffb16df000 ---p 00082000 00:03 863                        /usr/lib/aarch64-linux-gnu/libm.so.6
a11maps-end ffffb16df000-ffffb16e0000 r--p 0008f000 00:03 863                        /usr/lib/aarch64-linux-gnu/libm.so.6
a11maps-end ffffb16e0000-ffffb16e1000 rw-p 00090000 00:03 863                        /usr/lib/aarch64-linux-gnu/libm.so.6
a11maps-end ffffb16ee000-ffffb1715000 r-xp 00000000 00:03 796                        /usr/lib/aarch64-linux-gnu/ld-linux-aarch64.so.1
a11maps-end ffffb171f000-ffffb1723000 rw-p 00000000 00:00 0 
a11maps-end ffffb1725000-ffffb1727000 rw-p 00000000 00:00 0 
a11maps-end ffffb1727000-ffffb172b000 r--p 00000000 00:00 0                          [vvar]
a11maps-end ffffb172b000-ffffb172c000 r-xp 00000000 00:00 0                          [vdso]
a11maps-end ffffb172c000-ffffb172e000 r--p 0002e000 00:03 796                        /usr/lib/aarch64-linux-gnu/ld-linux-aarch64.so.1
a11maps-end ffffb172e000-ffffb1730000 rw-p 00030000 00:03 796                        /usr/lib/aarch64-linux-gnu/ld-linux-aarch64.so.1
a11maps-end fffffcbb4000-fffffcbd5000 rw-p 00000000 00:00 0                          [stack]
a11: done
[   34.854969] kjit: 0 of 295 translation requests still queued at unload (freed by the kernel)
[   34.871501] rust_kjit: ######## Rust KJIT exits ########
kjit-init: rmmod kjit ok
kjit-init: run exit=0
[   34.900784] reboot: Power down
guest-run: PASS (/Volumes/Local/kjit-a4b2/build/runs/meas-v4-20261009-025643/serial.log)
grun: rc=0 run_dir=/Volumes/Local/kjit-a4b2/build/runs/meas-v4-20261009-025643
