[    0.000000] Booting Linux on physical CPU 0x0000000000 [0x610f0000]
[    0.000000] Linux version 7.1.0-rc1 (@6906d107117b) (Ubuntu clang version 18.1.3 (1ubuntu1), Ubuntu LLD 18.1.3) #1 SMP PREEMPT Fri Oct  2 08:37:58 UTC 2026
[    0.000000] random: crng init done
[    0.000000] Machine model: linux,dummy-virt
[    0.000000] OF: reserved mem: Reserved memory: No reserved-memory node in the DT
[    0.000000] psci: probing for conduit method from DT.
[    0.000000] psci: PSCIv1.1 detected in firmware.
[    0.000000] psci: Using standard PSCI v0.2 function IDs
[    0.000000] psci: Trusted OS migration not required
[    0.000000] psci: SMC Calling Convention v1.0
[    0.000000] Zone ranges:
[    0.000000]   Normal   [mem 0x0000000040000000-0x000000013fffffff]
[    0.000000] Movable zone start for each node
[    0.000000] Early memory node ranges
[    0.000000]   node   0: [mem 0x0000000040000000-0x000000013fffffff]
[    0.000000] Initmem setup node 0 [mem 0x0000000040000000-0x000000013fffffff]
[    0.000000] percpu: Embedded 19 pages/cpu s38488 r8192 d31144 u77824
[    0.000000] Detected PIPT I-cache on CPU0
[    0.000000] CPU features: detected: Address authentication (IMP DEF algorithm)
[    0.000000] CPU features: detected: Spectre-v4
[    0.000000] CPU features: detected: Spectre-BHB
[    0.000000] alternatives: applying boot alternatives
[    0.000000] Kernel command line: console=ttyAMA0 panic=-1 nokaslr
[    0.000000] Unknown kernel command line parameters "nokaslr", will be passed to user space.
[    0.000000] printk: log buffer data + meta data: 131072 + 458752 = 589824 bytes
[    0.000000] Dentry cache hash table entries: 524288 (order: 10, 4194304 bytes, linear)
[    0.000000] Inode-cache hash table entries: 262144 (order: 9, 2097152 bytes, linear)
[    0.000000] software IO TLB: SWIOTLB bounce buffer size adjusted to 4MB
[    0.000000] software IO TLB: area num 4.
[    0.000000] software IO TLB: mapped [mem 0x000000013ac00000-0x000000013b000000] (4MB)
[    0.000000] Built 1 zonelists, mobility grouping on.  Total pages: 1048576
[    0.000000] mem auto-init: stack:all(zero), heap alloc:off, heap free:off
[    0.000000] SLUB: HWalign=64, Order=0-3, MinObjects=0, CPUs=4, Nodes=1
[    0.000000] rcu: Preemptible hierarchical RCU implementation.
[    0.000000] rcu: 	RCU restricting CPUs from NR_CPUS=512 to nr_cpu_ids=4.
[    0.000000] rcu: RCU calculated value of scheduler-enlistment delay is 25 jiffies.
[    0.000000] rcu: Adjusting geometry for rcu_fanout_leaf=16, nr_cpu_ids=4
[    0.000000] NR_IRQS: 64, nr_irqs: 64, preallocated irqs: 0
[    0.000000] Root IRQ handler: gic_handle_irq
[    0.000000] GICv2m: range[mem 0x08020000-0x08020fff], SPI[80:143]
[    0.000000] rcu: srcu_init: Setting srcu_struct sizes based on contention.
[    0.000000] arch_timer: cp15 timer running at 24.00MHz (virt).
[    0.000000] clocksource: arch_sys_counter: mask: 0xffffffffffffff max_cycles: 0x588fe9dc0, max_idle_ns: 440795202592 ns
[    0.000000] sched_clock: 56 bits at 24MHz, resolution 41ns, wraps every 4398046511097ns
[    0.000102] Console: colour dummy device 80x25
[    0.000108] Calibrating delay loop (skipped), value calculated using timer frequency.. 48.00 BogoMIPS (lpj=96000)
[    0.000111] pid_max: default: 32768 minimum: 301
[    0.000233] Mount-cache hash table entries: 8192 (order: 4, 65536 bytes, linear)
[    0.000244] Mountpoint-cache hash table entries: 8192 (order: 4, 65536 bytes, linear)
[    0.000321] VFS: Finished mounting rootfs on nullfs
[    0.000464] cacheinfo: Unable to detect cache hierarchy for CPU 0
[    0.000582] rcu: Hierarchical SRCU implementation.
[    0.000583] rcu: 	Max phase no-delay instances is 1000.
[    0.000604] Timer migration: 1 hierarchy levels; 8 children per group; 1 crossnode level
[    0.000641] smp: Bringing up secondary CPUs ...
[    0.000854] Detected PIPT I-cache on CPU1
[    0.000953] CPU1: Booted secondary processor 0x0000000001 [0x610f0000]
[    0.001269] Detected PIPT I-cache on CPU2
[    0.001366] CPU2: Booted secondary processor 0x0000000002 [0x610f0000]
[    0.001588] Detected PIPT I-cache on CPU3
[    0.001692] CPU3: Booted secondary processor 0x0000000003 [0x610f0000]
[    0.001781] smp: Brought up 1 node, 4 CPUs
[    0.001783] SMP: Total of 4 processors activated.
[    0.001783] CPU: All CPU(s) started at EL1
[    0.001784] CPU features: detected: ARMv8.4 Translation Table Level
[    0.001784] CPU features: detected: Data cache clean to the PoU not required for I/D coherence
[    0.001785] CPU features: detected: CRC32 instructions
[    0.001785] CPU features: detected: Data independent timing control (DIT)
[    0.001786] CPU features: detected: E0PD
[    0.001787] CPU features: detected: Generic authentication (IMP DEF algorithm)
[    0.001787] CPU features: detected: RCpc load-acquire (LDAPR)
[    0.001787] CPU features: detected: LSE atomic instructions
[    0.001788] CPU features: detected: Privileged Access Never
[    0.001788] CPU features: detected: Speculation barrier (SB)
[    0.001788] CPU features: detected: TLB range maintenance instructions
[    0.001789] CPU features: detected: XNX
[    0.001874] alternatives: applying system-wide alternatives
[    0.002723] Memory: 3934216K/4194304K available (5248K kernel code, 754K rwdata, 2356K rodata, 576K init, 405K bss, 256908K reserved, 0K cma-reserved)
[    0.002962] devtmpfs: initialized
[    0.003208] clocksource: jiffies: mask: 0xffffffff max_cycles: 0xffffffff, max_idle_ns: 7645041785100000 ns
[    0.003211] posixtimers hash table entries: 2048 (order: 3, 32768 bytes, linear)
[    0.003227] futex hash table entries: 1024 (65536 bytes on 1 NUMA nodes, total 64 KiB, linear).
[    0.003232] 30384 pages in range for non-PLT usage
[    0.003232] 521904 pages in range for PLT usage
[    0.003284] NET: Registered PF_NETLINK/PF_ROUTE protocol family
[    0.003587] DMA: preallocated 512 KiB GFP_KERNEL pool for atomic allocations
[    0.003623] ASID allocator initialised with 256 entries
[    0.003630] Serial: AMBA PL011 UART driver
[    0.003974] 9000000.pl011: ttyAMA0 at MMIO 0x9000000 (irq = 13, base_baud = 0) is a PL011 rev1
[    0.004227] printk: console [ttyAMA0] enabled
[    0.010096] vgaarb: loaded
[    0.010444] clocksource: Switched to clocksource arch_sys_counter
[    0.021426] NET: Registered PF_INET protocol family
[    0.021514] IP idents hash table entries: 65536 (order: 7, 524288 bytes, linear)
[    0.021934] tcp_listen_portaddr_hash hash table entries: 2048 (order: 3, 32768 bytes, linear)
[    0.021940] Table-perturb hash table entries: 65536 (order: 6, 262144 bytes, linear)
[    0.021943] TCP established hash table entries: 32768 (order: 6, 262144 bytes, linear)
[    0.021997] TCP bind hash table entries: 32768 (order: 8, 1048576 bytes, linear)
[    0.022248] TCP: Hash tables configured (established 32768 bind 32768)
[    0.022283] UDP hash table entries: 2048 (order: 5, 131072 bytes, linear)
[    0.022327] NET: Registered PF_UNIX/PF_LOCAL protocol family
[    0.022336] PCI: CLS 0 bytes, default 64
[    0.022695] Unpacking initramfs...
[    0.031070] workingset: timestamp_bits=46 (anon: 42) max_order=20 bucket_order=0 (anon: 0)
[    0.031306] 9p: Installing v9fs 9p2000 file system support
[    0.032147] pci-host-generic 4010000000.pcie: host bridge /pcie@10000000 ranges:
[    0.032154] pci-host-generic 4010000000.pcie:       IO 0x003eff0000..0x003effffff -> 0x0000000000
[    0.032156] pci-host-generic 4010000000.pcie:      MEM 0x0010000000..0x003efeffff -> 0x0010000000
[    0.032157] pci-host-generic 4010000000.pcie:      MEM 0x8000000000..0xffffffffff -> 0x8000000000
[    0.032162] pci-host-generic 4010000000.pcie: Memory resource size exceeds max for 32 bits
[    0.032173] pci-host-generic 4010000000.pcie: ECAM at [mem 0x4010000000-0x401fffffff] for [bus 00-ff]
[    0.032191] pci-host-generic 4010000000.pcie: PCI host bridge to bus 0000:00
[    0.032192] pci_bus 0000:00: root bus resource [bus 00-ff]
[    0.032193] pci_bus 0000:00: root bus resource [io  0x0000-0xffff]
[    0.032194] pci_bus 0000:00: root bus resource [mem 0x10000000-0x3efeffff]
[    0.032194] pci_bus 0000:00: root bus resource [mem 0x8000000000-0xffffffffff]
[    0.032223] pci 0000:00:00.0: [1b36:0008] type 00 class 0x060000 conventional PCI endpoint
[    0.032419] pci 0000:00:01.0: [1af4:1000] type 00 class 0x020000 conventional PCI endpoint
[    0.032548] pci 0000:00:01.0: BAR 0 [io  0x0000-0x001f]
[    0.032551] pci 0000:00:01.0: BAR 1 [mem 0x00000000-0x00000fff]
[    0.032561] pci 0000:00:01.0: BAR 4 [mem 0x00000000-0x00003fff 64bit pref]
[    0.032566] pci 0000:00:01.0: ROM [mem 0x00000000-0x0003ffff pref]
[    0.032795] pci 0000:00:02.0: [1af4:1009] type 00 class 0x000200 conventional PCI endpoint
[    0.032881] pci 0000:00:02.0: BAR 0 [io  0x0000-0x003f]
[    0.032934] pci 0000:00:02.0: BAR 1 [mem 0x00000000-0x00000fff]
[    0.032941] pci 0000:00:02.0: BAR 4 [mem 0x00000000-0x00003fff 64bit pref]
[    0.033222] pci 0000:00:03.0: [1af4:1005] type 00 class 0x00ff00 conventional PCI endpoint
[    0.033383] pci 0000:00:03.0: BAR 0 [io  0x0000-0x001f]
[    0.033385] pci 0000:00:03.0: BAR 1 [mem 0x00000000-0x00000fff]
[    0.033391] pci 0000:00:03.0: BAR 4 [mem 0x00000000-0x00003fff 64bit pref]
[    0.033815] pci 0000:00:01.0: ROM [mem 0x10000000-0x1003ffff pref]: assigned
[    0.033817] pci 0000:00:01.0: BAR 4 [mem 0x8000000000-0x8000003fff 64bit pref]: assigned
[    0.033828] pci 0000:00:02.0: BAR 4 [mem 0x8000004000-0x8000007fff 64bit pref]: assigned
[    0.033838] pci 0000:00:03.0: BAR 4 [mem 0x8000008000-0x800000bfff 64bit pref]: assigned
[    0.033854] pci 0000:00:01.0: BAR 1 [mem 0x10040000-0x10040fff]: assigned
[    0.033857] pci 0000:00:02.0: BAR 1 [mem 0x10041000-0x10041fff]: assigned
[    0.033862] pci 0000:00:03.0: BAR 1 [mem 0x10042000-0x10042fff]: assigned
[    0.033870] pci 0000:00:02.0: BAR 0 [io  0x1000-0x103f]: assigned
[    0.033880] pci 0000:00:01.0: BAR 0 [io  0x1040-0x105f]: assigned
[    0.033884] pci 0000:00:03.0: BAR 0 [io  0x1060-0x107f]: assigned
[    0.033888] pci_bus 0000:00: resource 4 [io  0x0000-0xffff]
[    0.033889] pci_bus 0000:00: resource 5 [mem 0x10000000-0x3efeffff]
[    0.033889] pci_bus 0000:00: resource 6 [mem 0x8000000000-0xffffffffff]
[    0.034774] virtio-pci 0000:00:01.0: enabling device (0000 -> 0003)
[    0.035342] virtio-pci 0000:00:02.0: enabling device (0000 -> 0003)
[    0.036030] virtio-pci 0000:00:03.0: enabling device (0000 -> 0003)
[    0.091241] rtc-pl031 9010000.pl031: registered as rtc0
[    0.091270] rtc-pl031 9010000.pl031: setting system clock to 2026-10-08T18:53:31 UTC (1791485611)
[    0.091584] NET: Registered PF_INET6 protocol family
[    0.091958] Segment Routing with IPv6
[    0.091961] In-situ OAM (IOAM) with IPv6
[    0.091981] sit: IPv6, IPv4 and MPLS over IPv4 tunneling driver
[    0.092041] NET: Registered PF_PACKET protocol family
[    0.092047] 9pnet: Installing 9P2000 support
[    0.097098] clk: Disabling unused clocks
[    0.128595] Freeing initrd memory: 161888K
[    0.129088] Freeing unused kernel memory: 576K
[    0.129189] Run /init as init process
[    0.147110] kjit: loading out-of-tree module taints kernel.
[    0.148039] rust_kjit: ######## Rust KJIT inits ########
[    0.148061] rust_kjit: kjit: dispatch variant 3
[    0.148107] rust_kjit: golden tests/arm64/toy_cfg.s:hot_svc_mark translated for dispatch variant 3; byte comparison skipped (reference is variant 0)
kjit-init: insmod kjit.ko ok
meas: variant=3
rep 0 variant=gpr enabled=0 outer=200000 calls=16 ns_per_outer=146.7 ns_per_call=9.17
rep 1 variant=gpr enabled=0 outer=200000 calls=16 ns_per_outer=144.2 ns_per_call=9.01
rep 2 variant=gpr enabled=0 outer=200000 calls=16 ns_per_outer=143.6 ns_per_call=8.98
rep 3 variant=gpr enabled=0 outer=200000 calls=16 ns_per_outer=145.0 ns_per_call=9.06
rep 4 variant=gpr enabled=0 outer=200000 calls=16 ns_per_outer=141.6 ns_per_call=8.85
rep 5 variant=gpr enabled=0 outer=200000 calls=16 ns_per_outer=142.9 ns_per_call=8.93
rep 6 variant=gpr enabled=0 outer=200000 calls=16 ns_per_outer=145.5 ns_per_call=9.09
result variant=gpr enabled=0 outer=200000 calls=16 reps=7 median_ns_per_outer=144.2 median_ns_per_call=9.01 min_ns_per_call=8.85 acc=25600000
[    0.401735] kjit: translate_svc_sites pid 69: 2 text ranges, 111 svc sites
[    0.402343] rust_kjit: kjit: pc 0x400fe8: installed 524 bytes, 0 fault sites, 2 entries, text 0x400fe8..0x400ff0, fpsimd false
[    0.403007] rust_kjit: kjit: pc 0x400fcc: installed 1088 bytes, 1 fault sites, 11 entries, text 0x400fbc..0x400fe8, fpsimd false
rep 0 variant=gpr enabled=1 outer=20000 calls=16 ns_per_outer=151.3 ns_per_call=9.46
rep 1 variant=gpr enabled=1 outer=20000 calls=16 ns_per_outer=152.0 ns_per_call=9.50
rep 2 variant=gpr enabled=1 outer=20000 calls=16 ns_per_outer=148.7 ns_per_call=9.29
rep 3 variant=gpr enabled=1 outer=20000 calls=16 ns_per_outer=149.7 ns_per_call=9.36
rep 4 variant=gpr enabled=1 outer=20000 calls=16 ns_per_outer=150.5 ns_per_call=9.41
rep 5 variant=gpr enabled=1 outer=20000 calls=16 ns_per_outer=146.8 ns_per_call=9.18
rep 6 variant=gpr enabled=1 outer=20000 calls=16 ns_per_outer=144.2 ns_per_call=9.01
result variant=gpr enabled=1 outer=20000 calls=16 reps=7 median_ns_per_outer=149.7 median_ns_per_call=9.36 min_ns_per_call=9.01 acc=2560000
counters variant=gpr timed_outer=140000 hook_calls=140045 syscalls_in_kernel=139965 fragment_entries=140045 fpsimd_entries=1 fpsimd_restores=0 chains=0 chain_cap=0 exit_svc=139965 exit_bl=0 exit_blr=0 exit_br=0 exit_ret=80 exit_mem=0 exit_unsupported=0 exit_budget=0 run_declined=0
rep 0 variant=fp enabled=0 outer=200000 calls=16 ns_per_outer=181.5 ns_per_call=11.35
rep 1 variant=fp enabled=0 outer=200000 calls=16 ns_per_outer=176.9 ns_per_call=11.05
rep 2 variant=fp enabled=0 outer=200000 calls=16 ns_per_outer=177.5 ns_per_call=11.10
rep 3 variant=fp enabled=0 outer=200000 calls=16 ns_per_outer=181.7 ns_per_call=11.36
rep 4 variant=fp enabled=0 outer=200000 calls=16 ns_per_outer=177.9 ns_per_call=11.12
rep 5 variant=fp enabled=0 outer=200000 calls=16 ns_per_outer=179.0 ns_per_call=11.19
rep 6 variant=fp enabled=0 outer=200000 calls=16 ns_per_outer=177.3 ns_per_call=11.08
result variant=fp enabled=0 outer=200000 calls=16 reps=7 median_ns_per_outer=177.9 median_ns_per_call=11.12 min_ns_per_call=11.05 acc=25600000
[    0.751325] kjit: translate_svc_sites pid 73: 2 text ranges, 111 svc sites
[    0.751720] rust_kjit: kjit: pc 0x401028: installed 532 bytes, 0 fault sites, 4 entries, text 0x401028..0x401038, fpsimd true
[    0.752210] rust_kjit: kjit: pc 0x40100c: installed 1088 bytes, 1 fault sites, 11 entries, text 0x400ffc..0x401028, fpsimd false
rep 0 variant=fp enabled=1 outer=20000 calls=16 ns_per_outer=219.6 ns_per_call=13.73
rep 1 variant=fp enabled=1 outer=20000 calls=16 ns_per_outer=227.9 ns_per_call=14.25
rep 2 variant=fp enabled=1 outer=20000 calls=16 ns_per_outer=219.6 ns_per_call=13.72
rep 3 variant=fp enabled=1 outer=20000 calls=16 ns_per_outer=232.5 ns_per_call=14.53
rep 4 variant=fp enabled=1 outer=20000 calls=16 ns_per_outer=225.5 ns_per_call=14.10
rep 5 variant=fp enabled=1 outer=20000 calls=16 ns_per_outer=225.4 ns_per_call=14.09
rep 6 variant=fp enabled=1 outer=20000 calls=16 ns_per_outer=230.4 ns_per_call=14.40
result variant=fp enabled=1 outer=20000 calls=16 reps=7 median_ns_per_outer=225.5 median_ns_per_call=14.10 min_ns_per_call=13.72 acc=2560000
counters variant=fp timed_outer=140000 hook_calls=140045 syscalls_in_kernel=139965 fragment_entries=280017 fpsimd_entries=139973 fpsimd_restores=0 chains=139972 chain_cap=0 exit_svc=139965 exit_bl=139972 exit_blr=0 exit_br=0 exit_ret=80 exit_mem=0 exit_unsupported=0 exit_budget=0 run_declined=0
rep 0 variant=gpr enabled=0 outer=200000 calls=128 ns_per_outer=260.2 ns_per_call=2.03
rep 1 variant=gpr enabled=0 outer=200000 calls=128 ns_per_outer=258.9 ns_per_call=2.02
rep 2 variant=gpr enabled=0 outer=200000 calls=128 ns_per_outer=257.8 ns_per_call=2.01
rep 3 variant=gpr enabled=0 outer=200000 calls=128 ns_per_outer=260.7 ns_per_call=2.04
rep 4 variant=gpr enabled=0 outer=200000 calls=128 ns_per_outer=258.6 ns_per_call=2.02
rep 5 variant=gpr enabled=0 outer=200000 calls=128 ns_per_outer=259.2 ns_per_call=2.02
rep 6 variant=gpr enabled=0 outer=200000 calls=128 ns_per_outer=254.7 ns_per_call=1.99
result variant=gpr enabled=0 outer=200000 calls=128 reps=7 median_ns_per_outer=258.9 median_ns_per_call=2.02 min_ns_per_call=1.99 acc=204800000
[    1.241547] kjit: translate_svc_sites pid 76: 2 text ranges, 111 svc sites
[    1.242565] rust_kjit: kjit: pc 0x400fe8: installed 524 bytes, 0 fault sites, 2 entries, text 0x400fe8..0x400ff0, fpsimd false
[    1.243061] rust_kjit: kjit: pc 0x400fcc: installed 1088 bytes, 1 fault sites, 11 entries, text 0x400fbc..0x400fe8, fpsimd false
rep 0 variant=gpr enabled=1 outer=20000 calls=128 ns_per_outer=886.5 ns_per_call=6.93
rep 1 variant=gpr enabled=1 outer=20000 calls=128 ns_per_outer=857.7 ns_per_call=6.70
rep 2 variant=gpr enabled=1 outer=20000 calls=128 ns_per_outer=841.9 ns_per_call=6.58
rep 3 variant=gpr enabled=1 outer=20000 calls=128 ns_per_outer=855.8 ns_per_call=6.69
rep 4 variant=gpr enabled=1 outer=20000 calls=128 ns_per_outer=879.9 ns_per_call=6.87
rep 5 variant=gpr enabled=1 outer=20000 calls=128 ns_per_outer=855.6 ns_per_call=6.68
rep 6 variant=gpr enabled=1 outer=20000 calls=128 ns_per_outer=863.5 ns_per_call=6.75
result variant=gpr enabled=1 outer=20000 calls=128 reps=7 median_ns_per_outer=857.7 median_ns_per_call=6.70 min_ns_per_call=6.58 acc=20480000
counters variant=gpr timed_outer=140000 hook_calls=140045 syscalls_in_kernel=139965 fragment_entries=140045 fpsimd_entries=1 fpsimd_restores=0 chains=0 chain_cap=0 exit_svc=139965 exit_bl=0 exit_blr=0 exit_br=0 exit_ret=80 exit_mem=0 exit_unsupported=0 exit_budget=0 run_declined=0
rep 0 variant=fp enabled=0 outer=200000 calls=128 ns_per_outer=543.3 ns_per_call=4.24
rep 1 variant=fp enabled=0 outer=200000 calls=128 ns_per_outer=542.9 ns_per_call=4.24
rep 2 variant=fp enabled=0 outer=200000 calls=128 ns_per_outer=541.5 ns_per_call=4.23
rep 3 variant=fp enabled=0 outer=200000 calls=128 ns_per_outer=536.6 ns_per_call=4.19
rep 4 variant=fp enabled=0 outer=200000 calls=128 ns_per_outer=538.0 ns_per_call=4.20
rep 5 variant=fp enabled=0 outer=200000 calls=128 ns_per_outer=537.6 ns_per_call=4.20
rep 6 variant=fp enabled=0 outer=200000 calls=128 ns_per_outer=545.6 ns_per_call=4.26
result variant=fp enabled=0 outer=200000 calls=128 reps=7 median_ns_per_outer=541.5 median_ns_per_call=4.23 min_ns_per_call=4.19 acc=204800000
[    2.285015] kjit: translate_svc_sites pid 78: 2 text ranges, 111 svc sites
[    2.285924] rust_kjit: kjit: pc 0x401028: installed 532 bytes, 0 fault sites, 4 entries, text 0x401028..0x401038, fpsimd true
[    2.287010] rust_kjit: kjit: pc 0x40100c: installed 1088 bytes, 1 fault sites, 11 entries, text 0x400ffc..0x401028, fpsimd false
rep 0 variant=fp enabled=1 outer=20000 calls=128 ns_per_outer=918.8 ns_per_call=7.18
rep 1 variant=fp enabled=1 outer=20000 calls=128 ns_per_outer=930.9 ns_per_call=7.27
rep 2 variant=fp enabled=1 outer=20000 calls=128 ns_per_outer=915.7 ns_per_call=7.15
rep 3 variant=fp enabled=1 outer=20000 calls=128 ns_per_outer=909.9 ns_per_call=7.11
rep 4 variant=fp enabled=1 outer=20000 calls=128 ns_per_outer=950.9 ns_per_call=7.43
rep 5 variant=fp enabled=1 outer=20000 calls=128 ns_per_outer=959.8 ns_per_call=7.50
rep 6 variant=fp enabled=1 outer=20000 calls=128 ns_per_outer=927.3 ns_per_call=7.24
result variant=fp enabled=1 outer=20000 calls=128 reps=7 median_ns_per_outer=927.3 median_ns_per_call=7.24 min_ns_per_call=7.11 acc=20480000
counters variant=fp timed_outer=140000 hook_calls=140045 syscalls_in_kernel=139965 fragment_entries=280017 fpsimd_entries=139973 fpsimd_restores=0 chains=139972 chain_cap=0 exit_svc=139965 exit_bl=139972 exit_blr=0 exit_br=0 exit_ret=80 exit_mem=0 exit_unsupported=0 exit_budget=0 run_declined=0
rep 0 variant=gpr enabled=0 outer=200000 calls=256 ns_per_outer=379.7 ns_per_call=1.48
rep 1 variant=gpr enabled=0 outer=200000 calls=256 ns_per_outer=378.8 ns_per_call=1.48
rep 2 variant=gpr enabled=0 outer=200000 calls=256 ns_per_outer=382.8 ns_per_call=1.50
rep 3 variant=gpr enabled=0 outer=200000 calls=256 ns_per_outer=379.5 ns_per_call=1.48
rep 4 variant=gpr enabled=0 outer=200000 calls=256 ns_per_outer=377.1 ns_per_call=1.47
rep 5 variant=gpr enabled=0 outer=200000 calls=256 ns_per_outer=383.0 ns_per_call=1.50
rep 6 variant=gpr enabled=0 outer=200000 calls=256 ns_per_outer=381.4 ns_per_call=1.49
result variant=gpr enabled=0 outer=200000 calls=256 reps=7 median_ns_per_outer=379.7 median_ns_per_call=1.48 min_ns_per_call=1.47 acc=409600000
[    3.084054] kjit: translate_svc_sites pid 80: 2 text ranges, 111 svc sites
[    3.084426] rust_kjit: kjit: pc 0x400fe8: installed 524 bytes, 0 fault sites, 2 entries, text 0x400fe8..0x400ff0, fpsimd false
[    3.085474] rust_kjit: kjit: pc 0x400fcc: installed 1088 bytes, 1 fault sites, 11 entries, text 0x400fbc..0x400fe8, fpsimd false
rep 0 variant=gpr enabled=1 outer=20000 calls=256 ns_per_outer=1651.4 ns_per_call=6.45
rep 1 variant=gpr enabled=1 outer=20000 calls=256 ns_per_outer=1630.5 ns_per_call=6.37
rep 2 variant=gpr enabled=1 outer=20000 calls=256 ns_per_outer=1630.1 ns_per_call=6.37
rep 3 variant=gpr enabled=1 outer=20000 calls=256 ns_per_outer=1630.4 ns_per_call=6.37
rep 4 variant=gpr enabled=1 outer=20000 calls=256 ns_per_outer=1642.7 ns_per_call=6.42
rep 5 variant=gpr enabled=1 outer=20000 calls=256 ns_per_outer=1630.5 ns_per_call=6.37
rep 6 variant=gpr enabled=1 outer=20000 calls=256 ns_per_outer=1656.9 ns_per_call=6.47
result variant=gpr enabled=1 outer=20000 calls=256 reps=7 median_ns_per_outer=1630.5 median_ns_per_call=6.37 min_ns_per_call=6.37 acc=40960000
counters variant=gpr timed_outer=140000 hook_calls=140045 syscalls_in_kernel=139965 fragment_entries=140045 fpsimd_entries=1 fpsimd_restores=0 chains=0 chain_cap=0 exit_svc=139965 exit_bl=0 exit_blr=0 exit_br=0 exit_ret=80 exit_mem=0 exit_unsupported=0 exit_budget=0 run_declined=0
rep 0 variant=fp enabled=0 outer=200000 calls=256 ns_per_outer=956.2 ns_per_call=3.74
rep 1 variant=fp enabled=0 outer=200000 calls=256 ns_per_outer=951.2 ns_per_call=3.72
rep 2 variant=fp enabled=0 outer=200000 calls=256 ns_per_outer=950.3 ns_per_call=3.71
rep 3 variant=fp enabled=0 outer=200000 calls=256 ns_per_outer=940.7 ns_per_call=3.67
rep 4 variant=fp enabled=0 outer=200000 calls=256 ns_per_outer=951.8 ns_per_call=3.72
rep 5 variant=fp enabled=0 outer=200000 calls=256 ns_per_outer=953.2 ns_per_call=3.72
rep 6 variant=fp enabled=0 outer=200000 calls=256 ns_per_outer=944.2 ns_per_call=3.69
result variant=fp enabled=0 outer=200000 calls=256 reps=7 median_ns_per_outer=951.2 median_ns_per_call=3.72 min_ns_per_call=3.67 acc=409600000
[    4.907291] kjit: translate_svc_sites pid 82: 2 text ranges, 111 svc sites
[    4.907712] rust_kjit: kjit: pc 0x401028: installed 532 bytes, 0 fault sites, 4 entries, text 0x401028..0x401038, fpsimd true
[    4.908401] rust_kjit: kjit: pc 0x40100c: installed 1088 bytes, 1 fault sites, 11 entries, text 0x400ffc..0x401028, fpsimd false
rep 0 variant=fp enabled=1 outer=20000 calls=256 ns_per_outer=1722.2 ns_per_call=6.73
rep 1 variant=fp enabled=1 outer=20000 calls=256 ns_per_outer=1709.0 ns_per_call=6.68
rep 2 variant=fp enabled=1 outer=20000 calls=256 ns_per_outer=1740.8 ns_per_call=6.80
rep 3 variant=fp enabled=1 outer=20000 calls=256 ns_per_outer=1734.8 ns_per_call=6.78
rep 4 variant=fp enabled=1 outer=20000 calls=256 ns_per_outer=1753.9 ns_per_call=6.85
rep 5 variant=fp enabled=1 outer=20000 calls=256 ns_per_outer=1730.8 ns_per_call=6.76
rep 6 variant=fp enabled=1 outer=20000 calls=256 ns_per_outer=1721.7 ns_per_call=6.73
result variant=fp enabled=1 outer=20000 calls=256 reps=7 median_ns_per_outer=1730.8 median_ns_per_call=6.76 min_ns_per_call=6.68 acc=40960000
counters variant=fp timed_outer=140000 hook_calls=140045 syscalls_in_kernel=139965 fragment_entries=280017 fpsimd_entries=139973 fpsimd_restores=0 chains=139972 chain_cap=0 exit_svc=139965 exit_bl=139972 exit_blr=0 exit_br=0 exit_ret=80 exit_mem=0 exit_unsupported=0 exit_budget=0 run_declined=0
a11: ibtc_variant=3
a11: warm-up at off
a11maps aaaace3c0000-aaaace610000 r-xp 00000000 00:03 4263                       /opt/redis/src/redis-server
a11maps aaaace619000-aaaace620000 r--p 00259000 00:03 4263                       /opt/redis/src/redis-server
a11maps aaaace620000-aaaace679000 rw-p 00260000 00:03 4263                       /opt/redis/src/redis-server
a11maps aaaace679000-aaaace8ac000 rw-p 00000000 00:00 0 
a11maps aaaadd6d6000-aaaadd6f7000 rw-p 00000000 00:00 0                          [heap]
a11maps ffffa3540000-ffffa37c0000 rw-p 00000000 00:00 0 
a11maps ffffa37c0000-ffffa37d0000 ---p 00000000 00:00 0 
a11maps ffffa37d0000-ffffa3fd0000 rw-p 00000000 00:00 0 
a11maps ffffa3fd0000-ffffa3fe0000 ---p 00000000 00:00 0 
a11maps ffffa3fe0000-ffffa47e0000 rw-p 00000000 00:00 0 
a11maps ffffa47e0000-ffffa47f0000 ---p 00000000 00:00 0 
a11maps ffffa47f0000-ffffa4ff0000 rw-p 00000000 00:00 0 
a11maps ffffa4ff0000-ffffa5000000 ---p 00000000 00:00 0 
a11maps ffffa5000000-ffffa5800000 rw-p 00000000 00:00 0 
a11maps ffffa5800000-ffffa6000000 rw-p 00000000 00:00 0 
a11maps ffffa60b0000-ffffa623c000 r-xp 00000000 00:03 816                        /usr/lib/aarch64-linux-gnu/libc.so.6
a11maps ffffa623c000-ffffa624c000 ---p 0018c000 00:03 816                        /usr/lib/aarch64-linux-gnu/libc.so.6
a11maps ffffa624c000-ffffa6250000 r--p 0018c000 00:03 816                        /usr/lib/aarch64-linux-gnu/libc.so.6
a11maps ffffa6250000-ffffa6252000 rw-p 00190000 00:03 816                        /usr/lib/aarch64-linux-gnu/libc.so.6
a11maps ffffa6252000-ffffa625f000 rw-p 00000000 00:00 0 
a11maps ffffa6260000-ffffa62e2000 r-xp 00000000 00:03 863                        /usr/lib/aarch64-linux-gnu/libm.so.6
a11maps ffffa62e2000-ffffa62ff000 ---p 00082000 00:03 863                        /usr/lib/aarch64-linux-gnu/libm.so.6
a11maps ffffa62ff000-ffffa6300000 r--p 0008f000 00:03 863                        /usr/lib/aarch64-linux-gnu/libm.so.6
a11maps ffffa6300000-ffffa6301000 rw-p 00090000 00:03 863                        /usr/lib/aarch64-linux-gnu/libm.so.6
a11maps ffffa6311000-ffffa6338000 r-xp 00000000 00:03 796                        /usr/lib/aarch64-linux-gnu/ld-linux-aarch64.so.1
a11maps ffffa6342000-ffffa6346000 rw-p 00000000 00:00 0 
a11maps ffffa6348000-ffffa634a000 rw-p 00000000 00:00 0 
a11maps ffffa634a000-ffffa634e000 r--p 00000000 00:00 0                          [vvar]
a11maps ffffa634e000-ffffa634f000 r-xp 00000000 00:00 0                          [vdso]
a11maps ffffa634f000-ffffa6351000 r--p 0002e000 00:03 796                        /usr/lib/aarch64-linux-gnu/ld-linux-aarch64.so.1
a11maps ffffa6351000-ffffa6353000 rw-p 00030000 00:03 796                        /usr/lib/aarch64-linux-gnu/ld-linux-aarch64.so.1
a11maps ffffd9d77000-ffffd9d98000 rw-p 00000000 00:00 0                          [stack]
a11 point=off pass=1 test=set requests=200000 rps=231749.72 hook_calls=0 syscalls_in_kernel=0 fragment_entries=0 fpsimd_entries=0 fpsimd_restores=0 chains=0 chain_cap=0 exit_svc=0 exit_bl=0 exit_blr=0 exit_br=0 exit_ret=0 exit_mem=0 exit_unsupported=0 exit_budget=0 run_declined=0 ibtc_insert=0 ibtc_replace=0 ibtc_clear=0 ibtc_fpsimd_boundary=0 ibtc_miss_cold=0 ibtc_miss_conflict=0 ibtc_miss_other=0 fpsimd_run_max_ns=68500 miss_residual=0
a11slots point=off pass=1 test=set # table all conflicts 0 slots 0 top32 0
a11slots point=off pass=1 test=set # table nofp conflicts 0 slots 0 top32 0
a11 point=off pass=1 test=get requests=200000 rps=227531.28 hook_calls=0 syscalls_in_kernel=0 fragment_entries=0 fpsimd_entries=0 fpsimd_restores=0 chains=0 chain_cap=0 exit_svc=0 exit_bl=0 exit_blr=0 exit_br=0 exit_ret=0 exit_mem=0 exit_unsupported=0 exit_budget=0 run_declined=0 ibtc_insert=0 ibtc_replace=0 ibtc_clear=0 ibtc_fpsimd_boundary=0 ibtc_miss_cold=0 ibtc_miss_conflict=0 ibtc_miss_other=0 fpsimd_run_max_ns=68500 miss_residual=0
a11slots point=off pass=1 test=get # table all conflicts 0 slots 0 top32 0
a11slots point=off pass=1 test=get # table nofp conflicts 0 slots 0 top32 0
a11 point=1024 pass=1 test=set requests=200000 rps=136425.66 hook_calls=408900 syscalls_in_kernel=384504 fragment_entries=607317 fpsimd_entries=198959 fpsimd_restores=0 chains=199223 chain_cap=0 exit_svc=384504 exit_bl=6960 exit_blr=858 exit_br=199599 exit_ret=9956 exit_mem=1 exit_unsupported=5439 exit_budget=0 run_declined=14 ibtc_insert=537 ibtc_replace=0 ibtc_clear=0 ibtc_fpsimd_boundary=198951 ibtc_miss_cold=18422 ibtc_miss_conflict=0 ibtc_miss_other=0 fpsimd_run_max_ns=177333 miss_residual=0
a11slots point=1024 pass=1 test=set # table all conflicts 0 slots 0 top32 0
a11slots point=1024 pass=1 test=set # table nofp conflicts 0 slots 0 top32 0
a11 point=1024 pass=1 test=get requests=200000 rps=155884.64 hook_calls=408880 syscalls_in_kernel=398647 fragment_entries=608339 fpsimd_entries=200006 fpsimd_restores=0 chains=200021 chain_cap=0 exit_svc=398648 exit_bl=825 exit_blr=95 exit_br=200002 exit_ret=921 exit_mem=0 exit_unsupported=7848 exit_budget=0 run_declined=27 ibtc_insert=33 ibtc_replace=0 ibtc_clear=0 ibtc_fpsimd_boundary=200003 ibtc_miss_cold=1840 ibtc_miss_conflict=0 ibtc_miss_other=0 fpsimd_run_max_ns=177333 miss_residual=0
a11slots point=1024 pass=1 test=get # table all conflicts 0 slots 0 top32 0
a11slots point=1024 pass=1 test=get # table nofp conflicts 0 slots 0 top32 0
a11 point=off pass=2 test=set requests=200000 rps=220994.48 hook_calls=0 syscalls_in_kernel=0 fragment_entries=0 fpsimd_entries=0 fpsimd_restores=0 chains=0 chain_cap=0 exit_svc=0 exit_bl=0 exit_blr=0 exit_br=0 exit_ret=0 exit_mem=0 exit_unsupported=0 exit_budget=0 run_declined=0 ibtc_insert=0 ibtc_replace=0 ibtc_clear=0 ibtc_fpsimd_boundary=0 ibtc_miss_cold=0 ibtc_miss_conflict=0 ibtc_miss_other=0 fpsimd_run_max_ns=177333 miss_residual=0
a11slots point=off pass=2 test=set # table all conflicts 0 slots 0 top32 0
a11slots point=off pass=2 test=set # table nofp conflicts 0 slots 0 top32 0
a11 point=off pass=2 test=get requests=200000 rps=233644.86 hook_calls=0 syscalls_in_kernel=0 fragment_entries=0 fpsimd_entries=0 fpsimd_restores=0 chains=0 chain_cap=0 exit_svc=0 exit_bl=0 exit_blr=0 exit_br=0 exit_ret=0 exit_mem=0 exit_unsupported=0 exit_budget=0 run_declined=0 ibtc_insert=0 ibtc_replace=0 ibtc_clear=0 ibtc_fpsimd_boundary=0 ibtc_miss_cold=0 ibtc_miss_conflict=0 ibtc_miss_other=0 fpsimd_run_max_ns=177333 miss_residual=0
a11slots point=off pass=2 test=get # table all conflicts 0 slots 0 top32 0
a11slots point=off pass=2 test=get # table nofp conflicts 0 slots 0 top32 0
a11 point=1024 pass=2 test=set requests=200000 rps=144717.80 hook_calls=408694 syscalls_in_kernel=399693 fragment_entries=608141 fpsimd_entries=200001 fpsimd_restores=0 chains=200001 chain_cap=0 exit_svc=399693 exit_bl=431 exit_blr=24 exit_br=200001 exit_ret=271 exit_mem=1 exit_unsupported=7720 exit_budget=0 run_declined=18 ibtc_insert=0 ibtc_replace=0 ibtc_clear=0 ibtc_fpsimd_boundary=200001 ibtc_miss_cold=726 ibtc_miss_conflict=0 ibtc_miss_other=0 fpsimd_run_max_ns=177333 miss_residual=0
a11slots point=1024 pass=2 test=set # table all conflicts 0 slots 0 top32 0
a11slots point=1024 pass=2 test=set # table nofp conflicts 0 slots 0 top32 0
a11 point=1024 pass=2 test=get requests=200000 rps=156250.00 hook_calls=408878 syscalls_in_kernel=399735 fragment_entries=608325 fpsimd_entries=200001 fpsimd_restores=0 chains=200001 chain_cap=0 exit_svc=399735 exit_bl=386 exit_blr=26 exit_br=200001 exit_ret=268 exit_mem=0 exit_unsupported=7909 exit_budget=0 run_declined=21 ibtc_insert=0 ibtc_replace=0 ibtc_clear=0 ibtc_fpsimd_boundary=200001 ibtc_miss_cold=680 ibtc_miss_conflict=0 ibtc_miss_other=0 fpsimd_run_max_ns=177333 miss_residual=0
a11slots point=1024 pass=2 test=get # table all conflicts 0 slots 0 top32 0
a11slots point=1024 pass=2 test=get # table nofp conflicts 0 slots 0 top32 0
a11 point=off pass=3 test=set requests=200000 rps=228050.17 hook_calls=0 syscalls_in_kernel=0 fragment_entries=0 fpsimd_entries=0 fpsimd_restores=0 chains=0 chain_cap=0 exit_svc=0 exit_bl=0 exit_blr=0 exit_br=0 exit_ret=0 exit_mem=0 exit_unsupported=0 exit_budget=0 run_declined=0 ibtc_insert=0 ibtc_replace=0 ibtc_clear=0 ibtc_fpsimd_boundary=0 ibtc_miss_cold=0 ibtc_miss_conflict=0 ibtc_miss_other=0 fpsimd_run_max_ns=177333 miss_residual=0
a11slots point=off pass=3 test=set # table all conflicts 0 slots 0 top32 0
a11slots point=off pass=3 test=set # table nofp conflicts 0 slots 0 top32 0
a11 point=off pass=3 test=get requests=200000 rps=240963.86 hook_calls=0 syscalls_in_kernel=0 fragment_entries=0 fpsimd_entries=0 fpsimd_restores=0 chains=0 chain_cap=0 exit_svc=0 exit_bl=0 exit_blr=0 exit_br=0 exit_ret=0 exit_mem=0 exit_unsupported=0 exit_budget=0 run_declined=0 ibtc_insert=0 ibtc_replace=0 ibtc_clear=0 ibtc_fpsimd_boundary=0 ibtc_miss_cold=0 ibtc_miss_conflict=0 ibtc_miss_other=0 fpsimd_run_max_ns=177333 miss_residual=0
a11slots point=off pass=3 test=get # table all conflicts 0 slots 0 top32 0
a11slots point=off pass=3 test=get # table nofp conflicts 0 slots 0 top32 0
a11 point=1024 pass=3 test=set requests=200000 rps=143884.89 hook_calls=408723 syscalls_in_kernel=399661 fragment_entries=608163 fpsimd_entries=200001 fpsimd_restores=0 chains=200001 chain_cap=0 exit_svc=399661 exit_bl=476 exit_blr=30 exit_br=200001 exit_ret=271 exit_mem=1 exit_unsupported=7723 exit_budget=0 run_declined=24 ibtc_insert=0 ibtc_replace=0 ibtc_clear=0 ibtc_fpsimd_boundary=200001 ibtc_miss_cold=777 ibtc_miss_conflict=0 ibtc_miss_other=0 fpsimd_run_max_ns=177333 miss_residual=0
a11slots point=1024 pass=3 test=set # table all conflicts 0 slots 0 top32 0
a11slots point=1024 pass=3 test=set # table nofp conflicts 0 slots 0 top32 0
a11 point=1024 pass=3 test=get requests=200000 rps=153374.23 hook_calls=409004 syscalls_in_kernel=399719 fragment_entries=608448 fpsimd_entries=200001 fpsimd_restores=0 chains=200001 chain_cap=0 exit_svc=399720 exit_bl=404 exit_blr=26 exit_br=200001 exit_ret=270 exit_mem=1 exit_unsupported=8026 exit_budget=0 run_declined=22 ibtc_insert=0 ibtc_replace=0 ibtc_clear=0 ibtc_fpsimd_boundary=200001 ibtc_miss_cold=700 ibtc_miss_conflict=0 ibtc_miss_other=0 fpsimd_run_max_ns=183958 miss_residual=0
a11slots point=1024 pass=3 test=get # table all conflicts 0 slots 0 top32 0
a11slots point=1024 pass=3 test=get # table nofp conflicts 0 slots 0 top32 0
a11maps-end aaaace3c0000-aaaace610000 r-xp 00000000 00:03 4263                       /opt/redis/src/redis-server
a11maps-end aaaace619000-aaaace620000 r--p 00259000 00:03 4263                       /opt/redis/src/redis-server
a11maps-end aaaace620000-aaaace679000 rw-p 00260000 00:03 4263                       /opt/redis/src/redis-server
a11maps-end aaaace679000-aaaace8ac000 rw-p 00000000 00:00 0 
a11maps-end aaaadd6d6000-aaaadd6f7000 rw-p 00000000 00:00 0                          [heap]
a11maps-end ffffa3540000-ffffa37c0000 rw-p 00000000 00:00 0 
a11maps-end ffffa37c0000-ffffa37d0000 ---p 00000000 00:00 0 
a11maps-end ffffa37d0000-ffffa3fd0000 rw-p 00000000 00:00 0 
a11maps-end ffffa3fd0000-ffffa3fe0000 ---p 00000000 00:00 0 
a11maps-end ffffa3fe0000-ffffa47e0000 rw-p 00000000 00:00 0 
a11maps-end ffffa47e0000-ffffa47f0000 ---p 00000000 00:00 0 
a11maps-end ffffa47f0000-ffffa4ff0000 rw-p 00000000 00:00 0 
a11maps-end ffffa4ff0000-ffffa5000000 ---p 00000000 00:00 0 
a11maps-end ffffa5000000-ffffa5800000 rw-p 00000000 00:00 0 
a11maps-end ffffa5800000-ffffa6000000 rw-p 00000000 00:00 0 
a11maps-end ffffa60b0000-ffffa623c000 r-xp 00000000 00:03 816                        /usr/lib/aarch64-linux-gnu/libc.so.6
a11maps-end ffffa623c000-ffffa624c000 ---p 0018c000 00:03 816                        /usr/lib/aarch64-linux-gnu/libc.so.6
a11maps-end ffffa624c000-ffffa6250000 r--p 0018c000 00:03 816                        /usr/lib/aarch64-linux-gnu/libc.so.6
a11maps-end ffffa6250000-ffffa6252000 rw-p 00190000 00:03 816                        /usr/lib/aarch64-linux-gnu/libc.so.6
a11maps-end ffffa6252000-ffffa625f000 rw-p 00000000 00:00 0 
a11maps-end ffffa6260000-ffffa62e2000 r-xp 00000000 00:03 863                        /usr/lib/aarch64-linux-gnu/libm.so.6
a11maps-end ffffa62e2000-ffffa62ff000 ---p 00082000 00:03 863                        /usr/lib/aarch64-linux-gnu/libm.so.6
a11maps-end ffffa62ff000-ffffa6300000 r--p 0008f000 00:03 863                        /usr/lib/aarch64-linux-gnu/libm.so.6
a11maps-end ffffa6300000-ffffa6301000 rw-p 00090000 00:03 863                        /usr/lib/aarch64-linux-gnu/libm.so.6
a11maps-end ffffa6311000-ffffa6338000 r-xp 00000000 00:03 796                        /usr/lib/aarch64-linux-gnu/ld-linux-aarch64.so.1
a11maps-end ffffa6342000-ffffa6346000 rw-p 00000000 00:00 0 
a11maps-end ffffa6348000-ffffa634a000 rw-p 00000000 00:00 0 
a11maps-end ffffa634a000-ffffa634e000 r--p 00000000 00:00 0                          [vvar]
a11maps-end ffffa634e000-ffffa634f000 r-xp 00000000 00:00 0                          [vdso]
a11maps-end ffffa634f000-ffffa6351000 r--p 0002e000 00:03 796                        /usr/lib/aarch64-linux-gnu/ld-linux-aarch64.so.1
a11maps-end ffffa6351000-ffffa6353000 rw-p 00030000 00:03 796                        /usr/lib/aarch64-linux-gnu/ld-linux-aarch64.so.1
a11maps-end ffffd9d77000-ffffd9d98000 rw-p 00000000 00:00 0                          [stack]
a11: done
[   34.623559] kjit: 0 of 295 translation requests still queued at unload (freed by the kernel)
[   34.659467] rust_kjit: ######## Rust KJIT exits ########
kjit-init: rmmod kjit ok
kjit-init: run exit=0
[   34.677863] reboot: Power down
