guest-run: profile=kjit-guest run-dir=/Volumes/Local/kjit-a4b2/build/runs/meas-v3-20261009-031102
[    0.000000] Booting Linux on physical CPU 0x0000000000 [0x610f0000]
[    0.000000] Linux version 7.1.0-rc1 (@6906d107117b) (Ubuntu clang version 18.1.3 (1ubuntu1), Ubuntu LLD 18.1.3) #1 SMP PREEMPT Fri Oct  2 08:37:58 UTC 2026
[    0.000000] random: crng init done
[    0.000000] Machine model: linux,dummy-virt
[    0.000000] OF: reserved mem: Reserved memory: No reserved-memory node in the DT
[    0.000000] psci: probing for conduit method from DT.
[    0.000000] psci: PSCIv1.1 detected in firmware.
[    0.000000] psci: Using standard PSCI v0.2 function IDs
[    0.000000] psci: Trusted OS migration not required
[    0.000000] psci: SMC Calling Convention v1.0
[    0.000000] Zone ranges:
[    0.000000]   Normal   [mem 0x0000000040000000-0x000000013fffffff]
[    0.000000] Movable zone start for each node
[    0.000000] Early memory node ranges
[    0.000000]   node   0: [mem 0x0000000040000000-0x000000013fffffff]
[    0.000000] Initmem setup node 0 [mem 0x0000000040000000-0x000000013fffffff]
[    0.000000] percpu: Embedded 19 pages/cpu s38488 r8192 d31144 u77824
[    0.000000] Detected PIPT I-cache on CPU0
[    0.000000] CPU features: detected: Address authentication (IMP DEF algorithm)
[    0.000000] CPU features: detected: Spectre-v4
[    0.000000] CPU features: detected: Spectre-BHB
[    0.000000] alternatives: applying boot alternatives
[    0.000000] Kernel command line: console=ttyAMA0 panic=-1 nokaslr
[    0.000000] Unknown kernel command line parameters "nokaslr", will be passed to user space.
[    0.000000] printk: log buffer data + meta data: 131072 + 458752 = 589824 bytes
[    0.000000] Dentry cache hash table entries: 524288 (order: 10, 4194304 bytes, linear)
[    0.000000] Inode-cache hash table entries: 262144 (order: 9, 2097152 bytes, linear)
[    0.000000] software IO TLB: SWIOTLB bounce buffer size adjusted to 4MB
[    0.000000] software IO TLB: area num 4.
[    0.000000] software IO TLB: mapped [mem 0x000000013ac00000-0x000000013b000000] (4MB)
[    0.000000] Built 1 zonelists, mobility grouping on.  Total pages: 1048576
[    0.000000] mem auto-init: stack:all(zero), heap alloc:off, heap free:off
[    0.000000] SLUB: HWalign=64, Order=0-3, MinObjects=0, CPUs=4, Nodes=1
[    0.000000] rcu: Preemptible hierarchical RCU implementation.
[    0.000000] rcu: 	RCU restricting CPUs from NR_CPUS=512 to nr_cpu_ids=4.
[    0.000000] rcu: RCU calculated value of scheduler-enlistment delay is 25 jiffies.
[    0.000000] rcu: Adjusting geometry for rcu_fanout_leaf=16, nr_cpu_ids=4
[    0.000000] NR_IRQS: 64, nr_irqs: 64, preallocated irqs: 0
[    0.000000] Root IRQ handler: gic_handle_irq
[    0.000000] GICv2m: range[mem 0x08020000-0x08020fff], SPI[80:143]
[    0.000000] rcu: srcu_init: Setting srcu_struct sizes based on contention.
[    0.000000] arch_timer: cp15 timer running at 24.00MHz (virt).
[    0.000000] clocksource: arch_sys_counter: mask: 0xffffffffffffff max_cycles: 0x588fe9dc0, max_idle_ns: 440795202592 ns
[    0.000000] sched_clock: 56 bits at 24MHz, resolution 41ns, wraps every 4398046511097ns
[    0.000107] Console: colour dummy device 80x25
[    0.000114] Calibrating delay loop (skipped), value calculated using timer frequency.. 48.00 BogoMIPS (lpj=96000)
[    0.000118] pid_max: default: 32768 minimum: 301
[    0.000256] Mount-cache hash table entries: 8192 (order: 4, 65536 bytes, linear)
[    0.000265] Mountpoint-cache hash table entries: 8192 (order: 4, 65536 bytes, linear)
[    0.000346] VFS: Finished mounting rootfs on nullfs
[    0.000503] cacheinfo: Unable to detect cache hierarchy for CPU 0
[    0.000615] rcu: Hierarchical SRCU implementation.
[    0.000615] rcu: 	Max phase no-delay instances is 1000.
[    0.000633] Timer migration: 1 hierarchy levels; 8 children per group; 1 crossnode level
[    0.000668] smp: Bringing up secondary CPUs ...
[    0.000878] Detected PIPT I-cache on CPU1
[    0.000973] CPU1: Booted secondary processor 0x0000000001 [0x610f0000]
[    0.001328] Detected PIPT I-cache on CPU2
[    0.001429] CPU2: Booted secondary processor 0x0000000002 [0x610f0000]
[    0.001680] Detected PIPT I-cache on CPU3
[    0.001793] CPU3: Booted secondary processor 0x0000000003 [0x610f0000]
[    0.001898] smp: Brought up 1 node, 4 CPUs
[    0.001899] SMP: Total of 4 processors activated.
[    0.001900] CPU: All CPU(s) started at EL1
[    0.001901] CPU features: detected: ARMv8.4 Translation Table Level
[    0.001902] CPU features: detected: Data cache clean to the PoU not required for I/D coherence
[    0.001902] CPU features: detected: CRC32 instructions
[    0.001903] CPU features: detected: Data independent timing control (DIT)
[    0.001903] CPU features: detected: E0PD
[    0.001903] CPU features: detected: Generic authentication (IMP DEF algorithm)
[    0.001904] CPU features: detected: RCpc load-acquire (LDAPR)
[    0.001904] CPU features: detected: LSE atomic instructions
[    0.001904] CPU features: detected: Privileged Access Never
[    0.001905] CPU features: detected: Speculation barrier (SB)
[    0.001905] CPU features: detected: TLB range maintenance instructions
[    0.001905] CPU features: detected: XNX
[    0.002048] alternatives: applying system-wide alternatives
[    0.002987] Memory: 3934216K/4194304K available (5248K kernel code, 754K rwdata, 2356K rodata, 576K init, 405K bss, 256908K reserved, 0K cma-reserved)
[    0.003287] devtmpfs: initialized
[    0.003566] clocksource: jiffies: mask: 0xffffffff max_cycles: 0xffffffff, max_idle_ns: 7645041785100000 ns
[    0.003572] posixtimers hash table entries: 2048 (order: 3, 32768 bytes, linear)
[    0.003592] futex hash table entries: 1024 (65536 bytes on 1 NUMA nodes, total 64 KiB, linear).
[    0.003601] 30384 pages in range for non-PLT usage
[    0.003601] 521904 pages in range for PLT usage
[    0.003680] NET: Registered PF_NETLINK/PF_ROUTE protocol family
[    0.004167] DMA: preallocated 512 KiB GFP_KERNEL pool for atomic allocations
[    0.004227] ASID allocator initialised with 256 entries
[    0.004235] Serial: AMBA PL011 UART driver
[    0.004676] 9000000.pl011: ttyAMA0 at MMIO 0x9000000 (irq = 13, base_baud = 0) is a PL011 rev1
[    0.004826] printk: console [ttyAMA0] enabled
[    0.010309] vgaarb: loaded
[    0.010448] clocksource: Switched to clocksource arch_sys_counter
[    0.020189] NET: Registered PF_INET protocol family
[    0.020261] IP idents hash table entries: 65536 (order: 7, 524288 bytes, linear)
[    0.020690] tcp_listen_portaddr_hash hash table entries: 2048 (order: 3, 32768 bytes, linear)
[    0.020696] Table-perturb hash table entries: 65536 (order: 6, 262144 bytes, linear)
[    0.020699] TCP established hash table entries: 32768 (order: 6, 262144 bytes, linear)
[    0.020803] TCP bind hash table entries: 32768 (order: 8, 1048576 bytes, linear)
[    0.020961] TCP: Hash tables configured (established 32768 bind 32768)
[    0.020984] UDP hash table entries: 2048 (order: 5, 131072 bytes, linear)
[    0.021017] NET: Registered PF_UNIX/PF_LOCAL protocol family
[    0.021023] PCI: CLS 0 bytes, default 64
[    0.021206] Unpacking initramfs...
[    0.022903] workingset: timestamp_bits=46 (anon: 42) max_order=20 bucket_order=0 (anon: 0)
[    0.023012] 9p: Installing v9fs 9p2000 file system support
[    0.023473] pci-host-generic 4010000000.pcie: host bridge /pcie@10000000 ranges:
[    0.023478] pci-host-generic 4010000000.pcie:       IO 0x003eff0000..0x003effffff -> 0x0000000000
[    0.023481] pci-host-generic 4010000000.pcie:      MEM 0x0010000000..0x003efeffff -> 0x0010000000
[    0.023482] pci-host-generic 4010000000.pcie:      MEM 0x8000000000..0xffffffffff -> 0x8000000000
[    0.023489] pci-host-generic 4010000000.pcie: Memory resource size exceeds max for 32 bits
[    0.023498] pci-host-generic 4010000000.pcie: ECAM at [mem 0x4010000000-0x401fffffff] for [bus 00-ff]
[    0.023510] pci-host-generic 4010000000.pcie: PCI host bridge to bus 0000:00
[    0.023511] pci_bus 0000:00: root bus resource [bus 00-ff]
[    0.023512] pci_bus 0000:00: root bus resource [io  0x0000-0xffff]
[    0.023513] pci_bus 0000:00: root bus resource [mem 0x10000000-0x3efeffff]
[    0.023513] pci_bus 0000:00: root bus resource [mem 0x8000000000-0xffffffffff]
[    0.023533] pci 0000:00:00.0: [1b36:0008] type 00 class 0x060000 conventional PCI endpoint
[    0.023771] pci 0000:00:01.0: [1af4:1000] type 00 class 0x020000 conventional PCI endpoint
[    0.023890] pci 0000:00:01.0: BAR 0 [io  0x0000-0x001f]
[    0.023893] pci 0000:00:01.0: BAR 1 [mem 0x00000000-0x00000fff]
[    0.023901] pci 0000:00:01.0: BAR 4 [mem 0x00000000-0x00003fff 64bit pref]
[    0.023903] pci 0000:00:01.0: ROM [mem 0x00000000-0x0003ffff pref]
[    0.024228] pci 0000:00:02.0: [1af4:1009] type 00 class 0x000200 conventional PCI endpoint
[    0.024329] pci 0000:00:02.0: BAR 0 [io  0x0000-0x003f]
[    0.024332] pci 0000:00:02.0: BAR 1 [mem 0x00000000-0x00000fff]
[    0.024341] pci 0000:00:02.0: BAR 4 [mem 0x00000000-0x00003fff 64bit pref]
[    0.024626] pci 0000:00:03.0: [1af4:1005] type 00 class 0x00ff00 conventional PCI endpoint
[    0.024731] pci 0000:00:03.0: BAR 0 [io  0x0000-0x001f]
[    0.024734] pci 0000:00:03.0: BAR 1 [mem 0x00000000-0x00000fff]
[    0.024742] pci 0000:00:03.0: BAR 4 [mem 0x00000000-0x00003fff 64bit pref]
[    0.025152] pci 0000:00:01.0: ROM [mem 0x10000000-0x1003ffff pref]: assigned
[    0.025153] pci 0000:00:01.0: BAR 4 [mem 0x8000000000-0x8000003fff 64bit pref]: assigned
[    0.025172] pci 0000:00:02.0: BAR 4 [mem 0x8000004000-0x8000007fff 64bit pref]: assigned
[    0.025221] pci 0000:00:03.0: BAR 4 [mem 0x8000008000-0x800000bfff 64bit pref]: assigned
[    0.025259] pci 0000:00:01.0: BAR 1 [mem 0x10040000-0x10040fff]: assigned
[    0.025267] pci 0000:00:02.0: BAR 1 [mem 0x10041000-0x10041fff]: assigned
[    0.025271] pci 0000:00:03.0: BAR 1 [mem 0x10042000-0x10042fff]: assigned
[    0.025275] pci 0000:00:02.0: BAR 0 [io  0x1000-0x103f]: assigned
[    0.025279] pci 0000:00:01.0: BAR 0 [io  0x1040-0x105f]: assigned
[    0.025290] pci 0000:00:03.0: BAR 0 [io  0x1060-0x107f]: assigned
[    0.025332] pci_bus 0000:00: resource 4 [io  0x0000-0xffff]
[    0.025334] pci_bus 0000:00: resource 5 [mem 0x10000000-0x3efeffff]
[    0.025334] pci_bus 0000:00: resource 6 [mem 0x8000000000-0xffffffffff]
[    0.026354] virtio-pci 0000:00:01.0: enabling device (0000 -> 0003)
[    0.027380] virtio-pci 0000:00:02.0: enabling device (0000 -> 0003)
[    0.028013] virtio-pci 0000:00:03.0: enabling device (0000 -> 0003)
[    0.105053] rtc-pl031 9010000.pl031: registered as rtc0
[    0.105105] rtc-pl031 9010000.pl031: setting system clock to 2026-10-08T19:11:02 UTC (1791486662)
[    0.106037] NET: Registered PF_INET6 protocol family
[    0.108395] Segment Routing with IPv6
[    0.113077] In-situ OAM (IOAM) with IPv6
[    0.113111] sit: IPv6, IPv4 and MPLS over IPv4 tunneling driver
[    0.113319] NET: Registered PF_PACKET protocol family
[    0.113328] 9pnet: Installing 9P2000 support
[    0.118427] clk: Disabling unused clocks
[    0.152854] Freeing initrd memory: 161888K
[    0.153460] Freeing unused kernel memory: 576K
[    0.153519] Run /init as init process
[    0.169658] kjit: loading out-of-tree module taints kernel.
[    0.170712] rust_kjit: ######## Rust KJIT inits ########
[    0.170736] rust_kjit: kjit: dispatch variant 3
[    0.170780] rust_kjit: golden tests/arm64/toy_cfg.s:hot_svc_mark translated for dispatch variant 3; byte comparison skipped (reference is variant 0)
kjit-init: insmod kjit.ko ok
meas: variant=3
rep 0 variant=gpr enabled=0 outer=200000 calls=16 ns_per_outer=142.6 ns_per_call=8.91
rep 1 variant=gpr enabled=0 outer=200000 calls=16 ns_per_outer=142.1 ns_per_call=8.88
rep 2 variant=gpr enabled=0 outer=200000 calls=16 ns_per_outer=143.4 ns_per_call=8.96
rep 3 variant=gpr enabled=0 outer=200000 calls=16 ns_per_outer=142.8 ns_per_call=8.92
rep 4 variant=gpr enabled=0 outer=200000 calls=16 ns_per_outer=142.3 ns_per_call=8.90
rep 5 variant=gpr enabled=0 outer=200000 calls=16 ns_per_outer=143.4 ns_per_call=8.96
rep 6 variant=gpr enabled=0 outer=200000 calls=16 ns_per_outer=145.9 ns_per_call=9.12
result variant=gpr enabled=0 outer=200000 calls=16 reps=7 median_ns_per_outer=142.8 median_ns_per_call=8.92 min_ns_per_call=8.88 acc=25600000
[    0.425874] kjit: translate_svc_sites pid 69: 2 text ranges, 111 svc sites
[    0.426376] rust_kjit: kjit: pc 0x400fe8: installed 524 bytes, 0 fault sites, 2 entries, text 0x400fe8..0x400ff0, fpsimd false
[    0.427041] rust_kjit: kjit: pc 0x400fcc: installed 1088 bytes, 1 fault sites, 11 entries, text 0x400fbc..0x400fe8, fpsimd false
rep 0 variant=gpr enabled=1 outer=20000 calls=16 ns_per_outer=145.7 ns_per_call=9.11
rep 1 variant=gpr enabled=1 outer=20000 calls=16 ns_per_outer=147.2 ns_per_call=9.20
rep 2 variant=gpr enabled=1 outer=20000 calls=16 ns_per_outer=148.4 ns_per_call=9.27
rep 3 variant=gpr enabled=1 outer=20000 calls=16 ns_per_outer=157.1 ns_per_call=9.82
rep 4 variant=gpr enabled=1 outer=20000 calls=16 ns_per_outer=145.4 ns_per_call=9.09
rep 5 variant=gpr enabled=1 outer=20000 calls=16 ns_per_outer=152.3 ns_per_call=9.52
rep 6 variant=gpr enabled=1 outer=20000 calls=16 ns_per_outer=150.1 ns_per_call=9.38
result variant=gpr enabled=1 outer=20000 calls=16 reps=7 median_ns_per_outer=148.4 median_ns_per_call=9.27 min_ns_per_call=9.09 acc=2560000
counters variant=gpr timed_outer=140000 hook_calls=140045 syscalls_in_kernel=139965 fragment_entries=140045 fpsimd_entries=1 fpsimd_restores=0 chains=0 chain_cap=0 exit_svc=139965 exit_bl=0 exit_blr=0 exit_br=0 exit_ret=80 exit_mem=0 exit_unsupported=0 exit_budget=0 run_declined=0
rep 0 variant=fp enabled=0 outer=200000 calls=16 ns_per_outer=182.5 ns_per_call=11.40
rep 1 variant=fp enabled=0 outer=200000 calls=16 ns_per_outer=177.4 ns_per_call=11.08
rep 2 variant=fp enabled=0 outer=200000 calls=16 ns_per_outer=178.1 ns_per_call=11.13
rep 3 variant=fp enabled=0 outer=200000 calls=16 ns_per_outer=177.4 ns_per_call=11.08
rep 4 variant=fp enabled=0 outer=200000 calls=16 ns_per_outer=178.7 ns_per_call=11.17
rep 5 variant=fp enabled=0 outer=200000 calls=16 ns_per_outer=179.7 ns_per_call=11.23
rep 6 variant=fp enabled=0 outer=200000 calls=16 ns_per_outer=179.6 ns_per_call=11.22
result variant=fp enabled=0 outer=200000 calls=16 reps=7 median_ns_per_outer=178.7 median_ns_per_call=11.17 min_ns_per_call=11.08 acc=25600000
[    0.775478] kjit: translate_svc_sites pid 72: 2 text ranges, 111 svc sites
[    0.775908] rust_kjit: kjit: pc 0x401028: installed 532 bytes, 0 fault sites, 4 entries, text 0x401028..0x401038, fpsimd true
[    0.776516] rust_kjit: kjit: pc 0x40100c: installed 1088 bytes, 1 fault sites, 11 entries, text 0x400ffc..0x401028, fpsimd false
rep 0 variant=fp enabled=1 outer=20000 calls=16 ns_per_outer=223.8 ns_per_call=13.99
rep 1 variant=fp enabled=1 outer=20000 calls=16 ns_per_outer=228.2 ns_per_call=14.26
rep 2 variant=fp enabled=1 outer=20000 calls=16 ns_per_outer=217.7 ns_per_call=13.61
rep 3 variant=fp enabled=1 outer=20000 calls=16 ns_per_outer=222.2 ns_per_call=13.89
rep 4 variant=fp enabled=1 outer=20000 calls=16 ns_per_outer=218.0 ns_per_call=13.62
rep 5 variant=fp enabled=1 outer=20000 calls=16 ns_per_outer=217.7 ns_per_call=13.61
rep 6 variant=fp enabled=1 outer=20000 calls=16 ns_per_outer=221.5 ns_per_call=13.84
result variant=fp enabled=1 outer=20000 calls=16 reps=7 median_ns_per_outer=221.5 median_ns_per_call=13.84 min_ns_per_call=13.61 acc=2560000
counters variant=fp timed_outer=140000 hook_calls=140045 syscalls_in_kernel=139965 fragment_entries=280017 fpsimd_entries=139973 fpsimd_restores=0 chains=139972 chain_cap=0 exit_svc=139965 exit_bl=139972 exit_blr=0 exit_br=0 exit_ret=80 exit_mem=0 exit_unsupported=0 exit_budget=0 run_declined=0
rep 0 variant=gpr enabled=0 outer=200000 calls=128 ns_per_outer=263.6 ns_per_call=2.06
rep 1 variant=gpr enabled=0 outer=200000 calls=128 ns_per_outer=255.1 ns_per_call=1.99
rep 2 variant=gpr enabled=0 outer=200000 calls=128 ns_per_outer=257.2 ns_per_call=2.01
rep 3 variant=gpr enabled=0 outer=200000 calls=128 ns_per_outer=257.9 ns_per_call=2.02
rep 4 variant=gpr enabled=0 outer=200000 calls=128 ns_per_outer=258.4 ns_per_call=2.02
rep 5 variant=gpr enabled=0 outer=200000 calls=128 ns_per_outer=259.9 ns_per_call=2.03
rep 6 variant=gpr enabled=0 outer=200000 calls=128 ns_per_outer=257.8 ns_per_call=2.01
result variant=gpr enabled=0 outer=200000 calls=128 reps=7 median_ns_per_outer=257.9 median_ns_per_call=2.02 min_ns_per_call=1.99 acc=204800000
[    1.263170] kjit: translate_svc_sites pid 75: 2 text ranges, 111 svc sites
[    1.263277] rust_kjit: kjit: pc 0x400fe8: installed 524 bytes, 0 fault sites, 2 entries, text 0x400fe8..0x400ff0, fpsimd false
[    1.263670] rust_kjit: kjit: pc 0x400fcc: installed 1088 bytes, 1 fault sites, 11 entries, text 0x400fbc..0x400fe8, fpsimd false
rep 0 variant=gpr enabled=1 outer=20000 calls=128 ns_per_outer=848.8 ns_per_call=6.63
rep 1 variant=gpr enabled=1 outer=20000 calls=128 ns_per_outer=866.4 ns_per_call=6.77
rep 2 variant=gpr enabled=1 outer=20000 calls=128 ns_per_outer=843.8 ns_per_call=6.59
rep 3 variant=gpr enabled=1 outer=20000 calls=128 ns_per_outer=855.7 ns_per_call=6.68
rep 4 variant=gpr enabled=1 outer=20000 calls=128 ns_per_outer=846.5 ns_per_call=6.61
rep 5 variant=gpr enabled=1 outer=20000 calls=128 ns_per_outer=856.8 ns_per_call=6.69
rep 6 variant=gpr enabled=1 outer=20000 calls=128 ns_per_outer=858.6 ns_per_call=6.71
result variant=gpr enabled=1 outer=20000 calls=128 reps=7 median_ns_per_outer=855.7 median_ns_per_call=6.68 min_ns_per_call=6.59 acc=20480000
counters variant=gpr timed_outer=140000 hook_calls=140045 syscalls_in_kernel=139965 fragment_entries=140045 fpsimd_entries=1 fpsimd_restores=0 chains=0 chain_cap=0 exit_svc=139965 exit_bl=0 exit_blr=0 exit_br=0 exit_ret=80 exit_mem=0 exit_unsupported=0 exit_budget=0 run_declined=0
rep 0 variant=fp enabled=0 outer=200000 calls=128 ns_per_outer=533.4 ns_per_call=4.17
rep 1 variant=fp enabled=0 outer=200000 calls=128 ns_per_outer=537.6 ns_per_call=4.20
rep 2 variant=fp enabled=0 outer=200000 calls=128 ns_per_outer=532.9 ns_per_call=4.16
rep 3 variant=fp enabled=0 outer=200000 calls=128 ns_per_outer=534.8 ns_per_call=4.18
rep 4 variant=fp enabled=0 outer=200000 calls=128 ns_per_outer=534.3 ns_per_call=4.17
rep 5 variant=fp enabled=0 outer=200000 calls=128 ns_per_outer=533.4 ns_per_call=4.17
rep 6 variant=fp enabled=0 outer=200000 calls=128 ns_per_outer=535.2 ns_per_call=4.18
result variant=fp enabled=0 outer=200000 calls=128 reps=7 median_ns_per_outer=534.3 median_ns_per_call=4.17 min_ns_per_call=4.16 acc=204800000
[    2.300194] kjit: translate_svc_sites pid 77: 2 text ranges, 111 svc sites
[    2.300366] rust_kjit: kjit: pc 0x401028: installed 532 bytes, 0 fault sites, 4 entries, text 0x401028..0x401038, fpsimd true
[    2.300942] rust_kjit: kjit: pc 0x40100c: installed 1088 bytes, 1 fault sites, 11 entries, text 0x400ffc..0x401028, fpsimd false
rep 0 variant=fp enabled=1 outer=20000 calls=128 ns_per_outer=915.2 ns_per_call=7.15
rep 1 variant=fp enabled=1 outer=20000 calls=128 ns_per_outer=922.2 ns_per_call=7.20
rep 2 variant=fp enabled=1 outer=20000 calls=128 ns_per_outer=919.2 ns_per_call=7.18
rep 3 variant=fp enabled=1 outer=20000 calls=128 ns_per_outer=902.6 ns_per_call=7.05
rep 4 variant=fp enabled=1 outer=20000 calls=128 ns_per_outer=933.2 ns_per_call=7.29
rep 5 variant=fp enabled=1 outer=20000 calls=128 ns_per_outer=914.0 ns_per_call=7.14
rep 6 variant=fp enabled=1 outer=20000 calls=128 ns_per_outer=912.4 ns_per_call=7.13
result variant=fp enabled=1 outer=20000 calls=128 reps=7 median_ns_per_outer=915.2 median_ns_per_call=7.15 min_ns_per_call=7.05 acc=20480000
counters variant=fp timed_outer=140000 hook_calls=140045 syscalls_in_kernel=139965 fragment_entries=280017 fpsimd_entries=139973 fpsimd_restores=0 chains=139972 chain_cap=0 exit_svc=139965 exit_bl=139972 exit_blr=0 exit_br=0 exit_ret=80 exit_mem=0 exit_unsupported=0 exit_budget=0 run_declined=0
rep 0 variant=gpr enabled=0 outer=200000 calls=256 ns_per_outer=381.0 ns_per_call=1.49
rep 1 variant=gpr enabled=0 outer=200000 calls=256 ns_per_outer=377.0 ns_per_call=1.47
rep 2 variant=gpr enabled=0 outer=200000 calls=256 ns_per_outer=377.3 ns_per_call=1.47
rep 3 variant=gpr enabled=0 outer=200000 calls=256 ns_per_outer=380.2 ns_per_call=1.49
rep 4 variant=gpr enabled=0 outer=200000 calls=256 ns_per_outer=389.3 ns_per_call=1.52
rep 5 variant=gpr enabled=0 outer=200000 calls=256 ns_per_outer=375.9 ns_per_call=1.47
rep 6 variant=gpr enabled=0 outer=200000 calls=256 ns_per_outer=373.3 ns_per_call=1.46
result variant=gpr enabled=0 outer=200000 calls=256 reps=7 median_ns_per_outer=377.3 median_ns_per_call=1.47 min_ns_per_call=1.46 acc=409600000
[    3.096610] kjit: translate_svc_sites pid 79: 2 text ranges, 111 svc sites
[    3.097245] rust_kjit: kjit: pc 0x400fe8: installed 524 bytes, 0 fault sites, 2 entries, text 0x400fe8..0x400ff0, fpsimd false
[    3.098011] rust_kjit: kjit: pc 0x400fcc: installed 1088 bytes, 1 fault sites, 11 entries, text 0x400fbc..0x400fe8, fpsimd false
rep 0 variant=gpr enabled=1 outer=20000 calls=256 ns_per_outer=1690.6 ns_per_call=6.60
rep 1 variant=gpr enabled=1 outer=20000 calls=256 ns_per_outer=1761.9 ns_per_call=6.88
rep 2 variant=gpr enabled=1 outer=20000 calls=256 ns_per_outer=1691.3 ns_per_call=6.61
rep 3 variant=gpr enabled=1 outer=20000 calls=256 ns_per_outer=1642.3 ns_per_call=6.42
rep 4 variant=gpr enabled=1 outer=20000 calls=256 ns_per_outer=1648.4 ns_per_call=6.44
rep 5 variant=gpr enabled=1 outer=20000 calls=256 ns_per_outer=1639.0 ns_per_call=6.40
rep 6 variant=gpr enabled=1 outer=20000 calls=256 ns_per_outer=1653.5 ns_per_call=6.46
result variant=gpr enabled=1 outer=20000 calls=256 reps=7 median_ns_per_outer=1653.5 median_ns_per_call=6.46 min_ns_per_call=6.40 acc=40960000
counters variant=gpr timed_outer=140000 hook_calls=140045 syscalls_in_kernel=139965 fragment_entries=140045 fpsimd_entries=1 fpsimd_restores=0 chains=0 chain_cap=0 exit_svc=139965 exit_bl=0 exit_blr=0 exit_br=0 exit_ret=80 exit_mem=0 exit_unsupported=0 exit_budget=0 run_declined=0
rep 0 variant=fp enabled=0 outer=200000 calls=256 ns_per_outer=1038.3 ns_per_call=4.06
rep 1 variant=fp enabled=0 outer=200000 calls=256 ns_per_outer=1335.8 ns_per_call=5.22
rep 2 variant=fp enabled=0 outer=200000 calls=256 ns_per_outer=1038.1 ns_per_call=4.05
rep 3 variant=fp enabled=0 outer=200000 calls=256 ns_per_outer=1129.1 ns_per_call=4.41
rep 4 variant=fp enabled=0 outer=200000 calls=256 ns_per_outer=1026.9 ns_per_call=4.01
rep 5 variant=fp enabled=0 outer=200000 calls=256 ns_per_outer=988.0 ns_per_call=3.86
rep 6 variant=fp enabled=0 outer=200000 calls=256 ns_per_outer=1001.3 ns_per_call=3.91
result variant=fp enabled=0 outer=200000 calls=256 reps=7 median_ns_per_outer=1038.1 median_ns_per_call=4.05 min_ns_per_call=3.86 acc=409600000
[    5.108649] kjit: translate_svc_sites pid 82: 2 text ranges, 111 svc sites
[    5.109207] rust_kjit: kjit: pc 0x401028: installed 532 bytes, 0 fault sites, 4 entries, text 0x401028..0x401038, fpsimd true
[    5.109802] rust_kjit: kjit: pc 0x40100c: installed 1088 bytes, 1 fault sites, 11 entries, text 0x400ffc..0x401028, fpsimd false
rep 0 variant=fp enabled=1 outer=20000 calls=256 ns_per_outer=1754.0 ns_per_call=6.85
rep 1 variant=fp enabled=1 outer=20000 calls=256 ns_per_outer=1812.5 ns_per_call=7.08
rep 2 variant=fp enabled=1 outer=20000 calls=256 ns_per_outer=1743.6 ns_per_call=6.81
rep 3 variant=fp enabled=1 outer=20000 calls=256 ns_per_outer=1755.9 ns_per_call=6.86
rep 4 variant=fp enabled=1 outer=20000 calls=256 ns_per_outer=1749.7 ns_per_call=6.83
rep 5 variant=fp enabled=1 outer=20000 calls=256 ns_per_outer=1718.5 ns_per_call=6.71
rep 6 variant=fp enabled=1 outer=20000 calls=256 ns_per_outer=1739.0 ns_per_call=6.79
result variant=fp enabled=1 outer=20000 calls=256 reps=7 median_ns_per_outer=1749.7 median_ns_per_call=6.83 min_ns_per_call=6.71 acc=40960000
counters variant=fp timed_outer=140000 hook_calls=140045 syscalls_in_kernel=139965 fragment_entries=280017 fpsimd_entries=139973 fpsimd_restores=0 chains=139972 chain_cap=0 exit_svc=139965 exit_bl=139972 exit_blr=0 exit_br=0 exit_ret=80 exit_mem=0 exit_unsupported=0 exit_budget=0 run_declined=0
a11: ibtc_variant=3
a11: warm-up at off
a11maps aaaac81a0000-aaaac83f0000 r-xp 00000000 00:03 4263                       /opt/redis/src/redis-server
a11maps aaaac83f9000-aaaac8400000 r--p 00259000 00:03 4263                       /opt/redis/src/redis-server
a11maps aaaac8400000-aaaac8459000 rw-p 00260000 00:03 4263                       /opt/redis/src/redis-server
a11maps aaaac8459000-aaaac868c000 rw-p 00000000 00:00 0 
a11maps aaaad29aa000-aaaad29cb000 rw-p 00000000 00:00 0                          [heap]
a11maps ffff89940000-ffff89bc0000 rw-p 00000000 00:00 0 
a11maps ffff89bc0000-ffff89bd0000 ---p 00000000 00:00 0 
a11maps ffff89bd0000-ffff8a3d0000 rw-p 00000000 00:00 0 
a11maps ffff8a3d0000-ffff8a3e0000 ---p 00000000 00:00 0 
a11maps ffff8a3e0000-ffff8abe0000 rw-p 00000000 00:00 0 
a11maps ffff8abe0000-ffff8abf0000 ---p 00000000 00:00 0 
a11maps ffff8abf0000-ffff8b3f0000 rw-p 00000000 00:00 0 
a11maps ffff8b3f0000-ffff8b400000 ---p 00000000 00:00 0 
a11maps ffff8b400000-ffff8bc00000 rw-p 00000000 00:00 0 
a11maps ffff8bc00000-ffff8c400000 rw-p 00000000 00:00 0 
a11maps ffff8c5c0000-ffff8c74c000 r-xp 00000000 00:03 816                        /usr/lib/aarch64-linux-gnu/libc.so.6
a11maps ffff8c74c000-ffff8c75c000 ---p 0018c000 00:03 816                        /usr/lib/aarch64-linux-gnu/libc.so.6
a11maps ffff8c75c000-ffff8c760000 r--p 0018c000 00:03 816                        /usr/lib/aarch64-linux-gnu/libc.so.6
a11maps ffff8c760000-ffff8c762000 rw-p 00190000 00:03 816                        /usr/lib/aarch64-linux-gnu/libc.so.6
a11maps ffff8c762000-ffff8c76f000 rw-p 00000000 00:00 0 
a11maps ffff8c770000-ffff8c7f2000 r-xp 00000000 00:03 863                        /usr/lib/aarch64-linux-gnu/libm.so.6
a11maps ffff8c7f2000-ffff8c80f000 ---p 00082000 00:03 863                        /usr/lib/aarch64-linux-gnu/libm.so.6
a11maps ffff8c80f000-ffff8c810000 r--p 0008f000 00:03 863                        /usr/lib/aarch64-linux-gnu/libm.so.6
a11maps ffff8c810000-ffff8c811000 rw-p 00090000 00:03 863                        /usr/lib/aarch64-linux-gnu/libm.so.6
a11maps ffff8c81b000-ffff8c842000 r-xp 00000000 00:03 796                        /usr/lib/aarch64-linux-gnu/ld-linux-aarch64.so.1
a11maps ffff8c84c000-ffff8c850000 rw-p 00000000 00:00 0 
a11maps ffff8c852000-ffff8c854000 rw-p 00000000 00:00 0 
a11maps ffff8c854000-ffff8c858000 r--p 00000000 00:00 0                          [vvar]
a11maps ffff8c858000-ffff8c859000 r-xp 00000000 00:00 0                          [vdso]
a11maps ffff8c859000-ffff8c85b000 r--p 0002e000 00:03 796                        /usr/lib/aarch64-linux-gnu/ld-linux-aarch64.so.1
a11maps ffff8c85b000-ffff8c85d000 rw-p 00030000 00:03 796                        /usr/lib/aarch64-linux-gnu/ld-linux-aarch64.so.1
a11maps ffffc2876000-ffffc2897000 rw-p 00000000 00:00 0                          [stack]
a11 point=off pass=1 test=set requests=200000 rps=187617.27 hook_calls=0 syscalls_in_kernel=0 fragment_entries=0 fpsimd_entries=0 fpsimd_restores=0 chains=0 chain_cap=0 exit_svc=0 exit_bl=0 exit_blr=0 exit_br=0 exit_ret=0 exit_mem=0 exit_unsupported=0 exit_budget=0 run_declined=0 ibtc_insert=0 ibtc_replace=0 ibtc_clear=0 ibtc_fpsimd_boundary=0 ibtc_miss_cold=0 ibtc_miss_conflict=0 ibtc_miss_other=0 fpsimd_run_max_ns=83958 miss_residual=0
a11slots point=off pass=1 test=set # table all conflicts 0 slots 0 top32 0
a11slots point=off pass=1 test=set # table nofp conflicts 0 slots 0 top32 0
a11 point=off pass=1 test=get requests=200000 rps=183318.06 hook_calls=0 syscalls_in_kernel=0 fragment_entries=0 fpsimd_entries=0 fpsimd_restores=0 chains=0 chain_cap=0 exit_svc=0 exit_bl=0 exit_blr=0 exit_br=0 exit_ret=0 exit_mem=0 exit_unsupported=0 exit_budget=0 run_declined=0 ibtc_insert=0 ibtc_replace=0 ibtc_clear=0 ibtc_fpsimd_boundary=0 ibtc_miss_cold=0 ibtc_miss_conflict=0 ibtc_miss_other=0 fpsimd_run_max_ns=83958 miss_residual=0
a11slots point=off pass=1 test=get # table all conflicts 0 slots 0 top32 0
a11slots point=off pass=1 test=get # table nofp conflicts 0 slots 0 top32 0
a11 point=1024 pass=1 test=set requests=200000 rps=141944.64 hook_calls=408878 syscalls_in_kernel=384605 fragment_entries=607294 fpsimd_entries=198958 fpsimd_restores=0 chains=199222 chain_cap=0 exit_svc=384605 exit_bl=6897 exit_blr=857 exit_br=199598 exit_ret=9956 exit_mem=0 exit_unsupported=5381 exit_budget=0 run_declined=14 ibtc_insert=537 ibtc_replace=0 ibtc_clear=0 ibtc_fpsimd_boundary=198950 ibtc_miss_cold=18358 ibtc_miss_conflict=0 ibtc_miss_other=0 fpsimd_run_max_ns=335791 miss_residual=0
a11slots point=1024 pass=1 test=set # table all conflicts 0 slots 0 top32 0
a11slots point=1024 pass=1 test=set # table nofp conflicts 0 slots 0 top32 0
a11 point=1024 pass=1 test=get requests=200000 rps=132187.70 hook_calls=409552 syscalls_in_kernel=398630 fragment_entries=609020 fpsimd_entries=200006 fpsimd_restores=0 chains=200021 chain_cap=0 exit_svc=398630 exit_bl=841 exit_blr=90 exit_br=200002 exit_ret=921 exit_mem=1 exit_unsupported=8535 exit_budget=0 run_declined=18 ibtc_insert=33 ibtc_replace=0 ibtc_clear=0 ibtc_fpsimd_boundary=200003 ibtc_miss_cold=1851 ibtc_miss_conflict=0 ibtc_miss_other=0 fpsimd_run_max_ns=8392916 miss_residual=0
a11slots point=1024 pass=1 test=get # table all conflicts 0 slots 0 top32 0
a11slots point=1024 pass=1 test=get # table nofp conflicts 0 slots 0 top32 0
a11 point=off pass=2 test=set requests=200000 rps=221975.58 hook_calls=0 syscalls_in_kernel=0 fragment_entries=0 fpsimd_entries=0 fpsimd_restores=0 chains=0 chain_cap=0 exit_svc=0 exit_bl=0 exit_blr=0 exit_br=0 exit_ret=0 exit_mem=0 exit_unsupported=0 exit_budget=0 run_declined=0 ibtc_insert=0 ibtc_replace=0 ibtc_clear=0 ibtc_fpsimd_boundary=0 ibtc_miss_cold=0 ibtc_miss_conflict=0 ibtc_miss_other=0 fpsimd_run_max_ns=8392916 miss_residual=0
a11slots point=off pass=2 test=set # table all conflicts 0 slots 0 top32 0
a11slots point=off pass=2 test=set # table nofp conflicts 0 slots 0 top32 0
a11 point=off pass=2 test=get requests=200000 rps=193050.19 hook_calls=0 syscalls_in_kernel=0 fragment_entries=0 fpsimd_entries=0 fpsimd_restores=0 chains=0 chain_cap=0 exit_svc=0 exit_bl=0 exit_blr=0 exit_br=0 exit_ret=0 exit_mem=0 exit_unsupported=0 exit_budget=0 run_declined=0 ibtc_insert=0 ibtc_replace=0 ibtc_clear=0 ibtc_fpsimd_boundary=0 ibtc_miss_cold=0 ibtc_miss_conflict=0 ibtc_miss_other=0 fpsimd_run_max_ns=8392916 miss_residual=0
a11slots point=off pass=2 test=get # table all conflicts 0 slots 0 top32 0
a11slots point=off pass=2 test=get # table nofp conflicts 0 slots 0 top32 0
a11 point=1024 pass=2 test=set requests=200000 rps=138408.30 hook_calls=408900 syscalls_in_kernel=399666 fragment_entries=608348 fpsimd_entries=200001 fpsimd_restores=0 chains=200001 chain_cap=0 exit_svc=399668 exit_bl=466 exit_blr=25 exit_br=200001 exit_ret=269 exit_mem=6 exit_unsupported=7913 exit_budget=0 run_declined=19 ibtc_insert=0 ibtc_replace=0 ibtc_clear=0 ibtc_fpsimd_boundary=200001 ibtc_miss_cold=760 ibtc_miss_conflict=0 ibtc_miss_other=0 fpsimd_run_max_ns=8392916 miss_residual=0
a11slots point=1024 pass=2 test=set # table all conflicts 0 slots 0 top32 0
a11slots point=1024 pass=2 test=set # table nofp conflicts 0 slots 0 top32 0
a11 point=1024 pass=2 test=get requests=200000 rps=156985.86 hook_calls=408946 syscalls_in_kernel=399735 fragment_entries=608397 fpsimd_entries=200001 fpsimd_restores=0 chains=200001 chain_cap=0 exit_svc=399736 exit_bl=382 exit_blr=19 exit_br=200001 exit_ret=270 exit_mem=1 exit_unsupported=7988 exit_budget=0 run_declined=15 ibtc_insert=0 ibtc_replace=0 ibtc_clear=0 ibtc_fpsimd_boundary=200001 ibtc_miss_cold=671 ibtc_miss_conflict=0 ibtc_miss_other=0 fpsimd_run_max_ns=8392916 miss_residual=0
a11slots point=1024 pass=2 test=get # table all conflicts 0 slots 0 top32 0
a11slots point=1024 pass=2 test=get # table nofp conflicts 0 slots 0 top32 0
a11 point=off pass=3 test=set requests=200000 rps=219780.22 hook_calls=0 syscalls_in_kernel=0 fragment_entries=0 fpsimd_entries=0 fpsimd_restores=0 chains=0 chain_cap=0 exit_svc=0 exit_bl=0 exit_blr=0 exit_br=0 exit_ret=0 exit_mem=0 exit_unsupported=0 exit_budget=0 run_declined=0 ibtc_insert=0 ibtc_replace=0 ibtc_clear=0 ibtc_fpsimd_boundary=0 ibtc_miss_cold=0 ibtc_miss_conflict=0 ibtc_miss_other=0 fpsimd_run_max_ns=8392916 miss_residual=0
a11slots point=off pass=3 test=set # table all conflicts 0 slots 0 top32 0
a11slots point=off pass=3 test=set # table nofp conflicts 0 slots 0 top32 0
a11 point=off pass=3 test=get requests=200000 rps=231213.88 hook_calls=0 syscalls_in_kernel=0 fragment_entries=0 fpsimd_entries=0 fpsimd_restores=0 chains=0 chain_cap=0 exit_svc=0 exit_bl=0 exit_blr=0 exit_br=0 exit_ret=0 exit_mem=0 exit_unsupported=0 exit_budget=0 run_declined=0 ibtc_insert=0 ibtc_replace=0 ibtc_clear=0 ibtc_fpsimd_boundary=0 ibtc_miss_cold=0 ibtc_miss_conflict=0 ibtc_miss_other=0 fpsimd_run_max_ns=8392916 miss_residual=0
a11slots point=off pass=3 test=get # table all conflicts 0 slots 0 top32 0
a11slots point=off pass=3 test=get # table nofp conflicts 0 slots 0 top32 0
a11 point=1024 pass=3 test=set requests=200000 rps=140252.45 hook_calls=408905 syscalls_in_kernel=399668 fragment_entries=608348 fpsimd_entries=200001 fpsimd_restores=0 chains=200001 chain_cap=0 exit_svc=399668 exit_bl=458 exit_blr=28 exit_br=200001 exit_ret=269 exit_mem=9 exit_unsupported=7915 exit_budget=0 run_declined=23 ibtc_insert=0 ibtc_replace=0 ibtc_clear=0 ibtc_fpsimd_boundary=200001 ibtc_miss_cold=755 ibtc_miss_conflict=0 ibtc_miss_other=0 fpsimd_run_max_ns=8392916 miss_residual=0
a11slots point=1024 pass=3 test=set # table all conflicts 0 slots 0 top32 0
a11slots point=1024 pass=3 test=set # table nofp conflicts 0 slots 0 top32 0
a11 point=1024 pass=3 test=get requests=200000 rps=116144.02 hook_calls=409795 syscalls_in_kernel=399644 fragment_entries=609233 fpsimd_entries=200000 fpsimd_restores=0 chains=200000 chain_cap=0 exit_svc=399644 exit_bl=473 exit_blr=28 exit_br=200000 exit_ret=273 exit_mem=5 exit_unsupported=8810 exit_budget=0 run_declined=21 ibtc_insert=0 ibtc_replace=0 ibtc_clear=0 ibtc_fpsimd_boundary=200000 ibtc_miss_cold=774 ibtc_miss_conflict=0 ibtc_miss_other=0 fpsimd_run_max_ns=10094541 miss_residual=0
a11slots point=1024 pass=3 test=get # table all conflicts 0 slots 0 top32 0
a11slots point=1024 pass=3 test=get # table nofp conflicts 0 slots 0 top32 0
a11maps-end aaaac81a0000-aaaac83f0000 r-xp 00000000 00:03 4263                       /opt/redis/src/redis-server
a11maps-end aaaac83f9000-aaaac8400000 r--p 00259000 00:03 4263                       /opt/redis/src/redis-server
a11maps-end aaaac8400000-aaaac8459000 rw-p 00260000 00:03 4263                       /opt/redis/src/redis-server
a11maps-end aaaac8459000-aaaac868c000 rw-p 00000000 00:00 0 
a11maps-end aaaad29aa000-aaaad29cb000 rw-p 00000000 00:00 0                          [heap]
a11maps-end ffff89940000-ffff89bc0000 rw-p 00000000 00:00 0 
a11maps-end ffff89bc0000-ffff89bd0000 ---p 00000000 00:00 0 
a11maps-end ffff89bd0000-ffff8a3d0000 rw-p 00000000 00:00 0 
a11maps-end ffff8a3d0000-ffff8a3e0000 ---p 00000000 00:00 0 
a11maps-end ffff8a3e0000-ffff8abe0000 rw-p 00000000 00:00 0 
a11maps-end ffff8abe0000-ffff8abf0000 ---p 00000000 00:00 0 
a11maps-end ffff8abf0000-ffff8b3f0000 rw-p 00000000 00:00 0 
a11maps-end ffff8b3f0000-ffff8b400000 ---p 00000000 00:00 0 
a11maps-end ffff8b400000-ffff8bc00000 rw-p 00000000 00:00 0 
a11maps-end ffff8bc00000-ffff8c400000 rw-p 00000000 00:00 0 
a11maps-end ffff8c5c0000-ffff8c74c000 r-xp 00000000 00:03 816                        /usr/lib/aarch64-linux-gnu/libc.so.6
a11maps-end ffff8c74c000-ffff8c75c000 ---p 0018c000 00:03 816                        /usr/lib/aarch64-linux-gnu/libc.so.6
a11maps-end ffff8c75c000-ffff8c760000 r--p 0018c000 00:03 816                        /usr/lib/aarch64-linux-gnu/libc.so.6
a11maps-end ffff8c760000-ffff8c762000 rw-p 00190000 00:03 816                        /usr/lib/aarch64-linux-gnu/libc.so.6
a11maps-end ffff8c762000-ffff8c76f000 rw-p 00000000 00:00 0 
a11maps-end ffff8c770000-ffff8c7f2000 r-xp 00000000 00:03 863                        /usr/lib/aarch64-linux-gnu/libm.so.6
a11maps-end ffff8c7f2000-ffff8c80f000 ---p 00082000 00:03 863                        /usr/lib/aarch64-linux-gnu/libm.so.6
a11maps-end ffff8c80f000-ffff8c810000 r--p 0008f000 00:03 863                        /usr/lib/aarch64-linux-gnu/libm.so.6
a11maps-end ffff8c810000-ffff8c811000 rw-p 00090000 00:03 863                        /usr/lib/aarch64-linux-gnu/libm.so.6
a11maps-end ffff8c81b000-ffff8c842000 r-xp 00000000 00:03 796                        /usr/lib/aarch64-linux-gnu/ld-linux-aarch64.so.1
a11maps-end ffff8c84c000-ffff8c850000 rw-p 00000000 00:00 0 
a11maps-end ffff8c852000-ffff8c854000 rw-p 00000000 00:00 0 
a11maps-end ffff8c854000-ffff8c858000 r--p 00000000 00:00 0                          [vvar]
a11maps-end ffff8c858000-ffff8c859000 r-xp 00000000 00:00 0                          [vdso]
a11maps-end ffff8c859000-ffff8c85b000 r--p 0002e000 00:03 796                        /usr/lib/aarch64-linux-gnu/ld-linux-aarch64.so.1
a11maps-end ffff8c85b000-ffff8c85d000 rw-p 00030000 00:03 796                        /usr/lib/aarch64-linux-gnu/ld-linux-aarch64.so.1
a11maps-end ffffc2876000-ffffc2897000 rw-p 00000000 00:00 0                          [stack]
a11: done
[   36.434194] kjit: 0 of 295 translation requests still queued at unload (freed by the kernel)
[   36.459785] rust_kjit: ######## Rust KJIT exits ########
kjit-init: rmmod kjit ok
kjit-init: run exit=0
[   36.480554] reboot: Power down
guest-run: PASS (/Volumes/Local/kjit-a4b2/build/runs/meas-v3-20261009-031102/serial.log)
grun: rc=0 run_dir=/Volumes/Local/kjit-a4b2/build/runs/meas-v3-20261009-031102
