[    0.000000] Booting Linux on physical CPU 0x0000000000 [0x610f0000]
[    0.000000] Linux version 7.1.0-rc1 (@6906d107117b) (Ubuntu clang version 18.1.3 (1ubuntu1), Ubuntu LLD 18.1.3) #1 SMP PREEMPT Fri Oct  2 08:37:58 UTC 2026
[    0.000000] random: crng init done
[    0.000000] Machine model: linux,dummy-virt
[    0.000000] OF: reserved mem: Reserved memory: No reserved-memory node in the DT
[    0.000000] psci: probing for conduit method from DT.
[    0.000000] psci: PSCIv1.1 detected in firmware.
[    0.000000] psci: Using standard PSCI v0.2 function IDs
[    0.000000] psci: Trusted OS migration not required
[    0.000000] psci: SMC Calling Convention v1.0
[    0.000000] Zone ranges:
[    0.000000]   Normal   [mem 0x0000000040000000-0x000000013fffffff]
[    0.000000] Movable zone start for each node
[    0.000000] Early memory node ranges
[    0.000000]   node   0: [mem 0x0000000040000000-0x000000013fffffff]
[    0.000000] Initmem setup node 0 [mem 0x0000000040000000-0x000000013fffffff]
[    0.000000] percpu: Embedded 19 pages/cpu s38488 r8192 d31144 u77824
[    0.000000] Detected PIPT I-cache on CPU0
[    0.000000] CPU features: detected: Address authentication (IMP DEF algorithm)
[    0.000000] CPU features: detected: Spectre-v4
[    0.000000] CPU features: detected: Spectre-BHB
[    0.000000] alternatives: applying boot alternatives
[    0.000000] Kernel command line: console=ttyAMA0 panic=-1 nokaslr
[    0.000000] Unknown kernel command line parameters "nokaslr", will be passed to user space.
[    0.000000] printk: log buffer data + meta data: 131072 + 458752 = 589824 bytes
[    0.000000] Dentry cache hash table entries: 524288 (order: 10, 4194304 bytes, linear)
[    0.000000] Inode-cache hash table entries: 262144 (order: 9, 2097152 bytes, linear)
[    0.000000] software IO TLB: SWIOTLB bounce buffer size adjusted to 4MB
[    0.000000] software IO TLB: area num 4.
[    0.000000] software IO TLB: mapped [mem 0x000000013ac00000-0x000000013b000000] (4MB)
[    0.000000] Built 1 zonelists, mobility grouping on.  Total pages: 1048576
[    0.000000] mem auto-init: stack:all(zero), heap alloc:off, heap free:off
[    0.000000] SLUB: HWalign=64, Order=0-3, MinObjects=0, CPUs=4, Nodes=1
[    0.000000] rcu: Preemptible hierarchical RCU implementation.
[    0.000000] rcu: 	RCU restricting CPUs from NR_CPUS=512 to nr_cpu_ids=4.
[    0.000000] rcu: RCU calculated value of scheduler-enlistment delay is 25 jiffies.
[    0.000000] rcu: Adjusting geometry for rcu_fanout_leaf=16, nr_cpu_ids=4
[    0.000000] NR_IRQS: 64, nr_irqs: 64, preallocated irqs: 0
[    0.000000] Root IRQ handler: gic_handle_irq
[    0.000000] GICv2m: range[mem 0x08020000-0x08020fff], SPI[80:143]
[    0.000000] rcu: srcu_init: Setting srcu_struct sizes based on contention.
[    0.000000] arch_timer: cp15 timer running at 24.00MHz (virt).
[    0.000000] clocksource: arch_sys_counter: mask: 0xffffffffffffff max_cycles: 0x588fe9dc0, max_idle_ns: 440795202592 ns
[    0.000000] sched_clock: 56 bits at 24MHz, resolution 41ns, wraps every 4398046511097ns
[    0.000106] Console: colour dummy device 80x25
[    0.000115] Calibrating delay loop (skipped), value calculated using timer frequency.. 48.00 BogoMIPS (lpj=96000)
[    0.000119] pid_max: default: 32768 minimum: 301
[    0.000252] Mount-cache hash table entries: 8192 (order: 4, 65536 bytes, linear)
[    0.000261] Mountpoint-cache hash table entries: 8192 (order: 4, 65536 bytes, linear)
[    0.000338] VFS: Finished mounting rootfs on nullfs
[    0.000476] cacheinfo: Unable to detect cache hierarchy for CPU 0
[    0.000579] rcu: Hierarchical SRCU implementation.
[    0.000580] rcu: 	Max phase no-delay instances is 1000.
[    0.000598] Timer migration: 1 hierarchy levels; 8 children per group; 1 crossnode level
[    0.000632] smp: Bringing up secondary CPUs ...
[    0.000839] Detected PIPT I-cache on CPU1
[    0.000935] CPU1: Booted secondary processor 0x0000000001 [0x610f0000]
[    0.001307] Detected PIPT I-cache on CPU2
[    0.001421] CPU2: Booted secondary processor 0x0000000002 [0x610f0000]
[    0.001684] Detected PIPT I-cache on CPU3
[    0.001786] CPU3: Booted secondary processor 0x0000000003 [0x610f0000]
[    0.001923] smp: Brought up 1 node, 4 CPUs
[    0.001925] SMP: Total of 4 processors activated.
[    0.001925] CPU: All CPU(s) started at EL1
[    0.001926] CPU features: detected: ARMv8.4 Translation Table Level
[    0.001927] CPU features: detected: Data cache clean to the PoU not required for I/D coherence
[    0.001928] CPU features: detected: CRC32 instructions
[    0.001928] CPU features: detected: Data independent timing control (DIT)
[    0.001928] CPU features: detected: E0PD
[    0.001929] CPU features: detected: Generic authentication (IMP DEF algorithm)
[    0.001930] CPU features: detected: RCpc load-acquire (LDAPR)
[    0.001930] CPU features: detected: LSE atomic instructions
[    0.001930] CPU features: detected: Privileged Access Never
[    0.001931] CPU features: detected: Speculation barrier (SB)
[    0.001931] CPU features: detected: TLB range maintenance instructions
[    0.001931] CPU features: detected: XNX
[    0.002041] alternatives: applying system-wide alternatives
[    0.003169] Memory: 3934216K/4194304K available (5248K kernel code, 754K rwdata, 2356K rodata, 576K init, 405K bss, 256908K reserved, 0K cma-reserved)
[    0.003417] devtmpfs: initialized
[    0.003708] clocksource: jiffies: mask: 0xffffffff max_cycles: 0xffffffff, max_idle_ns: 7645041785100000 ns
[    0.003712] posixtimers hash table entries: 2048 (order: 3, 32768 bytes, linear)
[    0.003728] futex hash table entries: 1024 (65536 bytes on 1 NUMA nodes, total 64 KiB, linear).
[    0.003734] 30384 pages in range for non-PLT usage
[    0.003734] 521904 pages in range for PLT usage
[    0.003793] NET: Registered PF_NETLINK/PF_ROUTE protocol family
[    0.004328] DMA: preallocated 512 KiB GFP_KERNEL pool for atomic allocations
[    0.004372] ASID allocator initialised with 256 entries
[    0.004379] Serial: AMBA PL011 UART driver
[    0.004815] 9000000.pl011: ttyAMA0 at MMIO 0x9000000 (irq = 13, base_baud = 0) is a PL011 rev1
[    0.005014] printk: console [ttyAMA0] enabled
[    0.009598] vgaarb: loaded
[    0.009812] clocksource: Switched to clocksource arch_sys_counter
[    0.013743] NET: Registered PF_INET protocol family
[    0.013898] IP idents hash table entries: 65536 (order: 7, 524288 bytes, linear)
[    0.014369] tcp_listen_portaddr_hash hash table entries: 2048 (order: 3, 32768 bytes, linear)
[    0.014375] Table-perturb hash table entries: 65536 (order: 6, 262144 bytes, linear)
[    0.014378] TCP established hash table entries: 32768 (order: 6, 262144 bytes, linear)
[    0.014430] TCP bind hash table entries: 32768 (order: 8, 1048576 bytes, linear)
[    0.014588] TCP: Hash tables configured (established 32768 bind 32768)
[    0.014613] UDP hash table entries: 2048 (order: 5, 131072 bytes, linear)
[    0.014646] NET: Registered PF_UNIX/PF_LOCAL protocol family
[    0.014652] PCI: CLS 0 bytes, default 64
[    0.014797] Unpacking initramfs...
[    0.026261] workingset: timestamp_bits=46 (anon: 42) max_order=20 bucket_order=0 (anon: 0)
[    0.026388] 9p: Installing v9fs 9p2000 file system support
[    0.026864] pci-host-generic 4010000000.pcie: host bridge /pcie@10000000 ranges:
[    0.026870] pci-host-generic 4010000000.pcie:       IO 0x003eff0000..0x003effffff -> 0x0000000000
[    0.026873] pci-host-generic 4010000000.pcie:      MEM 0x0010000000..0x003efeffff -> 0x0010000000
[    0.026874] pci-host-generic 4010000000.pcie:      MEM 0x8000000000..0xffffffffff -> 0x8000000000
[    0.026887] pci-host-generic 4010000000.pcie: Memory resource size exceeds max for 32 bits
[    0.026896] pci-host-generic 4010000000.pcie: ECAM at [mem 0x4010000000-0x401fffffff] for [bus 00-ff]
[    0.026910] pci-host-generic 4010000000.pcie: PCI host bridge to bus 0000:00
[    0.026911] pci_bus 0000:00: root bus resource [bus 00-ff]
[    0.026912] pci_bus 0000:00: root bus resource [io  0x0000-0xffff]
[    0.026913] pci_bus 0000:00: root bus resource [mem 0x10000000-0x3efeffff]
[    0.026913] pci_bus 0000:00: root bus resource [mem 0x8000000000-0xffffffffff]
[    0.026952] pci 0000:00:00.0: [1b36:0008] type 00 class 0x060000 conventional PCI endpoint
[    0.027329] pci 0000:00:01.0: [1af4:1000] type 00 class 0x020000 conventional PCI endpoint
[    0.027480] pci 0000:00:01.0: BAR 0 [io  0x0000-0x001f]
[    0.027483] pci 0000:00:01.0: BAR 1 [mem 0x00000000-0x00000fff]
[    0.027489] pci 0000:00:01.0: BAR 4 [mem 0x00000000-0x00003fff 64bit pref]
[    0.027496] pci 0000:00:01.0: ROM [mem 0x00000000-0x0003ffff pref]
[    0.027885] pci 0000:00:02.0: [1af4:1009] type 00 class 0x000200 conventional PCI endpoint
[    0.028019] pci 0000:00:02.0: BAR 0 [io  0x0000-0x003f]
[    0.028023] pci 0000:00:02.0: BAR 1 [mem 0x00000000-0x00000fff]
[    0.028037] pci 0000:00:02.0: BAR 4 [mem 0x00000000-0x00003fff 64bit pref]
[    0.028368] pci 0000:00:03.0: [1af4:1005] type 00 class 0x00ff00 conventional PCI endpoint
[    0.028591] pci 0000:00:03.0: BAR 0 [io  0x0000-0x001f]
[    0.028600] pci 0000:00:03.0: BAR 1 [mem 0x00000000-0x00000fff]
[    0.028608] pci 0000:00:03.0: BAR 4 [mem 0x00000000-0x00003fff 64bit pref]
[    0.028982] pci 0000:00:01.0: ROM [mem 0x10000000-0x1003ffff pref]: assigned
[    0.028984] pci 0000:00:01.0: BAR 4 [mem 0x8000000000-0x8000003fff 64bit pref]: assigned
[    0.029022] pci 0000:00:02.0: BAR 4 [mem 0x8000004000-0x8000007fff 64bit pref]: assigned
[    0.029040] pci 0000:00:03.0: BAR 4 [mem 0x8000008000-0x800000bfff 64bit pref]: assigned
[    0.029068] pci 0000:00:01.0: BAR 1 [mem 0x10040000-0x10040fff]: assigned
[    0.029074] pci 0000:00:02.0: BAR 1 [mem 0x10041000-0x10041fff]: assigned
[    0.029083] pci 0000:00:03.0: BAR 1 [mem 0x10042000-0x10042fff]: assigned
[    0.029090] pci 0000:00:02.0: BAR 0 [io  0x1000-0x103f]: assigned
[    0.029094] pci 0000:00:01.0: BAR 0 [io  0x1040-0x105f]: assigned
[    0.029098] pci 0000:00:03.0: BAR 0 [io  0x1060-0x107f]: assigned
[    0.029103] pci_bus 0000:00: resource 4 [io  0x0000-0xffff]
[    0.029104] pci_bus 0000:00: resource 5 [mem 0x10000000-0x3efeffff]
[    0.029104] pci_bus 0000:00: resource 6 [mem 0x8000000000-0xffffffffff]
[    0.030230] virtio-pci 0000:00:01.0: enabling device (0000 -> 0003)
[    0.031235] virtio-pci 0000:00:02.0: enabling device (0000 -> 0003)
[    0.032009] virtio-pci 0000:00:03.0: enabling device (0000 -> 0003)
[    0.088073] rtc-pl031 9010000.pl031: registered as rtc0
[    0.088099] rtc-pl031 9010000.pl031: setting system clock to 2026-10-08T18:45:20 UTC (1791485120)
[    0.088234] NET: Registered PF_INET6 protocol family
[    0.088756] Segment Routing with IPv6
[    0.088767] In-situ OAM (IOAM) with IPv6
[    0.088779] sit: IPv6, IPv4 and MPLS over IPv4 tunneling driver
[    0.088840] NET: Registered PF_PACKET protocol family
[    0.088846] 9pnet: Installing 9P2000 support
[    0.094328] clk: Disabling unused clocks
[    0.106966] Freeing initrd memory: 161888K
[    0.107559] Freeing unused kernel memory: 576K
[    0.107611] Run /init as init process
[    0.123200] kjit: loading out-of-tree module taints kernel.
[    0.124321] rust_kjit: ######## Rust KJIT inits ########
[    0.124361] rust_kjit: kjit: dispatch variant 0
[    0.124406] rust_kjit: golden tests/arm64/toy_cfg.s:hot_svc_mark PASS: 800 fragment bytes match harness
kjit-init: insmod kjit.ko ok
meas: variant=0
rep 0 variant=gpr enabled=0 outer=200000 calls=16 ns_per_outer=140.8 ns_per_call=8.80
rep 1 variant=gpr enabled=0 outer=200000 calls=16 ns_per_outer=139.8 ns_per_call=8.74
rep 2 variant=gpr enabled=0 outer=200000 calls=16 ns_per_outer=143.9 ns_per_call=8.99
rep 3 variant=gpr enabled=0 outer=200000 calls=16 ns_per_outer=141.8 ns_per_call=8.86
rep 4 variant=gpr enabled=0 outer=200000 calls=16 ns_per_outer=141.4 ns_per_call=8.84
rep 5 variant=gpr enabled=0 outer=200000 calls=16 ns_per_outer=141.4 ns_per_call=8.83
rep 6 variant=gpr enabled=0 outer=200000 calls=16 ns_per_outer=141.3 ns_per_call=8.83
result variant=gpr enabled=0 outer=200000 calls=16 reps=7 median_ns_per_outer=141.4 median_ns_per_call=8.83 min_ns_per_call=8.74 acc=25600000
[    0.373243] kjit: translate_svc_sites pid 68: 2 text ranges, 111 svc sites
[    0.373989] rust_kjit: kjit: pc 0x400fe8: installed 488 bytes, 0 fault sites, 2 entries, text 0x400fe8..0x400ff0, fpsimd false
[    0.374519] rust_kjit: kjit: pc 0x400fcc: installed 1016 bytes, 1 fault sites, 11 entries, text 0x400fbc..0x400fe8, fpsimd false
rep 0 variant=gpr enabled=1 outer=20000 calls=16 ns_per_outer=150.7 ns_per_call=9.42
rep 1 variant=gpr enabled=1 outer=20000 calls=16 ns_per_outer=150.1 ns_per_call=9.38
rep 2 variant=gpr enabled=1 outer=20000 calls=16 ns_per_outer=146.1 ns_per_call=9.13
rep 3 variant=gpr enabled=1 outer=20000 calls=16 ns_per_outer=145.0 ns_per_call=9.06
rep 4 variant=gpr enabled=1 outer=20000 calls=16 ns_per_outer=149.2 ns_per_call=9.32
rep 5 variant=gpr enabled=1 outer=20000 calls=16 ns_per_outer=144.9 ns_per_call=9.06
rep 6 variant=gpr enabled=1 outer=20000 calls=16 ns_per_outer=149.7 ns_per_call=9.35
result variant=gpr enabled=1 outer=20000 calls=16 reps=7 median_ns_per_outer=149.2 median_ns_per_call=9.32 min_ns_per_call=9.06 acc=2560000
counters variant=gpr timed_outer=140000 hook_calls=140045 syscalls_in_kernel=139965 fragment_entries=140045 fpsimd_entries=1 fpsimd_restores=0 chains=0 chain_cap=0 exit_svc=139965 exit_bl=0 exit_blr=0 exit_br=0 exit_ret=80 exit_mem=0 exit_unsupported=0 exit_budget=0 run_declined=0
rep 0 variant=fp enabled=0 outer=200000 calls=16 ns_per_outer=178.4 ns_per_call=11.15
rep 1 variant=fp enabled=0 outer=200000 calls=16 ns_per_outer=176.7 ns_per_call=11.05
rep 2 variant=fp enabled=0 outer=200000 calls=16 ns_per_outer=181.4 ns_per_call=11.34
rep 3 variant=fp enabled=0 outer=200000 calls=16 ns_per_outer=175.5 ns_per_call=10.97
rep 4 variant=fp enabled=0 outer=200000 calls=16 ns_per_outer=177.1 ns_per_call=11.07
rep 5 variant=fp enabled=0 outer=200000 calls=16 ns_per_outer=176.1 ns_per_call=11.00
rep 6 variant=fp enabled=0 outer=200000 calls=16 ns_per_outer=175.3 ns_per_call=10.95
result variant=fp enabled=0 outer=200000 calls=16 reps=7 median_ns_per_outer=176.7 median_ns_per_call=11.05 min_ns_per_call=10.95 acc=25600000
[    0.722123] kjit: translate_svc_sites pid 72: 2 text ranges, 111 svc sites
[    0.722486] rust_kjit: kjit: pc 0x401028: installed 496 bytes, 0 fault sites, 4 entries, text 0x401028..0x401038, fpsimd true
[    0.723038] rust_kjit: kjit: pc 0x40100c: installed 1016 bytes, 1 fault sites, 11 entries, text 0x400ffc..0x401028, fpsimd false
rep 0 variant=fp enabled=1 outer=20000 calls=16 ns_per_outer=210.4 ns_per_call=13.15
rep 1 variant=fp enabled=1 outer=20000 calls=16 ns_per_outer=213.4 ns_per_call=13.34
rep 2 variant=fp enabled=1 outer=20000 calls=16 ns_per_outer=216.1 ns_per_call=13.50
rep 3 variant=fp enabled=1 outer=20000 calls=16 ns_per_outer=221.4 ns_per_call=13.84
rep 4 variant=fp enabled=1 outer=20000 calls=16 ns_per_outer=216.2 ns_per_call=13.52
rep 5 variant=fp enabled=1 outer=20000 calls=16 ns_per_outer=211.6 ns_per_call=13.22
rep 6 variant=fp enabled=1 outer=20000 calls=16 ns_per_outer=220.0 ns_per_call=13.75
result variant=fp enabled=1 outer=20000 calls=16 reps=7 median_ns_per_outer=216.1 median_ns_per_call=13.50 min_ns_per_call=13.15 acc=2560000
counters variant=fp timed_outer=140000 hook_calls=140045 syscalls_in_kernel=139965 fragment_entries=280017 fpsimd_entries=139973 fpsimd_restores=0 chains=139972 chain_cap=0 exit_svc=139965 exit_bl=139972 exit_blr=0 exit_br=0 exit_ret=80 exit_mem=0 exit_unsupported=0 exit_budget=0 run_declined=0
rep 0 variant=gpr enabled=0 outer=200000 calls=128 ns_per_outer=256.0 ns_per_call=2.00
rep 1 variant=gpr enabled=0 outer=200000 calls=128 ns_per_outer=256.1 ns_per_call=2.00
rep 2 variant=gpr enabled=0 outer=200000 calls=128 ns_per_outer=256.3 ns_per_call=2.00
rep 3 variant=gpr enabled=0 outer=200000 calls=128 ns_per_outer=257.5 ns_per_call=2.01
rep 4 variant=gpr enabled=0 outer=200000 calls=128 ns_per_outer=257.0 ns_per_call=2.01
rep 5 variant=gpr enabled=0 outer=200000 calls=128 ns_per_outer=255.6 ns_per_call=2.00
rep 6 variant=gpr enabled=0 outer=200000 calls=128 ns_per_outer=252.0 ns_per_call=1.97
result variant=gpr enabled=0 outer=200000 calls=128 reps=7 median_ns_per_outer=256.1 median_ns_per_call=2.00 min_ns_per_call=1.97 acc=204800000
[    1.204208] kjit: translate_svc_sites pid 74: 2 text ranges, 111 svc sites
[    1.205185] rust_kjit: kjit: pc 0x400fe8: installed 488 bytes, 0 fault sites, 2 entries, text 0x400fe8..0x400ff0, fpsimd false
[    1.206085] rust_kjit: kjit: pc 0x400fcc: installed 1016 bytes, 1 fault sites, 11 entries, text 0x400fbc..0x400fe8, fpsimd false
rep 0 variant=gpr enabled=1 outer=20000 calls=128 ns_per_outer=841.6 ns_per_call=6.58
rep 1 variant=gpr enabled=1 outer=20000 calls=128 ns_per_outer=844.3 ns_per_call=6.60
rep 2 variant=gpr enabled=1 outer=20000 calls=128 ns_per_outer=837.5 ns_per_call=6.54
rep 3 variant=gpr enabled=1 outer=20000 calls=128 ns_per_outer=849.9 ns_per_call=6.64
rep 4 variant=gpr enabled=1 outer=20000 calls=128 ns_per_outer=848.8 ns_per_call=6.63
rep 5 variant=gpr enabled=1 outer=20000 calls=128 ns_per_outer=852.1 ns_per_call=6.66
rep 6 variant=gpr enabled=1 outer=20000 calls=128 ns_per_outer=835.6 ns_per_call=6.53
result variant=gpr enabled=1 outer=20000 calls=128 reps=7 median_ns_per_outer=844.3 median_ns_per_call=6.60 min_ns_per_call=6.53 acc=20480000
counters variant=gpr timed_outer=140000 hook_calls=140045 syscalls_in_kernel=139965 fragment_entries=140045 fpsimd_entries=1 fpsimd_restores=0 chains=0 chain_cap=0 exit_svc=139965 exit_bl=0 exit_blr=0 exit_br=0 exit_ret=80 exit_mem=0 exit_unsupported=0 exit_budget=0 run_declined=0
rep 0 variant=fp enabled=0 outer=200000 calls=128 ns_per_outer=536.0 ns_per_call=4.19
rep 1 variant=fp enabled=0 outer=200000 calls=128 ns_per_outer=534.5 ns_per_call=4.18
rep 2 variant=fp enabled=0 outer=200000 calls=128 ns_per_outer=535.4 ns_per_call=4.18
rep 3 variant=fp enabled=0 outer=200000 calls=128 ns_per_outer=533.6 ns_per_call=4.17
rep 4 variant=fp enabled=0 outer=200000 calls=128 ns_per_outer=538.6 ns_per_call=4.21
rep 5 variant=fp enabled=0 outer=200000 calls=128 ns_per_outer=534.2 ns_per_call=4.17
rep 6 variant=fp enabled=0 outer=200000 calls=128 ns_per_outer=540.5 ns_per_call=4.22
result variant=fp enabled=0 outer=200000 calls=128 reps=7 median_ns_per_outer=535.4 median_ns_per_call=4.18 min_ns_per_call=4.17 acc=204800000
[    2.237611] kjit: translate_svc_sites pid 76: 2 text ranges, 111 svc sites
[    2.238152] rust_kjit: kjit: pc 0x401028: installed 496 bytes, 0 fault sites, 4 entries, text 0x401028..0x401038, fpsimd true
[    2.238664] rust_kjit: kjit: pc 0x40100c: installed 1016 bytes, 1 fault sites, 11 entries, text 0x400ffc..0x401028, fpsimd false
rep 0 variant=fp enabled=1 outer=20000 calls=128 ns_per_outer=944.9 ns_per_call=7.38
rep 1 variant=fp enabled=1 outer=20000 calls=128 ns_per_outer=919.2 ns_per_call=7.18
rep 2 variant=fp enabled=1 outer=20000 calls=128 ns_per_outer=923.0 ns_per_call=7.21
rep 3 variant=fp enabled=1 outer=20000 calls=128 ns_per_outer=913.1 ns_per_call=7.13
rep 4 variant=fp enabled=1 outer=20000 calls=128 ns_per_outer=917.2 ns_per_call=7.17
rep 5 variant=fp enabled=1 outer=20000 calls=128 ns_per_outer=922.5 ns_per_call=7.21
rep 6 variant=fp enabled=1 outer=20000 calls=128 ns_per_outer=911.5 ns_per_call=7.12
result variant=fp enabled=1 outer=20000 calls=128 reps=7 median_ns_per_outer=919.2 median_ns_per_call=7.18 min_ns_per_call=7.12 acc=20480000
counters variant=fp timed_outer=140000 hook_calls=140045 syscalls_in_kernel=139965 fragment_entries=280017 fpsimd_entries=139973 fpsimd_restores=0 chains=139972 chain_cap=0 exit_svc=139965 exit_bl=139972 exit_blr=0 exit_br=0 exit_ret=80 exit_mem=0 exit_unsupported=0 exit_budget=0 run_declined=0
rep 0 variant=gpr enabled=0 outer=200000 calls=256 ns_per_outer=377.9 ns_per_call=1.48
rep 1 variant=gpr enabled=0 outer=200000 calls=256 ns_per_outer=378.8 ns_per_call=1.48
rep 2 variant=gpr enabled=0 outer=200000 calls=256 ns_per_outer=382.4 ns_per_call=1.49
rep 3 variant=gpr enabled=0 outer=200000 calls=256 ns_per_outer=379.2 ns_per_call=1.48
rep 4 variant=gpr enabled=0 outer=200000 calls=256 ns_per_outer=377.0 ns_per_call=1.47
rep 5 variant=gpr enabled=0 outer=200000 calls=256 ns_per_outer=377.5 ns_per_call=1.47
rep 6 variant=gpr enabled=0 outer=200000 calls=256 ns_per_outer=380.0 ns_per_call=1.48
result variant=gpr enabled=0 outer=200000 calls=256 reps=7 median_ns_per_outer=378.8 median_ns_per_call=1.48 min_ns_per_call=1.47 acc=409600000
[    3.028556] kjit: translate_svc_sites pid 78: 2 text ranges, 111 svc sites
[    3.028673] rust_kjit: kjit: pc 0x400fe8: installed 488 bytes, 0 fault sites, 2 entries, text 0x400fe8..0x400ff0, fpsimd false
[    3.029250] rust_kjit: kjit: pc 0x400fcc: installed 1016 bytes, 1 fault sites, 11 entries, text 0x400fbc..0x400fe8, fpsimd false
rep 0 variant=gpr enabled=1 outer=20000 calls=256 ns_per_outer=1643.6 ns_per_call=6.42
rep 1 variant=gpr enabled=1 outer=20000 calls=256 ns_per_outer=1657.0 ns_per_call=6.47
rep 2 variant=gpr enabled=1 outer=20000 calls=256 ns_per_outer=1660.6 ns_per_call=6.49
rep 3 variant=gpr enabled=1 outer=20000 calls=256 ns_per_outer=1640.9 ns_per_call=6.41
rep 4 variant=gpr enabled=1 outer=20000 calls=256 ns_per_outer=1650.2 ns_per_call=6.45
rep 5 variant=gpr enabled=1 outer=20000 calls=256 ns_per_outer=1647.5 ns_per_call=6.44
rep 6 variant=gpr enabled=1 outer=20000 calls=256 ns_per_outer=1656.0 ns_per_call=6.47
result variant=gpr enabled=1 outer=20000 calls=256 reps=7 median_ns_per_outer=1650.2 median_ns_per_call=6.45 min_ns_per_call=6.41 acc=40960000
counters variant=gpr timed_outer=140000 hook_calls=140045 syscalls_in_kernel=139965 fragment_entries=140045 fpsimd_entries=1 fpsimd_restores=0 chains=0 chain_cap=0 exit_svc=139965 exit_bl=0 exit_blr=0 exit_br=0 exit_ret=80 exit_mem=0 exit_unsupported=0 exit_budget=0 run_declined=0
rep 0 variant=fp enabled=0 outer=200000 calls=256 ns_per_outer=949.7 ns_per_call=3.71
rep 1 variant=fp enabled=0 outer=200000 calls=256 ns_per_outer=943.8 ns_per_call=3.69
rep 2 variant=fp enabled=0 outer=200000 calls=256 ns_per_outer=949.0 ns_per_call=3.71
rep 3 variant=fp enabled=0 outer=200000 calls=256 ns_per_outer=942.4 ns_per_call=3.68
rep 4 variant=fp enabled=0 outer=200000 calls=256 ns_per_outer=976.0 ns_per_call=3.81
rep 5 variant=fp enabled=0 outer=200000 calls=256 ns_per_outer=940.3 ns_per_call=3.67
rep 6 variant=fp enabled=0 outer=200000 calls=256 ns_per_outer=943.9 ns_per_call=3.69
result variant=fp enabled=0 outer=200000 calls=256 reps=7 median_ns_per_outer=943.9 median_ns_per_call=3.69 min_ns_per_call=3.67 acc=409600000
[    4.854256] kjit: translate_svc_sites pid 81: 2 text ranges, 111 svc sites
[    4.854437] rust_kjit: kjit: pc 0x401028: installed 496 bytes, 0 fault sites, 4 entries, text 0x401028..0x401038, fpsimd true
[    4.854801] rust_kjit: kjit: pc 0x40100c: installed 1016 bytes, 1 fault sites, 11 entries, text 0x400ffc..0x401028, fpsimd false
rep 0 variant=fp enabled=1 outer=20000 calls=256 ns_per_outer=1741.1 ns_per_call=6.80
rep 1 variant=fp enabled=1 outer=20000 calls=256 ns_per_outer=1711.1 ns_per_call=6.68
rep 2 variant=fp enabled=1 outer=20000 calls=256 ns_per_outer=1708.5 ns_per_call=6.67
rep 3 variant=fp enabled=1 outer=20000 calls=256 ns_per_outer=1737.1 ns_per_call=6.79
rep 4 variant=fp enabled=1 outer=20000 calls=256 ns_per_outer=1728.2 ns_per_call=6.75
rep 5 variant=fp enabled=1 outer=20000 calls=256 ns_per_outer=1727.1 ns_per_call=6.75
rep 6 variant=fp enabled=1 outer=20000 calls=256 ns_per_outer=1733.4 ns_per_call=6.77
result variant=fp enabled=1 outer=20000 calls=256 reps=7 median_ns_per_outer=1728.2 median_ns_per_call=6.75 min_ns_per_call=6.67 acc=40960000
counters variant=fp timed_outer=140000 hook_calls=140045 syscalls_in_kernel=139965 fragment_entries=280017 fpsimd_entries=139973 fpsimd_restores=0 chains=139972 chain_cap=0 exit_svc=139965 exit_bl=139972 exit_blr=0 exit_br=0 exit_ret=80 exit_mem=0 exit_unsupported=0 exit_budget=0 run_declined=0
a11: ibtc_variant=0
a11: warm-up at off
a11maps aaaac7b30000-aaaac7d80000 r-xp 00000000 00:03 4263                       /opt/redis/src/redis-server
a11maps aaaac7d89000-aaaac7d90000 r--p 00259000 00:03 4263                       /opt/redis/src/redis-server
a11maps aaaac7d90000-aaaac7de9000 rw-p 00260000 00:03 4263                       /opt/redis/src/redis-server
a11maps aaaac7de9000-aaaac801c000 rw-p 00000000 00:00 0 
a11maps aaaae3dc3000-aaaae3de4000 rw-p 00000000 00:00 0                          [heap]
a11maps ffff8f540000-ffff8f7c0000 rw-p 00000000 00:00 0 
a11maps ffff8f7c0000-ffff8f7d0000 ---p 00000000 00:00 0 
a11maps ffff8f7d0000-ffff8ffd0000 rw-p 00000000 00:00 0 
a11maps ffff8ffd0000-ffff8ffe0000 ---p 00000000 00:00 0 
a11maps ffff8ffe0000-ffff907e0000 rw-p 00000000 00:00 0 
a11maps ffff907e0000-ffff907f0000 ---p 00000000 00:00 0 
a11maps ffff907f0000-ffff90ff0000 rw-p 00000000 00:00 0 
a11maps ffff90ff0000-ffff91000000 ---p 00000000 00:00 0 
a11maps ffff91000000-ffff91800000 rw-p 00000000 00:00 0 
a11maps ffff91800000-ffff92000000 rw-p 00000000 00:00 0 
a11maps ffff92070000-ffff921fc000 r-xp 00000000 00:03 816                        /usr/lib/aarch64-linux-gnu/libc.so.6
a11maps ffff921fc000-ffff9220c000 ---p 0018c000 00:03 816                        /usr/lib/aarch64-linux-gnu/libc.so.6
a11maps ffff9220c000-ffff92210000 r--p 0018c000 00:03 816                        /usr/lib/aarch64-linux-gnu/libc.so.6
a11maps ffff92210000-ffff92212000 rw-p 00190000 00:03 816                        /usr/lib/aarch64-linux-gnu/libc.so.6
a11maps ffff92212000-ffff9221f000 rw-p 00000000 00:00 0 
a11maps ffff92220000-ffff922a2000 r-xp 00000000 00:03 863                        /usr/lib/aarch64-linux-gnu/libm.so.6
a11maps ffff922a2000-ffff922bf000 ---p 00082000 00:03 863                        /usr/lib/aarch64-linux-gnu/libm.so.6
a11maps ffff922bf000-ffff922c0000 r--p 0008f000 00:03 863                        /usr/lib/aarch64-linux-gnu/libm.so.6
a11maps ffff922c0000-ffff922c1000 rw-p 00090000 00:03 863                        /usr/lib/aarch64-linux-gnu/libm.so.6
a11maps ffff922c3000-ffff922ea000 r-xp 00000000 00:03 796                        /usr/lib/aarch64-linux-gnu/ld-linux-aarch64.so.1
a11maps ffff922f4000-ffff922f8000 rw-p 00000000 00:00 0 
a11maps ffff922fa000-ffff922fc000 rw-p 00000000 00:00 0 
a11maps ffff922fc000-ffff92300000 r--p 00000000 00:00 0                          [vvar]
a11maps ffff92300000-ffff92301000 r-xp 00000000 00:00 0                          [vdso]
a11maps ffff92301000-ffff92303000 r--p 0002e000 00:03 796                        /usr/lib/aarch64-linux-gnu/ld-linux-aarch64.so.1
a11maps ffff92303000-ffff92305000 rw-p 00030000 00:03 796                        /usr/lib/aarch64-linux-gnu/ld-linux-aarch64.so.1
a11maps ffffcab4f000-ffffcab70000 rw-p 00000000 00:00 0                          [stack]
a11 point=off pass=1 test=set requests=200000 rps=230680.52 hook_calls=0 syscalls_in_kernel=0 fragment_entries=0 fpsimd_entries=0 fpsimd_restores=0 chains=0 chain_cap=0 exit_svc=0 exit_bl=0 exit_blr=0 exit_br=0 exit_ret=0 exit_mem=0 exit_unsupported=0 exit_budget=0 run_declined=0 ibtc_insert=0 ibtc_replace=0 ibtc_clear=0 ibtc_fpsimd_boundary=0 ibtc_miss_cold=0 ibtc_miss_conflict=0 ibtc_miss_other=0 fpsimd_run_max_ns=89500 miss_residual=0
a11slots point=off pass=1 test=set # table all conflicts 0 slots 0 top32 0
a11slots point=off pass=1 test=set # table nofp conflicts 0 slots 0 top32 0
a11 point=off pass=1 test=get requests=200000 rps=232288.03 hook_calls=0 syscalls_in_kernel=0 fragment_entries=0 fpsimd_entries=0 fpsimd_restores=0 chains=0 chain_cap=0 exit_svc=0 exit_bl=0 exit_blr=0 exit_br=0 exit_ret=0 exit_mem=0 exit_unsupported=0 exit_budget=0 run_declined=0 ibtc_insert=0 ibtc_replace=0 ibtc_clear=0 ibtc_fpsimd_boundary=0 ibtc_miss_cold=0 ibtc_miss_conflict=0 ibtc_miss_other=0 fpsimd_run_max_ns=89500 miss_residual=0
a11slots point=off pass=1 test=get # table all conflicts 0 slots 0 top32 0
a11slots point=off pass=1 test=get # table nofp conflicts 0 slots 0 top32 0
a11 point=1024 pass=1 test=set requests=200000 rps=107009.10 hook_calls=408733 syscalls_in_kernel=384586 fragment_entries=5528793 fpsimd_entries=1547063 fpsimd_restores=0 chains=5120877 chain_cap=0 exit_svc=384586 exit_bl=1971356 exit_blr=203581 exit_br=980254 exit_ret=1983746 exit_mem=4 exit_unsupported=5266 exit_budget=0 run_declined=17 ibtc_insert=7147638 ibtc_replace=7147138 ibtc_clear=0 ibtc_fpsimd_boundary=1547058 ibtc_miss_cold=17158 ibtc_miss_conflict=3574721 ibtc_miss_other=0 fpsimd_run_max_ns=369083 miss_residual=0
a11slots point=1024 pass=1 test=set # table all conflicts 1535573 slots 11 top32 1535573
a11slots point=1024 pass=1 test=set all 3164 391338 0xaaaac7bab170 0xaaaac7bc7170
a11slots point=1024 pass=1 test=set all 1813 379550 0xaaaac7c9dc54 0xaaaac7bcdc54
a11slots point=1024 pass=1 test=set all 883 190772 0xaaaac7be0dcc 0xaaaac7b9cdcc
a11slots point=1024 pass=1 test=set all 357 190321 0xaaaac7c18594 0xaaaac7ba4594
a11slots point=1024 pass=1 test=set all 2364 189551 0xaaaac7bce4f0 0xaaaac7c9e4f0
a11slots point=1024 pass=1 test=set all 928 188655 0xaaaac7be0e80 0xaaaac7bc8e80
a11slots point=1024 pass=1 test=set all 453 2668 0xaaaac7bcc714 0xaaaac7ca4714
a11slots point=1024 pass=1 test=set all 1616 2446 0xaaaac7bcd940 0xaaaac7bc9940
a11slots point=1024 pass=1 test=set all 1684 198 0xaaaac7bcda50 0xaaaac7bbda50
a11slots point=1024 pass=1 test=set all 1116 73 0xaaaac7bb5170 0xaaaac7ba9170
a11slots point=1024 pass=1 test=set all 1392 1 0xaaaac7ba95c0 0xaaaac7c695c0
a11slots point=1024 pass=1 test=set # table nofp conflicts 2039148 slots 18 top32 2039148
a11slots point=1024 pass=1 test=set nofp 1116 389137 0xaaaac7bb5170 0xaaaac7ba9170
a11slots point=1024 pass=1 test=set nofp 453 382316 0xaaaac7ca4714 0xaaaac7bcc714
a11slots point=1024 pass=1 test=set nofp 1616 381485 0xaaaac7bcd940 0xaaaac7bc9940
a11slots point=1024 pass=1 test=set nofp 883 190837 0xaaaac7b9cdcc 0xaaaac7be0dcc
a11slots point=1024 pass=1 test=set nofp 357 190256 0xaaaac7ba4594 0xaaaac7c18594
a11slots point=1024 pass=1 test=set nofp 2364 189616 0xaaaac7c9e4f0 0xaaaac7bce4f0
a11slots point=1024 pass=1 test=set nofp 928 188720 0xaaaac7bc8e80 0xaaaac7be0e80
a11slots point=1024 pass=1 test=set nofp 236 14849 0xaaaac7ba03b0 0xaaaac7bbc3b0
a11slots point=1024 pass=1 test=set nofp 1684 14836 0xaaaac7bbda50 0xaaaac7bcda50
a11slots point=1024 pass=1 test=set nofp 1766 14758 0xaaaac7bbdb98 0xaaaac7c9db98
a11slots point=1024 pass=1 test=set nofp 1756 14732 0xaaaac7bbdb70 0xaaaac7bb5b70
a11slots point=1024 pass=1 test=set nofp 1472 14716 0xaaaac7bbd700 0xaaaac7ba9700
a11slots point=1024 pass=1 test=set nofp 1804 14676 0xffff9214dc30 0xaaaac7bbdc30
a11slots point=1024 pass=1 test=set nofp 2452 14337 0xaaaac7c6a650 0xaaaac7c2e650
a11slots point=1024 pass=1 test=set nofp 257 13154 0xaaaac7ba4404 0xaaaac7ba0404
a11slots point=1024 pass=1 test=set nofp 196 10721 0xaaaac7bc4310 0xffff92300310
a11slots point=1024 pass=1 test=set nofp 1813 1 0xaaaac7c9dc54 0xaaaac7bcdc54
a11slots point=1024 pass=1 test=set nofp 3164 1 0xaaaac7bab170 0xaaaac7bc7170
a11 point=1024 pass=1 test=get requests=200000 rps=135318.00 hook_calls=408642 syscalls_in_kernel=398681 fragment_entries=3146056 fpsimd_entries=1004927 fpsimd_restores=21 chains=2737961 chain_cap=0 exit_svc=398681 exit_bl=1059648 exit_blr=206317 exit_br=607409 exit_ret=866360 exit_mem=0 exit_unsupported=7641 exit_budget=0 run_declined=11 ibtc_insert=3466071 ibtc_replace=3466041 ibtc_clear=0 ibtc_fpsimd_boundary=1004925 ibtc_miss_cold=1609 ibtc_miss_conflict=1733200 ibtc_miss_other=0 fpsimd_run_max_ns=369083 miss_residual=0
a11slots point=1024 pass=1 test=get # table all conflicts 996499 slots 7 top32 996499
a11slots point=1024 pass=1 test=get all 3164 399904 0xaaaac7bab170 0xaaaac7bc7170
a11slots point=1024 pass=1 test=get all 1813 397212 0xaaaac7c9dc54 0xaaaac7bcdc54
a11slots point=1024 pass=1 test=get all 357 198606 0xaaaac7c18594 0xaaaac7ba4594
a11slots point=1024 pass=1 test=get all 1116 542 0xaaaac7bb5170 0xaaaac7ba9170
a11slots point=1024 pass=1 test=get all 1684 109 0xaaaac7bcda50 0xaaaac7bbda50
a11slots point=1024 pass=1 test=get all 1622 64 0xaaaac7bc1958 0xaaaac7bbd958
a11slots point=1024 pass=1 test=get all 1600 62 0xaaaac7bc1900 0xaaaac7bbd900
a11slots point=1024 pass=1 test=get # table nofp conflicts 736701 slots 13 top32 736701
a11slots point=1024 pass=1 test=get nofp 1116 399362 0xaaaac7bb5170 0xaaaac7ba9170
a11slots point=1024 pass=1 test=get nofp 357 198606 0xaaaac7ba4594 0xaaaac7c18594
a11slots point=1024 pass=1 test=get nofp 236 15530 0xaaaac7ba03b0 0xaaaac7bbc3b0
a11slots point=1024 pass=1 test=get nofp 1600 15490 0xaaaac7bbd900 0xaaaac7bc1900
a11slots point=1024 pass=1 test=get nofp 1766 15440 0xaaaac7bbdb98 0xaaaac7c9db98
a11slots point=1024 pass=1 test=get nofp 1472 15434 0xaaaac7bbd700 0xaaaac7ba9700
a11slots point=1024 pass=1 test=get nofp 1756 15434 0xaaaac7bbdb70 0xaaaac7bb5b70
a11slots point=1024 pass=1 test=get nofp 1804 15434 0xffff9214dc30 0xaaaac7bbdc30
a11slots point=1024 pass=1 test=get nofp 1684 15403 0xaaaac7bbda50 0xaaaac7bcda50
a11slots point=1024 pass=1 test=get nofp 196 15258 0xaaaac7bc4310 0xffff92300310
a11slots point=1024 pass=1 test=get nofp 257 15258 0xaaaac7ba4404 0xaaaac7ba0404
a11slots point=1024 pass=1 test=get nofp 1345 51 0xaaaac7ba1504 0xaaaac7ba9504
a11slots point=1024 pass=1 test=get nofp 1622 1 0xaaaac7bc1958 0xaaaac7bbd958
a11 point=off pass=2 test=set requests=200000 rps=227014.77 hook_calls=0 syscalls_in_kernel=0 fragment_entries=0 fpsimd_entries=0 fpsimd_restores=0 chains=0 chain_cap=0 exit_svc=0 exit_bl=0 exit_blr=0 exit_br=0 exit_ret=0 exit_mem=0 exit_unsupported=0 exit_budget=0 run_declined=0 ibtc_insert=0 ibtc_replace=0 ibtc_clear=0 ibtc_fpsimd_boundary=0 ibtc_miss_cold=0 ibtc_miss_conflict=0 ibtc_miss_other=0 fpsimd_run_max_ns=369083 miss_residual=0
a11slots point=off pass=2 test=set # table all conflicts 0 slots 0 top32 0
a11slots point=off pass=2 test=set # table nofp conflicts 0 slots 0 top32 0
a11 point=off pass=2 test=get requests=200000 rps=227272.73 hook_calls=0 syscalls_in_kernel=0 fragment_entries=0 fpsimd_entries=0 fpsimd_restores=0 chains=0 chain_cap=0 exit_svc=0 exit_bl=0 exit_blr=0 exit_br=0 exit_ret=0 exit_mem=0 exit_unsupported=0 exit_budget=0 run_declined=0 ibtc_insert=0 ibtc_replace=0 ibtc_clear=0 ibtc_fpsimd_boundary=0 ibtc_miss_cold=0 ibtc_miss_conflict=0 ibtc_miss_other=0 fpsimd_run_max_ns=369083 miss_residual=0
a11slots point=off pass=2 test=get # table all conflicts 0 slots 0 top32 0
a11slots point=off pass=2 test=get # table nofp conflicts 0 slots 0 top32 0
a11 point=1024 pass=2 test=set requests=200000 rps=108166.58 hook_calls=408651 syscalls_in_kernel=399642 fragment_entries=5746127 fpsimd_entries=1605352 fpsimd_restores=0 chains=5338044 chain_cap=0 exit_svc=399642 exit_bl=2043591 exit_blr=214973 exit_br=1006483 exit_ret=2073805 exit_mem=1 exit_unsupported=7632 exit_budget=0 run_declined=26 ibtc_insert=7465384 ibtc_replace=7465384 ibtc_clear=0 ibtc_fpsimd_boundary=1605352 ibtc_miss_cold=755 ibtc_miss_conflict=3732745 ibtc_miss_other=0 fpsimd_run_max_ns=369083 miss_residual=0
a11slots point=1024 pass=2 test=set # table all conflicts 1597412 slots 11 top32 1597412
a11slots point=1024 pass=2 test=set all 3164 399396 0xaaaac7bab170 0xaaaac7bc7170
a11slots point=1024 pass=2 test=set all 1813 399310 0xaaaac7c9dc54 0xaaaac7bcdc54
a11slots point=1024 pass=2 test=set all 883 199656 0xaaaac7be0dcc 0xaaaac7b9cdcc
a11slots point=1024 pass=2 test=set all 2364 199656 0xaaaac7bce4f0 0xaaaac7c9e4f0
a11slots point=1024 pass=2 test=set all 357 199655 0xaaaac7c18594 0xaaaac7ba4594
a11slots point=1024 pass=2 test=set all 928 199655 0xaaaac7be0e80 0xaaaac7bc8e80
a11slots point=1024 pass=2 test=set all 453 40 0xaaaac7bcc714 0xaaaac7ca4714
a11slots point=1024 pass=2 test=set all 1616 22 0xaaaac7bcd940 0xaaaac7bc9940
a11slots point=1024 pass=2 test=set all 1116 20 0xaaaac7bb5170 0xaaaac7ba9170
a11slots point=1024 pass=2 test=set all 236 1 0xaaaac7bbc3b0 0xaaaac7ba03b0
a11slots point=1024 pass=2 test=set all 1684 1 0xaaaac7bcda50 0xaaaac7bbda50
a11slots point=1024 pass=2 test=set # table nofp conflicts 2135333 slots 17 top32 2135333
a11slots point=1024 pass=2 test=set nofp 1116 399375 0xaaaac7bb5170 0xaaaac7ba9170
a11slots point=1024 pass=2 test=set nofp 453 399352 0xaaaac7ca4714 0xaaaac7bcc714
a11slots point=1024 pass=2 test=set nofp 1616 399332 0xaaaac7bcd940 0xaaaac7bc9940
a11slots point=1024 pass=2 test=set nofp 883 199656 0xaaaac7b9cdcc 0xaaaac7be0dcc
a11slots point=1024 pass=2 test=set nofp 357 199655 0xaaaac7ba4594 0xaaaac7c18594
a11slots point=1024 pass=2 test=set nofp 928 199655 0xaaaac7bc8e80 0xaaaac7be0e80
a11slots point=1024 pass=2 test=set nofp 2364 199655 0xaaaac7c9e4f0 0xaaaac7bce4f0
a11slots point=1024 pass=2 test=set nofp 236 15467 0xaaaac7ba03b0 0xaaaac7bbc3b0
a11slots point=1024 pass=2 test=set nofp 1766 15466 0xaaaac7bbdb98 0xaaaac7c9db98
a11slots point=1024 pass=2 test=set nofp 1684 15465 0xaaaac7bbda50 0xaaaac7bcda50
a11slots point=1024 pass=2 test=set nofp 1472 15458 0xaaaac7bbd700 0xaaaac7ba9700
a11slots point=1024 pass=2 test=set nofp 1756 15458 0xaaaac7bbdb70 0xaaaac7bb5b70
a11slots point=1024 pass=2 test=set nofp 1804 15458 0xffff9214dc30 0xaaaac7bbdc30
a11slots point=1024 pass=2 test=set nofp 2452 15302 0xaaaac7c6a650 0xaaaac7c2e650
a11slots point=1024 pass=2 test=set nofp 196 15264 0xaaaac7bc4310 0xffff92300310
a11slots point=1024 pass=2 test=set nofp 257 15264 0xaaaac7ba4404 0xaaaac7ba0404
a11slots point=1024 pass=2 test=set nofp 1345 51 0xaaaac7ba1504 0xaaaac7ba9504
a11 point=1024 pass=2 test=get requests=200000 rps=135409.61 hook_calls=408720 syscalls_in_kernel=399738 fragment_entries=3154409 fpsimd_entries=1007135 fpsimd_restores=0 chains=2746249 chain_cap=0 exit_svc=399738 exit_bl=1062176 exit_blr=207511 exit_br=607701 exit_ret=869552 exit_mem=1 exit_unsupported=7730 exit_budget=0 run_declined=23 ibtc_insert=3478228 ibtc_replace=3478228 ibtc_clear=0 ibtc_fpsimd_boundary=1007135 ibtc_miss_cold=640 ibtc_miss_conflict=1739165 ibtc_miss_other=0 fpsimd_run_max_ns=369083 miss_residual=0
a11slots point=1024 pass=2 test=get # table all conflicts 999368 slots 5 top32 999368
a11slots point=1024 pass=2 test=get all 3164 399904 0xaaaac7bab170 0xaaaac7bc7170
a11slots point=1024 pass=2 test=get all 1813 399514 0xaaaac7c9dc54 0xaaaac7bcdc54
a11slots point=1024 pass=2 test=get all 357 199757 0xaaaac7c18594 0xaaaac7ba4594
a11slots point=1024 pass=2 test=get all 1116 120 0xaaaac7bb5170 0xaaaac7ba9170
a11slots point=1024 pass=2 test=get all 1684 73 0xaaaac7bcda50 0xaaaac7bbda50
a11slots point=1024 pass=2 test=get # table nofp conflicts 739797 slots 12 top32 739797
a11slots point=1024 pass=2 test=get nofp 1116 399784 0xaaaac7bb5170 0xaaaac7ba9170
a11slots point=1024 pass=2 test=get nofp 357 199757 0xaaaac7ba4594 0xaaaac7c18594
a11slots point=1024 pass=2 test=get nofp 236 15634 0xaaaac7ba03b0 0xaaaac7bbc3b0
a11slots point=1024 pass=2 test=get nofp 1766 15632 0xaaaac7bbdb98 0xaaaac7c9db98
a11slots point=1024 pass=2 test=get nofp 1472 15620 0xaaaac7bbd700 0xaaaac7ba9700
a11slots point=1024 pass=2 test=get nofp 1600 15620 0xaaaac7bbd900 0xaaaac7bc1900
a11slots point=1024 pass=2 test=get nofp 1756 15620 0xaaaac7bbdb70 0xaaaac7bb5b70
a11slots point=1024 pass=2 test=get nofp 1804 15620 0xffff9214dc30 0xaaaac7bbdc30
a11slots point=1024 pass=2 test=get nofp 1684 15559 0xaaaac7bbda50 0xaaaac7bcda50
a11slots point=1024 pass=2 test=get nofp 196 15450 0xaaaac7bc4310 0xffff92300310
a11slots point=1024 pass=2 test=get nofp 257 15450 0xaaaac7ba4404 0xaaaac7ba0404
a11slots point=1024 pass=2 test=get nofp 1345 51 0xaaaac7ba1504 0xaaaac7ba9504
a11 point=off pass=3 test=set requests=200000 rps=219298.25 hook_calls=0 syscalls_in_kernel=0 fragment_entries=0 fpsimd_entries=0 fpsimd_restores=0 chains=0 chain_cap=0 exit_svc=0 exit_bl=0 exit_blr=0 exit_br=0 exit_ret=0 exit_mem=0 exit_unsupported=0 exit_budget=0 run_declined=0 ibtc_insert=0 ibtc_replace=0 ibtc_clear=0 ibtc_fpsimd_boundary=0 ibtc_miss_cold=0 ibtc_miss_conflict=0 ibtc_miss_other=0 fpsimd_run_max_ns=369083 miss_residual=0
a11slots point=off pass=3 test=set # table all conflicts 0 slots 0 top32 0
a11slots point=off pass=3 test=set # table nofp conflicts 0 slots 0 top32 0
a11 point=off pass=3 test=get requests=200000 rps=228310.50 hook_calls=0 syscalls_in_kernel=0 fragment_entries=0 fpsimd_entries=0 fpsimd_restores=0 chains=0 chain_cap=0 exit_svc=0 exit_bl=0 exit_blr=0 exit_br=0 exit_ret=0 exit_mem=0 exit_unsupported=0 exit_budget=0 run_declined=0 ibtc_insert=0 ibtc_replace=0 ibtc_clear=0 ibtc_fpsimd_boundary=0 ibtc_miss_cold=0 ibtc_miss_conflict=0 ibtc_miss_other=0 fpsimd_run_max_ns=369083 miss_residual=0
a11slots point=off pass=3 test=get # table all conflicts 0 slots 0 top32 0
a11slots point=off pass=3 test=get # table nofp conflicts 0 slots 0 top32 0
a11 point=1024 pass=3 test=set requests=200000 rps=107874.87 hook_calls=408631 syscalls_in_kernel=399694 fragment_entries=5746599 fpsimd_entries=1605498 fpsimd_restores=0 chains=5338530 chain_cap=0 exit_svc=399694 exit_bl=2043734 exit_blr=214972 exit_br=1006546 exit_ret=2074034 exit_mem=0 exit_unsupported=7619 exit_budget=0 run_declined=18 ibtc_insert=7466064 ibtc_replace=7466064 ibtc_clear=0 ibtc_fpsimd_boundary=1605498 ibtc_miss_cold=704 ibtc_miss_conflict=3733084 ibtc_miss_other=0 fpsimd_run_max_ns=370125 miss_residual=0
a11slots point=1024 pass=3 test=set # table all conflicts 1597598 slots 9 top32 1597598
a11slots point=1024 pass=3 test=set all 3164 399424 0xaaaac7bab170 0xaaaac7bc7170
a11slots point=1024 pass=3 test=set all 1813 399374 0xaaaac7c9dc54 0xaaaac7bcdc54
a11slots point=1024 pass=3 test=set all 357 199687 0xaaaac7c18594 0xaaaac7ba4594
a11slots point=1024 pass=3 test=set all 883 199687 0xaaaac7be0dcc 0xaaaac7b9cdcc
a11slots point=1024 pass=3 test=set all 928 199687 0xaaaac7be0e80 0xaaaac7bc8e80
a11slots point=1024 pass=3 test=set all 2364 199687 0xaaaac7bce4f0 0xaaaac7c9e4f0
a11slots point=1024 pass=3 test=set all 453 24 0xaaaac7bcc714 0xaaaac7ca4714
a11slots point=1024 pass=3 test=set all 1116 14 0xaaaac7bb5170 0xaaaac7ba9170
a11slots point=1024 pass=3 test=set all 1616 14 0xaaaac7bcd940 0xaaaac7bc9940
a11slots point=1024 pass=3 test=set # table nofp conflicts 2135486 slots 17 top32 2135486
a11slots point=1024 pass=3 test=set nofp 1116 399410 0xaaaac7bb5170 0xaaaac7ba9170
a11slots point=1024 pass=3 test=set nofp 453 399398 0xaaaac7ca4714 0xaaaac7bcc714
a11slots point=1024 pass=3 test=set nofp 1616 399388 0xaaaac7bcd940 0xaaaac7bc9940
a11slots point=1024 pass=3 test=set nofp 883 199688 0xaaaac7b9cdcc 0xaaaac7be0dcc
a11slots point=1024 pass=3 test=set nofp 357 199687 0xaaaac7ba4594 0xaaaac7c18594
a11slots point=1024 pass=3 test=set nofp 928 199687 0xaaaac7bc8e80 0xaaaac7be0e80
a11slots point=1024 pass=3 test=set nofp 2364 199687 0xaaaac7c9e4f0 0xaaaac7bce4f0
a11slots point=1024 pass=3 test=set nofp 236 15458 0xaaaac7ba03b0 0xaaaac7bbc3b0
a11slots point=1024 pass=3 test=set nofp 1472 15456 0xaaaac7bbd700 0xaaaac7ba9700
a11slots point=1024 pass=3 test=set nofp 1684 15456 0xaaaac7bbda50 0xaaaac7bcda50
a11slots point=1024 pass=3 test=set nofp 1756 15456 0xaaaac7bbdb70 0xaaaac7bb5b70
a11slots point=1024 pass=3 test=set nofp 1766 15456 0xaaaac7bbdb98 0xaaaac7c9db98
a11slots point=1024 pass=3 test=set nofp 1804 15456 0xffff9214dc30 0xaaaac7bbdc30
a11slots point=1024 pass=3 test=set nofp 2452 15276 0xaaaac7c6a650 0xaaaac7c2e650
a11slots point=1024 pass=3 test=set nofp 196 15238 0xaaaac7bc4310 0xffff92300310
a11slots point=1024 pass=3 test=set nofp 257 15238 0xaaaac7ba4404 0xaaaac7ba0404
a11slots point=1024 pass=3 test=set nofp 1345 51 0xaaaac7ba1504 0xaaaac7ba9504
a11 point=1024 pass=3 test=get requests=200000 rps=134408.59 hook_calls=408703 syscalls_in_kernel=399746 fragment_entries=3154363 fpsimd_entries=1007214 fpsimd_restores=0 chains=2746222 chain_cap=0 exit_svc=399746 exit_bl=1062121 exit_blr=207536 exit_br=607707 exit_ret=869529 exit_mem=0 exit_unsupported=7724 exit_budget=0 run_declined=23 ibtc_insert=3478016 ibtc_replace=3478016 ibtc_clear=0 ibtc_fpsimd_boundary=1007214 ibtc_miss_cold=620 ibtc_miss_conflict=1739059 ibtc_miss_other=0 fpsimd_run_max_ns=370125 miss_residual=0
a11slots point=1024 pass=3 test=get # table all conflicts 999468 slots 5 top32 999468
a11slots point=1024 pass=3 test=get all 3164 399928 0xaaaac7bab170 0xaaaac7bc7170
a11slots point=1024 pass=3 test=get all 1813 399580 0xaaaac7c9dc54 0xaaaac7bcdc54
a11slots point=1024 pass=3 test=get all 357 199790 0xaaaac7c18594 0xaaaac7ba4594
a11slots point=1024 pass=3 test=get all 1116 110 0xaaaac7bb5170 0xaaaac7ba9170
a11slots point=1024 pass=3 test=get all 1684 60 0xaaaac7bcda50 0xaaaac7bbda50
a11slots point=1024 pass=3 test=get # table nofp conflicts 739591 slots 12 top32 739591
a11slots point=1024 pass=3 test=get nofp 1116 399818 0xaaaac7bb5170 0xaaaac7ba9170
a11slots point=1024 pass=3 test=get nofp 357 199790 0xaaaac7ba4594 0xaaaac7c18594
a11slots point=1024 pass=3 test=get nofp 236 15596 0xaaaac7ba03b0 0xaaaac7bbc3b0
a11slots point=1024 pass=3 test=get nofp 1766 15594 0xaaaac7bbdb98 0xaaaac7c9db98
a11slots point=1024 pass=3 test=get nofp 1472 15586 0xaaaac7bbd700 0xaaaac7ba9700
a11slots point=1024 pass=3 test=get nofp 1600 15586 0xaaaac7bbd900 0xaaaac7bc1900
a11slots point=1024 pass=3 test=get nofp 1756 15586 0xaaaac7bbdb70 0xaaaac7bb5b70
a11slots point=1024 pass=3 test=get nofp 1804 15586 0xffff9214dc30 0xaaaac7bbdc30
a11slots point=1024 pass=3 test=get nofp 1684 15534 0xaaaac7bbda50 0xaaaac7bcda50
a11slots point=1024 pass=3 test=get nofp 196 15432 0xaaaac7bc4310 0xffff92300310
a11slots point=1024 pass=3 test=get nofp 257 15432 0xaaaac7ba4404 0xaaaac7ba0404
a11slots point=1024 pass=3 test=get nofp 1345 51 0xaaaac7ba1504 0xaaaac7ba9504
a11maps-end aaaac7b30000-aaaac7d80000 r-xp 00000000 00:03 4263                       /opt/redis/src/redis-server
a11maps-end aaaac7d89000-aaaac7d90000 r--p 00259000 00:03 4263                       /opt/redis/src/redis-server
a11maps-end aaaac7d90000-aaaac7de9000 rw-p 00260000 00:03 4263                       /opt/redis/src/redis-server
a11maps-end aaaac7de9000-aaaac801c000 rw-p 00000000 00:00 0 
a11maps-end aaaae3dc3000-aaaae3de4000 rw-p 00000000 00:00 0                          [heap]
a11maps-end ffff8f540000-ffff8f7c0000 rw-p 00000000 00:00 0 
a11maps-end ffff8f7c0000-ffff8f7d0000 ---p 00000000 00:00 0 
a11maps-end ffff8f7d0000-ffff8ffd0000 rw-p 00000000 00:00 0 
a11maps-end ffff8ffd0000-ffff8ffe0000 ---p 00000000 00:00 0 
a11maps-end ffff8ffe0000-ffff907e0000 rw-p 00000000 00:00 0 
a11maps-end ffff907e0000-ffff907f0000 ---p 00000000 00:00 0 
a11maps-end ffff907f0000-ffff90ff0000 rw-p 00000000 00:00 0 
a11maps-end ffff90ff0000-ffff91000000 ---p 00000000 00:00 0 
a11maps-end ffff91000000-ffff91800000 rw-p 00000000 00:00 0 
a11maps-end ffff91800000-ffff92000000 rw-p 00000000 00:00 0 
a11maps-end ffff92070000-ffff921fc000 r-xp 00000000 00:03 816                        /usr/lib/aarch64-linux-gnu/libc.so.6
a11maps-end ffff921fc000-ffff9220c000 ---p 0018c000 00:03 816                        /usr/lib/aarch64-linux-gnu/libc.so.6
a11maps-end ffff9220c000-ffff92210000 r--p 0018c000 00:03 816                        /usr/lib/aarch64-linux-gnu/libc.so.6
a11maps-end ffff92210000-ffff92212000 rw-p 00190000 00:03 816                        /usr/lib/aarch64-linux-gnu/libc.so.6
a11maps-end ffff92212000-ffff9221f000 rw-p 00000000 00:00 0 
a11maps-end ffff92220000-ffff922a2000 r-xp 00000000 00:03 863                        /usr/lib/aarch64-linux-gnu/libm.so.6
a11maps-end ffff922a2000-ffff922bf000 ---p 00082000 00:03 863                        /usr/lib/aarch64-linux-gnu/libm.so.6
a11maps-end ffff922bf000-ffff922c0000 r--p 0008f000 00:03 863                        /usr/lib/aarch64-linux-gnu/libm.so.6
a11maps-end ffff922c0000-ffff922c1000 rw-p 00090000 00:03 863                        /usr/lib/aarch64-linux-gnu/libm.so.6
a11maps-end ffff922c3000-ffff922ea000 r-xp 00000000 00:03 796                        /usr/lib/aarch64-linux-gnu/ld-linux-aarch64.so.1
a11maps-end ffff922f4000-ffff922f8000 rw-p 00000000 00:00 0 
a11maps-end ffff922fa000-ffff922fc000 rw-p 00000000 00:00 0 
a11maps-end ffff922fc000-ffff92300000 r--p 00000000 00:00 0                          [vvar]
a11maps-end ffff92300000-ffff92301000 r-xp 00000000 00:00 0                          [vdso]
a11maps-end ffff92301000-ffff92303000 r--p 0002e000 00:03 796                        /usr/lib/aarch64-linux-gnu/ld-linux-aarch64.so.1
a11maps-end ffff92303000-ffff92305000 rw-p 00030000 00:03 796                        /usr/lib/aarch64-linux-gnu/ld-linux-aarch64.so.1
a11maps-end ffffcab4f000-ffffcab70000 rw-p 00000000 00:00 0                          [stack]
a11: done
[   36.593648] kjit: 0 of 294 translation requests still queued at unload (freed by the kernel)
[   36.611138] rust_kjit: ######## Rust KJIT exits ########
kjit-init: rmmod kjit ok
kjit-init: run exit=0
[   36.629092] reboot: Power down
