guest-run: profile=kjit-guest run-dir=/Volumes/Local/kjit-a4b2/build/runs/meas-v2-20261009-024633
[    0.000000] Booting Linux on physical CPU 0x0000000000 [0x610f0000]
[    0.000000] Linux version 7.1.0-rc1 (@6906d107117b) (Ubuntu clang version 18.1.3 (1ubuntu1), Ubuntu LLD 18.1.3) #1 SMP PREEMPT Fri Oct  2 08:37:58 UTC 2026
[    0.000000] random: crng init done
[    0.000000] Machine model: linux,dummy-virt
[    0.000000] OF: reserved mem: Reserved memory: No reserved-memory node in the DT
[    0.000000] psci: probing for conduit method from DT.
[    0.000000] psci: PSCIv1.1 detected in firmware.
[    0.000000] psci: Using standard PSCI v0.2 function IDs
[    0.000000] psci: Trusted OS migration not required
[    0.000000] psci: SMC Calling Convention v1.0
[    0.000000] Zone ranges:
[    0.000000]   Normal   [mem 0x0000000040000000-0x000000013fffffff]
[    0.000000] Movable zone start for each node
[    0.000000] Early memory node ranges
[    0.000000]   node   0: [mem 0x0000000040000000-0x000000013fffffff]
[    0.000000] Initmem setup node 0 [mem 0x0000000040000000-0x000000013fffffff]
[    0.000000] percpu: Embedded 19 pages/cpu s38488 r8192 d31144 u77824
[    0.000000] Detected PIPT I-cache on CPU0
[    0.000000] CPU features: detected: Address authentication (IMP DEF algorithm)
[    0.000000] CPU features: detected: Spectre-v4
[    0.000000] CPU features: detected: Spectre-BHB
[    0.000000] alternatives: applying boot alternatives
[    0.000000] Kernel command line: console=ttyAMA0 panic=-1 nokaslr
[    0.000000] Unknown kernel command line parameters "nokaslr", will be passed to user space.
[    0.000000] printk: log buffer data + meta data: 131072 + 458752 = 589824 bytes
[    0.000000] Dentry cache hash table entries: 524288 (order: 10, 4194304 bytes, linear)
[    0.000000] Inode-cache hash table entries: 262144 (order: 9, 2097152 bytes, linear)
[    0.000000] software IO TLB: SWIOTLB bounce buffer size adjusted to 4MB
[    0.000000] software IO TLB: area num 4.
[    0.000000] software IO TLB: mapped [mem 0x000000013ac00000-0x000000013b000000] (4MB)
[    0.000000] Built 1 zonelists, mobility grouping on.  Total pages: 1048576
[    0.000000] mem auto-init: stack:all(zero), heap alloc:off, heap free:off
[    0.000000] SLUB: HWalign=64, Order=0-3, MinObjects=0, CPUs=4, Nodes=1
[    0.000000] rcu: Preemptible hierarchical RCU implementation.
[    0.000000] rcu: 	RCU restricting CPUs from NR_CPUS=512 to nr_cpu_ids=4.
[    0.000000] rcu: RCU calculated value of scheduler-enlistment delay is 25 jiffies.
[    0.000000] rcu: Adjusting geometry for rcu_fanout_leaf=16, nr_cpu_ids=4
[    0.000000] NR_IRQS: 64, nr_irqs: 64, preallocated irqs: 0
[    0.000000] Root IRQ handler: gic_handle_irq
[    0.000000] GICv2m: range[mem 0x08020000-0x08020fff], SPI[80:143]
[    0.000000] rcu: srcu_init: Setting srcu_struct sizes based on contention.
[    0.000000] arch_timer: cp15 timer running at 24.00MHz (virt).
[    0.000000] clocksource: arch_sys_counter: mask: 0xffffffffffffff max_cycles: 0x588fe9dc0, max_idle_ns: 440795202592 ns
[    0.000000] sched_clock: 56 bits at 24MHz, resolution 41ns, wraps every 4398046511097ns
[    0.000094] Console: colour dummy device 80x25
[    0.000100] Calibrating delay loop (skipped), value calculated using timer frequency.. 48.00 BogoMIPS (lpj=96000)
[    0.000103] pid_max: default: 32768 minimum: 301
[    0.000232] Mount-cache hash table entries: 8192 (order: 4, 65536 bytes, linear)
[    0.000239] Mountpoint-cache hash table entries: 8192 (order: 4, 65536 bytes, linear)
[    0.000314] VFS: Finished mounting rootfs on nullfs
[    0.000449] cacheinfo: Unable to detect cache hierarchy for CPU 0
[    0.000555] rcu: Hierarchical SRCU implementation.
[    0.000555] rcu: 	Max phase no-delay instances is 1000.
[    0.000572] Timer migration: 1 hierarchy levels; 8 children per group; 1 crossnode level
[    0.000614] smp: Bringing up secondary CPUs ...
[    0.000807] Detected PIPT I-cache on CPU1
[    0.000905] CPU1: Booted secondary processor 0x0000000001 [0x610f0000]
[    0.001187] Detected PIPT I-cache on CPU2
[    0.001272] CPU2: Booted secondary processor 0x0000000002 [0x610f0000]
[    0.001461] Detected PIPT I-cache on CPU3
[    0.001561] CPU3: Booted secondary processor 0x0000000003 [0x610f0000]
[    0.001631] smp: Brought up 1 node, 4 CPUs
[    0.001633] SMP: Total of 4 processors activated.
[    0.001633] CPU: All CPU(s) started at EL1
[    0.001634] CPU features: detected: ARMv8.4 Translation Table Level
[    0.001634] CPU features: detected: Data cache clean to the PoU not required for I/D coherence
[    0.001635] CPU features: detected: CRC32 instructions
[    0.001635] CPU features: detected: Data independent timing control (DIT)
[    0.001635] CPU features: detected: E0PD
[    0.001636] CPU features: detected: Generic authentication (IMP DEF algorithm)
[    0.001636] CPU features: detected: RCpc load-acquire (LDAPR)
[    0.001637] CPU features: detected: LSE atomic instructions
[    0.001637] CPU features: detected: Privileged Access Never
[    0.001637] CPU features: detected: Speculation barrier (SB)
[    0.001638] CPU features: detected: TLB range maintenance instructions
[    0.001638] CPU features: detected: XNX
[    0.001752] alternatives: applying system-wide alternatives
[    0.002780] Memory: 3934216K/4194304K available (5248K kernel code, 754K rwdata, 2356K rodata, 576K init, 405K bss, 256908K reserved, 0K cma-reserved)
[    0.003090] devtmpfs: initialized
[    0.003353] clocksource: jiffies: mask: 0xffffffff max_cycles: 0xffffffff, max_idle_ns: 7645041785100000 ns
[    0.003356] posixtimers hash table entries: 2048 (order: 3, 32768 bytes, linear)
[    0.003377] futex hash table entries: 1024 (65536 bytes on 1 NUMA nodes, total 64 KiB, linear).
[    0.003384] 30384 pages in range for non-PLT usage
[    0.003385] 521904 pages in range for PLT usage
[    0.003446] NET: Registered PF_NETLINK/PF_ROUTE protocol family
[    0.003836] DMA: preallocated 512 KiB GFP_KERNEL pool for atomic allocations
[    0.003876] ASID allocator initialised with 256 entries
[    0.003882] Serial: AMBA PL011 UART driver
[    0.004484] 9000000.pl011: ttyAMA0 at MMIO 0x9000000 (irq = 13, base_baud = 0) is a PL011 rev1
[    0.004652] printk: console [ttyAMA0] enabled
[    0.010343] vgaarb: loaded
[    0.010508] clocksource: Switched to clocksource arch_sys_counter
[    0.020456] NET: Registered PF_INET protocol family
[    0.020547] IP idents hash table entries: 65536 (order: 7, 524288 bytes, linear)
[    0.020975] tcp_listen_portaddr_hash hash table entries: 2048 (order: 3, 32768 bytes, linear)
[    0.020981] Table-perturb hash table entries: 65536 (order: 6, 262144 bytes, linear)
[    0.020984] TCP established hash table entries: 32768 (order: 6, 262144 bytes, linear)
[    0.021040] TCP bind hash table entries: 32768 (order: 8, 1048576 bytes, linear)
[    0.021204] TCP: Hash tables configured (established 32768 bind 32768)
[    0.021232] UDP hash table entries: 2048 (order: 5, 131072 bytes, linear)
[    0.021266] NET: Registered PF_UNIX/PF_LOCAL protocol family
[    0.021273] PCI: CLS 0 bytes, default 64
[    0.021474] Unpacking initramfs...
[    0.027133] workingset: timestamp_bits=46 (anon: 42) max_order=20 bucket_order=0 (anon: 0)
[    0.027324] 9p: Installing v9fs 9p2000 file system support
[    0.027668] pci-host-generic 4010000000.pcie: host bridge /pcie@10000000 ranges:
[    0.027674] pci-host-generic 4010000000.pcie:       IO 0x003eff0000..0x003effffff -> 0x0000000000
[    0.027677] pci-host-generic 4010000000.pcie:      MEM 0x0010000000..0x003efeffff -> 0x0010000000
[    0.027678] pci-host-generic 4010000000.pcie:      MEM 0x8000000000..0xffffffffff -> 0x8000000000
[    0.027686] pci-host-generic 4010000000.pcie: Memory resource size exceeds max for 32 bits
[    0.027696] pci-host-generic 4010000000.pcie: ECAM at [mem 0x4010000000-0x401fffffff] for [bus 00-ff]
[    0.027713] pci-host-generic 4010000000.pcie: PCI host bridge to bus 0000:00
[    0.027714] pci_bus 0000:00: root bus resource [bus 00-ff]
[    0.027715] pci_bus 0000:00: root bus resource [io  0x0000-0xffff]
[    0.027716] pci_bus 0000:00: root bus resource [mem 0x10000000-0x3efeffff]
[    0.027717] pci_bus 0000:00: root bus resource [mem 0x8000000000-0xffffffffff]
[    0.027749] pci 0000:00:00.0: [1b36:0008] type 00 class 0x060000 conventional PCI endpoint
[    0.028002] pci 0000:00:01.0: [1af4:1000] type 00 class 0x020000 conventional PCI endpoint
[    0.028132] pci 0000:00:01.0: BAR 0 [io  0x0000-0x001f]
[    0.028139] pci 0000:00:01.0: BAR 1 [mem 0x00000000-0x00000fff]
[    0.028149] pci 0000:00:01.0: BAR 4 [mem 0x00000000-0x00003fff 64bit pref]
[    0.028151] pci 0000:00:01.0: ROM [mem 0x00000000-0x0003ffff pref]
[    0.028427] pci 0000:00:02.0: [1af4:1009] type 00 class 0x000200 conventional PCI endpoint
[    0.028542] pci 0000:00:02.0: BAR 0 [io  0x0000-0x003f]
[    0.028544] pci 0000:00:02.0: BAR 1 [mem 0x00000000-0x00000fff]
[    0.028556] pci 0000:00:02.0: BAR 4 [mem 0x00000000-0x00003fff 64bit pref]
[    0.028789] pci 0000:00:03.0: [1af4:1005] type 00 class 0x00ff00 conventional PCI endpoint
[    0.029032] pci 0000:00:03.0: BAR 0 [io  0x0000-0x001f]
[    0.029034] pci 0000:00:03.0: BAR 1 [mem 0x00000000-0x00000fff]
[    0.029044] pci 0000:00:03.0: BAR 4 [mem 0x00000000-0x00003fff 64bit pref]
[    0.029402] pci 0000:00:01.0: ROM [mem 0x10000000-0x1003ffff pref]: assigned
[    0.029404] pci 0000:00:01.0: BAR 4 [mem 0x8000000000-0x8000003fff 64bit pref]: assigned
[    0.029426] pci 0000:00:02.0: BAR 4 [mem 0x8000004000-0x8000007fff 64bit pref]: assigned
[    0.029440] pci 0000:00:03.0: BAR 4 [mem 0x8000008000-0x800000bfff 64bit pref]: assigned
[    0.029459] pci 0000:00:01.0: BAR 1 [mem 0x10040000-0x10040fff]: assigned
[    0.029462] pci 0000:00:02.0: BAR 1 [mem 0x10041000-0x10041fff]: assigned
[    0.029466] pci 0000:00:03.0: BAR 1 [mem 0x10042000-0x10042fff]: assigned
[    0.029470] pci 0000:00:02.0: BAR 0 [io  0x1000-0x103f]: assigned
[    0.029507] pci 0000:00:01.0: BAR 0 [io  0x1040-0x105f]: assigned
[    0.029511] pci 0000:00:03.0: BAR 0 [io  0x1060-0x107f]: assigned
[    0.029517] pci_bus 0000:00: resource 4 [io  0x0000-0xffff]
[    0.029517] pci_bus 0000:00: resource 5 [mem 0x10000000-0x3efeffff]
[    0.029518] pci_bus 0000:00: resource 6 [mem 0x8000000000-0xffffffffff]
[    0.030428] virtio-pci 0000:00:01.0: enabling device (0000 -> 0003)
[    0.031158] virtio-pci 0000:00:02.0: enabling device (0000 -> 0003)
[    0.031872] virtio-pci 0000:00:03.0: enabling device (0000 -> 0003)
[    0.059226] rtc-pl031 9010000.pl031: registered as rtc0
[    0.059233] rtc-pl031 9010000.pl031: setting system clock to 2026-10-08T18:46:33 UTC (1791485193)
[    0.059354] NET: Registered PF_INET6 protocol family
[    0.059679] Segment Routing with IPv6
[    0.059681] In-situ OAM (IOAM) with IPv6
[    0.059689] sit: IPv6, IPv4 and MPLS over IPv4 tunneling driver
[    0.059741] NET: Registered PF_PACKET protocol family
[    0.059750] 9pnet: Installing 9P2000 support
[    0.064901] clk: Disabling unused clocks
[    0.138736] Freeing initrd memory: 161888K
[    0.139261] Freeing unused kernel memory: 576K
[    0.139312] Run /init as init process
[    0.155584] kjit: loading out-of-tree module taints kernel.
[    0.156591] rust_kjit: ######## Rust KJIT inits ########
[    0.156621] rust_kjit: kjit: dispatch variant 2
[    0.156721] rust_kjit: golden tests/arm64/toy_cfg.s:hot_svc_mark translated for dispatch variant 2; byte comparison skipped (reference is variant 0)
kjit-init: insmod kjit.ko ok
meas: variant=2
rep 0 variant=gpr enabled=0 outer=200000 calls=16 ns_per_outer=142.0 ns_per_call=8.88
rep 1 variant=gpr enabled=0 outer=200000 calls=16 ns_per_outer=141.5 ns_per_call=8.84
rep 2 variant=gpr enabled=0 outer=200000 calls=16 ns_per_outer=143.2 ns_per_call=8.95
rep 3 variant=gpr enabled=0 outer=200000 calls=16 ns_per_outer=142.4 ns_per_call=8.90
rep 4 variant=gpr enabled=0 outer=200000 calls=16 ns_per_outer=142.5 ns_per_call=8.91
rep 5 variant=gpr enabled=0 outer=200000 calls=16 ns_per_outer=143.5 ns_per_call=8.97
rep 6 variant=gpr enabled=0 outer=200000 calls=16 ns_per_outer=141.8 ns_per_call=8.86
result variant=gpr enabled=0 outer=200000 calls=16 reps=7 median_ns_per_outer=142.4 median_ns_per_call=8.90 min_ns_per_call=8.84 acc=25600000
[    0.409154] kjit: translate_svc_sites pid 68: 2 text ranges, 111 svc sites
[    0.409889] rust_kjit: kjit: pc 0x400fe8: installed 524 bytes, 0 fault sites, 2 entries, text 0x400fe8..0x400ff0, fpsimd false
[    0.410874] rust_kjit: kjit: pc 0x400fcc: installed 1088 bytes, 1 fault sites, 11 entries, text 0x400fbc..0x400fe8, fpsimd false
rep 0 variant=gpr enabled=1 outer=20000 calls=16 ns_per_outer=150.2 ns_per_call=9.38
rep 1 variant=gpr enabled=1 outer=20000 calls=16 ns_per_outer=147.5 ns_per_call=9.22
rep 2 variant=gpr enabled=1 outer=20000 calls=16 ns_per_outer=147.9 ns_per_call=9.24
rep 3 variant=gpr enabled=1 outer=20000 calls=16 ns_per_outer=149.2 ns_per_call=9.32
rep 4 variant=gpr enabled=1 outer=20000 calls=16 ns_per_outer=143.8 ns_per_call=8.99
rep 5 variant=gpr enabled=1 outer=20000 calls=16 ns_per_outer=147.2 ns_per_call=9.20
rep 6 variant=gpr enabled=1 outer=20000 calls=16 ns_per_outer=149.4 ns_per_call=9.34
result variant=gpr enabled=1 outer=20000 calls=16 reps=7 median_ns_per_outer=147.9 median_ns_per_call=9.24 min_ns_per_call=8.99 acc=2560000
counters variant=gpr timed_outer=140000 hook_calls=140045 syscalls_in_kernel=139964 fragment_entries=140045 fpsimd_entries=1 fpsimd_restores=0 chains=0 chain_cap=0 exit_svc=139965 exit_bl=0 exit_blr=0 exit_br=0 exit_ret=80 exit_mem=0 exit_unsupported=0 exit_budget=0 run_declined=0
rep 0 variant=fp enabled=0 outer=200000 calls=16 ns_per_outer=174.2 ns_per_call=10.89
rep 1 variant=fp enabled=0 outer=200000 calls=16 ns_per_outer=176.4 ns_per_call=11.03
rep 2 variant=fp enabled=0 outer=200000 calls=16 ns_per_outer=175.5 ns_per_call=10.97
rep 3 variant=fp enabled=0 outer=200000 calls=16 ns_per_outer=175.8 ns_per_call=10.99
rep 4 variant=fp enabled=0 outer=200000 calls=16 ns_per_outer=176.7 ns_per_call=11.04
rep 5 variant=fp enabled=0 outer=200000 calls=16 ns_per_outer=176.8 ns_per_call=11.05
rep 6 variant=fp enabled=0 outer=200000 calls=16 ns_per_outer=177.5 ns_per_call=11.09
result variant=fp enabled=0 outer=200000 calls=16 reps=7 median_ns_per_outer=176.4 median_ns_per_call=11.03 min_ns_per_call=10.89 acc=25600000
[    0.752976] kjit: translate_svc_sites pid 73: 2 text ranges, 111 svc sites
[    0.753800] rust_kjit: kjit: pc 0x401028: installed 532 bytes, 0 fault sites, 4 entries, text 0x401028..0x401038, fpsimd true
[    0.754798] rust_kjit: kjit: pc 0x40100c: installed 1088 bytes, 1 fault sites, 11 entries, text 0x400ffc..0x401028, fpsimd false
rep 0 variant=fp enabled=1 outer=20000 calls=16 ns_per_outer=211.9 ns_per_call=13.25
rep 1 variant=fp enabled=1 outer=20000 calls=16 ns_per_outer=221.2 ns_per_call=13.82
rep 2 variant=fp enabled=1 outer=20000 calls=16 ns_per_outer=221.2 ns_per_call=13.82
rep 3 variant=fp enabled=1 outer=20000 calls=16 ns_per_outer=220.9 ns_per_call=13.81
rep 4 variant=fp enabled=1 outer=20000 calls=16 ns_per_outer=217.9 ns_per_call=13.62
rep 5 variant=fp enabled=1 outer=20000 calls=16 ns_per_outer=220.2 ns_per_call=13.77
rep 6 variant=fp enabled=1 outer=20000 calls=16 ns_per_outer=219.4 ns_per_call=13.72
result variant=fp enabled=1 outer=20000 calls=16 reps=7 median_ns_per_outer=220.2 median_ns_per_call=13.77 min_ns_per_call=13.25 acc=2560000
counters variant=fp timed_outer=140000 hook_calls=140045 syscalls_in_kernel=139965 fragment_entries=280017 fpsimd_entries=139973 fpsimd_restores=0 chains=139972 chain_cap=0 exit_svc=139965 exit_bl=139972 exit_blr=0 exit_br=0 exit_ret=80 exit_mem=0 exit_unsupported=0 exit_budget=0 run_declined=0
rep 0 variant=gpr enabled=0 outer=200000 calls=128 ns_per_outer=256.0 ns_per_call=2.00
rep 1 variant=gpr enabled=0 outer=200000 calls=128 ns_per_outer=256.6 ns_per_call=2.00
rep 2 variant=gpr enabled=0 outer=200000 calls=128 ns_per_outer=256.9 ns_per_call=2.01
rep 3 variant=gpr enabled=0 outer=200000 calls=128 ns_per_outer=256.9 ns_per_call=2.01
rep 4 variant=gpr enabled=0 outer=200000 calls=128 ns_per_outer=255.6 ns_per_call=2.00
rep 5 variant=gpr enabled=0 outer=200000 calls=128 ns_per_outer=255.2 ns_per_call=1.99
rep 6 variant=gpr enabled=0 outer=200000 calls=128 ns_per_outer=255.3 ns_per_call=1.99
result variant=gpr enabled=0 outer=200000 calls=128 reps=7 median_ns_per_outer=256.0 median_ns_per_call=2.00 min_ns_per_call=1.99 acc=204800000
[    1.237827] kjit: translate_svc_sites pid 76: 2 text ranges, 111 svc sites
[    1.238553] rust_kjit: kjit: pc 0x400fe8: installed 524 bytes, 0 fault sites, 2 entries, text 0x400fe8..0x400ff0, fpsimd false
[    1.239040] rust_kjit: kjit: pc 0x400fcc: installed 1088 bytes, 1 fault sites, 11 entries, text 0x400fbc..0x400fe8, fpsimd false
rep 0 variant=gpr enabled=1 outer=20000 calls=128 ns_per_outer=832.5 ns_per_call=6.50
rep 1 variant=gpr enabled=1 outer=20000 calls=128 ns_per_outer=852.6 ns_per_call=6.66
rep 2 variant=gpr enabled=1 outer=20000 calls=128 ns_per_outer=859.0 ns_per_call=6.71
rep 3 variant=gpr enabled=1 outer=20000 calls=128 ns_per_outer=839.3 ns_per_call=6.56
rep 4 variant=gpr enabled=1 outer=20000 calls=128 ns_per_outer=844.9 ns_per_call=6.60
rep 5 variant=gpr enabled=1 outer=20000 calls=128 ns_per_outer=849.1 ns_per_call=6.63
rep 6 variant=gpr enabled=1 outer=20000 calls=128 ns_per_outer=848.3 ns_per_call=6.63
result variant=gpr enabled=1 outer=20000 calls=128 reps=7 median_ns_per_outer=848.3 median_ns_per_call=6.63 min_ns_per_call=6.50 acc=20480000
counters variant=gpr timed_outer=140000 hook_calls=140045 syscalls_in_kernel=139965 fragment_entries=140045 fpsimd_entries=1 fpsimd_restores=0 chains=0 chain_cap=0 exit_svc=139965 exit_bl=0 exit_blr=0 exit_br=0 exit_ret=80 exit_mem=0 exit_unsupported=0 exit_budget=0 run_declined=0
rep 0 variant=fp enabled=0 outer=200000 calls=128 ns_per_outer=535.3 ns_per_call=4.18
rep 1 variant=fp enabled=0 outer=200000 calls=128 ns_per_outer=539.1 ns_per_call=4.21
rep 2 variant=fp enabled=0 outer=200000 calls=128 ns_per_outer=537.1 ns_per_call=4.20
rep 3 variant=fp enabled=0 outer=200000 calls=128 ns_per_outer=542.0 ns_per_call=4.23
rep 4 variant=fp enabled=0 outer=200000 calls=128 ns_per_outer=536.4 ns_per_call=4.19
rep 5 variant=fp enabled=0 outer=200000 calls=128 ns_per_outer=538.4 ns_per_call=4.21
rep 6 variant=fp enabled=0 outer=200000 calls=128 ns_per_outer=539.5 ns_per_call=4.22
result variant=fp enabled=0 outer=200000 calls=128 reps=7 median_ns_per_outer=538.4 median_ns_per_call=4.21 min_ns_per_call=4.18 acc=204800000
[    2.273618] kjit: translate_svc_sites pid 78: 2 text ranges, 111 svc sites
[    2.274117] rust_kjit: kjit: pc 0x401028: installed 532 bytes, 0 fault sites, 4 entries, text 0x401028..0x401038, fpsimd true
[    2.274900] rust_kjit: kjit: pc 0x40100c: installed 1088 bytes, 1 fault sites, 11 entries, text 0x400ffc..0x401028, fpsimd false
rep 0 variant=fp enabled=1 outer=20000 calls=128 ns_per_outer=926.9 ns_per_call=7.24
rep 1 variant=fp enabled=1 outer=20000 calls=128 ns_per_outer=914.3 ns_per_call=7.14
rep 2 variant=fp enabled=1 outer=20000 calls=128 ns_per_outer=939.0 ns_per_call=7.34
rep 3 variant=fp enabled=1 outer=20000 calls=128 ns_per_outer=923.4 ns_per_call=7.21
rep 4 variant=fp enabled=1 outer=20000 calls=128 ns_per_outer=937.6 ns_per_call=7.32
rep 5 variant=fp enabled=1 outer=20000 calls=128 ns_per_outer=916.2 ns_per_call=7.16
rep 6 variant=fp enabled=1 outer=20000 calls=128 ns_per_outer=934.8 ns_per_call=7.30
result variant=fp enabled=1 outer=20000 calls=128 reps=7 median_ns_per_outer=926.9 median_ns_per_call=7.24 min_ns_per_call=7.14 acc=20480000
counters variant=fp timed_outer=140000 hook_calls=140045 syscalls_in_kernel=139965 fragment_entries=280017 fpsimd_entries=139973 fpsimd_restores=0 chains=139972 chain_cap=0 exit_svc=139965 exit_bl=139972 exit_blr=0 exit_br=0 exit_ret=80 exit_mem=0 exit_unsupported=0 exit_budget=0 run_declined=0
rep 0 variant=gpr enabled=0 outer=200000 calls=256 ns_per_outer=379.1 ns_per_call=1.48
rep 1 variant=gpr enabled=0 outer=200000 calls=256 ns_per_outer=390.2 ns_per_call=1.52
rep 2 variant=gpr enabled=0 outer=200000 calls=256 ns_per_outer=380.4 ns_per_call=1.49
rep 3 variant=gpr enabled=0 outer=200000 calls=256 ns_per_outer=378.8 ns_per_call=1.48
rep 4 variant=gpr enabled=0 outer=200000 calls=256 ns_per_outer=380.9 ns_per_call=1.49
rep 5 variant=gpr enabled=0 outer=200000 calls=256 ns_per_outer=379.6 ns_per_call=1.48
rep 6 variant=gpr enabled=0 outer=200000 calls=256 ns_per_outer=385.0 ns_per_call=1.50
result variant=gpr enabled=0 outer=200000 calls=256 reps=7 median_ns_per_outer=380.4 median_ns_per_call=1.49 min_ns_per_call=1.48 acc=409600000
[    3.073934] kjit: translate_svc_sites pid 80: 2 text ranges, 111 svc sites
[    3.074841] rust_kjit: kjit: pc 0x400fe8: installed 524 bytes, 0 fault sites, 2 entries, text 0x400fe8..0x400ff0, fpsimd false
[    3.075360] rust_kjit: kjit: pc 0x400fcc: installed 1088 bytes, 1 fault sites, 11 entries, text 0x400fbc..0x400fe8, fpsimd false
rep 0 variant=gpr enabled=1 outer=20000 calls=256 ns_per_outer=1642.8 ns_per_call=6.42
rep 1 variant=gpr enabled=1 outer=20000 calls=256 ns_per_outer=1644.0 ns_per_call=6.42
rep 2 variant=gpr enabled=1 outer=20000 calls=256 ns_per_outer=1656.8 ns_per_call=6.47
rep 3 variant=gpr enabled=1 outer=20000 calls=256 ns_per_outer=1663.9 ns_per_call=6.50
rep 4 variant=gpr enabled=1 outer=20000 calls=256 ns_per_outer=1654.6 ns_per_call=6.46
rep 5 variant=gpr enabled=1 outer=20000 calls=256 ns_per_outer=1637.1 ns_per_call=6.39
rep 6 variant=gpr enabled=1 outer=20000 calls=256 ns_per_outer=1993.7 ns_per_call=7.79
result variant=gpr enabled=1 outer=20000 calls=256 reps=7 median_ns_per_outer=1654.6 median_ns_per_call=6.46 min_ns_per_call=6.39 acc=40960000
counters variant=gpr timed_outer=140000 hook_calls=140045 syscalls_in_kernel=139965 fragment_entries=140045 fpsimd_entries=1 fpsimd_restores=0 chains=0 chain_cap=0 exit_svc=139965 exit_bl=0 exit_blr=0 exit_br=0 exit_ret=80 exit_mem=0 exit_unsupported=0 exit_budget=0 run_declined=0
rep 0 variant=fp enabled=0 outer=200000 calls=256 ns_per_outer=1012.7 ns_per_call=3.96
rep 1 variant=fp enabled=0 outer=200000 calls=256 ns_per_outer=1018.4 ns_per_call=3.98
rep 2 variant=fp enabled=0 outer=200000 calls=256 ns_per_outer=1043.7 ns_per_call=4.08
rep 3 variant=fp enabled=0 outer=200000 calls=256 ns_per_outer=953.6 ns_per_call=3.73
rep 4 variant=fp enabled=0 outer=200000 calls=256 ns_per_outer=959.7 ns_per_call=3.75
rep 5 variant=fp enabled=0 outer=200000 calls=256 ns_per_outer=956.6 ns_per_call=3.74
rep 6 variant=fp enabled=0 outer=200000 calls=256 ns_per_outer=956.3 ns_per_call=3.74
result variant=fp enabled=0 outer=200000 calls=256 reps=7 median_ns_per_outer=959.7 median_ns_per_call=3.75 min_ns_per_call=3.73 acc=409600000
[    4.968382] kjit: translate_svc_sites pid 83: 2 text ranges, 111 svc sites
[    4.968888] rust_kjit: kjit: pc 0x401028: installed 532 bytes, 0 fault sites, 4 entries, text 0x401028..0x401038, fpsimd true
[    4.969649] rust_kjit: kjit: pc 0x40100c: installed 1088 bytes, 1 fault sites, 11 entries, text 0x400ffc..0x401028, fpsimd false
rep 0 variant=fp enabled=1 outer=20000 calls=256 ns_per_outer=1723.6 ns_per_call=6.73
rep 1 variant=fp enabled=1 outer=20000 calls=256 ns_per_outer=1722.5 ns_per_call=6.73
rep 2 variant=fp enabled=1 outer=20000 calls=256 ns_per_outer=1718.8 ns_per_call=6.71
rep 3 variant=fp enabled=1 outer=20000 calls=256 ns_per_outer=1720.8 ns_per_call=6.72
rep 4 variant=fp enabled=1 outer=20000 calls=256 ns_per_outer=1720.5 ns_per_call=6.72
rep 5 variant=fp enabled=1 outer=20000 calls=256 ns_per_outer=1722.4 ns_per_call=6.73
rep 6 variant=fp enabled=1 outer=20000 calls=256 ns_per_outer=1709.0 ns_per_call=6.68
result variant=fp enabled=1 outer=20000 calls=256 reps=7 median_ns_per_outer=1720.8 median_ns_per_call=6.72 min_ns_per_call=6.68 acc=40960000
counters variant=fp timed_outer=140000 hook_calls=140045 syscalls_in_kernel=139965 fragment_entries=280017 fpsimd_entries=139973 fpsimd_restores=0 chains=139972 chain_cap=0 exit_svc=139965 exit_bl=139972 exit_blr=0 exit_br=0 exit_ret=80 exit_mem=0 exit_unsupported=0 exit_budget=0 run_declined=0
a11: ibtc_variant=2
a11: warm-up at off
a11maps aaaad2450000-aaaad26a0000 r-xp 00000000 00:03 4263                       /opt/redis/src/redis-server
a11maps aaaad26a9000-aaaad26b0000 r--p 00259000 00:03 4263                       /opt/redis/src/redis-server
a11maps aaaad26b0000-aaaad2709000 rw-p 00260000 00:03 4263                       /opt/redis/src/redis-server
a11maps aaaad2709000-aaaad293c000 rw-p 00000000 00:00 0 
a11maps aaab06d38000-aaab06d59000 rw-p 00000000 00:00 0                          [heap]
a11maps ffffadb40000-ffffaddc0000 rw-p 00000000 00:00 0 
a11maps ffffaddc0000-ffffaddd0000 ---p 00000000 00:00 0 
a11maps ffffaddd0000-ffffae5d0000 rw-p 00000000 00:00 0 
a11maps ffffae5d0000-ffffae5e0000 ---p 00000000 00:00 0 
a11maps ffffae5e0000-ffffaede0000 rw-p 00000000 00:00 0 
a11maps ffffaede0000-ffffaedf0000 ---p 00000000 00:00 0 
a11maps ffffaedf0000-ffffaf5f0000 rw-p 00000000 00:00 0 
a11maps ffffaf5f0000-ffffaf600000 ---p 00000000 00:00 0 
a11maps ffffaf600000-ffffafe00000 rw-p 00000000 00:00 0 
a11maps ffffafe00000-ffffb0600000 rw-p 00000000 00:00 0 
a11maps ffffb0730000-ffffb08bc000 r-xp 00000000 00:03 816                        /usr/lib/aarch64-linux-gnu/libc.so.6
a11maps ffffb08bc000-ffffb08cc000 ---p 0018c000 00:03 816                        /usr/lib/aarch64-linux-gnu/libc.so.6
a11maps ffffb08cc000-ffffb08d0000 r--p 0018c000 00:03 816                        /usr/lib/aarch64-linux-gnu/libc.so.6
a11maps ffffb08d0000-ffffb08d2000 rw-p 00190000 00:03 816                        /usr/lib/aarch64-linux-gnu/libc.so.6
a11maps ffffb08d2000-ffffb08df000 rw-p 00000000 00:00 0 
a11maps ffffb08e0000-ffffb0962000 r-xp 00000000 00:03 863                        /usr/lib/aarch64-linux-gnu/libm.so.6
a11maps ffffb0962000-ffffb097f000 ---p 00082000 00:03 863                        /usr/lib/aarch64-linux-gnu/libm.so.6
a11maps ffffb097f000-ffffb0980000 r--p 0008f000 00:03 863                        /usr/lib/aarch64-linux-gnu/libm.so.6
a11maps ffffb0980000-ffffb0981000 rw-p 00090000 00:03 863                        /usr/lib/aarch64-linux-gnu/libm.so.6
a11maps ffffb0984000-ffffb09ab000 r-xp 00000000 00:03 796                        /usr/lib/aarch64-linux-gnu/ld-linux-aarch64.so.1
a11maps ffffb09b5000-ffffb09b9000 rw-p 00000000 00:00 0 
a11maps ffffb09bb000-ffffb09bd000 rw-p 00000000 00:00 0 
a11maps ffffb09bd000-ffffb09c1000 r--p 00000000 00:00 0                          [vvar]
a11maps ffffb09c1000-ffffb09c2000 r-xp 00000000 00:00 0                          [vdso]
a11maps ffffb09c2000-ffffb09c4000 r--p 0002e000 00:03 796                        /usr/lib/aarch64-linux-gnu/ld-linux-aarch64.so.1
a11maps ffffb09c4000-ffffb09c6000 rw-p 00030000 00:03 796                        /usr/lib/aarch64-linux-gnu/ld-linux-aarch64.so.1
a11maps ffffe3afb000-ffffe3b1c000 rw-p 00000000 00:00 0                          [stack]
a11 point=off pass=1 test=set requests=200000 rps=235017.62 hook_calls=0 syscalls_in_kernel=0 fragment_entries=0 fpsimd_entries=0 fpsimd_restores=0 chains=0 chain_cap=0 exit_svc=0 exit_bl=0 exit_blr=0 exit_br=0 exit_ret=0 exit_mem=0 exit_unsupported=0 exit_budget=0 run_declined=0 ibtc_insert=0 ibtc_replace=0 ibtc_clear=0 ibtc_fpsimd_boundary=0 ibtc_miss_cold=0 ibtc_miss_conflict=0 ibtc_miss_other=0 fpsimd_run_max_ns=57500 miss_residual=0
a11slots point=off pass=1 test=set # table all conflicts 0 slots 0 top32 0
a11slots point=off pass=1 test=set # table nofp conflicts 0 slots 0 top32 0
a11 point=off pass=1 test=get requests=200000 rps=238379.03 hook_calls=0 syscalls_in_kernel=0 fragment_entries=0 fpsimd_entries=0 fpsimd_restores=0 chains=0 chain_cap=0 exit_svc=0 exit_bl=0 exit_blr=0 exit_br=0 exit_ret=0 exit_mem=0 exit_unsupported=0 exit_budget=0 run_declined=0 ibtc_insert=0 ibtc_replace=0 ibtc_clear=0 ibtc_fpsimd_boundary=0 ibtc_miss_cold=0 ibtc_miss_conflict=0 ibtc_miss_other=0 fpsimd_run_max_ns=57500 miss_residual=0
a11slots point=off pass=1 test=get # table all conflicts 0 slots 0 top32 0
a11slots point=off pass=1 test=get # table nofp conflicts 0 slots 0 top32 0
a11 point=1024 pass=1 test=set requests=200000 rps=127632.41 hook_calls=408742 syscalls_in_kernel=384490 fragment_entries=1969193 fpsimd_entries=779572 fpsimd_restores=0 chains=1561262 chain_cap=0 exit_svc=384490 exit_bl=592753 exit_blr=859 exit_br=589587 exit_ret=396204 exit_mem=3 exit_unsupported=5297 exit_budget=0 run_declined=18 ibtc_insert=3126245 ibtc_replace=3125712 ibtc_clear=0 ibtc_fpsimd_boundary=779566 ibtc_miss_cold=18281 ibtc_miss_conflict=781556 ibtc_miss_other=0 fpsimd_run_max_ns=357166 miss_residual=0
a11slots point=1024 pass=1 test=set # table all conflicts 583196 slots 1 top32 583196
a11slots point=1024 pass=1 test=set all 1116 583196 0xaaaad24d5170 0xaaaad24cb170
a11slots point=1024 pass=1 test=set # table nofp conflicts 198360 slots 1 top32 198360
a11slots point=1024 pass=1 test=set nofp 1116 198360 0xaaaad24c9170 0xaaaad24e7170
a11 point=1024 pass=1 test=get requests=200000 rps=137835.98 hook_calls=408755 syscalls_in_kernel=398652 fragment_entries=2030222 fpsimd_entries=798697 fpsimd_restores=0 chains=1622020 chain_cap=0 exit_svc=398652 exit_bl=624169 exit_blr=87 exit_br=599716 exit_ret=399863 exit_mem=1 exit_unsupported=7734 exit_budget=0 run_declined=17 ibtc_insert=3293267 ibtc_replace=3293236 ibtc_clear=0 ibtc_fpsimd_boundary=798695 ibtc_miss_cold=1767 ibtc_miss_conflict=823373 ibtc_miss_other=0 fpsimd_run_max_ns=4000833 miss_residual=0
a11slots point=1024 pass=1 test=get # table all conflicts 599248 slots 2 top32 599248
a11slots point=1024 pass=1 test=get all 1116 591366 0xaaaad24d5170 0xaaaad24cb170
a11slots point=1024 pass=1 test=get all 1600 7882 0xaaaad24e1900 0xaaaad24bb900
a11slots point=1024 pass=1 test=get # table nofp conflicts 224125 slots 2 top32 224125
a11slots point=1024 pass=1 test=get nofp 1116 208486 0xaaaad24c9170 0xaaaad24e7170
a11slots point=1024 pass=1 test=get nofp 1600 15639 0xaaaad24dd900 0xaaaad24e1900
a11 point=off pass=2 test=set requests=200000 rps=230149.59 hook_calls=0 syscalls_in_kernel=0 fragment_entries=0 fpsimd_entries=0 fpsimd_restores=0 chains=0 chain_cap=0 exit_svc=0 exit_bl=0 exit_blr=0 exit_br=0 exit_ret=0 exit_mem=0 exit_unsupported=0 exit_budget=0 run_declined=0 ibtc_insert=0 ibtc_replace=0 ibtc_clear=0 ibtc_fpsimd_boundary=0 ibtc_miss_cold=0 ibtc_miss_conflict=0 ibtc_miss_other=0 fpsimd_run_max_ns=4000833 miss_residual=0
a11slots point=off pass=2 test=set # table all conflicts 0 slots 0 top32 0
a11slots point=off pass=2 test=set # table nofp conflicts 0 slots 0 top32 0
a11 point=off pass=2 test=get requests=200000 rps=232828.86 hook_calls=0 syscalls_in_kernel=0 fragment_entries=0 fpsimd_entries=0 fpsimd_restores=0 chains=0 chain_cap=0 exit_svc=0 exit_bl=0 exit_blr=0 exit_br=0 exit_ret=0 exit_mem=0 exit_unsupported=0 exit_budget=0 run_declined=0 ibtc_insert=0 ibtc_replace=0 ibtc_clear=0 ibtc_fpsimd_boundary=0 ibtc_miss_cold=0 ibtc_miss_conflict=0 ibtc_miss_other=0 fpsimd_run_max_ns=4000833 miss_residual=0
a11slots point=off pass=2 test=get # table all conflicts 0 slots 0 top32 0
a11slots point=off pass=2 test=get # table nofp conflicts 0 slots 0 top32 0
a11 point=1024 pass=2 test=set requests=200000 rps=128783.00 hook_calls=408685 syscalls_in_kernel=399685 fragment_entries=2006013 fpsimd_entries=799069 fpsimd_restores=0 chains=1597885 chain_cap=0 exit_svc=399685 exit_bl=599572 exit_blr=25 exit_br=599394 exit_ret=399650 exit_mem=1 exit_unsupported=7686 exit_budget=0 run_declined=19 ibtc_insert=3195264 ibtc_replace=3195264 ibtc_clear=0 ibtc_fpsimd_boundary=799069 ibtc_miss_cold=755 ibtc_miss_conflict=798817 ibtc_miss_other=0 fpsimd_run_max_ns=5839666 miss_residual=0
a11slots point=1024 pass=2 test=set # table all conflicts 599098 slots 1 top32 599098
a11slots point=1024 pass=2 test=set all 1116 599098 0xaaaad24d5170 0xaaaad24cb170
a11slots point=1024 pass=2 test=set # table nofp conflicts 199719 slots 1 top32 199719
a11slots point=1024 pass=2 test=set nofp 1116 199719 0xaaaad24c9170 0xaaaad24e7170
a11 point=1024 pass=2 test=get requests=200000 rps=140548.14 hook_calls=408734 syscalls_in_kernel=399752 fragment_entries=2031190 fpsimd_entries=799663 fpsimd_restores=0 chains=1623004 chain_cap=0 exit_svc=399753 exit_bl=623765 exit_blr=20 exit_br=599894 exit_ret=399993 exit_mem=1 exit_unsupported=7764 exit_budget=0 run_declined=14 ibtc_insert=3293364 ibtc_replace=3293364 ibtc_clear=0 ibtc_fpsimd_boundary=799663 ibtc_miss_cold=668 ibtc_miss_conflict=823341 ibtc_miss_other=0 fpsimd_run_max_ns=5839666 miss_residual=0
a11slots point=1024 pass=2 test=get # table all conflicts 599863 slots 2 top32 599863
a11slots point=1024 pass=2 test=get all 1116 592022 0xaaaad24cb170 0xaaaad24d5170
a11slots point=1024 pass=2 test=get all 1600 7841 0xaaaad24e1900 0xaaaad24bb900
a11slots point=1024 pass=2 test=get # table nofp conflicts 223478 slots 2 top32 223478
a11slots point=1024 pass=2 test=get nofp 1116 207798 0xaaaad24d5170 0xaaaad24cb170
a11slots point=1024 pass=2 test=get nofp 1600 15680 0xaaaad24dd900 0xaaaad24e1900
a11 point=off pass=3 test=set requests=200000 rps=232288.03 hook_calls=0 syscalls_in_kernel=0 fragment_entries=0 fpsimd_entries=0 fpsimd_restores=0 chains=0 chain_cap=0 exit_svc=0 exit_bl=0 exit_blr=0 exit_br=0 exit_ret=0 exit_mem=0 exit_unsupported=0 exit_budget=0 run_declined=0 ibtc_insert=0 ibtc_replace=0 ibtc_clear=0 ibtc_fpsimd_boundary=0 ibtc_miss_cold=0 ibtc_miss_conflict=0 ibtc_miss_other=0 fpsimd_run_max_ns=5839666 miss_residual=0
a11slots point=off pass=3 test=set # table all conflicts 0 slots 0 top32 0
a11slots point=off pass=3 test=set # table nofp conflicts 0 slots 0 top32 0
a11 point=off pass=3 test=get requests=200000 rps=233644.86 hook_calls=0 syscalls_in_kernel=0 fragment_entries=0 fpsimd_entries=0 fpsimd_restores=0 chains=0 chain_cap=0 exit_svc=0 exit_bl=0 exit_blr=0 exit_br=0 exit_ret=0 exit_mem=0 exit_unsupported=0 exit_budget=0 run_declined=0 ibtc_insert=0 ibtc_replace=0 ibtc_clear=0 ibtc_fpsimd_boundary=0 ibtc_miss_cold=0 ibtc_miss_conflict=0 ibtc_miss_other=0 fpsimd_run_max_ns=5839666 miss_residual=0
a11slots point=off pass=3 test=get # table all conflicts 0 slots 0 top32 0
a11slots point=off pass=3 test=get # table nofp conflicts 0 slots 0 top32 0
a11 point=1024 pass=3 test=set requests=200000 rps=122174.71 hook_calls=408688 syscalls_in_kernel=399728 fragment_entries=2006213 fpsimd_entries=799156 fpsimd_restores=323 chains=1598090 chain_cap=0 exit_svc=399728 exit_bl=599658 exit_blr=31 exit_br=599451 exit_ret=399711 exit_mem=0 exit_unsupported=7634 exit_budget=0 run_declined=24 ibtc_insert=3195736 ibtc_replace=3195736 ibtc_clear=0 ibtc_fpsimd_boundary=799156 ibtc_miss_cold=761 ibtc_miss_conflict=798934 ibtc_miss_other=0 fpsimd_run_max_ns=5839666 miss_residual=0
a11slots point=1024 pass=3 test=set # table all conflicts 599178 slots 1 top32 599178
a11slots point=1024 pass=3 test=set all 1116 599178 0xaaaad24d5170 0xaaaad24cb170
a11slots point=1024 pass=3 test=set # table nofp conflicts 199756 slots 2 top32 199756
a11slots point=1024 pass=3 test=set nofp 1116 199754 0xaaaad24c9170 0xaaaad24e7170
a11slots point=1024 pass=3 test=set nofp 1600 2 0xaaaad24dd900 0xaaaad24e1900
a11 point=1024 pass=3 test=get requests=200000 rps=129198.97 hook_calls=408909 syscalls_in_kernel=399693 fragment_entries=2031710 fpsimd_entries=799645 fpsimd_restores=9 chains=1623360 chain_cap=0 exit_svc=399693 exit_bl=624179 exit_blr=27 exit_br=599908 exit_ret=399969 exit_mem=4 exit_unsupported=7930 exit_budget=0 run_declined=20 ibtc_insert=3294860 ibtc_replace=3294860 ibtc_clear=0 ibtc_fpsimd_boundary=799645 ibtc_miss_cold=723 ibtc_miss_conflict=823715 ibtc_miss_other=0 fpsimd_run_max_ns=5839666 miss_residual=0
a11slots point=1024 pass=3 test=get # table all conflicts 599880 slots 2 top32 599880
a11slots point=1024 pass=3 test=get all 1116 591923 0xaaaad24d5170 0xaaaad24cb170
a11slots point=1024 pass=3 test=get all 1600 7957 0xaaaad24e1900 0xaaaad24bb900
a11slots point=1024 pass=3 test=get # table nofp conflicts 223835 slots 2 top32 223835
a11slots point=1024 pass=3 test=get nofp 1116 207921 0xaaaad24c9170 0xaaaad24e7170
a11slots point=1024 pass=3 test=get nofp 1600 15914 0xaaaad24dd900 0xaaaad24e1900
a11maps-end aaaad2450000-aaaad26a0000 r-xp 00000000 00:03 4263                       /opt/redis/src/redis-server
a11maps-end aaaad26a9000-aaaad26b0000 r--p 00259000 00:03 4263                       /opt/redis/src/redis-server
a11maps-end aaaad26b0000-aaaad2709000 rw-p 00260000 00:03 4263                       /opt/redis/src/redis-server
a11maps-end aaaad2709000-aaaad293c000 rw-p 00000000 00:00 0 
a11maps-end aaab06d38000-aaab06d59000 rw-p 00000000 00:00 0                          [heap]
a11maps-end ffffadb40000-ffffaddc0000 rw-p 00000000 00:00 0 
a11maps-end ffffaddc0000-ffffaddd0000 ---p 00000000 00:00 0 
a11maps-end ffffaddd0000-ffffae5d0000 rw-p 00000000 00:00 0 
a11maps-end ffffae5d0000-ffffae5e0000 ---p 00000000 00:00 0 
a11maps-end ffffae5e0000-ffffaede0000 rw-p 00000000 00:00 0 
a11maps-end ffffaede0000-ffffaedf0000 ---p 00000000 00:00 0 
a11maps-end ffffaedf0000-ffffaf5f0000 rw-p 00000000 00:00 0 
a11maps-end ffffaf5f0000-ffffaf600000 ---p 00000000 00:00 0 
a11maps-end ffffaf600000-ffffafe00000 rw-p 00000000 00:00 0 
a11maps-end ffffafe00000-ffffb0600000 rw-p 00000000 00:00 0 
a11maps-end ffffb0730000-ffffb08bc000 r-xp 00000000 00:03 816                        /usr/lib/aarch64-linux-gnu/libc.so.6
a11maps-end ffffb08bc000-ffffb08cc000 ---p 0018c000 00:03 816                        /usr/lib/aarch64-linux-gnu/libc.so.6
a11maps-end ffffb08cc000-ffffb08d0000 r--p 0018c000 00:03 816                        /usr/lib/aarch64-linux-gnu/libc.so.6
a11maps-end ffffb08d0000-ffffb08d2000 rw-p 00190000 00:03 816                        /usr/lib/aarch64-linux-gnu/libc.so.6
a11maps-end ffffb08d2000-ffffb08df000 rw-p 00000000 00:00 0 
a11maps-end ffffb08e0000-ffffb0962000 r-xp 00000000 00:03 863                        /usr/lib/aarch64-linux-gnu/libm.so.6
a11maps-end ffffb0962000-ffffb097f000 ---p 00082000 00:03 863                        /usr/lib/aarch64-linux-gnu/libm.so.6
a11maps-end ffffb097f000-ffffb0980000 r--p 0008f000 00:03 863                        /usr/lib/aarch64-linux-gnu/libm.so.6
a11maps-end ffffb0980000-ffffb0981000 rw-p 00090000 00:03 863                        /usr/lib/aarch64-linux-gnu/libm.so.6
a11maps-end ffffb0984000-ffffb09ab000 r-xp 00000000 00:03 796                        /usr/lib/aarch64-linux-gnu/ld-linux-aarch64.so.1
a11maps-end ffffb09b5000-ffffb09b9000 rw-p 00000000 00:00 0 
a11maps-end ffffb09bb000-ffffb09bd000 rw-p 00000000 00:00 0 
a11maps-end ffffb09bd000-ffffb09c1000 r--p 00000000 00:00 0                          [vvar]
a11maps-end ffffb09c1000-ffffb09c2000 r-xp 00000000 00:00 0                          [vdso]
a11maps-end ffffb09c2000-ffffb09c4000 r--p 0002e000 00:03 796                        /usr/lib/aarch64-linux-gnu/ld-linux-aarch64.so.1
a11maps-end ffffb09c4000-ffffb09c6000 rw-p 00030000 00:03 796                        /usr/lib/aarch64-linux-gnu/ld-linux-aarch64.so.1
a11maps-end ffffe3afb000-ffffe3b1c000 rw-p 00000000 00:00 0                          [stack]
a11: done
[   35.612853] kjit: 0 of 295 translation requests still queued at unload (freed by the kernel)
[   35.643905] rust_kjit: ######## Rust KJIT exits ########
kjit-init: rmmod kjit ok
kjit-init: run exit=0
[   35.673445] reboot: Power down
guest-run: PASS (/Volumes/Local/kjit-a4b2/build/runs/meas-v2-20261009-024633/serial.log)
grun: rc=0 run_dir=/Volumes/Local/kjit-a4b2/build/runs/meas-v2-20261009-024633
