guest-run: profile=kjit-guest run-dir=/Volumes/Local/kjit-a4b2/build/runs/meas-v1-20261009-024121
[    0.000000] Booting Linux on physical CPU 0x0000000000 [0x610f0000]
[    0.000000] Linux version 7.1.0-rc1 (@6906d107117b) (Ubuntu clang version 18.1.3 (1ubuntu1), Ubuntu LLD 18.1.3) #1 SMP PREEMPT Fri Oct  2 08:37:58 UTC 2026
[    0.000000] random: crng init done
[    0.000000] Machine model: linux,dummy-virt
[    0.000000] OF: reserved mem: Reserved memory: No reserved-memory node in the DT
[    0.000000] psci: probing for conduit method from DT.
[    0.000000] psci: PSCIv1.1 detected in firmware.
[    0.000000] psci: Using standard PSCI v0.2 function IDs
[    0.000000] psci: Trusted OS migration not required
[    0.000000] psci: SMC Calling Convention v1.0
[    0.000000] Zone ranges:
[    0.000000]   Normal   [mem 0x0000000040000000-0x000000013fffffff]
[    0.000000] Movable zone start for each node
[    0.000000] Early memory node ranges
[    0.000000]   node   0: [mem 0x0000000040000000-0x000000013fffffff]
[    0.000000] Initmem setup node 0 [mem 0x0000000040000000-0x000000013fffffff]
[    0.000000] percpu: Embedded 19 pages/cpu s38488 r8192 d31144 u77824
[    0.000000] Detected PIPT I-cache on CPU0
[    0.000000] CPU features: detected: Address authentication (IMP DEF algorithm)
[    0.000000] CPU features: detected: Spectre-v4
[    0.000000] CPU features: detected: Spectre-BHB
[    0.000000] alternatives: applying boot alternatives
[    0.000000] Kernel command line: console=ttyAMA0 panic=-1 nokaslr
[    0.000000] Unknown kernel command line parameters "nokaslr", will be passed to user space.
[    0.000000] printk: log buffer data + meta data: 131072 + 458752 = 589824 bytes
[    0.000000] Dentry cache hash table entries: 524288 (order: 10, 4194304 bytes, linear)
[    0.000000] Inode-cache hash table entries: 262144 (order: 9, 2097152 bytes, linear)
[    0.000000] software IO TLB: SWIOTLB bounce buffer size adjusted to 4MB
[    0.000000] software IO TLB: area num 4.
[    0.000000] software IO TLB: mapped [mem 0x000000013ac00000-0x000000013b000000] (4MB)
[    0.000000] Built 1 zonelists, mobility grouping on.  Total pages: 1048576
[    0.000000] mem auto-init: stack:all(zero), heap alloc:off, heap free:off
[    0.000000] SLUB: HWalign=64, Order=0-3, MinObjects=0, CPUs=4, Nodes=1
[    0.000000] rcu: Preemptible hierarchical RCU implementation.
[    0.000000] rcu: 	RCU restricting CPUs from NR_CPUS=512 to nr_cpu_ids=4.
[    0.000000] rcu: RCU calculated value of scheduler-enlistment delay is 25 jiffies.
[    0.000000] rcu: Adjusting geometry for rcu_fanout_leaf=16, nr_cpu_ids=4
[    0.000000] NR_IRQS: 64, nr_irqs: 64, preallocated irqs: 0
[    0.000000] Root IRQ handler: gic_handle_irq
[    0.000000] GICv2m: range[mem 0x08020000-0x08020fff], SPI[80:143]
[    0.000000] rcu: srcu_init: Setting srcu_struct sizes based on contention.
[    0.000000] arch_timer: cp15 timer running at 24.00MHz (virt).
[    0.000000] clocksource: arch_sys_counter: mask: 0xffffffffffffff max_cycles: 0x588fe9dc0, max_idle_ns: 440795202592 ns
[    0.000000] sched_clock: 56 bits at 24MHz, resolution 41ns, wraps every 4398046511097ns
[    0.000094] Console: colour dummy device 80x25
[    0.000100] Calibrating delay loop (skipped), value calculated using timer frequency.. 48.00 BogoMIPS (lpj=96000)
[    0.000103] pid_max: default: 32768 minimum: 301
[    0.000227] Mount-cache hash table entries: 8192 (order: 4, 65536 bytes, linear)
[    0.000235] Mountpoint-cache hash table entries: 8192 (order: 4, 65536 bytes, linear)
[    0.000320] VFS: Finished mounting rootfs on nullfs
[    0.000464] cacheinfo: Unable to detect cache hierarchy for CPU 0
[    0.000577] rcu: Hierarchical SRCU implementation.
[    0.000577] rcu: 	Max phase no-delay instances is 1000.
[    0.000595] Timer migration: 1 hierarchy levels; 8 children per group; 1 crossnode level
[    0.000628] smp: Bringing up secondary CPUs ...
[    0.000829] Detected PIPT I-cache on CPU1
[    0.000920] CPU1: Booted secondary processor 0x0000000001 [0x610f0000]
[    0.001207] Detected PIPT I-cache on CPU2
[    0.001296] CPU2: Booted secondary processor 0x0000000002 [0x610f0000]
[    0.001544] Detected PIPT I-cache on CPU3
[    0.001656] CPU3: Booted secondary processor 0x0000000003 [0x610f0000]
[    0.001742] smp: Brought up 1 node, 4 CPUs
[    0.001743] SMP: Total of 4 processors activated.
[    0.001743] CPU: All CPU(s) started at EL1
[    0.001744] CPU features: detected: ARMv8.4 Translation Table Level
[    0.001745] CPU features: detected: Data cache clean to the PoU not required for I/D coherence
[    0.001745] CPU features: detected: CRC32 instructions
[    0.001745] CPU features: detected: Data independent timing control (DIT)
[    0.001746] CPU features: detected: E0PD
[    0.001746] CPU features: detected: Generic authentication (IMP DEF algorithm)
[    0.001747] CPU features: detected: RCpc load-acquire (LDAPR)
[    0.001747] CPU features: detected: LSE atomic instructions
[    0.001747] CPU features: detected: Privileged Access Never
[    0.001748] CPU features: detected: Speculation barrier (SB)
[    0.001748] CPU features: detected: TLB range maintenance instructions
[    0.001749] CPU features: detected: XNX
[    0.001840] alternatives: applying system-wide alternatives
[    0.002791] Memory: 3934216K/4194304K available (5248K kernel code, 754K rwdata, 2356K rodata, 576K init, 405K bss, 256908K reserved, 0K cma-reserved)
[    0.003023] devtmpfs: initialized
[    0.003317] clocksource: jiffies: mask: 0xffffffff max_cycles: 0xffffffff, max_idle_ns: 7645041785100000 ns
[    0.003321] posixtimers hash table entries: 2048 (order: 3, 32768 bytes, linear)
[    0.003336] futex hash table entries: 1024 (65536 bytes on 1 NUMA nodes, total 64 KiB, linear).
[    0.003341] 30384 pages in range for non-PLT usage
[    0.003341] 521904 pages in range for PLT usage
[    0.003410] NET: Registered PF_NETLINK/PF_ROUTE protocol family
[    0.003761] DMA: preallocated 512 KiB GFP_KERNEL pool for atomic allocations
[    0.003810] ASID allocator initialised with 256 entries
[    0.003817] Serial: AMBA PL011 UART driver
[    0.004377] 9000000.pl011: ttyAMA0 at MMIO 0x9000000 (irq = 13, base_baud = 0) is a PL011 rev1
[    0.004579] printk: console [ttyAMA0] enabled
[    0.010348] vgaarb: loaded
[    0.010591] clocksource: Switched to clocksource arch_sys_counter
[    0.021273] NET: Registered PF_INET protocol family
[    0.021358] IP idents hash table entries: 65536 (order: 7, 524288 bytes, linear)
[    0.021781] tcp_listen_portaddr_hash hash table entries: 2048 (order: 3, 32768 bytes, linear)
[    0.021787] Table-perturb hash table entries: 65536 (order: 6, 262144 bytes, linear)
[    0.021790] TCP established hash table entries: 32768 (order: 6, 262144 bytes, linear)
[    0.021845] TCP bind hash table entries: 32768 (order: 8, 1048576 bytes, linear)
[    0.022002] TCP: Hash tables configured (established 32768 bind 32768)
[    0.022031] UDP hash table entries: 2048 (order: 5, 131072 bytes, linear)
[    0.022060] NET: Registered PF_UNIX/PF_LOCAL protocol family
[    0.022070] PCI: CLS 0 bytes, default 64
[    0.022230] Unpacking initramfs...
[    0.023268] workingset: timestamp_bits=46 (anon: 42) max_order=20 bucket_order=0 (anon: 0)
[    0.023309] 9p: Installing v9fs 9p2000 file system support
[    0.027117] pci-host-generic 4010000000.pcie: host bridge /pcie@10000000 ranges:
[    0.027124] pci-host-generic 4010000000.pcie:       IO 0x003eff0000..0x003effffff -> 0x0000000000
[    0.027126] pci-host-generic 4010000000.pcie:      MEM 0x0010000000..0x003efeffff -> 0x0010000000
[    0.027128] pci-host-generic 4010000000.pcie:      MEM 0x8000000000..0xffffffffff -> 0x8000000000
[    0.027136] pci-host-generic 4010000000.pcie: Memory resource size exceeds max for 32 bits
[    0.027151] pci-host-generic 4010000000.pcie: ECAM at [mem 0x4010000000-0x401fffffff] for [bus 00-ff]
[    0.027171] pci-host-generic 4010000000.pcie: PCI host bridge to bus 0000:00
[    0.027172] pci_bus 0000:00: root bus resource [bus 00-ff]
[    0.027173] pci_bus 0000:00: root bus resource [io  0x0000-0xffff]
[    0.027174] pci_bus 0000:00: root bus resource [mem 0x10000000-0x3efeffff]
[    0.027174] pci_bus 0000:00: root bus resource [mem 0x8000000000-0xffffffffff]
[    0.027211] pci 0000:00:00.0: [1b36:0008] type 00 class 0x060000 conventional PCI endpoint
[    0.027605] pci 0000:00:01.0: [1af4:1000] type 00 class 0x020000 conventional PCI endpoint
[    0.027691] pci 0000:00:01.0: BAR 0 [io  0x0000-0x001f]
[    0.027694] pci 0000:00:01.0: BAR 1 [mem 0x00000000-0x00000fff]
[    0.027700] pci 0000:00:01.0: BAR 4 [mem 0x00000000-0x00003fff 64bit pref]
[    0.027702] pci 0000:00:01.0: ROM [mem 0x00000000-0x0003ffff pref]
[    0.028199] pci 0000:00:02.0: [1af4:1009] type 00 class 0x000200 conventional PCI endpoint
[    0.028418] pci 0000:00:02.0: BAR 0 [io  0x0000-0x003f]
[    0.028421] pci 0000:00:02.0: BAR 1 [mem 0x00000000-0x00000fff]
[    0.028434] pci 0000:00:02.0: BAR 4 [mem 0x00000000-0x00003fff 64bit pref]
[    0.028681] pci 0000:00:03.0: [1af4:1005] type 00 class 0x00ff00 conventional PCI endpoint
[    0.028792] pci 0000:00:03.0: BAR 0 [io  0x0000-0x001f]
[    0.028795] pci 0000:00:03.0: BAR 1 [mem 0x00000000-0x00000fff]
[    0.028802] pci 0000:00:03.0: BAR 4 [mem 0x00000000-0x00003fff 64bit pref]
[    0.029405] pci 0000:00:01.0: ROM [mem 0x10000000-0x1003ffff pref]: assigned
[    0.029408] pci 0000:00:01.0: BAR 4 [mem 0x8000000000-0x8000003fff 64bit pref]: assigned
[    0.029431] pci 0000:00:02.0: BAR 4 [mem 0x8000004000-0x8000007fff 64bit pref]: assigned
[    0.029485] pci 0000:00:03.0: BAR 4 [mem 0x8000008000-0x800000bfff 64bit pref]: assigned
[    0.029516] pci 0000:00:01.0: BAR 1 [mem 0x10040000-0x10040fff]: assigned
[    0.029521] pci 0000:00:02.0: BAR 1 [mem 0x10041000-0x10041fff]: assigned
[    0.029568] pci 0000:00:03.0: BAR 1 [mem 0x10042000-0x10042fff]: assigned
[    0.029573] pci 0000:00:02.0: BAR 0 [io  0x1000-0x103f]: assigned
[    0.029578] pci 0000:00:01.0: BAR 0 [io  0x1040-0x105f]: assigned
[    0.029581] pci 0000:00:03.0: BAR 0 [io  0x1060-0x107f]: assigned
[    0.029587] pci_bus 0000:00: resource 4 [io  0x0000-0xffff]
[    0.029588] pci_bus 0000:00: resource 5 [mem 0x10000000-0x3efeffff]
[    0.029588] pci_bus 0000:00: resource 6 [mem 0x8000000000-0xffffffffff]
[    0.030583] virtio-pci 0000:00:01.0: enabling device (0000 -> 0003)
[    0.031401] virtio-pci 0000:00:02.0: enabling device (0000 -> 0003)
[    0.032294] virtio-pci 0000:00:03.0: enabling device (0000 -> 0003)
[    0.038116] rtc-pl031 9010000.pl031: registered as rtc0
[    0.038124] rtc-pl031 9010000.pl031: setting system clock to 2026-10-08T18:41:21 UTC (1791484881)
[    0.038276] NET: Registered PF_INET6 protocol family
[    0.038816] Segment Routing with IPv6
[    0.038824] In-situ OAM (IOAM) with IPv6
[    0.038833] sit: IPv6, IPv4 and MPLS over IPv4 tunneling driver
[    0.038890] NET: Registered PF_PACKET protocol family
[    0.038895] 9pnet: Installing 9P2000 support
[    0.043835] clk: Disabling unused clocks
[    0.104609] Freeing initrd memory: 161888K
[    0.105176] Freeing unused kernel memory: 576K
[    0.105228] Run /init as init process
[    0.121257] kjit: loading out-of-tree module taints kernel.
[    0.122201] rust_kjit: ######## Rust KJIT inits ########
[    0.122232] rust_kjit: kjit: dispatch variant 1
[    0.122317] rust_kjit: golden tests/arm64/toy_cfg.s:hot_svc_mark translated for dispatch variant 1; byte comparison skipped (reference is variant 0)
kjit-init: insmod kjit.ko ok
meas: variant=1
rep 0 variant=gpr enabled=0 outer=200000 calls=16 ns_per_outer=143.2 ns_per_call=8.95
rep 1 variant=gpr enabled=0 outer=200000 calls=16 ns_per_outer=182.3 ns_per_call=11.39
rep 2 variant=gpr enabled=0 outer=200000 calls=16 ns_per_outer=143.9 ns_per_call=8.99
rep 3 variant=gpr enabled=0 outer=200000 calls=16 ns_per_outer=140.9 ns_per_call=8.81
rep 4 variant=gpr enabled=0 outer=200000 calls=16 ns_per_outer=143.6 ns_per_call=8.97
rep 5 variant=gpr enabled=0 outer=200000 calls=16 ns_per_outer=142.7 ns_per_call=8.92
rep 6 variant=gpr enabled=0 outer=200000 calls=16 ns_per_outer=142.3 ns_per_call=8.89
result variant=gpr enabled=0 outer=200000 calls=16 reps=7 median_ns_per_outer=143.2 median_ns_per_call=8.95 min_ns_per_call=8.81 acc=25600000
[    0.383628] kjit: translate_svc_sites pid 69: 2 text ranges, 111 svc sites
[    0.384103] rust_kjit: kjit: pc 0x400fe8: installed 492 bytes, 0 fault sites, 2 entries, text 0x400fe8..0x400ff0, fpsimd false
[    0.384692] rust_kjit: kjit: pc 0x400fcc: installed 1024 bytes, 1 fault sites, 11 entries, text 0x400fbc..0x400fe8, fpsimd false
rep 0 variant=gpr enabled=1 outer=20000 calls=16 ns_per_outer=151.5 ns_per_call=9.47
rep 1 variant=gpr enabled=1 outer=20000 calls=16 ns_per_outer=147.3 ns_per_call=9.21
rep 2 variant=gpr enabled=1 outer=20000 calls=16 ns_per_outer=147.2 ns_per_call=9.20
rep 3 variant=gpr enabled=1 outer=20000 calls=16 ns_per_outer=153.8 ns_per_call=9.61
rep 4 variant=gpr enabled=1 outer=20000 calls=16 ns_per_outer=154.3 ns_per_call=9.64
rep 5 variant=gpr enabled=1 outer=20000 calls=16 ns_per_outer=151.4 ns_per_call=9.46
rep 6 variant=gpr enabled=1 outer=20000 calls=16 ns_per_outer=145.7 ns_per_call=9.11
result variant=gpr enabled=1 outer=20000 calls=16 reps=7 median_ns_per_outer=151.4 median_ns_per_call=9.46 min_ns_per_call=9.11 acc=2560000
counters variant=gpr timed_outer=140000 hook_calls=140045 syscalls_in_kernel=139965 fragment_entries=140045 fpsimd_entries=1 fpsimd_restores=0 chains=0 chain_cap=0 exit_svc=139965 exit_bl=0 exit_blr=0 exit_br=0 exit_ret=80 exit_mem=0 exit_unsupported=0 exit_budget=0 run_declined=0
rep 0 variant=fp enabled=0 outer=200000 calls=16 ns_per_outer=173.9 ns_per_call=10.87
rep 1 variant=fp enabled=0 outer=200000 calls=16 ns_per_outer=175.2 ns_per_call=10.95
rep 2 variant=fp enabled=0 outer=200000 calls=16 ns_per_outer=175.8 ns_per_call=10.99
rep 3 variant=fp enabled=0 outer=200000 calls=16 ns_per_outer=176.7 ns_per_call=11.04
rep 4 variant=fp enabled=0 outer=200000 calls=16 ns_per_outer=176.9 ns_per_call=11.05
rep 5 variant=fp enabled=0 outer=200000 calls=16 ns_per_outer=175.8 ns_per_call=10.99
rep 6 variant=fp enabled=0 outer=200000 calls=16 ns_per_outer=178.3 ns_per_call=11.15
result variant=fp enabled=0 outer=200000 calls=16 reps=7 median_ns_per_outer=175.8 median_ns_per_call=10.99 min_ns_per_call=10.87 acc=25600000
[    0.728408] kjit: translate_svc_sites pid 73: 2 text ranges, 111 svc sites
[    0.728773] rust_kjit: kjit: pc 0x401028: installed 500 bytes, 0 fault sites, 4 entries, text 0x401028..0x401038, fpsimd true
[    0.729767] rust_kjit: kjit: pc 0x40100c: installed 1024 bytes, 1 fault sites, 11 entries, text 0x400ffc..0x401028, fpsimd false
rep 0 variant=fp enabled=1 outer=20000 calls=16 ns_per_outer=216.4 ns_per_call=13.53
rep 1 variant=fp enabled=1 outer=20000 calls=16 ns_per_outer=213.8 ns_per_call=13.36
rep 2 variant=fp enabled=1 outer=20000 calls=16 ns_per_outer=211.2 ns_per_call=13.20
rep 3 variant=fp enabled=1 outer=20000 calls=16 ns_per_outer=217.0 ns_per_call=13.56
rep 4 variant=fp enabled=1 outer=20000 calls=16 ns_per_outer=217.6 ns_per_call=13.60
rep 5 variant=fp enabled=1 outer=20000 calls=16 ns_per_outer=218.5 ns_per_call=13.65
rep 6 variant=fp enabled=1 outer=20000 calls=16 ns_per_outer=218.1 ns_per_call=13.63
result variant=fp enabled=1 outer=20000 calls=16 reps=7 median_ns_per_outer=217.0 median_ns_per_call=13.56 min_ns_per_call=13.20 acc=2560000
counters variant=fp timed_outer=140000 hook_calls=140045 syscalls_in_kernel=139965 fragment_entries=280017 fpsimd_entries=139973 fpsimd_restores=0 chains=139972 chain_cap=0 exit_svc=139965 exit_bl=139972 exit_blr=0 exit_br=0 exit_ret=80 exit_mem=0 exit_unsupported=0 exit_budget=0 run_declined=0
rep 0 variant=gpr enabled=0 outer=200000 calls=128 ns_per_outer=256.4 ns_per_call=2.00
rep 1 variant=gpr enabled=0 outer=200000 calls=128 ns_per_outer=256.8 ns_per_call=2.01
rep 2 variant=gpr enabled=0 outer=200000 calls=128 ns_per_outer=253.1 ns_per_call=1.98
rep 3 variant=gpr enabled=0 outer=200000 calls=128 ns_per_outer=253.5 ns_per_call=1.98
rep 4 variant=gpr enabled=0 outer=200000 calls=128 ns_per_outer=253.5 ns_per_call=1.98
rep 5 variant=gpr enabled=0 outer=200000 calls=128 ns_per_outer=258.1 ns_per_call=2.02
rep 6 variant=gpr enabled=0 outer=200000 calls=128 ns_per_outer=253.5 ns_per_call=1.98
result variant=gpr enabled=0 outer=200000 calls=128 reps=7 median_ns_per_outer=253.5 median_ns_per_call=1.98 min_ns_per_call=1.98 acc=204800000
[    1.211106] kjit: translate_svc_sites pid 75: 2 text ranges, 111 svc sites
[    1.211481] rust_kjit: kjit: pc 0x400fe8: installed 492 bytes, 0 fault sites, 2 entries, text 0x400fe8..0x400ff0, fpsimd false
[    1.212014] rust_kjit: kjit: pc 0x400fcc: installed 1024 bytes, 1 fault sites, 11 entries, text 0x400fbc..0x400fe8, fpsimd false
rep 0 variant=gpr enabled=1 outer=20000 calls=128 ns_per_outer=848.7 ns_per_call=6.63
rep 1 variant=gpr enabled=1 outer=20000 calls=128 ns_per_outer=842.1 ns_per_call=6.58
rep 2 variant=gpr enabled=1 outer=20000 calls=128 ns_per_outer=855.1 ns_per_call=6.68
rep 3 variant=gpr enabled=1 outer=20000 calls=128 ns_per_outer=841.4 ns_per_call=6.57
rep 4 variant=gpr enabled=1 outer=20000 calls=128 ns_per_outer=850.2 ns_per_call=6.64
rep 5 variant=gpr enabled=1 outer=20000 calls=128 ns_per_outer=853.6 ns_per_call=6.67
rep 6 variant=gpr enabled=1 outer=20000 calls=128 ns_per_outer=857.0 ns_per_call=6.70
result variant=gpr enabled=1 outer=20000 calls=128 reps=7 median_ns_per_outer=850.2 median_ns_per_call=6.64 min_ns_per_call=6.57 acc=20480000
counters variant=gpr timed_outer=140000 hook_calls=140045 syscalls_in_kernel=139965 fragment_entries=140045 fpsimd_entries=1 fpsimd_restores=0 chains=0 chain_cap=0 exit_svc=139965 exit_bl=0 exit_blr=0 exit_br=0 exit_ret=80 exit_mem=0 exit_unsupported=0 exit_budget=0 run_declined=0
rep 0 variant=fp enabled=0 outer=200000 calls=128 ns_per_outer=541.5 ns_per_call=4.23
rep 1 variant=fp enabled=0 outer=200000 calls=128 ns_per_outer=536.5 ns_per_call=4.19
rep 2 variant=fp enabled=0 outer=200000 calls=128 ns_per_outer=539.3 ns_per_call=4.21
rep 3 variant=fp enabled=0 outer=200000 calls=128 ns_per_outer=532.8 ns_per_call=4.16
rep 4 variant=fp enabled=0 outer=200000 calls=128 ns_per_outer=532.8 ns_per_call=4.16
rep 5 variant=fp enabled=0 outer=200000 calls=128 ns_per_outer=537.4 ns_per_call=4.20
rep 6 variant=fp enabled=0 outer=200000 calls=128 ns_per_outer=537.3 ns_per_call=4.20
result variant=fp enabled=0 outer=200000 calls=128 reps=7 median_ns_per_outer=537.3 median_ns_per_call=4.20 min_ns_per_call=4.16 acc=204800000
[    2.246258] kjit: translate_svc_sites pid 77: 2 text ranges, 111 svc sites
[    2.247018] rust_kjit: kjit: pc 0x401028: installed 500 bytes, 0 fault sites, 4 entries, text 0x401028..0x401038, fpsimd true
[    2.247609] rust_kjit: kjit: pc 0x40100c: installed 1024 bytes, 1 fault sites, 11 entries, text 0x400ffc..0x401028, fpsimd false
rep 0 variant=fp enabled=1 outer=20000 calls=128 ns_per_outer=926.8 ns_per_call=7.24
rep 1 variant=fp enabled=1 outer=20000 calls=128 ns_per_outer=910.6 ns_per_call=7.11
rep 2 variant=fp enabled=1 outer=20000 calls=128 ns_per_outer=912.1 ns_per_call=7.13
rep 3 variant=fp enabled=1 outer=20000 calls=128 ns_per_outer=929.8 ns_per_call=7.26
rep 4 variant=fp enabled=1 outer=20000 calls=128 ns_per_outer=910.4 ns_per_call=7.11
rep 5 variant=fp enabled=1 outer=20000 calls=128 ns_per_outer=927.5 ns_per_call=7.25
rep 6 variant=fp enabled=1 outer=20000 calls=128 ns_per_outer=913.8 ns_per_call=7.14
result variant=fp enabled=1 outer=20000 calls=128 reps=7 median_ns_per_outer=913.8 median_ns_per_call=7.14 min_ns_per_call=7.11 acc=20480000
counters variant=fp timed_outer=140000 hook_calls=140045 syscalls_in_kernel=139965 fragment_entries=280017 fpsimd_entries=139973 fpsimd_restores=0 chains=139972 chain_cap=0 exit_svc=139965 exit_bl=139972 exit_blr=0 exit_br=0 exit_ret=80 exit_mem=0 exit_unsupported=0 exit_budget=0 run_declined=0
rep 0 variant=gpr enabled=0 outer=200000 calls=256 ns_per_outer=377.7 ns_per_call=1.48
rep 1 variant=gpr enabled=0 outer=200000 calls=256 ns_per_outer=379.7 ns_per_call=1.48
rep 2 variant=gpr enabled=0 outer=200000 calls=256 ns_per_outer=380.7 ns_per_call=1.49
rep 3 variant=gpr enabled=0 outer=200000 calls=256 ns_per_outer=381.9 ns_per_call=1.49
rep 4 variant=gpr enabled=0 outer=200000 calls=256 ns_per_outer=377.7 ns_per_call=1.48
rep 5 variant=gpr enabled=0 outer=200000 calls=256 ns_per_outer=378.0 ns_per_call=1.48
rep 6 variant=gpr enabled=0 outer=200000 calls=256 ns_per_outer=379.6 ns_per_call=1.48
result variant=gpr enabled=0 outer=200000 calls=256 reps=7 median_ns_per_outer=379.6 median_ns_per_call=1.48 min_ns_per_call=1.48 acc=409600000
[    3.041370] kjit: translate_svc_sites pid 79: 2 text ranges, 111 svc sites
[    3.042360] rust_kjit: kjit: pc 0x400fe8: installed 492 bytes, 0 fault sites, 2 entries, text 0x400fe8..0x400ff0, fpsimd false
[    3.043061] rust_kjit: kjit: pc 0x400fcc: installed 1024 bytes, 1 fault sites, 11 entries, text 0x400fbc..0x400fe8, fpsimd false
rep 0 variant=gpr enabled=1 outer=20000 calls=256 ns_per_outer=1656.6 ns_per_call=6.47
rep 1 variant=gpr enabled=1 outer=20000 calls=256 ns_per_outer=1670.1 ns_per_call=6.52
rep 2 variant=gpr enabled=1 outer=20000 calls=256 ns_per_outer=1647.4 ns_per_call=6.44
rep 3 variant=gpr enabled=1 outer=20000 calls=256 ns_per_outer=1674.7 ns_per_call=6.54
rep 4 variant=gpr enabled=1 outer=20000 calls=256 ns_per_outer=1653.2 ns_per_call=6.46
rep 5 variant=gpr enabled=1 outer=20000 calls=256 ns_per_outer=1652.3 ns_per_call=6.45
rep 6 variant=gpr enabled=1 outer=20000 calls=256 ns_per_outer=1643.7 ns_per_call=6.42
result variant=gpr enabled=1 outer=20000 calls=256 reps=7 median_ns_per_outer=1653.2 median_ns_per_call=6.46 min_ns_per_call=6.42 acc=40960000
counters variant=gpr timed_outer=140000 hook_calls=140045 syscalls_in_kernel=139965 fragment_entries=140045 fpsimd_entries=1 fpsimd_restores=0 chains=0 chain_cap=0 exit_svc=139965 exit_bl=0 exit_blr=0 exit_br=0 exit_ret=80 exit_mem=0 exit_unsupported=0 exit_budget=0 run_declined=0
rep 0 variant=fp enabled=0 outer=200000 calls=256 ns_per_outer=943.1 ns_per_call=3.68
rep 1 variant=fp enabled=0 outer=200000 calls=256 ns_per_outer=945.7 ns_per_call=3.69
rep 2 variant=fp enabled=0 outer=200000 calls=256 ns_per_outer=942.3 ns_per_call=3.68
rep 3 variant=fp enabled=0 outer=200000 calls=256 ns_per_outer=952.5 ns_per_call=3.72
rep 4 variant=fp enabled=0 outer=200000 calls=256 ns_per_outer=946.4 ns_per_call=3.70
rep 5 variant=fp enabled=0 outer=200000 calls=256 ns_per_outer=941.8 ns_per_call=3.68
rep 6 variant=fp enabled=0 outer=200000 calls=256 ns_per_outer=949.0 ns_per_call=3.71
result variant=fp enabled=0 outer=200000 calls=256 reps=7 median_ns_per_outer=945.7 median_ns_per_call=3.69 min_ns_per_call=3.68 acc=409600000
[    4.860334] kjit: translate_svc_sites pid 81: 2 text ranges, 111 svc sites
[    4.860718] rust_kjit: kjit: pc 0x401028: installed 500 bytes, 0 fault sites, 4 entries, text 0x401028..0x401038, fpsimd true
[    4.861721] rust_kjit: kjit: pc 0x40100c: installed 1024 bytes, 1 fault sites, 11 entries, text 0x400ffc..0x401028, fpsimd false
rep 0 variant=fp enabled=1 outer=20000 calls=256 ns_per_outer=1732.9 ns_per_call=6.77
rep 1 variant=fp enabled=1 outer=20000 calls=256 ns_per_outer=1709.2 ns_per_call=6.68
rep 2 variant=fp enabled=1 outer=20000 calls=256 ns_per_outer=1723.0 ns_per_call=6.73
rep 3 variant=fp enabled=1 outer=20000 calls=256 ns_per_outer=1728.4 ns_per_call=6.75
rep 4 variant=fp enabled=1 outer=20000 calls=256 ns_per_outer=1713.7 ns_per_call=6.69
rep 5 variant=fp enabled=1 outer=20000 calls=256 ns_per_outer=1732.0 ns_per_call=6.77
rep 6 variant=fp enabled=1 outer=20000 calls=256 ns_per_outer=1713.5 ns_per_call=6.69
result variant=fp enabled=1 outer=20000 calls=256 reps=7 median_ns_per_outer=1723.0 median_ns_per_call=6.73 min_ns_per_call=6.68 acc=40960000
counters variant=fp timed_outer=140000 hook_calls=140045 syscalls_in_kernel=139965 fragment_entries=280017 fpsimd_entries=139973 fpsimd_restores=0 chains=139972 chain_cap=0 exit_svc=139965 exit_bl=139972 exit_blr=0 exit_br=0 exit_ret=80 exit_mem=0 exit_unsupported=0 exit_budget=0 run_declined=0
a11: ibtc_variant=1
a11: warm-up at off
a11maps aaaae7ce0000-aaaae7f30000 r-xp 00000000 00:03 4263                       /opt/redis/src/redis-server
a11maps aaaae7f39000-aaaae7f40000 r--p 00259000 00:03 4263                       /opt/redis/src/redis-server
a11maps aaaae7f40000-aaaae7f99000 rw-p 00260000 00:03 4263                       /opt/redis/src/redis-server
a11maps aaaae7f99000-aaaae81cc000 rw-p 00000000 00:00 0 
a11maps aaab08f9f000-aaab08fc0000 rw-p 00000000 00:00 0                          [heap]
a11maps ffff8ff40000-ffff901c0000 rw-p 00000000 00:00 0 
a11maps ffff901c0000-ffff901d0000 ---p 00000000 00:00 0 
a11maps ffff901d0000-ffff909d0000 rw-p 00000000 00:00 0 
a11maps ffff909d0000-ffff909e0000 ---p 00000000 00:00 0 
a11maps ffff909e0000-ffff911e0000 rw-p 00000000 00:00 0 
a11maps ffff911e0000-ffff911f0000 ---p 00000000 00:00 0 
a11maps ffff911f0000-ffff919f0000 rw-p 00000000 00:00 0 
a11maps ffff919f0000-ffff91a00000 ---p 00000000 00:00 0 
a11maps ffff91a00000-ffff92200000 rw-p 00000000 00:00 0 
a11maps ffff92200000-ffff92a00000 rw-p 00000000 00:00 0 
a11maps ffff92a60000-ffff92bec000 r-xp 00000000 00:03 816                        /usr/lib/aarch64-linux-gnu/libc.so.6
a11maps ffff92bec000-ffff92bfc000 ---p 0018c000 00:03 816                        /usr/lib/aarch64-linux-gnu/libc.so.6
a11maps ffff92bfc000-ffff92c00000 r--p 0018c000 00:03 816                        /usr/lib/aarch64-linux-gnu/libc.so.6
a11maps ffff92c00000-ffff92c02000 rw-p 00190000 00:03 816                        /usr/lib/aarch64-linux-gnu/libc.so.6
a11maps ffff92c02000-ffff92c0f000 rw-p 00000000 00:00 0 
a11maps ffff92c10000-ffff92c92000 r-xp 00000000 00:03 863                        /usr/lib/aarch64-linux-gnu/libm.so.6
a11maps ffff92c92000-ffff92caf000 ---p 00082000 00:03 863                        /usr/lib/aarch64-linux-gnu/libm.so.6
a11maps ffff92caf000-ffff92cb0000 r--p 0008f000 00:03 863                        /usr/lib/aarch64-linux-gnu/libm.so.6
a11maps ffff92cb0000-ffff92cb1000 rw-p 00090000 00:03 863                        /usr/lib/aarch64-linux-gnu/libm.so.6
a11maps ffff92cbf000-ffff92ce6000 r-xp 00000000 00:03 796                        /usr/lib/aarch64-linux-gnu/ld-linux-aarch64.so.1
a11maps ffff92cf0000-ffff92cf4000 rw-p 00000000 00:00 0 
a11maps ffff92cf6000-ffff92cf8000 rw-p 00000000 00:00 0 
a11maps ffff92cf8000-ffff92cfc000 r--p 00000000 00:00 0                          [vvar]
a11maps ffff92cfc000-ffff92cfd000 r-xp 00000000 00:00 0                          [vdso]
a11maps ffff92cfd000-ffff92cff000 r--p 0002e000 00:03 796                        /usr/lib/aarch64-linux-gnu/ld-linux-aarch64.so.1
a11maps ffff92cff000-ffff92d01000 rw-p 00030000 00:03 796                        /usr/lib/aarch64-linux-gnu/ld-linux-aarch64.so.1
a11maps ffffed7de000-ffffed7ff000 rw-p 00000000 00:00 0                          [stack]
a11 point=off pass=1 test=set requests=200000 rps=225988.70 hook_calls=0 syscalls_in_kernel=0 fragment_entries=0 fpsimd_entries=0 fpsimd_restores=0 chains=0 chain_cap=0 exit_svc=0 exit_bl=0 exit_blr=0 exit_br=0 exit_ret=0 exit_mem=0 exit_unsupported=0 exit_budget=0 run_declined=0 ibtc_insert=0 ibtc_replace=0 ibtc_clear=0 ibtc_fpsimd_boundary=0 ibtc_miss_cold=0 ibtc_miss_conflict=0 ibtc_miss_other=0 fpsimd_run_max_ns=96416 miss_residual=0
a11slots point=off pass=1 test=set # table all conflicts 0 slots 0 top32 0
a11slots point=off pass=1 test=set # table nofp conflicts 0 slots 0 top32 0
a11 point=off pass=1 test=get requests=200000 rps=233644.86 hook_calls=0 syscalls_in_kernel=0 fragment_entries=0 fpsimd_entries=0 fpsimd_restores=0 chains=0 chain_cap=0 exit_svc=0 exit_bl=0 exit_blr=0 exit_br=0 exit_ret=0 exit_mem=0 exit_unsupported=0 exit_budget=0 run_declined=0 ibtc_insert=0 ibtc_replace=0 ibtc_clear=0 ibtc_fpsimd_boundary=0 ibtc_miss_cold=0 ibtc_miss_conflict=0 ibtc_miss_other=0 fpsimd_run_max_ns=96416 miss_residual=0
a11slots point=off pass=1 test=get # table all conflicts 0 slots 0 top32 0
a11slots point=off pass=1 test=get # table nofp conflicts 0 slots 0 top32 0
a11 point=1024 pass=1 test=set requests=200000 rps=123609.39 hook_calls=408718 syscalls_in_kernel=384495 fragment_entries=2769363 fpsimd_entries=786002 fpsimd_restores=0 chains=2361451 chain_cap=0 exit_svc=384495 exit_bl=225647 exit_blr=188644 exit_br=969333 exit_ret=995937 exit_mem=1 exit_unsupported=5306 exit_budget=0 run_declined=13 ibtc_insert=3150907 ibtc_replace=3150386 ibtc_clear=0 ibtc_fpsimd_boundary=785997 ibtc_miss_cold=17896 ibtc_miss_conflict=1575668 ibtc_miss_other=0 fpsimd_run_max_ns=96416 miss_residual=0
a11slots point=1024 pass=1 test=set # table all conflicts 774338 slots 7 top32 774338
a11slots point=1024 pass=1 test=set all 3713 368387 0xaaaae7d7c778 0xaaaae7d74770
a11slots point=1024 pass=1 test=set all 2867 203730 0xaaaae7d711bc 0xaaaae7d651a8
a11slots point=1024 pass=1 test=set all 493 184687 0xaaaae7db3a04 0xffff92af6d40
a11slots point=1024 pass=1 test=set all 38 6983 0xffff92b16b8c 0xaaaae7d4bdd0
a11slots point=1024 pass=1 test=set all 1567 6855 0xaaaae7d7e500 0xaaaae7e1a664
a11slots point=1024 pass=1 test=set all 2637 3694 0xaaaae7ea5790 0xaaaae7d75440
a11slots point=1024 pass=1 test=set all 3268 2 0xaaaae7ea4db4 0xaaaae7d90e80
a11slots point=1024 pass=1 test=set # table nofp conflicts 801330 slots 9 top32 801330
a11slots point=1024 pass=1 test=set nofp 3095 374355 0xffff92b3db60 0xaaaae7d90dcc
a11slots point=1024 pass=1 test=set nofp 493 198334 0xffff92af6d40 0xaaaae7db3a04
a11slots point=1024 pass=1 test=set nofp 2867 190822 0xaaaae7d651a8 0xaaaae7d711bc
a11slots point=1024 pass=1 test=set nofp 154 11315 0xaaaae7dfbf90 0xaaaae7d4bf20
a11slots point=1024 pass=1 test=set nofp 3713 7248 0xaaaae7d74770 0xaaaae7d7c778
a11slots point=1024 pass=1 test=set nofp 38 6921 0xaaaae7d4bdd0 0xffff92b16b8c
a11slots point=1024 pass=1 test=set nofp 1567 6920 0xaaaae7e1a664 0xaaaae7d7e500
a11slots point=1024 pass=1 test=set nofp 2637 5405 0xaaaae7d75440 0xaaaae7ea5790
a11slots point=1024 pass=1 test=set nofp 3268 10 0xaaaae7ea4db4 0xaaaae7d90e80
a11 point=1024 pass=1 test=get requests=200000 rps=149365.20 hook_calls=408801 syscalls_in_kernel=398699 fragment_entries=1496501 fpsimd_entries=618088 fpsimd_restores=0 chains=1088246 chain_cap=0 exit_svc=398699 exit_bl=39584 exit_blr=81 exit_br=403421 exit_ret=646924 exit_mem=1 exit_unsupported=7791 exit_budget=0 run_declined=11 ibtc_insert=940319 ibtc_replace=940290 ibtc_clear=0 ibtc_fpsimd_boundary=618086 ibtc_miss_cold=1645 ibtc_miss_conflict=470279 ibtc_miss_other=0 fpsimd_run_max_ns=104958 miss_residual=0
a11slots point=1024 pass=1 test=get # table all conflicts 418547 slots 5 top32 418547
a11slots point=1024 pass=1 test=get all 2867 391140 0xaaaae7d651a8 0xaaaae7d711bc
a11slots point=1024 pass=1 test=get all 2331 7944 0xaaaae7d7191c 0xaaaae7d6d900
a11slots point=1024 pass=1 test=get all 2317 7935 0xaaaae7d71944 0xaaaae7d6d958
a11slots point=1024 pass=1 test=get all 38 7804 0xffff92b16b8c 0xaaaae7d4bdd0
a11slots point=1024 pass=1 test=get all 2637 3724 0xaaaae7ea5790 0xaaaae7d75440
a11slots point=1024 pass=1 test=get # table nofp conflicts 51732 slots 8 top32 51732
a11slots point=1024 pass=1 test=get nofp 154 15582 0xaaaae7dfbf90 0xaaaae7d4bf20
a11slots point=1024 pass=1 test=get nofp 2867 8774 0xaaaae7d651a8 0xaaaae7d711bc
a11slots point=1024 pass=1 test=get nofp 2331 7882 0xaaaae7d6d900 0xaaaae7d7191c
a11slots point=1024 pass=1 test=get nofp 2317 7871 0xaaaae7d6d958 0xaaaae7d71944
a11slots point=1024 pass=1 test=get nofp 38 7804 0xaaaae7d4bdd0 0xffff92b16b8c
a11slots point=1024 pass=1 test=get nofp 2637 3812 0xaaaae7d75440 0xaaaae7ea5790
a11slots point=1024 pass=1 test=get nofp 3268 6 0xaaaae7ea4db4 0xaaaae7d90e80
a11slots point=1024 pass=1 test=get nofp 493 1 0xffff92af6d40 0xaaaae7db3a04
a11 point=off pass=2 test=set requests=200000 rps=221975.58 hook_calls=0 syscalls_in_kernel=0 fragment_entries=0 fpsimd_entries=0 fpsimd_restores=0 chains=0 chain_cap=0 exit_svc=0 exit_bl=0 exit_blr=0 exit_br=0 exit_ret=0 exit_mem=0 exit_unsupported=0 exit_budget=0 run_declined=0 ibtc_insert=0 ibtc_replace=0 ibtc_clear=0 ibtc_fpsimd_boundary=0 ibtc_miss_cold=0 ibtc_miss_conflict=0 ibtc_miss_other=0 fpsimd_run_max_ns=104958 miss_residual=0
a11slots point=off pass=2 test=set # table all conflicts 0 slots 0 top32 0
a11slots point=off pass=2 test=set # table nofp conflicts 0 slots 0 top32 0
a11 point=off pass=2 test=get requests=200000 rps=236686.38 hook_calls=0 syscalls_in_kernel=0 fragment_entries=0 fpsimd_entries=0 fpsimd_restores=0 chains=0 chain_cap=0 exit_svc=0 exit_bl=0 exit_blr=0 exit_br=0 exit_ret=0 exit_mem=0 exit_unsupported=0 exit_budget=0 run_declined=0 ibtc_insert=0 ibtc_replace=0 ibtc_clear=0 ibtc_fpsimd_boundary=0 ibtc_miss_cold=0 ibtc_miss_conflict=0 ibtc_miss_other=0 fpsimd_run_max_ns=104958 miss_residual=0
a11slots point=off pass=2 test=get # table all conflicts 0 slots 0 top32 0
a11slots point=off pass=2 test=get # table nofp conflicts 0 slots 0 top32 0
a11 point=1024 pass=2 test=set requests=200000 rps=125000.00 hook_calls=408725 syscalls_in_kernel=399617 fragment_entries=2871161 fpsimd_entries=810306 fpsimd_restores=0 chains=2462997 chain_cap=0 exit_svc=399617 exit_bl=232749 exit_blr=199619 exit_br=1002144 exit_ret=1029308 exit_mem=0 exit_unsupported=7724 exit_budget=0 run_declined=23 ibtc_insert=3305382 ibtc_replace=3305382 ibtc_clear=0 ibtc_fpsimd_boundary=810306 ibtc_miss_cold=809 ibtc_miss_conflict=1652705 ibtc_miss_other=0 fpsimd_run_max_ns=104958 miss_residual=0
a11slots point=1024 pass=2 test=set # table all conflicts 802274 slots 7 top32 802274
a11slots point=1024 pass=2 test=set all 3713 391443 0xaaaae7d7c778 0xaaaae7d74770
a11slots point=1024 pass=2 test=set all 2867 199696 0xaaaae7d711bc 0xaaaae7d651a8
a11slots point=1024 pass=2 test=set all 493 191910 0xaaaae7db3a04 0xffff92af6d40
a11slots point=1024 pass=2 test=set all 38 7737 0xffff92b16b8c 0xaaaae7d4bdd0
a11slots point=1024 pass=2 test=set all 1567 7737 0xaaaae7d7e500 0xaaaae7e1a664
a11slots point=1024 pass=2 test=set all 2637 3747 0xaaaae7ea5790 0xaaaae7d75440
a11slots point=1024 pass=2 test=set all 3268 4 0xaaaae7ea4db4 0xaaaae7d90e80
a11slots point=1024 pass=2 test=set # table nofp conflicts 850431 slots 9 top32 850431
a11slots point=1024 pass=2 test=set nofp 3095 399092 0xffff92b3db60 0xaaaae7d90dcc
a11slots point=1024 pass=2 test=set nofp 493 207383 0xffff92af6d40 0xaaaae7db3a04
a11slots point=1024 pass=2 test=set nofp 2867 199636 0xaaaae7d651a8 0xaaaae7d711bc
a11slots point=1024 pass=2 test=set nofp 154 15442 0xaaaae7dfbf90 0xaaaae7d4bf20
a11slots point=1024 pass=2 test=set nofp 3713 7739 0xaaaae7d74770 0xaaaae7d7c778
a11slots point=1024 pass=2 test=set nofp 38 7737 0xaaaae7d4bdd0 0xffff92b16b8c
a11slots point=1024 pass=2 test=set nofp 1567 7737 0xaaaae7e1a664 0xaaaae7d7e500
a11slots point=1024 pass=2 test=set nofp 2637 5657 0xaaaae7d75440 0xaaaae7ea5790
a11slots point=1024 pass=2 test=set nofp 3268 8 0xaaaae7ea4db4 0xaaaae7d90e80
a11 point=1024 pass=2 test=get requests=200000 rps=147058.83 hook_calls=408855 syscalls_in_kernel=399748 fragment_entries=1497705 fpsimd_entries=618552 fpsimd_restores=0 chains=1089405 chain_cap=0 exit_svc=399748 exit_bl=39559 exit_blr=25 exit_br=402942 exit_ret=647546 exit_mem=0 exit_unsupported=7885 exit_budget=0 run_declined=20 ibtc_insert=941706 ibtc_replace=941706 ibtc_clear=0 ibtc_fpsimd_boundary=618552 ibtc_miss_cold=661 ibtc_miss_conflict=470859 ibtc_miss_other=0 fpsimd_run_max_ns=112083 miss_residual=0
a11slots point=1024 pass=2 test=get # table all conflicts 418628 slots 6 top32 418628
a11slots point=1024 pass=2 test=get all 2867 391076 0xaaaae7d651a8 0xaaaae7d711bc
a11slots point=1024 pass=2 test=get all 2317 7957 0xaaaae7d71944 0xaaaae7d6d958
a11slots point=1024 pass=2 test=get all 2331 7947 0xaaaae7d7191c 0xaaaae7d6d900
a11slots point=1024 pass=2 test=get all 38 7894 0xffff92b16b8c 0xaaaae7d4bdd0
a11slots point=1024 pass=2 test=get all 2637 3751 0xaaaae7ea5790 0xaaaae7d75440
a11slots point=1024 pass=2 test=get all 3268 3 0xaaaae7ea4db4 0xaaaae7d90e80
a11slots point=1024 pass=2 test=get # table nofp conflicts 52231 slots 8 top32 52231
a11slots point=1024 pass=2 test=get nofp 154 15762 0xaaaae7dfbf90 0xaaaae7d4bf20
a11slots point=1024 pass=2 test=get nofp 2867 8834 0xaaaae7d651a8 0xaaaae7d711bc
a11slots point=1024 pass=2 test=get nofp 2317 7957 0xaaaae7d6d958 0xaaaae7d71944
a11slots point=1024 pass=2 test=get nofp 2331 7947 0xaaaae7d6d900 0xaaaae7d7191c
a11slots point=1024 pass=2 test=get nofp 38 7894 0xaaaae7d4bdd0 0xffff92b16b8c
a11slots point=1024 pass=2 test=get nofp 2637 3833 0xaaaae7d75440 0xaaaae7ea5790
a11slots point=1024 pass=2 test=get nofp 3268 3 0xaaaae7ea4db4 0xaaaae7d90e80
a11slots point=1024 pass=2 test=get nofp 493 1 0xffff92af6d40 0xaaaae7db3a04
a11 point=off pass=3 test=set requests=200000 rps=212314.23 hook_calls=0 syscalls_in_kernel=0 fragment_entries=0 fpsimd_entries=0 fpsimd_restores=0 chains=0 chain_cap=0 exit_svc=0 exit_bl=0 exit_blr=0 exit_br=0 exit_ret=0 exit_mem=0 exit_unsupported=0 exit_budget=0 run_declined=0 ibtc_insert=0 ibtc_replace=0 ibtc_clear=0 ibtc_fpsimd_boundary=0 ibtc_miss_cold=0 ibtc_miss_conflict=0 ibtc_miss_other=0 fpsimd_run_max_ns=112083 miss_residual=0
a11slots point=off pass=3 test=set # table all conflicts 0 slots 0 top32 0
a11slots point=off pass=3 test=set # table nofp conflicts 0 slots 0 top32 0
a11 point=off pass=3 test=get requests=200000 rps=229621.12 hook_calls=0 syscalls_in_kernel=0 fragment_entries=0 fpsimd_entries=0 fpsimd_restores=0 chains=0 chain_cap=0 exit_svc=0 exit_bl=0 exit_blr=0 exit_br=0 exit_ret=0 exit_mem=0 exit_unsupported=0 exit_budget=0 run_declined=0 ibtc_insert=0 ibtc_replace=0 ibtc_clear=0 ibtc_fpsimd_boundary=0 ibtc_miss_cold=0 ibtc_miss_conflict=0 ibtc_miss_other=0 fpsimd_run_max_ns=112083 miss_residual=0
a11slots point=off pass=3 test=get # table all conflicts 0 slots 0 top32 0
a11slots point=off pass=3 test=get # table nofp conflicts 0 slots 0 top32 0
a11 point=1024 pass=3 test=set requests=200000 rps=124146.50 hook_calls=408741 syscalls_in_kernel=399690 fragment_entries=2872093 fpsimd_entries=810535 fpsimd_restores=0 chains=2463914 chain_cap=0 exit_svc=399690 exit_bl=232853 exit_blr=199692 exit_br=1002429 exit_ret=1029692 exit_mem=0 exit_unsupported=7737 exit_budget=0 run_declined=23 ibtc_insert=3306758 ibtc_replace=3306758 ibtc_clear=0 ibtc_fpsimd_boundary=810535 ibtc_miss_cold=740 ibtc_miss_conflict=1653391 ibtc_miss_other=0 fpsimd_run_max_ns=112083 miss_residual=0
a11slots point=1024 pass=3 test=set # table all conflicts 802542 slots 7 top32 802542
a11slots point=1024 pass=3 test=set all 3713 391571 0xaaaae7d7c778 0xaaaae7d74770
a11slots point=1024 pass=3 test=set all 2867 199758 0xaaaae7d711bc 0xaaaae7d651a8
a11slots point=1024 pass=3 test=set all 493 191964 0xaaaae7db3a04 0xffff92af6d40
a11slots point=1024 pass=3 test=set all 38 7748 0xffff92b16b8c 0xaaaae7d4bdd0
a11slots point=1024 pass=3 test=set all 1567 7748 0xaaaae7d7e500 0xaaaae7e1a664
a11slots point=1024 pass=3 test=set all 2637 3751 0xaaaae7ea5790 0xaaaae7d75440
a11slots point=1024 pass=3 test=set all 3268 2 0xaaaae7ea4db4 0xaaaae7d90e80
a11slots point=1024 pass=3 test=set # table nofp conflicts 850849 slots 9 top32 850849
a11slots point=1024 pass=3 test=set nofp 3095 399234 0xffff92b3db60 0xaaaae7d90dcc
a11slots point=1024 pass=3 test=set nofp 493 207459 0xffff92af6d40 0xaaaae7db3a04
a11slots point=1024 pass=3 test=set nofp 2867 199701 0xaaaae7d651a8 0xaaaae7d711bc
a11slots point=1024 pass=3 test=set nofp 154 15466 0xaaaae7dfbf90 0xaaaae7d4bf20
a11slots point=1024 pass=3 test=set nofp 3713 7758 0xaaaae7d74770 0xaaaae7d7c778
a11slots point=1024 pass=3 test=set nofp 38 7748 0xaaaae7d4bdd0 0xffff92b16b8c
a11slots point=1024 pass=3 test=set nofp 1567 7748 0xaaaae7e1a664 0xaaaae7d7e500
a11slots point=1024 pass=3 test=set nofp 2637 5727 0xaaaae7d75440 0xaaaae7ea5790
a11slots point=1024 pass=3 test=set nofp 3268 8 0xaaaae7ea4db4 0xaaaae7d90e80
a11 point=1024 pass=3 test=get requests=200000 rps=146735.14 hook_calls=408764 syscalls_in_kernel=399701 fragment_entries=1496808 fpsimd_entries=618351 fpsimd_restores=0 chains=1088590 chain_cap=0 exit_svc=399701 exit_bl=39222 exit_blr=15 exit_br=402896 exit_ret=647142 exit_mem=0 exit_unsupported=7832 exit_budget=0 run_declined=11 ibtc_insert=940478 ibtc_replace=940478 ibtc_clear=0 ibtc_fpsimd_boundary=618351 ibtc_miss_cold=679 ibtc_miss_conflict=470245 ibtc_miss_other=0 fpsimd_run_max_ns=1217125 miss_residual=0
a11slots point=1024 pass=3 test=get # table all conflicts 418428 slots 6 top32 418428
a11slots point=1024 pass=3 test=get all 2867 391130 0xaaaae7d651a8 0xaaaae7d711bc
a11slots point=1024 pass=3 test=get all 2317 7888 0xaaaae7d71944 0xaaaae7d6d958
a11slots point=1024 pass=3 test=get all 2331 7884 0xaaaae7d7191c 0xaaaae7d6d900
a11slots point=1024 pass=3 test=get all 38 7832 0xffff92b16b8c 0xaaaae7d4bdd0
a11slots point=1024 pass=3 test=get all 2637 3692 0xaaaae7ea5790 0xaaaae7d75440
a11slots point=1024 pass=3 test=get all 3268 2 0xaaaae7ea4db4 0xaaaae7d90e80
a11slots point=1024 pass=3 test=get # table nofp conflicts 51817 slots 8 top32 51817
a11slots point=1024 pass=3 test=get nofp 154 15638 0xaaaae7dfbf90 0xaaaae7d4bf20
a11slots point=1024 pass=3 test=get nofp 2867 8794 0xaaaae7d651a8 0xaaaae7d711bc
a11slots point=1024 pass=3 test=get nofp 2317 7888 0xaaaae7d6d958 0xaaaae7d71944
a11slots point=1024 pass=3 test=get nofp 2331 7884 0xaaaae7d6d900 0xaaaae7d7191c
a11slots point=1024 pass=3 test=get nofp 38 7832 0xaaaae7d4bdd0 0xffff92b16b8c
a11slots point=1024 pass=3 test=get nofp 2637 3776 0xaaaae7d75440 0xaaaae7ea5790
a11slots point=1024 pass=3 test=get nofp 3268 4 0xaaaae7ea4db4 0xaaaae7d90e80
a11slots point=1024 pass=3 test=get nofp 493 1 0xffff92af6d40 0xaaaae7db3a04
a11maps-end aaaae7ce0000-aaaae7f30000 r-xp 00000000 00:03 4263                       /opt/redis/src/redis-server
a11maps-end aaaae7f39000-aaaae7f40000 r--p 00259000 00:03 4263                       /opt/redis/src/redis-server
a11maps-end aaaae7f40000-aaaae7f99000 rw-p 00260000 00:03 4263                       /opt/redis/src/redis-server
a11maps-end aaaae7f99000-aaaae81cc000 rw-p 00000000 00:00 0 
a11maps-end aaab08f9f000-aaab08fc0000 rw-p 00000000 00:00 0                          [heap]
a11maps-end ffff8ff40000-ffff901c0000 rw-p 00000000 00:00 0 
a11maps-end ffff901c0000-ffff901d0000 ---p 00000000 00:00 0 
a11maps-end ffff901d0000-ffff909d0000 rw-p 00000000 00:00 0 
a11maps-end ffff909d0000-ffff909e0000 ---p 00000000 00:00 0 
a11maps-end ffff909e0000-ffff911e0000 rw-p 00000000 00:00 0 
a11maps-end ffff911e0000-ffff911f0000 ---p 00000000 00:00 0 
a11maps-end ffff911f0000-ffff919f0000 rw-p 00000000 00:00 0 
a11maps-end ffff919f0000-ffff91a00000 ---p 00000000 00:00 0 
a11maps-end ffff91a00000-ffff92200000 rw-p 00000000 00:00 0 
a11maps-end ffff92200000-ffff92a00000 rw-p 00000000 00:00 0 
a11maps-end ffff92a60000-ffff92bec000 r-xp 00000000 00:03 816                        /usr/lib/aarch64-linux-gnu/libc.so.6
a11maps-end ffff92bec000-ffff92bfc000 ---p 0018c000 00:03 816                        /usr/lib/aarch64-linux-gnu/libc.so.6
a11maps-end ffff92bfc000-ffff92c00000 r--p 0018c000 00:03 816                        /usr/lib/aarch64-linux-gnu/libc.so.6
a11maps-end ffff92c00000-ffff92c02000 rw-p 00190000 00:03 816                        /usr/lib/aarch64-linux-gnu/libc.so.6
a11maps-end ffff92c02000-ffff92c0f000 rw-p 00000000 00:00 0 
a11maps-end ffff92c10000-ffff92c92000 r-xp 00000000 00:03 863                        /usr/lib/aarch64-linux-gnu/libm.so.6
a11maps-end ffff92c92000-ffff92caf000 ---p 00082000 00:03 863                        /usr/lib/aarch64-linux-gnu/libm.so.6
a11maps-end ffff92caf000-ffff92cb0000 r--p 0008f000 00:03 863                        /usr/lib/aarch64-linux-gnu/libm.so.6
a11maps-end ffff92cb0000-ffff92cb1000 rw-p 00090000 00:03 863                        /usr/lib/aarch64-linux-gnu/libm.so.6
a11maps-end ffff92cbf000-ffff92ce6000 r-xp 00000000 00:03 796                        /usr/lib/aarch64-linux-gnu/ld-linux-aarch64.so.1
a11maps-end ffff92cf0000-ffff92cf4000 rw-p 00000000 00:00 0 
a11maps-end ffff92cf6000-ffff92cf8000 rw-p 00000000 00:00 0 
a11maps-end ffff92cf8000-ffff92cfc000 r--p 00000000 00:00 0                          [vvar]
a11maps-end ffff92cfc000-ffff92cfd000 r-xp 00000000 00:00 0                          [vdso]
a11maps-end ffff92cfd000-ffff92cff000 r--p 0002e000 00:03 796                        /usr/lib/aarch64-linux-gnu/ld-linux-aarch64.so.1
a11maps-end ffff92cff000-ffff92d01000 rw-p 00030000 00:03 796                        /usr/lib/aarch64-linux-gnu/ld-linux-aarch64.so.1
a11maps-end ffffed7de000-ffffed7ff000 rw-p 00000000 00:00 0                          [stack]
a11: done
[   35.494877] kjit: 0 of 295 translation requests still queued at unload (freed by the kernel)
[   35.532091] rust_kjit: ######## Rust KJIT exits ########
kjit-init: rmmod kjit ok
kjit-init: run exit=0
[   35.562976] reboot: Power down
guest-run: PASS (/Volumes/Local/kjit-a4b2/build/runs/meas-v1-20261009-024121/serial.log)
grun: rc=0 run_dir=/Volumes/Local/kjit-a4b2/build/runs/meas-v1-20261009-024121
