[    0.000000] Booting Linux on physical CPU 0x0000000000 [0x610f0000]
[    0.000000] Linux version 7.1.0-rc1 (@6906d107117b) (Ubuntu clang version 18.1.3 (1ubuntu1), Ubuntu LLD 18.1.3) #1 SMP PREEMPT Fri Oct  2 08:37:58 UTC 2026
[    0.000000] random: crng init done
[    0.000000] Machine model: linux,dummy-virt
[    0.000000] OF: reserved mem: Reserved memory: No reserved-memory node in the DT
[    0.000000] psci: probing for conduit method from DT.
[    0.000000] psci: PSCIv1.1 detected in firmware.
[    0.000000] psci: Using standard PSCI v0.2 function IDs
[    0.000000] psci: Trusted OS migration not required
[    0.000000] psci: SMC Calling Convention v1.0
[    0.000000] Zone ranges:
[    0.000000]   Normal   [mem 0x0000000040000000-0x000000013fffffff]
[    0.000000] Movable zone start for each node
[    0.000000] Early memory node ranges
[    0.000000]   node   0: [mem 0x0000000040000000-0x000000013fffffff]
[    0.000000] Initmem setup node 0 [mem 0x0000000040000000-0x000000013fffffff]
[    0.000000] percpu: Embedded 19 pages/cpu s38488 r8192 d31144 u77824
[    0.000000] Detected PIPT I-cache on CPU0
[    0.000000] CPU features: detected: Address authentication (IMP DEF algorithm)
[    0.000000] CPU features: detected: Spectre-v4
[    0.000000] CPU features: detected: Spectre-BHB
[    0.000000] alternatives: applying boot alternatives
[    0.000000] Kernel command line: console=ttyAMA0 panic=-1 nokaslr
[    0.000000] Unknown kernel command line parameters "nokaslr", will be passed to user space.
[    0.000000] printk: log buffer data + meta data: 131072 + 458752 = 589824 bytes
[    0.000000] Dentry cache hash table entries: 524288 (order: 10, 4194304 bytes, linear)
[    0.000000] Inode-cache hash table entries: 262144 (order: 9, 2097152 bytes, linear)
[    0.000000] software IO TLB: SWIOTLB bounce buffer size adjusted to 4MB
[    0.000000] software IO TLB: area num 4.
[    0.000000] software IO TLB: mapped [mem 0x000000013ac00000-0x000000013b000000] (4MB)
[    0.000000] Built 1 zonelists, mobility grouping on.  Total pages: 1048576
[    0.000000] mem auto-init: stack:all(zero), heap alloc:off, heap free:off
[    0.000000] SLUB: HWalign=64, Order=0-3, MinObjects=0, CPUs=4, Nodes=1
[    0.000000] rcu: Preemptible hierarchical RCU implementation.
[    0.000000] rcu: 	RCU restricting CPUs from NR_CPUS=512 to nr_cpu_ids=4.
[    0.000000] rcu: RCU calculated value of scheduler-enlistment delay is 25 jiffies.
[    0.000000] rcu: Adjusting geometry for rcu_fanout_leaf=16, nr_cpu_ids=4
[    0.000000] NR_IRQS: 64, nr_irqs: 64, preallocated irqs: 0
[    0.000000] Root IRQ handler: gic_handle_irq
[    0.000000] GICv2m: range[mem 0x08020000-0x08020fff], SPI[80:143]
[    0.000000] rcu: srcu_init: Setting srcu_struct sizes based on contention.
[    0.000000] arch_timer: cp15 timer running at 24.00MHz (virt).
[    0.000000] clocksource: arch_sys_counter: mask: 0xffffffffffffff max_cycles: 0x588fe9dc0, max_idle_ns: 440795202592 ns
[    0.000000] sched_clock: 56 bits at 24MHz, resolution 41ns, wraps every 4398046511097ns
[    0.000097] Console: colour dummy device 80x25
[    0.000104] Calibrating delay loop (skipped), value calculated using timer frequency.. 48.00 BogoMIPS (lpj=96000)
[    0.000108] pid_max: default: 32768 minimum: 301
[    0.000238] Mount-cache hash table entries: 8192 (order: 4, 65536 bytes, linear)
[    0.000246] Mountpoint-cache hash table entries: 8192 (order: 4, 65536 bytes, linear)
[    0.000333] VFS: Finished mounting rootfs on nullfs
[    0.000486] cacheinfo: Unable to detect cache hierarchy for CPU 0
[    0.000599] rcu: Hierarchical SRCU implementation.
[    0.000600] rcu: 	Max phase no-delay instances is 1000.
[    0.000619] Timer migration: 1 hierarchy levels; 8 children per group; 1 crossnode level
[    0.000654] smp: Bringing up secondary CPUs ...
[    0.000826] Detected PIPT I-cache on CPU1
[    0.000907] CPU1: Booted secondary processor 0x0000000001 [0x610f0000]
[    0.001141] Detected PIPT I-cache on CPU2
[    0.001227] CPU2: Booted secondary processor 0x0000000002 [0x610f0000]
[    0.001411] Detected PIPT I-cache on CPU3
[    0.001511] CPU3: Booted secondary processor 0x0000000003 [0x610f0000]
[    0.001584] smp: Brought up 1 node, 4 CPUs
[    0.001585] SMP: Total of 4 processors activated.
[    0.001585] CPU: All CPU(s) started at EL1
[    0.001586] CPU features: detected: ARMv8.4 Translation Table Level
[    0.001587] CPU features: detected: Data cache clean to the PoU not required for I/D coherence
[    0.001587] CPU features: detected: CRC32 instructions
[    0.001588] CPU features: detected: Data independent timing control (DIT)
[    0.001588] CPU features: detected: E0PD
[    0.001589] CPU features: detected: Generic authentication (IMP DEF algorithm)
[    0.001589] CPU features: detected: RCpc load-acquire (LDAPR)
[    0.001589] CPU features: detected: LSE atomic instructions
[    0.001590] CPU features: detected: Privileged Access Never
[    0.001590] CPU features: detected: Speculation barrier (SB)
[    0.001590] CPU features: detected: TLB range maintenance instructions
[    0.001591] CPU features: detected: XNX
[    0.001746] alternatives: applying system-wide alternatives
[    0.002689] Memory: 3934216K/4194304K available (5248K kernel code, 754K rwdata, 2356K rodata, 576K init, 405K bss, 256908K reserved, 0K cma-reserved)
[    0.003061] devtmpfs: initialized
[    0.003339] clocksource: jiffies: mask: 0xffffffff max_cycles: 0xffffffff, max_idle_ns: 7645041785100000 ns
[    0.003343] posixtimers hash table entries: 2048 (order: 3, 32768 bytes, linear)
[    0.003361] futex hash table entries: 1024 (65536 bytes on 1 NUMA nodes, total 64 KiB, linear).
[    0.003366] 30384 pages in range for non-PLT usage
[    0.003367] 521904 pages in range for PLT usage
[    0.003427] NET: Registered PF_NETLINK/PF_ROUTE protocol family
[    0.003841] DMA: preallocated 512 KiB GFP_KERNEL pool for atomic allocations
[    0.003871] ASID allocator initialised with 256 entries
[    0.003878] Serial: AMBA PL011 UART driver
[    0.004394] 9000000.pl011: ttyAMA0 at MMIO 0x9000000 (irq = 13, base_baud = 0) is a PL011 rev1
[    0.004539] printk: console [ttyAMA0] enabled
[    0.010595] vgaarb: loaded
[    0.011079] clocksource: Switched to clocksource arch_sys_counter
[    0.021806] NET: Registered PF_INET protocol family
[    0.021905] IP idents hash table entries: 65536 (order: 7, 524288 bytes, linear)
[    0.022310] tcp_listen_portaddr_hash hash table entries: 2048 (order: 3, 32768 bytes, linear)
[    0.022318] Table-perturb hash table entries: 65536 (order: 6, 262144 bytes, linear)
[    0.022321] TCP established hash table entries: 32768 (order: 6, 262144 bytes, linear)
[    0.022380] TCP bind hash table entries: 32768 (order: 8, 1048576 bytes, linear)
[    0.022555] TCP: Hash tables configured (established 32768 bind 32768)
[    0.022583] UDP hash table entries: 2048 (order: 5, 131072 bytes, linear)
[    0.022618] NET: Registered PF_UNIX/PF_LOCAL protocol family
[    0.022626] PCI: CLS 0 bytes, default 64
[    0.022834] Unpacking initramfs...
[    0.023549] workingset: timestamp_bits=46 (anon: 42) max_order=20 bucket_order=0 (anon: 0)
[    0.023696] 9p: Installing v9fs 9p2000 file system support
[    0.027578] pci-host-generic 4010000000.pcie: host bridge /pcie@10000000 ranges:
[    0.027584] pci-host-generic 4010000000.pcie:       IO 0x003eff0000..0x003effffff -> 0x0000000000
[    0.027587] pci-host-generic 4010000000.pcie:      MEM 0x0010000000..0x003efeffff -> 0x0010000000
[    0.027588] pci-host-generic 4010000000.pcie:      MEM 0x8000000000..0xffffffffff -> 0x8000000000
[    0.027594] pci-host-generic 4010000000.pcie: Memory resource size exceeds max for 32 bits
[    0.027604] pci-host-generic 4010000000.pcie: ECAM at [mem 0x4010000000-0x401fffffff] for [bus 00-ff]
[    0.027617] pci-host-generic 4010000000.pcie: PCI host bridge to bus 0000:00
[    0.027618] pci_bus 0000:00: root bus resource [bus 00-ff]
[    0.027619] pci_bus 0000:00: root bus resource [io  0x0000-0xffff]
[    0.027620] pci_bus 0000:00: root bus resource [mem 0x10000000-0x3efeffff]
[    0.027620] pci_bus 0000:00: root bus resource [mem 0x8000000000-0xffffffffff]
[    0.027659] pci 0000:00:00.0: [1b36:0008] type 00 class 0x060000 conventional PCI endpoint
[    0.028122] pci 0000:00:01.0: [1af4:1000] type 00 class 0x020000 conventional PCI endpoint
[    0.028411] pci 0000:00:01.0: BAR 0 [io  0x0000-0x001f]
[    0.028414] pci 0000:00:01.0: BAR 1 [mem 0x00000000-0x00000fff]
[    0.028420] pci 0000:00:01.0: BAR 4 [mem 0x00000000-0x00003fff 64bit pref]
[    0.028422] pci 0000:00:01.0: ROM [mem 0x00000000-0x0003ffff pref]
[    0.028724] pci 0000:00:02.0: [1af4:1009] type 00 class 0x000200 conventional PCI endpoint
[    0.028942] pci 0000:00:02.0: BAR 0 [io  0x0000-0x003f]
[    0.028945] pci 0000:00:02.0: BAR 1 [mem 0x00000000-0x00000fff]
[    0.029010] pci 0000:00:02.0: BAR 4 [mem 0x00000000-0x00003fff 64bit pref]
[    0.029453] pci 0000:00:03.0: [1af4:1005] type 00 class 0x00ff00 conventional PCI endpoint
[    0.029646] pci 0000:00:03.0: BAR 0 [io  0x0000-0x001f]
[    0.029650] pci 0000:00:03.0: BAR 1 [mem 0x00000000-0x00000fff]
[    0.029657] pci 0000:00:03.0: BAR 4 [mem 0x00000000-0x00003fff 64bit pref]
[    0.030201] pci 0000:00:01.0: ROM [mem 0x10000000-0x1003ffff pref]: assigned
[    0.030203] pci 0000:00:01.0: BAR 4 [mem 0x8000000000-0x8000003fff 64bit pref]: assigned
[    0.030270] pci 0000:00:02.0: BAR 4 [mem 0x8000004000-0x8000007fff 64bit pref]: assigned
[    0.030309] pci 0000:00:03.0: BAR 4 [mem 0x8000008000-0x800000bfff 64bit pref]: assigned
[    0.030329] pci 0000:00:01.0: BAR 1 [mem 0x10040000-0x10040fff]: assigned
[    0.030333] pci 0000:00:02.0: BAR 1 [mem 0x10041000-0x10041fff]: assigned
[    0.030341] pci 0000:00:03.0: BAR 1 [mem 0x10042000-0x10042fff]: assigned
[    0.030356] pci 0000:00:02.0: BAR 0 [io  0x1000-0x103f]: assigned
[    0.030361] pci 0000:00:01.0: BAR 0 [io  0x1040-0x105f]: assigned
[    0.030378] pci 0000:00:03.0: BAR 0 [io  0x1060-0x107f]: assigned
[    0.030385] pci_bus 0000:00: resource 4 [io  0x0000-0xffff]
[    0.030386] pci_bus 0000:00: resource 5 [mem 0x10000000-0x3efeffff]
[    0.030386] pci_bus 0000:00: resource 6 [mem 0x8000000000-0xffffffffff]
[    0.031494] virtio-pci 0000:00:01.0: enabling device (0000 -> 0003)
[    0.032191] virtio-pci 0000:00:02.0: enabling device (0000 -> 0003)
[    0.033007] virtio-pci 0000:00:03.0: enabling device (0000 -> 0003)
[    0.099583] rtc-pl031 9010000.pl031: registered as rtc0
[    0.099604] rtc-pl031 9010000.pl031: setting system clock to 2026-10-08T18:57:19 UTC (1791485839)
[    0.099744] NET: Registered PF_INET6 protocol family
[    0.100164] Segment Routing with IPv6
[    0.100170] In-situ OAM (IOAM) with IPv6
[    0.100179] sit: IPv6, IPv4 and MPLS over IPv4 tunneling driver
[    0.100231] NET: Registered PF_PACKET protocol family
[    0.100236] 9pnet: Installing 9P2000 support
[    0.105099] clk: Disabling unused clocks
[    0.115306] Freeing initrd memory: 161888K
[    0.115742] Freeing unused kernel memory: 576K
[    0.115795] Run /init as init process
[    0.131509] kjit: loading out-of-tree module taints kernel.
[    0.132653] rust_kjit: ######## Rust KJIT inits ########
[    0.132674] rust_kjit: kjit: dispatch variant 0
[    0.132757] rust_kjit: golden tests/arm64/toy_cfg.s:hot_svc_mark PASS: 800 fragment bytes match harness
kjit-init: insmod kjit.ko ok
meas: variant=0
rep 0 variant=gpr enabled=0 outer=200000 calls=16 ns_per_outer=143.3 ns_per_call=8.96
rep 1 variant=gpr enabled=0 outer=200000 calls=16 ns_per_outer=142.3 ns_per_call=8.89
rep 2 variant=gpr enabled=0 outer=200000 calls=16 ns_per_outer=145.6 ns_per_call=9.10
rep 3 variant=gpr enabled=0 outer=200000 calls=16 ns_per_outer=146.5 ns_per_call=9.16
rep 4 variant=gpr enabled=0 outer=200000 calls=16 ns_per_outer=144.0 ns_per_call=9.00
rep 5 variant=gpr enabled=0 outer=200000 calls=16 ns_per_outer=146.5 ns_per_call=9.16
rep 6 variant=gpr enabled=0 outer=200000 calls=16 ns_per_outer=143.7 ns_per_call=8.98
result variant=gpr enabled=0 outer=200000 calls=16 reps=7 median_ns_per_outer=144.0 median_ns_per_call=9.00 min_ns_per_call=8.89 acc=25600000
[    0.387564] kjit: translate_svc_sites pid 69: 2 text ranges, 111 svc sites
[    0.387982] rust_kjit: kjit: pc 0x400fe8: installed 488 bytes, 0 fault sites, 2 entries, text 0x400fe8..0x400ff0, fpsimd false
[    0.388524] rust_kjit: kjit: pc 0x400fcc: installed 1016 bytes, 1 fault sites, 11 entries, text 0x400fbc..0x400fe8, fpsimd false
rep 0 variant=gpr enabled=1 outer=20000 calls=16 ns_per_outer=156.5 ns_per_call=9.78
rep 1 variant=gpr enabled=1 outer=20000 calls=16 ns_per_outer=152.6 ns_per_call=9.54
rep 2 variant=gpr enabled=1 outer=20000 calls=16 ns_per_outer=151.3 ns_per_call=9.46
rep 3 variant=gpr enabled=1 outer=20000 calls=16 ns_per_outer=154.0 ns_per_call=9.62
rep 4 variant=gpr enabled=1 outer=20000 calls=16 ns_per_outer=151.0 ns_per_call=9.44
rep 5 variant=gpr enabled=1 outer=20000 calls=16 ns_per_outer=157.6 ns_per_call=9.85
rep 6 variant=gpr enabled=1 outer=20000 calls=16 ns_per_outer=153.0 ns_per_call=9.56
result variant=gpr enabled=1 outer=20000 calls=16 reps=7 median_ns_per_outer=153.0 median_ns_per_call=9.56 min_ns_per_call=9.44 acc=2560000
counters variant=gpr timed_outer=140000 hook_calls=140045 syscalls_in_kernel=139965 fragment_entries=140045 fpsimd_entries=1 fpsimd_restores=0 chains=0 chain_cap=0 exit_svc=139965 exit_bl=0 exit_blr=0 exit_br=0 exit_ret=80 exit_mem=0 exit_unsupported=0 exit_budget=0 run_declined=0
rep 0 variant=fp enabled=0 outer=200000 calls=16 ns_per_outer=176.2 ns_per_call=11.02
rep 1 variant=fp enabled=0 outer=200000 calls=16 ns_per_outer=179.5 ns_per_call=11.22
rep 2 variant=fp enabled=0 outer=200000 calls=16 ns_per_outer=434.3 ns_per_call=27.14
rep 3 variant=fp enabled=0 outer=200000 calls=16 ns_per_outer=278.7 ns_per_call=17.42
rep 4 variant=fp enabled=0 outer=200000 calls=16 ns_per_outer=186.2 ns_per_call=11.64
rep 5 variant=fp enabled=0 outer=200000 calls=16 ns_per_outer=181.3 ns_per_call=11.33
rep 6 variant=fp enabled=0 outer=200000 calls=16 ns_per_outer=177.2 ns_per_call=11.08
result variant=fp enabled=0 outer=200000 calls=16 reps=7 median_ns_per_outer=181.3 median_ns_per_call=11.33 min_ns_per_call=11.02 acc=25600000
[    0.811840] kjit: translate_svc_sites pid 73: 2 text ranges, 111 svc sites
[    0.812377] rust_kjit: kjit: pc 0x401028: installed 496 bytes, 0 fault sites, 4 entries, text 0x401028..0x401038, fpsimd true
[    0.812961] rust_kjit: kjit: pc 0x40100c: installed 1016 bytes, 1 fault sites, 11 entries, text 0x400ffc..0x401028, fpsimd false
rep 0 variant=fp enabled=1 outer=20000 calls=16 ns_per_outer=215.1 ns_per_call=13.45
rep 1 variant=fp enabled=1 outer=20000 calls=16 ns_per_outer=218.7 ns_per_call=13.67
rep 2 variant=fp enabled=1 outer=20000 calls=16 ns_per_outer=218.0 ns_per_call=13.62
rep 3 variant=fp enabled=1 outer=20000 calls=16 ns_per_outer=226.0 ns_per_call=14.13
rep 4 variant=fp enabled=1 outer=20000 calls=16 ns_per_outer=214.9 ns_per_call=13.43
rep 5 variant=fp enabled=1 outer=20000 calls=16 ns_per_outer=224.2 ns_per_call=14.01
rep 6 variant=fp enabled=1 outer=20000 calls=16 ns_per_outer=216.5 ns_per_call=13.53
result variant=fp enabled=1 outer=20000 calls=16 reps=7 median_ns_per_outer=218.0 median_ns_per_call=13.62 min_ns_per_call=13.43 acc=2560000
counters variant=fp timed_outer=140000 hook_calls=140045 syscalls_in_kernel=139965 fragment_entries=280017 fpsimd_entries=139973 fpsimd_restores=0 chains=139972 chain_cap=0 exit_svc=139965 exit_bl=139972 exit_blr=0 exit_br=0 exit_ret=80 exit_mem=0 exit_unsupported=0 exit_budget=0 run_declined=0
rep 0 variant=gpr enabled=0 outer=200000 calls=128 ns_per_outer=261.0 ns_per_call=2.04
rep 1 variant=gpr enabled=0 outer=200000 calls=128 ns_per_outer=259.0 ns_per_call=2.02
rep 2 variant=gpr enabled=0 outer=200000 calls=128 ns_per_outer=256.3 ns_per_call=2.00
rep 3 variant=gpr enabled=0 outer=200000 calls=128 ns_per_outer=267.9 ns_per_call=2.09
rep 4 variant=gpr enabled=0 outer=200000 calls=128 ns_per_outer=272.5 ns_per_call=2.13
rep 5 variant=gpr enabled=0 outer=200000 calls=128 ns_per_outer=261.5 ns_per_call=2.04
rep 6 variant=gpr enabled=0 outer=200000 calls=128 ns_per_outer=258.1 ns_per_call=2.02
result variant=gpr enabled=0 outer=200000 calls=128 reps=7 median_ns_per_outer=261.0 median_ns_per_call=2.04 min_ns_per_call=2.00 acc=204800000
[    1.308552] kjit: translate_svc_sites pid 76: 2 text ranges, 111 svc sites
[    1.308965] rust_kjit: kjit: pc 0x400fe8: installed 488 bytes, 0 fault sites, 2 entries, text 0x400fe8..0x400ff0, fpsimd false
[    1.309663] rust_kjit: kjit: pc 0x400fcc: installed 1016 bytes, 1 fault sites, 11 entries, text 0x400fbc..0x400fe8, fpsimd false
rep 0 variant=gpr enabled=1 outer=20000 calls=128 ns_per_outer=841.8 ns_per_call=6.58
rep 1 variant=gpr enabled=1 outer=20000 calls=128 ns_per_outer=854.0 ns_per_call=6.67
rep 2 variant=gpr enabled=1 outer=20000 calls=128 ns_per_outer=847.2 ns_per_call=6.62
rep 3 variant=gpr enabled=1 outer=20000 calls=128 ns_per_outer=847.3 ns_per_call=6.62
rep 4 variant=gpr enabled=1 outer=20000 calls=128 ns_per_outer=845.5 ns_per_call=6.61
rep 5 variant=gpr enabled=1 outer=20000 calls=128 ns_per_outer=842.5 ns_per_call=6.58
rep 6 variant=gpr enabled=1 outer=20000 calls=128 ns_per_outer=881.2 ns_per_call=6.88
result variant=gpr enabled=1 outer=20000 calls=128 reps=7 median_ns_per_outer=847.2 median_ns_per_call=6.62 min_ns_per_call=6.58 acc=20480000
counters variant=gpr timed_outer=140000 hook_calls=140045 syscalls_in_kernel=139965 fragment_entries=140045 fpsimd_entries=1 fpsimd_restores=0 chains=0 chain_cap=0 exit_svc=139965 exit_bl=0 exit_blr=0 exit_br=0 exit_ret=80 exit_mem=0 exit_unsupported=0 exit_budget=0 run_declined=0
rep 0 variant=fp enabled=0 outer=200000 calls=128 ns_per_outer=532.3 ns_per_call=4.16
rep 1 variant=fp enabled=0 outer=200000 calls=128 ns_per_outer=540.1 ns_per_call=4.22
rep 2 variant=fp enabled=0 outer=200000 calls=128 ns_per_outer=533.1 ns_per_call=4.16
rep 3 variant=fp enabled=0 outer=200000 calls=128 ns_per_outer=534.4 ns_per_call=4.17
rep 4 variant=fp enabled=0 outer=200000 calls=128 ns_per_outer=535.3 ns_per_call=4.18
rep 5 variant=fp enabled=0 outer=200000 calls=128 ns_per_outer=536.3 ns_per_call=4.19
rep 6 variant=fp enabled=0 outer=200000 calls=128 ns_per_outer=541.4 ns_per_call=4.23
result variant=fp enabled=0 outer=200000 calls=128 reps=7 median_ns_per_outer=535.3 median_ns_per_call=4.18 min_ns_per_call=4.16 acc=204800000
[    2.342294] kjit: translate_svc_sites pid 78: 2 text ranges, 111 svc sites
[    2.343073] rust_kjit: kjit: pc 0x401028: installed 496 bytes, 0 fault sites, 4 entries, text 0x401028..0x401038, fpsimd true
[    2.343788] rust_kjit: kjit: pc 0x40100c: installed 1016 bytes, 1 fault sites, 11 entries, text 0x400ffc..0x401028, fpsimd false
rep 0 variant=fp enabled=1 outer=20000 calls=128 ns_per_outer=906.1 ns_per_call=7.08
rep 1 variant=fp enabled=1 outer=20000 calls=128 ns_per_outer=911.4 ns_per_call=7.12
rep 2 variant=fp enabled=1 outer=20000 calls=128 ns_per_outer=918.2 ns_per_call=7.17
rep 3 variant=fp enabled=1 outer=20000 calls=128 ns_per_outer=924.9 ns_per_call=7.23
rep 4 variant=fp enabled=1 outer=20000 calls=128 ns_per_outer=916.9 ns_per_call=7.16
rep 5 variant=fp enabled=1 outer=20000 calls=128 ns_per_outer=922.9 ns_per_call=7.21
rep 6 variant=fp enabled=1 outer=20000 calls=128 ns_per_outer=905.4 ns_per_call=7.07
result variant=fp enabled=1 outer=20000 calls=128 reps=7 median_ns_per_outer=916.9 median_ns_per_call=7.16 min_ns_per_call=7.07 acc=20480000
counters variant=fp timed_outer=140000 hook_calls=140045 syscalls_in_kernel=139965 fragment_entries=280017 fpsimd_entries=139973 fpsimd_restores=0 chains=139972 chain_cap=0 exit_svc=139965 exit_bl=139972 exit_blr=0 exit_br=0 exit_ret=80 exit_mem=0 exit_unsupported=0 exit_budget=0 run_declined=0
rep 0 variant=gpr enabled=0 outer=200000 calls=256 ns_per_outer=378.8 ns_per_call=1.48
rep 1 variant=gpr enabled=0 outer=200000 calls=256 ns_per_outer=379.0 ns_per_call=1.48
rep 2 variant=gpr enabled=0 outer=200000 calls=256 ns_per_outer=378.9 ns_per_call=1.48
rep 3 variant=gpr enabled=0 outer=200000 calls=256 ns_per_outer=378.4 ns_per_call=1.48
rep 4 variant=gpr enabled=0 outer=200000 calls=256 ns_per_outer=376.2 ns_per_call=1.47
rep 5 variant=gpr enabled=0 outer=200000 calls=256 ns_per_outer=378.8 ns_per_call=1.48
rep 6 variant=gpr enabled=0 outer=200000 calls=256 ns_per_outer=377.6 ns_per_call=1.47
result variant=gpr enabled=0 outer=200000 calls=256 reps=7 median_ns_per_outer=378.8 median_ns_per_call=1.48 min_ns_per_call=1.47 acc=409600000
[    3.133870] kjit: translate_svc_sites pid 80: 2 text ranges, 111 svc sites
[    3.134512] rust_kjit: kjit: pc 0x400fe8: installed 488 bytes, 0 fault sites, 2 entries, text 0x400fe8..0x400ff0, fpsimd false
[    3.135401] rust_kjit: kjit: pc 0x400fcc: installed 1016 bytes, 1 fault sites, 11 entries, text 0x400fbc..0x400fe8, fpsimd false
rep 0 variant=gpr enabled=1 outer=20000 calls=256 ns_per_outer=1615.4 ns_per_call=6.31
rep 1 variant=gpr enabled=1 outer=20000 calls=256 ns_per_outer=1651.9 ns_per_call=6.45
rep 2 variant=gpr enabled=1 outer=20000 calls=256 ns_per_outer=1638.8 ns_per_call=6.40
rep 3 variant=gpr enabled=1 outer=20000 calls=256 ns_per_outer=1640.0 ns_per_call=6.41
rep 4 variant=gpr enabled=1 outer=20000 calls=256 ns_per_outer=1649.2 ns_per_call=6.44
rep 5 variant=gpr enabled=1 outer=20000 calls=256 ns_per_outer=1675.2 ns_per_call=6.54
rep 6 variant=gpr enabled=1 outer=20000 calls=256 ns_per_outer=1643.7 ns_per_call=6.42
result variant=gpr enabled=1 outer=20000 calls=256 reps=7 median_ns_per_outer=1643.7 median_ns_per_call=6.42 min_ns_per_call=6.31 acc=40960000
counters variant=gpr timed_outer=140000 hook_calls=140045 syscalls_in_kernel=139965 fragment_entries=140045 fpsimd_entries=1 fpsimd_restores=0 chains=0 chain_cap=0 exit_svc=139965 exit_bl=0 exit_blr=0 exit_br=0 exit_ret=80 exit_mem=0 exit_unsupported=0 exit_budget=0 run_declined=0
rep 0 variant=fp enabled=0 outer=200000 calls=256 ns_per_outer=961.7 ns_per_call=3.76
rep 1 variant=fp enabled=0 outer=200000 calls=256 ns_per_outer=959.5 ns_per_call=3.75
rep 2 variant=fp enabled=0 outer=200000 calls=256 ns_per_outer=963.5 ns_per_call=3.76
rep 3 variant=fp enabled=0 outer=200000 calls=256 ns_per_outer=964.1 ns_per_call=3.77
rep 4 variant=fp enabled=0 outer=200000 calls=256 ns_per_outer=953.1 ns_per_call=3.72
rep 5 variant=fp enabled=0 outer=200000 calls=256 ns_per_outer=957.4 ns_per_call=3.74
rep 6 variant=fp enabled=0 outer=200000 calls=256 ns_per_outer=963.1 ns_per_call=3.76
result variant=fp enabled=0 outer=200000 calls=256 reps=7 median_ns_per_outer=961.7 median_ns_per_call=3.76 min_ns_per_call=3.72 acc=409600000
[    4.971892] kjit: translate_svc_sites pid 83: 2 text ranges, 111 svc sites
[    4.972239] rust_kjit: kjit: pc 0x401028: installed 496 bytes, 0 fault sites, 4 entries, text 0x401028..0x401038, fpsimd true
[    4.972912] rust_kjit: kjit: pc 0x40100c: installed 1016 bytes, 1 fault sites, 11 entries, text 0x400ffc..0x401028, fpsimd false
rep 0 variant=fp enabled=1 outer=20000 calls=256 ns_per_outer=1737.2 ns_per_call=6.79
rep 1 variant=fp enabled=1 outer=20000 calls=256 ns_per_outer=1742.2 ns_per_call=6.81
rep 2 variant=fp enabled=1 outer=20000 calls=256 ns_per_outer=1734.9 ns_per_call=6.78
rep 3 variant=fp enabled=1 outer=20000 calls=256 ns_per_outer=1743.4 ns_per_call=6.81
rep 4 variant=fp enabled=1 outer=20000 calls=256 ns_per_outer=1770.1 ns_per_call=6.91
rep 5 variant=fp enabled=1 outer=20000 calls=256 ns_per_outer=1707.2 ns_per_call=6.67
rep 6 variant=fp enabled=1 outer=20000 calls=256 ns_per_outer=1718.4 ns_per_call=6.71
result variant=fp enabled=1 outer=20000 calls=256 reps=7 median_ns_per_outer=1737.2 median_ns_per_call=6.79 min_ns_per_call=6.67 acc=40960000
counters variant=fp timed_outer=140000 hook_calls=140045 syscalls_in_kernel=139965 fragment_entries=280017 fpsimd_entries=139973 fpsimd_restores=0 chains=139972 chain_cap=0 exit_svc=139965 exit_bl=139972 exit_blr=0 exit_br=0 exit_ret=80 exit_mem=0 exit_unsupported=0 exit_budget=0 run_declined=0
a11: ibtc_variant=0
a11: warm-up at off
a11maps aaaae64e0000-aaaae6730000 r-xp 00000000 00:03 4263                       /opt/redis/src/redis-server
a11maps aaaae6739000-aaaae6740000 r--p 00259000 00:03 4263                       /opt/redis/src/redis-server
a11maps aaaae6740000-aaaae6799000 rw-p 00260000 00:03 4263                       /opt/redis/src/redis-server
a11maps aaaae6799000-aaaae69cc000 rw-p 00000000 00:00 0 
a11maps aaab14b15000-aaab14b36000 rw-p 00000000 00:00 0                          [heap]
a11maps ffff94740000-ffff949c0000 rw-p 00000000 00:00 0 
a11maps ffff949c0000-ffff949d0000 ---p 00000000 00:00 0 
a11maps ffff949d0000-ffff951d0000 rw-p 00000000 00:00 0 
a11maps ffff951d0000-ffff951e0000 ---p 00000000 00:00 0 
a11maps ffff951e0000-ffff959e0000 rw-p 00000000 00:00 0 
a11maps ffff959e0000-ffff959f0000 ---p 00000000 00:00 0 
a11maps ffff959f0000-ffff961f0000 rw-p 00000000 00:00 0 
a11maps ffff961f0000-ffff96200000 ---p 00000000 00:00 0 
a11maps ffff96200000-ffff96a00000 rw-p 00000000 00:00 0 
a11maps ffff96a00000-ffff97200000 rw-p 00000000 00:00 0 
a11maps ffff972d0000-ffff9745c000 r-xp 00000000 00:03 816                        /usr/lib/aarch64-linux-gnu/libc.so.6
a11maps ffff9745c000-ffff9746c000 ---p 0018c000 00:03 816                        /usr/lib/aarch64-linux-gnu/libc.so.6
a11maps ffff9746c000-ffff97470000 r--p 0018c000 00:03 816                        /usr/lib/aarch64-linux-gnu/libc.so.6
a11maps ffff97470000-ffff97472000 rw-p 00190000 00:03 816                        /usr/lib/aarch64-linux-gnu/libc.so.6
a11maps ffff97472000-ffff9747f000 rw-p 00000000 00:00 0 
a11maps ffff97480000-ffff97502000 r-xp 00000000 00:03 863                        /usr/lib/aarch64-linux-gnu/libm.so.6
a11maps ffff97502000-ffff9751f000 ---p 00082000 00:03 863                        /usr/lib/aarch64-linux-gnu/libm.so.6
a11maps ffff9751f000-ffff97520000 r--p 0008f000 00:03 863                        /usr/lib/aarch64-linux-gnu/libm.so.6
a11maps ffff97520000-ffff97521000 rw-p 00090000 00:03 863                        /usr/lib/aarch64-linux-gnu/libm.so.6
a11maps ffff9752d000-ffff97554000 r-xp 00000000 00:03 796                        /usr/lib/aarch64-linux-gnu/ld-linux-aarch64.so.1
a11maps ffff9755e000-ffff97562000 rw-p 00000000 00:00 0 
a11maps ffff97564000-ffff97566000 rw-p 00000000 00:00 0 
a11maps ffff97566000-ffff9756a000 r--p 00000000 00:00 0                          [vvar]
a11maps ffff9756a000-ffff9756b000 r-xp 00000000 00:00 0                          [vdso]
a11maps ffff9756b000-ffff9756d000 r--p 0002e000 00:03 796                        /usr/lib/aarch64-linux-gnu/ld-linux-aarch64.so.1
a11maps ffff9756d000-ffff9756f000 rw-p 00030000 00:03 796                        /usr/lib/aarch64-linux-gnu/ld-linux-aarch64.so.1
a11maps ffffdcd78000-ffffdcd99000 rw-p 00000000 00:00 0                          [stack]
a11 point=off pass=1 test=set requests=200000 rps=167926.11 hook_calls=0 syscalls_in_kernel=0 fragment_entries=0 fpsimd_entries=0 fpsimd_restores=0 chains=0 chain_cap=0 exit_svc=0 exit_bl=0 exit_blr=0 exit_br=0 exit_ret=0 exit_mem=0 exit_unsupported=0 exit_budget=0 run_declined=0 ibtc_insert=0 ibtc_replace=0 ibtc_clear=0 ibtc_fpsimd_boundary=0 ibtc_miss_cold=0 ibtc_miss_conflict=0 ibtc_miss_other=0 fpsimd_run_max_ns=71125 miss_residual=0
a11slots point=off pass=1 test=set # table all conflicts 0 slots 0 top32 0
a11slots point=off pass=1 test=set # table nofp conflicts 0 slots 0 top32 0
a11 point=off pass=1 test=get requests=200000 rps=227531.28 hook_calls=0 syscalls_in_kernel=0 fragment_entries=0 fpsimd_entries=0 fpsimd_restores=0 chains=0 chain_cap=0 exit_svc=0 exit_bl=0 exit_blr=0 exit_br=0 exit_ret=0 exit_mem=0 exit_unsupported=0 exit_budget=0 run_declined=0 ibtc_insert=0 ibtc_replace=0 ibtc_clear=0 ibtc_fpsimd_boundary=0 ibtc_miss_cold=0 ibtc_miss_conflict=0 ibtc_miss_other=0 fpsimd_run_max_ns=71125 miss_residual=0
a11slots point=off pass=1 test=get # table all conflicts 0 slots 0 top32 0
a11slots point=off pass=1 test=get # table nofp conflicts 0 slots 0 top32 0
a11 point=1024 pass=1 test=set requests=200000 rps=108577.63 hook_calls=408734 syscalls_in_kernel=384556 fragment_entries=5518248 fpsimd_entries=1547049 fpsimd_restores=0 chains=5110329 chain_cap=0 exit_svc=384556 exit_bl=1966071 exit_blr=198268 exit_br=980246 exit_ret=1983823 exit_mem=0 exit_unsupported=5284 exit_budget=0 run_declined=16 ibtc_insert=7126570 ibtc_replace=7126068 ibtc_clear=0 ibtc_fpsimd_boundary=1547044 ibtc_miss_cold=17241 ibtc_miss_conflict=3564123 ibtc_miss_other=0 fpsimd_run_max_ns=87625 miss_residual=0
a11slots point=1024 pass=1 test=set # table all conflicts 1535525 slots 11 top32 1535525
a11slots point=1024 pass=1 test=set all 3164 391302 0xaaaae655b170 0xaaaae6577170
a11slots point=1024 pass=1 test=set all 1813 379544 0xaaaae664dc54 0xaaaae657dc54
a11slots point=1024 pass=1 test=set all 883 190766 0xaaaae6590dcc 0xaaaae654cdcc
a11slots point=1024 pass=1 test=set all 357 190318 0xaaaae65c8594 0xaaaae6554594
a11slots point=1024 pass=1 test=set all 2364 189549 0xaaaae657e4f0 0xaaaae664e4f0
a11slots point=1024 pass=1 test=set all 928 188652 0xaaaae6590e80 0xaaaae6578e80
a11slots point=1024 pass=1 test=set all 453 2671 0xaaaae657c714 0xaaaae6654714
a11slots point=1024 pass=1 test=set all 1616 2446 0xaaaae657d940 0xaaaae6579940
a11slots point=1024 pass=1 test=set all 1684 200 0xaaaae657da50 0xaaaae656da50
a11slots point=1024 pass=1 test=set all 1116 76 0xaaaae6565170 0xaaaae6559170
a11slots point=1024 pass=1 test=set all 1392 1 0xaaaae65595c0 0xaaaae66195c0
a11slots point=1024 pass=1 test=set # table nofp conflicts 2028598 slots 17 top32 2028598
a11slots point=1024 pass=1 test=set nofp 1116 389138 0xaaaae6565170 0xaaaae6559170
a11slots point=1024 pass=1 test=set nofp 453 382319 0xaaaae6654714 0xaaaae657c714
a11slots point=1024 pass=1 test=set nofp 1616 381479 0xaaaae657d940 0xaaaae6579940
a11slots point=1024 pass=1 test=set nofp 883 190831 0xaaaae654cdcc 0xaaaae6590dcc
a11slots point=1024 pass=1 test=set nofp 357 190253 0xaaaae6554594 0xaaaae65c8594
a11slots point=1024 pass=1 test=set nofp 2364 189613 0xaaaae664e4f0 0xaaaae657e4f0
a11slots point=1024 pass=1 test=set nofp 928 188717 0xaaaae6578e80 0xaaaae6590e80
a11slots point=1024 pass=1 test=set nofp 1684 14864 0xaaaae656da50 0xaaaae657da50
a11slots point=1024 pass=1 test=set nofp 236 14849 0xaaaae65503b0 0xaaaae656c3b0
a11slots point=1024 pass=1 test=set nofp 1766 14780 0xaaaae656db98 0xaaaae664db98
a11slots point=1024 pass=1 test=set nofp 1756 14754 0xaaaae656db70 0xaaaae6565b70
a11slots point=1024 pass=1 test=set nofp 1472 14738 0xaaaae656d700 0xaaaae6559700
a11slots point=1024 pass=1 test=set nofp 1804 14698 0xffff973adc30 0xaaaae656dc30
a11slots point=1024 pass=1 test=set nofp 2452 14373 0xaaaae661a650 0xaaaae65de650
a11slots point=1024 pass=1 test=set nofp 257 13190 0xaaaae6554404 0xaaaae6550404
a11slots point=1024 pass=1 test=set nofp 1813 1 0xaaaae664dc54 0xaaaae657dc54
a11slots point=1024 pass=1 test=set nofp 3164 1 0xaaaae655b170 0xaaaae6577170
a11 point=1024 pass=1 test=get requests=200000 rps=131147.55 hook_calls=408874 syscalls_in_kernel=398650 fragment_entries=3133947 fpsimd_entries=1005038 fpsimd_restores=0 chains=2725634 chain_cap=0 exit_svc=398650 exit_bl=1053261 exit_blr=198670 exit_br=607560 exit_ret=867974 exit_mem=0 exit_unsupported=7832 exit_budget=0 run_declined=24 ibtc_insert=3441195 ibtc_replace=3441165 ibtc_clear=0 ibtc_fpsimd_boundary=1005036 ibtc_miss_cold=1667 ibtc_miss_conflict=1720762 ibtc_miss_other=0 fpsimd_run_max_ns=218708 miss_residual=0
a11slots point=1024 pass=1 test=get # table all conflicts 996422 slots 7 top32 996422
a11slots point=1024 pass=1 test=get all 3164 399886 0xaaaae655b170 0xaaaae6577170
a11slots point=1024 pass=1 test=get all 1813 397150 0xaaaae664dc54 0xaaaae657dc54
a11slots point=1024 pass=1 test=get all 357 198575 0xaaaae65c8594 0xaaaae6554594
a11slots point=1024 pass=1 test=get all 1116 579 0xaaaae6565170 0xaaaae6559170
a11slots point=1024 pass=1 test=get all 1684 106 0xaaaae657da50 0xaaaae656da50
a11slots point=1024 pass=1 test=get all 1622 64 0xaaaae6571958 0xaaaae656d958
a11slots point=1024 pass=1 test=get all 1600 62 0xaaaae6571900 0xaaaae656d900
a11slots point=1024 pass=1 test=get # table nofp conflicts 724340 slots 12 top32 724340
a11slots point=1024 pass=1 test=get nofp 1116 399307 0xaaaae6565170 0xaaaae6559170
a11slots point=1024 pass=1 test=get nofp 357 198575 0xaaaae6554594 0xaaaae65c8594
a11slots point=1024 pass=1 test=get nofp 236 15934 0xaaaae65503b0 0xaaaae656c3b0
a11slots point=1024 pass=1 test=get nofp 1600 15839 0xaaaae6571900 0xaaaae656d900
a11slots point=1024 pass=1 test=get nofp 1766 15824 0xaaaae656db98 0xaaaae664db98
a11slots point=1024 pass=1 test=get nofp 1684 15804 0xaaaae656da50 0xaaaae657da50
a11slots point=1024 pass=1 test=get nofp 1472 15781 0xaaaae6559700 0xaaaae656d700
a11slots point=1024 pass=1 test=get nofp 1756 15781 0xaaaae6565b70 0xaaaae656db70
a11slots point=1024 pass=1 test=get nofp 1804 15781 0xaaaae656dc30 0xffff973adc30
a11slots point=1024 pass=1 test=get nofp 257 15662 0xaaaae6554404 0xaaaae6550404
a11slots point=1024 pass=1 test=get nofp 1345 51 0xaaaae6551504 0xaaaae6559504
a11slots point=1024 pass=1 test=get nofp 1622 1 0xaaaae6571958 0xaaaae656d958
a11 point=off pass=2 test=set requests=200000 rps=235849.06 hook_calls=0 syscalls_in_kernel=0 fragment_entries=0 fpsimd_entries=0 fpsimd_restores=0 chains=0 chain_cap=0 exit_svc=0 exit_bl=0 exit_blr=0 exit_br=0 exit_ret=0 exit_mem=0 exit_unsupported=0 exit_budget=0 run_declined=0 ibtc_insert=0 ibtc_replace=0 ibtc_clear=0 ibtc_fpsimd_boundary=0 ibtc_miss_cold=0 ibtc_miss_conflict=0 ibtc_miss_other=0 fpsimd_run_max_ns=218708 miss_residual=0
a11slots point=off pass=2 test=set # table all conflicts 0 slots 0 top32 0
a11slots point=off pass=2 test=set # table nofp conflicts 0 slots 0 top32 0
a11 point=off pass=2 test=get requests=200000 rps=224971.88 hook_calls=0 syscalls_in_kernel=0 fragment_entries=0 fpsimd_entries=0 fpsimd_restores=0 chains=0 chain_cap=0 exit_svc=0 exit_bl=0 exit_blr=0 exit_br=0 exit_ret=0 exit_mem=0 exit_unsupported=0 exit_budget=0 run_declined=0 ibtc_insert=0 ibtc_replace=0 ibtc_clear=0 ibtc_fpsimd_boundary=0 ibtc_miss_cold=0 ibtc_miss_conflict=0 ibtc_miss_other=0 fpsimd_run_max_ns=218708 miss_residual=0
a11slots point=off pass=2 test=get # table all conflicts 0 slots 0 top32 0
a11slots point=off pass=2 test=get # table nofp conflicts 0 slots 0 top32 0
a11 point=1024 pass=2 test=set requests=200000 rps=98619.32 hook_calls=408836 syscalls_in_kernel=399601 fragment_entries=5733280 fpsimd_entries=1605275 fpsimd_restores=0 chains=5325013 chain_cap=0 exit_svc=399601 exit_bl=2036533 exit_blr=207496 exit_br=1006495 exit_ret=2075326 exit_mem=5 exit_unsupported=7824 exit_budget=0 run_declined=23 ibtc_insert=7439476 ibtc_replace=7439476 ibtc_clear=0 ibtc_fpsimd_boundary=1605275 ibtc_miss_cold=785 ibtc_miss_conflict=3719790 ibtc_miss_other=0 fpsimd_run_max_ns=352125 miss_residual=0
a11slots point=1024 pass=2 test=set # table all conflicts 1597117 slots 9 top32 1597117
a11slots point=1024 pass=2 test=set all 3164 399317 0xaaaae655b170 0xaaaae6577170
a11slots point=1024 pass=2 test=set all 1813 399242 0xaaaae664dc54 0xaaaae657dc54
a11slots point=1024 pass=2 test=set all 883 199627 0xaaaae6590dcc 0xaaaae654cdcc
a11slots point=1024 pass=2 test=set all 357 199621 0xaaaae65c8594 0xaaaae6554594
a11slots point=1024 pass=2 test=set all 928 199621 0xaaaae6590e80 0xaaaae6578e80
a11slots point=1024 pass=2 test=set all 2364 199621 0xaaaae657e4f0 0xaaaae664e4f0
a11slots point=1024 pass=2 test=set all 453 34 0xaaaae657c714 0xaaaae6654714
a11slots point=1024 pass=2 test=set all 1616 20 0xaaaae657d940 0xaaaae6579940
a11slots point=1024 pass=2 test=set all 1116 14 0xaaaae6565170 0xaaaae6559170
a11slots point=1024 pass=2 test=set # table nofp conflicts 2122673 slots 17 top32 2122673
a11slots point=1024 pass=2 test=set nofp 1116 399302 0xaaaae6565170 0xaaaae6559170
a11slots point=1024 pass=2 test=set nofp 453 399276 0xaaaae6654714 0xaaaae657c714
a11slots point=1024 pass=2 test=set nofp 1616 399262 0xaaaae657d940 0xaaaae6579940
a11slots point=1024 pass=2 test=set nofp 883 199627 0xaaaae654cdcc 0xaaaae6590dcc
a11slots point=1024 pass=2 test=set nofp 357 199621 0xaaaae6554594 0xaaaae65c8594
a11slots point=1024 pass=2 test=set nofp 928 199621 0xaaaae6578e80 0xaaaae6590e80
a11slots point=1024 pass=2 test=set nofp 2364 199621 0xaaaae664e4f0 0xaaaae657e4f0
a11slots point=1024 pass=2 test=set nofp 236 15842 0xaaaae65503b0 0xaaaae656c3b0
a11slots point=1024 pass=2 test=set nofp 1684 15840 0xaaaae656da50 0xaaaae657da50
a11slots point=1024 pass=2 test=set nofp 1766 15840 0xaaaae656db98 0xaaaae664db98
a11slots point=1024 pass=2 test=set nofp 1472 15815 0xaaaae656d700 0xaaaae6559700
a11slots point=1024 pass=2 test=set nofp 1756 15815 0xaaaae656db70 0xaaaae6565b70
a11slots point=1024 pass=2 test=set nofp 1804 15815 0xffff973adc30 0xaaaae656dc30
a11slots point=1024 pass=2 test=set nofp 2452 15682 0xaaaae661a650 0xaaaae65de650
a11slots point=1024 pass=2 test=set nofp 257 15642 0xaaaae6554404 0xaaaae6550404
a11slots point=1024 pass=2 test=set nofp 1345 51 0xaaaae6551504 0xaaaae6559504
a11slots point=1024 pass=2 test=set nofp 1600 1 0xaaaae656d900 0xaaaae6571900
a11 point=1024 pass=2 test=get requests=200000 rps=112485.94 hook_calls=408981 syscalls_in_kernel=399679 fragment_entries=3142693 fpsimd_entries=1007216 fpsimd_restores=25 chains=2734280 chain_cap=0 exit_svc=399679 exit_bl=1055955 exit_blr=199715 exit_br=607902 exit_ret=871462 exit_mem=10 exit_unsupported=7970 exit_budget=0 run_declined=23 ibtc_insert=3454128 ibtc_replace=3454128 ibtc_clear=0 ibtc_fpsimd_boundary=1007216 ibtc_miss_cold=703 ibtc_miss_conflict=1727115 ibtc_miss_other=0 fpsimd_run_max_ns=3086166 miss_residual=0
a11slots point=1024 pass=2 test=get # table all conflicts 999197 slots 5 top32 999197
a11slots point=1024 pass=2 test=get all 3164 399890 0xaaaae655b170 0xaaaae6577170
a11slots point=1024 pass=2 test=get all 1813 399364 0xaaaae664dc54 0xaaaae657dc54
a11slots point=1024 pass=2 test=get all 357 199682 0xaaaae65c8594 0xaaaae6554594
a11slots point=1024 pass=2 test=get all 1116 186 0xaaaae6565170 0xaaaae6559170
a11slots point=1024 pass=2 test=get all 1684 75 0xaaaae657da50 0xaaaae656da50
a11slots point=1024 pass=2 test=get # table nofp conflicts 727918 slots 11 top32 727918
a11slots point=1024 pass=2 test=get nofp 1116 399704 0xaaaae6565170 0xaaaae6559170
a11slots point=1024 pass=2 test=get nofp 357 199682 0xaaaae6554594 0xaaaae65c8594
a11slots point=1024 pass=2 test=get nofp 236 16130 0xaaaae65503b0 0xaaaae656c3b0
a11slots point=1024 pass=2 test=get nofp 1766 16126 0xaaaae656db98 0xaaaae664db98
a11slots point=1024 pass=2 test=get nofp 1600 16060 0xaaaae656d900 0xaaaae6571900
a11slots point=1024 pass=2 test=get nofp 1472 16058 0xaaaae656d700 0xaaaae6559700
a11slots point=1024 pass=2 test=get nofp 1756 16058 0xaaaae656db70 0xaaaae6565b70
a11slots point=1024 pass=2 test=get nofp 1804 16058 0xffff973adc30 0xaaaae656dc30
a11slots point=1024 pass=2 test=get nofp 1684 16053 0xaaaae656da50 0xaaaae657da50
a11slots point=1024 pass=2 test=get nofp 257 15938 0xaaaae6554404 0xaaaae6550404
a11slots point=1024 pass=2 test=get nofp 1345 51 0xaaaae6551504 0xaaaae6559504
a11 point=off pass=3 test=set requests=200000 rps=217864.92 hook_calls=0 syscalls_in_kernel=0 fragment_entries=0 fpsimd_entries=0 fpsimd_restores=0 chains=0 chain_cap=0 exit_svc=0 exit_bl=0 exit_blr=0 exit_br=0 exit_ret=0 exit_mem=0 exit_unsupported=0 exit_budget=0 run_declined=0 ibtc_insert=0 ibtc_replace=0 ibtc_clear=0 ibtc_fpsimd_boundary=0 ibtc_miss_cold=0 ibtc_miss_conflict=0 ibtc_miss_other=0 fpsimd_run_max_ns=3086166 miss_residual=0
a11slots point=off pass=3 test=set # table all conflicts 0 slots 0 top32 0
a11slots point=off pass=3 test=set # table nofp conflicts 0 slots 0 top32 0
a11 point=off pass=3 test=get requests=200000 rps=189933.53 hook_calls=0 syscalls_in_kernel=0 fragment_entries=0 fpsimd_entries=0 fpsimd_restores=0 chains=0 chain_cap=0 exit_svc=0 exit_bl=0 exit_blr=0 exit_br=0 exit_ret=0 exit_mem=0 exit_unsupported=0 exit_budget=0 run_declined=0 ibtc_insert=0 ibtc_replace=0 ibtc_clear=0 ibtc_fpsimd_boundary=0 ibtc_miss_cold=0 ibtc_miss_conflict=0 ibtc_miss_other=0 fpsimd_run_max_ns=3086166 miss_residual=0
a11slots point=off pass=3 test=get # table all conflicts 0 slots 0 top32 0
a11slots point=off pass=3 test=get # table nofp conflicts 0 slots 0 top32 0
a11 point=1024 pass=3 test=set requests=200000 rps=103039.67 hook_calls=408712 syscalls_in_kernel=399662 fragment_entries=5731869 fpsimd_entries=1605388 fpsimd_restores=0 chains=5323726 chain_cap=0 exit_svc=399662 exit_bl=2036217 exit_blr=207388 exit_br=1006519 exit_ret=2074390 exit_mem=12 exit_unsupported=7681 exit_budget=0 run_declined=22 ibtc_insert=7436676 ibtc_replace=7436676 ibtc_clear=0 ibtc_fpsimd_boundary=1605388 ibtc_miss_cold=737 ibtc_miss_conflict=3718389 ibtc_miss_other=0 fpsimd_run_max_ns=3086166 miss_residual=0
a11slots point=1024 pass=3 test=set # table all conflicts 1597395 slots 11 top32 1597395
a11slots point=1024 pass=3 test=set all 3164 399386 0xaaaae655b170 0xaaaae6577170
a11slots point=1024 pass=3 test=set all 1813 399310 0xaaaae664dc54 0xaaaae657dc54
a11slots point=1024 pass=3 test=set all 883 199667 0xaaaae6590dcc 0xaaaae654cdcc
a11slots point=1024 pass=3 test=set all 357 199655 0xaaaae65c8594 0xaaaae6554594
a11slots point=1024 pass=3 test=set all 928 199655 0xaaaae6590e80 0xaaaae6578e80
a11slots point=1024 pass=3 test=set all 2364 199655 0xaaaae657e4f0 0xaaaae664e4f0
a11slots point=1024 pass=3 test=set all 453 36 0xaaaae657c714 0xaaaae6654714
a11slots point=1024 pass=3 test=set all 1616 21 0xaaaae657d940 0xaaaae6579940
a11slots point=1024 pass=3 test=set all 1116 8 0xaaaae6565170 0xaaaae6559170
a11slots point=1024 pass=3 test=set all 236 1 0xaaaae656c3b0 0xaaaae65503b0
a11slots point=1024 pass=3 test=set all 1684 1 0xaaaae657da50 0xaaaae656da50
a11slots point=1024 pass=3 test=set # table nofp conflicts 2120994 slots 16 top32 2120994
a11slots point=1024 pass=3 test=set nofp 1116 399378 0xaaaae6565170 0xaaaae6559170
a11slots point=1024 pass=3 test=set nofp 453 399348 0xaaaae6654714 0xaaaae657c714
a11slots point=1024 pass=3 test=set nofp 1616 399331 0xaaaae657d940 0xaaaae6579940
a11slots point=1024 pass=3 test=set nofp 883 199667 0xaaaae654cdcc 0xaaaae6590dcc
a11slots point=1024 pass=3 test=set nofp 357 199655 0xaaaae6554594 0xaaaae65c8594
a11slots point=1024 pass=3 test=set nofp 928 199655 0xaaaae6578e80 0xaaaae6590e80
a11slots point=1024 pass=3 test=set nofp 2364 199655 0xaaaae664e4f0 0xaaaae657e4f0
a11slots point=1024 pass=3 test=set nofp 236 15587 0xaaaae65503b0 0xaaaae656c3b0
a11slots point=1024 pass=3 test=set nofp 1766 15586 0xaaaae656db98 0xaaaae664db98
a11slots point=1024 pass=3 test=set nofp 1684 15585 0xaaaae656da50 0xaaaae657da50
a11slots point=1024 pass=3 test=set nofp 1472 15578 0xaaaae656d700 0xaaaae6559700
a11slots point=1024 pass=3 test=set nofp 1756 15578 0xaaaae656db70 0xaaaae6565b70
a11slots point=1024 pass=3 test=set nofp 1804 15578 0xffff973adc30 0xaaaae656dc30
a11slots point=1024 pass=3 test=set nofp 2452 15400 0xaaaae661a650 0xaaaae65de650
a11slots point=1024 pass=3 test=set nofp 257 15362 0xaaaae6554404 0xaaaae6550404
a11slots point=1024 pass=3 test=set nofp 1345 51 0xaaaae6551504 0xaaaae6559504
a11 point=1024 pass=3 test=get requests=200000 rps=118133.49 hook_calls=409051 syscalls_in_kernel=399615 fragment_entries=3143682 fpsimd_entries=1007180 fpsimd_restores=0 chains=2735198 chain_cap=0 exit_svc=399615 exit_bl=1056431 exit_blr=199660 exit_br=607973 exit_ret=871955 exit_mem=0 exit_unsupported=8048 exit_budget=0 run_declined=24 ibtc_insert=3456036 ibtc_replace=3456036 ibtc_clear=0 ibtc_fpsimd_boundary=1007180 ibtc_miss_cold=770 ibtc_miss_conflict=1728069 ibtc_miss_other=0 fpsimd_run_max_ns=3086166 miss_residual=0
a11slots point=1024 pass=3 test=get # table all conflicts 999109 slots 5 top32 999109
a11slots point=1024 pass=3 test=get all 3164 399902 0xaaaae655b170 0xaaaae6577170
a11slots point=1024 pass=3 test=get all 1813 399258 0xaaaae664dc54 0xaaaae657dc54
a11slots point=1024 pass=3 test=get all 357 199629 0xaaaae65c8594 0xaaaae6554594
a11slots point=1024 pass=3 test=get all 1116 248 0xaaaae6565170 0xaaaae6559170
a11slots point=1024 pass=3 test=get all 1684 72 0xaaaae657da50 0xaaaae656da50
a11slots point=1024 pass=3 test=get # table nofp conflicts 728960 slots 11 top32 728960
a11slots point=1024 pass=3 test=get nofp 1116 399654 0xaaaae6565170 0xaaaae6559170
a11slots point=1024 pass=3 test=get nofp 357 199629 0xaaaae6554594 0xaaaae65c8594
a11slots point=1024 pass=3 test=get nofp 236 16276 0xaaaae65503b0 0xaaaae656c3b0
a11slots point=1024 pass=3 test=get nofp 1766 16274 0xaaaae656db98 0xaaaae664db98
a11slots point=1024 pass=3 test=get nofp 1684 16202 0xaaaae656da50 0xaaaae657da50
a11slots point=1024 pass=3 test=get nofp 1472 16196 0xaaaae656d700 0xaaaae6559700
a11slots point=1024 pass=3 test=get nofp 1600 16196 0xaaaae656d900 0xaaaae6571900
a11slots point=1024 pass=3 test=get nofp 1756 16196 0xaaaae656db70 0xaaaae6565b70
a11slots point=1024 pass=3 test=get nofp 1804 16196 0xffff973adc30 0xaaaae656dc30
a11slots point=1024 pass=3 test=get nofp 257 16090 0xaaaae6554404 0xaaaae6550404
a11slots point=1024 pass=3 test=get nofp 1345 51 0xaaaae6551504 0xaaaae6559504
a11maps-end aaaae64e0000-aaaae6730000 r-xp 00000000 00:03 4263                       /opt/redis/src/redis-server
a11maps-end aaaae6739000-aaaae6740000 r--p 00259000 00:03 4263                       /opt/redis/src/redis-server
a11maps-end aaaae6740000-aaaae6799000 rw-p 00260000 00:03 4263                       /opt/redis/src/redis-server
a11maps-end aaaae6799000-aaaae69cc000 rw-p 00000000 00:00 0 
a11maps-end aaab14b15000-aaab14b36000 rw-p 00000000 00:00 0                          [heap]
a11maps-end ffff94740000-ffff949c0000 rw-p 00000000 00:00 0 
a11maps-end ffff949c0000-ffff949d0000 ---p 00000000 00:00 0 
a11maps-end ffff949d0000-ffff951d0000 rw-p 00000000 00:00 0 
a11maps-end ffff951d0000-ffff951e0000 ---p 00000000 00:00 0 
a11maps-end ffff951e0000-ffff959e0000 rw-p 00000000 00:00 0 
a11maps-end ffff959e0000-ffff959f0000 ---p 00000000 00:00 0 
a11maps-end ffff959f0000-ffff961f0000 rw-p 00000000 00:00 0 
a11maps-end ffff961f0000-ffff96200000 ---p 00000000 00:00 0 
a11maps-end ffff96200000-ffff96a00000 rw-p 00000000 00:00 0 
a11maps-end ffff96a00000-ffff97200000 rw-p 00000000 00:00 0 
a11maps-end ffff972d0000-ffff9745c000 r-xp 00000000 00:03 816                        /usr/lib/aarch64-linux-gnu/libc.so.6
a11maps-end ffff9745c000-ffff9746c000 ---p 0018c000 00:03 816                        /usr/lib/aarch64-linux-gnu/libc.so.6
a11maps-end ffff9746c000-ffff97470000 r--p 0018c000 00:03 816                        /usr/lib/aarch64-linux-gnu/libc.so.6
a11maps-end ffff97470000-ffff97472000 rw-p 00190000 00:03 816                        /usr/lib/aarch64-linux-gnu/libc.so.6
a11maps-end ffff97472000-ffff9747f000 rw-p 00000000 00:00 0 
a11maps-end ffff97480000-ffff97502000 r-xp 00000000 00:03 863                        /usr/lib/aarch64-linux-gnu/libm.so.6
a11maps-end ffff97502000-ffff9751f000 ---p 00082000 00:03 863                        /usr/lib/aarch64-linux-gnu/libm.so.6
a11maps-end ffff9751f000-ffff97520000 r--p 0008f000 00:03 863                        /usr/lib/aarch64-linux-gnu/libm.so.6
a11maps-end ffff97520000-ffff97521000 rw-p 00090000 00:03 863                        /usr/lib/aarch64-linux-gnu/libm.so.6
a11maps-end ffff9752d000-ffff97554000 r-xp 00000000 00:03 796                        /usr/lib/aarch64-linux-gnu/ld-linux-aarch64.so.1
a11maps-end ffff9755e000-ffff97562000 rw-p 00000000 00:00 0 
a11maps-end ffff97564000-ffff97566000 rw-p 00000000 00:00 0 
a11maps-end ffff97566000-ffff9756a000 r--p 00000000 00:00 0                          [vvar]
a11maps-end ffff9756a000-ffff9756b000 r-xp 00000000 00:00 0                          [vdso]
a11maps-end ffff9756b000-ffff9756d000 r--p 0002e000 00:03 796                        /usr/lib/aarch64-linux-gnu/ld-linux-aarch64.so.1
a11maps-end ffff9756d000-ffff9756f000 rw-p 00030000 00:03 796                        /usr/lib/aarch64-linux-gnu/ld-linux-aarch64.so.1
a11maps-end ffffdcd78000-ffffdcd99000 rw-p 00000000 00:00 0                          [stack]
a11: done
[   38.112403] kjit: 0 of 294 translation requests still queued at unload (freed by the kernel)
[   38.136320] rust_kjit: ######## Rust KJIT exits ########
kjit-init: rmmod kjit ok
kjit-init: run exit=0
[   38.155073] reboot: Power down
