guest-run: profile=kjit-guest run-dir=/Volumes/Local/kjit-a4b2/build/runs/meas-v5-20261009-025406
[    0.000000] Booting Linux on physical CPU 0x0000000000 [0x610f0000]
[    0.000000] Linux version 7.1.0-rc1 (@6906d107117b) (Ubuntu clang version 18.1.3 (1ubuntu1), Ubuntu LLD 18.1.3) #1 SMP PREEMPT Fri Oct  2 08:37:58 UTC 2026
[    0.000000] random: crng init done
[    0.000000] Machine model: linux,dummy-virt
[    0.000000] OF: reserved mem: Reserved memory: No reserved-memory node in the DT
[    0.000000] psci: probing for conduit method from DT.
[    0.000000] psci: PSCIv1.1 detected in firmware.
[    0.000000] psci: Using standard PSCI v0.2 function IDs
[    0.000000] psci: Trusted OS migration not required
[    0.000000] psci: SMC Calling Convention v1.0
[    0.000000] Zone ranges:
[    0.000000]   Normal   [mem 0x0000000040000000-0x000000013fffffff]
[    0.000000] Movable zone start for each node
[    0.000000] Early memory node ranges
[    0.000000]   node   0: [mem 0x0000000040000000-0x000000013fffffff]
[    0.000000] Initmem setup node 0 [mem 0x0000000040000000-0x000000013fffffff]
[    0.000000] percpu: Embedded 19 pages/cpu s38488 r8192 d31144 u77824
[    0.000000] Detected PIPT I-cache on CPU0
[    0.000000] CPU features: detected: Address authentication (IMP DEF algorithm)
[    0.000000] CPU features: detected: Spectre-v4
[    0.000000] CPU features: detected: Spectre-BHB
[    0.000000] alternatives: applying boot alternatives
[    0.000000] Kernel command line: console=ttyAMA0 panic=-1 nokaslr
[    0.000000] Unknown kernel command line parameters "nokaslr", will be passed to user space.
[    0.000000] printk: log buffer data + meta data: 131072 + 458752 = 589824 bytes
[    0.000000] Dentry cache hash table entries: 524288 (order: 10, 4194304 bytes, linear)
[    0.000000] Inode-cache hash table entries: 262144 (order: 9, 2097152 bytes, linear)
[    0.000000] software IO TLB: SWIOTLB bounce buffer size adjusted to 4MB
[    0.000000] software IO TLB: area num 4.
[    0.000000] software IO TLB: mapped [mem 0x000000013ac00000-0x000000013b000000] (4MB)
[    0.000000] Built 1 zonelists, mobility grouping on.  Total pages: 1048576
[    0.000000] mem auto-init: stack:all(zero), heap alloc:off, heap free:off
[    0.000000] SLUB: HWalign=64, Order=0-3, MinObjects=0, CPUs=4, Nodes=1
[    0.000000] rcu: Preemptible hierarchical RCU implementation.
[    0.000000] rcu: 	RCU restricting CPUs from NR_CPUS=512 to nr_cpu_ids=4.
[    0.000000] rcu: RCU calculated value of scheduler-enlistment delay is 25 jiffies.
[    0.000000] rcu: Adjusting geometry for rcu_fanout_leaf=16, nr_cpu_ids=4
[    0.000000] NR_IRQS: 64, nr_irqs: 64, preallocated irqs: 0
[    0.000000] Root IRQ handler: gic_handle_irq
[    0.000000] GICv2m: range[mem 0x08020000-0x08020fff], SPI[80:143]
[    0.000000] rcu: srcu_init: Setting srcu_struct sizes based on contention.
[    0.000000] arch_timer: cp15 timer running at 24.00MHz (virt).
[    0.000000] clocksource: arch_sys_counter: mask: 0xffffffffffffff max_cycles: 0x588fe9dc0, max_idle_ns: 440795202592 ns
[    0.000000] sched_clock: 56 bits at 24MHz, resolution 41ns, wraps every 4398046511097ns
[    0.000197] Console: colour dummy device 80x25
[    0.000205] Calibrating delay loop (skipped), value calculated using timer frequency.. 48.00 BogoMIPS (lpj=96000)
[    0.000209] pid_max: default: 32768 minimum: 301
[    0.000417] Mount-cache hash table entries: 8192 (order: 4, 65536 bytes, linear)
[    0.000426] Mountpoint-cache hash table entries: 8192 (order: 4, 65536 bytes, linear)
[    0.000513] VFS: Finished mounting rootfs on nullfs
[    0.000747] cacheinfo: Unable to detect cache hierarchy for CPU 0
[    0.000872] rcu: Hierarchical SRCU implementation.
[    0.000872] rcu: 	Max phase no-delay instances is 1000.
[    0.000891] Timer migration: 1 hierarchy levels; 8 children per group; 1 crossnode level
[    0.000928] smp: Bringing up secondary CPUs ...
[    0.001154] Detected PIPT I-cache on CPU1
[    0.001247] CPU1: Booted secondary processor 0x0000000001 [0x610f0000]
[    0.001612] Detected PIPT I-cache on CPU2
[    0.001754] CPU2: Booted secondary processor 0x0000000002 [0x610f0000]
[    0.002003] Detected PIPT I-cache on CPU3
[    0.002123] CPU3: Booted secondary processor 0x0000000003 [0x610f0000]
[    0.002217] smp: Brought up 1 node, 4 CPUs
[    0.002218] SMP: Total of 4 processors activated.
[    0.002218] CPU: All CPU(s) started at EL1
[    0.002219] CPU features: detected: ARMv8.4 Translation Table Level
[    0.002220] CPU features: detected: Data cache clean to the PoU not required for I/D coherence
[    0.002220] CPU features: detected: CRC32 instructions
[    0.002221] CPU features: detected: Data independent timing control (DIT)
[    0.002221] CPU features: detected: E0PD
[    0.002222] CPU features: detected: Generic authentication (IMP DEF algorithm)
[    0.002222] CPU features: detected: RCpc load-acquire (LDAPR)
[    0.002222] CPU features: detected: LSE atomic instructions
[    0.002223] CPU features: detected: Privileged Access Never
[    0.002223] CPU features: detected: Speculation barrier (SB)
[    0.002223] CPU features: detected: TLB range maintenance instructions
[    0.002224] CPU features: detected: XNX
[    0.002347] alternatives: applying system-wide alternatives
[    0.003404] Memory: 3934216K/4194304K available (5248K kernel code, 754K rwdata, 2356K rodata, 576K init, 405K bss, 256908K reserved, 0K cma-reserved)
[    0.003613] devtmpfs: initialized
[    0.003845] clocksource: jiffies: mask: 0xffffffff max_cycles: 0xffffffff, max_idle_ns: 7645041785100000 ns
[    0.003849] posixtimers hash table entries: 2048 (order: 3, 32768 bytes, linear)
[    0.003864] futex hash table entries: 1024 (65536 bytes on 1 NUMA nodes, total 64 KiB, linear).
[    0.003869] 30384 pages in range for non-PLT usage
[    0.003869] 521904 pages in range for PLT usage
[    0.003931] NET: Registered PF_NETLINK/PF_ROUTE protocol family
[    0.004323] DMA: preallocated 512 KiB GFP_KERNEL pool for atomic allocations
[    0.004365] ASID allocator initialised with 256 entries
[    0.004373] Serial: AMBA PL011 UART driver
[    0.004806] 9000000.pl011: ttyAMA0 at MMIO 0x9000000 (irq = 13, base_baud = 0) is a PL011 rev1
[    0.004949] printk: console [ttyAMA0] enabled
[    0.011602] vgaarb: loaded
[    0.012017] clocksource: Switched to clocksource arch_sys_counter
[    0.015627] NET: Registered PF_INET protocol family
[    0.015725] IP idents hash table entries: 65536 (order: 7, 524288 bytes, linear)
[    0.016457] tcp_listen_portaddr_hash hash table entries: 2048 (order: 3, 32768 bytes, linear)
[    0.016465] Table-perturb hash table entries: 65536 (order: 6, 262144 bytes, linear)
[    0.016469] TCP established hash table entries: 32768 (order: 6, 262144 bytes, linear)
[    0.016530] TCP bind hash table entries: 32768 (order: 8, 1048576 bytes, linear)
[    0.016702] TCP: Hash tables configured (established 32768 bind 32768)
[    0.016729] UDP hash table entries: 2048 (order: 5, 131072 bytes, linear)
[    0.017924] NET: Registered PF_UNIX/PF_LOCAL protocol family
[    0.017932] PCI: CLS 0 bytes, default 64
[    0.018860] Unpacking initramfs...
[    0.028241] workingset: timestamp_bits=46 (anon: 42) max_order=20 bucket_order=0 (anon: 0)
[    0.028380] 9p: Installing v9fs 9p2000 file system support
[    0.028973] pci-host-generic 4010000000.pcie: host bridge /pcie@10000000 ranges:
[    0.028981] pci-host-generic 4010000000.pcie:       IO 0x003eff0000..0x003effffff -> 0x0000000000
[    0.028983] pci-host-generic 4010000000.pcie:      MEM 0x0010000000..0x003efeffff -> 0x0010000000
[    0.028985] pci-host-generic 4010000000.pcie:      MEM 0x8000000000..0xffffffffff -> 0x8000000000
[    0.029030] pci-host-generic 4010000000.pcie: Memory resource size exceeds max for 32 bits
[    0.029049] pci-host-generic 4010000000.pcie: ECAM at [mem 0x4010000000-0x401fffffff] for [bus 00-ff]
[    0.029069] pci-host-generic 4010000000.pcie: PCI host bridge to bus 0000:00
[    0.029070] pci_bus 0000:00: root bus resource [bus 00-ff]
[    0.029070] pci_bus 0000:00: root bus resource [io  0x0000-0xffff]
[    0.029071] pci_bus 0000:00: root bus resource [mem 0x10000000-0x3efeffff]
[    0.029072] pci_bus 0000:00: root bus resource [mem 0x8000000000-0xffffffffff]
[    0.029137] pci 0000:00:00.0: [1b36:0008] type 00 class 0x060000 conventional PCI endpoint
[    0.029529] pci 0000:00:01.0: [1af4:1000] type 00 class 0x020000 conventional PCI endpoint
[    0.029679] pci 0000:00:01.0: BAR 0 [io  0x0000-0x001f]
[    0.029731] pci 0000:00:01.0: BAR 1 [mem 0x00000000-0x00000fff]
[    0.029737] pci 0000:00:01.0: BAR 4 [mem 0x00000000-0x00003fff 64bit pref]
[    0.029739] pci 0000:00:01.0: ROM [mem 0x00000000-0x0003ffff pref]
[    0.030160] pci 0000:00:02.0: [1af4:1009] type 00 class 0x000200 conventional PCI endpoint
[    0.030347] pci 0000:00:02.0: BAR 0 [io  0x0000-0x003f]
[    0.030351] pci 0000:00:02.0: BAR 1 [mem 0x00000000-0x00000fff]
[    0.030357] pci 0000:00:02.0: BAR 4 [mem 0x00000000-0x00003fff 64bit pref]
[    0.030921] pci 0000:00:03.0: [1af4:1005] type 00 class 0x00ff00 conventional PCI endpoint
[    0.031050] pci 0000:00:03.0: BAR 0 [io  0x0000-0x001f]
[    0.031053] pci 0000:00:03.0: BAR 1 [mem 0x00000000-0x00000fff]
[    0.031072] pci 0000:00:03.0: BAR 4 [mem 0x00000000-0x00003fff 64bit pref]
[    0.031731] pci 0000:00:01.0: ROM [mem 0x10000000-0x1003ffff pref]: assigned
[    0.031734] pci 0000:00:01.0: BAR 4 [mem 0x8000000000-0x8000003fff 64bit pref]: assigned
[    0.031773] pci 0000:00:02.0: BAR 4 [mem 0x8000004000-0x8000007fff 64bit pref]: assigned
[    0.031786] pci 0000:00:03.0: BAR 4 [mem 0x8000008000-0x800000bfff 64bit pref]: assigned
[    0.031824] pci 0000:00:01.0: BAR 1 [mem 0x10040000-0x10040fff]: assigned
[    0.031829] pci 0000:00:02.0: BAR 1 [mem 0x10041000-0x10041fff]: assigned
[    0.031832] pci 0000:00:03.0: BAR 1 [mem 0x10042000-0x10042fff]: assigned
[    0.031836] pci 0000:00:02.0: BAR 0 [io  0x1000-0x103f]: assigned
[    0.031839] pci 0000:00:01.0: BAR 0 [io  0x1040-0x105f]: assigned
[    0.031842] pci 0000:00:03.0: BAR 0 [io  0x1060-0x107f]: assigned
[    0.031848] pci_bus 0000:00: resource 4 [io  0x0000-0xffff]
[    0.031848] pci_bus 0000:00: resource 5 [mem 0x10000000-0x3efeffff]
[    0.031849] pci_bus 0000:00: resource 6 [mem 0x8000000000-0xffffffffff]
[    0.035899] virtio-pci 0000:00:01.0: enabling device (0000 -> 0003)
[    0.043714] virtio-pci 0000:00:02.0: enabling device (0000 -> 0003)
[    0.044243] virtio-pci 0000:00:03.0: enabling device (0000 -> 0003)
[    0.122787] rtc-pl031 9010000.pl031: registered as rtc0
[    0.122797] rtc-pl031 9010000.pl031: setting system clock to 2026-10-08T18:54:06 UTC (1791485646)
[    0.122992] NET: Registered PF_INET6 protocol family
[    0.130932] Segment Routing with IPv6
[    0.130940] In-situ OAM (IOAM) with IPv6
[    0.130951] sit: IPv6, IPv4 and MPLS over IPv4 tunneling driver
[    0.131038] NET: Registered PF_PACKET protocol family
[    0.131045] 9pnet: Installing 9P2000 support
[    0.160892] clk: Disabling unused clocks
[    0.567276] Freeing initrd memory: 161888K
[    0.569312] Freeing unused kernel memory: 576K
[    0.569783] Run /init as init process
[    0.590425] kjit: loading out-of-tree module taints kernel.
[    0.592618] rust_kjit: ######## Rust KJIT inits ########
[    0.592667] rust_kjit: kjit: dispatch variant 5
[    0.592770] rust_kjit: golden tests/arm64/toy_cfg.s:hot_svc_mark translated for dispatch variant 5; byte comparison skipped (reference is variant 0)
kjit-init: insmod kjit.ko ok
meas: variant=5
rep 0 variant=gpr enabled=0 outer=200000 calls=16 ns_per_outer=165.1 ns_per_call=10.32
rep 1 variant=gpr enabled=0 outer=200000 calls=16 ns_per_outer=160.1 ns_per_call=10.01
rep 2 variant=gpr enabled=0 outer=200000 calls=16 ns_per_outer=158.5 ns_per_call=9.91
rep 3 variant=gpr enabled=0 outer=200000 calls=16 ns_per_outer=152.8 ns_per_call=9.55
rep 4 variant=gpr enabled=0 outer=200000 calls=16 ns_per_outer=149.3 ns_per_call=9.33
rep 5 variant=gpr enabled=0 outer=200000 calls=16 ns_per_outer=151.7 ns_per_call=9.48
rep 6 variant=gpr enabled=0 outer=200000 calls=16 ns_per_outer=149.8 ns_per_call=9.36
result variant=gpr enabled=0 outer=200000 calls=16 reps=7 median_ns_per_outer=152.8 median_ns_per_call=9.55 min_ns_per_call=9.33 acc=25600000
[    0.869034] kjit: translate_svc_sites pid 69: 2 text ranges, 111 svc sites
[    0.869391] rust_kjit: kjit: pc 0x400fe8: installed 532 bytes, 0 fault sites, 2 entries, text 0x400fe8..0x400ff0, fpsimd false
[    0.870012] rust_kjit: kjit: pc 0x400fcc: installed 1104 bytes, 1 fault sites, 11 entries, text 0x400fbc..0x400fe8, fpsimd false
rep 0 variant=gpr enabled=1 outer=20000 calls=16 ns_per_outer=151.1 ns_per_call=9.44
rep 1 variant=gpr enabled=1 outer=20000 calls=16 ns_per_outer=159.9 ns_per_call=9.99
rep 2 variant=gpr enabled=1 outer=20000 calls=16 ns_per_outer=156.3 ns_per_call=9.77
rep 3 variant=gpr enabled=1 outer=20000 calls=16 ns_per_outer=148.6 ns_per_call=9.29
rep 4 variant=gpr enabled=1 outer=20000 calls=16 ns_per_outer=153.5 ns_per_call=9.59
rep 5 variant=gpr enabled=1 outer=20000 calls=16 ns_per_outer=160.5 ns_per_call=10.03
rep 6 variant=gpr enabled=1 outer=20000 calls=16 ns_per_outer=152.9 ns_per_call=9.56
result variant=gpr enabled=1 outer=20000 calls=16 reps=7 median_ns_per_outer=153.5 median_ns_per_call=9.59 min_ns_per_call=9.29 acc=2560000
counters variant=gpr timed_outer=140000 hook_calls=140045 syscalls_in_kernel=139965 fragment_entries=140045 fpsimd_entries=1 fpsimd_restores=0 chains=0 chain_cap=0 exit_svc=139965 exit_bl=0 exit_blr=0 exit_br=0 exit_ret=80 exit_mem=0 exit_unsupported=0 exit_budget=0 run_declined=0
rep 0 variant=fp enabled=0 outer=200000 calls=16 ns_per_outer=197.3 ns_per_call=12.33
rep 1 variant=fp enabled=0 outer=200000 calls=16 ns_per_outer=182.2 ns_per_call=11.39
rep 2 variant=fp enabled=0 outer=200000 calls=16 ns_per_outer=181.5 ns_per_call=11.34
rep 3 variant=fp enabled=0 outer=200000 calls=16 ns_per_outer=259.7 ns_per_call=16.23
rep 4 variant=fp enabled=0 outer=200000 calls=16 ns_per_outer=603.8 ns_per_call=37.74
rep 5 variant=fp enabled=0 outer=200000 calls=16 ns_per_outer=652.1 ns_per_call=40.75
rep 6 variant=fp enabled=0 outer=200000 calls=16 ns_per_outer=180.7 ns_per_call=11.29
result variant=fp enabled=0 outer=200000 calls=16 reps=7 median_ns_per_outer=197.3 median_ns_per_call=12.33 min_ns_per_call=11.29 acc=25600000
[    1.426023] kjit: translate_svc_sites pid 72: 2 text ranges, 111 svc sites
[    1.426752] rust_kjit: kjit: pc 0x401028: installed 540 bytes, 0 fault sites, 4 entries, text 0x401028..0x401038, fpsimd true
[    1.427481] rust_kjit: kjit: pc 0x40100c: installed 1104 bytes, 1 fault sites, 11 entries, text 0x400ffc..0x401028, fpsimd false
rep 0 variant=fp enabled=1 outer=20000 calls=16 ns_per_outer=226.7 ns_per_call=14.17
rep 1 variant=fp enabled=1 outer=20000 calls=16 ns_per_outer=227.8 ns_per_call=14.24
rep 2 variant=fp enabled=1 outer=20000 calls=16 ns_per_outer=229.6 ns_per_call=14.35
rep 3 variant=fp enabled=1 outer=20000 calls=16 ns_per_outer=223.4 ns_per_call=13.96
rep 4 variant=fp enabled=1 outer=20000 calls=16 ns_per_outer=231.8 ns_per_call=14.49
rep 5 variant=fp enabled=1 outer=20000 calls=16 ns_per_outer=227.1 ns_per_call=14.20
rep 6 variant=fp enabled=1 outer=20000 calls=16 ns_per_outer=225.4 ns_per_call=14.09
result variant=fp enabled=1 outer=20000 calls=16 reps=7 median_ns_per_outer=227.1 median_ns_per_call=14.20 min_ns_per_call=13.96 acc=2560000
counters variant=fp timed_outer=140000 hook_calls=140045 syscalls_in_kernel=139965 fragment_entries=280017 fpsimd_entries=139973 fpsimd_restores=0 chains=139972 chain_cap=0 exit_svc=139965 exit_bl=139972 exit_blr=0 exit_br=0 exit_ret=80 exit_mem=0 exit_unsupported=0 exit_budget=0 run_declined=0
rep 0 variant=gpr enabled=0 outer=200000 calls=128 ns_per_outer=259.7 ns_per_call=2.03
rep 1 variant=gpr enabled=0 outer=200000 calls=128 ns_per_outer=255.0 ns_per_call=1.99
rep 2 variant=gpr enabled=0 outer=200000 calls=128 ns_per_outer=259.8 ns_per_call=2.03
rep 3 variant=gpr enabled=0 outer=200000 calls=128 ns_per_outer=256.5 ns_per_call=2.00
rep 4 variant=gpr enabled=0 outer=200000 calls=128 ns_per_outer=260.7 ns_per_call=2.04
rep 5 variant=gpr enabled=0 outer=200000 calls=128 ns_per_outer=257.7 ns_per_call=2.01
rep 6 variant=gpr enabled=0 outer=200000 calls=128 ns_per_outer=256.6 ns_per_call=2.00
result variant=gpr enabled=0 outer=200000 calls=128 reps=7 median_ns_per_outer=257.7 median_ns_per_call=2.01 min_ns_per_call=1.99 acc=204800000
[    1.917986] kjit: translate_svc_sites pid 74: 2 text ranges, 111 svc sites
[    1.918764] rust_kjit: kjit: pc 0x400fe8: installed 532 bytes, 0 fault sites, 2 entries, text 0x400fe8..0x400ff0, fpsimd false
[    1.919638] rust_kjit: kjit: pc 0x400fcc: installed 1104 bytes, 1 fault sites, 11 entries, text 0x400fbc..0x400fe8, fpsimd false
rep 0 variant=gpr enabled=1 outer=20000 calls=128 ns_per_outer=847.2 ns_per_call=6.62
rep 1 variant=gpr enabled=1 outer=20000 calls=128 ns_per_outer=873.2 ns_per_call=6.82
rep 2 variant=gpr enabled=1 outer=20000 calls=128 ns_per_outer=835.8 ns_per_call=6.53
rep 3 variant=gpr enabled=1 outer=20000 calls=128 ns_per_outer=833.0 ns_per_call=6.51
rep 4 variant=gpr enabled=1 outer=20000 calls=128 ns_per_outer=848.9 ns_per_call=6.63
rep 5 variant=gpr enabled=1 outer=20000 calls=128 ns_per_outer=840.0 ns_per_call=6.56
rep 6 variant=gpr enabled=1 outer=20000 calls=128 ns_per_outer=881.7 ns_per_call=6.89
result variant=gpr enabled=1 outer=20000 calls=128 reps=7 median_ns_per_outer=847.2 median_ns_per_call=6.62 min_ns_per_call=6.51 acc=20480000
counters variant=gpr timed_outer=140000 hook_calls=140045 syscalls_in_kernel=139965 fragment_entries=140045 fpsimd_entries=1 fpsimd_restores=0 chains=0 chain_cap=0 exit_svc=139965 exit_bl=0 exit_blr=0 exit_br=0 exit_ret=80 exit_mem=0 exit_unsupported=0 exit_budget=0 run_declined=0
rep 0 variant=fp enabled=0 outer=200000 calls=128 ns_per_outer=537.0 ns_per_call=4.20
rep 1 variant=fp enabled=0 outer=200000 calls=128 ns_per_outer=538.6 ns_per_call=4.21
rep 2 variant=fp enabled=0 outer=200000 calls=128 ns_per_outer=536.3 ns_per_call=4.19
rep 3 variant=fp enabled=0 outer=200000 calls=128 ns_per_outer=538.6 ns_per_call=4.21
rep 4 variant=fp enabled=0 outer=200000 calls=128 ns_per_outer=538.8 ns_per_call=4.21
rep 5 variant=fp enabled=0 outer=200000 calls=128 ns_per_outer=540.6 ns_per_call=4.22
rep 6 variant=fp enabled=0 outer=200000 calls=128 ns_per_outer=541.1 ns_per_call=4.23
result variant=fp enabled=0 outer=200000 calls=128 reps=7 median_ns_per_outer=538.6 median_ns_per_call=4.21 min_ns_per_call=4.19 acc=204800000
[    2.960817] kjit: translate_svc_sites pid 79: 2 text ranges, 111 svc sites
[    2.961195] rust_kjit: kjit: pc 0x401028: installed 540 bytes, 0 fault sites, 4 entries, text 0x401028..0x401038, fpsimd true
[    2.961718] rust_kjit: kjit: pc 0x40100c: installed 1104 bytes, 1 fault sites, 11 entries, text 0x400ffc..0x401028, fpsimd false
rep 0 variant=fp enabled=1 outer=20000 calls=128 ns_per_outer=912.1 ns_per_call=7.13
rep 1 variant=fp enabled=1 outer=20000 calls=128 ns_per_outer=915.4 ns_per_call=7.15
rep 2 variant=fp enabled=1 outer=20000 calls=128 ns_per_outer=913.2 ns_per_call=7.13
rep 3 variant=fp enabled=1 outer=20000 calls=128 ns_per_outer=936.8 ns_per_call=7.32
rep 4 variant=fp enabled=1 outer=20000 calls=128 ns_per_outer=954.7 ns_per_call=7.46
rep 5 variant=fp enabled=1 outer=20000 calls=128 ns_per_outer=943.8 ns_per_call=7.37
rep 6 variant=fp enabled=1 outer=20000 calls=128 ns_per_outer=929.6 ns_per_call=7.26
result variant=fp enabled=1 outer=20000 calls=128 reps=7 median_ns_per_outer=929.6 median_ns_per_call=7.26 min_ns_per_call=7.13 acc=20480000
counters variant=fp timed_outer=140000 hook_calls=140045 syscalls_in_kernel=139965 fragment_entries=280017 fpsimd_entries=139973 fpsimd_restores=0 chains=139972 chain_cap=0 exit_svc=139965 exit_bl=139972 exit_blr=0 exit_br=0 exit_ret=80 exit_mem=0 exit_unsupported=0 exit_budget=0 run_declined=0
rep 0 variant=gpr enabled=0 outer=200000 calls=256 ns_per_outer=386.7 ns_per_call=1.51
rep 1 variant=gpr enabled=0 outer=200000 calls=256 ns_per_outer=379.2 ns_per_call=1.48
rep 2 variant=gpr enabled=0 outer=200000 calls=256 ns_per_outer=385.7 ns_per_call=1.51
rep 3 variant=gpr enabled=0 outer=200000 calls=256 ns_per_outer=375.0 ns_per_call=1.46
rep 4 variant=gpr enabled=0 outer=200000 calls=256 ns_per_outer=378.4 ns_per_call=1.48
rep 5 variant=gpr enabled=0 outer=200000 calls=256 ns_per_outer=383.7 ns_per_call=1.50
rep 6 variant=gpr enabled=0 outer=200000 calls=256 ns_per_outer=385.4 ns_per_call=1.51
result variant=gpr enabled=0 outer=200000 calls=256 reps=7 median_ns_per_outer=383.7 median_ns_per_call=1.50 min_ns_per_call=1.46 acc=409600000
[    3.758386] kjit: translate_svc_sites pid 81: 2 text ranges, 111 svc sites
[    3.759382] rust_kjit: kjit: pc 0x400fe8: installed 532 bytes, 0 fault sites, 2 entries, text 0x400fe8..0x400ff0, fpsimd false
[    3.760274] rust_kjit: kjit: pc 0x400fcc: installed 1104 bytes, 1 fault sites, 11 entries, text 0x400fbc..0x400fe8, fpsimd false
rep 0 variant=gpr enabled=1 outer=20000 calls=256 ns_per_outer=1634.5 ns_per_call=6.38
rep 1 variant=gpr enabled=1 outer=20000 calls=256 ns_per_outer=1630.8 ns_per_call=6.37
rep 2 variant=gpr enabled=1 outer=20000 calls=256 ns_per_outer=1657.2 ns_per_call=6.47
rep 3 variant=gpr enabled=1 outer=20000 calls=256 ns_per_outer=1651.5 ns_per_call=6.45
rep 4 variant=gpr enabled=1 outer=20000 calls=256 ns_per_outer=1631.9 ns_per_call=6.37
rep 5 variant=gpr enabled=1 outer=20000 calls=256 ns_per_outer=1613.5 ns_per_call=6.30
rep 6 variant=gpr enabled=1 outer=20000 calls=256 ns_per_outer=1693.0 ns_per_call=6.61
result variant=gpr enabled=1 outer=20000 calls=256 reps=7 median_ns_per_outer=1634.5 median_ns_per_call=6.38 min_ns_per_call=6.30 acc=40960000
counters variant=gpr timed_outer=140000 hook_calls=140045 syscalls_in_kernel=139965 fragment_entries=140045 fpsimd_entries=1 fpsimd_restores=0 chains=0 chain_cap=0 exit_svc=139965 exit_bl=0 exit_blr=0 exit_br=0 exit_ret=80 exit_mem=0 exit_unsupported=0 exit_budget=0 run_declined=0
rep 0 variant=fp enabled=0 outer=200000 calls=256 ns_per_outer=943.9 ns_per_call=3.69
rep 1 variant=fp enabled=0 outer=200000 calls=256 ns_per_outer=945.6 ns_per_call=3.69
rep 2 variant=fp enabled=0 outer=200000 calls=256 ns_per_outer=946.0 ns_per_call=3.70
rep 3 variant=fp enabled=0 outer=200000 calls=256 ns_per_outer=952.5 ns_per_call=3.72
rep 4 variant=fp enabled=0 outer=200000 calls=256 ns_per_outer=979.9 ns_per_call=3.83
rep 5 variant=fp enabled=0 outer=200000 calls=256 ns_per_outer=961.8 ns_per_call=3.76
rep 6 variant=fp enabled=0 outer=200000 calls=256 ns_per_outer=952.2 ns_per_call=3.72
result variant=fp enabled=0 outer=200000 calls=256 reps=7 median_ns_per_outer=952.2 median_ns_per_call=3.72 min_ns_per_call=3.69 acc=409600000
[    5.588779] kjit: translate_svc_sites pid 83: 2 text ranges, 111 svc sites
[    5.589244] rust_kjit: kjit: pc 0x401028: installed 540 bytes, 0 fault sites, 4 entries, text 0x401028..0x401038, fpsimd true
[    5.589825] rust_kjit: kjit: pc 0x40100c: installed 1104 bytes, 1 fault sites, 11 entries, text 0x400ffc..0x401028, fpsimd false
rep 0 variant=fp enabled=1 outer=20000 calls=256 ns_per_outer=1745.2 ns_per_call=6.82
rep 1 variant=fp enabled=1 outer=20000 calls=256 ns_per_outer=1735.8 ns_per_call=6.78
rep 2 variant=fp enabled=1 outer=20000 calls=256 ns_per_outer=1775.9 ns_per_call=6.94
rep 3 variant=fp enabled=1 outer=20000 calls=256 ns_per_outer=2072.4 ns_per_call=8.10
rep 4 variant=fp enabled=1 outer=20000 calls=256 ns_per_outer=2166.3 ns_per_call=8.46
rep 5 variant=fp enabled=1 outer=20000 calls=256 ns_per_outer=2011.2 ns_per_call=7.86
rep 6 variant=fp enabled=1 outer=20000 calls=256 ns_per_outer=1872.9 ns_per_call=7.32
result variant=fp enabled=1 outer=20000 calls=256 reps=7 median_ns_per_outer=1872.9 median_ns_per_call=7.32 min_ns_per_call=6.78 acc=40960000
counters variant=fp timed_outer=140000 hook_calls=140045 syscalls_in_kernel=139965 fragment_entries=280017 fpsimd_entries=139973 fpsimd_restores=0 chains=139972 chain_cap=0 exit_svc=139965 exit_bl=139972 exit_blr=0 exit_br=0 exit_ret=80 exit_mem=0 exit_unsupported=0 exit_budget=0 run_declined=0
a11: ibtc_variant=5
a11: warm-up at off
a11maps aaaad4b60000-aaaad4db0000 r-xp 00000000 00:03 4263                       /opt/redis/src/redis-server
a11maps aaaad4db9000-aaaad4dc0000 r--p 00259000 00:03 4263                       /opt/redis/src/redis-server
a11maps aaaad4dc0000-aaaad4e19000 rw-p 00260000 00:03 4263                       /opt/redis/src/redis-server
a11maps aaaad4e19000-aaaad504c000 rw-p 00000000 00:00 0 
a11maps aaaafae64000-aaaafae85000 rw-p 00000000 00:00 0                          [heap]
a11maps ffffb2b40000-ffffb2dc0000 rw-p 00000000 00:00 0 
a11maps ffffb2dc0000-ffffb2dd0000 ---p 00000000 00:00 0 
a11maps ffffb2dd0000-ffffb35d0000 rw-p 00000000 00:00 0 
a11maps ffffb35d0000-ffffb35e0000 ---p 00000000 00:00 0 
a11maps ffffb35e0000-ffffb3de0000 rw-p 00000000 00:00 0 
a11maps ffffb3de0000-ffffb3df0000 ---p 00000000 00:00 0 
a11maps ffffb3df0000-ffffb45f0000 rw-p 00000000 00:00 0 
a11maps ffffb45f0000-ffffb4600000 ---p 00000000 00:00 0 
a11maps ffffb4600000-ffffb4e00000 rw-p 00000000 00:00 0 
a11maps ffffb4e00000-ffffb5600000 rw-p 00000000 00:00 0 
a11maps ffffb5700000-ffffb588c000 r-xp 00000000 00:03 816                        /usr/lib/aarch64-linux-gnu/libc.so.6
a11maps ffffb588c000-ffffb589c000 ---p 0018c000 00:03 816                        /usr/lib/aarch64-linux-gnu/libc.so.6
a11maps ffffb589c000-ffffb58a0000 r--p 0018c000 00:03 816                        /usr/lib/aarch64-linux-gnu/libc.so.6
a11maps ffffb58a0000-ffffb58a2000 rw-p 00190000 00:03 816                        /usr/lib/aarch64-linux-gnu/libc.so.6
a11maps ffffb58a2000-ffffb58af000 rw-p 00000000 00:00 0 
a11maps ffffb58b0000-ffffb5932000 r-xp 00000000 00:03 863                        /usr/lib/aarch64-linux-gnu/libm.so.6
a11maps ffffb5932000-ffffb594f000 ---p 00082000 00:03 863                        /usr/lib/aarch64-linux-gnu/libm.so.6
a11maps ffffb594f000-ffffb5950000 r--p 0008f000 00:03 863                        /usr/lib/aarch64-linux-gnu/libm.so.6
a11maps ffffb5950000-ffffb5951000 rw-p 00090000 00:03 863                        /usr/lib/aarch64-linux-gnu/libm.so.6
a11maps ffffb5954000-ffffb597b000 r-xp 00000000 00:03 796                        /usr/lib/aarch64-linux-gnu/ld-linux-aarch64.so.1
a11maps ffffb5985000-ffffb5989000 rw-p 00000000 00:00 0 
a11maps ffffb598b000-ffffb598d000 rw-p 00000000 00:00 0 
a11maps ffffb598d000-ffffb5991000 r--p 00000000 00:00 0                          [vvar]
a11maps ffffb5991000-ffffb5992000 r-xp 00000000 00:00 0                          [vdso]
a11maps ffffb5992000-ffffb5994000 r--p 0002e000 00:03 796                        /usr/lib/aarch64-linux-gnu/ld-linux-aarch64.so.1
a11maps ffffb5994000-ffffb5996000 rw-p 00030000 00:03 796                        /usr/lib/aarch64-linux-gnu/ld-linux-aarch64.so.1
a11maps ffffefcf6000-ffffefd17000 rw-p 00000000 00:00 0                          [stack]
a11 point=off pass=1 test=set requests=200000 rps=239234.44 hook_calls=0 syscalls_in_kernel=0 fragment_entries=0 fpsimd_entries=0 fpsimd_restores=0 chains=0 chain_cap=0 exit_svc=0 exit_bl=0 exit_blr=0 exit_br=0 exit_ret=0 exit_mem=0 exit_unsupported=0 exit_budget=0 run_declined=0 ibtc_insert=0 ibtc_replace=0 ibtc_clear=0 ibtc_fpsimd_boundary=0 ibtc_miss_cold=0 ibtc_miss_conflict=0 ibtc_miss_other=0 fpsimd_run_max_ns=520000 miss_residual=0
a11slots point=off pass=1 test=set # table all conflicts 0 slots 0 top32 0
a11slots point=off pass=1 test=set # table nofp conflicts 0 slots 0 top32 0
a11 point=off pass=1 test=get requests=200000 rps=221483.94 hook_calls=0 syscalls_in_kernel=0 fragment_entries=0 fpsimd_entries=0 fpsimd_restores=0 chains=0 chain_cap=0 exit_svc=0 exit_bl=0 exit_blr=0 exit_br=0 exit_ret=0 exit_mem=0 exit_unsupported=0 exit_budget=0 run_declined=0 ibtc_insert=0 ibtc_replace=0 ibtc_clear=0 ibtc_fpsimd_boundary=0 ibtc_miss_cold=0 ibtc_miss_conflict=0 ibtc_miss_other=0 fpsimd_run_max_ns=520000 miss_residual=0
a11slots point=off pass=1 test=get # table all conflicts 0 slots 0 top32 0
a11slots point=off pass=1 test=get # table nofp conflicts 0 slots 0 top32 0
a11 point=1024 pass=1 test=set requests=200000 rps=131665.56 hook_calls=409024 syscalls_in_kernel=384581 fragment_entries=607434 fpsimd_entries=198956 fpsimd_restores=0 chains=199220 chain_cap=0 exit_svc=384581 exit_bl=6888 exit_blr=858 exit_br=199597 exit_ret=9956 exit_mem=1 exit_unsupported=5553 exit_budget=0 run_declined=16 ibtc_insert=572 ibtc_replace=35 ibtc_clear=0 ibtc_fpsimd_boundary=198948 ibtc_miss_cold=17246 ibtc_miss_conflict=1105 ibtc_miss_other=0 fpsimd_run_max_ns=520000 miss_residual=0
a11slots point=1024 pass=1 test=set # table all conflicts 1025 slots 16 top32 1025
a11slots point=1024 pass=1 test=set all 357 65 0xaaaad4c48594 0xaaaad4bd4594
a11slots point=1024 pass=1 test=set all 257 64 0xaaaad4bd0404 0xaaaad4bd4404
a11slots point=1024 pass=1 test=set all 453 64 0xaaaad4bfc714 0xaaaad4cd4714
a11slots point=1024 pass=1 test=set all 883 64 0xaaaad4bccdcc 0xaaaad4c10dcc
a11slots point=1024 pass=1 test=set all 928 64 0xaaaad4bf8e80 0xaaaad4c10e80
a11slots point=1024 pass=1 test=set all 1116 64 0xaaaad4bd9170 0xaaaad4be5170
a11slots point=1024 pass=1 test=set all 1472 64 0xaaaad4bd9700 0xaaaad4bed700
a11slots point=1024 pass=1 test=set all 1616 64 0xaaaad4bfd940 0xaaaad4bf9940
a11slots point=1024 pass=1 test=set all 1684 64 0xaaaad4bfda50 0xaaaad4beda50
a11slots point=1024 pass=1 test=set all 1756 64 0xaaaad4be5b70 0xaaaad4bedb70
a11slots point=1024 pass=1 test=set all 1766 64 0xaaaad4ccdb98 0xaaaad4bedb98
a11slots point=1024 pass=1 test=set all 1804 64 0xaaaad4bedc30 0xffffb57ddc30
a11slots point=1024 pass=1 test=set all 1813 64 0xaaaad4ccdc54 0xaaaad4bfdc54
a11slots point=1024 pass=1 test=set all 2364 64 0xaaaad4cce4f0 0xaaaad4bfe4f0
a11slots point=1024 pass=1 test=set all 2452 64 0xaaaad4c9a650 0xaaaad4c5e650
a11slots point=1024 pass=1 test=set all 3164 64 0xaaaad4bdb170 0xaaaad4bf7170
a11slots point=1024 pass=1 test=set # table nofp conflicts 80 slots 16 top32 80
a11slots point=1024 pass=1 test=set nofp 236 65 0xaaaad4bd03b0 0xaaaad4bec3b0
a11slots point=1024 pass=1 test=set nofp 257 1 0xaaaad4bd0404 0xaaaad4bd4404
a11slots point=1024 pass=1 test=set nofp 453 1 0xaaaad4bfc714 0xaaaad4cd4714
a11slots point=1024 pass=1 test=set nofp 883 1 0xaaaad4bccdcc 0xaaaad4c10dcc
a11slots point=1024 pass=1 test=set nofp 928 1 0xaaaad4bf8e80 0xaaaad4c10e80
a11slots point=1024 pass=1 test=set nofp 1116 1 0xaaaad4bd9170 0xaaaad4be5170
a11slots point=1024 pass=1 test=set nofp 1472 1 0xaaaad4bd9700 0xaaaad4bed700
a11slots point=1024 pass=1 test=set nofp 1616 1 0xaaaad4bfd940 0xaaaad4bf9940
a11slots point=1024 pass=1 test=set nofp 1684 1 0xaaaad4bfda50 0xaaaad4beda50
a11slots point=1024 pass=1 test=set nofp 1756 1 0xaaaad4be5b70 0xaaaad4bedb70
a11slots point=1024 pass=1 test=set nofp 1766 1 0xaaaad4ccdb98 0xaaaad4bedb98
a11slots point=1024 pass=1 test=set nofp 1804 1 0xaaaad4bedc30 0xffffb57ddc30
a11slots point=1024 pass=1 test=set nofp 1813 1 0xaaaad4ccdc54 0xaaaad4bfdc54
a11slots point=1024 pass=1 test=set nofp 2364 1 0xaaaad4cce4f0 0xaaaad4bfe4f0
a11slots point=1024 pass=1 test=set nofp 2452 1 0xaaaad4c9a650 0xaaaad4c5e650
a11slots point=1024 pass=1 test=set nofp 3164 1 0xaaaad4bdb170 0xaaaad4bf7170
a11 point=1024 pass=1 test=get requests=200000 rps=158730.16 hook_calls=408948 syscalls_in_kernel=398630 fragment_entries=608425 fpsimd_entries=200006 fpsimd_restores=19 chains=200021 chain_cap=0 exit_svc=398630 exit_bl=833 exit_blr=80 exit_br=200002 exit_ret=919 exit_mem=0 exit_unsupported=7961 exit_budget=0 run_declined=12 ibtc_insert=36 ibtc_replace=3 ibtc_clear=0 ibtc_fpsimd_boundary=200003 ibtc_miss_cold=1650 ibtc_miss_conflict=181 ibtc_miss_other=0 fpsimd_run_max_ns=520000 miss_residual=0
a11slots point=1024 pass=1 test=get # table all conflicts 128 slots 2 top32 128
a11slots point=1024 pass=1 test=get all 1600 64 0xaaaad4bf1900 0xaaaad4bed900
a11slots point=1024 pass=1 test=get all 1622 64 0xaaaad4bf1958 0xaaaad4bed958
a11slots point=1024 pass=1 test=get # table nofp conflicts 53 slots 3 top32 53
a11slots point=1024 pass=1 test=get nofp 1345 51 0xaaaad4bd1504 0xaaaad4bd9504
a11slots point=1024 pass=1 test=get nofp 1600 1 0xaaaad4bf1900 0xaaaad4bed900
a11slots point=1024 pass=1 test=get nofp 1622 1 0xaaaad4bf1958 0xaaaad4bed958
a11 point=off pass=2 test=set requests=200000 rps=214362.27 hook_calls=0 syscalls_in_kernel=0 fragment_entries=0 fpsimd_entries=0 fpsimd_restores=0 chains=0 chain_cap=0 exit_svc=0 exit_bl=0 exit_blr=0 exit_br=0 exit_ret=0 exit_mem=0 exit_unsupported=0 exit_budget=0 run_declined=0 ibtc_insert=0 ibtc_replace=0 ibtc_clear=0 ibtc_fpsimd_boundary=0 ibtc_miss_cold=0 ibtc_miss_conflict=0 ibtc_miss_other=0 fpsimd_run_max_ns=520000 miss_residual=0
a11slots point=off pass=2 test=set # table all conflicts 0 slots 0 top32 0
a11slots point=off pass=2 test=set # table nofp conflicts 0 slots 0 top32 0
a11 point=off pass=2 test=get requests=200000 rps=192678.23 hook_calls=0 syscalls_in_kernel=0 fragment_entries=0 fpsimd_entries=0 fpsimd_restores=0 chains=0 chain_cap=0 exit_svc=0 exit_bl=0 exit_blr=0 exit_br=0 exit_ret=0 exit_mem=0 exit_unsupported=0 exit_budget=0 run_declined=0 ibtc_insert=0 ibtc_replace=0 ibtc_clear=0 ibtc_fpsimd_boundary=0 ibtc_miss_cold=0 ibtc_miss_conflict=0 ibtc_miss_other=0 fpsimd_run_max_ns=520000 miss_residual=0
a11slots point=off pass=2 test=get # table all conflicts 0 slots 0 top32 0
a11slots point=off pass=2 test=get # table nofp conflicts 0 slots 0 top32 0
a11 point=1024 pass=2 test=set requests=200000 rps=136892.55 hook_calls=408803 syscalls_in_kernel=399661 fragment_entries=608254 fpsimd_entries=200001 fpsimd_restores=0 chains=200001 chain_cap=0 exit_svc=399661 exit_bl=499 exit_blr=18 exit_br=200001 exit_ret=270 exit_mem=5 exit_unsupported=7800 exit_budget=0 run_declined=13 ibtc_insert=0 ibtc_replace=0 ibtc_clear=0 ibtc_fpsimd_boundary=200001 ibtc_miss_cold=736 ibtc_miss_conflict=51 ibtc_miss_other=0 fpsimd_run_max_ns=1165625 miss_residual=0
a11slots point=1024 pass=2 test=set # table all conflicts 0 slots 0 top32 0
a11slots point=1024 pass=2 test=set # table nofp conflicts 51 slots 1 top32 51
a11slots point=1024 pass=2 test=set nofp 1345 51 0xaaaad4bd1504 0xaaaad4bd9504
a11 point=1024 pass=2 test=get requests=200000 rps=161420.50 hook_calls=408893 syscalls_in_kernel=399742 fragment_entries=608347 fpsimd_entries=200001 fpsimd_restores=0 chains=200001 chain_cap=0 exit_svc=399742 exit_bl=367 exit_blr=17 exit_br=200001 exit_ret=269 exit_mem=12 exit_unsupported=7939 exit_budget=0 run_declined=14 ibtc_insert=0 ibtc_replace=0 ibtc_clear=0 ibtc_fpsimd_boundary=200001 ibtc_miss_cold=602 ibtc_miss_conflict=51 ibtc_miss_other=0 fpsimd_run_max_ns=1165625 miss_residual=0
a11slots point=1024 pass=2 test=get # table all conflicts 0 slots 0 top32 0
a11slots point=1024 pass=2 test=get # table nofp conflicts 51 slots 1 top32 51
a11slots point=1024 pass=2 test=get nofp 1345 51 0xaaaad4bd1504 0xaaaad4bd9504
a11 point=off pass=3 test=set requests=200000 rps=218340.61 hook_calls=0 syscalls_in_kernel=0 fragment_entries=0 fpsimd_entries=0 fpsimd_restores=0 chains=0 chain_cap=0 exit_svc=0 exit_bl=0 exit_blr=0 exit_br=0 exit_ret=0 exit_mem=0 exit_unsupported=0 exit_budget=0 run_declined=0 ibtc_insert=0 ibtc_replace=0 ibtc_clear=0 ibtc_fpsimd_boundary=0 ibtc_miss_cold=0 ibtc_miss_conflict=0 ibtc_miss_other=0 fpsimd_run_max_ns=1165625 miss_residual=0
a11slots point=off pass=3 test=set # table all conflicts 0 slots 0 top32 0
a11slots point=off pass=3 test=set # table nofp conflicts 0 slots 0 top32 0
a11 point=off pass=3 test=get requests=200000 rps=232828.86 hook_calls=0 syscalls_in_kernel=0 fragment_entries=0 fpsimd_entries=0 fpsimd_restores=0 chains=0 chain_cap=0 exit_svc=0 exit_bl=0 exit_blr=0 exit_br=0 exit_ret=0 exit_mem=0 exit_unsupported=0 exit_budget=0 run_declined=0 ibtc_insert=0 ibtc_replace=0 ibtc_clear=0 ibtc_fpsimd_boundary=0 ibtc_miss_cold=0 ibtc_miss_conflict=0 ibtc_miss_other=0 fpsimd_run_max_ns=1165625 miss_residual=0
a11slots point=off pass=3 test=get # table all conflicts 0 slots 0 top32 0
a11slots point=off pass=3 test=get # table nofp conflicts 0 slots 0 top32 0
a11 point=1024 pass=3 test=set requests=200000 rps=139860.14 hook_calls=408739 syscalls_in_kernel=399648 fragment_entries=608187 fpsimd_entries=200001 fpsimd_restores=0 chains=200001 chain_cap=0 exit_svc=399648 exit_bl=497 exit_blr=22 exit_br=200001 exit_ret=271 exit_mem=1 exit_unsupported=7747 exit_budget=0 run_declined=16 ibtc_insert=0 ibtc_replace=0 ibtc_clear=0 ibtc_fpsimd_boundary=200001 ibtc_miss_cold=739 ibtc_miss_conflict=51 ibtc_miss_other=0 fpsimd_run_max_ns=1165625 miss_residual=0
a11slots point=1024 pass=3 test=set # table all conflicts 0 slots 0 top32 0
a11slots point=1024 pass=3 test=set # table nofp conflicts 51 slots 1 top32 51
a11slots point=1024 pass=3 test=set nofp 1345 51 0xaaaad4bd1504 0xaaaad4bd9504
a11 point=1024 pass=3 test=get requests=200000 rps=158730.16 hook_calls=409110 syscalls_in_kernel=399681 fragment_entries=608554 fpsimd_entries=200001 fpsimd_restores=0 chains=200001 chain_cap=0 exit_svc=399681 exit_bl=433 exit_blr=27 exit_br=200001 exit_ret=270 exit_mem=0 exit_unsupported=8142 exit_budget=0 run_declined=22 ibtc_insert=0 ibtc_replace=0 ibtc_clear=0 ibtc_fpsimd_boundary=200001 ibtc_miss_cold=679 ibtc_miss_conflict=51 ibtc_miss_other=0 fpsimd_run_max_ns=1165625 miss_residual=0
a11slots point=1024 pass=3 test=get # table all conflicts 0 slots 0 top32 0
a11slots point=1024 pass=3 test=get # table nofp conflicts 51 slots 1 top32 51
a11slots point=1024 pass=3 test=get nofp 1345 51 0xaaaad4bd1504 0xaaaad4bd9504
a11maps-end aaaad4b60000-aaaad4db0000 r-xp 00000000 00:03 4263                       /opt/redis/src/redis-server
a11maps-end aaaad4db9000-aaaad4dc0000 r--p 00259000 00:03 4263                       /opt/redis/src/redis-server
a11maps-end aaaad4dc0000-aaaad4e19000 rw-p 00260000 00:03 4263                       /opt/redis/src/redis-server
a11maps-end aaaad4e19000-aaaad504c000 rw-p 00000000 00:00 0 
a11maps-end aaaafae64000-aaaafae85000 rw-p 00000000 00:00 0                          [heap]
a11maps-end ffffb2b40000-ffffb2dc0000 rw-p 00000000 00:00 0 
a11maps-end ffffb2dc0000-ffffb2dd0000 ---p 00000000 00:00 0 
a11maps-end ffffb2dd0000-ffffb35d0000 rw-p 00000000 00:00 0 
a11maps-end ffffb35d0000-ffffb35e0000 ---p 00000000 00:00 0 
a11maps-end ffffb35e0000-ffffb3de0000 rw-p 00000000 00:00 0 
a11maps-end ffffb3de0000-ffffb3df0000 ---p 00000000 00:00 0 
a11maps-end ffffb3df0000-ffffb45f0000 rw-p 00000000 00:00 0 
a11maps-end ffffb45f0000-ffffb4600000 ---p 00000000 00:00 0 
a11maps-end ffffb4600000-ffffb4e00000 rw-p 00000000 00:00 0 
a11maps-end ffffb4e00000-ffffb5600000 rw-p 00000000 00:00 0 
a11maps-end ffffb5700000-ffffb588c000 r-xp 00000000 00:03 816                        /usr/lib/aarch64-linux-gnu/libc.so.6
a11maps-end ffffb588c000-ffffb589c000 ---p 0018c000 00:03 816                        /usr/lib/aarch64-linux-gnu/libc.so.6
a11maps-end ffffb589c000-ffffb58a0000 r--p 0018c000 00:03 816                        /usr/lib/aarch64-linux-gnu/libc.so.6
a11maps-end ffffb58a0000-ffffb58a2000 rw-p 00190000 00:03 816                        /usr/lib/aarch64-linux-gnu/libc.so.6
a11maps-end ffffb58a2000-ffffb58af000 rw-p 00000000 00:00 0 
a11maps-end ffffb58b0000-ffffb5932000 r-xp 00000000 00:03 863                        /usr/lib/aarch64-linux-gnu/libm.so.6
a11maps-end ffffb5932000-ffffb594f000 ---p 00082000 00:03 863                        /usr/lib/aarch64-linux-gnu/libm.so.6
a11maps-end ffffb594f000-ffffb5950000 r--p 0008f000 00:03 863                        /usr/lib/aarch64-linux-gnu/libm.so.6
a11maps-end ffffb5950000-ffffb5951000 rw-p 00090000 00:03 863                        /usr/lib/aarch64-linux-gnu/libm.so.6
a11maps-end ffffb5954000-ffffb597b000 r-xp 00000000 00:03 796                        /usr/lib/aarch64-linux-gnu/ld-linux-aarch64.so.1
a11maps-end ffffb5985000-ffffb5989000 rw-p 00000000 00:00 0 
a11maps-end ffffb598b000-ffffb598d000 rw-p 00000000 00:00 0 
a11maps-end ffffb598d000-ffffb5991000 r--p 00000000 00:00 0                          [vvar]
a11maps-end ffffb5991000-ffffb5992000 r-xp 00000000 00:00 0                          [vdso]
a11maps-end ffffb5992000-ffffb5994000 r--p 0002e000 00:03 796                        /usr/lib/aarch64-linux-gnu/ld-linux-aarch64.so.1
a11maps-end ffffb5994000-ffffb5996000 rw-p 00030000 00:03 796                        /usr/lib/aarch64-linux-gnu/ld-linux-aarch64.so.1
a11maps-end ffffefcf6000-ffffefd17000 rw-p 00000000 00:00 0                          [stack]
a11: done
[   36.209987] kjit: 0 of 295 translation requests still queued at unload (freed by the kernel)
[   36.225202] rust_kjit: ######## Rust KJIT exits ########
kjit-init: rmmod kjit ok
kjit-init: run exit=0
[   36.243138] reboot: Power down
guest-run: PASS (/Volumes/Local/kjit-a4b2/build/runs/meas-v5-20261009-025406/serial.log)
grun: rc=0 run_dir=/Volumes/Local/kjit-a4b2/build/runs/meas-v5-20261009-025406
