guest-run: profile=kjit-guest run-dir=/Volumes/Local/kjit-a4b2/build/runs/meas-v2-20261009-024951
[    0.000000] Booting Linux on physical CPU 0x0000000000 [0x610f0000]
[    0.000000] Linux version 7.1.0-rc1 (@6906d107117b) (Ubuntu clang version 18.1.3 (1ubuntu1), Ubuntu LLD 18.1.3) #1 SMP PREEMPT Fri Oct  2 08:37:58 UTC 2026
[    0.000000] random: crng init done
[    0.000000] Machine model: linux,dummy-virt
[    0.000000] OF: reserved mem: Reserved memory: No reserved-memory node in the DT
[    0.000000] psci: probing for conduit method from DT.
[    0.000000] psci: PSCIv1.1 detected in firmware.
[    0.000000] psci: Using standard PSCI v0.2 function IDs
[    0.000000] psci: Trusted OS migration not required
[    0.000000] psci: SMC Calling Convention v1.0
[    0.000000] Zone ranges:
[    0.000000]   Normal   [mem 0x0000000040000000-0x000000013fffffff]
[    0.000000] Movable zone start for each node
[    0.000000] Early memory node ranges
[    0.000000]   node   0: [mem 0x0000000040000000-0x000000013fffffff]
[    0.000000] Initmem setup node 0 [mem 0x0000000040000000-0x000000013fffffff]
[    0.000000] percpu: Embedded 19 pages/cpu s38488 r8192 d31144 u77824
[    0.000000] Detected PIPT I-cache on CPU0
[    0.000000] CPU features: detected: Address authentication (IMP DEF algorithm)
[    0.000000] CPU features: detected: Spectre-v4
[    0.000000] CPU features: detected: Spectre-BHB
[    0.000000] alternatives: applying boot alternatives
[    0.000000] Kernel command line: console=ttyAMA0 panic=-1 nokaslr
[    0.000000] Unknown kernel command line parameters "nokaslr", will be passed to user space.
[    0.000000] printk: log buffer data + meta data: 131072 + 458752 = 589824 bytes
[    0.000000] Dentry cache hash table entries: 524288 (order: 10, 4194304 bytes, linear)
[    0.000000] Inode-cache hash table entries: 262144 (order: 9, 2097152 bytes, linear)
[    0.000000] software IO TLB: SWIOTLB bounce buffer size adjusted to 4MB
[    0.000000] software IO TLB: area num 4.
[    0.000000] software IO TLB: mapped [mem 0x000000013ac00000-0x000000013b000000] (4MB)
[    0.000000] Built 1 zonelists, mobility grouping on.  Total pages: 1048576
[    0.000000] mem auto-init: stack:all(zero), heap alloc:off, heap free:off
[    0.000000] SLUB: HWalign=64, Order=0-3, MinObjects=0, CPUs=4, Nodes=1
[    0.000000] rcu: Preemptible hierarchical RCU implementation.
[    0.000000] rcu: 	RCU restricting CPUs from NR_CPUS=512 to nr_cpu_ids=4.
[    0.000000] rcu: RCU calculated value of scheduler-enlistment delay is 25 jiffies.
[    0.000000] rcu: Adjusting geometry for rcu_fanout_leaf=16, nr_cpu_ids=4
[    0.000000] NR_IRQS: 64, nr_irqs: 64, preallocated irqs: 0
[    0.000000] Root IRQ handler: gic_handle_irq
[    0.000000] GICv2m: range[mem 0x08020000-0x08020fff], SPI[80:143]
[    0.000000] rcu: srcu_init: Setting srcu_struct sizes based on contention.
[    0.000000] arch_timer: cp15 timer running at 24.00MHz (virt).
[    0.000000] clocksource: arch_sys_counter: mask: 0xffffffffffffff max_cycles: 0x588fe9dc0, max_idle_ns: 440795202592 ns
[    0.000000] sched_clock: 56 bits at 24MHz, resolution 41ns, wraps every 4398046511097ns
[    0.000099] Console: colour dummy device 80x25
[    0.000106] Calibrating delay loop (skipped), value calculated using timer frequency.. 48.00 BogoMIPS (lpj=96000)
[    0.000109] pid_max: default: 32768 minimum: 301
[    0.000233] Mount-cache hash table entries: 8192 (order: 4, 65536 bytes, linear)
[    0.000240] Mountpoint-cache hash table entries: 8192 (order: 4, 65536 bytes, linear)
[    0.000312] VFS: Finished mounting rootfs on nullfs
[    0.000444] cacheinfo: Unable to detect cache hierarchy for CPU 0
[    0.000545] rcu: Hierarchical SRCU implementation.
[    0.000545] rcu: 	Max phase no-delay instances is 1000.
[    0.000566] Timer migration: 1 hierarchy levels; 8 children per group; 1 crossnode level
[    0.000606] smp: Bringing up secondary CPUs ...
[    0.000856] Detected PIPT I-cache on CPU1
[    0.000964] CPU1: Booted secondary processor 0x0000000001 [0x610f0000]
[    0.001328] Detected PIPT I-cache on CPU2
[    0.001424] CPU2: Booted secondary processor 0x0000000002 [0x610f0000]
[    0.001703] Detected PIPT I-cache on CPU3
[    0.001811] CPU3: Booted secondary processor 0x0000000003 [0x610f0000]
[    0.001891] smp: Brought up 1 node, 4 CPUs
[    0.001892] SMP: Total of 4 processors activated.
[    0.001893] CPU: All CPU(s) started at EL1
[    0.001894] CPU features: detected: ARMv8.4 Translation Table Level
[    0.001894] CPU features: detected: Data cache clean to the PoU not required for I/D coherence
[    0.001895] CPU features: detected: CRC32 instructions
[    0.001895] CPU features: detected: Data independent timing control (DIT)
[    0.001896] CPU features: detected: E0PD
[    0.001896] CPU features: detected: Generic authentication (IMP DEF algorithm)
[    0.001897] CPU features: detected: RCpc load-acquire (LDAPR)
[    0.001897] CPU features: detected: LSE atomic instructions
[    0.001898] CPU features: detected: Privileged Access Never
[    0.001898] CPU features: detected: Speculation barrier (SB)
[    0.001898] CPU features: detected: TLB range maintenance instructions
[    0.001899] CPU features: detected: XNX
[    0.002044] alternatives: applying system-wide alternatives
[    0.002986] Memory: 3934216K/4194304K available (5248K kernel code, 754K rwdata, 2356K rodata, 576K init, 405K bss, 256908K reserved, 0K cma-reserved)
[    0.003339] devtmpfs: initialized
[    0.003592] clocksource: jiffies: mask: 0xffffffff max_cycles: 0xffffffff, max_idle_ns: 7645041785100000 ns
[    0.003596] posixtimers hash table entries: 2048 (order: 3, 32768 bytes, linear)
[    0.003612] futex hash table entries: 1024 (65536 bytes on 1 NUMA nodes, total 64 KiB, linear).
[    0.003621] 30384 pages in range for non-PLT usage
[    0.003621] 521904 pages in range for PLT usage
[    0.003695] NET: Registered PF_NETLINK/PF_ROUTE protocol family
[    0.004164] DMA: preallocated 512 KiB GFP_KERNEL pool for atomic allocations
[    0.004212] ASID allocator initialised with 256 entries
[    0.004219] Serial: AMBA PL011 UART driver
[    0.004604] 9000000.pl011: ttyAMA0 at MMIO 0x9000000 (irq = 13, base_baud = 0) is a PL011 rev1
[    0.004730] printk: console [ttyAMA0] enabled
[    0.010442] vgaarb: loaded
[    0.010767] clocksource: Switched to clocksource arch_sys_counter
[    0.021033] NET: Registered PF_INET protocol family
[    0.021127] IP idents hash table entries: 65536 (order: 7, 524288 bytes, linear)
[    0.021549] tcp_listen_portaddr_hash hash table entries: 2048 (order: 3, 32768 bytes, linear)
[    0.021555] Table-perturb hash table entries: 65536 (order: 6, 262144 bytes, linear)
[    0.021558] TCP established hash table entries: 32768 (order: 6, 262144 bytes, linear)
[    0.021624] TCP bind hash table entries: 32768 (order: 8, 1048576 bytes, linear)
[    0.021827] TCP: Hash tables configured (established 32768 bind 32768)
[    0.021855] UDP hash table entries: 2048 (order: 5, 131072 bytes, linear)
[    0.021896] NET: Registered PF_UNIX/PF_LOCAL protocol family
[    0.021906] PCI: CLS 0 bytes, default 64
[    0.022160] Unpacking initramfs...
[    0.023547] workingset: timestamp_bits=46 (anon: 42) max_order=20 bucket_order=0 (anon: 0)
[    0.023614] 9p: Installing v9fs 9p2000 file system support
[    0.031312] pci-host-generic 4010000000.pcie: host bridge /pcie@10000000 ranges:
[    0.031320] pci-host-generic 4010000000.pcie:       IO 0x003eff0000..0x003effffff -> 0x0000000000
[    0.031322] pci-host-generic 4010000000.pcie:      MEM 0x0010000000..0x003efeffff -> 0x0010000000
[    0.031324] pci-host-generic 4010000000.pcie:      MEM 0x8000000000..0xffffffffff -> 0x8000000000
[    0.031331] pci-host-generic 4010000000.pcie: Memory resource size exceeds max for 32 bits
[    0.031346] pci-host-generic 4010000000.pcie: ECAM at [mem 0x4010000000-0x401fffffff] for [bus 00-ff]
[    0.031367] pci-host-generic 4010000000.pcie: PCI host bridge to bus 0000:00
[    0.031368] pci_bus 0000:00: root bus resource [bus 00-ff]
[    0.031368] pci_bus 0000:00: root bus resource [io  0x0000-0xffff]
[    0.031369] pci_bus 0000:00: root bus resource [mem 0x10000000-0x3efeffff]
[    0.031370] pci_bus 0000:00: root bus resource [mem 0x8000000000-0xffffffffff]
[    0.031389] pci 0000:00:00.0: [1b36:0008] type 00 class 0x060000 conventional PCI endpoint
[    0.031863] pci 0000:00:01.0: [1af4:1000] type 00 class 0x020000 conventional PCI endpoint
[    0.031926] pci 0000:00:01.0: BAR 0 [io  0x0000-0x001f]
[    0.031928] pci 0000:00:01.0: BAR 1 [mem 0x00000000-0x00000fff]
[    0.031934] pci 0000:00:01.0: BAR 4 [mem 0x00000000-0x00003fff 64bit pref]
[    0.031936] pci 0000:00:01.0: ROM [mem 0x00000000-0x0003ffff pref]
[    0.032448] pci 0000:00:02.0: [1af4:1009] type 00 class 0x000200 conventional PCI endpoint
[    0.032767] pci 0000:00:02.0: BAR 0 [io  0x0000-0x003f]
[    0.032785] pci 0000:00:02.0: BAR 1 [mem 0x00000000-0x00000fff]
[    0.032794] pci 0000:00:02.0: BAR 4 [mem 0x00000000-0x00003fff 64bit pref]
[    0.033077] pci 0000:00:03.0: [1af4:1005] type 00 class 0x00ff00 conventional PCI endpoint
[    0.033195] pci 0000:00:03.0: BAR 0 [io  0x0000-0x001f]
[    0.033197] pci 0000:00:03.0: BAR 1 [mem 0x00000000-0x00000fff]
[    0.033214] pci 0000:00:03.0: BAR 4 [mem 0x00000000-0x00003fff 64bit pref]
[    0.033589] pci 0000:00:01.0: ROM [mem 0x10000000-0x1003ffff pref]: assigned
[    0.033591] pci 0000:00:01.0: BAR 4 [mem 0x8000000000-0x8000003fff 64bit pref]: assigned
[    0.033622] pci 0000:00:02.0: BAR 4 [mem 0x8000004000-0x8000007fff 64bit pref]: assigned
[    0.033639] pci 0000:00:03.0: BAR 4 [mem 0x8000008000-0x800000bfff 64bit pref]: assigned
[    0.033656] pci 0000:00:01.0: BAR 1 [mem 0x10040000-0x10040fff]: assigned
[    0.033662] pci 0000:00:02.0: BAR 1 [mem 0x10041000-0x10041fff]: assigned
[    0.033666] pci 0000:00:03.0: BAR 1 [mem 0x10042000-0x10042fff]: assigned
[    0.033674] pci 0000:00:02.0: BAR 0 [io  0x1000-0x103f]: assigned
[    0.033678] pci 0000:00:01.0: BAR 0 [io  0x1040-0x105f]: assigned
[    0.033685] pci 0000:00:03.0: BAR 0 [io  0x1060-0x107f]: assigned
[    0.033690] pci_bus 0000:00: resource 4 [io  0x0000-0xffff]
[    0.033691] pci_bus 0000:00: resource 5 [mem 0x10000000-0x3efeffff]
[    0.033691] pci_bus 0000:00: resource 6 [mem 0x8000000000-0xffffffffff]
[    0.034685] virtio-pci 0000:00:01.0: enabling device (0000 -> 0003)
[    0.035631] virtio-pci 0000:00:02.0: enabling device (0000 -> 0003)
[    0.036364] virtio-pci 0000:00:03.0: enabling device (0000 -> 0003)
[    0.043590] rtc-pl031 9010000.pl031: registered as rtc0
[    0.043614] rtc-pl031 9010000.pl031: setting system clock to 2026-10-08T18:49:51 UTC (1791485391)
[    0.043784] NET: Registered PF_INET6 protocol family
[    0.044256] Segment Routing with IPv6
[    0.044262] In-situ OAM (IOAM) with IPv6
[    0.044270] sit: IPv6, IPv4 and MPLS over IPv4 tunneling driver
[    0.044323] NET: Registered PF_PACKET protocol family
[    0.044329] 9pnet: Installing 9P2000 support
[    0.049606] clk: Disabling unused clocks
[    0.109777] Freeing initrd memory: 161888K
[    0.110417] Freeing unused kernel memory: 576K
[    0.110476] Run /init as init process
[    0.128248] kjit: loading out-of-tree module taints kernel.
[    0.129381] rust_kjit: ######## Rust KJIT inits ########
[    0.129418] rust_kjit: kjit: dispatch variant 2
[    0.129485] rust_kjit: golden tests/arm64/toy_cfg.s:hot_svc_mark translated for dispatch variant 2; byte comparison skipped (reference is variant 0)
kjit-init: insmod kjit.ko ok
meas: variant=2
rep 0 variant=gpr enabled=0 outer=200000 calls=16 ns_per_outer=141.6 ns_per_call=8.85
rep 1 variant=gpr enabled=0 outer=200000 calls=16 ns_per_outer=142.1 ns_per_call=8.88
rep 2 variant=gpr enabled=0 outer=200000 calls=16 ns_per_outer=140.9 ns_per_call=8.81
rep 3 variant=gpr enabled=0 outer=200000 calls=16 ns_per_outer=141.7 ns_per_call=8.85
rep 4 variant=gpr enabled=0 outer=200000 calls=16 ns_per_outer=140.9 ns_per_call=8.81
rep 5 variant=gpr enabled=0 outer=200000 calls=16 ns_per_outer=141.8 ns_per_call=8.86
rep 6 variant=gpr enabled=0 outer=200000 calls=16 ns_per_outer=141.7 ns_per_call=8.85
result variant=gpr enabled=0 outer=200000 calls=16 reps=7 median_ns_per_outer=141.7 median_ns_per_call=8.85 min_ns_per_call=8.81 acc=25600000
[    0.381174] kjit: translate_svc_sites pid 69: 2 text ranges, 111 svc sites
[    0.381917] rust_kjit: kjit: pc 0x400fe8: installed 524 bytes, 0 fault sites, 2 entries, text 0x400fe8..0x400ff0, fpsimd false
[    0.383019] rust_kjit: kjit: pc 0x400fcc: installed 1088 bytes, 1 fault sites, 11 entries, text 0x400fbc..0x400fe8, fpsimd false
rep 0 variant=gpr enabled=1 outer=20000 calls=16 ns_per_outer=151.4 ns_per_call=9.46
rep 1 variant=gpr enabled=1 outer=20000 calls=16 ns_per_outer=151.2 ns_per_call=9.45
rep 2 variant=gpr enabled=1 outer=20000 calls=16 ns_per_outer=147.6 ns_per_call=9.23
rep 3 variant=gpr enabled=1 outer=20000 calls=16 ns_per_outer=150.7 ns_per_call=9.42
rep 4 variant=gpr enabled=1 outer=20000 calls=16 ns_per_outer=147.7 ns_per_call=9.23
rep 5 variant=gpr enabled=1 outer=20000 calls=16 ns_per_outer=147.0 ns_per_call=9.19
rep 6 variant=gpr enabled=1 outer=20000 calls=16 ns_per_outer=153.3 ns_per_call=9.58
result variant=gpr enabled=1 outer=20000 calls=16 reps=7 median_ns_per_outer=150.7 median_ns_per_call=9.42 min_ns_per_call=9.19 acc=2560000
counters variant=gpr timed_outer=140000 hook_calls=140045 syscalls_in_kernel=139965 fragment_entries=140045 fpsimd_entries=1 fpsimd_restores=0 chains=0 chain_cap=0 exit_svc=139965 exit_bl=0 exit_blr=0 exit_br=0 exit_ret=80 exit_mem=0 exit_unsupported=0 exit_budget=0 run_declined=0
rep 0 variant=fp enabled=0 outer=200000 calls=16 ns_per_outer=179.6 ns_per_call=11.22
rep 1 variant=fp enabled=0 outer=200000 calls=16 ns_per_outer=177.8 ns_per_call=11.12
rep 2 variant=fp enabled=0 outer=200000 calls=16 ns_per_outer=179.2 ns_per_call=11.20
rep 3 variant=fp enabled=0 outer=200000 calls=16 ns_per_outer=176.3 ns_per_call=11.02
rep 4 variant=fp enabled=0 outer=200000 calls=16 ns_per_outer=176.6 ns_per_call=11.04
rep 5 variant=fp enabled=0 outer=200000 calls=16 ns_per_outer=175.3 ns_per_call=10.96
rep 6 variant=fp enabled=0 outer=200000 calls=16 ns_per_outer=175.1 ns_per_call=10.94
result variant=fp enabled=0 outer=200000 calls=16 reps=7 median_ns_per_outer=176.6 median_ns_per_call=11.04 min_ns_per_call=10.94 acc=25600000
[    0.727914] kjit: translate_svc_sites pid 72: 2 text ranges, 111 svc sites
[    0.728373] rust_kjit: kjit: pc 0x401028: installed 532 bytes, 0 fault sites, 4 entries, text 0x401028..0x401038, fpsimd true
[    0.728962] rust_kjit: kjit: pc 0x40100c: installed 1088 bytes, 1 fault sites, 11 entries, text 0x400ffc..0x401028, fpsimd false
rep 0 variant=fp enabled=1 outer=20000 calls=16 ns_per_outer=213.4 ns_per_call=13.34
rep 1 variant=fp enabled=1 outer=20000 calls=16 ns_per_outer=217.4 ns_per_call=13.59
rep 2 variant=fp enabled=1 outer=20000 calls=16 ns_per_outer=222.8 ns_per_call=13.92
rep 3 variant=fp enabled=1 outer=20000 calls=16 ns_per_outer=214.9 ns_per_call=13.43
rep 4 variant=fp enabled=1 outer=20000 calls=16 ns_per_outer=224.2 ns_per_call=14.01
rep 5 variant=fp enabled=1 outer=20000 calls=16 ns_per_outer=219.5 ns_per_call=13.72
rep 6 variant=fp enabled=1 outer=20000 calls=16 ns_per_outer=216.8 ns_per_call=13.55
result variant=fp enabled=1 outer=20000 calls=16 reps=7 median_ns_per_outer=217.4 median_ns_per_call=13.59 min_ns_per_call=13.34 acc=2560000
counters variant=fp timed_outer=140000 hook_calls=140045 syscalls_in_kernel=139965 fragment_entries=280017 fpsimd_entries=139973 fpsimd_restores=0 chains=139972 chain_cap=0 exit_svc=139965 exit_bl=139972 exit_blr=0 exit_br=0 exit_ret=80 exit_mem=0 exit_unsupported=0 exit_budget=0 run_declined=0
rep 0 variant=gpr enabled=0 outer=200000 calls=128 ns_per_outer=256.8 ns_per_call=2.01
rep 1 variant=gpr enabled=0 outer=200000 calls=128 ns_per_outer=256.5 ns_per_call=2.00
rep 2 variant=gpr enabled=0 outer=200000 calls=128 ns_per_outer=252.1 ns_per_call=1.97
rep 3 variant=gpr enabled=0 outer=200000 calls=128 ns_per_outer=254.4 ns_per_call=1.99
rep 4 variant=gpr enabled=0 outer=200000 calls=128 ns_per_outer=258.0 ns_per_call=2.02
rep 5 variant=gpr enabled=0 outer=200000 calls=128 ns_per_outer=256.9 ns_per_call=2.01
rep 6 variant=gpr enabled=0 outer=200000 calls=128 ns_per_outer=262.2 ns_per_call=2.05
result variant=gpr enabled=0 outer=200000 calls=128 reps=7 median_ns_per_outer=256.8 median_ns_per_call=2.01 min_ns_per_call=1.97 acc=204800000
[    1.216740] kjit: translate_svc_sites pid 75: 2 text ranges, 111 svc sites
[    1.217157] rust_kjit: kjit: pc 0x400fe8: installed 524 bytes, 0 fault sites, 2 entries, text 0x400fe8..0x400ff0, fpsimd false
[    1.218083] rust_kjit: kjit: pc 0x400fcc: installed 1088 bytes, 1 fault sites, 11 entries, text 0x400fbc..0x400fe8, fpsimd false
rep 0 variant=gpr enabled=1 outer=20000 calls=128 ns_per_outer=872.5 ns_per_call=6.82
rep 1 variant=gpr enabled=1 outer=20000 calls=128 ns_per_outer=851.8 ns_per_call=6.65
rep 2 variant=gpr enabled=1 outer=20000 calls=128 ns_per_outer=831.7 ns_per_call=6.50
rep 3 variant=gpr enabled=1 outer=20000 calls=128 ns_per_outer=843.8 ns_per_call=6.59
rep 4 variant=gpr enabled=1 outer=20000 calls=128 ns_per_outer=853.0 ns_per_call=6.66
rep 5 variant=gpr enabled=1 outer=20000 calls=128 ns_per_outer=853.1 ns_per_call=6.66
rep 6 variant=gpr enabled=1 outer=20000 calls=128 ns_per_outer=863.8 ns_per_call=6.75
result variant=gpr enabled=1 outer=20000 calls=128 reps=7 median_ns_per_outer=853.0 median_ns_per_call=6.66 min_ns_per_call=6.50 acc=20480000
counters variant=gpr timed_outer=140000 hook_calls=140045 syscalls_in_kernel=139965 fragment_entries=140045 fpsimd_entries=1 fpsimd_restores=0 chains=0 chain_cap=0 exit_svc=139965 exit_bl=0 exit_blr=0 exit_br=0 exit_ret=80 exit_mem=0 exit_unsupported=0 exit_budget=0 run_declined=0
rep 0 variant=fp enabled=0 outer=200000 calls=128 ns_per_outer=535.4 ns_per_call=4.18
rep 1 variant=fp enabled=0 outer=200000 calls=128 ns_per_outer=538.0 ns_per_call=4.20
rep 2 variant=fp enabled=0 outer=200000 calls=128 ns_per_outer=535.8 ns_per_call=4.19
rep 3 variant=fp enabled=0 outer=200000 calls=128 ns_per_outer=533.6 ns_per_call=4.17
rep 4 variant=fp enabled=0 outer=200000 calls=128 ns_per_outer=547.0 ns_per_call=4.27
rep 5 variant=fp enabled=0 outer=200000 calls=128 ns_per_outer=537.3 ns_per_call=4.20
rep 6 variant=fp enabled=0 outer=200000 calls=128 ns_per_outer=537.1 ns_per_call=4.20
result variant=fp enabled=0 outer=200000 calls=128 reps=7 median_ns_per_outer=537.1 median_ns_per_call=4.20 min_ns_per_call=4.17 acc=204800000
[    2.255528] kjit: translate_svc_sites pid 77: 2 text ranges, 111 svc sites
[    2.255934] rust_kjit: kjit: pc 0x401028: installed 532 bytes, 0 fault sites, 4 entries, text 0x401028..0x401038, fpsimd true
[    2.256567] rust_kjit: kjit: pc 0x40100c: installed 1088 bytes, 1 fault sites, 11 entries, text 0x400ffc..0x401028, fpsimd false
rep 0 variant=fp enabled=1 outer=20000 calls=128 ns_per_outer=927.7 ns_per_call=7.25
rep 1 variant=fp enabled=1 outer=20000 calls=128 ns_per_outer=924.0 ns_per_call=7.22
rep 2 variant=fp enabled=1 outer=20000 calls=128 ns_per_outer=935.7 ns_per_call=7.31
rep 3 variant=fp enabled=1 outer=20000 calls=128 ns_per_outer=920.5 ns_per_call=7.19
rep 4 variant=fp enabled=1 outer=20000 calls=128 ns_per_outer=927.1 ns_per_call=7.24
rep 5 variant=fp enabled=1 outer=20000 calls=128 ns_per_outer=914.3 ns_per_call=7.14
rep 6 variant=fp enabled=1 outer=20000 calls=128 ns_per_outer=936.9 ns_per_call=7.32
result variant=fp enabled=1 outer=20000 calls=128 reps=7 median_ns_per_outer=927.1 median_ns_per_call=7.24 min_ns_per_call=7.14 acc=20480000
counters variant=fp timed_outer=140000 hook_calls=140045 syscalls_in_kernel=139965 fragment_entries=280017 fpsimd_entries=139973 fpsimd_restores=0 chains=139972 chain_cap=0 exit_svc=139965 exit_bl=139972 exit_blr=0 exit_br=0 exit_ret=80 exit_mem=0 exit_unsupported=0 exit_budget=0 run_declined=0
rep 0 variant=gpr enabled=0 outer=200000 calls=256 ns_per_outer=378.1 ns_per_call=1.48
rep 1 variant=gpr enabled=0 outer=200000 calls=256 ns_per_outer=382.6 ns_per_call=1.49
rep 2 variant=gpr enabled=0 outer=200000 calls=256 ns_per_outer=378.5 ns_per_call=1.48
rep 3 variant=gpr enabled=0 outer=200000 calls=256 ns_per_outer=378.1 ns_per_call=1.48
rep 4 variant=gpr enabled=0 outer=200000 calls=256 ns_per_outer=378.6 ns_per_call=1.48
rep 5 variant=gpr enabled=0 outer=200000 calls=256 ns_per_outer=377.7 ns_per_call=1.48
rep 6 variant=gpr enabled=0 outer=200000 calls=256 ns_per_outer=380.0 ns_per_call=1.48
result variant=gpr enabled=0 outer=200000 calls=256 reps=7 median_ns_per_outer=378.5 median_ns_per_call=1.48 min_ns_per_call=1.48 acc=409600000
[    3.048068] kjit: translate_svc_sites pid 79: 2 text ranges, 111 svc sites
[    3.048494] rust_kjit: kjit: pc 0x400fe8: installed 524 bytes, 0 fault sites, 2 entries, text 0x400fe8..0x400ff0, fpsimd false
[    3.049084] rust_kjit: kjit: pc 0x400fcc: installed 1088 bytes, 1 fault sites, 11 entries, text 0x400fbc..0x400fe8, fpsimd false
rep 0 variant=gpr enabled=1 outer=20000 calls=256 ns_per_outer=1632.8 ns_per_call=6.38
rep 1 variant=gpr enabled=1 outer=20000 calls=256 ns_per_outer=1645.4 ns_per_call=6.43
rep 2 variant=gpr enabled=1 outer=20000 calls=256 ns_per_outer=1617.3 ns_per_call=6.32
rep 3 variant=gpr enabled=1 outer=20000 calls=256 ns_per_outer=1656.7 ns_per_call=6.47
rep 4 variant=gpr enabled=1 outer=20000 calls=256 ns_per_outer=1666.5 ns_per_call=6.51
rep 5 variant=gpr enabled=1 outer=20000 calls=256 ns_per_outer=1639.7 ns_per_call=6.41
rep 6 variant=gpr enabled=1 outer=20000 calls=256 ns_per_outer=1650.5 ns_per_call=6.45
result variant=gpr enabled=1 outer=20000 calls=256 reps=7 median_ns_per_outer=1645.4 median_ns_per_call=6.43 min_ns_per_call=6.32 acc=40960000
counters variant=gpr timed_outer=140000 hook_calls=140045 syscalls_in_kernel=139965 fragment_entries=140045 fpsimd_entries=1 fpsimd_restores=0 chains=0 chain_cap=0 exit_svc=139965 exit_bl=0 exit_blr=0 exit_br=0 exit_ret=80 exit_mem=0 exit_unsupported=0 exit_budget=0 run_declined=0
rep 0 variant=fp enabled=0 outer=200000 calls=256 ns_per_outer=946.7 ns_per_call=3.70
rep 1 variant=fp enabled=0 outer=200000 calls=256 ns_per_outer=949.0 ns_per_call=3.71
rep 2 variant=fp enabled=0 outer=200000 calls=256 ns_per_outer=1043.2 ns_per_call=4.07
rep 3 variant=fp enabled=0 outer=200000 calls=256 ns_per_outer=945.7 ns_per_call=3.69
rep 4 variant=fp enabled=0 outer=200000 calls=256 ns_per_outer=962.7 ns_per_call=3.76
rep 5 variant=fp enabled=0 outer=200000 calls=256 ns_per_outer=1028.3 ns_per_call=4.02
rep 6 variant=fp enabled=0 outer=200000 calls=256 ns_per_outer=943.6 ns_per_call=3.69
result variant=fp enabled=0 outer=200000 calls=256 reps=7 median_ns_per_outer=949.0 median_ns_per_call=3.71 min_ns_per_call=3.69 acc=409600000
[    4.905292] kjit: translate_svc_sites pid 81: 2 text ranges, 111 svc sites
[    4.905894] rust_kjit: kjit: pc 0x401028: installed 532 bytes, 0 fault sites, 4 entries, text 0x401028..0x401038, fpsimd true
[    4.907005] rust_kjit: kjit: pc 0x40100c: installed 1088 bytes, 1 fault sites, 11 entries, text 0x400ffc..0x401028, fpsimd false
rep 0 variant=fp enabled=1 outer=20000 calls=256 ns_per_outer=1734.4 ns_per_call=6.77
rep 1 variant=fp enabled=1 outer=20000 calls=256 ns_per_outer=1741.5 ns_per_call=6.80
rep 2 variant=fp enabled=1 outer=20000 calls=256 ns_per_outer=1738.9 ns_per_call=6.79
rep 3 variant=fp enabled=1 outer=20000 calls=256 ns_per_outer=1721.0 ns_per_call=6.72
rep 4 variant=fp enabled=1 outer=20000 calls=256 ns_per_outer=1738.5 ns_per_call=6.79
rep 5 variant=fp enabled=1 outer=20000 calls=256 ns_per_outer=1712.5 ns_per_call=6.69
rep 6 variant=fp enabled=1 outer=20000 calls=256 ns_per_outer=1726.0 ns_per_call=6.74
result variant=fp enabled=1 outer=20000 calls=256 reps=7 median_ns_per_outer=1734.4 median_ns_per_call=6.77 min_ns_per_call=6.69 acc=40960000
counters variant=fp timed_outer=140000 hook_calls=140045 syscalls_in_kernel=139965 fragment_entries=280017 fpsimd_entries=139973 fpsimd_restores=0 chains=139972 chain_cap=0 exit_svc=139965 exit_bl=139972 exit_blr=0 exit_br=0 exit_ret=80 exit_mem=0 exit_unsupported=0 exit_budget=0 run_declined=0
a11: ibtc_variant=2
a11: warm-up at off
a11maps aaaabba40000-aaaabbc90000 r-xp 00000000 00:03 4263                       /opt/redis/src/redis-server
a11maps aaaabbc99000-aaaabbca0000 r--p 00259000 00:03 4263                       /opt/redis/src/redis-server
a11maps aaaabbca0000-aaaabbcf9000 rw-p 00260000 00:03 4263                       /opt/redis/src/redis-server
a11maps aaaabbcf9000-aaaabbf2c000 rw-p 00000000 00:00 0 
a11maps aaaacc5e2000-aaaacc603000 rw-p 00000000 00:00 0                          [heap]
a11maps ffff84b40000-ffff84dc0000 rw-p 00000000 00:00 0 
a11maps ffff84dc0000-ffff84dd0000 ---p 00000000 00:00 0 
a11maps ffff84dd0000-ffff855d0000 rw-p 00000000 00:00 0 
a11maps ffff855d0000-ffff855e0000 ---p 00000000 00:00 0 
a11maps ffff855e0000-ffff85de0000 rw-p 00000000 00:00 0 
a11maps ffff85de0000-ffff85df0000 ---p 00000000 00:00 0 
a11maps ffff85df0000-ffff865f0000 rw-p 00000000 00:00 0 
a11maps ffff865f0000-ffff86600000 ---p 00000000 00:00 0 
a11maps ffff86600000-ffff86e00000 rw-p 00000000 00:00 0 
a11maps ffff86e00000-ffff87600000 rw-p 00000000 00:00 0 
a11maps ffff87700000-ffff8788c000 r-xp 00000000 00:03 816                        /usr/lib/aarch64-linux-gnu/libc.so.6
a11maps ffff8788c000-ffff8789c000 ---p 0018c000 00:03 816                        /usr/lib/aarch64-linux-gnu/libc.so.6
a11maps ffff8789c000-ffff878a0000 r--p 0018c000 00:03 816                        /usr/lib/aarch64-linux-gnu/libc.so.6
a11maps ffff878a0000-ffff878a2000 rw-p 00190000 00:03 816                        /usr/lib/aarch64-linux-gnu/libc.so.6
a11maps ffff878a2000-ffff878af000 rw-p 00000000 00:00 0 
a11maps ffff878b0000-ffff87932000 r-xp 00000000 00:03 863                        /usr/lib/aarch64-linux-gnu/libm.so.6
a11maps ffff87932000-ffff8794f000 ---p 00082000 00:03 863                        /usr/lib/aarch64-linux-gnu/libm.so.6
a11maps ffff8794f000-ffff87950000 r--p 0008f000 00:03 863                        /usr/lib/aarch64-linux-gnu/libm.so.6
a11maps ffff87950000-ffff87951000 rw-p 00090000 00:03 863                        /usr/lib/aarch64-linux-gnu/libm.so.6
a11maps ffff8795c000-ffff87983000 r-xp 00000000 00:03 796                        /usr/lib/aarch64-linux-gnu/ld-linux-aarch64.so.1
a11maps ffff8798d000-ffff87991000 rw-p 00000000 00:00 0 
a11maps ffff87993000-ffff87995000 rw-p 00000000 00:00 0 
a11maps ffff87995000-ffff87999000 r--p 00000000 00:00 0                          [vvar]
a11maps ffff87999000-ffff8799a000 r-xp 00000000 00:00 0                          [vdso]
a11maps ffff8799a000-ffff8799c000 r--p 0002e000 00:03 796                        /usr/lib/aarch64-linux-gnu/ld-linux-aarch64.so.1
a11maps ffff8799c000-ffff8799e000 rw-p 00030000 00:03 796                        /usr/lib/aarch64-linux-gnu/ld-linux-aarch64.so.1
a11maps ffffd0f97000-ffffd0fb8000 rw-p 00000000 00:00 0                          [stack]
a11 point=off pass=1 test=set requests=200000 rps=235849.06 hook_calls=0 syscalls_in_kernel=0 fragment_entries=0 fpsimd_entries=0 fpsimd_restores=0 chains=0 chain_cap=0 exit_svc=0 exit_bl=0 exit_blr=0 exit_br=0 exit_ret=0 exit_mem=0 exit_unsupported=0 exit_budget=0 run_declined=0 ibtc_insert=0 ibtc_replace=0 ibtc_clear=0 ibtc_fpsimd_boundary=0 ibtc_miss_cold=0 ibtc_miss_conflict=0 ibtc_miss_other=0 fpsimd_run_max_ns=94916 miss_residual=0
a11slots point=off pass=1 test=set # table all conflicts 0 slots 0 top32 0
a11slots point=off pass=1 test=set # table nofp conflicts 0 slots 0 top32 0
a11 point=off pass=1 test=get requests=200000 rps=224466.89 hook_calls=0 syscalls_in_kernel=0 fragment_entries=0 fpsimd_entries=0 fpsimd_restores=0 chains=0 chain_cap=0 exit_svc=0 exit_bl=0 exit_blr=0 exit_br=0 exit_ret=0 exit_mem=0 exit_unsupported=0 exit_budget=0 run_declined=0 ibtc_insert=0 ibtc_replace=0 ibtc_clear=0 ibtc_fpsimd_boundary=0 ibtc_miss_cold=0 ibtc_miss_conflict=0 ibtc_miss_other=0 fpsimd_run_max_ns=94916 miss_residual=0
a11slots point=off pass=1 test=get # table all conflicts 0 slots 0 top32 0
a11slots point=off pass=1 test=get # table nofp conflicts 0 slots 0 top32 0
a11 point=1024 pass=1 test=set requests=200000 rps=128452.15 hook_calls=408697 syscalls_in_kernel=384513 fragment_entries=1969383 fpsimd_entries=779668 fpsimd_restores=0 chains=1561494 chain_cap=0 exit_svc=384514 exit_bl=592808 exit_blr=857 exit_br=589652 exit_ret=396270 exit_mem=2 exit_unsupported=5280 exit_budget=0 run_declined=14 ibtc_insert=3126789 ibtc_replace=3126256 ibtc_clear=0 ibtc_fpsimd_boundary=779662 ibtc_miss_cold=18233 ibtc_miss_conflict=781692 ibtc_miss_other=0 fpsimd_run_max_ns=94916 miss_residual=0
a11slots point=1024 pass=1 test=set # table all conflicts 583304 slots 1 top32 583304
a11slots point=1024 pass=1 test=set all 1116 583304 0xaaaabbac5170 0xaaaabbabb170
a11slots point=1024 pass=1 test=set # table nofp conflicts 198388 slots 1 top32 198388
a11slots point=1024 pass=1 test=set nofp 1116 198388 0xaaaabbab9170 0xaaaabbad7170
a11 point=1024 pass=1 test=get requests=200000 rps=140449.44 hook_calls=408675 syscalls_in_kernel=398623 fragment_entries=2029932 fpsimd_entries=798671 fpsimd_restores=133 chains=1621807 chain_cap=0 exit_svc=398623 exit_bl=624006 exit_blr=81 exit_br=599715 exit_ret=399832 exit_mem=0 exit_unsupported=7675 exit_budget=0 run_declined=12 ibtc_insert=3292519 ibtc_replace=3292488 ibtc_clear=0 ibtc_fpsimd_boundary=798669 ibtc_miss_cold=1779 ibtc_miss_conflict=823186 ibtc_miss_other=0 fpsimd_run_max_ns=94916 miss_residual=0
a11slots point=1024 pass=1 test=get # table all conflicts 599240 slots 2 top32 599240
a11slots point=1024 pass=1 test=get all 1116 591415 0xaaaabbac5170 0xaaaabbabb170
a11slots point=1024 pass=1 test=get all 1600 7825 0xaaaabbad1900 0xaaaabbaab900
a11slots point=1024 pass=1 test=get # table nofp conflicts 223946 slots 2 top32 223946
a11slots point=1024 pass=1 test=get nofp 1116 208421 0xaaaabbab9170 0xaaaabbad7170
a11slots point=1024 pass=1 test=get nofp 1600 15525 0xaaaabbacd900 0xaaaabbad1900
a11 point=off pass=2 test=set requests=200000 rps=217627.84 hook_calls=0 syscalls_in_kernel=0 fragment_entries=0 fpsimd_entries=0 fpsimd_restores=0 chains=0 chain_cap=0 exit_svc=0 exit_bl=0 exit_blr=0 exit_br=0 exit_ret=0 exit_mem=0 exit_unsupported=0 exit_budget=0 run_declined=0 ibtc_insert=0 ibtc_replace=0 ibtc_clear=0 ibtc_fpsimd_boundary=0 ibtc_miss_cold=0 ibtc_miss_conflict=0 ibtc_miss_other=0 fpsimd_run_max_ns=94916 miss_residual=0
a11slots point=off pass=2 test=set # table all conflicts 0 slots 0 top32 0
a11slots point=off pass=2 test=set # table nofp conflicts 0 slots 0 top32 0
a11 point=off pass=2 test=get requests=200000 rps=230414.75 hook_calls=0 syscalls_in_kernel=0 fragment_entries=0 fpsimd_entries=0 fpsimd_restores=0 chains=0 chain_cap=0 exit_svc=0 exit_bl=0 exit_blr=0 exit_br=0 exit_ret=0 exit_mem=0 exit_unsupported=0 exit_budget=0 run_declined=0 ibtc_insert=0 ibtc_replace=0 ibtc_clear=0 ibtc_fpsimd_boundary=0 ibtc_miss_cold=0 ibtc_miss_conflict=0 ibtc_miss_other=0 fpsimd_run_max_ns=94916 miss_residual=0
a11slots point=off pass=2 test=get # table all conflicts 0 slots 0 top32 0
a11slots point=off pass=2 test=get # table nofp conflicts 0 slots 0 top32 0
a11 point=1024 pass=2 test=set requests=200000 rps=129533.68 hook_calls=408717 syscalls_in_kernel=399670 fragment_entries=2006067 fpsimd_entries=799077 fpsimd_restores=0 chains=1597905 chain_cap=0 exit_svc=399670 exit_bl=599597 exit_blr=24 exit_br=599398 exit_ret=399656 exit_mem=2 exit_unsupported=7720 exit_budget=0 run_declined=18 ibtc_insert=3195312 ibtc_replace=3195312 ibtc_clear=0 ibtc_fpsimd_boundary=799077 ibtc_miss_cold=770 ibtc_miss_conflict=798828 ibtc_miss_other=0 fpsimd_run_max_ns=171458 miss_residual=0
a11slots point=1024 pass=2 test=set # table all conflicts 599106 slots 1 top32 599106
a11slots point=1024 pass=2 test=set all 1116 599106 0xaaaabbac5170 0xaaaabbabb170
a11slots point=1024 pass=2 test=set # table nofp conflicts 199722 slots 1 top32 199722
a11slots point=1024 pass=2 test=set nofp 1116 199722 0xaaaabbab9170 0xaaaabbad7170
a11 point=1024 pass=2 test=get requests=200000 rps=143369.17 hook_calls=408748 syscalls_in_kernel=399745 fragment_entries=2031194 fpsimd_entries=799663 fpsimd_restores=0 chains=1622999 chain_cap=0 exit_svc=399745 exit_bl=623757 exit_blr=23 exit_br=599889 exit_ret=399999 exit_mem=0 exit_unsupported=7781 exit_budget=0 run_declined=17 ibtc_insert=3293344 ibtc_replace=3293344 ibtc_clear=0 ibtc_fpsimd_boundary=799663 ibtc_miss_cold=669 ibtc_miss_conflict=823336 ibtc_miss_other=0 fpsimd_run_max_ns=171458 miss_residual=0
a11slots point=1024 pass=2 test=get # table all conflicts 599861 slots 2 top32 599861
a11slots point=1024 pass=2 test=get all 1116 592021 0xaaaabbac5170 0xaaaabbabb170
a11slots point=1024 pass=2 test=get all 1600 7840 0xaaaabbad1900 0xaaaabbaab900
a11slots point=1024 pass=2 test=get # table nofp conflicts 223475 slots 2 top32 223475
a11slots point=1024 pass=2 test=get nofp 1116 207795 0xaaaabbab9170 0xaaaabbad7170
a11slots point=1024 pass=2 test=get nofp 1600 15680 0xaaaabbacd900 0xaaaabbad1900
a11 point=off pass=3 test=set requests=200000 rps=218579.23 hook_calls=0 syscalls_in_kernel=0 fragment_entries=0 fpsimd_entries=0 fpsimd_restores=0 chains=0 chain_cap=0 exit_svc=0 exit_bl=0 exit_blr=0 exit_br=0 exit_ret=0 exit_mem=0 exit_unsupported=0 exit_budget=0 run_declined=0 ibtc_insert=0 ibtc_replace=0 ibtc_clear=0 ibtc_fpsimd_boundary=0 ibtc_miss_cold=0 ibtc_miss_conflict=0 ibtc_miss_other=0 fpsimd_run_max_ns=171458 miss_residual=0
a11slots point=off pass=3 test=set # table all conflicts 0 slots 0 top32 0
a11slots point=off pass=3 test=set # table nofp conflicts 0 slots 0 top32 0
a11 point=off pass=3 test=get requests=200000 rps=230414.75 hook_calls=0 syscalls_in_kernel=0 fragment_entries=0 fpsimd_entries=0 fpsimd_restores=0 chains=0 chain_cap=0 exit_svc=0 exit_bl=0 exit_blr=0 exit_br=0 exit_ret=0 exit_mem=0 exit_unsupported=0 exit_budget=0 run_declined=0 ibtc_insert=0 ibtc_replace=0 ibtc_clear=0 ibtc_fpsimd_boundary=0 ibtc_miss_cold=0 ibtc_miss_conflict=0 ibtc_miss_other=0 fpsimd_run_max_ns=171458 miss_residual=0
a11slots point=off pass=3 test=get # table all conflicts 0 slots 0 top32 0
a11slots point=off pass=3 test=get # table nofp conflicts 0 slots 0 top32 0
a11 point=1024 pass=3 test=set requests=200000 rps=131665.56 hook_calls=408649 syscalls_in_kernel=399698 fragment_entries=2006152 fpsimd_entries=799140 fpsimd_restores=0 chains=1598068 chain_cap=0 exit_svc=399698 exit_bl=599645 exit_blr=33 exit_br=599446 exit_ret=399696 exit_mem=0 exit_unsupported=7634 exit_budget=0 run_declined=28 ibtc_insert=3195712 ibtc_replace=3195712 ibtc_clear=0 ibtc_fpsimd_boundary=799140 ibtc_miss_cold=752 ibtc_miss_conflict=798928 ibtc_miss_other=0 fpsimd_run_max_ns=171458 miss_residual=0
a11slots point=1024 pass=3 test=set # table all conflicts 599174 slots 1 top32 599174
a11slots point=1024 pass=3 test=set all 1116 599174 0xaaaabbac5170 0xaaaabbabb170
a11slots point=1024 pass=3 test=set # table nofp conflicts 199754 slots 1 top32 199754
a11slots point=1024 pass=3 test=set nofp 1116 199754 0xaaaabbab9170 0xaaaabbad7170
a11 point=1024 pass=3 test=get requests=200000 rps=142146.42 hook_calls=408807 syscalls_in_kernel=399709 fragment_entries=2031379 fpsimd_entries=799644 fpsimd_restores=0 chains=1623128 chain_cap=0 exit_svc=399709 exit_bl=623937 exit_blr=25 exit_br=599897 exit_ret=399976 exit_mem=0 exit_unsupported=7835 exit_budget=0 run_declined=19 ibtc_insert=3293936 ibtc_replace=3293936 ibtc_clear=0 ibtc_fpsimd_boundary=799644 ibtc_miss_cold=707 ibtc_miss_conflict=823484 ibtc_miss_other=0 fpsimd_run_max_ns=171458 miss_residual=0
a11slots point=1024 pass=3 test=get # table all conflicts 599873 slots 2 top32 599873
a11slots point=1024 pass=3 test=get all 1116 591989 0xaaaabbac5170 0xaaaabbabb170
a11slots point=1024 pass=3 test=get all 1600 7884 0xaaaabbad1900 0xaaaabbaab900
a11slots point=1024 pass=3 test=get # table nofp conflicts 223611 slots 2 top32 223611
a11slots point=1024 pass=3 test=get nofp 1116 207843 0xaaaabbab9170 0xaaaabbad7170
a11slots point=1024 pass=3 test=get nofp 1600 15768 0xaaaabbacd900 0xaaaabbad1900
a11maps-end aaaabba40000-aaaabbc90000 r-xp 00000000 00:03 4263                       /opt/redis/src/redis-server
a11maps-end aaaabbc99000-aaaabbca0000 r--p 00259000 00:03 4263                       /opt/redis/src/redis-server
a11maps-end aaaabbca0000-aaaabbcf9000 rw-p 00260000 00:03 4263                       /opt/redis/src/redis-server
a11maps-end aaaabbcf9000-aaaabbf2c000 rw-p 00000000 00:00 0 
a11maps-end aaaacc5e2000-aaaacc603000 rw-p 00000000 00:00 0                          [heap]
a11maps-end ffff84b40000-ffff84dc0000 rw-p 00000000 00:00 0 
a11maps-end ffff84dc0000-ffff84dd0000 ---p 00000000 00:00 0 
a11maps-end ffff84dd0000-ffff855d0000 rw-p 00000000 00:00 0 
a11maps-end ffff855d0000-ffff855e0000 ---p 00000000 00:00 0 
a11maps-end ffff855e0000-ffff85de0000 rw-p 00000000 00:00 0 
a11maps-end ffff85de0000-ffff85df0000 ---p 00000000 00:00 0 
a11maps-end ffff85df0000-ffff865f0000 rw-p 00000000 00:00 0 
a11maps-end ffff865f0000-ffff86600000 ---p 00000000 00:00 0 
a11maps-end ffff86600000-ffff86e00000 rw-p 00000000 00:00 0 
a11maps-end ffff86e00000-ffff87600000 rw-p 00000000 00:00 0 
a11maps-end ffff87700000-ffff8788c000 r-xp 00000000 00:03 816                        /usr/lib/aarch64-linux-gnu/libc.so.6
a11maps-end ffff8788c000-ffff8789c000 ---p 0018c000 00:03 816                        /usr/lib/aarch64-linux-gnu/libc.so.6
a11maps-end ffff8789c000-ffff878a0000 r--p 0018c000 00:03 816                        /usr/lib/aarch64-linux-gnu/libc.so.6
a11maps-end ffff878a0000-ffff878a2000 rw-p 00190000 00:03 816                        /usr/lib/aarch64-linux-gnu/libc.so.6
a11maps-end ffff878a2000-ffff878af000 rw-p 00000000 00:00 0 
a11maps-end ffff878b0000-ffff87932000 r-xp 00000000 00:03 863                        /usr/lib/aarch64-linux-gnu/libm.so.6
a11maps-end ffff87932000-ffff8794f000 ---p 00082000 00:03 863                        /usr/lib/aarch64-linux-gnu/libm.so.6
a11maps-end ffff8794f000-ffff87950000 r--p 0008f000 00:03 863                        /usr/lib/aarch64-linux-gnu/libm.so.6
a11maps-end ffff87950000-ffff87951000 rw-p 00090000 00:03 863                        /usr/lib/aarch64-linux-gnu/libm.so.6
a11maps-end ffff8795c000-ffff87983000 r-xp 00000000 00:03 796                        /usr/lib/aarch64-linux-gnu/ld-linux-aarch64.so.1
a11maps-end ffff8798d000-ffff87991000 rw-p 00000000 00:00 0 
a11maps-end ffff87993000-ffff87995000 rw-p 00000000 00:00 0 
a11maps-end ffff87995000-ffff87999000 r--p 00000000 00:00 0                          [vvar]
a11maps-end ffff87999000-ffff8799a000 r-xp 00000000 00:00 0                          [vdso]
a11maps-end ffff8799a000-ffff8799c000 r--p 0002e000 00:03 796                        /usr/lib/aarch64-linux-gnu/ld-linux-aarch64.so.1
a11maps-end ffff8799c000-ffff8799e000 rw-p 00030000 00:03 796                        /usr/lib/aarch64-linux-gnu/ld-linux-aarch64.so.1
a11maps-end ffffd0f97000-ffffd0fb8000 rw-p 00000000 00:00 0                          [stack]
a11: done
[   35.692403] kjit: 0 of 295 translation requests still queued at unload (freed by the kernel)
[   35.708611] rust_kjit: ######## Rust KJIT exits ########
kjit-init: rmmod kjit ok
kjit-init: run exit=0
[   35.725874] reboot: Power down
guest-run: PASS (/Volumes/Local/kjit-a4b2/build/runs/meas-v2-20261009-024951/serial.log)
grun: rc=0 run_dir=/Volumes/Local/kjit-a4b2/build/runs/meas-v2-20261009-024951
