guest-run: profile=kjit-guest run-dir=/Volumes/Local/kjit-a4b2/build/runs/meas-v4-20261009-023727
[    0.000000] Booting Linux on physical CPU 0x0000000000 [0x610f0000]
[    0.000000] Linux version 7.1.0-rc1 (@6906d107117b) (Ubuntu clang version 18.1.3 (1ubuntu1), Ubuntu LLD 18.1.3) #1 SMP PREEMPT Fri Oct  2 08:37:58 UTC 2026
[    0.000000] random: crng init done
[    0.000000] Machine model: linux,dummy-virt
[    0.000000] OF: reserved mem: Reserved memory: No reserved-memory node in the DT
[    0.000000] psci: probing for conduit method from DT.
[    0.000000] psci: PSCIv1.1 detected in firmware.
[    0.000000] psci: Using standard PSCI v0.2 function IDs
[    0.000000] psci: Trusted OS migration not required
[    0.000000] psci: SMC Calling Convention v1.0
[    0.000000] Zone ranges:
[    0.000000]   Normal   [mem 0x0000000040000000-0x000000013fffffff]
[    0.000000] Movable zone start for each node
[    0.000000] Early memory node ranges
[    0.000000]   node   0: [mem 0x0000000040000000-0x000000013fffffff]
[    0.000000] Initmem setup node 0 [mem 0x0000000040000000-0x000000013fffffff]
[    0.000000] percpu: Embedded 19 pages/cpu s38488 r8192 d31144 u77824
[    0.000000] Detected PIPT I-cache on CPU0
[    0.000000] CPU features: detected: Address authentication (IMP DEF algorithm)
[    0.000000] CPU features: detected: Spectre-v4
[    0.000000] CPU features: detected: Spectre-BHB
[    0.000000] alternatives: applying boot alternatives
[    0.000000] Kernel command line: console=ttyAMA0 panic=-1 nokaslr
[    0.000000] Unknown kernel command line parameters "nokaslr", will be passed to user space.
[    0.000000] printk: log buffer data + meta data: 131072 + 458752 = 589824 bytes
[    0.000000] Dentry cache hash table entries: 524288 (order: 10, 4194304 bytes, linear)
[    0.000000] Inode-cache hash table entries: 262144 (order: 9, 2097152 bytes, linear)
[    0.000000] software IO TLB: SWIOTLB bounce buffer size adjusted to 4MB
[    0.000000] software IO TLB: area num 4.
[    0.000000] software IO TLB: mapped [mem 0x000000013ac00000-0x000000013b000000] (4MB)
[    0.000000] Built 1 zonelists, mobility grouping on.  Total pages: 1048576
[    0.000000] mem auto-init: stack:all(zero), heap alloc:off, heap free:off
[    0.000000] SLUB: HWalign=64, Order=0-3, MinObjects=0, CPUs=4, Nodes=1
[    0.000000] rcu: Preemptible hierarchical RCU implementation.
[    0.000000] rcu: 	RCU restricting CPUs from NR_CPUS=512 to nr_cpu_ids=4.
[    0.000000] rcu: RCU calculated value of scheduler-enlistment delay is 25 jiffies.
[    0.000000] rcu: Adjusting geometry for rcu_fanout_leaf=16, nr_cpu_ids=4
[    0.000000] NR_IRQS: 64, nr_irqs: 64, preallocated irqs: 0
[    0.000000] Root IRQ handler: gic_handle_irq
[    0.000000] GICv2m: range[mem 0x08020000-0x08020fff], SPI[80:143]
[    0.000000] rcu: srcu_init: Setting srcu_struct sizes based on contention.
[    0.000000] arch_timer: cp15 timer running at 24.00MHz (virt).
[    0.000000] clocksource: arch_sys_counter: mask: 0xffffffffffffff max_cycles: 0x588fe9dc0, max_idle_ns: 440795202592 ns
[    0.000000] sched_clock: 56 bits at 24MHz, resolution 41ns, wraps every 4398046511097ns
[    0.000105] Console: colour dummy device 80x25
[    0.000113] Calibrating delay loop (skipped), value calculated using timer frequency.. 48.00 BogoMIPS (lpj=96000)
[    0.000116] pid_max: default: 32768 minimum: 301
[    0.000250] Mount-cache hash table entries: 8192 (order: 4, 65536 bytes, linear)
[    0.000257] Mountpoint-cache hash table entries: 8192 (order: 4, 65536 bytes, linear)
[    0.000331] VFS: Finished mounting rootfs on nullfs
[    0.000478] cacheinfo: Unable to detect cache hierarchy for CPU 0
[    0.000584] rcu: Hierarchical SRCU implementation.
[    0.000584] rcu: 	Max phase no-delay instances is 1000.
[    0.000602] Timer migration: 1 hierarchy levels; 8 children per group; 1 crossnode level
[    0.000638] smp: Bringing up secondary CPUs ...
[    0.000838] Detected PIPT I-cache on CPU1
[    0.000937] CPU1: Booted secondary processor 0x0000000001 [0x610f0000]
[    0.001228] Detected PIPT I-cache on CPU2
[    0.001317] CPU2: Booted secondary processor 0x0000000002 [0x610f0000]
[    0.001534] Detected PIPT I-cache on CPU3
[    0.001638] CPU3: Booted secondary processor 0x0000000003 [0x610f0000]
[    0.001709] smp: Brought up 1 node, 4 CPUs
[    0.001710] SMP: Total of 4 processors activated.
[    0.001710] CPU: All CPU(s) started at EL1
[    0.001711] CPU features: detected: ARMv8.4 Translation Table Level
[    0.001712] CPU features: detected: Data cache clean to the PoU not required for I/D coherence
[    0.001712] CPU features: detected: CRC32 instructions
[    0.001712] CPU features: detected: Data independent timing control (DIT)
[    0.001713] CPU features: detected: E0PD
[    0.001713] CPU features: detected: Generic authentication (IMP DEF algorithm)
[    0.001714] CPU features: detected: RCpc load-acquire (LDAPR)
[    0.001714] CPU features: detected: LSE atomic instructions
[    0.001715] CPU features: detected: Privileged Access Never
[    0.001715] CPU features: detected: Speculation barrier (SB)
[    0.001715] CPU features: detected: TLB range maintenance instructions
[    0.001716] CPU features: detected: XNX
[    0.001800] alternatives: applying system-wide alternatives
[    0.003295] Memory: 3934216K/4194304K available (5248K kernel code, 754K rwdata, 2356K rodata, 576K init, 405K bss, 256908K reserved, 0K cma-reserved)
[    0.003571] devtmpfs: initialized
[    0.003842] clocksource: jiffies: mask: 0xffffffff max_cycles: 0xffffffff, max_idle_ns: 7645041785100000 ns
[    0.003845] posixtimers hash table entries: 2048 (order: 3, 32768 bytes, linear)
[    0.003866] futex hash table entries: 1024 (65536 bytes on 1 NUMA nodes, total 64 KiB, linear).
[    0.003873] 30384 pages in range for non-PLT usage
[    0.003874] 521904 pages in range for PLT usage
[    0.003954] NET: Registered PF_NETLINK/PF_ROUTE protocol family
[    0.004387] DMA: preallocated 512 KiB GFP_KERNEL pool for atomic allocations
[    0.004429] ASID allocator initialised with 256 entries
[    0.004438] Serial: AMBA PL011 UART driver
[    0.004878] 9000000.pl011: ttyAMA0 at MMIO 0x9000000 (irq = 13, base_baud = 0) is a PL011 rev1
[    0.004989] printk: console [ttyAMA0] enabled
[    0.010176] vgaarb: loaded
[    0.010314] clocksource: Switched to clocksource arch_sys_counter
[    0.014205] NET: Registered PF_INET protocol family
[    0.014283] IP idents hash table entries: 65536 (order: 7, 524288 bytes, linear)
[    0.014834] tcp_listen_portaddr_hash hash table entries: 2048 (order: 3, 32768 bytes, linear)
[    0.014841] Table-perturb hash table entries: 65536 (order: 6, 262144 bytes, linear)
[    0.014844] TCP established hash table entries: 32768 (order: 6, 262144 bytes, linear)
[    0.014972] TCP bind hash table entries: 32768 (order: 8, 1048576 bytes, linear)
[    0.015122] TCP: Hash tables configured (established 32768 bind 32768)
[    0.015146] UDP hash table entries: 2048 (order: 5, 131072 bytes, linear)
[    0.015186] NET: Registered PF_UNIX/PF_LOCAL protocol family
[    0.015189] PCI: CLS 0 bytes, default 64
[    0.015379] Unpacking initramfs...
[    0.022702] workingset: timestamp_bits=46 (anon: 42) max_order=20 bucket_order=0 (anon: 0)
[    0.026654] 9p: Installing v9fs 9p2000 file system support
[    0.030740] pci-host-generic 4010000000.pcie: host bridge /pcie@10000000 ranges:
[    0.030747] pci-host-generic 4010000000.pcie:       IO 0x003eff0000..0x003effffff -> 0x0000000000
[    0.030750] pci-host-generic 4010000000.pcie:      MEM 0x0010000000..0x003efeffff -> 0x0010000000
[    0.030751] pci-host-generic 4010000000.pcie:      MEM 0x8000000000..0xffffffffff -> 0x8000000000
[    0.030757] pci-host-generic 4010000000.pcie: Memory resource size exceeds max for 32 bits
[    0.030769] pci-host-generic 4010000000.pcie: ECAM at [mem 0x4010000000-0x401fffffff] for [bus 00-ff]
[    0.030784] pci-host-generic 4010000000.pcie: PCI host bridge to bus 0000:00
[    0.030785] pci_bus 0000:00: root bus resource [bus 00-ff]
[    0.030786] pci_bus 0000:00: root bus resource [io  0x0000-0xffff]
[    0.030787] pci_bus 0000:00: root bus resource [mem 0x10000000-0x3efeffff]
[    0.030787] pci_bus 0000:00: root bus resource [mem 0x8000000000-0xffffffffff]
[    0.030808] pci 0000:00:00.0: [1b36:0008] type 00 class 0x060000 conventional PCI endpoint
[    0.031190] pci 0000:00:01.0: [1af4:1000] type 00 class 0x020000 conventional PCI endpoint
[    0.031325] pci 0000:00:01.0: BAR 0 [io  0x0000-0x001f]
[    0.031329] pci 0000:00:01.0: BAR 1 [mem 0x00000000-0x00000fff]
[    0.031344] pci 0000:00:01.0: BAR 4 [mem 0x00000000-0x00003fff 64bit pref]
[    0.031364] pci 0000:00:01.0: ROM [mem 0x00000000-0x0003ffff pref]
[    0.031688] pci 0000:00:02.0: [1af4:1009] type 00 class 0x000200 conventional PCI endpoint
[    0.031971] pci 0000:00:02.0: BAR 0 [io  0x0000-0x003f]
[    0.031984] pci 0000:00:02.0: BAR 1 [mem 0x00000000-0x00000fff]
[    0.031997] pci 0000:00:02.0: BAR 4 [mem 0x00000000-0x00003fff 64bit pref]
[    0.032408] pci 0000:00:03.0: [1af4:1005] type 00 class 0x00ff00 conventional PCI endpoint
[    0.032491] pci 0000:00:03.0: BAR 0 [io  0x0000-0x001f]
[    0.032495] pci 0000:00:03.0: BAR 1 [mem 0x00000000-0x00000fff]
[    0.032599] pci 0000:00:03.0: BAR 4 [mem 0x00000000-0x00003fff 64bit pref]
[    0.033039] pci 0000:00:01.0: ROM [mem 0x10000000-0x1003ffff pref]: assigned
[    0.033042] pci 0000:00:01.0: BAR 4 [mem 0x8000000000-0x8000003fff 64bit pref]: assigned
[    0.033074] pci 0000:00:02.0: BAR 4 [mem 0x8000004000-0x8000007fff 64bit pref]: assigned
[    0.033105] pci 0000:00:03.0: BAR 4 [mem 0x8000008000-0x800000bfff 64bit pref]: assigned
[    0.033118] pci 0000:00:01.0: BAR 1 [mem 0x10040000-0x10040fff]: assigned
[    0.033123] pci 0000:00:02.0: BAR 1 [mem 0x10041000-0x10041fff]: assigned
[    0.033135] pci 0000:00:03.0: BAR 1 [mem 0x10042000-0x10042fff]: assigned
[    0.033139] pci 0000:00:02.0: BAR 0 [io  0x1000-0x103f]: assigned
[    0.033143] pci 0000:00:01.0: BAR 0 [io  0x1040-0x105f]: assigned
[    0.033148] pci 0000:00:03.0: BAR 0 [io  0x1060-0x107f]: assigned
[    0.033152] pci_bus 0000:00: resource 4 [io  0x0000-0xffff]
[    0.033153] pci_bus 0000:00: resource 5 [mem 0x10000000-0x3efeffff]
[    0.033154] pci_bus 0000:00: resource 6 [mem 0x8000000000-0xffffffffff]
[    0.034570] virtio-pci 0000:00:01.0: enabling device (0000 -> 0003)
[    0.035382] virtio-pci 0000:00:02.0: enabling device (0000 -> 0003)
[    0.036338] virtio-pci 0000:00:03.0: enabling device (0000 -> 0003)
[    0.079745] rtc-pl031 9010000.pl031: registered as rtc0
[    0.079766] rtc-pl031 9010000.pl031: setting system clock to 2026-10-08T18:37:27 UTC (1791484647)
[    0.079876] NET: Registered PF_INET6 protocol family
[    0.080199] Segment Routing with IPv6
[    0.080205] In-situ OAM (IOAM) with IPv6
[    0.080216] sit: IPv6, IPv4 and MPLS over IPv4 tunneling driver
[    0.080298] NET: Registered PF_PACKET protocol family
[    0.080303] 9pnet: Installing 9P2000 support
[    0.085041] clk: Disabling unused clocks
[    0.110582] Freeing initrd memory: 161888K
[    0.110965] Freeing unused kernel memory: 576K
[    0.111012] Run /init as init process
[    0.124417] kjit: loading out-of-tree module taints kernel.
[    0.125443] rust_kjit: ######## Rust KJIT inits ########
[    0.125496] rust_kjit: kjit: dispatch variant 4
[    0.125573] rust_kjit: golden tests/arm64/toy_cfg.s:hot_svc_mark translated for dispatch variant 4; byte comparison skipped (reference is variant 0)
kjit-init: insmod kjit.ko ok
meas: variant=4
rep 0 variant=gpr enabled=0 outer=200000 calls=16 ns_per_outer=141.2 ns_per_call=8.83
rep 1 variant=gpr enabled=0 outer=200000 calls=16 ns_per_outer=141.4 ns_per_call=8.84
rep 2 variant=gpr enabled=0 outer=200000 calls=16 ns_per_outer=141.8 ns_per_call=8.86
rep 3 variant=gpr enabled=0 outer=200000 calls=16 ns_per_outer=142.4 ns_per_call=8.90
rep 4 variant=gpr enabled=0 outer=200000 calls=16 ns_per_outer=144.3 ns_per_call=9.02
rep 5 variant=gpr enabled=0 outer=200000 calls=16 ns_per_outer=141.2 ns_per_call=8.83
rep 6 variant=gpr enabled=0 outer=200000 calls=16 ns_per_outer=144.4 ns_per_call=9.02
result variant=gpr enabled=0 outer=200000 calls=16 reps=7 median_ns_per_outer=141.8 median_ns_per_call=8.86 min_ns_per_call=8.83 acc=25600000
[    0.380123] kjit: translate_svc_sites pid 69: 2 text ranges, 111 svc sites
[    0.380702] rust_kjit: kjit: pc 0x400fe8: installed 532 bytes, 0 fault sites, 2 entries, text 0x400fe8..0x400ff0, fpsimd false
[    0.381494] rust_kjit: kjit: pc 0x400fcc: installed 1104 bytes, 1 fault sites, 11 entries, text 0x400fbc..0x400fe8, fpsimd false
rep 0 variant=gpr enabled=1 outer=20000 calls=16 ns_per_outer=149.0 ns_per_call=9.31
rep 1 variant=gpr enabled=1 outer=20000 calls=16 ns_per_outer=146.2 ns_per_call=9.14
rep 2 variant=gpr enabled=1 outer=20000 calls=16 ns_per_outer=150.7 ns_per_call=9.42
rep 3 variant=gpr enabled=1 outer=20000 calls=16 ns_per_outer=147.8 ns_per_call=9.24
rep 4 variant=gpr enabled=1 outer=20000 calls=16 ns_per_outer=150.5 ns_per_call=9.41
rep 5 variant=gpr enabled=1 outer=20000 calls=16 ns_per_outer=155.9 ns_per_call=9.74
rep 6 variant=gpr enabled=1 outer=20000 calls=16 ns_per_outer=145.6 ns_per_call=9.10
result variant=gpr enabled=1 outer=20000 calls=16 reps=7 median_ns_per_outer=149.0 median_ns_per_call=9.31 min_ns_per_call=9.10 acc=2560000
counters variant=gpr timed_outer=140000 hook_calls=140045 syscalls_in_kernel=139965 fragment_entries=140045 fpsimd_entries=1 fpsimd_restores=0 chains=0 chain_cap=0 exit_svc=139965 exit_bl=0 exit_blr=0 exit_br=0 exit_ret=80 exit_mem=0 exit_unsupported=0 exit_budget=0 run_declined=0
rep 0 variant=fp enabled=0 outer=200000 calls=16 ns_per_outer=175.0 ns_per_call=10.94
rep 1 variant=fp enabled=0 outer=200000 calls=16 ns_per_outer=179.0 ns_per_call=11.19
rep 2 variant=fp enabled=0 outer=200000 calls=16 ns_per_outer=177.2 ns_per_call=11.07
rep 3 variant=fp enabled=0 outer=200000 calls=16 ns_per_outer=178.2 ns_per_call=11.14
rep 4 variant=fp enabled=0 outer=200000 calls=16 ns_per_outer=176.9 ns_per_call=11.06
rep 5 variant=fp enabled=0 outer=200000 calls=16 ns_per_outer=176.3 ns_per_call=11.02
rep 6 variant=fp enabled=0 outer=200000 calls=16 ns_per_outer=177.0 ns_per_call=11.06
result variant=fp enabled=0 outer=200000 calls=16 reps=7 median_ns_per_outer=177.0 median_ns_per_call=11.06 min_ns_per_call=10.94 acc=25600000
[    0.726184] kjit: translate_svc_sites pid 72: 2 text ranges, 111 svc sites
[    0.726679] rust_kjit: kjit: pc 0x401028: installed 540 bytes, 0 fault sites, 4 entries, text 0x401028..0x401038, fpsimd true
[    0.727241] rust_kjit: kjit: pc 0x40100c: installed 1104 bytes, 1 fault sites, 11 entries, text 0x400ffc..0x401028, fpsimd false
rep 0 variant=fp enabled=1 outer=20000 calls=16 ns_per_outer=217.4 ns_per_call=13.58
rep 1 variant=fp enabled=1 outer=20000 calls=16 ns_per_outer=222.1 ns_per_call=13.88
rep 2 variant=fp enabled=1 outer=20000 calls=16 ns_per_outer=224.3 ns_per_call=14.02
rep 3 variant=fp enabled=1 outer=20000 calls=16 ns_per_outer=220.7 ns_per_call=13.80
rep 4 variant=fp enabled=1 outer=20000 calls=16 ns_per_outer=219.1 ns_per_call=13.70
rep 5 variant=fp enabled=1 outer=20000 calls=16 ns_per_outer=216.2 ns_per_call=13.51
rep 6 variant=fp enabled=1 outer=20000 calls=16 ns_per_outer=219.2 ns_per_call=13.70
result variant=fp enabled=1 outer=20000 calls=16 reps=7 median_ns_per_outer=219.2 median_ns_per_call=13.70 min_ns_per_call=13.51 acc=2560000
counters variant=fp timed_outer=140000 hook_calls=140045 syscalls_in_kernel=139965 fragment_entries=280017 fpsimd_entries=139973 fpsimd_restores=0 chains=139972 chain_cap=0 exit_svc=139965 exit_bl=139972 exit_blr=0 exit_br=0 exit_ret=80 exit_mem=0 exit_unsupported=0 exit_budget=0 run_declined=0
rep 0 variant=gpr enabled=0 outer=200000 calls=128 ns_per_outer=255.1 ns_per_call=1.99
rep 1 variant=gpr enabled=0 outer=200000 calls=128 ns_per_outer=255.9 ns_per_call=2.00
rep 2 variant=gpr enabled=0 outer=200000 calls=128 ns_per_outer=254.3 ns_per_call=1.99
rep 3 variant=gpr enabled=0 outer=200000 calls=128 ns_per_outer=257.5 ns_per_call=2.01
rep 4 variant=gpr enabled=0 outer=200000 calls=128 ns_per_outer=256.2 ns_per_call=2.00
rep 5 variant=gpr enabled=0 outer=200000 calls=128 ns_per_outer=254.4 ns_per_call=1.99
rep 6 variant=gpr enabled=0 outer=200000 calls=128 ns_per_outer=253.0 ns_per_call=1.98
result variant=gpr enabled=0 outer=200000 calls=128 reps=7 median_ns_per_outer=255.1 median_ns_per_call=1.99 min_ns_per_call=1.98 acc=204800000
[    1.207101] kjit: translate_svc_sites pid 75: 2 text ranges, 111 svc sites
[    1.207467] rust_kjit: kjit: pc 0x400fe8: installed 532 bytes, 0 fault sites, 2 entries, text 0x400fe8..0x400ff0, fpsimd false
[    1.208005] rust_kjit: kjit: pc 0x400fcc: installed 1104 bytes, 1 fault sites, 11 entries, text 0x400fbc..0x400fe8, fpsimd false
rep 0 variant=gpr enabled=1 outer=20000 calls=128 ns_per_outer=834.2 ns_per_call=6.52
rep 1 variant=gpr enabled=1 outer=20000 calls=128 ns_per_outer=846.0 ns_per_call=6.61
rep 2 variant=gpr enabled=1 outer=20000 calls=128 ns_per_outer=849.4 ns_per_call=6.64
rep 3 variant=gpr enabled=1 outer=20000 calls=128 ns_per_outer=842.6 ns_per_call=6.58
rep 4 variant=gpr enabled=1 outer=20000 calls=128 ns_per_outer=840.6 ns_per_call=6.57
rep 5 variant=gpr enabled=1 outer=20000 calls=128 ns_per_outer=853.9 ns_per_call=6.67
rep 6 variant=gpr enabled=1 outer=20000 calls=128 ns_per_outer=877.5 ns_per_call=6.86
result variant=gpr enabled=1 outer=20000 calls=128 reps=7 median_ns_per_outer=846.0 median_ns_per_call=6.61 min_ns_per_call=6.52 acc=20480000
counters variant=gpr timed_outer=140000 hook_calls=140045 syscalls_in_kernel=139965 fragment_entries=140045 fpsimd_entries=1 fpsimd_restores=0 chains=0 chain_cap=0 exit_svc=139965 exit_bl=0 exit_blr=0 exit_br=0 exit_ret=80 exit_mem=0 exit_unsupported=0 exit_budget=0 run_declined=0
rep 0 variant=fp enabled=0 outer=200000 calls=128 ns_per_outer=541.2 ns_per_call=4.23
rep 1 variant=fp enabled=0 outer=200000 calls=128 ns_per_outer=536.5 ns_per_call=4.19
rep 2 variant=fp enabled=0 outer=200000 calls=128 ns_per_outer=538.2 ns_per_call=4.20
rep 3 variant=fp enabled=0 outer=200000 calls=128 ns_per_outer=538.2 ns_per_call=4.20
rep 4 variant=fp enabled=0 outer=200000 calls=128 ns_per_outer=541.3 ns_per_call=4.23
rep 5 variant=fp enabled=0 outer=200000 calls=128 ns_per_outer=532.5 ns_per_call=4.16
rep 6 variant=fp enabled=0 outer=200000 calls=128 ns_per_outer=539.9 ns_per_call=4.22
result variant=fp enabled=0 outer=200000 calls=128 reps=7 median_ns_per_outer=538.2 median_ns_per_call=4.20 min_ns_per_call=4.16 acc=204800000
[    2.245421] kjit: translate_svc_sites pid 77: 2 text ranges, 111 svc sites
[    2.245959] rust_kjit: kjit: pc 0x401028: installed 540 bytes, 0 fault sites, 4 entries, text 0x401028..0x401038, fpsimd true
[    2.246821] rust_kjit: kjit: pc 0x40100c: installed 1104 bytes, 1 fault sites, 11 entries, text 0x400ffc..0x401028, fpsimd false
rep 0 variant=fp enabled=1 outer=20000 calls=128 ns_per_outer=938.1 ns_per_call=7.33
rep 1 variant=fp enabled=1 outer=20000 calls=128 ns_per_outer=939.8 ns_per_call=7.34
rep 2 variant=fp enabled=1 outer=20000 calls=128 ns_per_outer=939.5 ns_per_call=7.34
rep 3 variant=fp enabled=1 outer=20000 calls=128 ns_per_outer=921.9 ns_per_call=7.20
rep 4 variant=fp enabled=1 outer=20000 calls=128 ns_per_outer=907.4 ns_per_call=7.09
rep 5 variant=fp enabled=1 outer=20000 calls=128 ns_per_outer=935.4 ns_per_call=7.31
rep 6 variant=fp enabled=1 outer=20000 calls=128 ns_per_outer=929.2 ns_per_call=7.26
result variant=fp enabled=1 outer=20000 calls=128 reps=7 median_ns_per_outer=935.4 median_ns_per_call=7.31 min_ns_per_call=7.09 acc=20480000
counters variant=fp timed_outer=140000 hook_calls=140045 syscalls_in_kernel=139965 fragment_entries=280017 fpsimd_entries=139973 fpsimd_restores=0 chains=139972 chain_cap=0 exit_svc=139965 exit_bl=139972 exit_blr=0 exit_br=0 exit_ret=80 exit_mem=0 exit_unsupported=0 exit_budget=0 run_declined=0
rep 0 variant=gpr enabled=0 outer=200000 calls=256 ns_per_outer=379.1 ns_per_call=1.48
rep 1 variant=gpr enabled=0 outer=200000 calls=256 ns_per_outer=383.0 ns_per_call=1.50
rep 2 variant=gpr enabled=0 outer=200000 calls=256 ns_per_outer=380.7 ns_per_call=1.49
rep 3 variant=gpr enabled=0 outer=200000 calls=256 ns_per_outer=385.7 ns_per_call=1.51
rep 4 variant=gpr enabled=0 outer=200000 calls=256 ns_per_outer=385.7 ns_per_call=1.51
rep 5 variant=gpr enabled=0 outer=200000 calls=256 ns_per_outer=381.7 ns_per_call=1.49
rep 6 variant=gpr enabled=0 outer=200000 calls=256 ns_per_outer=382.5 ns_per_call=1.49
result variant=gpr enabled=0 outer=200000 calls=256 reps=7 median_ns_per_outer=382.5 median_ns_per_call=1.49 min_ns_per_call=1.48 acc=409600000
[    3.046978] kjit: translate_svc_sites pid 80: 2 text ranges, 111 svc sites
[    3.047386] rust_kjit: kjit: pc 0x400fe8: installed 532 bytes, 0 fault sites, 2 entries, text 0x400fe8..0x400ff0, fpsimd false
[    3.047953] rust_kjit: kjit: pc 0x400fcc: installed 1104 bytes, 1 fault sites, 11 entries, text 0x400fbc..0x400fe8, fpsimd false
rep 0 variant=gpr enabled=1 outer=20000 calls=256 ns_per_outer=1716.8 ns_per_call=6.71
rep 1 variant=gpr enabled=1 outer=20000 calls=256 ns_per_outer=1684.4 ns_per_call=6.58
rep 2 variant=gpr enabled=1 outer=20000 calls=256 ns_per_outer=1645.0 ns_per_call=6.43
rep 3 variant=gpr enabled=1 outer=20000 calls=256 ns_per_outer=1644.3 ns_per_call=6.42
rep 4 variant=gpr enabled=1 outer=20000 calls=256 ns_per_outer=1670.4 ns_per_call=6.52
rep 5 variant=gpr enabled=1 outer=20000 calls=256 ns_per_outer=1656.0 ns_per_call=6.47
rep 6 variant=gpr enabled=1 outer=20000 calls=256 ns_per_outer=1653.0 ns_per_call=6.46
result variant=gpr enabled=1 outer=20000 calls=256 reps=7 median_ns_per_outer=1656.0 median_ns_per_call=6.47 min_ns_per_call=6.42 acc=40960000
counters variant=gpr timed_outer=140000 hook_calls=140045 syscalls_in_kernel=139965 fragment_entries=140045 fpsimd_entries=1 fpsimd_restores=0 chains=0 chain_cap=0 exit_svc=139965 exit_bl=0 exit_blr=0 exit_br=0 exit_ret=80 exit_mem=0 exit_unsupported=0 exit_budget=0 run_declined=0
rep 0 variant=fp enabled=0 outer=200000 calls=256 ns_per_outer=944.8 ns_per_call=3.69
rep 1 variant=fp enabled=0 outer=200000 calls=256 ns_per_outer=943.6 ns_per_call=3.69
rep 2 variant=fp enabled=0 outer=200000 calls=256 ns_per_outer=950.5 ns_per_call=3.71
rep 3 variant=fp enabled=0 outer=200000 calls=256 ns_per_outer=945.9 ns_per_call=3.70
rep 4 variant=fp enabled=0 outer=200000 calls=256 ns_per_outer=947.1 ns_per_call=3.70
rep 5 variant=fp enabled=0 outer=200000 calls=256 ns_per_outer=946.5 ns_per_call=3.70
rep 6 variant=fp enabled=0 outer=200000 calls=256 ns_per_outer=943.7 ns_per_call=3.69
result variant=fp enabled=0 outer=200000 calls=256 reps=7 median_ns_per_outer=945.9 median_ns_per_call=3.70 min_ns_per_call=3.69 acc=409600000
[    4.872637] kjit: translate_svc_sites pid 83: 2 text ranges, 111 svc sites
[    4.873160] rust_kjit: kjit: pc 0x401028: installed 540 bytes, 0 fault sites, 4 entries, text 0x401028..0x401038, fpsimd true
[    4.873987] rust_kjit: kjit: pc 0x40100c: installed 1104 bytes, 1 fault sites, 11 entries, text 0x400ffc..0x401028, fpsimd false
rep 0 variant=fp enabled=1 outer=20000 calls=256 ns_per_outer=1706.0 ns_per_call=6.66
rep 1 variant=fp enabled=1 outer=20000 calls=256 ns_per_outer=1703.6 ns_per_call=6.65
rep 2 variant=fp enabled=1 outer=20000 calls=256 ns_per_outer=1728.2 ns_per_call=6.75
rep 3 variant=fp enabled=1 outer=20000 calls=256 ns_per_outer=1735.6 ns_per_call=6.78
rep 4 variant=fp enabled=1 outer=20000 calls=256 ns_per_outer=1793.3 ns_per_call=7.01
rep 5 variant=fp enabled=1 outer=20000 calls=256 ns_per_outer=1721.9 ns_per_call=6.73
rep 6 variant=fp enabled=1 outer=20000 calls=256 ns_per_outer=1720.0 ns_per_call=6.72
result variant=fp enabled=1 outer=20000 calls=256 reps=7 median_ns_per_outer=1721.9 median_ns_per_call=6.73 min_ns_per_call=6.65 acc=40960000
counters variant=fp timed_outer=140000 hook_calls=140045 syscalls_in_kernel=139965 fragment_entries=280017 fpsimd_entries=139973 fpsimd_restores=0 chains=139972 chain_cap=0 exit_svc=139965 exit_bl=139972 exit_blr=0 exit_br=0 exit_ret=80 exit_mem=0 exit_unsupported=0 exit_budget=0 run_declined=0
a11: ibtc_variant=4
a11: warm-up at off
a11maps aaaad8d00000-aaaad8f50000 r-xp 00000000 00:03 4263                       /opt/redis/src/redis-server
a11maps aaaad8f59000-aaaad8f60000 r--p 00259000 00:03 4263                       /opt/redis/src/redis-server
a11maps aaaad8f60000-aaaad8fb9000 rw-p 00260000 00:03 4263                       /opt/redis/src/redis-server
a11maps aaaad8fb9000-aaaad91ec000 rw-p 00000000 00:00 0 
a11maps aaab0bbdd000-aaab0bbfe000 rw-p 00000000 00:00 0                          [heap]
a11maps ffffb7b40000-ffffb7dc0000 rw-p 00000000 00:00 0 
a11maps ffffb7dc0000-ffffb7dd0000 ---p 00000000 00:00 0 
a11maps ffffb7dd0000-ffffb85d0000 rw-p 00000000 00:00 0 
a11maps ffffb85d0000-ffffb85e0000 ---p 00000000 00:00 0 
a11maps ffffb85e0000-ffffb8de0000 rw-p 00000000 00:00 0 
a11maps ffffb8de0000-ffffb8df0000 ---p 00000000 00:00 0 
a11maps ffffb8df0000-ffffb95f0000 rw-p 00000000 00:00 0 
a11maps ffffb95f0000-ffffb9600000 ---p 00000000 00:00 0 
a11maps ffffb9600000-ffffb9e00000 rw-p 00000000 00:00 0 
a11maps ffffb9e00000-ffffba600000 rw-p 00000000 00:00 0 
a11maps ffffba740000-ffffba8cc000 r-xp 00000000 00:03 816                        /usr/lib/aarch64-linux-gnu/libc.so.6
a11maps ffffba8cc000-ffffba8dc000 ---p 0018c000 00:03 816                        /usr/lib/aarch64-linux-gnu/libc.so.6
a11maps ffffba8dc000-ffffba8e0000 r--p 0018c000 00:03 816                        /usr/lib/aarch64-linux-gnu/libc.so.6
a11maps ffffba8e0000-ffffba8e2000 rw-p 00190000 00:03 816                        /usr/lib/aarch64-linux-gnu/libc.so.6
a11maps ffffba8e2000-ffffba8ef000 rw-p 00000000 00:00 0 
a11maps ffffba8f0000-ffffba972000 r-xp 00000000 00:03 863                        /usr/lib/aarch64-linux-gnu/libm.so.6
a11maps ffffba972000-ffffba98f000 ---p 00082000 00:03 863                        /usr/lib/aarch64-linux-gnu/libm.so.6
a11maps ffffba98f000-ffffba990000 r--p 0008f000 00:03 863                        /usr/lib/aarch64-linux-gnu/libm.so.6
a11maps ffffba990000-ffffba991000 rw-p 00090000 00:03 863                        /usr/lib/aarch64-linux-gnu/libm.so.6
a11maps ffffba99b000-ffffba9c2000 r-xp 00000000 00:03 796                        /usr/lib/aarch64-linux-gnu/ld-linux-aarch64.so.1
a11maps ffffba9cc000-ffffba9d0000 rw-p 00000000 00:00 0 
a11maps ffffba9d2000-ffffba9d4000 rw-p 00000000 00:00 0 
a11maps ffffba9d4000-ffffba9d8000 r--p 00000000 00:00 0                          [vvar]
a11maps ffffba9d8000-ffffba9d9000 r-xp 00000000 00:00 0                          [vdso]
a11maps ffffba9d9000-ffffba9db000 r--p 0002e000 00:03 796                        /usr/lib/aarch64-linux-gnu/ld-linux-aarch64.so.1
a11maps ffffba9db000-ffffba9dd000 rw-p 00030000 00:03 796                        /usr/lib/aarch64-linux-gnu/ld-linux-aarch64.so.1
a11maps ffffd64e1000-ffffd6502000 rw-p 00000000 00:00 0                          [stack]
a11 point=off pass=1 test=set requests=200000 rps=236406.61 hook_calls=0 syscalls_in_kernel=0 fragment_entries=0 fpsimd_entries=0 fpsimd_restores=0 chains=0 chain_cap=0 exit_svc=0 exit_bl=0 exit_blr=0 exit_br=0 exit_ret=0 exit_mem=0 exit_unsupported=0 exit_budget=0 run_declined=0 ibtc_insert=0 ibtc_replace=0 ibtc_clear=0 ibtc_fpsimd_boundary=0 ibtc_miss_cold=0 ibtc_miss_conflict=0 ibtc_miss_other=0 fpsimd_run_max_ns=567333 miss_residual=0
a11slots point=off pass=1 test=set # table all conflicts 0 slots 0 top32 0
a11slots point=off pass=1 test=set # table nofp conflicts 0 slots 0 top32 0
a11 point=off pass=1 test=get requests=200000 rps=233372.23 hook_calls=0 syscalls_in_kernel=0 fragment_entries=0 fpsimd_entries=0 fpsimd_restores=0 chains=0 chain_cap=0 exit_svc=0 exit_bl=0 exit_blr=0 exit_br=0 exit_ret=0 exit_mem=0 exit_unsupported=0 exit_budget=0 run_declined=0 ibtc_insert=0 ibtc_replace=0 ibtc_clear=0 ibtc_fpsimd_boundary=0 ibtc_miss_cold=0 ibtc_miss_conflict=0 ibtc_miss_other=0 fpsimd_run_max_ns=567333 miss_residual=0
a11slots point=off pass=1 test=get # table all conflicts 0 slots 0 top32 0
a11slots point=off pass=1 test=get # table nofp conflicts 0 slots 0 top32 0
a11 point=1024 pass=1 test=set requests=200000 rps=136798.91 hook_calls=408871 syscalls_in_kernel=384523 fragment_entries=607283 fpsimd_entries=198957 fpsimd_restores=0 chains=199221 chain_cap=0 exit_svc=384523 exit_bl=6904 exit_blr=858 exit_br=199598 exit_ret=9956 exit_mem=1 exit_unsupported=5443 exit_budget=0 run_declined=15 ibtc_insert=574 ibtc_replace=37 ibtc_clear=0 ibtc_fpsimd_boundary=198949 ibtc_miss_cold=17197 ibtc_miss_conflict=1170 ibtc_miss_other=0 fpsimd_run_max_ns=567333 miss_residual=0
a11slots point=1024 pass=1 test=set # table all conflicts 1090 slots 17 top32 1090
a11slots point=1024 pass=1 test=set all 357 65 0xaaaad8de8594 0xaaaad8d74594
a11slots point=1024 pass=1 test=set all 2452 65 0xaaaad8e3a650 0xaaaad8dfe650
a11slots point=1024 pass=1 test=set all 196 64 0xaaaad8d94310 0xffffba9d8310
a11slots point=1024 pass=1 test=set all 257 64 0xaaaad8d70404 0xaaaad8d74404
a11slots point=1024 pass=1 test=set all 453 64 0xaaaad8d9c714 0xaaaad8e74714
a11slots point=1024 pass=1 test=set all 883 64 0xaaaad8d6cdcc 0xaaaad8db0dcc
a11slots point=1024 pass=1 test=set all 928 64 0xaaaad8d98e80 0xaaaad8db0e80
a11slots point=1024 pass=1 test=set all 1116 64 0xaaaad8d79170 0xaaaad8d85170
a11slots point=1024 pass=1 test=set all 1472 64 0xaaaad8d79700 0xaaaad8d8d700
a11slots point=1024 pass=1 test=set all 1616 64 0xaaaad8d9d940 0xaaaad8d99940
a11slots point=1024 pass=1 test=set all 1684 64 0xaaaad8d9da50 0xaaaad8d8da50
a11slots point=1024 pass=1 test=set all 1756 64 0xaaaad8d85b70 0xaaaad8d8db70
a11slots point=1024 pass=1 test=set all 1766 64 0xaaaad8e6db98 0xaaaad8d8db98
a11slots point=1024 pass=1 test=set all 1804 64 0xaaaad8d8dc30 0xffffba81dc30
a11slots point=1024 pass=1 test=set all 1813 64 0xaaaad8e6dc54 0xaaaad8d9dc54
a11slots point=1024 pass=1 test=set all 2364 64 0xaaaad8e6e4f0 0xaaaad8d9e4f0
a11slots point=1024 pass=1 test=set all 3164 64 0xaaaad8d7b170 0xaaaad8d97170
a11slots point=1024 pass=1 test=set # table nofp conflicts 80 slots 16 top32 80
a11slots point=1024 pass=1 test=set nofp 236 65 0xaaaad8d703b0 0xaaaad8d8c3b0
a11slots point=1024 pass=1 test=set nofp 196 1 0xaaaad8d94310 0xffffba9d8310
a11slots point=1024 pass=1 test=set nofp 257 1 0xaaaad8d70404 0xaaaad8d74404
a11slots point=1024 pass=1 test=set nofp 453 1 0xaaaad8d9c714 0xaaaad8e74714
a11slots point=1024 pass=1 test=set nofp 883 1 0xaaaad8d6cdcc 0xaaaad8db0dcc
a11slots point=1024 pass=1 test=set nofp 928 1 0xaaaad8d98e80 0xaaaad8db0e80
a11slots point=1024 pass=1 test=set nofp 1116 1 0xaaaad8d79170 0xaaaad8d85170
a11slots point=1024 pass=1 test=set nofp 1472 1 0xaaaad8d79700 0xaaaad8d8d700
a11slots point=1024 pass=1 test=set nofp 1616 1 0xaaaad8d9d940 0xaaaad8d99940
a11slots point=1024 pass=1 test=set nofp 1684 1 0xaaaad8d9da50 0xaaaad8d8da50
a11slots point=1024 pass=1 test=set nofp 1756 1 0xaaaad8d85b70 0xaaaad8d8db70
a11slots point=1024 pass=1 test=set nofp 1766 1 0xaaaad8e6db98 0xaaaad8d8db98
a11slots point=1024 pass=1 test=set nofp 1804 1 0xaaaad8d8dc30 0xffffba81dc30
a11slots point=1024 pass=1 test=set nofp 1813 1 0xaaaad8e6dc54 0xaaaad8d9dc54
a11slots point=1024 pass=1 test=set nofp 2364 1 0xaaaad8e6e4f0 0xaaaad8d9e4f0
a11slots point=1024 pass=1 test=set nofp 3164 1 0xaaaad8d7b170 0xaaaad8d97170
a11 point=1024 pass=1 test=get requests=200000 rps=161681.48 hook_calls=408892 syscalls_in_kernel=398675 fragment_entries=608368 fpsimd_entries=200006 fpsimd_restores=0 chains=200021 chain_cap=0 exit_svc=398676 exit_bl=783 exit_blr=79 exit_br=200002 exit_ret=919 exit_mem=1 exit_unsupported=7908 exit_budget=0 run_declined=12 ibtc_insert=36 ibtc_replace=3 ibtc_clear=0 ibtc_fpsimd_boundary=200003 ibtc_miss_cold=1599 ibtc_miss_conflict=181 ibtc_miss_other=0 fpsimd_run_max_ns=567333 miss_residual=0
a11slots point=1024 pass=1 test=get # table all conflicts 128 slots 2 top32 128
a11slots point=1024 pass=1 test=get all 1600 64 0xaaaad8d91900 0xaaaad8d8d900
a11slots point=1024 pass=1 test=get all 1622 64 0xaaaad8d91958 0xaaaad8d8d958
a11slots point=1024 pass=1 test=get # table nofp conflicts 53 slots 3 top32 53
a11slots point=1024 pass=1 test=get nofp 1345 51 0xaaaad8d71504 0xaaaad8d79504
a11slots point=1024 pass=1 test=get nofp 1600 1 0xaaaad8d91900 0xaaaad8d8d900
a11slots point=1024 pass=1 test=get nofp 1622 1 0xaaaad8d91958 0xaaaad8d8d958
a11 point=off pass=2 test=set requests=200000 rps=217391.30 hook_calls=0 syscalls_in_kernel=0 fragment_entries=0 fpsimd_entries=0 fpsimd_restores=0 chains=0 chain_cap=0 exit_svc=0 exit_bl=0 exit_blr=0 exit_br=0 exit_ret=0 exit_mem=0 exit_unsupported=0 exit_budget=0 run_declined=0 ibtc_insert=0 ibtc_replace=0 ibtc_clear=0 ibtc_fpsimd_boundary=0 ibtc_miss_cold=0 ibtc_miss_conflict=0 ibtc_miss_other=0 fpsimd_run_max_ns=567333 miss_residual=0
a11slots point=off pass=2 test=set # table all conflicts 0 slots 0 top32 0
a11slots point=off pass=2 test=set # table nofp conflicts 0 slots 0 top32 0
a11 point=off pass=2 test=get requests=200000 rps=228050.17 hook_calls=0 syscalls_in_kernel=0 fragment_entries=0 fpsimd_entries=0 fpsimd_restores=0 chains=0 chain_cap=0 exit_svc=0 exit_bl=0 exit_blr=0 exit_br=0 exit_ret=0 exit_mem=0 exit_unsupported=0 exit_budget=0 run_declined=0 ibtc_insert=0 ibtc_replace=0 ibtc_clear=0 ibtc_fpsimd_boundary=0 ibtc_miss_cold=0 ibtc_miss_conflict=0 ibtc_miss_other=0 fpsimd_run_max_ns=567333 miss_residual=0
a11slots point=off pass=2 test=get # table all conflicts 0 slots 0 top32 0
a11slots point=off pass=2 test=get # table nofp conflicts 0 slots 0 top32 0
a11 point=1024 pass=2 test=set requests=200000 rps=141143.25 hook_calls=408823 syscalls_in_kernel=399634 fragment_entries=608266 fpsimd_entries=200001 fpsimd_restores=0 chains=200001 chain_cap=0 exit_svc=399635 exit_bl=498 exit_blr=27 exit_br=200001 exit_ret=271 exit_mem=4 exit_unsupported=7830 exit_budget=0 run_declined=21 ibtc_insert=0 ibtc_replace=0 ibtc_clear=0 ibtc_fpsimd_boundary=200001 ibtc_miss_cold=745 ibtc_miss_conflict=51 ibtc_miss_other=0 fpsimd_run_max_ns=567333 miss_residual=0
a11slots point=1024 pass=2 test=set # table all conflicts 0 slots 0 top32 0
a11slots point=1024 pass=2 test=set # table nofp conflicts 51 slots 1 top32 51
a11slots point=1024 pass=2 test=set nofp 1345 51 0xaaaad8d71504 0xaaaad8d79504
a11 point=1024 pass=2 test=get requests=200000 rps=142348.75 hook_calls=409122 syscalls_in_kernel=399631 fragment_entries=608563 fpsimd_entries=200001 fpsimd_restores=0 chains=200001 chain_cap=0 exit_svc=399631 exit_bl=498 exit_blr=31 exit_br=200001 exit_ret=269 exit_mem=0 exit_unsupported=8133 exit_budget=0 run_declined=25 ibtc_insert=0 ibtc_replace=0 ibtc_clear=0 ibtc_fpsimd_boundary=200001 ibtc_miss_cold=747 ibtc_miss_conflict=51 ibtc_miss_other=0 fpsimd_run_max_ns=7614000 miss_residual=0
a11slots point=1024 pass=2 test=get # table all conflicts 0 slots 0 top32 0
a11slots point=1024 pass=2 test=get # table nofp conflicts 51 slots 1 top32 51
a11slots point=1024 pass=2 test=get nofp 1345 51 0xaaaad8d71504 0xaaaad8d79504
a11 point=off pass=3 test=set requests=200000 rps=211640.22 hook_calls=0 syscalls_in_kernel=0 fragment_entries=0 fpsimd_entries=0 fpsimd_restores=0 chains=0 chain_cap=0 exit_svc=0 exit_bl=0 exit_blr=0 exit_br=0 exit_ret=0 exit_mem=0 exit_unsupported=0 exit_budget=0 run_declined=0 ibtc_insert=0 ibtc_replace=0 ibtc_clear=0 ibtc_fpsimd_boundary=0 ibtc_miss_cold=0 ibtc_miss_conflict=0 ibtc_miss_other=0 fpsimd_run_max_ns=7614000 miss_residual=0
a11slots point=off pass=3 test=set # table all conflicts 0 slots 0 top32 0
a11slots point=off pass=3 test=set # table nofp conflicts 0 slots 0 top32 0
a11 point=off pass=3 test=get requests=200000 rps=226757.36 hook_calls=0 syscalls_in_kernel=0 fragment_entries=0 fpsimd_entries=0 fpsimd_restores=0 chains=0 chain_cap=0 exit_svc=0 exit_bl=0 exit_blr=0 exit_br=0 exit_ret=0 exit_mem=0 exit_unsupported=0 exit_budget=0 run_declined=0 ibtc_insert=0 ibtc_replace=0 ibtc_clear=0 ibtc_fpsimd_boundary=0 ibtc_miss_cold=0 ibtc_miss_conflict=0 ibtc_miss_other=0 fpsimd_run_max_ns=7614000 miss_residual=0
a11slots point=off pass=3 test=get # table all conflicts 0 slots 0 top32 0
a11slots point=off pass=3 test=get # table nofp conflicts 0 slots 0 top32 0
a11 point=1024 pass=3 test=set requests=200000 rps=109349.38 hook_calls=409327 syscalls_in_kernel=399579 fragment_entries=608760 fpsimd_entries=200001 fpsimd_restores=0 chains=200001 chain_cap=0 exit_svc=399579 exit_bl=573 exit_blr=34 exit_br=200001 exit_ret=273 exit_mem=1 exit_unsupported=8299 exit_budget=0 run_declined=25 ibtc_insert=0 ibtc_replace=0 ibtc_clear=0 ibtc_fpsimd_boundary=200001 ibtc_miss_cold=829 ibtc_miss_conflict=51 ibtc_miss_other=0 fpsimd_run_max_ns=7614000 miss_residual=0
a11slots point=1024 pass=3 test=set # table all conflicts 0 slots 0 top32 0
a11slots point=1024 pass=3 test=set # table nofp conflicts 51 slots 1 top32 51
a11slots point=1024 pass=3 test=set nofp 1345 51 0xaaaad8d71504 0xaaaad8d79504
a11 point=1024 pass=3 test=get requests=200000 rps=155159.03 hook_calls=409156 syscalls_in_kernel=399682 fragment_entries=608599 fpsimd_entries=200001 fpsimd_restores=0 chains=200001 chain_cap=0 exit_svc=399682 exit_bl=436 exit_blr=28 exit_br=200001 exit_ret=270 exit_mem=5 exit_unsupported=8177 exit_budget=0 run_declined=23 ibtc_insert=0 ibtc_replace=0 ibtc_clear=0 ibtc_fpsimd_boundary=200001 ibtc_miss_cold=683 ibtc_miss_conflict=51 ibtc_miss_other=0 fpsimd_run_max_ns=7614000 miss_residual=0
a11slots point=1024 pass=3 test=get # table all conflicts 0 slots 0 top32 0
a11slots point=1024 pass=3 test=get # table nofp conflicts 51 slots 1 top32 51
a11slots point=1024 pass=3 test=get nofp 1345 51 0xaaaad8d71504 0xaaaad8d79504
a11maps-end aaaad8d00000-aaaad8f50000 r-xp 00000000 00:03 4263                       /opt/redis/src/redis-server
a11maps-end aaaad8f59000-aaaad8f60000 r--p 00259000 00:03 4263                       /opt/redis/src/redis-server
a11maps-end aaaad8f60000-aaaad8fb9000 rw-p 00260000 00:03 4263                       /opt/redis/src/redis-server
a11maps-end aaaad8fb9000-aaaad91ec000 rw-p 00000000 00:00 0 
a11maps-end aaab0bbdd000-aaab0bbfe000 rw-p 00000000 00:00 0                          [heap]
a11maps-end ffffb7b40000-ffffb7dc0000 rw-p 00000000 00:00 0 
a11maps-end ffffb7dc0000-ffffb7dd0000 ---p 00000000 00:00 0 
a11maps-end ffffb7dd0000-ffffb85d0000 rw-p 00000000 00:00 0 
a11maps-end ffffb85d0000-ffffb85e0000 ---p 00000000 00:00 0 
a11maps-end ffffb85e0000-ffffb8de0000 rw-p 00000000 00:00 0 
a11maps-end ffffb8de0000-ffffb8df0000 ---p 00000000 00:00 0 
a11maps-end ffffb8df0000-ffffb95f0000 rw-p 00000000 00:00 0 
a11maps-end ffffb95f0000-ffffb9600000 ---p 00000000 00:00 0 
a11maps-end ffffb9600000-ffffb9e00000 rw-p 00000000 00:00 0 
a11maps-end ffffb9e00000-ffffba600000 rw-p 00000000 00:00 0 
a11maps-end ffffba740000-ffffba8cc000 r-xp 00000000 00:03 816                        /usr/lib/aarch64-linux-gnu/libc.so.6
a11maps-end ffffba8cc000-ffffba8dc000 ---p 0018c000 00:03 816                        /usr/lib/aarch64-linux-gnu/libc.so.6
a11maps-end ffffba8dc000-ffffba8e0000 r--p 0018c000 00:03 816                        /usr/lib/aarch64-linux-gnu/libc.so.6
a11maps-end ffffba8e0000-ffffba8e2000 rw-p 00190000 00:03 816                        /usr/lib/aarch64-linux-gnu/libc.so.6
a11maps-end ffffba8e2000-ffffba8ef000 rw-p 00000000 00:00 0 
a11maps-end ffffba8f0000-ffffba972000 r-xp 00000000 00:03 863                        /usr/lib/aarch64-linux-gnu/libm.so.6
a11maps-end ffffba972000-ffffba98f000 ---p 00082000 00:03 863                        /usr/lib/aarch64-linux-gnu/libm.so.6
a11maps-end ffffba98f000-ffffba990000 r--p 0008f000 00:03 863                        /usr/lib/aarch64-linux-gnu/libm.so.6
a11maps-end ffffba990000-ffffba991000 rw-p 00090000 00:03 863                        /usr/lib/aarch64-linux-gnu/libm.so.6
a11maps-end ffffba99b000-ffffba9c2000 r-xp 00000000 00:03 796                        /usr/lib/aarch64-linux-gnu/ld-linux-aarch64.so.1
a11maps-end ffffba9cc000-ffffba9d0000 rw-p 00000000 00:00 0 
a11maps-end ffffba9d2000-ffffba9d4000 rw-p 00000000 00:00 0 
a11maps-end ffffba9d4000-ffffba9d8000 r--p 00000000 00:00 0                          [vvar]
a11maps-end ffffba9d8000-ffffba9d9000 r-xp 00000000 00:00 0                          [vdso]
a11maps-end ffffba9d9000-ffffba9db000 r--p 0002e000 00:03 796                        /usr/lib/aarch64-linux-gnu/ld-linux-aarch64.so.1
a11maps-end ffffba9db000-ffffba9dd000 rw-p 00030000 00:03 796                        /usr/lib/aarch64-linux-gnu/ld-linux-aarch64.so.1
a11maps-end ffffd64e1000-ffffd6502000 rw-p 00000000 00:00 0                          [stack]
a11: done
[   35.392968] kjit: 0 of 295 translation requests still queued at unload (freed by the kernel)
[   35.411793] rust_kjit: ######## Rust KJIT exits ########
kjit-init: rmmod kjit ok
kjit-init: run exit=0
[   35.434175] reboot: Power down
guest-run: PASS (/Volumes/Local/kjit-a4b2/build/runs/meas-v4-20261009-023727/serial.log)
grun: rc=0 run_dir=/Volumes/Local/kjit-a4b2/build/runs/meas-v4-20261009-023727
