guest-run: profile=kjit-guest run-dir=/Volumes/Local/kjit-a4b2/build/runs/meas-v5-20261009-024444
[    0.000000] Booting Linux on physical CPU 0x0000000000 [0x610f0000]
[    0.000000] Linux version 7.1.0-rc1 (@6906d107117b) (Ubuntu clang version 18.1.3 (1ubuntu1), Ubuntu LLD 18.1.3) #1 SMP PREEMPT Fri Oct  2 08:37:58 UTC 2026
[    0.000000] random: crng init done
[    0.000000] Machine model: linux,dummy-virt
[    0.000000] OF: reserved mem: Reserved memory: No reserved-memory node in the DT
[    0.000000] psci: probing for conduit method from DT.
[    0.000000] psci: PSCIv1.1 detected in firmware.
[    0.000000] psci: Using standard PSCI v0.2 function IDs
[    0.000000] psci: Trusted OS migration not required
[    0.000000] psci: SMC Calling Convention v1.0
[    0.000000] Zone ranges:
[    0.000000]   Normal   [mem 0x0000000040000000-0x000000013fffffff]
[    0.000000] Movable zone start for each node
[    0.000000] Early memory node ranges
[    0.000000]   node   0: [mem 0x0000000040000000-0x000000013fffffff]
[    0.000000] Initmem setup node 0 [mem 0x0000000040000000-0x000000013fffffff]
[    0.000000] percpu: Embedded 19 pages/cpu s38488 r8192 d31144 u77824
[    0.000000] Detected PIPT I-cache on CPU0
[    0.000000] CPU features: detected: Address authentication (IMP DEF algorithm)
[    0.000000] CPU features: detected: Spectre-v4
[    0.000000] CPU features: detected: Spectre-BHB
[    0.000000] alternatives: applying boot alternatives
[    0.000000] Kernel command line: console=ttyAMA0 panic=-1 nokaslr
[    0.000000] Unknown kernel command line parameters "nokaslr", will be passed to user space.
[    0.000000] printk: log buffer data + meta data: 131072 + 458752 = 589824 bytes
[    0.000000] Dentry cache hash table entries: 524288 (order: 10, 4194304 bytes, linear)
[    0.000000] Inode-cache hash table entries: 262144 (order: 9, 2097152 bytes, linear)
[    0.000000] software IO TLB: SWIOTLB bounce buffer size adjusted to 4MB
[    0.000000] software IO TLB: area num 4.
[    0.000000] software IO TLB: mapped [mem 0x000000013ac00000-0x000000013b000000] (4MB)
[    0.000000] Built 1 zonelists, mobility grouping on.  Total pages: 1048576
[    0.000000] mem auto-init: stack:all(zero), heap alloc:off, heap free:off
[    0.000000] SLUB: HWalign=64, Order=0-3, MinObjects=0, CPUs=4, Nodes=1
[    0.000000] rcu: Preemptible hierarchical RCU implementation.
[    0.000000] rcu: 	RCU restricting CPUs from NR_CPUS=512 to nr_cpu_ids=4.
[    0.000000] rcu: RCU calculated value of scheduler-enlistment delay is 25 jiffies.
[    0.000000] rcu: Adjusting geometry for rcu_fanout_leaf=16, nr_cpu_ids=4
[    0.000000] NR_IRQS: 64, nr_irqs: 64, preallocated irqs: 0
[    0.000000] Root IRQ handler: gic_handle_irq
[    0.000000] GICv2m: range[mem 0x08020000-0x08020fff], SPI[80:143]
[    0.000000] rcu: srcu_init: Setting srcu_struct sizes based on contention.
[    0.000000] arch_timer: cp15 timer running at 24.00MHz (virt).
[    0.000000] clocksource: arch_sys_counter: mask: 0xffffffffffffff max_cycles: 0x588fe9dc0, max_idle_ns: 440795202592 ns
[    0.000000] sched_clock: 56 bits at 24MHz, resolution 41ns, wraps every 4398046511097ns
[    0.000089] Console: colour dummy device 80x25
[    0.000099] Calibrating delay loop (skipped), value calculated using timer frequency.. 48.00 BogoMIPS (lpj=96000)
[    0.000103] pid_max: default: 32768 minimum: 301
[    0.000273] Mount-cache hash table entries: 8192 (order: 4, 65536 bytes, linear)
[    0.000284] Mountpoint-cache hash table entries: 8192 (order: 4, 65536 bytes, linear)
[    0.000356] VFS: Finished mounting rootfs on nullfs
[    0.000490] cacheinfo: Unable to detect cache hierarchy for CPU 0
[    0.000591] rcu: Hierarchical SRCU implementation.
[    0.000591] rcu: 	Max phase no-delay instances is 1000.
[    0.000609] Timer migration: 1 hierarchy levels; 8 children per group; 1 crossnode level
[    0.000643] smp: Bringing up secondary CPUs ...
[    0.000840] Detected PIPT I-cache on CPU1
[    0.000939] CPU1: Booted secondary processor 0x0000000001 [0x610f0000]
[    0.001217] Detected PIPT I-cache on CPU2
[    0.001305] CPU2: Booted secondary processor 0x0000000002 [0x610f0000]
[    0.001552] Detected PIPT I-cache on CPU3
[    0.001657] CPU3: Booted secondary processor 0x0000000003 [0x610f0000]
[    0.001735] smp: Brought up 1 node, 4 CPUs
[    0.001737] SMP: Total of 4 processors activated.
[    0.001737] CPU: All CPU(s) started at EL1
[    0.001738] CPU features: detected: ARMv8.4 Translation Table Level
[    0.001738] CPU features: detected: Data cache clean to the PoU not required for I/D coherence
[    0.001739] CPU features: detected: CRC32 instructions
[    0.001739] CPU features: detected: Data independent timing control (DIT)
[    0.001739] CPU features: detected: E0PD
[    0.001740] CPU features: detected: Generic authentication (IMP DEF algorithm)
[    0.001741] CPU features: detected: RCpc load-acquire (LDAPR)
[    0.001741] CPU features: detected: LSE atomic instructions
[    0.001741] CPU features: detected: Privileged Access Never
[    0.001742] CPU features: detected: Speculation barrier (SB)
[    0.001742] CPU features: detected: TLB range maintenance instructions
[    0.001743] CPU features: detected: XNX
[    0.001908] alternatives: applying system-wide alternatives
[    0.002895] Memory: 3934216K/4194304K available (5248K kernel code, 754K rwdata, 2356K rodata, 576K init, 405K bss, 256908K reserved, 0K cma-reserved)
[    0.003187] devtmpfs: initialized
[    0.003502] clocksource: jiffies: mask: 0xffffffff max_cycles: 0xffffffff, max_idle_ns: 7645041785100000 ns
[    0.003507] posixtimers hash table entries: 2048 (order: 3, 32768 bytes, linear)
[    0.003528] futex hash table entries: 1024 (65536 bytes on 1 NUMA nodes, total 64 KiB, linear).
[    0.003535] 30384 pages in range for non-PLT usage
[    0.003535] 521904 pages in range for PLT usage
[    0.003608] NET: Registered PF_NETLINK/PF_ROUTE protocol family
[    0.004145] DMA: preallocated 512 KiB GFP_KERNEL pool for atomic allocations
[    0.004190] ASID allocator initialised with 256 entries
[    0.004198] Serial: AMBA PL011 UART driver
[    0.004697] 9000000.pl011: ttyAMA0 at MMIO 0x9000000 (irq = 13, base_baud = 0) is a PL011 rev1
[    0.004800] printk: console [ttyAMA0] enabled
[    0.010780] vgaarb: loaded
[    0.011077] clocksource: Switched to clocksource arch_sys_counter
[    0.021662] NET: Registered PF_INET protocol family
[    0.021753] IP idents hash table entries: 65536 (order: 7, 524288 bytes, linear)
[    0.022178] tcp_listen_portaddr_hash hash table entries: 2048 (order: 3, 32768 bytes, linear)
[    0.022188] Table-perturb hash table entries: 65536 (order: 6, 262144 bytes, linear)
[    0.022190] TCP established hash table entries: 32768 (order: 6, 262144 bytes, linear)
[    0.022244] TCP bind hash table entries: 32768 (order: 8, 1048576 bytes, linear)
[    0.022427] TCP: Hash tables configured (established 32768 bind 32768)
[    0.022454] UDP hash table entries: 2048 (order: 5, 131072 bytes, linear)
[    0.022537] NET: Registered PF_UNIX/PF_LOCAL protocol family
[    0.022545] PCI: CLS 0 bytes, default 64
[    0.022850] Unpacking initramfs...
[    0.023619] workingset: timestamp_bits=46 (anon: 42) max_order=20 bucket_order=0 (anon: 0)
[    0.023789] 9p: Installing v9fs 9p2000 file system support
[    0.024309] pci-host-generic 4010000000.pcie: host bridge /pcie@10000000 ranges:
[    0.024315] pci-host-generic 4010000000.pcie:       IO 0x003eff0000..0x003effffff -> 0x0000000000
[    0.024317] pci-host-generic 4010000000.pcie:      MEM 0x0010000000..0x003efeffff -> 0x0010000000
[    0.024318] pci-host-generic 4010000000.pcie:      MEM 0x8000000000..0xffffffffff -> 0x8000000000
[    0.024324] pci-host-generic 4010000000.pcie: Memory resource size exceeds max for 32 bits
[    0.024334] pci-host-generic 4010000000.pcie: ECAM at [mem 0x4010000000-0x401fffffff] for [bus 00-ff]
[    0.024347] pci-host-generic 4010000000.pcie: PCI host bridge to bus 0000:00
[    0.024348] pci_bus 0000:00: root bus resource [bus 00-ff]
[    0.024349] pci_bus 0000:00: root bus resource [io  0x0000-0xffff]
[    0.024350] pci_bus 0000:00: root bus resource [mem 0x10000000-0x3efeffff]
[    0.024350] pci_bus 0000:00: root bus resource [mem 0x8000000000-0xffffffffff]
[    0.024397] pci 0000:00:00.0: [1b36:0008] type 00 class 0x060000 conventional PCI endpoint
[    0.024811] pci 0000:00:01.0: [1af4:1000] type 00 class 0x020000 conventional PCI endpoint
[    0.024901] pci 0000:00:01.0: BAR 0 [io  0x0000-0x001f]
[    0.024904] pci 0000:00:01.0: BAR 1 [mem 0x00000000-0x00000fff]
[    0.024917] pci 0000:00:01.0: BAR 4 [mem 0x00000000-0x00003fff 64bit pref]
[    0.024919] pci 0000:00:01.0: ROM [mem 0x00000000-0x0003ffff pref]
[    0.025302] pci 0000:00:02.0: [1af4:1009] type 00 class 0x000200 conventional PCI endpoint
[    0.025388] pci 0000:00:02.0: BAR 0 [io  0x0000-0x003f]
[    0.025391] pci 0000:00:02.0: BAR 1 [mem 0x00000000-0x00000fff]
[    0.025410] pci 0000:00:02.0: BAR 4 [mem 0x00000000-0x00003fff 64bit pref]
[    0.025676] pci 0000:00:03.0: [1af4:1005] type 00 class 0x00ff00 conventional PCI endpoint
[    0.025898] pci 0000:00:03.0: BAR 0 [io  0x0000-0x001f]
[    0.025901] pci 0000:00:03.0: BAR 1 [mem 0x00000000-0x00000fff]
[    0.025908] pci 0000:00:03.0: BAR 4 [mem 0x00000000-0x00003fff 64bit pref]
[    0.026441] pci 0000:00:01.0: ROM [mem 0x10000000-0x1003ffff pref]: assigned
[    0.026443] pci 0000:00:01.0: BAR 4 [mem 0x8000000000-0x8000003fff 64bit pref]: assigned
[    0.026458] pci 0000:00:02.0: BAR 4 [mem 0x8000004000-0x8000007fff 64bit pref]: assigned
[    0.026503] pci 0000:00:03.0: BAR 4 [mem 0x8000008000-0x800000bfff 64bit pref]: assigned
[    0.026579] pci 0000:00:01.0: BAR 1 [mem 0x10040000-0x10040fff]: assigned
[    0.026586] pci 0000:00:02.0: BAR 1 [mem 0x10041000-0x10041fff]: assigned
[    0.026590] pci 0000:00:03.0: BAR 1 [mem 0x10042000-0x10042fff]: assigned
[    0.026593] pci 0000:00:02.0: BAR 0 [io  0x1000-0x103f]: assigned
[    0.026596] pci 0000:00:01.0: BAR 0 [io  0x1040-0x105f]: assigned
[    0.026599] pci 0000:00:03.0: BAR 0 [io  0x1060-0x107f]: assigned
[    0.026604] pci_bus 0000:00: resource 4 [io  0x0000-0xffff]
[    0.026605] pci_bus 0000:00: resource 5 [mem 0x10000000-0x3efeffff]
[    0.026605] pci_bus 0000:00: resource 6 [mem 0x8000000000-0xffffffffff]
[    0.028096] virtio-pci 0000:00:01.0: enabling device (0000 -> 0003)
[    0.028882] virtio-pci 0000:00:02.0: enabling device (0000 -> 0003)
[    0.029510] virtio-pci 0000:00:03.0: enabling device (0000 -> 0003)
[    0.093870] rtc-pl031 9010000.pl031: registered as rtc0
[    0.093913] rtc-pl031 9010000.pl031: setting system clock to 2026-10-08T18:44:45 UTC (1791485085)
[    0.094046] NET: Registered PF_INET6 protocol family
[    0.094411] Segment Routing with IPv6
[    0.094418] In-situ OAM (IOAM) with IPv6
[    0.094425] sit: IPv6, IPv4 and MPLS over IPv4 tunneling driver
[    0.094474] NET: Registered PF_PACKET protocol family
[    0.094479] 9pnet: Installing 9P2000 support
[    0.099274] clk: Disabling unused clocks
[    0.108875] Freeing initrd memory: 161888K
[    0.109268] Freeing unused kernel memory: 576K
[    0.109318] Run /init as init process
[    0.123698] kjit: loading out-of-tree module taints kernel.
[    0.124729] rust_kjit: ######## Rust KJIT inits ########
[    0.124752] rust_kjit: kjit: dispatch variant 5
[    0.124797] rust_kjit: golden tests/arm64/toy_cfg.s:hot_svc_mark translated for dispatch variant 5; byte comparison skipped (reference is variant 0)
kjit-init: insmod kjit.ko ok
meas: variant=5
rep 0 variant=gpr enabled=0 outer=200000 calls=16 ns_per_outer=141.5 ns_per_call=8.84
rep 1 variant=gpr enabled=0 outer=200000 calls=16 ns_per_outer=141.9 ns_per_call=8.87
rep 2 variant=gpr enabled=0 outer=200000 calls=16 ns_per_outer=142.3 ns_per_call=8.90
rep 3 variant=gpr enabled=0 outer=200000 calls=16 ns_per_outer=141.7 ns_per_call=8.86
rep 4 variant=gpr enabled=0 outer=200000 calls=16 ns_per_outer=142.3 ns_per_call=8.89
rep 5 variant=gpr enabled=0 outer=200000 calls=16 ns_per_outer=140.1 ns_per_call=8.76
rep 6 variant=gpr enabled=0 outer=200000 calls=16 ns_per_outer=143.3 ns_per_call=8.96
result variant=gpr enabled=0 outer=200000 calls=16 reps=7 median_ns_per_outer=141.9 median_ns_per_call=8.87 min_ns_per_call=8.76 acc=25600000
[    0.375996] kjit: translate_svc_sites pid 69: 2 text ranges, 111 svc sites
[    0.376355] rust_kjit: kjit: pc 0x400fe8: installed 532 bytes, 0 fault sites, 2 entries, text 0x400fe8..0x400ff0, fpsimd false
[    0.376938] rust_kjit: kjit: pc 0x400fcc: installed 1104 bytes, 1 fault sites, 11 entries, text 0x400fbc..0x400fe8, fpsimd false
rep 0 variant=gpr enabled=1 outer=20000 calls=16 ns_per_outer=151.3 ns_per_call=9.45
rep 1 variant=gpr enabled=1 outer=20000 calls=16 ns_per_outer=151.6 ns_per_call=9.48
rep 2 variant=gpr enabled=1 outer=20000 calls=16 ns_per_outer=154.2 ns_per_call=9.64
rep 3 variant=gpr enabled=1 outer=20000 calls=16 ns_per_outer=157.9 ns_per_call=9.87
rep 4 variant=gpr enabled=1 outer=20000 calls=16 ns_per_outer=146.4 ns_per_call=9.15
rep 5 variant=gpr enabled=1 outer=20000 calls=16 ns_per_outer=149.7 ns_per_call=9.36
rep 6 variant=gpr enabled=1 outer=20000 calls=16 ns_per_outer=149.8 ns_per_call=9.36
result variant=gpr enabled=1 outer=20000 calls=16 reps=7 median_ns_per_outer=151.3 median_ns_per_call=9.45 min_ns_per_call=9.15 acc=2560000
counters variant=gpr timed_outer=140000 hook_calls=140045 syscalls_in_kernel=139965 fragment_entries=140045 fpsimd_entries=1 fpsimd_restores=0 chains=0 chain_cap=0 exit_svc=139965 exit_bl=0 exit_blr=0 exit_br=0 exit_ret=80 exit_mem=0 exit_unsupported=0 exit_budget=0 run_declined=0
rep 0 variant=fp enabled=0 outer=200000 calls=16 ns_per_outer=175.7 ns_per_call=10.98
rep 1 variant=fp enabled=0 outer=200000 calls=16 ns_per_outer=179.9 ns_per_call=11.25
rep 2 variant=fp enabled=0 outer=200000 calls=16 ns_per_outer=178.2 ns_per_call=11.14
rep 3 variant=fp enabled=0 outer=200000 calls=16 ns_per_outer=178.9 ns_per_call=11.18
rep 4 variant=fp enabled=0 outer=200000 calls=16 ns_per_outer=177.8 ns_per_call=11.11
rep 5 variant=fp enabled=0 outer=200000 calls=16 ns_per_outer=177.5 ns_per_call=11.09
rep 6 variant=fp enabled=0 outer=200000 calls=16 ns_per_outer=174.7 ns_per_call=10.92
result variant=fp enabled=0 outer=200000 calls=16 reps=7 median_ns_per_outer=177.8 median_ns_per_call=11.11 min_ns_per_call=10.92 acc=25600000
[    0.724556] kjit: translate_svc_sites pid 73: 2 text ranges, 111 svc sites
[    0.725014] rust_kjit: kjit: pc 0x401028: installed 540 bytes, 0 fault sites, 4 entries, text 0x401028..0x401038, fpsimd true
[    0.725526] rust_kjit: kjit: pc 0x40100c: installed 1104 bytes, 1 fault sites, 11 entries, text 0x400ffc..0x401028, fpsimd false
rep 0 variant=fp enabled=1 outer=20000 calls=16 ns_per_outer=214.4 ns_per_call=13.40
rep 1 variant=fp enabled=1 outer=20000 calls=16 ns_per_outer=218.0 ns_per_call=13.62
rep 2 variant=fp enabled=1 outer=20000 calls=16 ns_per_outer=212.8 ns_per_call=13.30
rep 3 variant=fp enabled=1 outer=20000 calls=16 ns_per_outer=222.9 ns_per_call=13.93
rep 4 variant=fp enabled=1 outer=20000 calls=16 ns_per_outer=217.3 ns_per_call=13.58
rep 5 variant=fp enabled=1 outer=20000 calls=16 ns_per_outer=220.0 ns_per_call=13.75
rep 6 variant=fp enabled=1 outer=20000 calls=16 ns_per_outer=217.5 ns_per_call=13.59
result variant=fp enabled=1 outer=20000 calls=16 reps=7 median_ns_per_outer=217.5 median_ns_per_call=13.59 min_ns_per_call=13.30 acc=2560000
counters variant=fp timed_outer=140000 hook_calls=140045 syscalls_in_kernel=139965 fragment_entries=280017 fpsimd_entries=139973 fpsimd_restores=0 chains=139972 chain_cap=0 exit_svc=139965 exit_bl=139972 exit_blr=0 exit_br=0 exit_ret=80 exit_mem=0 exit_unsupported=0 exit_budget=0 run_declined=0
rep 0 variant=gpr enabled=0 outer=200000 calls=128 ns_per_outer=255.7 ns_per_call=2.00
rep 1 variant=gpr enabled=0 outer=200000 calls=128 ns_per_outer=257.9 ns_per_call=2.01
rep 2 variant=gpr enabled=0 outer=200000 calls=128 ns_per_outer=254.5 ns_per_call=1.99
rep 3 variant=gpr enabled=0 outer=200000 calls=128 ns_per_outer=255.4 ns_per_call=2.00
rep 4 variant=gpr enabled=0 outer=200000 calls=128 ns_per_outer=256.6 ns_per_call=2.00
rep 5 variant=gpr enabled=0 outer=200000 calls=128 ns_per_outer=254.6 ns_per_call=1.99
rep 6 variant=gpr enabled=0 outer=200000 calls=128 ns_per_outer=255.8 ns_per_call=2.00
result variant=gpr enabled=0 outer=200000 calls=128 reps=7 median_ns_per_outer=255.7 median_ns_per_call=2.00 min_ns_per_call=1.99 acc=204800000
[    1.210943] kjit: translate_svc_sites pid 76: 2 text ranges, 111 svc sites
[    1.211544] rust_kjit: kjit: pc 0x400fe8: installed 532 bytes, 0 fault sites, 2 entries, text 0x400fe8..0x400ff0, fpsimd false
[    1.212097] rust_kjit: kjit: pc 0x400fcc: installed 1104 bytes, 1 fault sites, 11 entries, text 0x400fbc..0x400fe8, fpsimd false
rep 0 variant=gpr enabled=1 outer=20000 calls=128 ns_per_outer=832.9 ns_per_call=6.51
rep 1 variant=gpr enabled=1 outer=20000 calls=128 ns_per_outer=857.5 ns_per_call=6.70
rep 2 variant=gpr enabled=1 outer=20000 calls=128 ns_per_outer=836.9 ns_per_call=6.54
rep 3 variant=gpr enabled=1 outer=20000 calls=128 ns_per_outer=859.6 ns_per_call=6.72
rep 4 variant=gpr enabled=1 outer=20000 calls=128 ns_per_outer=839.6 ns_per_call=6.56
rep 5 variant=gpr enabled=1 outer=20000 calls=128 ns_per_outer=848.4 ns_per_call=6.63
rep 6 variant=gpr enabled=1 outer=20000 calls=128 ns_per_outer=840.7 ns_per_call=6.57
result variant=gpr enabled=1 outer=20000 calls=128 reps=7 median_ns_per_outer=840.7 median_ns_per_call=6.57 min_ns_per_call=6.51 acc=20480000
counters variant=gpr timed_outer=140000 hook_calls=140045 syscalls_in_kernel=139965 fragment_entries=140045 fpsimd_entries=1 fpsimd_restores=0 chains=0 chain_cap=0 exit_svc=139965 exit_bl=0 exit_blr=0 exit_br=0 exit_ret=80 exit_mem=0 exit_unsupported=0 exit_budget=0 run_declined=0
rep 0 variant=fp enabled=0 outer=200000 calls=128 ns_per_outer=537.4 ns_per_call=4.20
rep 1 variant=fp enabled=0 outer=200000 calls=128 ns_per_outer=536.2 ns_per_call=4.19
rep 2 variant=fp enabled=0 outer=200000 calls=128 ns_per_outer=534.0 ns_per_call=4.17
rep 3 variant=fp enabled=0 outer=200000 calls=128 ns_per_outer=540.7 ns_per_call=4.22
rep 4 variant=fp enabled=0 outer=200000 calls=128 ns_per_outer=540.3 ns_per_call=4.22
rep 5 variant=fp enabled=0 outer=200000 calls=128 ns_per_outer=537.9 ns_per_call=4.20
rep 6 variant=fp enabled=0 outer=200000 calls=128 ns_per_outer=533.8 ns_per_call=4.17
result variant=fp enabled=0 outer=200000 calls=128 reps=7 median_ns_per_outer=537.4 median_ns_per_call=4.20 min_ns_per_call=4.17 acc=204800000
[    2.248395] kjit: translate_svc_sites pid 78: 2 text ranges, 111 svc sites
[    2.248783] rust_kjit: kjit: pc 0x401028: installed 540 bytes, 0 fault sites, 4 entries, text 0x401028..0x401038, fpsimd true
[    2.249326] rust_kjit: kjit: pc 0x40100c: installed 1104 bytes, 1 fault sites, 11 entries, text 0x400ffc..0x401028, fpsimd false
rep 0 variant=fp enabled=1 outer=20000 calls=128 ns_per_outer=910.3 ns_per_call=7.11
rep 1 variant=fp enabled=1 outer=20000 calls=128 ns_per_outer=927.4 ns_per_call=7.25
rep 2 variant=fp enabled=1 outer=20000 calls=128 ns_per_outer=926.7 ns_per_call=7.24
rep 3 variant=fp enabled=1 outer=20000 calls=128 ns_per_outer=924.9 ns_per_call=7.23
rep 4 variant=fp enabled=1 outer=20000 calls=128 ns_per_outer=924.6 ns_per_call=7.22
rep 5 variant=fp enabled=1 outer=20000 calls=128 ns_per_outer=952.8 ns_per_call=7.44
rep 6 variant=fp enabled=1 outer=20000 calls=128 ns_per_outer=932.7 ns_per_call=7.29
result variant=fp enabled=1 outer=20000 calls=128 reps=7 median_ns_per_outer=926.7 median_ns_per_call=7.24 min_ns_per_call=7.11 acc=20480000
counters variant=fp timed_outer=140000 hook_calls=140045 syscalls_in_kernel=139965 fragment_entries=280017 fpsimd_entries=139973 fpsimd_restores=0 chains=139972 chain_cap=0 exit_svc=139965 exit_bl=139972 exit_blr=0 exit_br=0 exit_ret=80 exit_mem=0 exit_unsupported=0 exit_budget=0 run_declined=0
rep 0 variant=gpr enabled=0 outer=200000 calls=256 ns_per_outer=382.1 ns_per_call=1.49
rep 1 variant=gpr enabled=0 outer=200000 calls=256 ns_per_outer=379.8 ns_per_call=1.48
rep 2 variant=gpr enabled=0 outer=200000 calls=256 ns_per_outer=377.7 ns_per_call=1.48
rep 3 variant=gpr enabled=0 outer=200000 calls=256 ns_per_outer=379.6 ns_per_call=1.48
rep 4 variant=gpr enabled=0 outer=200000 calls=256 ns_per_outer=377.2 ns_per_call=1.47
rep 5 variant=gpr enabled=0 outer=200000 calls=256 ns_per_outer=378.5 ns_per_call=1.48
rep 6 variant=gpr enabled=0 outer=200000 calls=256 ns_per_outer=393.1 ns_per_call=1.54
result variant=gpr enabled=0 outer=200000 calls=256 reps=7 median_ns_per_outer=379.6 median_ns_per_call=1.48 min_ns_per_call=1.47 acc=409600000
[    3.047355] kjit: translate_svc_sites pid 80: 2 text ranges, 111 svc sites
[    3.047797] rust_kjit: kjit: pc 0x400fe8: installed 532 bytes, 0 fault sites, 2 entries, text 0x400fe8..0x400ff0, fpsimd false
[    3.048348] rust_kjit: kjit: pc 0x400fcc: installed 1104 bytes, 1 fault sites, 11 entries, text 0x400fbc..0x400fe8, fpsimd false
rep 0 variant=gpr enabled=1 outer=20000 calls=256 ns_per_outer=1656.4 ns_per_call=6.47
rep 1 variant=gpr enabled=1 outer=20000 calls=256 ns_per_outer=1639.6 ns_per_call=6.40
rep 2 variant=gpr enabled=1 outer=20000 calls=256 ns_per_outer=1647.0 ns_per_call=6.43
rep 3 variant=gpr enabled=1 outer=20000 calls=256 ns_per_outer=1655.8 ns_per_call=6.47
rep 4 variant=gpr enabled=1 outer=20000 calls=256 ns_per_outer=1656.6 ns_per_call=6.47
rep 5 variant=gpr enabled=1 outer=20000 calls=256 ns_per_outer=1904.6 ns_per_call=7.44
rep 6 variant=gpr enabled=1 outer=20000 calls=256 ns_per_outer=1637.7 ns_per_call=6.40
result variant=gpr enabled=1 outer=20000 calls=256 reps=7 median_ns_per_outer=1655.8 median_ns_per_call=6.47 min_ns_per_call=6.40 acc=40960000
counters variant=gpr timed_outer=140000 hook_calls=140045 syscalls_in_kernel=139965 fragment_entries=140045 fpsimd_entries=1 fpsimd_restores=0 chains=0 chain_cap=0 exit_svc=139965 exit_bl=0 exit_blr=0 exit_br=0 exit_ret=80 exit_mem=0 exit_unsupported=0 exit_budget=0 run_declined=0
rep 0 variant=fp enabled=0 outer=200000 calls=256 ns_per_outer=944.8 ns_per_call=3.69
rep 1 variant=fp enabled=0 outer=200000 calls=256 ns_per_outer=946.8 ns_per_call=3.70
rep 2 variant=fp enabled=0 outer=200000 calls=256 ns_per_outer=950.5 ns_per_call=3.71
rep 3 variant=fp enabled=0 outer=200000 calls=256 ns_per_outer=943.9 ns_per_call=3.69
rep 4 variant=fp enabled=0 outer=200000 calls=256 ns_per_outer=945.4 ns_per_call=3.69
rep 5 variant=fp enabled=0 outer=200000 calls=256 ns_per_outer=943.2 ns_per_call=3.68
rep 6 variant=fp enabled=0 outer=200000 calls=256 ns_per_outer=947.8 ns_per_call=3.70
result variant=fp enabled=0 outer=200000 calls=256 reps=7 median_ns_per_outer=945.4 median_ns_per_call=3.69 min_ns_per_call=3.68 acc=409600000
[    4.871958] kjit: translate_svc_sites pid 82: 2 text ranges, 111 svc sites
[    4.872326] rust_kjit: kjit: pc 0x401028: installed 540 bytes, 0 fault sites, 4 entries, text 0x401028..0x401038, fpsimd true
[    4.872844] rust_kjit: kjit: pc 0x40100c: installed 1104 bytes, 1 fault sites, 11 entries, text 0x400ffc..0x401028, fpsimd false
rep 0 variant=fp enabled=1 outer=20000 calls=256 ns_per_outer=1753.4 ns_per_call=6.85
rep 1 variant=fp enabled=1 outer=20000 calls=256 ns_per_outer=1738.2 ns_per_call=6.79
rep 2 variant=fp enabled=1 outer=20000 calls=256 ns_per_outer=1729.1 ns_per_call=6.75
rep 3 variant=fp enabled=1 outer=20000 calls=256 ns_per_outer=1739.6 ns_per_call=6.80
rep 4 variant=fp enabled=1 outer=20000 calls=256 ns_per_outer=1739.5 ns_per_call=6.80
rep 5 variant=fp enabled=1 outer=20000 calls=256 ns_per_outer=1735.4 ns_per_call=6.78
rep 6 variant=fp enabled=1 outer=20000 calls=256 ns_per_outer=1731.8 ns_per_call=6.76
result variant=fp enabled=1 outer=20000 calls=256 reps=7 median_ns_per_outer=1738.2 median_ns_per_call=6.79 min_ns_per_call=6.75 acc=40960000
counters variant=fp timed_outer=140000 hook_calls=140045 syscalls_in_kernel=139965 fragment_entries=280017 fpsimd_entries=139973 fpsimd_restores=0 chains=139972 chain_cap=0 exit_svc=139965 exit_bl=139972 exit_blr=0 exit_br=0 exit_ret=80 exit_mem=0 exit_unsupported=0 exit_budget=0 run_declined=0
a11: ibtc_variant=5
a11: warm-up at off
a11maps aaaad88b0000-aaaad8b00000 r-xp 00000000 00:03 4263                       /opt/redis/src/redis-server
a11maps aaaad8b09000-aaaad8b10000 r--p 00259000 00:03 4263                       /opt/redis/src/redis-server
a11maps aaaad8b10000-aaaad8b69000 rw-p 00260000 00:03 4263                       /opt/redis/src/redis-server
a11maps aaaad8b69000-aaaad8d9c000 rw-p 00000000 00:00 0 
a11maps aaaae614a000-aaaae616b000 rw-p 00000000 00:00 0                          [heap]
a11maps ffff98740000-ffff989c0000 rw-p 00000000 00:00 0 
a11maps ffff989c0000-ffff989d0000 ---p 00000000 00:00 0 
a11maps ffff989d0000-ffff991d0000 rw-p 00000000 00:00 0 
a11maps ffff991d0000-ffff991e0000 ---p 00000000 00:00 0 
a11maps ffff991e0000-ffff999e0000 rw-p 00000000 00:00 0 
a11maps ffff999e0000-ffff999f0000 ---p 00000000 00:00 0 
a11maps ffff999f0000-ffff9a1f0000 rw-p 00000000 00:00 0 
a11maps ffff9a1f0000-ffff9a200000 ---p 00000000 00:00 0 
a11maps ffff9a200000-ffff9aa00000 rw-p 00000000 00:00 0 
a11maps ffff9aa00000-ffff9b200000 rw-p 00000000 00:00 0 
a11maps ffff9b2c0000-ffff9b44c000 r-xp 00000000 00:03 816                        /usr/lib/aarch64-linux-gnu/libc.so.6
a11maps ffff9b44c000-ffff9b45c000 ---p 0018c000 00:03 816                        /usr/lib/aarch64-linux-gnu/libc.so.6
a11maps ffff9b45c000-ffff9b460000 r--p 0018c000 00:03 816                        /usr/lib/aarch64-linux-gnu/libc.so.6
a11maps ffff9b460000-ffff9b462000 rw-p 00190000 00:03 816                        /usr/lib/aarch64-linux-gnu/libc.so.6
a11maps ffff9b462000-ffff9b46f000 rw-p 00000000 00:00 0 
a11maps ffff9b470000-ffff9b4f2000 r-xp 00000000 00:03 863                        /usr/lib/aarch64-linux-gnu/libm.so.6
a11maps ffff9b4f2000-ffff9b50f000 ---p 00082000 00:03 863                        /usr/lib/aarch64-linux-gnu/libm.so.6
a11maps ffff9b50f000-ffff9b510000 r--p 0008f000 00:03 863                        /usr/lib/aarch64-linux-gnu/libm.so.6
a11maps ffff9b510000-ffff9b511000 rw-p 00090000 00:03 863                        /usr/lib/aarch64-linux-gnu/libm.so.6
a11maps ffff9b51e000-ffff9b545000 r-xp 00000000 00:03 796                        /usr/lib/aarch64-linux-gnu/ld-linux-aarch64.so.1
a11maps ffff9b54f000-ffff9b553000 rw-p 00000000 00:00 0 
a11maps ffff9b555000-ffff9b557000 rw-p 00000000 00:00 0 
a11maps ffff9b557000-ffff9b55b000 r--p 00000000 00:00 0                          [vvar]
a11maps ffff9b55b000-ffff9b55c000 r-xp 00000000 00:00 0                          [vdso]
a11maps ffff9b55c000-ffff9b55e000 r--p 0002e000 00:03 796                        /usr/lib/aarch64-linux-gnu/ld-linux-aarch64.so.1
a11maps ffff9b55e000-ffff9b560000 rw-p 00030000 00:03 796                        /usr/lib/aarch64-linux-gnu/ld-linux-aarch64.so.1
a11maps ffffc4372000-ffffc4393000 rw-p 00000000 00:00 0                          [stack]
a11 point=off pass=1 test=set requests=200000 rps=232828.86 hook_calls=0 syscalls_in_kernel=0 fragment_entries=0 fpsimd_entries=0 fpsimd_restores=0 chains=0 chain_cap=0 exit_svc=0 exit_bl=0 exit_blr=0 exit_br=0 exit_ret=0 exit_mem=0 exit_unsupported=0 exit_budget=0 run_declined=0 ibtc_insert=0 ibtc_replace=0 ibtc_clear=0 ibtc_fpsimd_boundary=0 ibtc_miss_cold=0 ibtc_miss_conflict=0 ibtc_miss_other=0 fpsimd_run_max_ns=59791 miss_residual=0
a11slots point=off pass=1 test=set # table all conflicts 0 slots 0 top32 0
a11slots point=off pass=1 test=set # table nofp conflicts 0 slots 0 top32 0
a11 point=off pass=1 test=get requests=200000 rps=224466.89 hook_calls=0 syscalls_in_kernel=0 fragment_entries=0 fpsimd_entries=0 fpsimd_restores=0 chains=0 chain_cap=0 exit_svc=0 exit_bl=0 exit_blr=0 exit_br=0 exit_ret=0 exit_mem=0 exit_unsupported=0 exit_budget=0 run_declined=0 ibtc_insert=0 ibtc_replace=0 ibtc_clear=0 ibtc_fpsimd_boundary=0 ibtc_miss_cold=0 ibtc_miss_conflict=0 ibtc_miss_other=0 fpsimd_run_max_ns=59791 miss_residual=0
a11slots point=off pass=1 test=get # table all conflicts 0 slots 0 top32 0
a11slots point=off pass=1 test=get # table nofp conflicts 0 slots 0 top32 0
a11 point=1024 pass=1 test=set requests=200000 rps=142348.75 hook_calls=408761 syscalls_in_kernel=384525 fragment_entries=607170 fpsimd_entries=198948 fpsimd_restores=0 chains=199212 chain_cap=0 exit_svc=384525 exit_bl=6883 exit_blr=857 exit_br=199589 exit_ret=9955 exit_mem=0 exit_unsupported=5361 exit_budget=0 run_declined=13 ibtc_insert=572 ibtc_replace=35 ibtc_clear=0 ibtc_fpsimd_boundary=198940 ibtc_miss_cold=17239 ibtc_miss_conflict=1105 ibtc_miss_other=0 fpsimd_run_max_ns=167000 miss_residual=0
a11slots point=1024 pass=1 test=set # table all conflicts 1026 slots 16 top32 1026
a11slots point=1024 pass=1 test=set all 357 65 0xaaaad8998594 0xaaaad8924594
a11slots point=1024 pass=1 test=set all 2452 65 0xaaaad89ea650 0xaaaad89ae650
a11slots point=1024 pass=1 test=set all 257 64 0xaaaad8920404 0xaaaad8924404
a11slots point=1024 pass=1 test=set all 453 64 0xaaaad894c714 0xaaaad8a24714
a11slots point=1024 pass=1 test=set all 883 64 0xaaaad891cdcc 0xaaaad8960dcc
a11slots point=1024 pass=1 test=set all 928 64 0xaaaad8948e80 0xaaaad8960e80
a11slots point=1024 pass=1 test=set all 1116 64 0xaaaad8929170 0xaaaad8935170
a11slots point=1024 pass=1 test=set all 1472 64 0xaaaad8929700 0xaaaad893d700
a11slots point=1024 pass=1 test=set all 1616 64 0xaaaad894d940 0xaaaad8949940
a11slots point=1024 pass=1 test=set all 1684 64 0xaaaad894da50 0xaaaad893da50
a11slots point=1024 pass=1 test=set all 1756 64 0xaaaad8935b70 0xaaaad893db70
a11slots point=1024 pass=1 test=set all 1766 64 0xaaaad8a1db98 0xaaaad893db98
a11slots point=1024 pass=1 test=set all 1804 64 0xaaaad893dc30 0xffff9b39dc30
a11slots point=1024 pass=1 test=set all 1813 64 0xaaaad8a1dc54 0xaaaad894dc54
a11slots point=1024 pass=1 test=set all 2364 64 0xaaaad8a1e4f0 0xaaaad894e4f0
a11slots point=1024 pass=1 test=set all 3164 64 0xaaaad892b170 0xaaaad8947170
a11slots point=1024 pass=1 test=set # table nofp conflicts 79 slots 15 top32 79
a11slots point=1024 pass=1 test=set nofp 236 65 0xaaaad89203b0 0xaaaad893c3b0
a11slots point=1024 pass=1 test=set nofp 257 1 0xaaaad8920404 0xaaaad8924404
a11slots point=1024 pass=1 test=set nofp 453 1 0xaaaad894c714 0xaaaad8a24714
a11slots point=1024 pass=1 test=set nofp 883 1 0xaaaad891cdcc 0xaaaad8960dcc
a11slots point=1024 pass=1 test=set nofp 928 1 0xaaaad8948e80 0xaaaad8960e80
a11slots point=1024 pass=1 test=set nofp 1116 1 0xaaaad8929170 0xaaaad8935170
a11slots point=1024 pass=1 test=set nofp 1472 1 0xaaaad8929700 0xaaaad893d700
a11slots point=1024 pass=1 test=set nofp 1616 1 0xaaaad894d940 0xaaaad8949940
a11slots point=1024 pass=1 test=set nofp 1684 1 0xaaaad894da50 0xaaaad893da50
a11slots point=1024 pass=1 test=set nofp 1756 1 0xaaaad8935b70 0xaaaad893db70
a11slots point=1024 pass=1 test=set nofp 1766 1 0xaaaad8a1db98 0xaaaad893db98
a11slots point=1024 pass=1 test=set nofp 1804 1 0xaaaad893dc30 0xffff9b39dc30
a11slots point=1024 pass=1 test=set nofp 1813 1 0xaaaad8a1dc54 0xaaaad894dc54
a11slots point=1024 pass=1 test=set nofp 2364 1 0xaaaad8a1e4f0 0xaaaad894e4f0
a11slots point=1024 pass=1 test=set nofp 3164 1 0xaaaad892b170 0xaaaad8947170
a11 point=1024 pass=1 test=get requests=200000 rps=157356.41 hook_calls=408803 syscalls_in_kernel=398616 fragment_entries=608279 fpsimd_entries=200006 fpsimd_restores=66 chains=200021 chain_cap=0 exit_svc=398616 exit_bl=855 exit_blr=79 exit_br=200002 exit_ret=920 exit_mem=0 exit_unsupported=7807 exit_budget=0 run_declined=12 ibtc_insert=36 ibtc_replace=3 ibtc_clear=0 ibtc_fpsimd_boundary=200003 ibtc_miss_cold=1672 ibtc_miss_conflict=181 ibtc_miss_other=0 fpsimd_run_max_ns=354916 miss_residual=0
a11slots point=1024 pass=1 test=get # table all conflicts 128 slots 2 top32 128
a11slots point=1024 pass=1 test=get all 1600 64 0xaaaad8941900 0xaaaad893d900
a11slots point=1024 pass=1 test=get all 1622 64 0xaaaad8941958 0xaaaad893d958
a11slots point=1024 pass=1 test=get # table nofp conflicts 53 slots 3 top32 53
a11slots point=1024 pass=1 test=get nofp 1345 51 0xaaaad8921504 0xaaaad8929504
a11slots point=1024 pass=1 test=get nofp 1600 1 0xaaaad8941900 0xaaaad893d900
a11slots point=1024 pass=1 test=get nofp 1622 1 0xaaaad8941958 0xaaaad893d958
a11 point=off pass=2 test=set requests=200000 rps=223214.28 hook_calls=0 syscalls_in_kernel=0 fragment_entries=0 fpsimd_entries=0 fpsimd_restores=0 chains=0 chain_cap=0 exit_svc=0 exit_bl=0 exit_blr=0 exit_br=0 exit_ret=0 exit_mem=0 exit_unsupported=0 exit_budget=0 run_declined=0 ibtc_insert=0 ibtc_replace=0 ibtc_clear=0 ibtc_fpsimd_boundary=0 ibtc_miss_cold=0 ibtc_miss_conflict=0 ibtc_miss_other=0 fpsimd_run_max_ns=354916 miss_residual=0
a11slots point=off pass=2 test=set # table all conflicts 0 slots 0 top32 0
a11slots point=off pass=2 test=set # table nofp conflicts 0 slots 0 top32 0
a11 point=off pass=2 test=get requests=200000 rps=229885.06 hook_calls=0 syscalls_in_kernel=0 fragment_entries=0 fpsimd_entries=0 fpsimd_restores=0 chains=0 chain_cap=0 exit_svc=0 exit_bl=0 exit_blr=0 exit_br=0 exit_ret=0 exit_mem=0 exit_unsupported=0 exit_budget=0 run_declined=0 ibtc_insert=0 ibtc_replace=0 ibtc_clear=0 ibtc_fpsimd_boundary=0 ibtc_miss_cold=0 ibtc_miss_conflict=0 ibtc_miss_other=0 fpsimd_run_max_ns=354916 miss_residual=0
a11slots point=off pass=2 test=get # table all conflicts 0 slots 0 top32 0
a11slots point=off pass=2 test=get # table nofp conflicts 0 slots 0 top32 0
a11 point=1024 pass=2 test=set requests=200000 rps=143163.92 hook_calls=408804 syscalls_in_kernel=399663 fragment_entries=608248 fpsimd_entries=200001 fpsimd_restores=0 chains=200001 chain_cap=0 exit_svc=399665 exit_bl=488 exit_blr=26 exit_br=200001 exit_ret=271 exit_mem=0 exit_unsupported=7797 exit_budget=0 run_declined=20 ibtc_insert=0 ibtc_replace=0 ibtc_clear=0 ibtc_fpsimd_boundary=200001 ibtc_miss_cold=734 ibtc_miss_conflict=51 ibtc_miss_other=0 fpsimd_run_max_ns=746250 miss_residual=0
a11slots point=1024 pass=2 test=set # table all conflicts 0 slots 0 top32 0
a11slots point=1024 pass=2 test=set # table nofp conflicts 51 slots 1 top32 51
a11slots point=1024 pass=2 test=set nofp 1345 51 0xaaaad8921504 0xaaaad8929504
a11 point=1024 pass=2 test=get requests=200000 rps=157356.41 hook_calls=408917 syscalls_in_kernel=399731 fragment_entries=608324 fpsimd_entries=200001 fpsimd_restores=261 chains=200001 chain_cap=0 exit_svc=399733 exit_bl=387 exit_blr=65 exit_br=200001 exit_ret=268 exit_mem=0 exit_unsupported=7870 exit_budget=0 run_declined=61 ibtc_insert=0 ibtc_replace=0 ibtc_clear=0 ibtc_fpsimd_boundary=200001 ibtc_miss_cold=669 ibtc_miss_conflict=51 ibtc_miss_other=0 fpsimd_run_max_ns=746250 miss_residual=0
a11slots point=1024 pass=2 test=get # table all conflicts 0 slots 0 top32 0
a11slots point=1024 pass=2 test=get # table nofp conflicts 51 slots 1 top32 51
a11slots point=1024 pass=2 test=get nofp 1345 51 0xaaaad8921504 0xaaaad8929504
a11 point=off pass=3 test=set requests=200000 rps=221729.48 hook_calls=0 syscalls_in_kernel=0 fragment_entries=0 fpsimd_entries=0 fpsimd_restores=0 chains=0 chain_cap=0 exit_svc=0 exit_bl=0 exit_blr=0 exit_br=0 exit_ret=0 exit_mem=0 exit_unsupported=0 exit_budget=0 run_declined=0 ibtc_insert=0 ibtc_replace=0 ibtc_clear=0 ibtc_fpsimd_boundary=0 ibtc_miss_cold=0 ibtc_miss_conflict=0 ibtc_miss_other=0 fpsimd_run_max_ns=746250 miss_residual=0
a11slots point=off pass=3 test=set # table all conflicts 0 slots 0 top32 0
a11slots point=off pass=3 test=set # table nofp conflicts 0 slots 0 top32 0
a11 point=off pass=3 test=get requests=200000 rps=229621.12 hook_calls=0 syscalls_in_kernel=0 fragment_entries=0 fpsimd_entries=0 fpsimd_restores=0 chains=0 chain_cap=0 exit_svc=0 exit_bl=0 exit_blr=0 exit_br=0 exit_ret=0 exit_mem=0 exit_unsupported=0 exit_budget=0 run_declined=0 ibtc_insert=0 ibtc_replace=0 ibtc_clear=0 ibtc_fpsimd_boundary=0 ibtc_miss_cold=0 ibtc_miss_conflict=0 ibtc_miss_other=0 fpsimd_run_max_ns=746250 miss_residual=0
a11slots point=off pass=3 test=get # table all conflicts 0 slots 0 top32 0
a11slots point=off pass=3 test=get # table nofp conflicts 0 slots 0 top32 0
a11 point=1024 pass=3 test=set requests=200000 rps=143575.02 hook_calls=408763 syscalls_in_kernel=399698 fragment_entries=608212 fpsimd_entries=200001 fpsimd_restores=0 chains=200001 chain_cap=0 exit_svc=399698 exit_bl=438 exit_blr=21 exit_br=200001 exit_ret=271 exit_mem=10 exit_unsupported=7773 exit_budget=0 run_declined=16 ibtc_insert=0 ibtc_replace=0 ibtc_clear=0 ibtc_fpsimd_boundary=200001 ibtc_miss_cold=679 ibtc_miss_conflict=51 ibtc_miss_other=0 fpsimd_run_max_ns=746250 miss_residual=0
a11slots point=1024 pass=3 test=set # table all conflicts 0 slots 0 top32 0
a11slots point=1024 pass=3 test=set # table nofp conflicts 51 slots 1 top32 51
a11slots point=1024 pass=3 test=set nofp 1345 51 0xaaaad8921504 0xaaaad8929504
a11 point=1024 pass=3 test=get requests=200000 rps=159744.41 hook_calls=408927 syscalls_in_kernel=399727 fragment_entries=608383 fpsimd_entries=200001 fpsimd_restores=0 chains=200001 chain_cap=0 exit_svc=399728 exit_bl=388 exit_blr=16 exit_br=200001 exit_ret=269 exit_mem=0 exit_unsupported=7981 exit_budget=0 run_declined=13 ibtc_insert=0 ibtc_replace=0 ibtc_clear=0 ibtc_fpsimd_boundary=200001 ibtc_miss_cold=622 ibtc_miss_conflict=51 ibtc_miss_other=0 fpsimd_run_max_ns=746250 miss_residual=0
a11slots point=1024 pass=3 test=get # table all conflicts 0 slots 0 top32 0
a11slots point=1024 pass=3 test=get # table nofp conflicts 51 slots 1 top32 51
a11slots point=1024 pass=3 test=get nofp 1345 51 0xaaaad8921504 0xaaaad8929504
a11maps-end aaaad88b0000-aaaad8b00000 r-xp 00000000 00:03 4263                       /opt/redis/src/redis-server
a11maps-end aaaad8b09000-aaaad8b10000 r--p 00259000 00:03 4263                       /opt/redis/src/redis-server
a11maps-end aaaad8b10000-aaaad8b69000 rw-p 00260000 00:03 4263                       /opt/redis/src/redis-server
a11maps-end aaaad8b69000-aaaad8d9c000 rw-p 00000000 00:00 0 
a11maps-end aaaae614a000-aaaae616b000 rw-p 00000000 00:00 0                          [heap]
a11maps-end ffff98740000-ffff989c0000 rw-p 00000000 00:00 0 
a11maps-end ffff989c0000-ffff989d0000 ---p 00000000 00:00 0 
a11maps-end ffff989d0000-ffff991d0000 rw-p 00000000 00:00 0 
a11maps-end ffff991d0000-ffff991e0000 ---p 00000000 00:00 0 
a11maps-end ffff991e0000-ffff999e0000 rw-p 00000000 00:00 0 
a11maps-end ffff999e0000-ffff999f0000 ---p 00000000 00:00 0 
a11maps-end ffff999f0000-ffff9a1f0000 rw-p 00000000 00:00 0 
a11maps-end ffff9a1f0000-ffff9a200000 ---p 00000000 00:00 0 
a11maps-end ffff9a200000-ffff9aa00000 rw-p 00000000 00:00 0 
a11maps-end ffff9aa00000-ffff9b200000 rw-p 00000000 00:00 0 
a11maps-end ffff9b2c0000-ffff9b44c000 r-xp 00000000 00:03 816                        /usr/lib/aarch64-linux-gnu/libc.so.6
a11maps-end ffff9b44c000-ffff9b45c000 ---p 0018c000 00:03 816                        /usr/lib/aarch64-linux-gnu/libc.so.6
a11maps-end ffff9b45c000-ffff9b460000 r--p 0018c000 00:03 816                        /usr/lib/aarch64-linux-gnu/libc.so.6
a11maps-end ffff9b460000-ffff9b462000 rw-p 00190000 00:03 816                        /usr/lib/aarch64-linux-gnu/libc.so.6
a11maps-end ffff9b462000-ffff9b46f000 rw-p 00000000 00:00 0 
a11maps-end ffff9b470000-ffff9b4f2000 r-xp 00000000 00:03 863                        /usr/lib/aarch64-linux-gnu/libm.so.6
a11maps-end ffff9b4f2000-ffff9b50f000 ---p 00082000 00:03 863                        /usr/lib/aarch64-linux-gnu/libm.so.6
a11maps-end ffff9b50f000-ffff9b510000 r--p 0008f000 00:03 863                        /usr/lib/aarch64-linux-gnu/libm.so.6
a11maps-end ffff9b510000-ffff9b511000 rw-p 00090000 00:03 863                        /usr/lib/aarch64-linux-gnu/libm.so.6
a11maps-end ffff9b51e000-ffff9b545000 r-xp 00000000 00:03 796                        /usr/lib/aarch64-linux-gnu/ld-linux-aarch64.so.1
a11maps-end ffff9b54f000-ffff9b553000 rw-p 00000000 00:00 0 
a11maps-end ffff9b555000-ffff9b557000 rw-p 00000000 00:00 0 
a11maps-end ffff9b557000-ffff9b55b000 r--p 00000000 00:00 0                          [vvar]
a11maps-end ffff9b55b000-ffff9b55c000 r-xp 00000000 00:00 0                          [vdso]
a11maps-end ffff9b55c000-ffff9b55e000 r--p 0002e000 00:03 796                        /usr/lib/aarch64-linux-gnu/ld-linux-aarch64.so.1
a11maps-end ffff9b55e000-ffff9b560000 rw-p 00030000 00:03 796                        /usr/lib/aarch64-linux-gnu/ld-linux-aarch64.so.1
a11maps-end ffffc4372000-ffffc4393000 rw-p 00000000 00:00 0                          [stack]
a11: done
[   34.533839] kjit: 0 of 295 translation requests still queued at unload (freed by the kernel)
[   34.565113] rust_kjit: ######## Rust KJIT exits ########
kjit-init: rmmod kjit ok
kjit-init: run exit=0
[   34.591024] reboot: Power down
guest-run: PASS (/Volumes/Local/kjit-a4b2/build/runs/meas-v5-20261009-024444/serial.log)
grun: rc=0 run_dir=/Volumes/Local/kjit-a4b2/build/runs/meas-v5-20261009-024444
