guest-run: profile=kjit-guest run-dir=/Volumes/Local/kjit-a4b2/build/runs/meas-v1-20261009-024853
[    0.000000] Booting Linux on physical CPU 0x0000000000 [0x610f0000]
[    0.000000] Linux version 7.1.0-rc1 (@6906d107117b) (Ubuntu clang version 18.1.3 (1ubuntu1), Ubuntu LLD 18.1.3) #1 SMP PREEMPT Fri Oct  2 08:37:58 UTC 2026
[    0.000000] random: crng init done
[    0.000000] Machine model: linux,dummy-virt
[    0.000000] OF: reserved mem: Reserved memory: No reserved-memory node in the DT
[    0.000000] psci: probing for conduit method from DT.
[    0.000000] psci: PSCIv1.1 detected in firmware.
[    0.000000] psci: Using standard PSCI v0.2 function IDs
[    0.000000] psci: Trusted OS migration not required
[    0.000000] psci: SMC Calling Convention v1.0
[    0.000000] Zone ranges:
[    0.000000]   Normal   [mem 0x0000000040000000-0x000000013fffffff]
[    0.000000] Movable zone start for each node
[    0.000000] Early memory node ranges
[    0.000000]   node   0: [mem 0x0000000040000000-0x000000013fffffff]
[    0.000000] Initmem setup node 0 [mem 0x0000000040000000-0x000000013fffffff]
[    0.000000] percpu: Embedded 19 pages/cpu s38488 r8192 d31144 u77824
[    0.000000] Detected PIPT I-cache on CPU0
[    0.000000] CPU features: detected: Address authentication (IMP DEF algorithm)
[    0.000000] CPU features: detected: Spectre-v4
[    0.000000] CPU features: detected: Spectre-BHB
[    0.000000] alternatives: applying boot alternatives
[    0.000000] Kernel command line: console=ttyAMA0 panic=-1 nokaslr
[    0.000000] Unknown kernel command line parameters "nokaslr", will be passed to user space.
[    0.000000] printk: log buffer data + meta data: 131072 + 458752 = 589824 bytes
[    0.000000] Dentry cache hash table entries: 524288 (order: 10, 4194304 bytes, linear)
[    0.000000] Inode-cache hash table entries: 262144 (order: 9, 2097152 bytes, linear)
[    0.000000] software IO TLB: SWIOTLB bounce buffer size adjusted to 4MB
[    0.000000] software IO TLB: area num 4.
[    0.000000] software IO TLB: mapped [mem 0x000000013ac00000-0x000000013b000000] (4MB)
[    0.000000] Built 1 zonelists, mobility grouping on.  Total pages: 1048576
[    0.000000] mem auto-init: stack:all(zero), heap alloc:off, heap free:off
[    0.000000] SLUB: HWalign=64, Order=0-3, MinObjects=0, CPUs=4, Nodes=1
[    0.000000] rcu: Preemptible hierarchical RCU implementation.
[    0.000000] rcu: 	RCU restricting CPUs from NR_CPUS=512 to nr_cpu_ids=4.
[    0.000000] rcu: RCU calculated value of scheduler-enlistment delay is 25 jiffies.
[    0.000000] rcu: Adjusting geometry for rcu_fanout_leaf=16, nr_cpu_ids=4
[    0.000000] NR_IRQS: 64, nr_irqs: 64, preallocated irqs: 0
[    0.000000] Root IRQ handler: gic_handle_irq
[    0.000000] GICv2m: range[mem 0x08020000-0x08020fff], SPI[80:143]
[    0.000000] rcu: srcu_init: Setting srcu_struct sizes based on contention.
[    0.000000] arch_timer: cp15 timer running at 24.00MHz (virt).
[    0.000000] clocksource: arch_sys_counter: mask: 0xffffffffffffff max_cycles: 0x588fe9dc0, max_idle_ns: 440795202592 ns
[    0.000000] sched_clock: 56 bits at 24MHz, resolution 41ns, wraps every 4398046511097ns
[    0.000094] Console: colour dummy device 80x25
[    0.000112] Calibrating delay loop (skipped), value calculated using timer frequency.. 48.00 BogoMIPS (lpj=96000)
[    0.000115] pid_max: default: 32768 minimum: 301
[    0.000240] Mount-cache hash table entries: 8192 (order: 4, 65536 bytes, linear)
[    0.000248] Mountpoint-cache hash table entries: 8192 (order: 4, 65536 bytes, linear)
[    0.000319] VFS: Finished mounting rootfs on nullfs
[    0.000456] cacheinfo: Unable to detect cache hierarchy for CPU 0
[    0.000591] rcu: Hierarchical SRCU implementation.
[    0.000591] rcu: 	Max phase no-delay instances is 1000.
[    0.000609] Timer migration: 1 hierarchy levels; 8 children per group; 1 crossnode level
[    0.000642] smp: Bringing up secondary CPUs ...
[    0.000839] Detected PIPT I-cache on CPU1
[    0.000925] CPU1: Booted secondary processor 0x0000000001 [0x610f0000]
[    0.001172] Detected PIPT I-cache on CPU2
[    0.001259] CPU2: Booted secondary processor 0x0000000002 [0x610f0000]
[    0.001446] Detected PIPT I-cache on CPU3
[    0.001545] CPU3: Booted secondary processor 0x0000000003 [0x610f0000]
[    0.001611] smp: Brought up 1 node, 4 CPUs
[    0.001613] SMP: Total of 4 processors activated.
[    0.001613] CPU: All CPU(s) started at EL1
[    0.001614] CPU features: detected: ARMv8.4 Translation Table Level
[    0.001614] CPU features: detected: Data cache clean to the PoU not required for I/D coherence
[    0.001615] CPU features: detected: CRC32 instructions
[    0.001615] CPU features: detected: Data independent timing control (DIT)
[    0.001616] CPU features: detected: E0PD
[    0.001616] CPU features: detected: Generic authentication (IMP DEF algorithm)
[    0.001617] CPU features: detected: RCpc load-acquire (LDAPR)
[    0.001617] CPU features: detected: LSE atomic instructions
[    0.001617] CPU features: detected: Privileged Access Never
[    0.001618] CPU features: detected: Speculation barrier (SB)
[    0.001618] CPU features: detected: TLB range maintenance instructions
[    0.001618] CPU features: detected: XNX
[    0.001737] alternatives: applying system-wide alternatives
[    0.002575] Memory: 3934216K/4194304K available (5248K kernel code, 754K rwdata, 2356K rodata, 576K init, 405K bss, 256908K reserved, 0K cma-reserved)
[    0.002825] devtmpfs: initialized
[    0.003218] clocksource: jiffies: mask: 0xffffffff max_cycles: 0xffffffff, max_idle_ns: 7645041785100000 ns
[    0.003224] posixtimers hash table entries: 2048 (order: 3, 32768 bytes, linear)
[    0.003245] futex hash table entries: 1024 (65536 bytes on 1 NUMA nodes, total 64 KiB, linear).
[    0.003254] 30384 pages in range for non-PLT usage
[    0.003254] 521904 pages in range for PLT usage
[    0.003327] NET: Registered PF_NETLINK/PF_ROUTE protocol family
[    0.003830] DMA: preallocated 512 KiB GFP_KERNEL pool for atomic allocations
[    0.003893] ASID allocator initialised with 256 entries
[    0.003900] Serial: AMBA PL011 UART driver
[    0.004307] 9000000.pl011: ttyAMA0 at MMIO 0x9000000 (irq = 13, base_baud = 0) is a PL011 rev1
[    0.004437] printk: console [ttyAMA0] enabled
[    0.010134] vgaarb: loaded
[    0.010322] clocksource: Switched to clocksource arch_sys_counter
[    0.020140] NET: Registered PF_INET protocol family
[    0.020263] IP idents hash table entries: 65536 (order: 7, 524288 bytes, linear)
[    0.020688] tcp_listen_portaddr_hash hash table entries: 2048 (order: 3, 32768 bytes, linear)
[    0.020693] Table-perturb hash table entries: 65536 (order: 6, 262144 bytes, linear)
[    0.020696] TCP established hash table entries: 32768 (order: 6, 262144 bytes, linear)
[    0.020747] TCP bind hash table entries: 32768 (order: 8, 1048576 bytes, linear)
[    0.020905] TCP: Hash tables configured (established 32768 bind 32768)
[    0.020929] UDP hash table entries: 2048 (order: 5, 131072 bytes, linear)
[    0.020961] NET: Registered PF_UNIX/PF_LOCAL protocol family
[    0.020972] PCI: CLS 0 bytes, default 64
[    0.021123] Unpacking initramfs...
[    0.023017] workingset: timestamp_bits=46 (anon: 42) max_order=20 bucket_order=0 (anon: 0)
[    0.023128] 9p: Installing v9fs 9p2000 file system support
[    0.023521] pci-host-generic 4010000000.pcie: host bridge /pcie@10000000 ranges:
[    0.023527] pci-host-generic 4010000000.pcie:       IO 0x003eff0000..0x003effffff -> 0x0000000000
[    0.023529] pci-host-generic 4010000000.pcie:      MEM 0x0010000000..0x003efeffff -> 0x0010000000
[    0.023530] pci-host-generic 4010000000.pcie:      MEM 0x8000000000..0xffffffffff -> 0x8000000000
[    0.023539] pci-host-generic 4010000000.pcie: Memory resource size exceeds max for 32 bits
[    0.023548] pci-host-generic 4010000000.pcie: ECAM at [mem 0x4010000000-0x401fffffff] for [bus 00-ff]
[    0.023563] pci-host-generic 4010000000.pcie: PCI host bridge to bus 0000:00
[    0.023564] pci_bus 0000:00: root bus resource [bus 00-ff]
[    0.023565] pci_bus 0000:00: root bus resource [io  0x0000-0xffff]
[    0.023565] pci_bus 0000:00: root bus resource [mem 0x10000000-0x3efeffff]
[    0.023566] pci_bus 0000:00: root bus resource [mem 0x8000000000-0xffffffffff]
[    0.023588] pci 0000:00:00.0: [1b36:0008] type 00 class 0x060000 conventional PCI endpoint
[    0.023856] pci 0000:00:01.0: [1af4:1000] type 00 class 0x020000 conventional PCI endpoint
[    0.024955] pci 0000:00:01.0: BAR 0 [io  0x0000-0x001f]
[    0.024960] pci 0000:00:01.0: BAR 1 [mem 0x00000000-0x00000fff]
[    0.024966] pci 0000:00:01.0: BAR 4 [mem 0x00000000-0x00003fff 64bit pref]
[    0.024968] pci 0000:00:01.0: ROM [mem 0x00000000-0x0003ffff pref]
[    0.025252] pci 0000:00:02.0: [1af4:1009] type 00 class 0x000200 conventional PCI endpoint
[    0.025373] pci 0000:00:02.0: BAR 0 [io  0x0000-0x003f]
[    0.025378] pci 0000:00:02.0: BAR 1 [mem 0x00000000-0x00000fff]
[    0.025410] pci 0000:00:02.0: BAR 4 [mem 0x00000000-0x00003fff 64bit pref]
[    0.025702] pci 0000:00:03.0: [1af4:1005] type 00 class 0x00ff00 conventional PCI endpoint
[    0.025803] pci 0000:00:03.0: BAR 0 [io  0x0000-0x001f]
[    0.025805] pci 0000:00:03.0: BAR 1 [mem 0x00000000-0x00000fff]
[    0.025812] pci 0000:00:03.0: BAR 4 [mem 0x00000000-0x00003fff 64bit pref]
[    0.026091] pci 0000:00:01.0: ROM [mem 0x10000000-0x1003ffff pref]: assigned
[    0.026092] pci 0000:00:01.0: BAR 4 [mem 0x8000000000-0x8000003fff 64bit pref]: assigned
[    0.026109] pci 0000:00:02.0: BAR 4 [mem 0x8000004000-0x8000007fff 64bit pref]: assigned
[    0.026141] pci 0000:00:03.0: BAR 4 [mem 0x8000008000-0x800000bfff 64bit pref]: assigned
[    0.026159] pci 0000:00:01.0: BAR 1 [mem 0x10040000-0x10040fff]: assigned
[    0.026169] pci 0000:00:02.0: BAR 1 [mem 0x10041000-0x10041fff]: assigned
[    0.026174] pci 0000:00:03.0: BAR 1 [mem 0x10042000-0x10042fff]: assigned
[    0.026177] pci 0000:00:02.0: BAR 0 [io  0x1000-0x103f]: assigned
[    0.026181] pci 0000:00:01.0: BAR 0 [io  0x1040-0x105f]: assigned
[    0.026185] pci 0000:00:03.0: BAR 0 [io  0x1060-0x107f]: assigned
[    0.026195] pci_bus 0000:00: resource 4 [io  0x0000-0xffff]
[    0.026195] pci_bus 0000:00: resource 5 [mem 0x10000000-0x3efeffff]
[    0.026196] pci_bus 0000:00: resource 6 [mem 0x8000000000-0xffffffffff]
[    0.027123] virtio-pci 0000:00:01.0: enabling device (0000 -> 0003)
[    0.028133] virtio-pci 0000:00:02.0: enabling device (0000 -> 0003)
[    0.029037] virtio-pci 0000:00:03.0: enabling device (0000 -> 0003)
[    0.106965] rtc-pl031 9010000.pl031: registered as rtc0
[    0.106991] rtc-pl031 9010000.pl031: setting system clock to 2026-10-08T18:48:53 UTC (1791485333)
[    0.107137] NET: Registered PF_INET6 protocol family
[    0.107636] Segment Routing with IPv6
[    0.107644] In-situ OAM (IOAM) with IPv6
[    0.107680] sit: IPv6, IPv4 and MPLS over IPv4 tunneling driver
[    0.107744] NET: Registered PF_PACKET protocol family
[    0.107750] 9pnet: Installing 9P2000 support
[    0.112823] clk: Disabling unused clocks
[    0.116880] Freeing initrd memory: 161888K
[    0.117466] Freeing unused kernel memory: 576K
[    0.117526] Run /init as init process
[    0.137564] kjit: loading out-of-tree module taints kernel.
[    0.138792] rust_kjit: ######## Rust KJIT inits ########
[    0.138818] rust_kjit: kjit: dispatch variant 1
[    0.138858] rust_kjit: golden tests/arm64/toy_cfg.s:hot_svc_mark translated for dispatch variant 1; byte comparison skipped (reference is variant 0)
kjit-init: insmod kjit.ko ok
meas: variant=1
rep 0 variant=gpr enabled=0 outer=200000 calls=16 ns_per_outer=140.9 ns_per_call=8.80
rep 1 variant=gpr enabled=0 outer=200000 calls=16 ns_per_outer=142.8 ns_per_call=8.92
rep 2 variant=gpr enabled=0 outer=200000 calls=16 ns_per_outer=139.9 ns_per_call=8.75
rep 3 variant=gpr enabled=0 outer=200000 calls=16 ns_per_outer=140.1 ns_per_call=8.75
rep 4 variant=gpr enabled=0 outer=200000 calls=16 ns_per_outer=139.9 ns_per_call=8.74
rep 5 variant=gpr enabled=0 outer=200000 calls=16 ns_per_outer=139.4 ns_per_call=8.71
rep 6 variant=gpr enabled=0 outer=200000 calls=16 ns_per_outer=144.4 ns_per_call=9.03
result variant=gpr enabled=0 outer=200000 calls=16 reps=7 median_ns_per_outer=140.1 median_ns_per_call=8.75 min_ns_per_call=8.71 acc=25600000
[    0.389232] kjit: translate_svc_sites pid 69: 2 text ranges, 111 svc sites
[    0.389793] rust_kjit: kjit: pc 0x400fe8: installed 492 bytes, 0 fault sites, 2 entries, text 0x400fe8..0x400ff0, fpsimd false
[    0.389929] rust_kjit: kjit: pc 0x400fcc: installed 1024 bytes, 1 fault sites, 11 entries, text 0x400fbc..0x400fe8, fpsimd false
rep 0 variant=gpr enabled=1 outer=20000 calls=16 ns_per_outer=148.7 ns_per_call=9.29
rep 1 variant=gpr enabled=1 outer=20000 calls=16 ns_per_outer=150.9 ns_per_call=9.43
rep 2 variant=gpr enabled=1 outer=20000 calls=16 ns_per_outer=149.1 ns_per_call=9.32
rep 3 variant=gpr enabled=1 outer=20000 calls=16 ns_per_outer=152.8 ns_per_call=9.55
rep 4 variant=gpr enabled=1 outer=20000 calls=16 ns_per_outer=149.9 ns_per_call=9.37
rep 5 variant=gpr enabled=1 outer=20000 calls=16 ns_per_outer=149.5 ns_per_call=9.35
rep 6 variant=gpr enabled=1 outer=20000 calls=16 ns_per_outer=146.4 ns_per_call=9.15
result variant=gpr enabled=1 outer=20000 calls=16 reps=7 median_ns_per_outer=149.5 median_ns_per_call=9.35 min_ns_per_call=9.15 acc=2560000
counters variant=gpr timed_outer=140000 hook_calls=140045 syscalls_in_kernel=139965 fragment_entries=140045 fpsimd_entries=1 fpsimd_restores=0 chains=0 chain_cap=0 exit_svc=139965 exit_bl=0 exit_blr=0 exit_br=0 exit_ret=80 exit_mem=0 exit_unsupported=0 exit_budget=0 run_declined=0
rep 0 variant=fp enabled=0 outer=200000 calls=16 ns_per_outer=177.6 ns_per_call=11.10
rep 1 variant=fp enabled=0 outer=200000 calls=16 ns_per_outer=175.2 ns_per_call=10.95
rep 2 variant=fp enabled=0 outer=200000 calls=16 ns_per_outer=177.1 ns_per_call=11.07
rep 3 variant=fp enabled=0 outer=200000 calls=16 ns_per_outer=178.4 ns_per_call=11.15
rep 4 variant=fp enabled=0 outer=200000 calls=16 ns_per_outer=176.9 ns_per_call=11.05
rep 5 variant=fp enabled=0 outer=200000 calls=16 ns_per_outer=174.9 ns_per_call=10.93
rep 6 variant=fp enabled=0 outer=200000 calls=16 ns_per_outer=209.2 ns_per_call=13.08
result variant=fp enabled=0 outer=200000 calls=16 reps=7 median_ns_per_outer=177.1 median_ns_per_call=11.07 min_ns_per_call=10.93 acc=25600000
[    0.742630] kjit: translate_svc_sites pid 72: 2 text ranges, 111 svc sites
[    0.743036] rust_kjit: kjit: pc 0x401028: installed 500 bytes, 0 fault sites, 4 entries, text 0x401028..0x401038, fpsimd true
[    0.743589] rust_kjit: kjit: pc 0x40100c: installed 1024 bytes, 1 fault sites, 11 entries, text 0x400ffc..0x401028, fpsimd false
rep 0 variant=fp enabled=1 outer=20000 calls=16 ns_per_outer=215.8 ns_per_call=13.49
rep 1 variant=fp enabled=1 outer=20000 calls=16 ns_per_outer=217.6 ns_per_call=13.60
rep 2 variant=fp enabled=1 outer=20000 calls=16 ns_per_outer=216.8 ns_per_call=13.55
rep 3 variant=fp enabled=1 outer=20000 calls=16 ns_per_outer=221.5 ns_per_call=13.84
rep 4 variant=fp enabled=1 outer=20000 calls=16 ns_per_outer=218.7 ns_per_call=13.67
rep 5 variant=fp enabled=1 outer=20000 calls=16 ns_per_outer=214.2 ns_per_call=13.39
rep 6 variant=fp enabled=1 outer=20000 calls=16 ns_per_outer=225.1 ns_per_call=14.07
result variant=fp enabled=1 outer=20000 calls=16 reps=7 median_ns_per_outer=217.6 median_ns_per_call=13.60 min_ns_per_call=13.39 acc=2560000
counters variant=fp timed_outer=140000 hook_calls=140045 syscalls_in_kernel=139965 fragment_entries=280017 fpsimd_entries=139973 fpsimd_restores=0 chains=139972 chain_cap=0 exit_svc=139965 exit_bl=139972 exit_blr=0 exit_br=0 exit_ret=80 exit_mem=0 exit_unsupported=0 exit_budget=0 run_declined=0
rep 0 variant=gpr enabled=0 outer=200000 calls=128 ns_per_outer=255.6 ns_per_call=2.00
rep 1 variant=gpr enabled=0 outer=200000 calls=128 ns_per_outer=254.6 ns_per_call=1.99
rep 2 variant=gpr enabled=0 outer=200000 calls=128 ns_per_outer=258.2 ns_per_call=2.02
rep 3 variant=gpr enabled=0 outer=200000 calls=128 ns_per_outer=253.0 ns_per_call=1.98
rep 4 variant=gpr enabled=0 outer=200000 calls=128 ns_per_outer=253.0 ns_per_call=1.98
rep 5 variant=gpr enabled=0 outer=200000 calls=128 ns_per_outer=256.8 ns_per_call=2.01
rep 6 variant=gpr enabled=0 outer=200000 calls=128 ns_per_outer=252.9 ns_per_call=1.98
result variant=gpr enabled=0 outer=200000 calls=128 reps=7 median_ns_per_outer=254.6 median_ns_per_call=1.99 min_ns_per_call=1.98 acc=204800000
[    1.226816] kjit: translate_svc_sites pid 75: 2 text ranges, 111 svc sites
[    1.227250] rust_kjit: kjit: pc 0x400fe8: installed 492 bytes, 0 fault sites, 2 entries, text 0x400fe8..0x400ff0, fpsimd false
[    1.227850] rust_kjit: kjit: pc 0x400fcc: installed 1024 bytes, 1 fault sites, 11 entries, text 0x400fbc..0x400fe8, fpsimd false
rep 0 variant=gpr enabled=1 outer=20000 calls=128 ns_per_outer=857.9 ns_per_call=6.70
rep 1 variant=gpr enabled=1 outer=20000 calls=128 ns_per_outer=878.1 ns_per_call=6.86
rep 2 variant=gpr enabled=1 outer=20000 calls=128 ns_per_outer=869.0 ns_per_call=6.79
rep 3 variant=gpr enabled=1 outer=20000 calls=128 ns_per_outer=896.2 ns_per_call=7.00
rep 4 variant=gpr enabled=1 outer=20000 calls=128 ns_per_outer=997.5 ns_per_call=7.79
rep 5 variant=gpr enabled=1 outer=20000 calls=128 ns_per_outer=882.9 ns_per_call=6.90
rep 6 variant=gpr enabled=1 outer=20000 calls=128 ns_per_outer=848.8 ns_per_call=6.63
result variant=gpr enabled=1 outer=20000 calls=128 reps=7 median_ns_per_outer=878.1 median_ns_per_call=6.86 min_ns_per_call=6.63 acc=20480000
counters variant=gpr timed_outer=140000 hook_calls=140045 syscalls_in_kernel=139965 fragment_entries=140045 fpsimd_entries=1 fpsimd_restores=0 chains=0 chain_cap=0 exit_svc=139965 exit_bl=0 exit_blr=0 exit_br=0 exit_ret=80 exit_mem=0 exit_unsupported=0 exit_budget=0 run_declined=0
rep 0 variant=fp enabled=0 outer=200000 calls=128 ns_per_outer=538.2 ns_per_call=4.20
rep 1 variant=fp enabled=0 outer=200000 calls=128 ns_per_outer=534.3 ns_per_call=4.17
rep 2 variant=fp enabled=0 outer=200000 calls=128 ns_per_outer=534.0 ns_per_call=4.17
rep 3 variant=fp enabled=0 outer=200000 calls=128 ns_per_outer=542.1 ns_per_call=4.24
rep 4 variant=fp enabled=0 outer=200000 calls=128 ns_per_outer=544.8 ns_per_call=4.26
rep 5 variant=fp enabled=0 outer=200000 calls=128 ns_per_outer=545.8 ns_per_call=4.26
rep 6 variant=fp enabled=0 outer=200000 calls=128 ns_per_outer=547.4 ns_per_call=4.28
result variant=fp enabled=0 outer=200000 calls=128 reps=7 median_ns_per_outer=542.1 median_ns_per_call=4.24 min_ns_per_call=4.17 acc=204800000
[    2.274443] kjit: translate_svc_sites pid 77: 2 text ranges, 111 svc sites
[    2.274854] rust_kjit: kjit: pc 0x401028: installed 500 bytes, 0 fault sites, 4 entries, text 0x401028..0x401038, fpsimd true
[    2.275405] rust_kjit: kjit: pc 0x40100c: installed 1024 bytes, 1 fault sites, 11 entries, text 0x400ffc..0x401028, fpsimd false
rep 0 variant=fp enabled=1 outer=20000 calls=128 ns_per_outer=923.4 ns_per_call=7.21
rep 1 variant=fp enabled=1 outer=20000 calls=128 ns_per_outer=931.0 ns_per_call=7.27
rep 2 variant=fp enabled=1 outer=20000 calls=128 ns_per_outer=945.6 ns_per_call=7.39
rep 3 variant=fp enabled=1 outer=20000 calls=128 ns_per_outer=916.5 ns_per_call=7.16
rep 4 variant=fp enabled=1 outer=20000 calls=128 ns_per_outer=931.9 ns_per_call=7.28
rep 5 variant=fp enabled=1 outer=20000 calls=128 ns_per_outer=932.5 ns_per_call=7.28
rep 6 variant=fp enabled=1 outer=20000 calls=128 ns_per_outer=930.1 ns_per_call=7.27
result variant=fp enabled=1 outer=20000 calls=128 reps=7 median_ns_per_outer=931.0 median_ns_per_call=7.27 min_ns_per_call=7.16 acc=20480000
counters variant=fp timed_outer=140000 hook_calls=140045 syscalls_in_kernel=139965 fragment_entries=280017 fpsimd_entries=139973 fpsimd_restores=0 chains=139972 chain_cap=0 exit_svc=139965 exit_bl=139972 exit_blr=0 exit_br=0 exit_ret=80 exit_mem=0 exit_unsupported=0 exit_budget=0 run_declined=0
rep 0 variant=gpr enabled=0 outer=200000 calls=256 ns_per_outer=385.6 ns_per_call=1.51
rep 1 variant=gpr enabled=0 outer=200000 calls=256 ns_per_outer=384.5 ns_per_call=1.50
rep 2 variant=gpr enabled=0 outer=200000 calls=256 ns_per_outer=384.9 ns_per_call=1.50
rep 3 variant=gpr enabled=0 outer=200000 calls=256 ns_per_outer=383.3 ns_per_call=1.50
rep 4 variant=gpr enabled=0 outer=200000 calls=256 ns_per_outer=381.6 ns_per_call=1.49
rep 5 variant=gpr enabled=0 outer=200000 calls=256 ns_per_outer=381.8 ns_per_call=1.49
rep 6 variant=gpr enabled=0 outer=200000 calls=256 ns_per_outer=383.3 ns_per_call=1.50
result variant=gpr enabled=0 outer=200000 calls=256 reps=7 median_ns_per_outer=383.3 median_ns_per_call=1.50 min_ns_per_call=1.49 acc=409600000
[    3.078998] kjit: translate_svc_sites pid 79: 2 text ranges, 111 svc sites
[    3.079450] rust_kjit: kjit: pc 0x400fe8: installed 492 bytes, 0 fault sites, 2 entries, text 0x400fe8..0x400ff0, fpsimd false
[    3.080066] rust_kjit: kjit: pc 0x400fcc: installed 1024 bytes, 1 fault sites, 11 entries, text 0x400fbc..0x400fe8, fpsimd false
rep 0 variant=gpr enabled=1 outer=20000 calls=256 ns_per_outer=1712.8 ns_per_call=6.69
rep 1 variant=gpr enabled=1 outer=20000 calls=256 ns_per_outer=1688.6 ns_per_call=6.60
rep 2 variant=gpr enabled=1 outer=20000 calls=256 ns_per_outer=1677.3 ns_per_call=6.55
rep 3 variant=gpr enabled=1 outer=20000 calls=256 ns_per_outer=1671.3 ns_per_call=6.53
rep 4 variant=gpr enabled=1 outer=20000 calls=256 ns_per_outer=1651.6 ns_per_call=6.45
rep 5 variant=gpr enabled=1 outer=20000 calls=256 ns_per_outer=1680.3 ns_per_call=6.56
rep 6 variant=gpr enabled=1 outer=20000 calls=256 ns_per_outer=1680.7 ns_per_call=6.57
result variant=gpr enabled=1 outer=20000 calls=256 reps=7 median_ns_per_outer=1680.3 median_ns_per_call=6.56 min_ns_per_call=6.45 acc=40960000
counters variant=gpr timed_outer=140000 hook_calls=140045 syscalls_in_kernel=139965 fragment_entries=140045 fpsimd_entries=1 fpsimd_restores=0 chains=0 chain_cap=0 exit_svc=139965 exit_bl=0 exit_blr=0 exit_br=0 exit_ret=80 exit_mem=0 exit_unsupported=0 exit_budget=0 run_declined=0
rep 0 variant=fp enabled=0 outer=200000 calls=256 ns_per_outer=944.4 ns_per_call=3.69
rep 1 variant=fp enabled=0 outer=200000 calls=256 ns_per_outer=940.7 ns_per_call=3.67
rep 2 variant=fp enabled=0 outer=200000 calls=256 ns_per_outer=940.3 ns_per_call=3.67
rep 3 variant=fp enabled=0 outer=200000 calls=256 ns_per_outer=948.0 ns_per_call=3.70
rep 4 variant=fp enabled=0 outer=200000 calls=256 ns_per_outer=946.3 ns_per_call=3.70
rep 5 variant=fp enabled=0 outer=200000 calls=256 ns_per_outer=971.8 ns_per_call=3.80
rep 6 variant=fp enabled=0 outer=200000 calls=256 ns_per_outer=965.0 ns_per_call=3.77
result variant=fp enabled=0 outer=200000 calls=256 reps=7 median_ns_per_outer=946.3 median_ns_per_call=3.70 min_ns_per_call=3.67 acc=409600000
[    4.912160] kjit: translate_svc_sites pid 81: 2 text ranges, 111 svc sites
[    4.912658] rust_kjit: kjit: pc 0x401028: installed 500 bytes, 0 fault sites, 4 entries, text 0x401028..0x401038, fpsimd true
[    4.913956] rust_kjit: kjit: pc 0x40100c: installed 1024 bytes, 1 fault sites, 11 entries, text 0x400ffc..0x401028, fpsimd false
rep 0 variant=fp enabled=1 outer=20000 calls=256 ns_per_outer=1769.1 ns_per_call=6.91
rep 1 variant=fp enabled=1 outer=20000 calls=256 ns_per_outer=1723.6 ns_per_call=6.73
rep 2 variant=fp enabled=1 outer=20000 calls=256 ns_per_outer=1735.1 ns_per_call=6.78
rep 3 variant=fp enabled=1 outer=20000 calls=256 ns_per_outer=1720.9 ns_per_call=6.72
rep 4 variant=fp enabled=1 outer=20000 calls=256 ns_per_outer=1723.1 ns_per_call=6.73
rep 5 variant=fp enabled=1 outer=20000 calls=256 ns_per_outer=1715.8 ns_per_call=6.70
rep 6 variant=fp enabled=1 outer=20000 calls=256 ns_per_outer=1723.6 ns_per_call=6.73
result variant=fp enabled=1 outer=20000 calls=256 reps=7 median_ns_per_outer=1723.6 median_ns_per_call=6.73 min_ns_per_call=6.70 acc=40960000
counters variant=fp timed_outer=140000 hook_calls=140045 syscalls_in_kernel=139965 fragment_entries=280017 fpsimd_entries=139973 fpsimd_restores=0 chains=139972 chain_cap=0 exit_svc=139965 exit_bl=139972 exit_blr=0 exit_br=0 exit_ret=80 exit_mem=0 exit_unsupported=0 exit_budget=0 run_declined=0
a11: ibtc_variant=1
a11: warm-up at off
a11maps aaaae8570000-aaaae87c0000 r-xp 00000000 00:03 4263                       /opt/redis/src/redis-server
a11maps aaaae87c9000-aaaae87d0000 r--p 00259000 00:03 4263                       /opt/redis/src/redis-server
a11maps aaaae87d0000-aaaae8829000 rw-p 00260000 00:03 4263                       /opt/redis/src/redis-server
a11maps aaaae8829000-aaaae8a5c000 rw-p 00000000 00:00 0 
a11maps aaaafa335000-aaaafa356000 rw-p 00000000 00:00 0                          [heap]
a11maps ffff85d40000-ffff85fc0000 rw-p 00000000 00:00 0 
a11maps ffff85fc0000-ffff85fd0000 ---p 00000000 00:00 0 
a11maps ffff85fd0000-ffff867d0000 rw-p 00000000 00:00 0 
a11maps ffff867d0000-ffff867e0000 ---p 00000000 00:00 0 
a11maps ffff867e0000-ffff86fe0000 rw-p 00000000 00:00 0 
a11maps ffff86fe0000-ffff86ff0000 ---p 00000000 00:00 0 
a11maps ffff86ff0000-ffff877f0000 rw-p 00000000 00:00 0 
a11maps ffff877f0000-ffff87800000 ---p 00000000 00:00 0 
a11maps ffff87800000-ffff88000000 rw-p 00000000 00:00 0 
a11maps ffff88000000-ffff88800000 rw-p 00000000 00:00 0 
a11maps ffff88890000-ffff88a1c000 r-xp 00000000 00:03 816                        /usr/lib/aarch64-linux-gnu/libc.so.6
a11maps ffff88a1c000-ffff88a2c000 ---p 0018c000 00:03 816                        /usr/lib/aarch64-linux-gnu/libc.so.6
a11maps ffff88a2c000-ffff88a30000 r--p 0018c000 00:03 816                        /usr/lib/aarch64-linux-gnu/libc.so.6
a11maps ffff88a30000-ffff88a32000 rw-p 00190000 00:03 816                        /usr/lib/aarch64-linux-gnu/libc.so.6
a11maps ffff88a32000-ffff88a3f000 rw-p 00000000 00:00 0 
a11maps ffff88a40000-ffff88ac2000 r-xp 00000000 00:03 863                        /usr/lib/aarch64-linux-gnu/libm.so.6
a11maps ffff88ac2000-ffff88adf000 ---p 00082000 00:03 863                        /usr/lib/aarch64-linux-gnu/libm.so.6
a11maps ffff88adf000-ffff88ae0000 r--p 0008f000 00:03 863                        /usr/lib/aarch64-linux-gnu/libm.so.6
a11maps ffff88ae0000-ffff88ae1000 rw-p 00090000 00:03 863                        /usr/lib/aarch64-linux-gnu/libm.so.6
a11maps ffff88aed000-ffff88b14000 r-xp 00000000 00:03 796                        /usr/lib/aarch64-linux-gnu/ld-linux-aarch64.so.1
a11maps ffff88b1e000-ffff88b22000 rw-p 00000000 00:00 0 
a11maps ffff88b24000-ffff88b26000 rw-p 00000000 00:00 0 
a11maps ffff88b26000-ffff88b2a000 r--p 00000000 00:00 0                          [vvar]
a11maps ffff88b2a000-ffff88b2b000 r-xp 00000000 00:00 0                          [vdso]
a11maps ffff88b2b000-ffff88b2d000 r--p 0002e000 00:03 796                        /usr/lib/aarch64-linux-gnu/ld-linux-aarch64.so.1
a11maps ffff88b2d000-ffff88b2f000 rw-p 00030000 00:03 796                        /usr/lib/aarch64-linux-gnu/ld-linux-aarch64.so.1
a11maps fffff664c000-fffff666d000 rw-p 00000000 00:00 0                          [stack]
a11 point=off pass=1 test=set requests=200000 rps=228832.95 hook_calls=0 syscalls_in_kernel=0 fragment_entries=0 fpsimd_entries=0 fpsimd_restores=0 chains=0 chain_cap=0 exit_svc=0 exit_bl=0 exit_blr=0 exit_br=0 exit_ret=0 exit_mem=0 exit_unsupported=0 exit_budget=0 run_declined=0 ibtc_insert=0 ibtc_replace=0 ibtc_clear=0 ibtc_fpsimd_boundary=0 ibtc_miss_cold=0 ibtc_miss_conflict=0 ibtc_miss_other=0 fpsimd_run_max_ns=72958 miss_residual=0
a11slots point=off pass=1 test=set # table all conflicts 0 slots 0 top32 0
a11slots point=off pass=1 test=set # table nofp conflicts 0 slots 0 top32 0
a11 point=off pass=1 test=get requests=200000 rps=236966.83 hook_calls=0 syscalls_in_kernel=0 fragment_entries=0 fpsimd_entries=0 fpsimd_restores=0 chains=0 chain_cap=0 exit_svc=0 exit_bl=0 exit_blr=0 exit_br=0 exit_ret=0 exit_mem=0 exit_unsupported=0 exit_budget=0 run_declined=0 ibtc_insert=0 ibtc_replace=0 ibtc_clear=0 ibtc_fpsimd_boundary=0 ibtc_miss_cold=0 ibtc_miss_conflict=0 ibtc_miss_other=0 fpsimd_run_max_ns=72958 miss_residual=0
a11slots point=off pass=1 test=get # table all conflicts 0 slots 0 top32 0
a11slots point=off pass=1 test=get # table nofp conflicts 0 slots 0 top32 0
a11 point=1024 pass=1 test=set requests=200000 rps=99157.16 hook_calls=408814 syscalls_in_kernel=384471 fragment_entries=3894238 fpsimd_entries=782311 fpsimd_restores=0 chains=3486241 chain_cap=0 exit_svc=384471 exit_bl=408668 exit_blr=188642 exit_br=586962 exit_ret=2320114 exit_mem=1 exit_unsupported=5380 exit_budget=0 run_declined=13 ibtc_insert=5407869 ibtc_replace=5407350 ibtc_clear=0 ibtc_fpsimd_boundary=782305 ibtc_miss_cold=17717 ibtc_miss_conflict=2704364 ibtc_miss_other=0 fpsimd_run_max_ns=4212708 miss_residual=0
a11slots point=1024 pass=1 test=set # table all conflicts 768098 slots 7 top32 768098
a11slots point=1024 pass=1 test=set all 2011 192155 0xaaaae860d960 0xaaaae85f5a98
a11slots point=1024 pass=1 test=set all 83 190883 0xaaaae860c740 0xaaaae85fc4b0
a11slots point=1024 pass=1 test=set all 1296 188016 0xaaaae85f51b4 0xaaaae8601240
a11slots point=1024 pass=1 test=set all 2015 181821 0xaaaae85f5a88 0xaaaae860d970
a11slots point=1024 pass=1 test=set all 1815 7664 0xaaaae860da50 0xaaaae85fd9a0
a11slots point=1024 pass=1 test=set all 1271 7512 0xaaaae85e9634 0xaaaae85fd620
a11slots point=1024 pass=1 test=set all 93 47 0xaaaae8734640 0xaaaae8604770
a11slots point=1024 pass=1 test=set # table nofp conflicts 1936266 slots 9 top32 1936266
a11slots point=1024 pass=1 test=set nofp 1399 398243 0xaaaae85dd000 0xffff8896dcb0
a11slots point=1024 pass=1 test=set nofp 93 375689 0xaaaae8604770 0xaaaae860c778
a11slots point=1024 pass=1 test=set nofp 56 375237 0xaaaae86046e4 0xaaaae85fc51c
a11slots point=1024 pass=1 test=set nofp 2015 201419 0xaaaae860d970 0xaaaae85f5a88
a11slots point=1024 pass=1 test=set nofp 2011 191597 0xaaaae85f5a98 0xaaaae860d960
a11slots point=1024 pass=1 test=set nofp 83 190948 0xaaaae85fc4b0 0xaaaae860c740
a11slots point=1024 pass=1 test=set nofp 1296 188081 0xaaaae8601240 0xaaaae85f51b4
a11slots point=1024 pass=1 test=set nofp 1815 7602 0xaaaae85fd9a0 0xaaaae860da50
a11slots point=1024 pass=1 test=set nofp 1271 7450 0xaaaae85fd620 0xaaaae85e9634
a11 point=1024 pass=1 test=get requests=200000 rps=139664.80 hook_calls=408750 syscalls_in_kernel=398608 fragment_entries=2261754 fpsimd_entries=612554 fpsimd_restores=0 chains=1853558 chain_cap=0 exit_svc=398608 exit_bl=422855 exit_blr=88 exit_br=398499 exit_ret=1033972 exit_mem=1 exit_unsupported=7731 exit_budget=0 run_declined=19 ibtc_insert=2482011 ibtc_replace=2481980 ibtc_clear=0 ibtc_fpsimd_boundary=612551 ibtc_miss_cold=1695 ibtc_miss_conflict=1241168 ibtc_miss_other=0 fpsimd_run_max_ns=4212708 miss_residual=0
a11slots point=1024 pass=1 test=get # table all conflicts 603518 slots 6 top32 603518
a11slots point=1024 pass=1 test=get all 1296 389185 0xaaaae8601240 0xaaaae85f51b4
a11slots point=1024 pass=1 test=get all 56 190691 0xaaaae85fc51c 0xaaaae86046e4
a11slots point=1024 pass=1 test=get all 1995 7887 0xaaaae860192c 0xaaaae85fdad0
a11slots point=1024 pass=1 test=get all 1815 7848 0xaaaae860da50 0xaaaae85fd9a0
a11slots point=1024 pass=1 test=get all 1271 7810 0xaaaae85e9634 0xaaaae85fd620
a11slots point=1024 pass=1 test=get all 93 97 0xaaaae8734640 0xaaaae8604770
a11slots point=1024 pass=1 test=get # table nofp conflicts 637650 slots 7 top32 637650
a11slots point=1024 pass=1 test=get nofp 1399 400002 0xaaaae85dd000 0xffff8896dcb0
a11slots point=1024 pass=1 test=get nofp 56 206343 0xaaaae86046e4 0xaaaae85fc51c
a11slots point=1024 pass=1 test=get nofp 1815 7848 0xaaaae85fd9a0 0xaaaae860da50
a11slots point=1024 pass=1 test=get nofp 1995 7823 0xaaaae85fdad0 0xaaaae860192c
a11slots point=1024 pass=1 test=get nofp 1271 7810 0xaaaae85fd620 0xaaaae85e9634
a11slots point=1024 pass=1 test=get nofp 1296 7809 0xaaaae8601240 0xaaaae85f51b4
a11slots point=1024 pass=1 test=get nofp 93 15 0xaaaae8734640 0xaaaae8604770
a11 point=off pass=2 test=set requests=200000 rps=162206.00 hook_calls=0 syscalls_in_kernel=0 fragment_entries=0 fpsimd_entries=0 fpsimd_restores=0 chains=0 chain_cap=0 exit_svc=0 exit_bl=0 exit_blr=0 exit_br=0 exit_ret=0 exit_mem=0 exit_unsupported=0 exit_budget=0 run_declined=0 ibtc_insert=0 ibtc_replace=0 ibtc_clear=0 ibtc_fpsimd_boundary=0 ibtc_miss_cold=0 ibtc_miss_conflict=0 ibtc_miss_other=0 fpsimd_run_max_ns=4212708 miss_residual=0
a11slots point=off pass=2 test=set # table all conflicts 0 slots 0 top32 0
a11slots point=off pass=2 test=set # table nofp conflicts 0 slots 0 top32 0
a11 point=off pass=2 test=get requests=200000 rps=226500.56 hook_calls=0 syscalls_in_kernel=0 fragment_entries=0 fpsimd_entries=0 fpsimd_restores=0 chains=0 chain_cap=0 exit_svc=0 exit_bl=0 exit_blr=0 exit_br=0 exit_ret=0 exit_mem=0 exit_unsupported=0 exit_budget=0 run_declined=0 ibtc_insert=0 ibtc_replace=0 ibtc_clear=0 ibtc_fpsimd_boundary=0 ibtc_miss_cold=0 ibtc_miss_conflict=0 ibtc_miss_other=0 fpsimd_run_max_ns=4212708 miss_residual=0
a11slots point=off pass=2 test=get # table all conflicts 0 slots 0 top32 0
a11slots point=off pass=2 test=get # table nofp conflicts 0 slots 0 top32 0
a11 point=1024 pass=2 test=set requests=200000 rps=114810.56 hook_calls=408620 syscalls_in_kernel=399629 fragment_entries=4048325 fpsimd_entries=814137 fpsimd_restores=0 chains=3640265 chain_cap=0 exit_svc=399629 exit_bl=415534 exit_blr=199600 exit_br=606912 exit_ret=2419044 exit_mem=0 exit_unsupported=7606 exit_budget=0 run_declined=18 ibtc_insert=5652256 ibtc_replace=5652256 ibtc_clear=0 ibtc_fpsimd_boundary=814137 ibtc_miss_cold=691 ibtc_miss_conflict=2826262 ibtc_miss_other=0 fpsimd_run_max_ns=4212708 miss_residual=0
a11slots point=1024 pass=2 test=set # table all conflicts 806237 slots 7 top32 806237
a11slots point=1024 pass=2 test=set all 83 199637 0xaaaae860c740 0xaaaae85fc4b0
a11slots point=1024 pass=2 test=set all 2011 199637 0xaaaae860d960 0xaaaae85f5a98
a11slots point=1024 pass=2 test=set all 1296 199570 0xaaaae85f51b4 0xaaaae8601240
a11slots point=1024 pass=2 test=set all 2015 191902 0xaaaae85f5a88 0xaaaae860d970
a11slots point=1024 pass=2 test=set all 1271 7718 0xaaaae85e9634 0xaaaae85fd620
a11slots point=1024 pass=2 test=set all 1815 7718 0xaaaae860da50 0xaaaae85fd9a0
a11slots point=1024 pass=2 test=set all 93 55 0xaaaae8734640 0xaaaae8604770
a11slots point=1024 pass=2 test=set # table nofp conflicts 2020025 slots 9 top32 2020025
a11slots point=1024 pass=2 test=set nofp 1399 400002 0xaaaae85dd000 0xffff8896dcb0
a11slots point=1024 pass=2 test=set nofp 93 399227 0xaaaae8604770 0xaaaae860c778
a11slots point=1024 pass=2 test=set nofp 56 399144 0xaaaae86046e4 0xaaaae85fc51c
a11slots point=1024 pass=2 test=set nofp 2015 207372 0xaaaae85f5a88 0xaaaae860d970
a11slots point=1024 pass=2 test=set nofp 83 199637 0xaaaae85fc4b0 0xaaaae860c740
a11slots point=1024 pass=2 test=set nofp 2011 199637 0xaaaae85f5a98 0xaaaae860d960
a11slots point=1024 pass=2 test=set nofp 1296 199570 0xaaaae8601240 0xaaaae85f51b4
a11slots point=1024 pass=2 test=set nofp 1271 7718 0xaaaae85fd620 0xaaaae85e9634
a11slots point=1024 pass=2 test=set nofp 1815 7718 0xaaaae85fd9a0 0xaaaae860da50
a11 point=1024 pass=2 test=get requests=200000 rps=141643.06 hook_calls=408572 syscalls_in_kernel=399727 fragment_entries=2267747 fpsimd_entries=614729 fpsimd_restores=124 chains=1859723 chain_cap=0 exit_svc=399727 exit_bl=423181 exit_blr=16 exit_br=399709 exit_ret=1037496 exit_mem=0 exit_unsupported=7618 exit_budget=0 run_declined=11 ibtc_insert=2489988 ibtc_replace=2489988 ibtc_clear=0 ibtc_fpsimd_boundary=614729 ibtc_miss_cold=578 ibtc_miss_conflict=1245095 ibtc_miss_other=0 fpsimd_run_max_ns=4212708 miss_residual=0
a11slots point=1024 pass=2 test=get # table all conflicts 606905 slots 6 top32 606905
a11slots point=1024 pass=2 test=get all 1296 391723 0xaaaae8601240 0xaaaae85f51b4
a11slots point=1024 pass=2 test=get all 56 192017 0xaaaae85fc51c 0xaaaae86046e4
a11slots point=1024 pass=2 test=get all 1271 7693 0xaaaae85e9634 0xaaaae85fd620
a11slots point=1024 pass=2 test=get all 1815 7693 0xaaaae860da50 0xaaaae85fd9a0
a11slots point=1024 pass=2 test=get all 1995 7693 0xaaaae860192c 0xaaaae85fdad0
a11slots point=1024 pass=2 test=get all 93 86 0xaaaae8734640 0xaaaae8604770
a11slots point=1024 pass=2 test=get # table nofp conflicts 638190 slots 7 top32 638190
a11slots point=1024 pass=2 test=get nofp 1399 400002 0xaaaae85dd000 0xffff8896dcb0
a11slots point=1024 pass=2 test=get nofp 56 207401 0xaaaae86046e4 0xaaaae85fc51c
a11slots point=1024 pass=2 test=get nofp 1271 7693 0xaaaae85fd620 0xaaaae85e9634
a11slots point=1024 pass=2 test=get nofp 1296 7693 0xaaaae8601240 0xaaaae85f51b4
a11slots point=1024 pass=2 test=get nofp 1815 7693 0xaaaae85fd9a0 0xaaaae860da50
a11slots point=1024 pass=2 test=get nofp 1995 7693 0xaaaae85fdad0 0xaaaae860192c
a11slots point=1024 pass=2 test=get nofp 93 15 0xaaaae8734640 0xaaaae8604770
a11 point=off pass=3 test=set requests=200000 rps=225479.14 hook_calls=0 syscalls_in_kernel=0 fragment_entries=0 fpsimd_entries=0 fpsimd_restores=0 chains=0 chain_cap=0 exit_svc=0 exit_bl=0 exit_blr=0 exit_br=0 exit_ret=0 exit_mem=0 exit_unsupported=0 exit_budget=0 run_declined=0 ibtc_insert=0 ibtc_replace=0 ibtc_clear=0 ibtc_fpsimd_boundary=0 ibtc_miss_cold=0 ibtc_miss_conflict=0 ibtc_miss_other=0 fpsimd_run_max_ns=4212708 miss_residual=0
a11slots point=off pass=3 test=set # table all conflicts 0 slots 0 top32 0
a11slots point=off pass=3 test=set # table nofp conflicts 0 slots 0 top32 0
a11 point=off pass=3 test=get requests=200000 rps=228571.42 hook_calls=0 syscalls_in_kernel=0 fragment_entries=0 fpsimd_entries=0 fpsimd_restores=0 chains=0 chain_cap=0 exit_svc=0 exit_bl=0 exit_blr=0 exit_br=0 exit_ret=0 exit_mem=0 exit_unsupported=0 exit_budget=0 run_declined=0 ibtc_insert=0 ibtc_replace=0 ibtc_clear=0 ibtc_fpsimd_boundary=0 ibtc_miss_cold=0 ibtc_miss_conflict=0 ibtc_miss_other=0 fpsimd_run_max_ns=4212708 miss_residual=0
a11slots point=off pass=3 test=get # table all conflicts 0 slots 0 top32 0
a11slots point=off pass=3 test=get # table nofp conflicts 0 slots 0 top32 0
a11 point=1024 pass=3 test=set requests=200000 rps=117302.05 hook_calls=408569 syscalls_in_kernel=399692 fragment_entries=4048959 fpsimd_entries=814241 fpsimd_restores=0 chains=3640949 chain_cap=0 exit_svc=399692 exit_bl=415432 exit_blr=199670 exit_br=606994 exit_ret=2419603 exit_mem=0 exit_unsupported=7568 exit_budget=0 run_declined=16 ibtc_insert=5653416 ibtc_replace=5653416 ibtc_clear=0 ibtc_fpsimd_boundary=814241 ibtc_miss_cold=623 ibtc_miss_conflict=2826835 ibtc_miss_other=0 fpsimd_run_max_ns=4212708 miss_residual=0
a11slots point=1024 pass=3 test=set # table all conflicts 806439 slots 7 top32 806439
a11slots point=1024 pass=3 test=set all 83 199696 0xaaaae860c740 0xaaaae85fc4b0
a11slots point=1024 pass=3 test=set all 2011 199696 0xaaaae860d960 0xaaaae85f5a98
a11slots point=1024 pass=3 test=set all 1296 199640 0xaaaae85f51b4 0xaaaae8601240
a11slots point=1024 pass=3 test=set all 2015 192011 0xaaaae85f5a88 0xaaaae860d970
a11slots point=1024 pass=3 test=set all 1271 7669 0xaaaae85e9634 0xaaaae85fd620
a11slots point=1024 pass=3 test=set all 1815 7669 0xaaaae860da50 0xaaaae85fd9a0
a11slots point=1024 pass=3 test=set all 93 58 0xaaaae8734640 0xaaaae8604770
a11slots point=1024 pass=3 test=set # table nofp conflicts 2020396 slots 9 top32 2020396
a11slots point=1024 pass=3 test=set nofp 1399 400002 0xaaaae85dd000 0xffff8896dcb0
a11slots point=1024 pass=3 test=set nofp 93 399359 0xaaaae8604770 0xaaaae860c778
a11slots point=1024 pass=3 test=set nofp 56 399284 0xaaaae86046e4 0xaaaae85fc51c
a11slots point=1024 pass=3 test=set nofp 2015 207381 0xaaaae860d970 0xaaaae85f5a88
a11slots point=1024 pass=3 test=set nofp 83 199696 0xaaaae85fc4b0 0xaaaae860c740
a11slots point=1024 pass=3 test=set nofp 2011 199696 0xaaaae85f5a98 0xaaaae860d960
a11slots point=1024 pass=3 test=set nofp 1296 199640 0xaaaae8601240 0xaaaae85f51b4
a11slots point=1024 pass=3 test=set nofp 1271 7669 0xaaaae85fd620 0xaaaae85e9634
a11slots point=1024 pass=3 test=set nofp 1815 7669 0xaaaae85fd9a0 0xaaaae860da50
a11 point=1024 pass=3 test=get requests=200000 rps=93984.96 hook_calls=409555 syscalls_in_kernel=399566 fragment_entries=2275313 fpsimd_entries=616274 fpsimd_restores=0 chains=1866322 chain_cap=0 exit_svc=399566 exit_bl=426045 exit_blr=28 exit_br=399535 exit_ret=1041573 exit_mem=10 exit_unsupported=8556 exit_budget=0 run_declined=15 ibtc_insert=2500096 ibtc_replace=2500096 ibtc_clear=0 ibtc_fpsimd_boundary=616274 ibtc_miss_cold=734 ibtc_miss_conflict=1250173 ibtc_miss_other=0 fpsimd_run_max_ns=12239500 miss_residual=0
a11slots point=1024 pass=3 test=get # table all conflicts 607368 slots 6 top32 607368
a11slots point=1024 pass=3 test=get all 1296 390422 0xaaaae8601240 0xaaaae85f51b4
a11slots point=1024 pass=3 test=get all 56 190885 0xaaaae85fc51c 0xaaaae86046e4
a11slots point=1024 pass=3 test=get all 1271 8651 0xaaaae85e9634 0xaaaae85fd620
a11slots point=1024 pass=3 test=get all 1815 8651 0xaaaae860da50 0xaaaae85fd9a0
a11slots point=1024 pass=3 test=get all 1995 8651 0xaaaae860192c 0xaaaae85fdad0
a11slots point=1024 pass=3 test=get all 93 108 0xaaaae8734640 0xaaaae8604770
a11slots point=1024 pass=3 test=get # table nofp conflicts 642805 slots 7 top32 642805
a11slots point=1024 pass=3 test=get nofp 1399 400002 0xaaaae85dd000 0xffff8896dcb0
a11slots point=1024 pass=3 test=get nofp 56 208187 0xaaaae86046e4 0xaaaae85fc51c
a11slots point=1024 pass=3 test=get nofp 1271 8651 0xaaaae85fd620 0xaaaae85e9634
a11slots point=1024 pass=3 test=get nofp 1815 8651 0xaaaae85fd9a0 0xaaaae860da50
a11slots point=1024 pass=3 test=get nofp 1995 8651 0xaaaae85fdad0 0xaaaae860192c
a11slots point=1024 pass=3 test=get nofp 1296 8646 0xaaaae8601240 0xaaaae85f51b4
a11slots point=1024 pass=3 test=get nofp 93 17 0xaaaae8734640 0xaaaae8604770
a11maps-end aaaae8570000-aaaae87c0000 r-xp 00000000 00:03 4263                       /opt/redis/src/redis-server
a11maps-end aaaae87c9000-aaaae87d0000 r--p 00259000 00:03 4263                       /opt/redis/src/redis-server
a11maps-end aaaae87d0000-aaaae8829000 rw-p 00260000 00:03 4263                       /opt/redis/src/redis-server
a11maps-end aaaae8829000-aaaae8a5c000 rw-p 00000000 00:00 0 
a11maps-end aaaafa335000-aaaafa356000 rw-p 00000000 00:00 0                          [heap]
a11maps-end ffff85d40000-ffff85fc0000 rw-p 00000000 00:00 0 
a11maps-end ffff85fc0000-ffff85fd0000 ---p 00000000 00:00 0 
a11maps-end ffff85fd0000-ffff867d0000 rw-p 00000000 00:00 0 
a11maps-end ffff867d0000-ffff867e0000 ---p 00000000 00:00 0 
a11maps-end ffff867e0000-ffff86fe0000 rw-p 00000000 00:00 0 
a11maps-end ffff86fe0000-ffff86ff0000 ---p 00000000 00:00 0 
a11maps-end ffff86ff0000-ffff877f0000 rw-p 00000000 00:00 0 
a11maps-end ffff877f0000-ffff87800000 ---p 00000000 00:00 0 
a11maps-end ffff87800000-ffff88000000 rw-p 00000000 00:00 0 
a11maps-end ffff88000000-ffff88800000 rw-p 00000000 00:00 0 
a11maps-end ffff88890000-ffff88a1c000 r-xp 00000000 00:03 816                        /usr/lib/aarch64-linux-gnu/libc.so.6
a11maps-end ffff88a1c000-ffff88a2c000 ---p 0018c000 00:03 816                        /usr/lib/aarch64-linux-gnu/libc.so.6
a11maps-end ffff88a2c000-ffff88a30000 r--p 0018c000 00:03 816                        /usr/lib/aarch64-linux-gnu/libc.so.6
a11maps-end ffff88a30000-ffff88a32000 rw-p 00190000 00:03 816                        /usr/lib/aarch64-linux-gnu/libc.so.6
a11maps-end ffff88a32000-ffff88a3f000 rw-p 00000000 00:00 0 
a11maps-end ffff88a40000-ffff88ac2000 r-xp 00000000 00:03 863                        /usr/lib/aarch64-linux-gnu/libm.so.6
a11maps-end ffff88ac2000-ffff88adf000 ---p 00082000 00:03 863                        /usr/lib/aarch64-linux-gnu/libm.so.6
a11maps-end ffff88adf000-ffff88ae0000 r--p 0008f000 00:03 863                        /usr/lib/aarch64-linux-gnu/libm.so.6
a11maps-end ffff88ae0000-ffff88ae1000 rw-p 00090000 00:03 863                        /usr/lib/aarch64-linux-gnu/libm.so.6
a11maps-end ffff88aed000-ffff88b14000 r-xp 00000000 00:03 796                        /usr/lib/aarch64-linux-gnu/ld-linux-aarch64.so.1
a11maps-end ffff88b1e000-ffff88b22000 rw-p 00000000 00:00 0 
a11maps-end ffff88b24000-ffff88b26000 rw-p 00000000 00:00 0 
a11maps-end ffff88b26000-ffff88b2a000 r--p 00000000 00:00 0                          [vvar]
a11maps-end ffff88b2a000-ffff88b2b000 r-xp 00000000 00:00 0                          [vdso]
a11maps-end ffff88b2b000-ffff88b2d000 r--p 0002e000 00:03 796                        /usr/lib/aarch64-linux-gnu/ld-linux-aarch64.so.1
a11maps-end ffff88b2d000-ffff88b2f000 rw-p 00030000 00:03 796                        /usr/lib/aarch64-linux-gnu/ld-linux-aarch64.so.1
a11maps-end fffff664c000-fffff666d000 rw-p 00000000 00:00 0                          [stack]
a11: done
[   37.583846] kjit: 0 of 295 translation requests still queued at unload (freed by the kernel)
[   37.603427] rust_kjit: ######## Rust KJIT exits ########
kjit-init: rmmod kjit ok
kjit-init: run exit=0
[   37.630762] reboot: Power down
guest-run: PASS (/Volumes/Local/kjit-a4b2/build/runs/meas-v1-20261009-024853/serial.log)
grun: rc=0 run_dir=/Volumes/Local/kjit-a4b2/build/runs/meas-v1-20261009-024853
