[    0.000000] Booting Linux on physical CPU 0x0000000000 [0x610f0000]
[    0.000000] Linux version 7.1.0-rc1 (@6906d107117b) (Ubuntu clang version 18.1.3 (1ubuntu1), Ubuntu LLD 18.1.3) #1 SMP PREEMPT Fri Oct  2 08:37:58 UTC 2026
[    0.000000] random: crng init done
[    0.000000] Machine model: linux,dummy-virt
[    0.000000] OF: reserved mem: Reserved memory: No reserved-memory node in the DT
[    0.000000] psci: probing for conduit method from DT.
[    0.000000] psci: PSCIv1.1 detected in firmware.
[    0.000000] psci: Using standard PSCI v0.2 function IDs
[    0.000000] psci: Trusted OS migration not required
[    0.000000] psci: SMC Calling Convention v1.0
[    0.000000] Zone ranges:
[    0.000000]   Normal   [mem 0x0000000040000000-0x000000013fffffff]
[    0.000000] Movable zone start for each node
[    0.000000] Early memory node ranges
[    0.000000]   node   0: [mem 0x0000000040000000-0x000000013fffffff]
[    0.000000] Initmem setup node 0 [mem 0x0000000040000000-0x000000013fffffff]
[    0.000000] percpu: Embedded 19 pages/cpu s38488 r8192 d31144 u77824
[    0.000000] Detected PIPT I-cache on CPU0
[    0.000000] CPU features: detected: Address authentication (IMP DEF algorithm)
[    0.000000] CPU features: detected: Spectre-v4
[    0.000000] CPU features: detected: Spectre-BHB
[    0.000000] alternatives: applying boot alternatives
[    0.000000] Kernel command line: console=ttyAMA0 panic=-1 nokaslr
[    0.000000] Unknown kernel command line parameters "nokaslr", will be passed to user space.
[    0.000000] printk: log buffer data + meta data: 131072 + 458752 = 589824 bytes
[    0.000000] Dentry cache hash table entries: 524288 (order: 10, 4194304 bytes, linear)
[    0.000000] Inode-cache hash table entries: 262144 (order: 9, 2097152 bytes, linear)
[    0.000000] software IO TLB: SWIOTLB bounce buffer size adjusted to 4MB
[    0.000000] software IO TLB: area num 4.
[    0.000000] software IO TLB: mapped [mem 0x000000013ac00000-0x000000013b000000] (4MB)
[    0.000000] Built 1 zonelists, mobility grouping on.  Total pages: 1048576
[    0.000000] mem auto-init: stack:all(zero), heap alloc:off, heap free:off
[    0.000000] SLUB: HWalign=64, Order=0-3, MinObjects=0, CPUs=4, Nodes=1
[    0.000000] rcu: Preemptible hierarchical RCU implementation.
[    0.000000] rcu: 	RCU restricting CPUs from NR_CPUS=512 to nr_cpu_ids=4.
[    0.000000] rcu: RCU calculated value of scheduler-enlistment delay is 25 jiffies.
[    0.000000] rcu: Adjusting geometry for rcu_fanout_leaf=16, nr_cpu_ids=4
[    0.000000] NR_IRQS: 64, nr_irqs: 64, preallocated irqs: 0
[    0.000000] Root IRQ handler: gic_handle_irq
[    0.000000] GICv2m: range[mem 0x08020000-0x08020fff], SPI[80:143]
[    0.000000] rcu: srcu_init: Setting srcu_struct sizes based on contention.
[    0.000000] arch_timer: cp15 timer running at 24.00MHz (virt).
[    0.000000] clocksource: arch_sys_counter: mask: 0xffffffffffffff max_cycles: 0x588fe9dc0, max_idle_ns: 440795202592 ns
[    0.000000] sched_clock: 56 bits at 24MHz, resolution 41ns, wraps every 4398046511097ns
[    0.000108] Console: colour dummy device 80x25
[    0.000115] Calibrating delay loop (skipped), value calculated using timer frequency.. 48.00 BogoMIPS (lpj=96000)
[    0.000120] pid_max: default: 32768 minimum: 301
[    0.000249] Mount-cache hash table entries: 8192 (order: 4, 65536 bytes, linear)
[    0.000257] Mountpoint-cache hash table entries: 8192 (order: 4, 65536 bytes, linear)
[    0.000332] VFS: Finished mounting rootfs on nullfs
[    0.000480] cacheinfo: Unable to detect cache hierarchy for CPU 0
[    0.000600] rcu: Hierarchical SRCU implementation.
[    0.000600] rcu: 	Max phase no-delay instances is 1000.
[    0.000620] Timer migration: 1 hierarchy levels; 8 children per group; 1 crossnode level
[    0.000664] smp: Bringing up secondary CPUs ...
[    0.000862] Detected PIPT I-cache on CPU1
[    0.000958] CPU1: Booted secondary processor 0x0000000001 [0x610f0000]
[    0.001269] Detected PIPT I-cache on CPU2
[    0.001454] CPU2: Booted secondary processor 0x0000000002 [0x610f0000]
[    0.001756] Detected PIPT I-cache on CPU3
[    0.001868] CPU3: Booted secondary processor 0x0000000003 [0x610f0000]
[    0.001980] smp: Brought up 1 node, 4 CPUs
[    0.001981] SMP: Total of 4 processors activated.
[    0.001982] CPU: All CPU(s) started at EL1
[    0.001983] CPU features: detected: ARMv8.4 Translation Table Level
[    0.001983] CPU features: detected: Data cache clean to the PoU not required for I/D coherence
[    0.001984] CPU features: detected: CRC32 instructions
[    0.001984] CPU features: detected: Data independent timing control (DIT)
[    0.001985] CPU features: detected: E0PD
[    0.001985] CPU features: detected: Generic authentication (IMP DEF algorithm)
[    0.001986] CPU features: detected: RCpc load-acquire (LDAPR)
[    0.001986] CPU features: detected: LSE atomic instructions
[    0.001986] CPU features: detected: Privileged Access Never
[    0.001987] CPU features: detected: Speculation barrier (SB)
[    0.001987] CPU features: detected: TLB range maintenance instructions
[    0.001987] CPU features: detected: XNX
[    0.002167] alternatives: applying system-wide alternatives
[    0.003184] Memory: 3934216K/4194304K available (5248K kernel code, 754K rwdata, 2356K rodata, 576K init, 405K bss, 256908K reserved, 0K cma-reserved)
[    0.003449] devtmpfs: initialized
[    0.003742] clocksource: jiffies: mask: 0xffffffff max_cycles: 0xffffffff, max_idle_ns: 7645041785100000 ns
[    0.003746] posixtimers hash table entries: 2048 (order: 3, 32768 bytes, linear)
[    0.003767] futex hash table entries: 1024 (65536 bytes on 1 NUMA nodes, total 64 KiB, linear).
[    0.003773] 30384 pages in range for non-PLT usage
[    0.003773] 521904 pages in range for PLT usage
[    0.003834] NET: Registered PF_NETLINK/PF_ROUTE protocol family
[    0.004239] DMA: preallocated 512 KiB GFP_KERNEL pool for atomic allocations
[    0.004279] ASID allocator initialised with 256 entries
[    0.004287] Serial: AMBA PL011 UART driver
[    0.004649] 9000000.pl011: ttyAMA0 at MMIO 0x9000000 (irq = 13, base_baud = 0) is a PL011 rev1
[    0.004778] printk: console [ttyAMA0] enabled
[    0.010858] vgaarb: loaded
[    0.011020] clocksource: Switched to clocksource arch_sys_counter
[    0.021569] NET: Registered PF_INET protocol family
[    0.021645] IP idents hash table entries: 65536 (order: 7, 524288 bytes, linear)
[    0.022072] tcp_listen_portaddr_hash hash table entries: 2048 (order: 3, 32768 bytes, linear)
[    0.022079] Table-perturb hash table entries: 65536 (order: 6, 262144 bytes, linear)
[    0.022082] TCP established hash table entries: 32768 (order: 6, 262144 bytes, linear)
[    0.022185] TCP bind hash table entries: 32768 (order: 8, 1048576 bytes, linear)
[    0.022336] TCP: Hash tables configured (established 32768 bind 32768)
[    0.022363] UDP hash table entries: 2048 (order: 5, 131072 bytes, linear)
[    0.022394] NET: Registered PF_UNIX/PF_LOCAL protocol family
[    0.022402] PCI: CLS 0 bytes, default 64
[    0.022622] Unpacking initramfs...
[    0.023529] workingset: timestamp_bits=46 (anon: 42) max_order=20 bucket_order=0 (anon: 0)
[    0.023647] 9p: Installing v9fs 9p2000 file system support
[    0.023972] pci-host-generic 4010000000.pcie: host bridge /pcie@10000000 ranges:
[    0.023977] pci-host-generic 4010000000.pcie:       IO 0x003eff0000..0x003effffff -> 0x0000000000
[    0.023980] pci-host-generic 4010000000.pcie:      MEM 0x0010000000..0x003efeffff -> 0x0010000000
[    0.023981] pci-host-generic 4010000000.pcie:      MEM 0x8000000000..0xffffffffff -> 0x8000000000
[    0.023992] pci-host-generic 4010000000.pcie: Memory resource size exceeds max for 32 bits
[    0.024001] pci-host-generic 4010000000.pcie: ECAM at [mem 0x4010000000-0x401fffffff] for [bus 00-ff]
[    0.024017] pci-host-generic 4010000000.pcie: PCI host bridge to bus 0000:00
[    0.024018] pci_bus 0000:00: root bus resource [bus 00-ff]
[    0.024019] pci_bus 0000:00: root bus resource [io  0x0000-0xffff]
[    0.024019] pci_bus 0000:00: root bus resource [mem 0x10000000-0x3efeffff]
[    0.024020] pci_bus 0000:00: root bus resource [mem 0x8000000000-0xffffffffff]
[    0.024054] pci 0000:00:00.0: [1b36:0008] type 00 class 0x060000 conventional PCI endpoint
[    0.024266] pci 0000:00:01.0: [1af4:1000] type 00 class 0x020000 conventional PCI endpoint
[    0.024410] pci 0000:00:01.0: BAR 0 [io  0x0000-0x001f]
[    0.024413] pci 0000:00:01.0: BAR 1 [mem 0x00000000-0x00000fff]
[    0.024425] pci 0000:00:01.0: BAR 4 [mem 0x00000000-0x00003fff 64bit pref]
[    0.024427] pci 0000:00:01.0: ROM [mem 0x00000000-0x0003ffff pref]
[    0.024700] pci 0000:00:02.0: [1af4:1009] type 00 class 0x000200 conventional PCI endpoint
[    0.024778] pci 0000:00:02.0: BAR 0 [io  0x0000-0x003f]
[    0.024781] pci 0000:00:02.0: BAR 1 [mem 0x00000000-0x00000fff]
[    0.024787] pci 0000:00:02.0: BAR 4 [mem 0x00000000-0x00003fff 64bit pref]
[    0.025106] pci 0000:00:03.0: [1af4:1005] type 00 class 0x00ff00 conventional PCI endpoint
[    0.025211] pci 0000:00:03.0: BAR 0 [io  0x0000-0x001f]
[    0.025214] pci 0000:00:03.0: BAR 1 [mem 0x00000000-0x00000fff]
[    0.025219] pci 0000:00:03.0: BAR 4 [mem 0x00000000-0x00003fff 64bit pref]
[    0.025532] pci 0000:00:01.0: ROM [mem 0x10000000-0x1003ffff pref]: assigned
[    0.025534] pci 0000:00:01.0: BAR 4 [mem 0x8000000000-0x8000003fff 64bit pref]: assigned
[    0.025546] pci 0000:00:02.0: BAR 4 [mem 0x8000004000-0x8000007fff 64bit pref]: assigned
[    0.025562] pci 0000:00:03.0: BAR 4 [mem 0x8000008000-0x800000bfff 64bit pref]: assigned
[    0.025579] pci 0000:00:01.0: BAR 1 [mem 0x10040000-0x10040fff]: assigned
[    0.025585] pci 0000:00:02.0: BAR 1 [mem 0x10041000-0x10041fff]: assigned
[    0.025589] pci 0000:00:03.0: BAR 1 [mem 0x10042000-0x10042fff]: assigned
[    0.025593] pci 0000:00:02.0: BAR 0 [io  0x1000-0x103f]: assigned
[    0.025597] pci 0000:00:01.0: BAR 0 [io  0x1040-0x105f]: assigned
[    0.025600] pci 0000:00:03.0: BAR 0 [io  0x1060-0x107f]: assigned
[    0.025604] pci_bus 0000:00: resource 4 [io  0x0000-0xffff]
[    0.025605] pci_bus 0000:00: resource 5 [mem 0x10000000-0x3efeffff]
[    0.025605] pci_bus 0000:00: resource 6 [mem 0x8000000000-0xffffffffff]
[    0.026423] virtio-pci 0000:00:01.0: enabling device (0000 -> 0003)
[    0.027247] virtio-pci 0000:00:02.0: enabling device (0000 -> 0003)
[    0.027929] virtio-pci 0000:00:03.0: enabling device (0000 -> 0003)
[    0.100101] rtc-pl031 9010000.pl031: registered as rtc0
[    0.100137] rtc-pl031 9010000.pl031: setting system clock to 2026-10-08T18:36:16 UTC (1791484576)
[    0.100308] NET: Registered PF_INET6 protocol family
[    0.100848] Segment Routing with IPv6
[    0.100854] In-situ OAM (IOAM) with IPv6
[    0.100870] sit: IPv6, IPv4 and MPLS over IPv4 tunneling driver
[    0.100929] NET: Registered PF_PACKET protocol family
[    0.100935] 9pnet: Installing 9P2000 support
[    0.106897] clk: Disabling unused clocks
[    0.113217] Freeing initrd memory: 161888K
[    0.113646] Freeing unused kernel memory: 576K
[    0.113703] Run /init as init process
[    0.131402] kjit: loading out-of-tree module taints kernel.
[    0.132454] rust_kjit: ######## Rust KJIT inits ########
[    0.132479] rust_kjit: kjit: dispatch variant 2
[    0.132525] rust_kjit: golden tests/arm64/toy_cfg.s:hot_svc_mark translated for dispatch variant 2; byte comparison skipped (reference is variant 0)
kjit-init: insmod kjit.ko ok
meas: variant=2
rep 0 variant=gpr enabled=0 outer=200000 calls=16 ns_per_outer=142.2 ns_per_call=8.89
rep 1 variant=gpr enabled=0 outer=200000 calls=16 ns_per_outer=142.9 ns_per_call=8.93
rep 2 variant=gpr enabled=0 outer=200000 calls=16 ns_per_outer=144.6 ns_per_call=9.04
rep 3 variant=gpr enabled=0 outer=200000 calls=16 ns_per_outer=142.2 ns_per_call=8.89
rep 4 variant=gpr enabled=0 outer=200000 calls=16 ns_per_outer=143.0 ns_per_call=8.94
rep 5 variant=gpr enabled=0 outer=200000 calls=16 ns_per_outer=144.0 ns_per_call=9.00
rep 6 variant=gpr enabled=0 outer=200000 calls=16 ns_per_outer=141.5 ns_per_call=8.84
result variant=gpr enabled=0 outer=200000 calls=16 reps=7 median_ns_per_outer=142.9 median_ns_per_call=8.93 min_ns_per_call=8.84 acc=25600000
[    0.386228] kjit: translate_svc_sites pid 69: 2 text ranges, 111 svc sites
[    0.387171] rust_kjit: kjit: pc 0x400fe8: installed 524 bytes, 0 fault sites, 2 entries, text 0x400fe8..0x400ff0, fpsimd false
[    0.387792] rust_kjit: kjit: pc 0x400fcc: installed 1088 bytes, 1 fault sites, 11 entries, text 0x400fbc..0x400fe8, fpsimd false
rep 0 variant=gpr enabled=1 outer=20000 calls=16 ns_per_outer=155.0 ns_per_call=9.69
rep 1 variant=gpr enabled=1 outer=20000 calls=16 ns_per_outer=151.2 ns_per_call=9.45
rep 2 variant=gpr enabled=1 outer=20000 calls=16 ns_per_outer=145.1 ns_per_call=9.07
rep 3 variant=gpr enabled=1 outer=20000 calls=16 ns_per_outer=157.5 ns_per_call=9.85
rep 4 variant=gpr enabled=1 outer=20000 calls=16 ns_per_outer=150.2 ns_per_call=9.39
rep 5 variant=gpr enabled=1 outer=20000 calls=16 ns_per_outer=151.0 ns_per_call=9.44
rep 6 variant=gpr enabled=1 outer=20000 calls=16 ns_per_outer=157.0 ns_per_call=9.81
result variant=gpr enabled=1 outer=20000 calls=16 reps=7 median_ns_per_outer=151.2 median_ns_per_call=9.45 min_ns_per_call=9.07 acc=2560000
counters variant=gpr timed_outer=140000 hook_calls=140045 syscalls_in_kernel=139965 fragment_entries=140045 fpsimd_entries=1 fpsimd_restores=0 chains=0 chain_cap=0 exit_svc=139965 exit_bl=0 exit_blr=0 exit_br=0 exit_ret=80 exit_mem=0 exit_unsupported=0 exit_budget=0 run_declined=0
rep 0 variant=fp enabled=0 outer=200000 calls=16 ns_per_outer=177.9 ns_per_call=11.12
rep 1 variant=fp enabled=0 outer=200000 calls=16 ns_per_outer=178.6 ns_per_call=11.16
rep 2 variant=fp enabled=0 outer=200000 calls=16 ns_per_outer=179.1 ns_per_call=11.19
rep 3 variant=fp enabled=0 outer=200000 calls=16 ns_per_outer=182.8 ns_per_call=11.42
rep 4 variant=fp enabled=0 outer=200000 calls=16 ns_per_outer=181.2 ns_per_call=11.33
rep 5 variant=fp enabled=0 outer=200000 calls=16 ns_per_outer=191.5 ns_per_call=11.97
rep 6 variant=fp enabled=0 outer=200000 calls=16 ns_per_outer=185.2 ns_per_call=11.58
result variant=fp enabled=0 outer=200000 calls=16 reps=7 median_ns_per_outer=181.2 median_ns_per_call=11.33 min_ns_per_call=11.12 acc=25600000
[    0.742342] kjit: translate_svc_sites pid 73: 2 text ranges, 111 svc sites
[    0.743553] rust_kjit: kjit: pc 0x401028: installed 532 bytes, 0 fault sites, 4 entries, text 0x401028..0x401038, fpsimd true
[    0.744303] rust_kjit: kjit: pc 0x40100c: installed 1088 bytes, 1 fault sites, 11 entries, text 0x400ffc..0x401028, fpsimd false
rep 0 variant=fp enabled=1 outer=20000 calls=16 ns_per_outer=261.3 ns_per_call=16.33
rep 1 variant=fp enabled=1 outer=20000 calls=16 ns_per_outer=231.4 ns_per_call=14.47
rep 2 variant=fp enabled=1 outer=20000 calls=16 ns_per_outer=223.9 ns_per_call=13.99
rep 3 variant=fp enabled=1 outer=20000 calls=16 ns_per_outer=220.6 ns_per_call=13.79
rep 4 variant=fp enabled=1 outer=20000 calls=16 ns_per_outer=212.5 ns_per_call=13.28
rep 5 variant=fp enabled=1 outer=20000 calls=16 ns_per_outer=275.9 ns_per_call=17.24
rep 6 variant=fp enabled=1 outer=20000 calls=16 ns_per_outer=217.8 ns_per_call=13.61
result variant=fp enabled=1 outer=20000 calls=16 reps=7 median_ns_per_outer=223.9 median_ns_per_call=13.99 min_ns_per_call=13.28 acc=2560000
counters variant=fp timed_outer=140000 hook_calls=140045 syscalls_in_kernel=139965 fragment_entries=280017 fpsimd_entries=139973 fpsimd_restores=0 chains=139972 chain_cap=0 exit_svc=139965 exit_bl=139972 exit_blr=0 exit_br=0 exit_ret=80 exit_mem=0 exit_unsupported=0 exit_budget=0 run_declined=0
rep 0 variant=gpr enabled=0 outer=200000 calls=128 ns_per_outer=263.2 ns_per_call=2.06
rep 1 variant=gpr enabled=0 outer=200000 calls=128 ns_per_outer=257.8 ns_per_call=2.01
rep 2 variant=gpr enabled=0 outer=200000 calls=128 ns_per_outer=260.0 ns_per_call=2.03
rep 3 variant=gpr enabled=0 outer=200000 calls=128 ns_per_outer=262.9 ns_per_call=2.05
rep 4 variant=gpr enabled=0 outer=200000 calls=128 ns_per_outer=263.3 ns_per_call=2.06
rep 5 variant=gpr enabled=0 outer=200000 calls=128 ns_per_outer=260.5 ns_per_call=2.04
rep 6 variant=gpr enabled=0 outer=200000 calls=128 ns_per_outer=261.3 ns_per_call=2.04
result variant=gpr enabled=0 outer=200000 calls=128 reps=7 median_ns_per_outer=261.3 median_ns_per_call=2.04 min_ns_per_call=2.01 acc=204800000
[    1.241702] kjit: translate_svc_sites pid 76: 2 text ranges, 111 svc sites
[    1.242446] rust_kjit: kjit: pc 0x400fe8: installed 524 bytes, 0 fault sites, 2 entries, text 0x400fe8..0x400ff0, fpsimd false
[    1.243455] rust_kjit: kjit: pc 0x400fcc: installed 1088 bytes, 1 fault sites, 11 entries, text 0x400fbc..0x400fe8, fpsimd false
rep 0 variant=gpr enabled=1 outer=20000 calls=128 ns_per_outer=884.7 ns_per_call=6.91
rep 1 variant=gpr enabled=1 outer=20000 calls=128 ns_per_outer=850.7 ns_per_call=6.65
rep 2 variant=gpr enabled=1 outer=20000 calls=128 ns_per_outer=868.3 ns_per_call=6.78
rep 3 variant=gpr enabled=1 outer=20000 calls=128 ns_per_outer=868.1 ns_per_call=6.78
rep 4 variant=gpr enabled=1 outer=20000 calls=128 ns_per_outer=841.3 ns_per_call=6.57
rep 5 variant=gpr enabled=1 outer=20000 calls=128 ns_per_outer=862.7 ns_per_call=6.74
rep 6 variant=gpr enabled=1 outer=20000 calls=128 ns_per_outer=889.1 ns_per_call=6.95
result variant=gpr enabled=1 outer=20000 calls=128 reps=7 median_ns_per_outer=868.1 median_ns_per_call=6.78 min_ns_per_call=6.57 acc=20480000
counters variant=gpr timed_outer=140000 hook_calls=140045 syscalls_in_kernel=139965 fragment_entries=140045 fpsimd_entries=1 fpsimd_restores=0 chains=0 chain_cap=0 exit_svc=139965 exit_bl=0 exit_blr=0 exit_br=0 exit_ret=80 exit_mem=0 exit_unsupported=0 exit_budget=0 run_declined=0
rep 0 variant=fp enabled=0 outer=200000 calls=128 ns_per_outer=549.1 ns_per_call=4.29
rep 1 variant=fp enabled=0 outer=200000 calls=128 ns_per_outer=549.1 ns_per_call=4.29
rep 2 variant=fp enabled=0 outer=200000 calls=128 ns_per_outer=545.1 ns_per_call=4.26
rep 3 variant=fp enabled=0 outer=200000 calls=128 ns_per_outer=545.2 ns_per_call=4.26
rep 4 variant=fp enabled=0 outer=200000 calls=128 ns_per_outer=533.5 ns_per_call=4.17
rep 5 variant=fp enabled=0 outer=200000 calls=128 ns_per_outer=534.8 ns_per_call=4.18
rep 6 variant=fp enabled=0 outer=200000 calls=128 ns_per_outer=533.1 ns_per_call=4.17
result variant=fp enabled=0 outer=200000 calls=128 reps=7 median_ns_per_outer=545.1 median_ns_per_call=4.26 min_ns_per_call=4.17 acc=204800000
[    2.288944] kjit: translate_svc_sites pid 78: 2 text ranges, 111 svc sites
[    2.289314] rust_kjit: kjit: pc 0x401028: installed 532 bytes, 0 fault sites, 4 entries, text 0x401028..0x401038, fpsimd true
[    2.290153] rust_kjit: kjit: pc 0x40100c: installed 1088 bytes, 1 fault sites, 11 entries, text 0x400ffc..0x401028, fpsimd false
rep 0 variant=fp enabled=1 outer=20000 calls=128 ns_per_outer=913.8 ns_per_call=7.14
rep 1 variant=fp enabled=1 outer=20000 calls=128 ns_per_outer=915.9 ns_per_call=7.16
rep 2 variant=fp enabled=1 outer=20000 calls=128 ns_per_outer=905.7 ns_per_call=7.08
rep 3 variant=fp enabled=1 outer=20000 calls=128 ns_per_outer=923.5 ns_per_call=7.21
rep 4 variant=fp enabled=1 outer=20000 calls=128 ns_per_outer=917.0 ns_per_call=7.16
rep 5 variant=fp enabled=1 outer=20000 calls=128 ns_per_outer=916.0 ns_per_call=7.16
rep 6 variant=fp enabled=1 outer=20000 calls=128 ns_per_outer=924.2 ns_per_call=7.22
result variant=fp enabled=1 outer=20000 calls=128 reps=7 median_ns_per_outer=916.0 median_ns_per_call=7.16 min_ns_per_call=7.08 acc=20480000
counters variant=fp timed_outer=140000 hook_calls=140045 syscalls_in_kernel=139965 fragment_entries=280017 fpsimd_entries=139973 fpsimd_restores=0 chains=139972 chain_cap=0 exit_svc=139965 exit_bl=139972 exit_blr=0 exit_br=0 exit_ret=80 exit_mem=0 exit_unsupported=0 exit_budget=0 run_declined=0
rep 0 variant=gpr enabled=0 outer=200000 calls=256 ns_per_outer=378.4 ns_per_call=1.48
rep 1 variant=gpr enabled=0 outer=200000 calls=256 ns_per_outer=379.5 ns_per_call=1.48
rep 2 variant=gpr enabled=0 outer=200000 calls=256 ns_per_outer=383.7 ns_per_call=1.50
rep 3 variant=gpr enabled=0 outer=200000 calls=256 ns_per_outer=428.5 ns_per_call=1.67
rep 4 variant=gpr enabled=0 outer=200000 calls=256 ns_per_outer=387.1 ns_per_call=1.51
rep 5 variant=gpr enabled=0 outer=200000 calls=256 ns_per_outer=383.0 ns_per_call=1.50
rep 6 variant=gpr enabled=0 outer=200000 calls=256 ns_per_outer=377.6 ns_per_call=1.47
result variant=gpr enabled=0 outer=200000 calls=256 reps=7 median_ns_per_outer=383.0 median_ns_per_call=1.50 min_ns_per_call=1.47 acc=409600000
[    3.096898] kjit: translate_svc_sites pid 80: 2 text ranges, 111 svc sites
[    3.097388] rust_kjit: kjit: pc 0x400fe8: installed 524 bytes, 0 fault sites, 2 entries, text 0x400fe8..0x400ff0, fpsimd false
[    3.098470] rust_kjit: kjit: pc 0x400fcc: installed 1088 bytes, 1 fault sites, 11 entries, text 0x400fbc..0x400fe8, fpsimd false
rep 0 variant=gpr enabled=1 outer=20000 calls=256 ns_per_outer=1628.7 ns_per_call=6.36
rep 1 variant=gpr enabled=1 outer=20000 calls=256 ns_per_outer=1622.8 ns_per_call=6.34
rep 2 variant=gpr enabled=1 outer=20000 calls=256 ns_per_outer=1630.6 ns_per_call=6.37
rep 3 variant=gpr enabled=1 outer=20000 calls=256 ns_per_outer=1636.9 ns_per_call=6.39
rep 4 variant=gpr enabled=1 outer=20000 calls=256 ns_per_outer=1622.6 ns_per_call=6.34
rep 5 variant=gpr enabled=1 outer=20000 calls=256 ns_per_outer=1637.8 ns_per_call=6.40
rep 6 variant=gpr enabled=1 outer=20000 calls=256 ns_per_outer=1628.5 ns_per_call=6.36
result variant=gpr enabled=1 outer=20000 calls=256 reps=7 median_ns_per_outer=1628.7 median_ns_per_call=6.36 min_ns_per_call=6.34 acc=40960000
counters variant=gpr timed_outer=140000 hook_calls=140045 syscalls_in_kernel=139965 fragment_entries=140045 fpsimd_entries=1 fpsimd_restores=0 chains=0 chain_cap=0 exit_svc=139965 exit_bl=0 exit_blr=0 exit_br=0 exit_ret=80 exit_mem=0 exit_unsupported=0 exit_budget=0 run_declined=0
rep 0 variant=fp enabled=0 outer=200000 calls=256 ns_per_outer=948.5 ns_per_call=3.70
rep 1 variant=fp enabled=0 outer=200000 calls=256 ns_per_outer=945.6 ns_per_call=3.69
rep 2 variant=fp enabled=0 outer=200000 calls=256 ns_per_outer=953.0 ns_per_call=3.72
rep 3 variant=fp enabled=0 outer=200000 calls=256 ns_per_outer=943.1 ns_per_call=3.68
rep 4 variant=fp enabled=0 outer=200000 calls=256 ns_per_outer=944.5 ns_per_call=3.69
rep 5 variant=fp enabled=0 outer=200000 calls=256 ns_per_outer=954.3 ns_per_call=3.73
rep 6 variant=fp enabled=0 outer=200000 calls=256 ns_per_outer=951.4 ns_per_call=3.72
result variant=fp enabled=0 outer=200000 calls=256 reps=7 median_ns_per_outer=948.5 median_ns_per_call=3.70 min_ns_per_call=3.68 acc=409600000
[    4.916549] kjit: translate_svc_sites pid 84: 2 text ranges, 111 svc sites
[    4.916943] rust_kjit: kjit: pc 0x401028: installed 532 bytes, 0 fault sites, 4 entries, text 0x401028..0x401038, fpsimd true
[    4.917465] rust_kjit: kjit: pc 0x40100c: installed 1088 bytes, 1 fault sites, 11 entries, text 0x400ffc..0x401028, fpsimd false
rep 0 variant=fp enabled=1 outer=20000 calls=256 ns_per_outer=1722.0 ns_per_call=6.73
rep 1 variant=fp enabled=1 outer=20000 calls=256 ns_per_outer=1732.5 ns_per_call=6.77
rep 2 variant=fp enabled=1 outer=20000 calls=256 ns_per_outer=1728.7 ns_per_call=6.75
rep 3 variant=fp enabled=1 outer=20000 calls=256 ns_per_outer=1716.3 ns_per_call=6.70
rep 4 variant=fp enabled=1 outer=20000 calls=256 ns_per_outer=1725.3 ns_per_call=6.74
rep 5 variant=fp enabled=1 outer=20000 calls=256 ns_per_outer=1705.6 ns_per_call=6.66
rep 6 variant=fp enabled=1 outer=20000 calls=256 ns_per_outer=1719.7 ns_per_call=6.72
result variant=fp enabled=1 outer=20000 calls=256 reps=7 median_ns_per_outer=1722.0 median_ns_per_call=6.73 min_ns_per_call=6.66 acc=40960000
counters variant=fp timed_outer=140000 hook_calls=140045 syscalls_in_kernel=139965 fragment_entries=280017 fpsimd_entries=139973 fpsimd_restores=0 chains=139972 chain_cap=0 exit_svc=139965 exit_bl=139972 exit_blr=0 exit_br=0 exit_ret=80 exit_mem=0 exit_unsupported=0 exit_budget=0 run_declined=0
a11: ibtc_variant=2
a11: warm-up at off
a11maps aaaaea0c0000-aaaaea310000 r-xp 00000000 00:03 4263                       /opt/redis/src/redis-server
a11maps aaaaea319000-aaaaea320000 r--p 00259000 00:03 4263                       /opt/redis/src/redis-server
a11maps aaaaea320000-aaaaea379000 rw-p 00260000 00:03 4263                       /opt/redis/src/redis-server
a11maps aaaaea379000-aaaaea5ac000 rw-p 00000000 00:00 0 
a11maps aaab05450000-aaab05471000 rw-p 00000000 00:00 0                          [heap]
a11maps ffff96f40000-ffff971c0000 rw-p 00000000 00:00 0 
a11maps ffff971c0000-ffff971d0000 ---p 00000000 00:00 0 
a11maps ffff971d0000-ffff979d0000 rw-p 00000000 00:00 0 
a11maps ffff979d0000-ffff979e0000 ---p 00000000 00:00 0 
a11maps ffff979e0000-ffff981e0000 rw-p 00000000 00:00 0 
a11maps ffff981e0000-ffff981f0000 ---p 00000000 00:00 0 
a11maps ffff981f0000-ffff989f0000 rw-p 00000000 00:00 0 
a11maps ffff989f0000-ffff98a00000 ---p 00000000 00:00 0 
a11maps ffff98a00000-ffff99200000 rw-p 00000000 00:00 0 
a11maps ffff99200000-ffff99a00000 rw-p 00000000 00:00 0 
a11maps ffff99b70000-ffff99cfc000 r-xp 00000000 00:03 816                        /usr/lib/aarch64-linux-gnu/libc.so.6
a11maps ffff99cfc000-ffff99d0c000 ---p 0018c000 00:03 816                        /usr/lib/aarch64-linux-gnu/libc.so.6
a11maps ffff99d0c000-ffff99d10000 r--p 0018c000 00:03 816                        /usr/lib/aarch64-linux-gnu/libc.so.6
a11maps ffff99d10000-ffff99d12000 rw-p 00190000 00:03 816                        /usr/lib/aarch64-linux-gnu/libc.so.6
a11maps ffff99d12000-ffff99d1f000 rw-p 00000000 00:00 0 
a11maps ffff99d20000-ffff99da2000 r-xp 00000000 00:03 863                        /usr/lib/aarch64-linux-gnu/libm.so.6
a11maps ffff99da2000-ffff99dbf000 ---p 00082000 00:03 863                        /usr/lib/aarch64-linux-gnu/libm.so.6
a11maps ffff99dbf000-ffff99dc0000 r--p 0008f000 00:03 863                        /usr/lib/aarch64-linux-gnu/libm.so.6
a11maps ffff99dc0000-ffff99dc1000 rw-p 00090000 00:03 863                        /usr/lib/aarch64-linux-gnu/libm.so.6
a11maps ffff99dcc000-ffff99df3000 r-xp 00000000 00:03 796                        /usr/lib/aarch64-linux-gnu/ld-linux-aarch64.so.1
a11maps ffff99dfd000-ffff99e01000 rw-p 00000000 00:00 0 
a11maps ffff99e03000-ffff99e05000 rw-p 00000000 00:00 0 
a11maps ffff99e05000-ffff99e09000 r--p 00000000 00:00 0                          [vvar]
a11maps ffff99e09000-ffff99e0a000 r-xp 00000000 00:00 0                          [vdso]
a11maps ffff99e0a000-ffff99e0c000 r--p 0002e000 00:03 796                        /usr/lib/aarch64-linux-gnu/ld-linux-aarch64.so.1
a11maps ffff99e0c000-ffff99e0e000 rw-p 00030000 00:03 796                        /usr/lib/aarch64-linux-gnu/ld-linux-aarch64.so.1
a11maps ffffdfe77000-ffffdfe98000 rw-p 00000000 00:00 0                          [stack]
a11 point=off pass=1 test=set requests=200000 rps=232288.03 hook_calls=0 syscalls_in_kernel=0 fragment_entries=0 fpsimd_entries=0 fpsimd_restores=0 chains=0 chain_cap=0 exit_svc=0 exit_bl=0 exit_blr=0 exit_br=0 exit_ret=0 exit_mem=0 exit_unsupported=0 exit_budget=0 run_declined=0 ibtc_insert=0 ibtc_replace=0 ibtc_clear=0 ibtc_fpsimd_boundary=0 ibtc_miss_cold=0 ibtc_miss_conflict=0 ibtc_miss_other=0 fpsimd_run_max_ns=88041 miss_residual=0
a11slots point=off pass=1 test=set # table all conflicts 0 slots 0 top32 0
a11slots point=off pass=1 test=set # table nofp conflicts 0 slots 0 top32 0
a11 point=off pass=1 test=get requests=200000 rps=225733.64 hook_calls=0 syscalls_in_kernel=0 fragment_entries=0 fpsimd_entries=0 fpsimd_restores=0 chains=0 chain_cap=0 exit_svc=0 exit_bl=0 exit_blr=0 exit_br=0 exit_ret=0 exit_mem=0 exit_unsupported=0 exit_budget=0 run_declined=0 ibtc_insert=0 ibtc_replace=0 ibtc_clear=0 ibtc_fpsimd_boundary=0 ibtc_miss_cold=0 ibtc_miss_conflict=0 ibtc_miss_other=0 fpsimd_run_max_ns=88041 miss_residual=0
a11slots point=off pass=1 test=get # table all conflicts 0 slots 0 top32 0
a11slots point=off pass=1 test=get # table nofp conflicts 0 slots 0 top32 0
a11 point=1024 pass=1 test=set requests=200000 rps=124688.28 hook_calls=408886 syscalls_in_kernel=384510 fragment_entries=1969560 fpsimd_entries=779668 fpsimd_restores=0 chains=1561481 chain_cap=0 exit_svc=384511 exit_bl=592825 exit_blr=857 exit_br=589644 exit_ret=396273 exit_mem=1 exit_unsupported=5449 exit_budget=0 run_declined=11 ibtc_insert=3126737 ibtc_replace=3126204 ibtc_clear=0 ibtc_fpsimd_boundary=779662 ibtc_miss_cold=18258 ibtc_miss_conflict=781679 ibtc_miss_other=0 fpsimd_run_max_ns=141958 miss_residual=0
a11slots point=1024 pass=1 test=set # table all conflicts 583296 slots 1 top32 583296
a11slots point=1024 pass=1 test=set all 1116 583296 0xaaaaea145170 0xaaaaea13b170
a11slots point=1024 pass=1 test=set # table nofp conflicts 198383 slots 1 top32 198383
a11slots point=1024 pass=1 test=set nofp 1116 198383 0xaaaaea139170 0xaaaaea157170
a11 point=1024 pass=1 test=get requests=200000 rps=138888.89 hook_calls=408867 syscalls_in_kernel=398649 fragment_entries=2030687 fpsimd_entries=798721 fpsimd_restores=0 chains=1622378 chain_cap=0 exit_svc=398649 exit_bl=624497 exit_blr=92 exit_br=599729 exit_ret=399875 exit_mem=1 exit_unsupported=7844 exit_budget=0 run_declined=21 ibtc_insert=3294603 ibtc_replace=3294572 ibtc_clear=0 ibtc_fpsimd_boundary=798719 ibtc_miss_cold=1767 ibtc_miss_conflict=823707 ibtc_miss_other=0 fpsimd_run_max_ns=167666 miss_residual=0
a11slots point=1024 pass=1 test=get # table all conflicts 599260 slots 2 top32 599260
a11slots point=1024 pass=1 test=get all 1116 591269 0xaaaaea145170 0xaaaaea13b170
a11slots point=1024 pass=1 test=get all 1600 7991 0xaaaaea151900 0xaaaaea12b900
a11slots point=1024 pass=1 test=get # table nofp conflicts 224447 slots 2 top32 224447
a11slots point=1024 pass=1 test=get nofp 1116 208591 0xaaaaea139170 0xaaaaea157170
a11slots point=1024 pass=1 test=get nofp 1600 15856 0xaaaaea12b900 0xaaaaea14d900
a11 point=off pass=2 test=set requests=200000 rps=218579.23 hook_calls=0 syscalls_in_kernel=0 fragment_entries=0 fpsimd_entries=0 fpsimd_restores=0 chains=0 chain_cap=0 exit_svc=0 exit_bl=0 exit_blr=0 exit_br=0 exit_ret=0 exit_mem=0 exit_unsupported=0 exit_budget=0 run_declined=0 ibtc_insert=0 ibtc_replace=0 ibtc_clear=0 ibtc_fpsimd_boundary=0 ibtc_miss_cold=0 ibtc_miss_conflict=0 ibtc_miss_other=0 fpsimd_run_max_ns=167666 miss_residual=0
a11slots point=off pass=2 test=set # table all conflicts 0 slots 0 top32 0
a11slots point=off pass=2 test=set # table nofp conflicts 0 slots 0 top32 0
a11 point=off pass=2 test=get requests=200000 rps=228310.50 hook_calls=0 syscalls_in_kernel=0 fragment_entries=0 fpsimd_entries=0 fpsimd_restores=0 chains=0 chain_cap=0 exit_svc=0 exit_bl=0 exit_blr=0 exit_br=0 exit_ret=0 exit_mem=0 exit_unsupported=0 exit_budget=0 run_declined=0 ibtc_insert=0 ibtc_replace=0 ibtc_clear=0 ibtc_fpsimd_boundary=0 ibtc_miss_cold=0 ibtc_miss_conflict=0 ibtc_miss_other=0 fpsimd_run_max_ns=167666 miss_residual=0
a11slots point=off pass=2 test=get # table all conflicts 0 slots 0 top32 0
a11slots point=off pass=2 test=get # table nofp conflicts 0 slots 0 top32 0
a11 point=1024 pass=2 test=set requests=200000 rps=128700.12 hook_calls=408737 syscalls_in_kernel=399668 fragment_entries=2006158 fpsimd_entries=799108 fpsimd_restores=0 chains=1597985 chain_cap=0 exit_svc=399668 exit_bl=599626 exit_blr=33 exit_br=599426 exit_ret=399672 exit_mem=3 exit_unsupported=7730 exit_budget=0 run_declined=25 ibtc_insert=3195508 ibtc_replace=3195508 ibtc_clear=0 ibtc_fpsimd_boundary=799108 ibtc_miss_cold=772 ibtc_miss_conflict=798877 ibtc_miss_other=0 fpsimd_run_max_ns=1323291 miss_residual=0
a11slots point=1024 pass=2 test=set # table all conflicts 599140 slots 1 top32 599140
a11slots point=1024 pass=2 test=set all 1116 599140 0xaaaaea145170 0xaaaaea13b170
a11slots point=1024 pass=2 test=set # table nofp conflicts 199737 slots 2 top32 199737
a11slots point=1024 pass=2 test=set nofp 1116 199736 0xaaaaea139170 0xaaaaea157170
a11slots point=1024 pass=2 test=set nofp 1600 1 0xaaaaea14d900 0xaaaaea151900
a11 point=1024 pass=2 test=get requests=200000 rps=142755.17 hook_calls=408712 syscalls_in_kernel=399742 fragment_entries=2031127 fpsimd_entries=799677 fpsimd_restores=28 chains=1622964 chain_cap=0 exit_svc=399742 exit_bl=623711 exit_blr=16 exit_br=599909 exit_ret=400001 exit_mem=1 exit_unsupported=7747 exit_budget=0 run_declined=12 ibtc_insert=3293148 ibtc_replace=3293148 ibtc_clear=0 ibtc_fpsimd_boundary=799677 ibtc_miss_cold=673 ibtc_miss_conflict=823287 ibtc_miss_other=0 fpsimd_run_max_ns=1323291 miss_residual=0
a11slots point=1024 pass=2 test=get # table all conflicts 599885 slots 2 top32 599885
a11slots point=1024 pass=2 test=get all 1116 592072 0xaaaaea145170 0xaaaaea13b170
a11slots point=1024 pass=2 test=get all 1600 7813 0xaaaaea151900 0xaaaaea12b900
a11slots point=1024 pass=2 test=get # table nofp conflicts 223402 slots 2 top32 223402
a11slots point=1024 pass=2 test=get nofp 1116 207776 0xaaaaea139170 0xaaaaea157170
a11slots point=1024 pass=2 test=get nofp 1600 15626 0xaaaaea14d900 0xaaaaea151900
a11 point=off pass=3 test=set requests=200000 rps=224466.89 hook_calls=0 syscalls_in_kernel=0 fragment_entries=0 fpsimd_entries=0 fpsimd_restores=0 chains=0 chain_cap=0 exit_svc=0 exit_bl=0 exit_blr=0 exit_br=0 exit_ret=0 exit_mem=0 exit_unsupported=0 exit_budget=0 run_declined=0 ibtc_insert=0 ibtc_replace=0 ibtc_clear=0 ibtc_fpsimd_boundary=0 ibtc_miss_cold=0 ibtc_miss_conflict=0 ibtc_miss_other=0 fpsimd_run_max_ns=1323291 miss_residual=0
a11slots point=off pass=3 test=set # table all conflicts 0 slots 0 top32 0
a11slots point=off pass=3 test=set # table nofp conflicts 0 slots 0 top32 0
a11 point=off pass=3 test=get requests=200000 rps=234741.78 hook_calls=0 syscalls_in_kernel=0 fragment_entries=0 fpsimd_entries=0 fpsimd_restores=0 chains=0 chain_cap=0 exit_svc=0 exit_bl=0 exit_blr=0 exit_br=0 exit_ret=0 exit_mem=0 exit_unsupported=0 exit_budget=0 run_declined=0 ibtc_insert=0 ibtc_replace=0 ibtc_clear=0 ibtc_fpsimd_boundary=0 ibtc_miss_cold=0 ibtc_miss_conflict=0 ibtc_miss_other=0 fpsimd_run_max_ns=1323291 miss_residual=0
a11slots point=off pass=3 test=get # table all conflicts 0 slots 0 top32 0
a11slots point=off pass=3 test=get # table nofp conflicts 0 slots 0 top32 0
a11 point=1024 pass=3 test=set requests=200000 rps=127145.59 hook_calls=408776 syscalls_in_kernel=399666 fragment_entries=2005968 fpsimd_entries=799012 fpsimd_restores=0 chains=1597756 chain_cap=0 exit_svc=399667 exit_bl=599534 exit_blr=31 exit_br=599354 exit_ret=399618 exit_mem=9 exit_unsupported=7755 exit_budget=0 run_declined=24 ibtc_insert=3194976 ibtc_replace=3194976 ibtc_clear=0 ibtc_fpsimd_boundary=799012 ibtc_miss_cold=781 ibtc_miss_conflict=798744 ibtc_miss_other=0 fpsimd_run_max_ns=1323291 miss_residual=0
a11slots point=1024 pass=3 test=set # table all conflicts 599042 slots 1 top32 599042
a11slots point=1024 pass=3 test=set all 1116 599042 0xaaaaea145170 0xaaaaea13b170
a11slots point=1024 pass=3 test=set # table nofp conflicts 199702 slots 1 top32 199702
a11slots point=1024 pass=3 test=set nofp 1116 199702 0xaaaaea139170 0xaaaaea157170
a11 point=1024 pass=3 test=get requests=200000 rps=141342.77 hook_calls=408866 syscalls_in_kernel=399715 fragment_entries=2031517 fpsimd_entries=799602 fpsimd_restores=0 chains=1623212 chain_cap=0 exit_svc=399715 exit_bl=624079 exit_blr=32 exit_br=599866 exit_ret=399949 exit_mem=0 exit_unsupported=7876 exit_budget=0 run_declined=25 ibtc_insert=3294440 ibtc_replace=3294440 ibtc_clear=0 ibtc_fpsimd_boundary=799602 ibtc_miss_cold=714 ibtc_miss_conflict=823610 ibtc_miss_other=0 fpsimd_run_max_ns=1323291 miss_residual=0
a11slots point=1024 pass=3 test=get # table all conflicts 599826 slots 2 top32 599826
a11slots point=1024 pass=3 test=get all 1116 591880 0xaaaaea145170 0xaaaaea13b170
a11slots point=1024 pass=3 test=get all 1600 7946 0xaaaaea151900 0xaaaaea12b900
a11slots point=1024 pass=3 test=get # table nofp conflicts 223784 slots 2 top32 223784
a11slots point=1024 pass=3 test=get nofp 1116 207892 0xaaaaea139170 0xaaaaea157170
a11slots point=1024 pass=3 test=get nofp 1600 15892 0xaaaaea14d900 0xaaaaea151900
a11maps-end aaaaea0c0000-aaaaea310000 r-xp 00000000 00:03 4263                       /opt/redis/src/redis-server
a11maps-end aaaaea319000-aaaaea320000 r--p 00259000 00:03 4263                       /opt/redis/src/redis-server
a11maps-end aaaaea320000-aaaaea379000 rw-p 00260000 00:03 4263                       /opt/redis/src/redis-server
a11maps-end aaaaea379000-aaaaea5ac000 rw-p 00000000 00:00 0 
a11maps-end aaab05450000-aaab05471000 rw-p 00000000 00:00 0                          [heap]
a11maps-end ffff96f40000-ffff971c0000 rw-p 00000000 00:00 0 
a11maps-end ffff971c0000-ffff971d0000 ---p 00000000 00:00 0 
a11maps-end ffff971d0000-ffff979d0000 rw-p 00000000 00:00 0 
a11maps-end ffff979d0000-ffff979e0000 ---p 00000000 00:00 0 
a11maps-end ffff979e0000-ffff981e0000 rw-p 00000000 00:00 0 
a11maps-end ffff981e0000-ffff981f0000 ---p 00000000 00:00 0 
a11maps-end ffff981f0000-ffff989f0000 rw-p 00000000 00:00 0 
a11maps-end ffff989f0000-ffff98a00000 ---p 00000000 00:00 0 
a11maps-end ffff98a00000-ffff99200000 rw-p 00000000 00:00 0 
a11maps-end ffff99200000-ffff99a00000 rw-p 00000000 00:00 0 
a11maps-end ffff99b70000-ffff99cfc000 r-xp 00000000 00:03 816                        /usr/lib/aarch64-linux-gnu/libc.so.6
a11maps-end ffff99cfc000-ffff99d0c000 ---p 0018c000 00:03 816                        /usr/lib/aarch64-linux-gnu/libc.so.6
a11maps-end ffff99d0c000-ffff99d10000 r--p 0018c000 00:03 816                        /usr/lib/aarch64-linux-gnu/libc.so.6
a11maps-end ffff99d10000-ffff99d12000 rw-p 00190000 00:03 816                        /usr/lib/aarch64-linux-gnu/libc.so.6
a11maps-end ffff99d12000-ffff99d1f000 rw-p 00000000 00:00 0 
a11maps-end ffff99d20000-ffff99da2000 r-xp 00000000 00:03 863                        /usr/lib/aarch64-linux-gnu/libm.so.6
a11maps-end ffff99da2000-ffff99dbf000 ---p 00082000 00:03 863                        /usr/lib/aarch64-linux-gnu/libm.so.6
a11maps-end ffff99dbf000-ffff99dc0000 r--p 0008f000 00:03 863                        /usr/lib/aarch64-linux-gnu/libm.so.6
a11maps-end ffff99dc0000-ffff99dc1000 rw-p 00090000 00:03 863                        /usr/lib/aarch64-linux-gnu/libm.so.6
a11maps-end ffff99dcc000-ffff99df3000 r-xp 00000000 00:03 796                        /usr/lib/aarch64-linux-gnu/ld-linux-aarch64.so.1
a11maps-end ffff99dfd000-ffff99e01000 rw-p 00000000 00:00 0 
a11maps-end ffff99e03000-ffff99e05000 rw-p 00000000 00:00 0 
a11maps-end ffff99e05000-ffff99e09000 r--p 00000000 00:00 0                          [vvar]
a11maps-end ffff99e09000-ffff99e0a000 r-xp 00000000 00:00 0                          [vdso]
a11maps-end ffff99e0a000-ffff99e0c000 r--p 0002e000 00:03 796                        /usr/lib/aarch64-linux-gnu/ld-linux-aarch64.so.1
a11maps-end ffff99e0c000-ffff99e0e000 rw-p 00030000 00:03 796                        /usr/lib/aarch64-linux-gnu/ld-linux-aarch64.so.1
a11maps-end ffffdfe77000-ffffdfe98000 rw-p 00000000 00:00 0                          [stack]
a11: done
[   35.795763] kjit: 0 of 295 translation requests still queued at unload (freed by the kernel)
[   35.824502] rust_kjit: ######## Rust KJIT exits ########
kjit-init: rmmod kjit ok
kjit-init: run exit=0
[   35.842612] reboot: Power down
