[    0.000000] Booting Linux on physical CPU 0x0000000000 [0x610f0000]
[    0.000000] Linux version 7.1.0-rc1 (@6906d107117b) (Ubuntu clang version 18.1.3 (1ubuntu1), Ubuntu LLD 18.1.3) #1 SMP PREEMPT Fri Oct  2 08:37:58 UTC 2026
[    0.000000] random: crng init done
[    0.000000] Machine model: linux,dummy-virt
[    0.000000] OF: reserved mem: Reserved memory: No reserved-memory node in the DT
[    0.000000] psci: probing for conduit method from DT.
[    0.000000] psci: PSCIv1.1 detected in firmware.
[    0.000000] psci: Using standard PSCI v0.2 function IDs
[    0.000000] psci: Trusted OS migration not required
[    0.000000] psci: SMC Calling Convention v1.0
[    0.000000] Zone ranges:
[    0.000000]   Normal   [mem 0x0000000040000000-0x000000013fffffff]
[    0.000000] Movable zone start for each node
[    0.000000] Early memory node ranges
[    0.000000]   node   0: [mem 0x0000000040000000-0x000000013fffffff]
[    0.000000] Initmem setup node 0 [mem 0x0000000040000000-0x000000013fffffff]
[    0.000000] percpu: Embedded 19 pages/cpu s38488 r8192 d31144 u77824
[    0.000000] Detected PIPT I-cache on CPU0
[    0.000000] CPU features: detected: Address authentication (IMP DEF algorithm)
[    0.000000] CPU features: detected: Spectre-v4
[    0.000000] CPU features: detected: Spectre-BHB
[    0.000000] alternatives: applying boot alternatives
[    0.000000] Kernel command line: console=ttyAMA0 panic=-1 nokaslr
[    0.000000] Unknown kernel command line parameters "nokaslr", will be passed to user space.
[    0.000000] printk: log buffer data + meta data: 131072 + 458752 = 589824 bytes
[    0.000000] Dentry cache hash table entries: 524288 (order: 10, 4194304 bytes, linear)
[    0.000000] Inode-cache hash table entries: 262144 (order: 9, 2097152 bytes, linear)
[    0.000000] software IO TLB: SWIOTLB bounce buffer size adjusted to 4MB
[    0.000000] software IO TLB: area num 4.
[    0.000000] software IO TLB: mapped [mem 0x000000013ac00000-0x000000013b000000] (4MB)
[    0.000000] Built 1 zonelists, mobility grouping on.  Total pages: 1048576
[    0.000000] mem auto-init: stack:all(zero), heap alloc:off, heap free:off
[    0.000000] SLUB: HWalign=64, Order=0-3, MinObjects=0, CPUs=4, Nodes=1
[    0.000000] rcu: Preemptible hierarchical RCU implementation.
[    0.000000] rcu: 	RCU restricting CPUs from NR_CPUS=512 to nr_cpu_ids=4.
[    0.000000] rcu: RCU calculated value of scheduler-enlistment delay is 25 jiffies.
[    0.000000] rcu: Adjusting geometry for rcu_fanout_leaf=16, nr_cpu_ids=4
[    0.000000] NR_IRQS: 64, nr_irqs: 64, preallocated irqs: 0
[    0.000000] Root IRQ handler: gic_handle_irq
[    0.000000] GICv2m: range[mem 0x08020000-0x08020fff], SPI[80:143]
[    0.000000] rcu: srcu_init: Setting srcu_struct sizes based on contention.
[    0.000000] arch_timer: cp15 timer running at 24.00MHz (virt).
[    0.000000] clocksource: arch_sys_counter: mask: 0xffffffffffffff max_cycles: 0x588fe9dc0, max_idle_ns: 440795202592 ns
[    0.000000] sched_clock: 56 bits at 24MHz, resolution 41ns, wraps every 4398046511097ns
[    0.000115] Console: colour dummy device 80x25
[    0.000122] Calibrating delay loop (skipped), value calculated using timer frequency.. 48.00 BogoMIPS (lpj=96000)
[    0.000126] pid_max: default: 32768 minimum: 301
[    0.000266] Mount-cache hash table entries: 8192 (order: 4, 65536 bytes, linear)
[    0.000274] Mountpoint-cache hash table entries: 8192 (order: 4, 65536 bytes, linear)
[    0.000439] VFS: Finished mounting rootfs on nullfs
[    0.000652] cacheinfo: Unable to detect cache hierarchy for CPU 0
[    0.000802] rcu: Hierarchical SRCU implementation.
[    0.000802] rcu: 	Max phase no-delay instances is 1000.
[    0.000825] Timer migration: 1 hierarchy levels; 8 children per group; 1 crossnode level
[    0.000995] smp: Bringing up secondary CPUs ...
[    0.001174] Detected PIPT I-cache on CPU1
[    0.001251] CPU1: Booted secondary processor 0x0000000001 [0x610f0000]
[    0.001635] Detected PIPT I-cache on CPU2
[    0.001738] CPU2: Booted secondary processor 0x0000000002 [0x610f0000]
[    0.001956] Detected PIPT I-cache on CPU3
[    0.002059] CPU3: Booted secondary processor 0x0000000003 [0x610f0000]
[    0.002173] smp: Brought up 1 node, 4 CPUs
[    0.002174] SMP: Total of 4 processors activated.
[    0.002175] CPU: All CPU(s) started at EL1
[    0.002175] CPU features: detected: ARMv8.4 Translation Table Level
[    0.002176] CPU features: detected: Data cache clean to the PoU not required for I/D coherence
[    0.002176] CPU features: detected: CRC32 instructions
[    0.002176] CPU features: detected: Data independent timing control (DIT)
[    0.002177] CPU features: detected: E0PD
[    0.002177] CPU features: detected: Generic authentication (IMP DEF algorithm)
[    0.002178] CPU features: detected: RCpc load-acquire (LDAPR)
[    0.002178] CPU features: detected: LSE atomic instructions
[    0.002178] CPU features: detected: Privileged Access Never
[    0.002179] CPU features: detected: Speculation barrier (SB)
[    0.002179] CPU features: detected: TLB range maintenance instructions
[    0.002179] CPU features: detected: XNX
[    0.002286] alternatives: applying system-wide alternatives
[    0.003172] Memory: 3934216K/4194304K available (5248K kernel code, 754K rwdata, 2356K rodata, 576K init, 405K bss, 256908K reserved, 0K cma-reserved)
[    0.003861] devtmpfs: initialized
[    0.004129] clocksource: jiffies: mask: 0xffffffff max_cycles: 0xffffffff, max_idle_ns: 7645041785100000 ns
[    0.004133] posixtimers hash table entries: 2048 (order: 3, 32768 bytes, linear)
[    0.004152] futex hash table entries: 1024 (65536 bytes on 1 NUMA nodes, total 64 KiB, linear).
[    0.004157] 30384 pages in range for non-PLT usage
[    0.004157] 521904 pages in range for PLT usage
[    0.004221] NET: Registered PF_NETLINK/PF_ROUTE protocol family
[    0.004617] DMA: preallocated 512 KiB GFP_KERNEL pool for atomic allocations
[    0.004662] ASID allocator initialised with 256 entries
[    0.004669] Serial: AMBA PL011 UART driver
[    0.005056] 9000000.pl011: ttyAMA0 at MMIO 0x9000000 (irq = 13, base_baud = 0) is a PL011 rev1
[    0.005169] printk: console [ttyAMA0] enabled
[    0.011348] vgaarb: loaded
[    0.011534] clocksource: Switched to clocksource arch_sys_counter
[    0.023252] NET: Registered PF_INET protocol family
[    0.023353] IP idents hash table entries: 65536 (order: 7, 524288 bytes, linear)
[    0.023816] tcp_listen_portaddr_hash hash table entries: 2048 (order: 3, 32768 bytes, linear)
[    0.023824] Table-perturb hash table entries: 65536 (order: 6, 262144 bytes, linear)
[    0.023828] TCP established hash table entries: 32768 (order: 6, 262144 bytes, linear)
[    0.023884] TCP bind hash table entries: 32768 (order: 8, 1048576 bytes, linear)
[    0.024060] TCP: Hash tables configured (established 32768 bind 32768)
[    0.024089] UDP hash table entries: 2048 (order: 5, 131072 bytes, linear)
[    0.024120] NET: Registered PF_UNIX/PF_LOCAL protocol family
[    0.024129] PCI: CLS 0 bytes, default 64
[    0.024300] Unpacking initramfs...
[    0.028413] workingset: timestamp_bits=46 (anon: 42) max_order=20 bucket_order=0 (anon: 0)
[    0.028551] 9p: Installing v9fs 9p2000 file system support
[    0.031860] pci-host-generic 4010000000.pcie: host bridge /pcie@10000000 ranges:
[    0.031867] pci-host-generic 4010000000.pcie:       IO 0x003eff0000..0x003effffff -> 0x0000000000
[    0.031870] pci-host-generic 4010000000.pcie:      MEM 0x0010000000..0x003efeffff -> 0x0010000000
[    0.031871] pci-host-generic 4010000000.pcie:      MEM 0x8000000000..0xffffffffff -> 0x8000000000
[    0.031877] pci-host-generic 4010000000.pcie: Memory resource size exceeds max for 32 bits
[    0.031889] pci-host-generic 4010000000.pcie: ECAM at [mem 0x4010000000-0x401fffffff] for [bus 00-ff]
[    0.031903] pci-host-generic 4010000000.pcie: PCI host bridge to bus 0000:00
[    0.031904] pci_bus 0000:00: root bus resource [bus 00-ff]
[    0.031905] pci_bus 0000:00: root bus resource [io  0x0000-0xffff]
[    0.031906] pci_bus 0000:00: root bus resource [mem 0x10000000-0x3efeffff]
[    0.031907] pci_bus 0000:00: root bus resource [mem 0x8000000000-0xffffffffff]
[    0.031944] pci 0000:00:00.0: [1b36:0008] type 00 class 0x060000 conventional PCI endpoint
[    0.032387] pci 0000:00:01.0: [1af4:1000] type 00 class 0x020000 conventional PCI endpoint
[    0.032545] pci 0000:00:01.0: BAR 0 [io  0x0000-0x001f]
[    0.032548] pci 0000:00:01.0: BAR 1 [mem 0x00000000-0x00000fff]
[    0.032563] pci 0000:00:01.0: BAR 4 [mem 0x00000000-0x00003fff 64bit pref]
[    0.032582] pci 0000:00:01.0: ROM [mem 0x00000000-0x0003ffff pref]
[    0.032848] pci 0000:00:02.0: [1af4:1009] type 00 class 0x000200 conventional PCI endpoint
[    0.033330] pci 0000:00:02.0: BAR 0 [io  0x0000-0x003f]
[    0.033334] pci 0000:00:02.0: BAR 1 [mem 0x00000000-0x00000fff]
[    0.033343] pci 0000:00:02.0: BAR 4 [mem 0x00000000-0x00003fff 64bit pref]
[    0.033875] pci 0000:00:03.0: [1af4:1005] type 00 class 0x00ff00 conventional PCI endpoint
[    0.033968] pci 0000:00:03.0: BAR 0 [io  0x0000-0x001f]
[    0.033971] pci 0000:00:03.0: BAR 1 [mem 0x00000000-0x00000fff]
[    0.033979] pci 0000:00:03.0: BAR 4 [mem 0x00000000-0x00003fff 64bit pref]
[    0.034619] pci 0000:00:01.0: ROM [mem 0x10000000-0x1003ffff pref]: assigned
[    0.034622] pci 0000:00:01.0: BAR 4 [mem 0x8000000000-0x8000003fff 64bit pref]: assigned
[    0.034761] pci 0000:00:02.0: BAR 4 [mem 0x8000004000-0x8000007fff 64bit pref]: assigned
[    0.034780] pci 0000:00:03.0: BAR 4 [mem 0x8000008000-0x800000bfff 64bit pref]: assigned
[    0.034799] pci 0000:00:01.0: BAR 1 [mem 0x10040000-0x10040fff]: assigned
[    0.034812] pci 0000:00:02.0: BAR 1 [mem 0x10041000-0x10041fff]: assigned
[    0.034851] pci 0000:00:03.0: BAR 1 [mem 0x10042000-0x10042fff]: assigned
[    0.034857] pci 0000:00:02.0: BAR 0 [io  0x1000-0x103f]: assigned
[    0.034860] pci 0000:00:01.0: BAR 0 [io  0x1040-0x105f]: assigned
[    0.034865] pci 0000:00:03.0: BAR 0 [io  0x1060-0x107f]: assigned
[    0.034870] pci_bus 0000:00: resource 4 [io  0x0000-0xffff]
[    0.034871] pci_bus 0000:00: resource 5 [mem 0x10000000-0x3efeffff]
[    0.034872] pci_bus 0000:00: resource 6 [mem 0x8000000000-0xffffffffff]
[    0.035878] virtio-pci 0000:00:01.0: enabling device (0000 -> 0003)
[    0.036714] virtio-pci 0000:00:02.0: enabling device (0000 -> 0003)
[    0.037683] virtio-pci 0000:00:03.0: enabling device (0000 -> 0003)
[    0.124056] rtc-pl031 9010000.pl031: registered as rtc0
[    0.124091] rtc-pl031 9010000.pl031: setting system clock to 2026-10-08T19:11:39 UTC (1791486699)
[    0.124314] NET: Registered PF_INET6 protocol family
[    0.124841] Segment Routing with IPv6
[    0.124846] In-situ OAM (IOAM) with IPv6
[    0.124864] sit: IPv6, IPv4 and MPLS over IPv4 tunneling driver
[    0.124995] NET: Registered PF_PACKET protocol family
[    0.125005] 9pnet: Installing 9P2000 support
[    0.130582] clk: Disabling unused clocks
[    0.139492] Freeing initrd memory: 161888K
[    0.140006] Freeing unused kernel memory: 576K
[    0.140050] Run /init as init process
[    0.156708] kjit: loading out-of-tree module taints kernel.
[    0.157863] rust_kjit: ######## Rust KJIT inits ########
[    0.157893] rust_kjit: kjit: dispatch variant 4
[    0.157936] rust_kjit: golden tests/arm64/toy_cfg.s:hot_svc_mark translated for dispatch variant 4; byte comparison skipped (reference is variant 0)
kjit-init: insmod kjit.ko ok
meas: variant=4
rep 0 variant=gpr enabled=0 outer=200000 calls=16 ns_per_outer=142.6 ns_per_call=8.91
rep 1 variant=gpr enabled=0 outer=200000 calls=16 ns_per_outer=143.2 ns_per_call=8.95
rep 2 variant=gpr enabled=0 outer=200000 calls=16 ns_per_outer=155.9 ns_per_call=9.74
rep 3 variant=gpr enabled=0 outer=200000 calls=16 ns_per_outer=204.9 ns_per_call=12.80
rep 4 variant=gpr enabled=0 outer=200000 calls=16 ns_per_outer=169.2 ns_per_call=10.58
rep 5 variant=gpr enabled=0 outer=200000 calls=16 ns_per_outer=149.6 ns_per_call=9.35
rep 6 variant=gpr enabled=0 outer=200000 calls=16 ns_per_outer=148.3 ns_per_call=9.27
result variant=gpr enabled=0 outer=200000 calls=16 reps=7 median_ns_per_outer=149.6 median_ns_per_call=9.35 min_ns_per_call=8.91 acc=25600000
[    0.438049] kjit: translate_svc_sites pid 69: 2 text ranges, 111 svc sites
[    0.439057] rust_kjit: kjit: pc 0x400fe8: installed 532 bytes, 0 fault sites, 2 entries, text 0x400fe8..0x400ff0, fpsimd false
[    0.440070] rust_kjit: kjit: pc 0x400fcc: installed 1104 bytes, 1 fault sites, 11 entries, text 0x400fbc..0x400fe8, fpsimd false
rep 0 variant=gpr enabled=1 outer=20000 calls=16 ns_per_outer=158.3 ns_per_call=9.90
rep 1 variant=gpr enabled=1 outer=20000 calls=16 ns_per_outer=151.0 ns_per_call=9.44
rep 2 variant=gpr enabled=1 outer=20000 calls=16 ns_per_outer=169.4 ns_per_call=10.59
rep 3 variant=gpr enabled=1 outer=20000 calls=16 ns_per_outer=151.4 ns_per_call=9.46
rep 4 variant=gpr enabled=1 outer=20000 calls=16 ns_per_outer=162.7 ns_per_call=10.17
rep 5 variant=gpr enabled=1 outer=20000 calls=16 ns_per_outer=157.6 ns_per_call=9.85
rep 6 variant=gpr enabled=1 outer=20000 calls=16 ns_per_outer=159.5 ns_per_call=9.97
result variant=gpr enabled=1 outer=20000 calls=16 reps=7 median_ns_per_outer=158.3 median_ns_per_call=9.90 min_ns_per_call=9.44 acc=2560000
counters variant=gpr timed_outer=140000 hook_calls=140045 syscalls_in_kernel=139965 fragment_entries=140045 fpsimd_entries=1 fpsimd_restores=0 chains=0 chain_cap=0 exit_svc=139965 exit_bl=0 exit_blr=0 exit_br=0 exit_ret=80 exit_mem=0 exit_unsupported=0 exit_budget=0 run_declined=0
rep 0 variant=fp enabled=0 outer=200000 calls=16 ns_per_outer=184.1 ns_per_call=11.51
rep 1 variant=fp enabled=0 outer=200000 calls=16 ns_per_outer=189.7 ns_per_call=11.85
rep 2 variant=fp enabled=0 outer=200000 calls=16 ns_per_outer=192.2 ns_per_call=12.02
rep 3 variant=fp enabled=0 outer=200000 calls=16 ns_per_outer=188.1 ns_per_call=11.75
rep 4 variant=fp enabled=0 outer=200000 calls=16 ns_per_outer=188.6 ns_per_call=11.79
rep 5 variant=fp enabled=0 outer=200000 calls=16 ns_per_outer=192.8 ns_per_call=12.05
rep 6 variant=fp enabled=0 outer=200000 calls=16 ns_per_outer=186.0 ns_per_call=11.62
result variant=fp enabled=0 outer=200000 calls=16 reps=7 median_ns_per_outer=188.6 median_ns_per_call=11.79 min_ns_per_call=11.51 acc=25600000
[    0.807962] kjit: translate_svc_sites pid 72: 2 text ranges, 111 svc sites
[    0.808644] rust_kjit: kjit: pc 0x401028: installed 540 bytes, 0 fault sites, 4 entries, text 0x401028..0x401038, fpsimd true
[    0.809345] rust_kjit: kjit: pc 0x40100c: installed 1104 bytes, 1 fault sites, 11 entries, text 0x400ffc..0x401028, fpsimd false
rep 0 variant=fp enabled=1 outer=20000 calls=16 ns_per_outer=240.2 ns_per_call=15.01
rep 1 variant=fp enabled=1 outer=20000 calls=16 ns_per_outer=225.0 ns_per_call=14.07
rep 2 variant=fp enabled=1 outer=20000 calls=16 ns_per_outer=240.0 ns_per_call=15.00
rep 3 variant=fp enabled=1 outer=20000 calls=16 ns_per_outer=231.7 ns_per_call=14.48
rep 4 variant=fp enabled=1 outer=20000 calls=16 ns_per_outer=222.9 ns_per_call=13.93
rep 5 variant=fp enabled=1 outer=20000 calls=16 ns_per_outer=236.9 ns_per_call=14.81
rep 6 variant=fp enabled=1 outer=20000 calls=16 ns_per_outer=224.6 ns_per_call=14.04
result variant=fp enabled=1 outer=20000 calls=16 reps=7 median_ns_per_outer=231.7 median_ns_per_call=14.48 min_ns_per_call=13.93 acc=2560000
counters variant=fp timed_outer=140000 hook_calls=140045 syscalls_in_kernel=139965 fragment_entries=280017 fpsimd_entries=139973 fpsimd_restores=0 chains=139972 chain_cap=0 exit_svc=139965 exit_bl=139972 exit_blr=0 exit_br=0 exit_ret=80 exit_mem=0 exit_unsupported=0 exit_budget=0 run_declined=0
rep 0 variant=gpr enabled=0 outer=200000 calls=128 ns_per_outer=270.3 ns_per_call=2.11
rep 1 variant=gpr enabled=0 outer=200000 calls=128 ns_per_outer=267.5 ns_per_call=2.09
rep 2 variant=gpr enabled=0 outer=200000 calls=128 ns_per_outer=273.8 ns_per_call=2.14
rep 3 variant=gpr enabled=0 outer=200000 calls=128 ns_per_outer=271.4 ns_per_call=2.12
rep 4 variant=gpr enabled=0 outer=200000 calls=128 ns_per_outer=272.0 ns_per_call=2.13
rep 5 variant=gpr enabled=0 outer=200000 calls=128 ns_per_outer=270.9 ns_per_call=2.12
rep 6 variant=gpr enabled=0 outer=200000 calls=128 ns_per_outer=264.7 ns_per_call=2.07
result variant=gpr enabled=0 outer=200000 calls=128 reps=7 median_ns_per_outer=270.9 median_ns_per_call=2.12 min_ns_per_call=2.07 acc=204800000
[    1.322843] kjit: translate_svc_sites pid 75: 2 text ranges, 111 svc sites
[    1.323647] rust_kjit: kjit: pc 0x400fe8: installed 532 bytes, 0 fault sites, 2 entries, text 0x400fe8..0x400ff0, fpsimd false
[    1.324224] rust_kjit: kjit: pc 0x400fcc: installed 1104 bytes, 1 fault sites, 11 entries, text 0x400fbc..0x400fe8, fpsimd false
rep 0 variant=gpr enabled=1 outer=20000 calls=128 ns_per_outer=877.7 ns_per_call=6.86
rep 1 variant=gpr enabled=1 outer=20000 calls=128 ns_per_outer=883.5 ns_per_call=6.90
rep 2 variant=gpr enabled=1 outer=20000 calls=128 ns_per_outer=892.6 ns_per_call=6.97
rep 3 variant=gpr enabled=1 outer=20000 calls=128 ns_per_outer=873.2 ns_per_call=6.82
rep 4 variant=gpr enabled=1 outer=20000 calls=128 ns_per_outer=899.8 ns_per_call=7.03
rep 5 variant=gpr enabled=1 outer=20000 calls=128 ns_per_outer=857.0 ns_per_call=6.70
rep 6 variant=gpr enabled=1 outer=20000 calls=128 ns_per_outer=846.6 ns_per_call=6.61
result variant=gpr enabled=1 outer=20000 calls=128 reps=7 median_ns_per_outer=877.7 median_ns_per_call=6.86 min_ns_per_call=6.61 acc=20480000
counters variant=gpr timed_outer=140000 hook_calls=140045 syscalls_in_kernel=139965 fragment_entries=140045 fpsimd_entries=1 fpsimd_restores=0 chains=0 chain_cap=0 exit_svc=139965 exit_bl=0 exit_blr=0 exit_br=0 exit_ret=80 exit_mem=0 exit_unsupported=0 exit_budget=0 run_declined=0
rep 0 variant=fp enabled=0 outer=200000 calls=128 ns_per_outer=543.6 ns_per_call=4.25
rep 1 variant=fp enabled=0 outer=200000 calls=128 ns_per_outer=538.7 ns_per_call=4.21
rep 2 variant=fp enabled=0 outer=200000 calls=128 ns_per_outer=532.9 ns_per_call=4.16
rep 3 variant=fp enabled=0 outer=200000 calls=128 ns_per_outer=534.7 ns_per_call=4.18
rep 4 variant=fp enabled=0 outer=200000 calls=128 ns_per_outer=534.4 ns_per_call=4.17
rep 5 variant=fp enabled=0 outer=200000 calls=128 ns_per_outer=530.3 ns_per_call=4.14
rep 6 variant=fp enabled=0 outer=200000 calls=128 ns_per_outer=534.7 ns_per_call=4.18
result variant=fp enabled=0 outer=200000 calls=128 reps=7 median_ns_per_outer=534.7 median_ns_per_call=4.18 min_ns_per_call=4.14 acc=204800000
[    2.363984] kjit: translate_svc_sites pid 77: 2 text ranges, 111 svc sites
[    2.364379] rust_kjit: kjit: pc 0x401028: installed 540 bytes, 0 fault sites, 4 entries, text 0x401028..0x401038, fpsimd true
[    2.364902] rust_kjit: kjit: pc 0x40100c: installed 1104 bytes, 1 fault sites, 11 entries, text 0x400ffc..0x401028, fpsimd false
rep 0 variant=fp enabled=1 outer=20000 calls=128 ns_per_outer=941.2 ns_per_call=7.35
rep 1 variant=fp enabled=1 outer=20000 calls=128 ns_per_outer=921.9 ns_per_call=7.20
rep 2 variant=fp enabled=1 outer=20000 calls=128 ns_per_outer=916.6 ns_per_call=7.16
rep 3 variant=fp enabled=1 outer=20000 calls=128 ns_per_outer=911.8 ns_per_call=7.12
rep 4 variant=fp enabled=1 outer=20000 calls=128 ns_per_outer=912.9 ns_per_call=7.13
rep 5 variant=fp enabled=1 outer=20000 calls=128 ns_per_outer=925.7 ns_per_call=7.23
rep 6 variant=fp enabled=1 outer=20000 calls=128 ns_per_outer=922.9 ns_per_call=7.21
result variant=fp enabled=1 outer=20000 calls=128 reps=7 median_ns_per_outer=921.9 median_ns_per_call=7.20 min_ns_per_call=7.12 acc=20480000
counters variant=fp timed_outer=140000 hook_calls=140045 syscalls_in_kernel=139965 fragment_entries=280017 fpsimd_entries=139973 fpsimd_restores=0 chains=139972 chain_cap=0 exit_svc=139965 exit_bl=139972 exit_blr=0 exit_br=0 exit_ret=80 exit_mem=0 exit_unsupported=0 exit_budget=0 run_declined=0
rep 0 variant=gpr enabled=0 outer=200000 calls=256 ns_per_outer=375.7 ns_per_call=1.47
rep 1 variant=gpr enabled=0 outer=200000 calls=256 ns_per_outer=375.6 ns_per_call=1.47
rep 2 variant=gpr enabled=0 outer=200000 calls=256 ns_per_outer=374.9 ns_per_call=1.46
rep 3 variant=gpr enabled=0 outer=200000 calls=256 ns_per_outer=376.1 ns_per_call=1.47
rep 4 variant=gpr enabled=0 outer=200000 calls=256 ns_per_outer=375.1 ns_per_call=1.47
rep 5 variant=gpr enabled=0 outer=200000 calls=256 ns_per_outer=380.1 ns_per_call=1.48
rep 6 variant=gpr enabled=0 outer=200000 calls=256 ns_per_outer=376.3 ns_per_call=1.47
result variant=gpr enabled=0 outer=200000 calls=256 reps=7 median_ns_per_outer=375.7 median_ns_per_call=1.47 min_ns_per_call=1.46 acc=409600000
[    3.155433] kjit: translate_svc_sites pid 79: 2 text ranges, 111 svc sites
[    3.155941] rust_kjit: kjit: pc 0x400fe8: installed 532 bytes, 0 fault sites, 2 entries, text 0x400fe8..0x400ff0, fpsimd false
[    3.156507] rust_kjit: kjit: pc 0x400fcc: installed 1104 bytes, 1 fault sites, 11 entries, text 0x400fbc..0x400fe8, fpsimd false
rep 0 variant=gpr enabled=1 outer=20000 calls=256 ns_per_outer=1641.8 ns_per_call=6.41
rep 1 variant=gpr enabled=1 outer=20000 calls=256 ns_per_outer=1638.8 ns_per_call=6.40
rep 2 variant=gpr enabled=1 outer=20000 calls=256 ns_per_outer=1669.0 ns_per_call=6.52
rep 3 variant=gpr enabled=1 outer=20000 calls=256 ns_per_outer=1649.9 ns_per_call=6.44
rep 4 variant=gpr enabled=1 outer=20000 calls=256 ns_per_outer=1647.0 ns_per_call=6.43
rep 5 variant=gpr enabled=1 outer=20000 calls=256 ns_per_outer=1643.2 ns_per_call=6.42
rep 6 variant=gpr enabled=1 outer=20000 calls=256 ns_per_outer=1637.9 ns_per_call=6.40
result variant=gpr enabled=1 outer=20000 calls=256 reps=7 median_ns_per_outer=1643.2 median_ns_per_call=6.42 min_ns_per_call=6.40 acc=40960000
counters variant=gpr timed_outer=140000 hook_calls=140045 syscalls_in_kernel=139965 fragment_entries=140045 fpsimd_entries=1 fpsimd_restores=0 chains=0 chain_cap=0 exit_svc=139965 exit_bl=0 exit_blr=0 exit_br=0 exit_ret=80 exit_mem=0 exit_unsupported=0 exit_budget=0 run_declined=0
rep 0 variant=fp enabled=0 outer=200000 calls=256 ns_per_outer=945.5 ns_per_call=3.69
rep 1 variant=fp enabled=0 outer=200000 calls=256 ns_per_outer=952.0 ns_per_call=3.72
rep 2 variant=fp enabled=0 outer=200000 calls=256 ns_per_outer=945.2 ns_per_call=3.69
rep 3 variant=fp enabled=0 outer=200000 calls=256 ns_per_outer=943.5 ns_per_call=3.69
rep 4 variant=fp enabled=0 outer=200000 calls=256 ns_per_outer=949.3 ns_per_call=3.71
rep 5 variant=fp enabled=0 outer=200000 calls=256 ns_per_outer=959.3 ns_per_call=3.75
rep 6 variant=fp enabled=0 outer=200000 calls=256 ns_per_outer=953.3 ns_per_call=3.72
result variant=fp enabled=0 outer=200000 calls=256 reps=7 median_ns_per_outer=949.3 median_ns_per_call=3.71 min_ns_per_call=3.69 acc=409600000
[    4.975444] kjit: translate_svc_sites pid 81: 2 text ranges, 111 svc sites
[    4.975693] rust_kjit: kjit: pc 0x401028: installed 540 bytes, 0 fault sites, 4 entries, text 0x401028..0x401038, fpsimd true
[    4.976141] rust_kjit: kjit: pc 0x40100c: installed 1104 bytes, 1 fault sites, 11 entries, text 0x400ffc..0x401028, fpsimd false
rep 0 variant=fp enabled=1 outer=20000 calls=256 ns_per_outer=1709.2 ns_per_call=6.68
rep 1 variant=fp enabled=1 outer=20000 calls=256 ns_per_outer=1736.9 ns_per_call=6.78
rep 2 variant=fp enabled=1 outer=20000 calls=256 ns_per_outer=1714.5 ns_per_call=6.70
rep 3 variant=fp enabled=1 outer=20000 calls=256 ns_per_outer=1737.3 ns_per_call=6.79
rep 4 variant=fp enabled=1 outer=20000 calls=256 ns_per_outer=1702.2 ns_per_call=6.65
rep 5 variant=fp enabled=1 outer=20000 calls=256 ns_per_outer=1710.9 ns_per_call=6.68
rep 6 variant=fp enabled=1 outer=20000 calls=256 ns_per_outer=1697.9 ns_per_call=6.63
result variant=fp enabled=1 outer=20000 calls=256 reps=7 median_ns_per_outer=1710.9 median_ns_per_call=6.68 min_ns_per_call=6.63 acc=40960000
counters variant=fp timed_outer=140000 hook_calls=140045 syscalls_in_kernel=139965 fragment_entries=280017 fpsimd_entries=139973 fpsimd_restores=0 chains=139972 chain_cap=0 exit_svc=139965 exit_bl=139972 exit_blr=0 exit_br=0 exit_ret=80 exit_mem=0 exit_unsupported=0 exit_budget=0 run_declined=0
a11: ibtc_variant=4
a11: warm-up at off
a11maps aaaab3d40000-aaaab3f90000 r-xp 00000000 00:03 4263                       /opt/redis/src/redis-server
a11maps aaaab3f99000-aaaab3fa0000 r--p 00259000 00:03 4263                       /opt/redis/src/redis-server
a11maps aaaab3fa0000-aaaab3ff9000 rw-p 00260000 00:03 4263                       /opt/redis/src/redis-server
a11maps aaaab3ff9000-aaaab422c000 rw-p 00000000 00:00 0 
a11maps aaaadb097000-aaaadb0b8000 rw-p 00000000 00:00 0                          [heap]
a11maps ffffb1140000-ffffb13c0000 rw-p 00000000 00:00 0 
a11maps ffffb13c0000-ffffb13d0000 ---p 00000000 00:00 0 
a11maps ffffb13d0000-ffffb1bd0000 rw-p 00000000 00:00 0 
a11maps ffffb1bd0000-ffffb1be0000 ---p 00000000 00:00 0 
a11maps ffffb1be0000-ffffb23e0000 rw-p 00000000 00:00 0 
a11maps ffffb23e0000-ffffb23f0000 ---p 00000000 00:00 0 
a11maps ffffb23f0000-ffffb2bf0000 rw-p 00000000 00:00 0 
a11maps ffffb2bf0000-ffffb2c00000 ---p 00000000 00:00 0 
a11maps ffffb2c00000-ffffb3400000 rw-p 00000000 00:00 0 
a11maps ffffb3400000-ffffb3c00000 rw-p 00000000 00:00 0 
a11maps ffffb3cb0000-ffffb3e3c000 r-xp 00000000 00:03 816                        /usr/lib/aarch64-linux-gnu/libc.so.6
a11maps ffffb3e3c000-ffffb3e4c000 ---p 0018c000 00:03 816                        /usr/lib/aarch64-linux-gnu/libc.so.6
a11maps ffffb3e4c000-ffffb3e50000 r--p 0018c000 00:03 816                        /usr/lib/aarch64-linux-gnu/libc.so.6
a11maps ffffb3e50000-ffffb3e52000 rw-p 00190000 00:03 816                        /usr/lib/aarch64-linux-gnu/libc.so.6
a11maps ffffb3e52000-ffffb3e5f000 rw-p 00000000 00:00 0 
a11maps ffffb3e60000-ffffb3ee2000 r-xp 00000000 00:03 863                        /usr/lib/aarch64-linux-gnu/libm.so.6
a11maps ffffb3ee2000-ffffb3eff000 ---p 00082000 00:03 863                        /usr/lib/aarch64-linux-gnu/libm.so.6
a11maps ffffb3eff000-ffffb3f00000 r--p 0008f000 00:03 863                        /usr/lib/aarch64-linux-gnu/libm.so.6
a11maps ffffb3f00000-ffffb3f01000 rw-p 00090000 00:03 863                        /usr/lib/aarch64-linux-gnu/libm.so.6
a11maps ffffb3f02000-ffffb3f29000 r-xp 00000000 00:03 796                        /usr/lib/aarch64-linux-gnu/ld-linux-aarch64.so.1
a11maps ffffb3f33000-ffffb3f37000 rw-p 00000000 00:00 0 
a11maps ffffb3f39000-ffffb3f3b000 rw-p 00000000 00:00 0 
a11maps ffffb3f3b000-ffffb3f3f000 r--p 00000000 00:00 0                          [vvar]
a11maps ffffb3f3f000-ffffb3f40000 r-xp 00000000 00:00 0                          [vdso]
a11maps ffffb3f40000-ffffb3f42000 r--p 0002e000 00:03 796                        /usr/lib/aarch64-linux-gnu/ld-linux-aarch64.so.1
a11maps ffffb3f42000-ffffb3f44000 rw-p 00030000 00:03 796                        /usr/lib/aarch64-linux-gnu/ld-linux-aarch64.so.1
a11maps ffffe1780000-ffffe17a1000 rw-p 00000000 00:00 0                          [stack]
a11 point=off pass=1 test=set requests=200000 rps=224971.88 hook_calls=0 syscalls_in_kernel=0 fragment_entries=0 fpsimd_entries=0 fpsimd_restores=0 chains=0 chain_cap=0 exit_svc=0 exit_bl=0 exit_blr=0 exit_br=0 exit_ret=0 exit_mem=0 exit_unsupported=0 exit_budget=0 run_declined=0 ibtc_insert=0 ibtc_replace=0 ibtc_clear=0 ibtc_fpsimd_boundary=0 ibtc_miss_cold=0 ibtc_miss_conflict=0 ibtc_miss_other=0 fpsimd_run_max_ns=138666 miss_residual=0
a11slots point=off pass=1 test=set # table all conflicts 0 slots 0 top32 0
a11slots point=off pass=1 test=set # table nofp conflicts 0 slots 0 top32 0
a11 point=off pass=1 test=get requests=200000 rps=242424.25 hook_calls=0 syscalls_in_kernel=0 fragment_entries=0 fpsimd_entries=0 fpsimd_restores=0 chains=0 chain_cap=0 exit_svc=0 exit_bl=0 exit_blr=0 exit_br=0 exit_ret=0 exit_mem=0 exit_unsupported=0 exit_budget=0 run_declined=0 ibtc_insert=0 ibtc_replace=0 ibtc_clear=0 ibtc_fpsimd_boundary=0 ibtc_miss_cold=0 ibtc_miss_conflict=0 ibtc_miss_other=0 fpsimd_run_max_ns=138666 miss_residual=0
a11slots point=off pass=1 test=get # table all conflicts 0 slots 0 top32 0
a11slots point=off pass=1 test=get # table nofp conflicts 0 slots 0 top32 0
a11 point=1024 pass=1 test=set requests=200000 rps=141743.44 hook_calls=408838 syscalls_in_kernel=384508 fragment_entries=607249 fpsimd_entries=198951 fpsimd_restores=0 chains=199215 chain_cap=0 exit_svc=384508 exit_bl=6925 exit_blr=858 exit_br=199592 exit_ret=9956 exit_mem=1 exit_unsupported=5409 exit_budget=0 run_declined=12 ibtc_insert=572 ibtc_replace=35 ibtc_clear=0 ibtc_fpsimd_boundary=198943 ibtc_miss_cold=17283 ibtc_miss_conflict=1105 ibtc_miss_other=0 fpsimd_run_max_ns=138666 miss_residual=0
a11slots point=1024 pass=1 test=set # table all conflicts 1026 slots 16 top32 1026
a11slots point=1024 pass=1 test=set all 357 65 0xaaaab3e28594 0xaaaab3db4594
a11slots point=1024 pass=1 test=set all 2452 65 0xaaaab3e7a650 0xaaaab3e3e650
a11slots point=1024 pass=1 test=set all 257 64 0xaaaab3db0404 0xaaaab3db4404
a11slots point=1024 pass=1 test=set all 453 64 0xaaaab3ddc714 0xaaaab3eb4714
a11slots point=1024 pass=1 test=set all 883 64 0xaaaab3dacdcc 0xaaaab3df0dcc
a11slots point=1024 pass=1 test=set all 928 64 0xaaaab3dd8e80 0xaaaab3df0e80
a11slots point=1024 pass=1 test=set all 1116 64 0xaaaab3db9170 0xaaaab3dc5170
a11slots point=1024 pass=1 test=set all 1472 64 0xaaaab3db9700 0xaaaab3dcd700
a11slots point=1024 pass=1 test=set all 1616 64 0xaaaab3ddd940 0xaaaab3dd9940
a11slots point=1024 pass=1 test=set all 1684 64 0xaaaab3ddda50 0xaaaab3dcda50
a11slots point=1024 pass=1 test=set all 1756 64 0xaaaab3dc5b70 0xaaaab3dcdb70
a11slots point=1024 pass=1 test=set all 1766 64 0xaaaab3eadb98 0xaaaab3dcdb98
a11slots point=1024 pass=1 test=set all 1804 64 0xaaaab3dcdc30 0xffffb3d8dc30
a11slots point=1024 pass=1 test=set all 1813 64 0xaaaab3eadc54 0xaaaab3dddc54
a11slots point=1024 pass=1 test=set all 2364 64 0xaaaab3eae4f0 0xaaaab3dde4f0
a11slots point=1024 pass=1 test=set all 3164 64 0xaaaab3dbb170 0xaaaab3dd7170
a11slots point=1024 pass=1 test=set # table nofp conflicts 79 slots 15 top32 79
a11slots point=1024 pass=1 test=set nofp 236 65 0xaaaab3db03b0 0xaaaab3dcc3b0
a11slots point=1024 pass=1 test=set nofp 257 1 0xaaaab3db0404 0xaaaab3db4404
a11slots point=1024 pass=1 test=set nofp 453 1 0xaaaab3ddc714 0xaaaab3eb4714
a11slots point=1024 pass=1 test=set nofp 883 1 0xaaaab3dacdcc 0xaaaab3df0dcc
a11slots point=1024 pass=1 test=set nofp 928 1 0xaaaab3dd8e80 0xaaaab3df0e80
a11slots point=1024 pass=1 test=set nofp 1116 1 0xaaaab3db9170 0xaaaab3dc5170
a11slots point=1024 pass=1 test=set nofp 1472 1 0xaaaab3db9700 0xaaaab3dcd700
a11slots point=1024 pass=1 test=set nofp 1616 1 0xaaaab3ddd940 0xaaaab3dd9940
a11slots point=1024 pass=1 test=set nofp 1684 1 0xaaaab3ddda50 0xaaaab3dcda50
a11slots point=1024 pass=1 test=set nofp 1756 1 0xaaaab3dc5b70 0xaaaab3dcdb70
a11slots point=1024 pass=1 test=set nofp 1766 1 0xaaaab3eadb98 0xaaaab3dcdb98
a11slots point=1024 pass=1 test=set nofp 1804 1 0xaaaab3dcdc30 0xffffb3d8dc30
a11slots point=1024 pass=1 test=set nofp 1813 1 0xaaaab3eadc54 0xaaaab3dddc54
a11slots point=1024 pass=1 test=set nofp 2364 1 0xaaaab3eae4f0 0xaaaab3dde4f0
a11slots point=1024 pass=1 test=set nofp 3164 1 0xaaaab3dbb170 0xaaaab3dd7170
a11 point=1024 pass=1 test=get requests=200000 rps=162733.94 hook_calls=408893 syscalls_in_kernel=398673 fragment_entries=608357 fpsimd_entries=200006 fpsimd_restores=0 chains=200021 chain_cap=0 exit_svc=398673 exit_bl=809 exit_blr=93 exit_br=200002 exit_ret=920 exit_mem=0 exit_unsupported=7860 exit_budget=0 run_declined=24 ibtc_insert=36 ibtc_replace=3 ibtc_clear=0 ibtc_fpsimd_boundary=200003 ibtc_miss_cold=1640 ibtc_miss_conflict=181 ibtc_miss_other=0 fpsimd_run_max_ns=145833 miss_residual=0
a11slots point=1024 pass=1 test=get # table all conflicts 128 slots 2 top32 128
a11slots point=1024 pass=1 test=get all 1600 64 0xaaaab3dd1900 0xaaaab3dcd900
a11slots point=1024 pass=1 test=get all 1622 64 0xaaaab3dd1958 0xaaaab3dcd958
a11slots point=1024 pass=1 test=get # table nofp conflicts 53 slots 3 top32 53
a11slots point=1024 pass=1 test=get nofp 1345 51 0xaaaab3db1504 0xaaaab3db9504
a11slots point=1024 pass=1 test=get nofp 1600 1 0xaaaab3dd1900 0xaaaab3dcd900
a11slots point=1024 pass=1 test=get nofp 1622 1 0xaaaab3dd1958 0xaaaab3dcd958
a11 point=off pass=2 test=set requests=200000 rps=230414.75 hook_calls=0 syscalls_in_kernel=0 fragment_entries=0 fpsimd_entries=0 fpsimd_restores=0 chains=0 chain_cap=0 exit_svc=0 exit_bl=0 exit_blr=0 exit_br=0 exit_ret=0 exit_mem=0 exit_unsupported=0 exit_budget=0 run_declined=0 ibtc_insert=0 ibtc_replace=0 ibtc_clear=0 ibtc_fpsimd_boundary=0 ibtc_miss_cold=0 ibtc_miss_conflict=0 ibtc_miss_other=0 fpsimd_run_max_ns=145833 miss_residual=0
a11slots point=off pass=2 test=set # table all conflicts 0 slots 0 top32 0
a11slots point=off pass=2 test=set # table nofp conflicts 0 slots 0 top32 0
a11 point=off pass=2 test=get requests=200000 rps=249687.89 hook_calls=0 syscalls_in_kernel=0 fragment_entries=0 fpsimd_entries=0 fpsimd_restores=0 chains=0 chain_cap=0 exit_svc=0 exit_bl=0 exit_blr=0 exit_br=0 exit_ret=0 exit_mem=0 exit_unsupported=0 exit_budget=0 run_declined=0 ibtc_insert=0 ibtc_replace=0 ibtc_clear=0 ibtc_fpsimd_boundary=0 ibtc_miss_cold=0 ibtc_miss_conflict=0 ibtc_miss_other=0 fpsimd_run_max_ns=145833 miss_residual=0
a11slots point=off pass=2 test=get # table all conflicts 0 slots 0 top32 0
a11slots point=off pass=2 test=get # table nofp conflicts 0 slots 0 top32 0
a11 point=1024 pass=2 test=set requests=200000 rps=143575.02 hook_calls=408864 syscalls_in_kernel=399673 fragment_entries=608309 fpsimd_entries=200001 fpsimd_restores=0 chains=200001 chain_cap=0 exit_svc=399673 exit_bl=465 exit_blr=27 exit_br=200001 exit_ret=269 exit_mem=0 exit_unsupported=7874 exit_budget=0 run_declined=21 ibtc_insert=0 ibtc_replace=0 ibtc_clear=0 ibtc_fpsimd_boundary=200001 ibtc_miss_cold=710 ibtc_miss_conflict=51 ibtc_miss_other=0 fpsimd_run_max_ns=145833 miss_residual=0
a11slots point=1024 pass=2 test=set # table all conflicts 0 slots 0 top32 0
a11slots point=1024 pass=2 test=set # table nofp conflicts 51 slots 1 top32 51
a11slots point=1024 pass=2 test=set nofp 1345 51 0xaaaab3db1504 0xaaaab3db9504
a11 point=1024 pass=2 test=get requests=200000 rps=155159.03 hook_calls=409128 syscalls_in_kernel=399733 fragment_entries=608584 fpsimd_entries=200001 fpsimd_restores=55 chains=200001 chain_cap=0 exit_svc=399733 exit_bl=395 exit_blr=15 exit_br=200001 exit_ret=268 exit_mem=0 exit_unsupported=8172 exit_budget=0 run_declined=11 ibtc_insert=0 ibtc_replace=0 ibtc_clear=0 ibtc_fpsimd_boundary=200001 ibtc_miss_cold=627 ibtc_miss_conflict=51 ibtc_miss_other=0 fpsimd_run_max_ns=207583 miss_residual=0
a11slots point=1024 pass=2 test=get # table all conflicts 0 slots 0 top32 0
a11slots point=1024 pass=2 test=get # table nofp conflicts 51 slots 1 top32 51
a11slots point=1024 pass=2 test=get nofp 1345 51 0xaaaab3db1504 0xaaaab3db9504
a11 point=off pass=3 test=set requests=200000 rps=228571.42 hook_calls=0 syscalls_in_kernel=0 fragment_entries=0 fpsimd_entries=0 fpsimd_restores=0 chains=0 chain_cap=0 exit_svc=0 exit_bl=0 exit_blr=0 exit_br=0 exit_ret=0 exit_mem=0 exit_unsupported=0 exit_budget=0 run_declined=0 ibtc_insert=0 ibtc_replace=0 ibtc_clear=0 ibtc_fpsimd_boundary=0 ibtc_miss_cold=0 ibtc_miss_conflict=0 ibtc_miss_other=0 fpsimd_run_max_ns=207583 miss_residual=0
a11slots point=off pass=3 test=set # table all conflicts 0 slots 0 top32 0
a11slots point=off pass=3 test=set # table nofp conflicts 0 slots 0 top32 0
a11 point=off pass=3 test=get requests=200000 rps=223713.64 hook_calls=0 syscalls_in_kernel=0 fragment_entries=0 fpsimd_entries=0 fpsimd_restores=0 chains=0 chain_cap=0 exit_svc=0 exit_bl=0 exit_blr=0 exit_br=0 exit_ret=0 exit_mem=0 exit_unsupported=0 exit_budget=0 run_declined=0 ibtc_insert=0 ibtc_replace=0 ibtc_clear=0 ibtc_fpsimd_boundary=0 ibtc_miss_cold=0 ibtc_miss_conflict=0 ibtc_miss_other=0 fpsimd_run_max_ns=207583 miss_residual=0
a11slots point=off pass=3 test=get # table all conflicts 0 slots 0 top32 0
a11slots point=off pass=3 test=get # table nofp conflicts 0 slots 0 top32 0
a11 point=1024 pass=3 test=set requests=200000 rps=142045.45 hook_calls=408785 syscalls_in_kernel=399683 fragment_entries=608232 fpsimd_entries=200001 fpsimd_restores=0 chains=200001 chain_cap=0 exit_svc=399683 exit_bl=437 exit_blr=25 exit_br=200001 exit_ret=269 exit_mem=9 exit_unsupported=7808 exit_budget=0 run_declined=19 ibtc_insert=0 ibtc_replace=0 ibtc_clear=0 ibtc_fpsimd_boundary=200001 ibtc_miss_cold=680 ibtc_miss_conflict=51 ibtc_miss_other=0 fpsimd_run_max_ns=966083 miss_residual=0
a11slots point=1024 pass=3 test=set # table all conflicts 0 slots 0 top32 0
a11slots point=1024 pass=3 test=set # table nofp conflicts 51 slots 1 top32 51
a11slots point=1024 pass=3 test=set nofp 1345 51 0xaaaab3db1504 0xaaaab3db9504
a11 point=1024 pass=3 test=get requests=200000 rps=150262.97 hook_calls=408972 syscalls_in_kernel=399725 fragment_entries=608427 fpsimd_entries=200001 fpsimd_restores=280 chains=200001 chain_cap=0 exit_svc=399725 exit_bl=403 exit_blr=16 exit_br=200001 exit_ret=269 exit_mem=0 exit_unsupported=8013 exit_budget=0 run_declined=11 ibtc_insert=0 ibtc_replace=0 ibtc_clear=0 ibtc_fpsimd_boundary=200001 ibtc_miss_cold=637 ibtc_miss_conflict=51 ibtc_miss_other=0 fpsimd_run_max_ns=7324833 miss_residual=0
a11slots point=1024 pass=3 test=get # table all conflicts 0 slots 0 top32 0
a11slots point=1024 pass=3 test=get # table nofp conflicts 51 slots 1 top32 51
a11slots point=1024 pass=3 test=get nofp 1345 51 0xaaaab3db1504 0xaaaab3db9504
a11maps-end aaaab3d40000-aaaab3f90000 r-xp 00000000 00:03 4263                       /opt/redis/src/redis-server
a11maps-end aaaab3f99000-aaaab3fa0000 r--p 00259000 00:03 4263                       /opt/redis/src/redis-server
a11maps-end aaaab3fa0000-aaaab3ff9000 rw-p 00260000 00:03 4263                       /opt/redis/src/redis-server
a11maps-end aaaab3ff9000-aaaab422c000 rw-p 00000000 00:00 0 
a11maps-end aaaadb097000-aaaadb0b8000 rw-p 00000000 00:00 0                          [heap]
a11maps-end ffffb1140000-ffffb13c0000 rw-p 00000000 00:00 0 
a11maps-end ffffb13c0000-ffffb13d0000 ---p 00000000 00:00 0 
a11maps-end ffffb13d0000-ffffb1bd0000 rw-p 00000000 00:00 0 
a11maps-end ffffb1bd0000-ffffb1be0000 ---p 00000000 00:00 0 
a11maps-end ffffb1be0000-ffffb23e0000 rw-p 00000000 00:00 0 
a11maps-end ffffb23e0000-ffffb23f0000 ---p 00000000 00:00 0 
a11maps-end ffffb23f0000-ffffb2bf0000 rw-p 00000000 00:00 0 
a11maps-end ffffb2bf0000-ffffb2c00000 ---p 00000000 00:00 0 
a11maps-end ffffb2c00000-ffffb3400000 rw-p 00000000 00:00 0 
a11maps-end ffffb3400000-ffffb3c00000 rw-p 00000000 00:00 0 
a11maps-end ffffb3cb0000-ffffb3e3c000 r-xp 00000000 00:03 816                        /usr/lib/aarch64-linux-gnu/libc.so.6
a11maps-end ffffb3e3c000-ffffb3e4c000 ---p 0018c000 00:03 816                        /usr/lib/aarch64-linux-gnu/libc.so.6
a11maps-end ffffb3e4c000-ffffb3e50000 r--p 0018c000 00:03 816                        /usr/lib/aarch64-linux-gnu/libc.so.6
a11maps-end ffffb3e50000-ffffb3e52000 rw-p 00190000 00:03 816                        /usr/lib/aarch64-linux-gnu/libc.so.6
a11maps-end ffffb3e52000-ffffb3e5f000 rw-p 00000000 00:00 0 
a11maps-end ffffb3e60000-ffffb3ee2000 r-xp 00000000 00:03 863                        /usr/lib/aarch64-linux-gnu/libm.so.6
a11maps-end ffffb3ee2000-ffffb3eff000 ---p 00082000 00:03 863                        /usr/lib/aarch64-linux-gnu/libm.so.6
a11maps-end ffffb3eff000-ffffb3f00000 r--p 0008f000 00:03 863                        /usr/lib/aarch64-linux-gnu/libm.so.6
a11maps-end ffffb3f00000-ffffb3f01000 rw-p 00090000 00:03 863                        /usr/lib/aarch64-linux-gnu/libm.so.6
a11maps-end ffffb3f02000-ffffb3f29000 r-xp 00000000 00:03 796                        /usr/lib/aarch64-linux-gnu/ld-linux-aarch64.so.1
a11maps-end ffffb3f33000-ffffb3f37000 rw-p 00000000 00:00 0 
a11maps-end ffffb3f39000-ffffb3f3b000 rw-p 00000000 00:00 0 
a11maps-end ffffb3f3b000-ffffb3f3f000 r--p 00000000 00:00 0                          [vvar]
a11maps-end ffffb3f3f000-ffffb3f40000 r-xp 00000000 00:00 0                          [vdso]
a11maps-end ffffb3f40000-ffffb3f42000 r--p 0002e000 00:03 796                        /usr/lib/aarch64-linux-gnu/ld-linux-aarch64.so.1
a11maps-end ffffb3f42000-ffffb3f44000 rw-p 00030000 00:03 796                        /usr/lib/aarch64-linux-gnu/ld-linux-aarch64.so.1
a11maps-end ffffe1780000-ffffe17a1000 rw-p 00000000 00:00 0                          [stack]
a11: done
[   35.046138] kjit: 0 of 295 translation requests still queued at unload (freed by the kernel)
[   35.069067] rust_kjit: ######## Rust KJIT exits ########
kjit-init: rmmod kjit ok
kjit-init: run exit=0
[   35.092503] reboot: Power down
