[    0.000000] Booting Linux on physical CPU 0x0000000000 [0x610f0000]
[    0.000000] Linux version 7.1.0-rc1 (@6906d107117b) (Ubuntu clang version 18.1.3 (1ubuntu1), Ubuntu LLD 18.1.3) #1 SMP PREEMPT Fri Oct  2 08:37:58 UTC 2026
[    0.000000] random: crng init done
[    0.000000] Machine model: linux,dummy-virt
[    0.000000] OF: reserved mem: Reserved memory: No reserved-memory node in the DT
[    0.000000] psci: probing for conduit method from DT.
[    0.000000] psci: PSCIv1.1 detected in firmware.
[    0.000000] psci: Using standard PSCI v0.2 function IDs
[    0.000000] psci: Trusted OS migration not required
[    0.000000] psci: SMC Calling Convention v1.0
[    0.000000] Zone ranges:
[    0.000000]   Normal   [mem 0x0000000040000000-0x000000013fffffff]
[    0.000000] Movable zone start for each node
[    0.000000] Early memory node ranges
[    0.000000]   node   0: [mem 0x0000000040000000-0x000000013fffffff]
[    0.000000] Initmem setup node 0 [mem 0x0000000040000000-0x000000013fffffff]
[    0.000000] percpu: Embedded 19 pages/cpu s38488 r8192 d31144 u77824
[    0.000000] Detected PIPT I-cache on CPU0
[    0.000000] CPU features: detected: Address authentication (IMP DEF algorithm)
[    0.000000] CPU features: detected: Spectre-v4
[    0.000000] CPU features: detected: Spectre-BHB
[    0.000000] alternatives: applying boot alternatives
[    0.000000] Kernel command line: console=ttyAMA0 panic=-1 nokaslr
[    0.000000] Unknown kernel command line parameters "nokaslr", will be passed to user space.
[    0.000000] printk: log buffer data + meta data: 131072 + 458752 = 589824 bytes
[    0.000000] Dentry cache hash table entries: 524288 (order: 10, 4194304 bytes, linear)
[    0.000000] Inode-cache hash table entries: 262144 (order: 9, 2097152 bytes, linear)
[    0.000000] software IO TLB: SWIOTLB bounce buffer size adjusted to 4MB
[    0.000000] software IO TLB: area num 4.
[    0.000000] software IO TLB: mapped [mem 0x000000013ac00000-0x000000013b000000] (4MB)
[    0.000000] Built 1 zonelists, mobility grouping on.  Total pages: 1048576
[    0.000000] mem auto-init: stack:all(zero), heap alloc:off, heap free:off
[    0.000000] SLUB: HWalign=64, Order=0-3, MinObjects=0, CPUs=4, Nodes=1
[    0.000000] rcu: Preemptible hierarchical RCU implementation.
[    0.000000] rcu: 	RCU restricting CPUs from NR_CPUS=512 to nr_cpu_ids=4.
[    0.000000] rcu: RCU calculated value of scheduler-enlistment delay is 25 jiffies.
[    0.000000] rcu: Adjusting geometry for rcu_fanout_leaf=16, nr_cpu_ids=4
[    0.000000] NR_IRQS: 64, nr_irqs: 64, preallocated irqs: 0
[    0.000000] Root IRQ handler: gic_handle_irq
[    0.000000] GICv2m: range[mem 0x08020000-0x08020fff], SPI[80:143]
[    0.000000] rcu: srcu_init: Setting srcu_struct sizes based on contention.
[    0.000000] arch_timer: cp15 timer running at 24.00MHz (virt).
[    0.000000] clocksource: arch_sys_counter: mask: 0xffffffffffffff max_cycles: 0x588fe9dc0, max_idle_ns: 440795202592 ns
[    0.000000] sched_clock: 56 bits at 24MHz, resolution 41ns, wraps every 4398046511097ns
[    0.000100] Console: colour dummy device 80x25
[    0.000106] Calibrating delay loop (skipped), value calculated using timer frequency.. 48.00 BogoMIPS (lpj=96000)
[    0.000109] pid_max: default: 32768 minimum: 301
[    0.000238] Mount-cache hash table entries: 8192 (order: 4, 65536 bytes, linear)
[    0.000245] Mountpoint-cache hash table entries: 8192 (order: 4, 65536 bytes, linear)
[    0.000315] VFS: Finished mounting rootfs on nullfs
[    0.000449] cacheinfo: Unable to detect cache hierarchy for CPU 0
[    0.000554] rcu: Hierarchical SRCU implementation.
[    0.000555] rcu: 	Max phase no-delay instances is 1000.
[    0.000572] Timer migration: 1 hierarchy levels; 8 children per group; 1 crossnode level
[    0.000607] smp: Bringing up secondary CPUs ...
[    0.000821] Detected PIPT I-cache on CPU1
[    0.000923] CPU1: Booted secondary processor 0x0000000001 [0x610f0000]
[    0.001286] Detected PIPT I-cache on CPU2
[    0.001378] CPU2: Booted secondary processor 0x0000000002 [0x610f0000]
[    0.001642] Detected PIPT I-cache on CPU3
[    0.001752] CPU3: Booted secondary processor 0x0000000003 [0x610f0000]
[    0.001842] smp: Brought up 1 node, 4 CPUs
[    0.001844] SMP: Total of 4 processors activated.
[    0.001844] CPU: All CPU(s) started at EL1
[    0.001845] CPU features: detected: ARMv8.4 Translation Table Level
[    0.001846] CPU features: detected: Data cache clean to the PoU not required for I/D coherence
[    0.001846] CPU features: detected: CRC32 instructions
[    0.001847] CPU features: detected: Data independent timing control (DIT)
[    0.001847] CPU features: detected: E0PD
[    0.001848] CPU features: detected: Generic authentication (IMP DEF algorithm)
[    0.001848] CPU features: detected: RCpc load-acquire (LDAPR)
[    0.001848] CPU features: detected: LSE atomic instructions
[    0.001849] CPU features: detected: Privileged Access Never
[    0.001849] CPU features: detected: Speculation barrier (SB)
[    0.001850] CPU features: detected: TLB range maintenance instructions
[    0.001850] CPU features: detected: XNX
[    0.001930] alternatives: applying system-wide alternatives
[    0.002954] Memory: 3934216K/4194304K available (5248K kernel code, 754K rwdata, 2356K rodata, 576K init, 405K bss, 256908K reserved, 0K cma-reserved)
[    0.003232] devtmpfs: initialized
[    0.003582] clocksource: jiffies: mask: 0xffffffff max_cycles: 0xffffffff, max_idle_ns: 7645041785100000 ns
[    0.003595] posixtimers hash table entries: 2048 (order: 3, 32768 bytes, linear)
[    0.003618] futex hash table entries: 1024 (65536 bytes on 1 NUMA nodes, total 64 KiB, linear).
[    0.003624] 30384 pages in range for non-PLT usage
[    0.003625] 521904 pages in range for PLT usage
[    0.003691] NET: Registered PF_NETLINK/PF_ROUTE protocol family
[    0.004117] DMA: preallocated 512 KiB GFP_KERNEL pool for atomic allocations
[    0.004153] ASID allocator initialised with 256 entries
[    0.004160] Serial: AMBA PL011 UART driver
[    0.004546] 9000000.pl011: ttyAMA0 at MMIO 0x9000000 (irq = 13, base_baud = 0) is a PL011 rev1
[    0.004653] printk: console [ttyAMA0] enabled
[    0.010403] vgaarb: loaded
[    0.010663] clocksource: Switched to clocksource arch_sys_counter
[    0.020990] NET: Registered PF_INET protocol family
[    0.021078] IP idents hash table entries: 65536 (order: 7, 524288 bytes, linear)
[    0.021502] tcp_listen_portaddr_hash hash table entries: 2048 (order: 3, 32768 bytes, linear)
[    0.021509] Table-perturb hash table entries: 65536 (order: 6, 262144 bytes, linear)
[    0.021512] TCP established hash table entries: 32768 (order: 6, 262144 bytes, linear)
[    0.021624] TCP bind hash table entries: 32768 (order: 8, 1048576 bytes, linear)
[    0.021781] TCP: Hash tables configured (established 32768 bind 32768)
[    0.021808] UDP hash table entries: 2048 (order: 5, 131072 bytes, linear)
[    0.021841] NET: Registered PF_UNIX/PF_LOCAL protocol family
[    0.021851] PCI: CLS 0 bytes, default 64
[    0.022010] Unpacking initramfs...
[    0.023352] workingset: timestamp_bits=46 (anon: 42) max_order=20 bucket_order=0 (anon: 0)
[    0.023470] 9p: Installing v9fs 9p2000 file system support
[    0.031053] pci-host-generic 4010000000.pcie: host bridge /pcie@10000000 ranges:
[    0.031060] pci-host-generic 4010000000.pcie:       IO 0x003eff0000..0x003effffff -> 0x0000000000
[    0.031063] pci-host-generic 4010000000.pcie:      MEM 0x0010000000..0x003efeffff -> 0x0010000000
[    0.031064] pci-host-generic 4010000000.pcie:      MEM 0x8000000000..0xffffffffff -> 0x8000000000
[    0.031071] pci-host-generic 4010000000.pcie: Memory resource size exceeds max for 32 bits
[    0.031083] pci-host-generic 4010000000.pcie: ECAM at [mem 0x4010000000-0x401fffffff] for [bus 00-ff]
[    0.031102] pci-host-generic 4010000000.pcie: PCI host bridge to bus 0000:00
[    0.031103] pci_bus 0000:00: root bus resource [bus 00-ff]
[    0.031104] pci_bus 0000:00: root bus resource [io  0x0000-0xffff]
[    0.031105] pci_bus 0000:00: root bus resource [mem 0x10000000-0x3efeffff]
[    0.031106] pci_bus 0000:00: root bus resource [mem 0x8000000000-0xffffffffff]
[    0.031128] pci 0000:00:00.0: [1b36:0008] type 00 class 0x060000 conventional PCI endpoint
[    0.031401] pci 0000:00:01.0: [1af4:1000] type 00 class 0x020000 conventional PCI endpoint
[    0.031568] pci 0000:00:01.0: BAR 0 [io  0x0000-0x001f]
[    0.031573] pci 0000:00:01.0: BAR 1 [mem 0x00000000-0x00000fff]
[    0.031633] pci 0000:00:01.0: BAR 4 [mem 0x00000000-0x00003fff 64bit pref]
[    0.031637] pci 0000:00:01.0: ROM [mem 0x00000000-0x0003ffff pref]
[    0.032457] pci 0000:00:02.0: [1af4:1009] type 00 class 0x000200 conventional PCI endpoint
[    0.032624] pci 0000:00:02.0: BAR 0 [io  0x0000-0x003f]
[    0.032627] pci 0000:00:02.0: BAR 1 [mem 0x00000000-0x00000fff]
[    0.032635] pci 0000:00:02.0: BAR 4 [mem 0x00000000-0x00003fff 64bit pref]
[    0.033094] pci 0000:00:03.0: [1af4:1005] type 00 class 0x00ff00 conventional PCI endpoint
[    0.033217] pci 0000:00:03.0: BAR 0 [io  0x0000-0x001f]
[    0.033220] pci 0000:00:03.0: BAR 1 [mem 0x00000000-0x00000fff]
[    0.033234] pci 0000:00:03.0: BAR 4 [mem 0x00000000-0x00003fff 64bit pref]
[    0.033682] pci 0000:00:01.0: ROM [mem 0x10000000-0x1003ffff pref]: assigned
[    0.033684] pci 0000:00:01.0: BAR 4 [mem 0x8000000000-0x8000003fff 64bit pref]: assigned
[    0.033717] pci 0000:00:02.0: BAR 4 [mem 0x8000004000-0x8000007fff 64bit pref]: assigned
[    0.033728] pci 0000:00:03.0: BAR 4 [mem 0x8000008000-0x800000bfff 64bit pref]: assigned
[    0.033741] pci 0000:00:01.0: BAR 1 [mem 0x10040000-0x10040fff]: assigned
[    0.033746] pci 0000:00:02.0: BAR 1 [mem 0x10041000-0x10041fff]: assigned
[    0.033755] pci 0000:00:03.0: BAR 1 [mem 0x10042000-0x10042fff]: assigned
[    0.033758] pci 0000:00:02.0: BAR 0 [io  0x1000-0x103f]: assigned
[    0.033766] pci 0000:00:01.0: BAR 0 [io  0x1040-0x105f]: assigned
[    0.033770] pci 0000:00:03.0: BAR 0 [io  0x1060-0x107f]: assigned
[    0.033787] pci_bus 0000:00: resource 4 [io  0x0000-0xffff]
[    0.033788] pci_bus 0000:00: resource 5 [mem 0x10000000-0x3efeffff]
[    0.033789] pci_bus 0000:00: resource 6 [mem 0x8000000000-0xffffffffff]
[    0.034513] virtio-pci 0000:00:01.0: enabling device (0000 -> 0003)
[    0.035500] virtio-pci 0000:00:02.0: enabling device (0000 -> 0003)
[    0.036190] virtio-pci 0000:00:03.0: enabling device (0000 -> 0003)
[    0.043604] rtc-pl031 9010000.pl031: registered as rtc0
[    0.043613] rtc-pl031 9010000.pl031: setting system clock to 2026-10-08T18:51:06 UTC (1791485466)
[    0.043737] NET: Registered PF_INET6 protocol family
[    0.044279] Segment Routing with IPv6
[    0.044285] In-situ OAM (IOAM) with IPv6
[    0.044304] sit: IPv6, IPv4 and MPLS over IPv4 tunneling driver
[    0.044425] NET: Registered PF_PACKET protocol family
[    0.044433] 9pnet: Installing 9P2000 support
[    0.049804] clk: Disabling unused clocks
[    0.102688] Freeing initrd memory: 161888K
[    0.103237] Freeing unused kernel memory: 576K
[    0.103286] Run /init as init process
[    0.119825] kjit: loading out-of-tree module taints kernel.
[    0.120849] rust_kjit: ######## Rust KJIT inits ########
[    0.120876] rust_kjit: kjit: dispatch variant 4
[    0.120930] rust_kjit: golden tests/arm64/toy_cfg.s:hot_svc_mark translated for dispatch variant 4; byte comparison skipped (reference is variant 0)
kjit-init: insmod kjit.ko ok
meas: variant=4
rep 0 variant=gpr enabled=0 outer=200000 calls=16 ns_per_outer=142.9 ns_per_call=8.93
rep 1 variant=gpr enabled=0 outer=200000 calls=16 ns_per_outer=140.1 ns_per_call=8.75
rep 2 variant=gpr enabled=0 outer=200000 calls=16 ns_per_outer=151.1 ns_per_call=9.44
rep 3 variant=gpr enabled=0 outer=200000 calls=16 ns_per_outer=146.6 ns_per_call=9.16
rep 4 variant=gpr enabled=0 outer=200000 calls=16 ns_per_outer=145.3 ns_per_call=9.08
rep 5 variant=gpr enabled=0 outer=200000 calls=16 ns_per_outer=147.8 ns_per_call=9.24
rep 6 variant=gpr enabled=0 outer=200000 calls=16 ns_per_outer=143.7 ns_per_call=8.98
result variant=gpr enabled=0 outer=200000 calls=16 reps=7 median_ns_per_outer=145.3 median_ns_per_call=9.08 min_ns_per_call=8.75 acc=25600000
[    0.379379] kjit: translate_svc_sites pid 69: 2 text ranges, 111 svc sites
[    0.379810] rust_kjit: kjit: pc 0x400fe8: installed 532 bytes, 0 fault sites, 2 entries, text 0x400fe8..0x400ff0, fpsimd false
[    0.380349] rust_kjit: kjit: pc 0x400fcc: installed 1104 bytes, 1 fault sites, 11 entries, text 0x400fbc..0x400fe8, fpsimd false
rep 0 variant=gpr enabled=1 outer=20000 calls=16 ns_per_outer=154.1 ns_per_call=9.63
rep 1 variant=gpr enabled=1 outer=20000 calls=16 ns_per_outer=153.4 ns_per_call=9.59
rep 2 variant=gpr enabled=1 outer=20000 calls=16 ns_per_outer=152.2 ns_per_call=9.51
rep 3 variant=gpr enabled=1 outer=20000 calls=16 ns_per_outer=154.6 ns_per_call=9.66
rep 4 variant=gpr enabled=1 outer=20000 calls=16 ns_per_outer=152.7 ns_per_call=9.54
rep 5 variant=gpr enabled=1 outer=20000 calls=16 ns_per_outer=151.3 ns_per_call=9.46
rep 6 variant=gpr enabled=1 outer=20000 calls=16 ns_per_outer=158.3 ns_per_call=9.89
result variant=gpr enabled=1 outer=20000 calls=16 reps=7 median_ns_per_outer=153.4 median_ns_per_call=9.59 min_ns_per_call=9.46 acc=2560000
counters variant=gpr timed_outer=140000 hook_calls=140045 syscalls_in_kernel=139965 fragment_entries=140045 fpsimd_entries=1 fpsimd_restores=0 chains=0 chain_cap=0 exit_svc=139965 exit_bl=0 exit_blr=0 exit_br=0 exit_ret=80 exit_mem=0 exit_unsupported=0 exit_budget=0 run_declined=0
rep 0 variant=fp enabled=0 outer=200000 calls=16 ns_per_outer=175.1 ns_per_call=10.94
rep 1 variant=fp enabled=0 outer=200000 calls=16 ns_per_outer=180.6 ns_per_call=11.29
rep 2 variant=fp enabled=0 outer=200000 calls=16 ns_per_outer=179.3 ns_per_call=11.21
rep 3 variant=fp enabled=0 outer=200000 calls=16 ns_per_outer=179.1 ns_per_call=11.19
rep 4 variant=fp enabled=0 outer=200000 calls=16 ns_per_outer=178.8 ns_per_call=11.18
rep 5 variant=fp enabled=0 outer=200000 calls=16 ns_per_outer=179.0 ns_per_call=11.19
rep 6 variant=fp enabled=0 outer=200000 calls=16 ns_per_outer=177.6 ns_per_call=11.10
result variant=fp enabled=0 outer=200000 calls=16 reps=7 median_ns_per_outer=179.0 median_ns_per_call=11.19 min_ns_per_call=10.94 acc=25600000
[    0.727675] kjit: translate_svc_sites pid 73: 2 text ranges, 111 svc sites
[    0.728079] rust_kjit: kjit: pc 0x401028: installed 540 bytes, 0 fault sites, 4 entries, text 0x401028..0x401038, fpsimd true
[    0.728589] rust_kjit: kjit: pc 0x40100c: installed 1104 bytes, 1 fault sites, 11 entries, text 0x400ffc..0x401028, fpsimd false
rep 0 variant=fp enabled=1 outer=20000 calls=16 ns_per_outer=217.0 ns_per_call=13.56
rep 1 variant=fp enabled=1 outer=20000 calls=16 ns_per_outer=225.0 ns_per_call=14.06
rep 2 variant=fp enabled=1 outer=20000 calls=16 ns_per_outer=219.2 ns_per_call=13.70
rep 3 variant=fp enabled=1 outer=20000 calls=16 ns_per_outer=230.9 ns_per_call=14.43
rep 4 variant=fp enabled=1 outer=20000 calls=16 ns_per_outer=223.8 ns_per_call=13.99
rep 5 variant=fp enabled=1 outer=20000 calls=16 ns_per_outer=222.3 ns_per_call=13.89
rep 6 variant=fp enabled=1 outer=20000 calls=16 ns_per_outer=232.0 ns_per_call=14.50
result variant=fp enabled=1 outer=20000 calls=16 reps=7 median_ns_per_outer=223.8 median_ns_per_call=13.99 min_ns_per_call=13.56 acc=2560000
counters variant=fp timed_outer=140000 hook_calls=140045 syscalls_in_kernel=139965 fragment_entries=280017 fpsimd_entries=139973 fpsimd_restores=0 chains=139972 chain_cap=0 exit_svc=139965 exit_bl=139972 exit_blr=0 exit_br=0 exit_ret=80 exit_mem=0 exit_unsupported=0 exit_budget=0 run_declined=0
rep 0 variant=gpr enabled=0 outer=200000 calls=128 ns_per_outer=258.3 ns_per_call=2.02
rep 1 variant=gpr enabled=0 outer=200000 calls=128 ns_per_outer=256.2 ns_per_call=2.00
rep 2 variant=gpr enabled=0 outer=200000 calls=128 ns_per_outer=253.6 ns_per_call=1.98
rep 3 variant=gpr enabled=0 outer=200000 calls=128 ns_per_outer=254.4 ns_per_call=1.99
rep 4 variant=gpr enabled=0 outer=200000 calls=128 ns_per_outer=254.3 ns_per_call=1.99
rep 5 variant=gpr enabled=0 outer=200000 calls=128 ns_per_outer=258.8 ns_per_call=2.02
rep 6 variant=gpr enabled=0 outer=200000 calls=128 ns_per_outer=256.5 ns_per_call=2.00
result variant=gpr enabled=0 outer=200000 calls=128 reps=7 median_ns_per_outer=256.2 median_ns_per_call=2.00 min_ns_per_call=1.98 acc=204800000
[    1.214376] kjit: translate_svc_sites pid 75: 2 text ranges, 111 svc sites
[    1.215162] rust_kjit: kjit: pc 0x400fe8: installed 532 bytes, 0 fault sites, 2 entries, text 0x400fe8..0x400ff0, fpsimd false
[    1.215749] rust_kjit: kjit: pc 0x400fcc: installed 1104 bytes, 1 fault sites, 11 entries, text 0x400fbc..0x400fe8, fpsimd false
rep 0 variant=gpr enabled=1 outer=20000 calls=128 ns_per_outer=851.8 ns_per_call=6.65
rep 1 variant=gpr enabled=1 outer=20000 calls=128 ns_per_outer=852.7 ns_per_call=6.66
rep 2 variant=gpr enabled=1 outer=20000 calls=128 ns_per_outer=840.9 ns_per_call=6.57
rep 3 variant=gpr enabled=1 outer=20000 calls=128 ns_per_outer=842.2 ns_per_call=6.58
rep 4 variant=gpr enabled=1 outer=20000 calls=128 ns_per_outer=830.0 ns_per_call=6.48
rep 5 variant=gpr enabled=1 outer=20000 calls=128 ns_per_outer=839.5 ns_per_call=6.56
rep 6 variant=gpr enabled=1 outer=20000 calls=128 ns_per_outer=839.4 ns_per_call=6.56
result variant=gpr enabled=1 outer=20000 calls=128 reps=7 median_ns_per_outer=840.9 median_ns_per_call=6.57 min_ns_per_call=6.48 acc=20480000
counters variant=gpr timed_outer=140000 hook_calls=140045 syscalls_in_kernel=139965 fragment_entries=140045 fpsimd_entries=1 fpsimd_restores=0 chains=0 chain_cap=0 exit_svc=139965 exit_bl=0 exit_blr=0 exit_br=0 exit_ret=80 exit_mem=0 exit_unsupported=0 exit_budget=0 run_declined=0
rep 0 variant=fp enabled=0 outer=200000 calls=128 ns_per_outer=547.9 ns_per_call=4.28
rep 1 variant=fp enabled=0 outer=200000 calls=128 ns_per_outer=536.4 ns_per_call=4.19
rep 2 variant=fp enabled=0 outer=200000 calls=128 ns_per_outer=537.4 ns_per_call=4.20
rep 3 variant=fp enabled=0 outer=200000 calls=128 ns_per_outer=538.7 ns_per_call=4.21
rep 4 variant=fp enabled=0 outer=200000 calls=128 ns_per_outer=537.1 ns_per_call=4.20
rep 5 variant=fp enabled=0 outer=200000 calls=128 ns_per_outer=535.6 ns_per_call=4.18
rep 6 variant=fp enabled=0 outer=200000 calls=128 ns_per_outer=540.5 ns_per_call=4.22
result variant=fp enabled=0 outer=200000 calls=128 reps=7 median_ns_per_outer=537.4 median_ns_per_call=4.20 min_ns_per_call=4.18 acc=204800000
[    2.252366] kjit: translate_svc_sites pid 77: 2 text ranges, 111 svc sites
[    2.252804] rust_kjit: kjit: pc 0x401028: installed 540 bytes, 0 fault sites, 4 entries, text 0x401028..0x401038, fpsimd true
[    2.253786] rust_kjit: kjit: pc 0x40100c: installed 1104 bytes, 1 fault sites, 11 entries, text 0x400ffc..0x401028, fpsimd false
rep 0 variant=fp enabled=1 outer=20000 calls=128 ns_per_outer=916.6 ns_per_call=7.16
rep 1 variant=fp enabled=1 outer=20000 calls=128 ns_per_outer=927.1 ns_per_call=7.24
rep 2 variant=fp enabled=1 outer=20000 calls=128 ns_per_outer=915.4 ns_per_call=7.15
rep 3 variant=fp enabled=1 outer=20000 calls=128 ns_per_outer=910.7 ns_per_call=7.12
rep 4 variant=fp enabled=1 outer=20000 calls=128 ns_per_outer=913.2 ns_per_call=7.13
rep 5 variant=fp enabled=1 outer=20000 calls=128 ns_per_outer=921.7 ns_per_call=7.20
rep 6 variant=fp enabled=1 outer=20000 calls=128 ns_per_outer=912.1 ns_per_call=7.13
result variant=fp enabled=1 outer=20000 calls=128 reps=7 median_ns_per_outer=915.4 median_ns_per_call=7.15 min_ns_per_call=7.12 acc=20480000
counters variant=fp timed_outer=140000 hook_calls=140045 syscalls_in_kernel=139965 fragment_entries=280017 fpsimd_entries=139973 fpsimd_restores=0 chains=139972 chain_cap=0 exit_svc=139965 exit_bl=139972 exit_blr=0 exit_br=0 exit_ret=80 exit_mem=0 exit_unsupported=0 exit_budget=0 run_declined=0
rep 0 variant=gpr enabled=0 outer=200000 calls=256 ns_per_outer=381.5 ns_per_call=1.49
rep 1 variant=gpr enabled=0 outer=200000 calls=256 ns_per_outer=430.5 ns_per_call=1.68
rep 2 variant=gpr enabled=0 outer=200000 calls=256 ns_per_outer=377.1 ns_per_call=1.47
rep 3 variant=gpr enabled=0 outer=200000 calls=256 ns_per_outer=385.9 ns_per_call=1.51
rep 4 variant=gpr enabled=0 outer=200000 calls=256 ns_per_outer=396.1 ns_per_call=1.55
rep 5 variant=gpr enabled=0 outer=200000 calls=256 ns_per_outer=380.8 ns_per_call=1.49
rep 6 variant=gpr enabled=0 outer=200000 calls=256 ns_per_outer=384.9 ns_per_call=1.50
result variant=gpr enabled=0 outer=200000 calls=256 reps=7 median_ns_per_outer=384.9 median_ns_per_call=1.50 min_ns_per_call=1.47 acc=409600000
[    3.063549] kjit: translate_svc_sites pid 79: 2 text ranges, 111 svc sites
[    3.064032] rust_kjit: kjit: pc 0x400fe8: installed 532 bytes, 0 fault sites, 2 entries, text 0x400fe8..0x400ff0, fpsimd false
[    3.064655] rust_kjit: kjit: pc 0x400fcc: installed 1104 bytes, 1 fault sites, 11 entries, text 0x400fbc..0x400fe8, fpsimd false
rep 0 variant=gpr enabled=1 outer=20000 calls=256 ns_per_outer=1659.5 ns_per_call=6.48
rep 1 variant=gpr enabled=1 outer=20000 calls=256 ns_per_outer=1673.4 ns_per_call=6.54
rep 2 variant=gpr enabled=1 outer=20000 calls=256 ns_per_outer=1684.2 ns_per_call=6.58
rep 3 variant=gpr enabled=1 outer=20000 calls=256 ns_per_outer=1693.6 ns_per_call=6.62
rep 4 variant=gpr enabled=1 outer=20000 calls=256 ns_per_outer=1648.1 ns_per_call=6.44
rep 5 variant=gpr enabled=1 outer=20000 calls=256 ns_per_outer=1675.0 ns_per_call=6.54
rep 6 variant=gpr enabled=1 outer=20000 calls=256 ns_per_outer=1685.3 ns_per_call=6.58
result variant=gpr enabled=1 outer=20000 calls=256 reps=7 median_ns_per_outer=1675.0 median_ns_per_call=6.54 min_ns_per_call=6.44 acc=40960000
counters variant=gpr timed_outer=140000 hook_calls=140045 syscalls_in_kernel=139965 fragment_entries=140045 fpsimd_entries=1 fpsimd_restores=0 chains=0 chain_cap=0 exit_svc=139965 exit_bl=0 exit_blr=0 exit_br=0 exit_ret=80 exit_mem=0 exit_unsupported=0 exit_budget=0 run_declined=0
rep 0 variant=fp enabled=0 outer=200000 calls=256 ns_per_outer=1011.6 ns_per_call=3.95
rep 1 variant=fp enabled=0 outer=200000 calls=256 ns_per_outer=962.6 ns_per_call=3.76
rep 2 variant=fp enabled=0 outer=200000 calls=256 ns_per_outer=946.5 ns_per_call=3.70
rep 3 variant=fp enabled=0 outer=200000 calls=256 ns_per_outer=945.2 ns_per_call=3.69
rep 4 variant=fp enabled=0 outer=200000 calls=256 ns_per_outer=944.1 ns_per_call=3.69
rep 5 variant=fp enabled=0 outer=200000 calls=256 ns_per_outer=942.3 ns_per_call=3.68
rep 6 variant=fp enabled=0 outer=200000 calls=256 ns_per_outer=941.4 ns_per_call=3.68
result variant=fp enabled=0 outer=200000 calls=256 reps=7 median_ns_per_outer=945.2 median_ns_per_call=3.69 min_ns_per_call=3.68 acc=409600000
[    4.903334] kjit: translate_svc_sites pid 83: 2 text ranges, 111 svc sites
[    4.903697] rust_kjit: kjit: pc 0x401028: installed 540 bytes, 0 fault sites, 4 entries, text 0x401028..0x401038, fpsimd true
[    4.904193] rust_kjit: kjit: pc 0x40100c: installed 1104 bytes, 1 fault sites, 11 entries, text 0x400ffc..0x401028, fpsimd false
rep 0 variant=fp enabled=1 outer=20000 calls=256 ns_per_outer=1738.1 ns_per_call=6.79
rep 1 variant=fp enabled=1 outer=20000 calls=256 ns_per_outer=1709.6 ns_per_call=6.68
rep 2 variant=fp enabled=1 outer=20000 calls=256 ns_per_outer=1705.1 ns_per_call=6.66
rep 3 variant=fp enabled=1 outer=20000 calls=256 ns_per_outer=1711.8 ns_per_call=6.69
rep 4 variant=fp enabled=1 outer=20000 calls=256 ns_per_outer=1712.2 ns_per_call=6.69
rep 5 variant=fp enabled=1 outer=20000 calls=256 ns_per_outer=1720.7 ns_per_call=6.72
rep 6 variant=fp enabled=1 outer=20000 calls=256 ns_per_outer=1733.9 ns_per_call=6.77
result variant=fp enabled=1 outer=20000 calls=256 reps=7 median_ns_per_outer=1712.2 median_ns_per_call=6.69 min_ns_per_call=6.66 acc=40960000
counters variant=fp timed_outer=140000 hook_calls=140045 syscalls_in_kernel=139965 fragment_entries=280017 fpsimd_entries=139973 fpsimd_restores=0 chains=139972 chain_cap=0 exit_svc=139965 exit_bl=139972 exit_blr=0 exit_br=0 exit_ret=80 exit_mem=0 exit_unsupported=0 exit_budget=0 run_declined=0
a11: ibtc_variant=4
a11: warm-up at off
a11maps aaaae6010000-aaaae6260000 r-xp 00000000 00:03 4263                       /opt/redis/src/redis-server
a11maps aaaae6269000-aaaae6270000 r--p 00259000 00:03 4263                       /opt/redis/src/redis-server
a11maps aaaae6270000-aaaae62c9000 rw-p 00260000 00:03 4263                       /opt/redis/src/redis-server
a11maps aaaae62c9000-aaaae64fc000 rw-p 00000000 00:00 0 
a11maps aaab1815a000-aaab1817b000 rw-p 00000000 00:00 0                          [heap]
a11maps ffff7cd40000-ffff7cfc0000 rw-p 00000000 00:00 0 
a11maps ffff7cfc0000-ffff7cfd0000 ---p 00000000 00:00 0 
a11maps ffff7cfd0000-ffff7d7d0000 rw-p 00000000 00:00 0 
a11maps ffff7d7d0000-ffff7d7e0000 ---p 00000000 00:00 0 
a11maps ffff7d7e0000-ffff7dfe0000 rw-p 00000000 00:00 0 
a11maps ffff7dfe0000-ffff7dff0000 ---p 00000000 00:00 0 
a11maps ffff7dff0000-ffff7e7f0000 rw-p 00000000 00:00 0 
a11maps ffff7e7f0000-ffff7e800000 ---p 00000000 00:00 0 
a11maps ffff7e800000-ffff7f000000 rw-p 00000000 00:00 0 
a11maps ffff7f000000-ffff7f800000 rw-p 00000000 00:00 0 
a11maps ffff7f830000-ffff7f9bc000 r-xp 00000000 00:03 816                        /usr/lib/aarch64-linux-gnu/libc.so.6
a11maps ffff7f9bc000-ffff7f9cc000 ---p 0018c000 00:03 816                        /usr/lib/aarch64-linux-gnu/libc.so.6
a11maps ffff7f9cc000-ffff7f9d0000 r--p 0018c000 00:03 816                        /usr/lib/aarch64-linux-gnu/libc.so.6
a11maps ffff7f9d0000-ffff7f9d2000 rw-p 00190000 00:03 816                        /usr/lib/aarch64-linux-gnu/libc.so.6
a11maps ffff7f9d2000-ffff7f9df000 rw-p 00000000 00:00 0 
a11maps ffff7f9e0000-ffff7fa62000 r-xp 00000000 00:03 863                        /usr/lib/aarch64-linux-gnu/libm.so.6
a11maps ffff7fa62000-ffff7fa7f000 ---p 00082000 00:03 863                        /usr/lib/aarch64-linux-gnu/libm.so.6
a11maps ffff7fa7f000-ffff7fa80000 r--p 0008f000 00:03 863                        /usr/lib/aarch64-linux-gnu/libm.so.6
a11maps ffff7fa80000-ffff7fa81000 rw-p 00090000 00:03 863                        /usr/lib/aarch64-linux-gnu/libm.so.6
a11maps ffff7fa8a000-ffff7fab1000 r-xp 00000000 00:03 796                        /usr/lib/aarch64-linux-gnu/ld-linux-aarch64.so.1
a11maps ffff7fabb000-ffff7fabf000 rw-p 00000000 00:00 0 
a11maps ffff7fac1000-ffff7fac3000 rw-p 00000000 00:00 0 
a11maps ffff7fac3000-ffff7fac7000 r--p 00000000 00:00 0                          [vvar]
a11maps ffff7fac7000-ffff7fac8000 r-xp 00000000 00:00 0                          [vdso]
a11maps ffff7fac8000-ffff7faca000 r--p 0002e000 00:03 796                        /usr/lib/aarch64-linux-gnu/ld-linux-aarch64.so.1
a11maps ffff7faca000-ffff7facc000 rw-p 00030000 00:03 796                        /usr/lib/aarch64-linux-gnu/ld-linux-aarch64.so.1
a11maps fffffae54000-fffffae75000 rw-p 00000000 00:00 0                          [stack]
a11 point=off pass=1 test=set requests=200000 rps=177619.89 hook_calls=0 syscalls_in_kernel=0 fragment_entries=0 fpsimd_entries=0 fpsimd_restores=0 chains=0 chain_cap=0 exit_svc=0 exit_bl=0 exit_blr=0 exit_br=0 exit_ret=0 exit_mem=0 exit_unsupported=0 exit_budget=0 run_declined=0 ibtc_insert=0 ibtc_replace=0 ibtc_clear=0 ibtc_fpsimd_boundary=0 ibtc_miss_cold=0 ibtc_miss_conflict=0 ibtc_miss_other=0 fpsimd_run_max_ns=70000 miss_residual=0
a11slots point=off pass=1 test=set # table all conflicts 0 slots 0 top32 0
a11slots point=off pass=1 test=set # table nofp conflicts 0 slots 0 top32 0
a11 point=off pass=1 test=get requests=200000 rps=193986.42 hook_calls=0 syscalls_in_kernel=0 fragment_entries=0 fpsimd_entries=0 fpsimd_restores=0 chains=0 chain_cap=0 exit_svc=0 exit_bl=0 exit_blr=0 exit_br=0 exit_ret=0 exit_mem=0 exit_unsupported=0 exit_budget=0 run_declined=0 ibtc_insert=0 ibtc_replace=0 ibtc_clear=0 ibtc_fpsimd_boundary=0 ibtc_miss_cold=0 ibtc_miss_conflict=0 ibtc_miss_other=0 fpsimd_run_max_ns=70000 miss_residual=0
a11slots point=off pass=1 test=get # table all conflicts 0 slots 0 top32 0
a11slots point=off pass=1 test=get # table nofp conflicts 0 slots 0 top32 0
a11 point=1024 pass=1 test=set requests=200000 rps=140056.03 hook_calls=408844 syscalls_in_kernel=384528 fragment_entries=607251 fpsimd_entries=198948 fpsimd_restores=0 chains=199212 chain_cap=0 exit_svc=384528 exit_bl=6923 exit_blr=857 exit_br=199589 exit_ret=9955 exit_mem=2 exit_unsupported=5397 exit_budget=0 run_declined=13 ibtc_insert=572 ibtc_replace=35 ibtc_clear=0 ibtc_fpsimd_boundary=198940 ibtc_miss_cold=17279 ibtc_miss_conflict=1105 ibtc_miss_other=0 fpsimd_run_max_ns=204500 miss_residual=0
a11slots point=1024 pass=1 test=set # table all conflicts 1026 slots 16 top32 1026
a11slots point=1024 pass=1 test=set all 357 65 0xaaaae60f8594 0xaaaae6084594
a11slots point=1024 pass=1 test=set all 2452 65 0xaaaae614a650 0xaaaae610e650
a11slots point=1024 pass=1 test=set all 257 64 0xaaaae6080404 0xaaaae6084404
a11slots point=1024 pass=1 test=set all 453 64 0xaaaae60ac714 0xaaaae6184714
a11slots point=1024 pass=1 test=set all 883 64 0xaaaae607cdcc 0xaaaae60c0dcc
a11slots point=1024 pass=1 test=set all 928 64 0xaaaae60a8e80 0xaaaae60c0e80
a11slots point=1024 pass=1 test=set all 1116 64 0xaaaae6089170 0xaaaae6095170
a11slots point=1024 pass=1 test=set all 1472 64 0xaaaae6089700 0xaaaae609d700
a11slots point=1024 pass=1 test=set all 1616 64 0xaaaae60ad940 0xaaaae60a9940
a11slots point=1024 pass=1 test=set all 1684 64 0xaaaae60ada50 0xaaaae609da50
a11slots point=1024 pass=1 test=set all 1756 64 0xaaaae6095b70 0xaaaae609db70
a11slots point=1024 pass=1 test=set all 1766 64 0xaaaae617db98 0xaaaae609db98
a11slots point=1024 pass=1 test=set all 1804 64 0xaaaae609dc30 0xffff7f90dc30
a11slots point=1024 pass=1 test=set all 1813 64 0xaaaae617dc54 0xaaaae60adc54
a11slots point=1024 pass=1 test=set all 2364 64 0xaaaae617e4f0 0xaaaae60ae4f0
a11slots point=1024 pass=1 test=set all 3164 64 0xaaaae608b170 0xaaaae60a7170
a11slots point=1024 pass=1 test=set # table nofp conflicts 79 slots 15 top32 79
a11slots point=1024 pass=1 test=set nofp 236 65 0xaaaae60803b0 0xaaaae609c3b0
a11slots point=1024 pass=1 test=set nofp 257 1 0xaaaae6080404 0xaaaae6084404
a11slots point=1024 pass=1 test=set nofp 453 1 0xaaaae60ac714 0xaaaae6184714
a11slots point=1024 pass=1 test=set nofp 883 1 0xaaaae607cdcc 0xaaaae60c0dcc
a11slots point=1024 pass=1 test=set nofp 928 1 0xaaaae60a8e80 0xaaaae60c0e80
a11slots point=1024 pass=1 test=set nofp 1116 1 0xaaaae6089170 0xaaaae6095170
a11slots point=1024 pass=1 test=set nofp 1472 1 0xaaaae6089700 0xaaaae609d700
a11slots point=1024 pass=1 test=set nofp 1616 1 0xaaaae60ad940 0xaaaae60a9940
a11slots point=1024 pass=1 test=set nofp 1684 1 0xaaaae60ada50 0xaaaae609da50
a11slots point=1024 pass=1 test=set nofp 1756 1 0xaaaae6095b70 0xaaaae609db70
a11slots point=1024 pass=1 test=set nofp 1766 1 0xaaaae617db98 0xaaaae609db98
a11slots point=1024 pass=1 test=set nofp 1804 1 0xaaaae609dc30 0xffff7f90dc30
a11slots point=1024 pass=1 test=set nofp 1813 1 0xaaaae617dc54 0xaaaae60adc54
a11slots point=1024 pass=1 test=set nofp 2364 1 0xaaaae617e4f0 0xaaaae60ae4f0
a11slots point=1024 pass=1 test=set nofp 3164 1 0xaaaae608b170 0xaaaae60a7170
a11 point=1024 pass=1 test=get requests=200000 rps=160128.11 hook_calls=408907 syscalls_in_kernel=398668 fragment_entries=608383 fpsimd_entries=200006 fpsimd_restores=0 chains=200021 chain_cap=0 exit_svc=398668 exit_bl=790 exit_blr=80 exit_br=200002 exit_ret=920 exit_mem=0 exit_unsupported=7923 exit_budget=0 run_declined=12 ibtc_insert=36 ibtc_replace=3 ibtc_clear=0 ibtc_fpsimd_boundary=200003 ibtc_miss_cold=1608 ibtc_miss_conflict=181 ibtc_miss_other=0 fpsimd_run_max_ns=204500 miss_residual=0
a11slots point=1024 pass=1 test=get # table all conflicts 128 slots 2 top32 128
a11slots point=1024 pass=1 test=get all 1600 64 0xaaaae60a1900 0xaaaae609d900
a11slots point=1024 pass=1 test=get all 1622 64 0xaaaae60a1958 0xaaaae609d958
a11slots point=1024 pass=1 test=get # table nofp conflicts 53 slots 3 top32 53
a11slots point=1024 pass=1 test=get nofp 1345 51 0xaaaae6081504 0xaaaae6089504
a11slots point=1024 pass=1 test=get nofp 1600 1 0xaaaae60a1900 0xaaaae609d900
a11slots point=1024 pass=1 test=get nofp 1622 1 0xaaaae60a1958 0xaaaae609d958
a11 point=off pass=2 test=set requests=200000 rps=187265.92 hook_calls=0 syscalls_in_kernel=0 fragment_entries=0 fpsimd_entries=0 fpsimd_restores=0 chains=0 chain_cap=0 exit_svc=0 exit_bl=0 exit_blr=0 exit_br=0 exit_ret=0 exit_mem=0 exit_unsupported=0 exit_budget=0 run_declined=0 ibtc_insert=0 ibtc_replace=0 ibtc_clear=0 ibtc_fpsimd_boundary=0 ibtc_miss_cold=0 ibtc_miss_conflict=0 ibtc_miss_other=0 fpsimd_run_max_ns=204500 miss_residual=0
a11slots point=off pass=2 test=set # table all conflicts 0 slots 0 top32 0
a11slots point=off pass=2 test=set # table nofp conflicts 0 slots 0 top32 0
a11 point=off pass=2 test=get requests=200000 rps=230680.52 hook_calls=0 syscalls_in_kernel=0 fragment_entries=0 fpsimd_entries=0 fpsimd_restores=0 chains=0 chain_cap=0 exit_svc=0 exit_bl=0 exit_blr=0 exit_br=0 exit_ret=0 exit_mem=0 exit_unsupported=0 exit_budget=0 run_declined=0 ibtc_insert=0 ibtc_replace=0 ibtc_clear=0 ibtc_fpsimd_boundary=0 ibtc_miss_cold=0 ibtc_miss_conflict=0 ibtc_miss_other=0 fpsimd_run_max_ns=204500 miss_residual=0
a11slots point=off pass=2 test=get # table all conflicts 0 slots 0 top32 0
a11slots point=off pass=2 test=get # table nofp conflicts 0 slots 0 top32 0
a11 point=1024 pass=2 test=set requests=200000 rps=143678.17 hook_calls=408732 syscalls_in_kernel=399701 fragment_entries=608173 fpsimd_entries=200001 fpsimd_restores=0 chains=200001 chain_cap=0 exit_svc=399702 exit_bl=437 exit_blr=29 exit_br=200001 exit_ret=271 exit_mem=7 exit_unsupported=7726 exit_budget=0 run_declined=23 ibtc_insert=0 ibtc_replace=0 ibtc_clear=0 ibtc_fpsimd_boundary=200001 ibtc_miss_cold=686 ibtc_miss_conflict=51 ibtc_miss_other=0 fpsimd_run_max_ns=204500 miss_residual=0
a11slots point=1024 pass=2 test=set # table all conflicts 0 slots 0 top32 0
a11slots point=1024 pass=2 test=set # table nofp conflicts 51 slots 1 top32 51
a11slots point=1024 pass=2 test=set nofp 1345 51 0xaaaae6081504 0xaaaae6089504
a11 point=1024 pass=2 test=get requests=200000 rps=160000.00 hook_calls=408819 syscalls_in_kernel=399737 fragment_entries=608265 fpsimd_entries=200000 fpsimd_restores=0 chains=200000 chain_cap=0 exit_svc=399738 exit_bl=372 exit_blr=24 exit_br=200001 exit_ret=270 exit_mem=10 exit_unsupported=7850 exit_budget=0 run_declined=20 ibtc_insert=0 ibtc_replace=0 ibtc_clear=0 ibtc_fpsimd_boundary=200000 ibtc_miss_cold=616 ibtc_miss_conflict=51 ibtc_miss_other=0 fpsimd_run_max_ns=204500 miss_residual=0
a11slots point=1024 pass=2 test=get # table all conflicts 0 slots 0 top32 0
a11slots point=1024 pass=2 test=get # table nofp conflicts 51 slots 1 top32 51
a11slots point=1024 pass=2 test=get nofp 1345 51 0xaaaae6081504 0xaaaae6089504
a11 point=off pass=3 test=set requests=200000 rps=223713.64 hook_calls=0 syscalls_in_kernel=0 fragment_entries=0 fpsimd_entries=0 fpsimd_restores=0 chains=0 chain_cap=0 exit_svc=0 exit_bl=0 exit_blr=0 exit_br=0 exit_ret=0 exit_mem=0 exit_unsupported=0 exit_budget=0 run_declined=0 ibtc_insert=0 ibtc_replace=0 ibtc_clear=0 ibtc_fpsimd_boundary=0 ibtc_miss_cold=0 ibtc_miss_conflict=0 ibtc_miss_other=0 fpsimd_run_max_ns=204500 miss_residual=0
a11slots point=off pass=3 test=set # table all conflicts 0 slots 0 top32 0
a11slots point=off pass=3 test=set # table nofp conflicts 0 slots 0 top32 0
a11 point=off pass=3 test=get requests=200000 rps=237247.92 hook_calls=0 syscalls_in_kernel=0 fragment_entries=0 fpsimd_entries=0 fpsimd_restores=0 chains=0 chain_cap=0 exit_svc=0 exit_bl=0 exit_blr=0 exit_br=0 exit_ret=0 exit_mem=0 exit_unsupported=0 exit_budget=0 run_declined=0 ibtc_insert=0 ibtc_replace=0 ibtc_clear=0 ibtc_fpsimd_boundary=0 ibtc_miss_cold=0 ibtc_miss_conflict=0 ibtc_miss_other=0 fpsimd_run_max_ns=204500 miss_residual=0
a11slots point=off pass=3 test=get # table all conflicts 0 slots 0 top32 0
a11slots point=off pass=3 test=get # table nofp conflicts 0 slots 0 top32 0
a11 point=1024 pass=3 test=set requests=200000 rps=144508.67 hook_calls=408722 syscalls_in_kernel=399636 fragment_entries=608163 fpsimd_entries=200001 fpsimd_restores=0 chains=200001 chain_cap=0 exit_svc=399636 exit_bl=508 exit_blr=28 exit_br=200001 exit_ret=271 exit_mem=3 exit_unsupported=7716 exit_budget=0 run_declined=23 ibtc_insert=0 ibtc_replace=0 ibtc_clear=0 ibtc_fpsimd_boundary=200001 ibtc_miss_cold=756 ibtc_miss_conflict=51 ibtc_miss_other=0 fpsimd_run_max_ns=204500 miss_residual=0
a11slots point=1024 pass=3 test=set # table all conflicts 0 slots 0 top32 0
a11slots point=1024 pass=3 test=set # table nofp conflicts 51 slots 1 top32 51
a11slots point=1024 pass=3 test=set nofp 1345 51 0xaaaae6081504 0xaaaae6089504
a11 point=1024 pass=3 test=get requests=200000 rps=160901.05 hook_calls=408818 syscalls_in_kernel=399746 fragment_entries=608261 fpsimd_entries=200000 fpsimd_restores=0 chains=200000 chain_cap=0 exit_svc=399747 exit_bl=378 exit_blr=30 exit_br=200001 exit_ret=268 exit_mem=0 exit_unsupported=7837 exit_budget=0 run_declined=26 ibtc_insert=0 ibtc_replace=0 ibtc_clear=0 ibtc_fpsimd_boundary=200000 ibtc_miss_cold=626 ibtc_miss_conflict=51 ibtc_miss_other=0 fpsimd_run_max_ns=204500 miss_residual=0
a11slots point=1024 pass=3 test=get # table all conflicts 0 slots 0 top32 0
a11slots point=1024 pass=3 test=get # table nofp conflicts 51 slots 1 top32 51
a11slots point=1024 pass=3 test=get nofp 1345 51 0xaaaae6081504 0xaaaae6089504
a11maps-end aaaae6010000-aaaae6260000 r-xp 00000000 00:03 4263                       /opt/redis/src/redis-server
a11maps-end aaaae6269000-aaaae6270000 r--p 00259000 00:03 4263                       /opt/redis/src/redis-server
a11maps-end aaaae6270000-aaaae62c9000 rw-p 00260000 00:03 4263                       /opt/redis/src/redis-server
a11maps-end aaaae62c9000-aaaae64fc000 rw-p 00000000 00:00 0 
a11maps-end aaab1815a000-aaab1817b000 rw-p 00000000 00:00 0                          [heap]
a11maps-end ffff7cd40000-ffff7cfc0000 rw-p 00000000 00:00 0 
a11maps-end ffff7cfc0000-ffff7cfd0000 ---p 00000000 00:00 0 
a11maps-end ffff7cfd0000-ffff7d7d0000 rw-p 00000000 00:00 0 
a11maps-end ffff7d7d0000-ffff7d7e0000 ---p 00000000 00:00 0 
a11maps-end ffff7d7e0000-ffff7dfe0000 rw-p 00000000 00:00 0 
a11maps-end ffff7dfe0000-ffff7dff0000 ---p 00000000 00:00 0 
a11maps-end ffff7dff0000-ffff7e7f0000 rw-p 00000000 00:00 0 
a11maps-end ffff7e7f0000-ffff7e800000 ---p 00000000 00:00 0 
a11maps-end ffff7e800000-ffff7f000000 rw-p 00000000 00:00 0 
a11maps-end ffff7f000000-ffff7f800000 rw-p 00000000 00:00 0 
a11maps-end ffff7f830000-ffff7f9bc000 r-xp 00000000 00:03 816                        /usr/lib/aarch64-linux-gnu/libc.so.6
a11maps-end ffff7f9bc000-ffff7f9cc000 ---p 0018c000 00:03 816                        /usr/lib/aarch64-linux-gnu/libc.so.6
a11maps-end ffff7f9cc000-ffff7f9d0000 r--p 0018c000 00:03 816                        /usr/lib/aarch64-linux-gnu/libc.so.6
a11maps-end ffff7f9d0000-ffff7f9d2000 rw-p 00190000 00:03 816                        /usr/lib/aarch64-linux-gnu/libc.so.6
a11maps-end ffff7f9d2000-ffff7f9df000 rw-p 00000000 00:00 0 
a11maps-end ffff7f9e0000-ffff7fa62000 r-xp 00000000 00:03 863                        /usr/lib/aarch64-linux-gnu/libm.so.6
a11maps-end ffff7fa62000-ffff7fa7f000 ---p 00082000 00:03 863                        /usr/lib/aarch64-linux-gnu/libm.so.6
a11maps-end ffff7fa7f000-ffff7fa80000 r--p 0008f000 00:03 863                        /usr/lib/aarch64-linux-gnu/libm.so.6
a11maps-end ffff7fa80000-ffff7fa81000 rw-p 00090000 00:03 863                        /usr/lib/aarch64-linux-gnu/libm.so.6
a11maps-end ffff7fa8a000-ffff7fab1000 r-xp 00000000 00:03 796                        /usr/lib/aarch64-linux-gnu/ld-linux-aarch64.so.1
a11maps-end ffff7fabb000-ffff7fabf000 rw-p 00000000 00:00 0 
a11maps-end ffff7fac1000-ffff7fac3000 rw-p 00000000 00:00 0 
a11maps-end ffff7fac3000-ffff7fac7000 r--p 00000000 00:00 0                          [vvar]
a11maps-end ffff7fac7000-ffff7fac8000 r-xp 00000000 00:00 0                          [vdso]
a11maps-end ffff7fac8000-ffff7faca000 r--p 0002e000 00:03 796                        /usr/lib/aarch64-linux-gnu/ld-linux-aarch64.so.1
a11maps-end ffff7faca000-ffff7facc000 rw-p 00030000 00:03 796                        /usr/lib/aarch64-linux-gnu/ld-linux-aarch64.so.1
a11maps-end fffffae54000-fffffae75000 rw-p 00000000 00:00 0                          [stack]
a11: done
[   35.088458] kjit: 0 of 295 translation requests still queued at unload (freed by the kernel)
[   35.120624] rust_kjit: ######## Rust KJIT exits ########
kjit-init: rmmod kjit ok
kjit-init: run exit=0
[   35.139398] reboot: Power down
