[    0.000000] Booting Linux on physical CPU 0x0000000000 [0x610f0000]
[    0.000000] Linux version 7.1.0-rc1 (@6906d107117b) (Ubuntu clang version 18.1.3 (1ubuntu1), Ubuntu LLD 18.1.3) #1 SMP PREEMPT Fri Oct  2 08:37:58 UTC 2026
[    0.000000] random: crng init done
[    0.000000] Machine model: linux,dummy-virt
[    0.000000] OF: reserved mem: Reserved memory: No reserved-memory node in the DT
[    0.000000] psci: probing for conduit method from DT.
[    0.000000] psci: PSCIv1.1 detected in firmware.
[    0.000000] psci: Using standard PSCI v0.2 function IDs
[    0.000000] psci: Trusted OS migration not required
[    0.000000] psci: SMC Calling Convention v1.0
[    0.000000] Zone ranges:
[    0.000000]   Normal   [mem 0x0000000040000000-0x000000013fffffff]
[    0.000000] Movable zone start for each node
[    0.000000] Early memory node ranges
[    0.000000]   node   0: [mem 0x0000000040000000-0x000000013fffffff]
[    0.000000] Initmem setup node 0 [mem 0x0000000040000000-0x000000013fffffff]
[    0.000000] percpu: Embedded 19 pages/cpu s38488 r8192 d31144 u77824
[    0.000000] Detected PIPT I-cache on CPU0
[    0.000000] CPU features: detected: Address authentication (IMP DEF algorithm)
[    0.000000] CPU features: detected: Spectre-v4
[    0.000000] CPU features: detected: Spectre-BHB
[    0.000000] alternatives: applying boot alternatives
[    0.000000] Kernel command line: console=ttyAMA0 panic=-1 nokaslr
[    0.000000] Unknown kernel command line parameters "nokaslr", will be passed to user space.
[    0.000000] printk: log buffer data + meta data: 131072 + 458752 = 589824 bytes
[    0.000000] Dentry cache hash table entries: 524288 (order: 10, 4194304 bytes, linear)
[    0.000000] Inode-cache hash table entries: 262144 (order: 9, 2097152 bytes, linear)
[    0.000000] software IO TLB: SWIOTLB bounce buffer size adjusted to 4MB
[    0.000000] software IO TLB: area num 4.
[    0.000000] software IO TLB: mapped [mem 0x000000013ac00000-0x000000013b000000] (4MB)
[    0.000000] Built 1 zonelists, mobility grouping on.  Total pages: 1048576
[    0.000000] mem auto-init: stack:all(zero), heap alloc:off, heap free:off
[    0.000000] SLUB: HWalign=64, Order=0-3, MinObjects=0, CPUs=4, Nodes=1
[    0.000000] rcu: Preemptible hierarchical RCU implementation.
[    0.000000] rcu: 	RCU restricting CPUs from NR_CPUS=512 to nr_cpu_ids=4.
[    0.000000] rcu: RCU calculated value of scheduler-enlistment delay is 25 jiffies.
[    0.000000] rcu: Adjusting geometry for rcu_fanout_leaf=16, nr_cpu_ids=4
[    0.000000] NR_IRQS: 64, nr_irqs: 64, preallocated irqs: 0
[    0.000000] Root IRQ handler: gic_handle_irq
[    0.000000] GICv2m: range[mem 0x08020000-0x08020fff], SPI[80:143]
[    0.000000] rcu: srcu_init: Setting srcu_struct sizes based on contention.
[    0.000000] arch_timer: cp15 timer running at 24.00MHz (virt).
[    0.000000] clocksource: arch_sys_counter: mask: 0xffffffffffffff max_cycles: 0x588fe9dc0, max_idle_ns: 440795202592 ns
[    0.000000] sched_clock: 56 bits at 24MHz, resolution 41ns, wraps every 4398046511097ns
[    0.000111] Console: colour dummy device 80x25
[    0.000119] Calibrating delay loop (skipped), value calculated using timer frequency.. 48.00 BogoMIPS (lpj=96000)
[    0.000123] pid_max: default: 32768 minimum: 301
[    0.000256] Mount-cache hash table entries: 8192 (order: 4, 65536 bytes, linear)
[    0.000270] Mountpoint-cache hash table entries: 8192 (order: 4, 65536 bytes, linear)
[    0.000350] VFS: Finished mounting rootfs on nullfs
[    0.000494] cacheinfo: Unable to detect cache hierarchy for CPU 0
[    0.000601] rcu: Hierarchical SRCU implementation.
[    0.000601] rcu: 	Max phase no-delay instances is 1000.
[    0.000619] Timer migration: 1 hierarchy levels; 8 children per group; 1 crossnode level
[    0.000652] smp: Bringing up secondary CPUs ...
[    0.000872] Detected PIPT I-cache on CPU1
[    0.000986] CPU1: Booted secondary processor 0x0000000001 [0x610f0000]
[    0.001325] Detected PIPT I-cache on CPU2
[    0.001424] CPU2: Booted secondary processor 0x0000000002 [0x610f0000]
[    0.001716] Detected PIPT I-cache on CPU3
[    0.001823] CPU3: Booted secondary processor 0x0000000003 [0x610f0000]
[    0.001900] smp: Brought up 1 node, 4 CPUs
[    0.001901] SMP: Total of 4 processors activated.
[    0.001901] CPU: All CPU(s) started at EL1
[    0.001902] CPU features: detected: ARMv8.4 Translation Table Level
[    0.001903] CPU features: detected: Data cache clean to the PoU not required for I/D coherence
[    0.001903] CPU features: detected: CRC32 instructions
[    0.001904] CPU features: detected: Data independent timing control (DIT)
[    0.001904] CPU features: detected: E0PD
[    0.001905] CPU features: detected: Generic authentication (IMP DEF algorithm)
[    0.001905] CPU features: detected: RCpc load-acquire (LDAPR)
[    0.001906] CPU features: detected: LSE atomic instructions
[    0.001906] CPU features: detected: Privileged Access Never
[    0.001906] CPU features: detected: Speculation barrier (SB)
[    0.001906] CPU features: detected: TLB range maintenance instructions
[    0.001907] CPU features: detected: XNX
[    0.002007] alternatives: applying system-wide alternatives
[    0.003019] Memory: 3934216K/4194304K available (5248K kernel code, 754K rwdata, 2356K rodata, 576K init, 405K bss, 256908K reserved, 0K cma-reserved)
[    0.003369] devtmpfs: initialized
[    0.003643] clocksource: jiffies: mask: 0xffffffff max_cycles: 0xffffffff, max_idle_ns: 7645041785100000 ns
[    0.003647] posixtimers hash table entries: 2048 (order: 3, 32768 bytes, linear)
[    0.003665] futex hash table entries: 1024 (65536 bytes on 1 NUMA nodes, total 64 KiB, linear).
[    0.003672] 30384 pages in range for non-PLT usage
[    0.003672] 521904 pages in range for PLT usage
[    0.003746] NET: Registered PF_NETLINK/PF_ROUTE protocol family
[    0.004128] DMA: preallocated 512 KiB GFP_KERNEL pool for atomic allocations
[    0.004178] ASID allocator initialised with 256 entries
[    0.004185] Serial: AMBA PL011 UART driver
[    0.004585] 9000000.pl011: ttyAMA0 at MMIO 0x9000000 (irq = 13, base_baud = 0) is a PL011 rev1
[    0.004739] printk: console [ttyAMA0] enabled
[    0.010541] vgaarb: loaded
[    0.010633] clocksource: Switched to clocksource arch_sys_counter
[    0.021271] NET: Registered PF_INET protocol family
[    0.021353] IP idents hash table entries: 65536 (order: 7, 524288 bytes, linear)
[    0.021824] tcp_listen_portaddr_hash hash table entries: 2048 (order: 3, 32768 bytes, linear)
[    0.021835] Table-perturb hash table entries: 65536 (order: 6, 262144 bytes, linear)
[    0.021838] TCP established hash table entries: 32768 (order: 6, 262144 bytes, linear)
[    0.021892] TCP bind hash table entries: 32768 (order: 8, 1048576 bytes, linear)
[    0.022051] TCP: Hash tables configured (established 32768 bind 32768)
[    0.022083] UDP hash table entries: 2048 (order: 5, 131072 bytes, linear)
[    0.022118] NET: Registered PF_UNIX/PF_LOCAL protocol family
[    0.022149] PCI: CLS 0 bytes, default 64
[    0.022382] Unpacking initramfs...
[    0.027317] workingset: timestamp_bits=46 (anon: 42) max_order=20 bucket_order=0 (anon: 0)
[    0.027486] 9p: Installing v9fs 9p2000 file system support
[    0.030971] pci-host-generic 4010000000.pcie: host bridge /pcie@10000000 ranges:
[    0.030979] pci-host-generic 4010000000.pcie:       IO 0x003eff0000..0x003effffff -> 0x0000000000
[    0.030981] pci-host-generic 4010000000.pcie:      MEM 0x0010000000..0x003efeffff -> 0x0010000000
[    0.030982] pci-host-generic 4010000000.pcie:      MEM 0x8000000000..0xffffffffff -> 0x8000000000
[    0.030989] pci-host-generic 4010000000.pcie: Memory resource size exceeds max for 32 bits
[    0.031006] pci-host-generic 4010000000.pcie: ECAM at [mem 0x4010000000-0x401fffffff] for [bus 00-ff]
[    0.031026] pci-host-generic 4010000000.pcie: PCI host bridge to bus 0000:00
[    0.031027] pci_bus 0000:00: root bus resource [bus 00-ff]
[    0.031028] pci_bus 0000:00: root bus resource [io  0x0000-0xffff]
[    0.031030] pci_bus 0000:00: root bus resource [mem 0x10000000-0x3efeffff]
[    0.031030] pci_bus 0000:00: root bus resource [mem 0x8000000000-0xffffffffff]
[    0.031077] pci 0000:00:00.0: [1b36:0008] type 00 class 0x060000 conventional PCI endpoint
[    0.031417] pci 0000:00:01.0: [1af4:1000] type 00 class 0x020000 conventional PCI endpoint
[    0.031600] pci 0000:00:01.0: BAR 0 [io  0x0000-0x001f]
[    0.031605] pci 0000:00:01.0: BAR 1 [mem 0x00000000-0x00000fff]
[    0.031615] pci 0000:00:01.0: BAR 4 [mem 0x00000000-0x00003fff 64bit pref]
[    0.031617] pci 0000:00:01.0: ROM [mem 0x00000000-0x0003ffff pref]
[    0.031842] pci 0000:00:02.0: [1af4:1009] type 00 class 0x000200 conventional PCI endpoint
[    0.032117] pci 0000:00:02.0: BAR 0 [io  0x0000-0x003f]
[    0.032135] pci 0000:00:02.0: BAR 1 [mem 0x00000000-0x00000fff]
[    0.032150] pci 0000:00:02.0: BAR 4 [mem 0x00000000-0x00003fff 64bit pref]
[    0.032456] pci 0000:00:03.0: [1af4:1005] type 00 class 0x00ff00 conventional PCI endpoint
[    0.032686] pci 0000:00:03.0: BAR 0 [io  0x0000-0x001f]
[    0.032689] pci 0000:00:03.0: BAR 1 [mem 0x00000000-0x00000fff]
[    0.032730] pci 0000:00:03.0: BAR 4 [mem 0x00000000-0x00003fff 64bit pref]
[    0.033256] pci 0000:00:01.0: ROM [mem 0x10000000-0x1003ffff pref]: assigned
[    0.033258] pci 0000:00:01.0: BAR 4 [mem 0x8000000000-0x8000003fff 64bit pref]: assigned
[    0.033294] pci 0000:00:02.0: BAR 4 [mem 0x8000004000-0x8000007fff 64bit pref]: assigned
[    0.033326] pci 0000:00:03.0: BAR 4 [mem 0x8000008000-0x800000bfff 64bit pref]: assigned
[    0.033357] pci 0000:00:01.0: BAR 1 [mem 0x10040000-0x10040fff]: assigned
[    0.033363] pci 0000:00:02.0: BAR 1 [mem 0x10041000-0x10041fff]: assigned
[    0.033368] pci 0000:00:03.0: BAR 1 [mem 0x10042000-0x10042fff]: assigned
[    0.033373] pci 0000:00:02.0: BAR 0 [io  0x1000-0x103f]: assigned
[    0.033377] pci 0000:00:01.0: BAR 0 [io  0x1040-0x105f]: assigned
[    0.033396] pci 0000:00:03.0: BAR 0 [io  0x1060-0x107f]: assigned
[    0.033402] pci_bus 0000:00: resource 4 [io  0x0000-0xffff]
[    0.033403] pci_bus 0000:00: resource 5 [mem 0x10000000-0x3efeffff]
[    0.033404] pci_bus 0000:00: resource 6 [mem 0x8000000000-0xffffffffff]
[    0.034481] virtio-pci 0000:00:01.0: enabling device (0000 -> 0003)
[    0.035531] virtio-pci 0000:00:02.0: enabling device (0000 -> 0003)
[    0.036389] virtio-pci 0000:00:03.0: enabling device (0000 -> 0003)
[    0.047677] rtc-pl031 9010000.pl031: registered as rtc0
[    0.047694] rtc-pl031 9010000.pl031: setting system clock to 2026-10-08T19:10:26 UTC (1791486626)
[    0.047843] NET: Registered PF_INET6 protocol family
[    0.048350] Segment Routing with IPv6
[    0.048354] In-situ OAM (IOAM) with IPv6
[    0.048362] sit: IPv6, IPv4 and MPLS over IPv4 tunneling driver
[    0.048421] NET: Registered PF_PACKET protocol family
[    0.048427] 9pnet: Installing 9P2000 support
[    0.053379] clk: Disabling unused clocks
[    0.112293] Freeing initrd memory: 161888K
[    0.112784] Freeing unused kernel memory: 576K
[    0.112836] Run /init as init process
[    0.126840] kjit: loading out-of-tree module taints kernel.
[    0.127845] rust_kjit: ######## Rust KJIT inits ########
[    0.127868] rust_kjit: kjit: dispatch variant 5
[    0.127919] rust_kjit: golden tests/arm64/toy_cfg.s:hot_svc_mark translated for dispatch variant 5; byte comparison skipped (reference is variant 0)
kjit-init: insmod kjit.ko ok
meas: variant=5
rep 0 variant=gpr enabled=0 outer=200000 calls=16 ns_per_outer=140.3 ns_per_call=8.77
rep 1 variant=gpr enabled=0 outer=200000 calls=16 ns_per_outer=142.4 ns_per_call=8.90
rep 2 variant=gpr enabled=0 outer=200000 calls=16 ns_per_outer=141.5 ns_per_call=8.84
rep 3 variant=gpr enabled=0 outer=200000 calls=16 ns_per_outer=141.5 ns_per_call=8.84
rep 4 variant=gpr enabled=0 outer=200000 calls=16 ns_per_outer=143.3 ns_per_call=8.95
rep 5 variant=gpr enabled=0 outer=200000 calls=16 ns_per_outer=140.7 ns_per_call=8.79
rep 6 variant=gpr enabled=0 outer=200000 calls=16 ns_per_outer=141.9 ns_per_call=8.87
result variant=gpr enabled=0 outer=200000 calls=16 reps=7 median_ns_per_outer=141.5 median_ns_per_call=8.84 min_ns_per_call=8.77 acc=25600000
[    0.378470] kjit: translate_svc_sites pid 69: 2 text ranges, 111 svc sites
[    0.378964] rust_kjit: kjit: pc 0x400fe8: installed 532 bytes, 0 fault sites, 2 entries, text 0x400fe8..0x400ff0, fpsimd false
[    0.379463] rust_kjit: kjit: pc 0x400fcc: installed 1104 bytes, 1 fault sites, 11 entries, text 0x400fbc..0x400fe8, fpsimd false
rep 0 variant=gpr enabled=1 outer=20000 calls=16 ns_per_outer=149.8 ns_per_call=9.36
rep 1 variant=gpr enabled=1 outer=20000 calls=16 ns_per_outer=146.5 ns_per_call=9.15
rep 2 variant=gpr enabled=1 outer=20000 calls=16 ns_per_outer=148.7 ns_per_call=9.29
rep 3 variant=gpr enabled=1 outer=20000 calls=16 ns_per_outer=145.9 ns_per_call=9.12
rep 4 variant=gpr enabled=1 outer=20000 calls=16 ns_per_outer=146.9 ns_per_call=9.18
rep 5 variant=gpr enabled=1 outer=20000 calls=16 ns_per_outer=152.0 ns_per_call=9.50
rep 6 variant=gpr enabled=1 outer=20000 calls=16 ns_per_outer=146.6 ns_per_call=9.16
result variant=gpr enabled=1 outer=20000 calls=16 reps=7 median_ns_per_outer=146.9 median_ns_per_call=9.18 min_ns_per_call=9.12 acc=2560000
counters variant=gpr timed_outer=140000 hook_calls=140045 syscalls_in_kernel=139965 fragment_entries=140045 fpsimd_entries=1 fpsimd_restores=0 chains=0 chain_cap=0 exit_svc=139965 exit_bl=0 exit_blr=0 exit_br=0 exit_ret=80 exit_mem=0 exit_unsupported=0 exit_budget=0 run_declined=0
rep 0 variant=fp enabled=0 outer=200000 calls=16 ns_per_outer=175.6 ns_per_call=10.97
rep 1 variant=fp enabled=0 outer=200000 calls=16 ns_per_outer=173.3 ns_per_call=10.83
rep 2 variant=fp enabled=0 outer=200000 calls=16 ns_per_outer=175.3 ns_per_call=10.96
rep 3 variant=fp enabled=0 outer=200000 calls=16 ns_per_outer=174.0 ns_per_call=10.87
rep 4 variant=fp enabled=0 outer=200000 calls=16 ns_per_outer=174.5 ns_per_call=10.91
rep 5 variant=fp enabled=0 outer=200000 calls=16 ns_per_outer=176.7 ns_per_call=11.04
rep 6 variant=fp enabled=0 outer=200000 calls=16 ns_per_outer=176.2 ns_per_call=11.01
result variant=fp enabled=0 outer=200000 calls=16 reps=7 median_ns_per_outer=175.3 median_ns_per_call=10.96 min_ns_per_call=10.83 acc=25600000
[    0.719494] kjit: translate_svc_sites pid 72: 2 text ranges, 111 svc sites
[    0.719606] rust_kjit: kjit: pc 0x401028: installed 540 bytes, 0 fault sites, 4 entries, text 0x401028..0x401038, fpsimd true
[    0.719951] rust_kjit: kjit: pc 0x40100c: installed 1104 bytes, 1 fault sites, 11 entries, text 0x400ffc..0x401028, fpsimd false
rep 0 variant=fp enabled=1 outer=20000 calls=16 ns_per_outer=216.1 ns_per_call=13.51
rep 1 variant=fp enabled=1 outer=20000 calls=16 ns_per_outer=216.3 ns_per_call=13.52
rep 2 variant=fp enabled=1 outer=20000 calls=16 ns_per_outer=213.0 ns_per_call=13.31
rep 3 variant=fp enabled=1 outer=20000 calls=16 ns_per_outer=217.0 ns_per_call=13.57
rep 4 variant=fp enabled=1 outer=20000 calls=16 ns_per_outer=211.7 ns_per_call=13.23
rep 5 variant=fp enabled=1 outer=20000 calls=16 ns_per_outer=225.3 ns_per_call=14.08
rep 6 variant=fp enabled=1 outer=20000 calls=16 ns_per_outer=213.9 ns_per_call=13.37
result variant=fp enabled=1 outer=20000 calls=16 reps=7 median_ns_per_outer=216.1 median_ns_per_call=13.51 min_ns_per_call=13.23 acc=2560000
counters variant=fp timed_outer=140000 hook_calls=140045 syscalls_in_kernel=139965 fragment_entries=280017 fpsimd_entries=139973 fpsimd_restores=0 chains=139972 chain_cap=0 exit_svc=139965 exit_bl=139972 exit_blr=0 exit_br=0 exit_ret=80 exit_mem=0 exit_unsupported=0 exit_budget=0 run_declined=0
rep 0 variant=gpr enabled=0 outer=200000 calls=128 ns_per_outer=257.0 ns_per_call=2.01
rep 1 variant=gpr enabled=0 outer=200000 calls=128 ns_per_outer=254.0 ns_per_call=1.98
rep 2 variant=gpr enabled=0 outer=200000 calls=128 ns_per_outer=255.6 ns_per_call=2.00
rep 3 variant=gpr enabled=0 outer=200000 calls=128 ns_per_outer=254.0 ns_per_call=1.98
rep 4 variant=gpr enabled=0 outer=200000 calls=128 ns_per_outer=253.5 ns_per_call=1.98
rep 5 variant=gpr enabled=0 outer=200000 calls=128 ns_per_outer=253.2 ns_per_call=1.98
rep 6 variant=gpr enabled=0 outer=200000 calls=128 ns_per_outer=252.4 ns_per_call=1.97
result variant=gpr enabled=0 outer=200000 calls=128 reps=7 median_ns_per_outer=254.0 median_ns_per_call=1.98 min_ns_per_call=1.97 acc=204800000
[    1.199207] kjit: translate_svc_sites pid 75: 2 text ranges, 111 svc sites
[    1.199596] rust_kjit: kjit: pc 0x400fe8: installed 532 bytes, 0 fault sites, 2 entries, text 0x400fe8..0x400ff0, fpsimd false
[    1.200142] rust_kjit: kjit: pc 0x400fcc: installed 1104 bytes, 1 fault sites, 11 entries, text 0x400fbc..0x400fe8, fpsimd false
rep 0 variant=gpr enabled=1 outer=20000 calls=128 ns_per_outer=855.8 ns_per_call=6.69
rep 1 variant=gpr enabled=1 outer=20000 calls=128 ns_per_outer=856.0 ns_per_call=6.69
rep 2 variant=gpr enabled=1 outer=20000 calls=128 ns_per_outer=853.3 ns_per_call=6.67
rep 3 variant=gpr enabled=1 outer=20000 calls=128 ns_per_outer=855.6 ns_per_call=6.68
rep 4 variant=gpr enabled=1 outer=20000 calls=128 ns_per_outer=840.0 ns_per_call=6.56
rep 5 variant=gpr enabled=1 outer=20000 calls=128 ns_per_outer=842.0 ns_per_call=6.58
rep 6 variant=gpr enabled=1 outer=20000 calls=128 ns_per_outer=839.8 ns_per_call=6.56
result variant=gpr enabled=1 outer=20000 calls=128 reps=7 median_ns_per_outer=853.3 median_ns_per_call=6.67 min_ns_per_call=6.56 acc=20480000
counters variant=gpr timed_outer=140000 hook_calls=140045 syscalls_in_kernel=139965 fragment_entries=140045 fpsimd_entries=1 fpsimd_restores=0 chains=0 chain_cap=0 exit_svc=139965 exit_bl=0 exit_blr=0 exit_br=0 exit_ret=80 exit_mem=0 exit_unsupported=0 exit_budget=0 run_declined=0
rep 0 variant=fp enabled=0 outer=200000 calls=128 ns_per_outer=538.1 ns_per_call=4.20
rep 1 variant=fp enabled=0 outer=200000 calls=128 ns_per_outer=538.6 ns_per_call=4.21
rep 2 variant=fp enabled=0 outer=200000 calls=128 ns_per_outer=533.3 ns_per_call=4.17
rep 3 variant=fp enabled=0 outer=200000 calls=128 ns_per_outer=536.3 ns_per_call=4.19
rep 4 variant=fp enabled=0 outer=200000 calls=128 ns_per_outer=534.1 ns_per_call=4.17
rep 5 variant=fp enabled=0 outer=200000 calls=128 ns_per_outer=534.9 ns_per_call=4.18
rep 6 variant=fp enabled=0 outer=200000 calls=128 ns_per_outer=534.6 ns_per_call=4.18
result variant=fp enabled=0 outer=200000 calls=128 reps=7 median_ns_per_outer=534.9 median_ns_per_call=4.18 min_ns_per_call=4.17 acc=204800000
[    2.235559] kjit: translate_svc_sites pid 77: 2 text ranges, 111 svc sites
[    2.235926] rust_kjit: kjit: pc 0x401028: installed 540 bytes, 0 fault sites, 4 entries, text 0x401028..0x401038, fpsimd true
[    2.236466] rust_kjit: kjit: pc 0x40100c: installed 1104 bytes, 1 fault sites, 11 entries, text 0x400ffc..0x401028, fpsimd false
rep 0 variant=fp enabled=1 outer=20000 calls=128 ns_per_outer=933.5 ns_per_call=7.29
rep 1 variant=fp enabled=1 outer=20000 calls=128 ns_per_outer=942.1 ns_per_call=7.36
rep 2 variant=fp enabled=1 outer=20000 calls=128 ns_per_outer=984.0 ns_per_call=7.69
rep 3 variant=fp enabled=1 outer=20000 calls=128 ns_per_outer=1162.2 ns_per_call=9.08
rep 4 variant=fp enabled=1 outer=20000 calls=128 ns_per_outer=1075.4 ns_per_call=8.40
rep 5 variant=fp enabled=1 outer=20000 calls=128 ns_per_outer=1000.4 ns_per_call=7.82
rep 6 variant=fp enabled=1 outer=20000 calls=128 ns_per_outer=1296.5 ns_per_call=10.13
result variant=fp enabled=1 outer=20000 calls=128 reps=7 median_ns_per_outer=1000.4 median_ns_per_call=7.82 min_ns_per_call=7.29 acc=20480000
counters variant=fp timed_outer=140000 hook_calls=140045 syscalls_in_kernel=139965 fragment_entries=280017 fpsimd_entries=139973 fpsimd_restores=0 chains=139972 chain_cap=0 exit_svc=139965 exit_bl=139972 exit_blr=0 exit_br=0 exit_ret=80 exit_mem=0 exit_unsupported=0 exit_budget=0 run_declined=0
rep 0 variant=gpr enabled=0 outer=200000 calls=256 ns_per_outer=511.7 ns_per_call=2.00
rep 1 variant=gpr enabled=0 outer=200000 calls=256 ns_per_outer=713.3 ns_per_call=2.79
rep 2 variant=gpr enabled=0 outer=200000 calls=256 ns_per_outer=684.8 ns_per_call=2.68
rep 3 variant=gpr enabled=0 outer=200000 calls=256 ns_per_outer=787.4 ns_per_call=3.08
rep 4 variant=gpr enabled=0 outer=200000 calls=256 ns_per_outer=793.7 ns_per_call=3.10
rep 5 variant=gpr enabled=0 outer=200000 calls=256 ns_per_outer=393.3 ns_per_call=1.54
rep 6 variant=gpr enabled=0 outer=200000 calls=256 ns_per_outer=390.7 ns_per_call=1.53
result variant=gpr enabled=0 outer=200000 calls=256 reps=7 median_ns_per_outer=684.8 median_ns_per_call=2.68 min_ns_per_call=1.53 acc=409600000
[    3.436019] kjit: translate_svc_sites pid 79: 2 text ranges, 111 svc sites
[    3.436444] rust_kjit: kjit: pc 0x400fe8: installed 532 bytes, 0 fault sites, 2 entries, text 0x400fe8..0x400ff0, fpsimd false
[    3.436607] rust_kjit: kjit: pc 0x400fcc: installed 1104 bytes, 1 fault sites, 11 entries, text 0x400fbc..0x400fe8, fpsimd false
rep 0 variant=gpr enabled=1 outer=20000 calls=256 ns_per_outer=1715.1 ns_per_call=6.70
rep 1 variant=gpr enabled=1 outer=20000 calls=256 ns_per_outer=1673.1 ns_per_call=6.54
rep 2 variant=gpr enabled=1 outer=20000 calls=256 ns_per_outer=1646.8 ns_per_call=6.43
rep 3 variant=gpr enabled=1 outer=20000 calls=256 ns_per_outer=1666.1 ns_per_call=6.51
rep 4 variant=gpr enabled=1 outer=20000 calls=256 ns_per_outer=1654.2 ns_per_call=6.46
rep 5 variant=gpr enabled=1 outer=20000 calls=256 ns_per_outer=1654.2 ns_per_call=6.46
rep 6 variant=gpr enabled=1 outer=20000 calls=256 ns_per_outer=1675.6 ns_per_call=6.55
result variant=gpr enabled=1 outer=20000 calls=256 reps=7 median_ns_per_outer=1666.1 median_ns_per_call=6.51 min_ns_per_call=6.43 acc=40960000
counters variant=gpr timed_outer=140000 hook_calls=140045 syscalls_in_kernel=139965 fragment_entries=140045 fpsimd_entries=1 fpsimd_restores=0 chains=0 chain_cap=0 exit_svc=139965 exit_bl=0 exit_blr=0 exit_br=0 exit_ret=80 exit_mem=0 exit_unsupported=0 exit_budget=0 run_declined=0
rep 0 variant=fp enabled=0 outer=200000 calls=256 ns_per_outer=962.2 ns_per_call=3.76
rep 1 variant=fp enabled=0 outer=200000 calls=256 ns_per_outer=976.3 ns_per_call=3.81
rep 2 variant=fp enabled=0 outer=200000 calls=256 ns_per_outer=1005.3 ns_per_call=3.93
rep 3 variant=fp enabled=0 outer=200000 calls=256 ns_per_outer=1038.0 ns_per_call=4.05
rep 4 variant=fp enabled=0 outer=200000 calls=256 ns_per_outer=1011.4 ns_per_call=3.95
rep 5 variant=fp enabled=0 outer=200000 calls=256 ns_per_outer=966.3 ns_per_call=3.77
rep 6 variant=fp enabled=0 outer=200000 calls=256 ns_per_outer=960.1 ns_per_call=3.75
result variant=fp enabled=0 outer=200000 calls=256 reps=7 median_ns_per_outer=976.3 median_ns_per_call=3.81 min_ns_per_call=3.75 acc=409600000
[    5.325831] kjit: translate_svc_sites pid 84: 2 text ranges, 111 svc sites
[    5.326562] rust_kjit: kjit: pc 0x401028: installed 540 bytes, 0 fault sites, 4 entries, text 0x401028..0x401038, fpsimd true
[    5.327188] rust_kjit: kjit: pc 0x40100c: installed 1104 bytes, 1 fault sites, 11 entries, text 0x400ffc..0x401028, fpsimd false
rep 0 variant=fp enabled=1 outer=20000 calls=256 ns_per_outer=1776.2 ns_per_call=6.94
rep 1 variant=fp enabled=1 outer=20000 calls=256 ns_per_outer=1843.4 ns_per_call=7.20
rep 2 variant=fp enabled=1 outer=20000 calls=256 ns_per_outer=1890.6 ns_per_call=7.39
rep 3 variant=fp enabled=1 outer=20000 calls=256 ns_per_outer=1790.0 ns_per_call=6.99
rep 4 variant=fp enabled=1 outer=20000 calls=256 ns_per_outer=1740.5 ns_per_call=6.80
rep 5 variant=fp enabled=1 outer=20000 calls=256 ns_per_outer=1727.1 ns_per_call=6.75
rep 6 variant=fp enabled=1 outer=20000 calls=256 ns_per_outer=1735.1 ns_per_call=6.78
result variant=fp enabled=1 outer=20000 calls=256 reps=7 median_ns_per_outer=1776.2 median_ns_per_call=6.94 min_ns_per_call=6.75 acc=40960000
counters variant=fp timed_outer=140000 hook_calls=140045 syscalls_in_kernel=139965 fragment_entries=280017 fpsimd_entries=139973 fpsimd_restores=0 chains=139972 chain_cap=0 exit_svc=139965 exit_bl=139972 exit_blr=0 exit_br=0 exit_ret=80 exit_mem=0 exit_unsupported=0 exit_budget=0 run_declined=0
a11: ibtc_variant=5
a11: warm-up at off
a11maps aaaaad0e0000-aaaaad330000 r-xp 00000000 00:03 4263                       /opt/redis/src/redis-server
a11maps aaaaad339000-aaaaad340000 r--p 00259000 00:03 4263                       /opt/redis/src/redis-server
a11maps aaaaad340000-aaaaad399000 rw-p 00260000 00:03 4263                       /opt/redis/src/redis-server
a11maps aaaaad399000-aaaaad5cc000 rw-p 00000000 00:00 0 
a11maps aaaabf381000-aaaabf3a2000 rw-p 00000000 00:00 0                          [heap]
a11maps ffffa3540000-ffffa37c0000 rw-p 00000000 00:00 0 
a11maps ffffa37c0000-ffffa37d0000 ---p 00000000 00:00 0 
a11maps ffffa37d0000-ffffa3fd0000 rw-p 00000000 00:00 0 
a11maps ffffa3fd0000-ffffa3fe0000 ---p 00000000 00:00 0 
a11maps ffffa3fe0000-ffffa47e0000 rw-p 00000000 00:00 0 
a11maps ffffa47e0000-ffffa47f0000 ---p 00000000 00:00 0 
a11maps ffffa47f0000-ffffa4ff0000 rw-p 00000000 00:00 0 
a11maps ffffa4ff0000-ffffa5000000 ---p 00000000 00:00 0 
a11maps ffffa5000000-ffffa5800000 rw-p 00000000 00:00 0 
a11maps ffffa5800000-ffffa6000000 rw-p 00000000 00:00 0 
a11maps ffffa6140000-ffffa62cc000 r-xp 00000000 00:03 816                        /usr/lib/aarch64-linux-gnu/libc.so.6
a11maps ffffa62cc000-ffffa62dc000 ---p 0018c000 00:03 816                        /usr/lib/aarch64-linux-gnu/libc.so.6
a11maps ffffa62dc000-ffffa62e0000 r--p 0018c000 00:03 816                        /usr/lib/aarch64-linux-gnu/libc.so.6
a11maps ffffa62e0000-ffffa62e2000 rw-p 00190000 00:03 816                        /usr/lib/aarch64-linux-gnu/libc.so.6
a11maps ffffa62e2000-ffffa62ef000 rw-p 00000000 00:00 0 
a11maps ffffa62f0000-ffffa6372000 r-xp 00000000 00:03 863                        /usr/lib/aarch64-linux-gnu/libm.so.6
a11maps ffffa6372000-ffffa638f000 ---p 00082000 00:03 863                        /usr/lib/aarch64-linux-gnu/libm.so.6
a11maps ffffa638f000-ffffa6390000 r--p 0008f000 00:03 863                        /usr/lib/aarch64-linux-gnu/libm.so.6
a11maps ffffa6390000-ffffa6391000 rw-p 00090000 00:03 863                        /usr/lib/aarch64-linux-gnu/libm.so.6
a11maps ffffa6395000-ffffa63bc000 r-xp 00000000 00:03 796                        /usr/lib/aarch64-linux-gnu/ld-linux-aarch64.so.1
a11maps ffffa63c6000-ffffa63ca000 rw-p 00000000 00:00 0 
a11maps ffffa63cc000-ffffa63ce000 rw-p 00000000 00:00 0 
a11maps ffffa63ce000-ffffa63d2000 r--p 00000000 00:00 0                          [vvar]
a11maps ffffa63d2000-ffffa63d3000 r-xp 00000000 00:00 0                          [vdso]
a11maps ffffa63d3000-ffffa63d5000 r--p 0002e000 00:03 796                        /usr/lib/aarch64-linux-gnu/ld-linux-aarch64.so.1
a11maps ffffa63d5000-ffffa63d7000 rw-p 00030000 00:03 796                        /usr/lib/aarch64-linux-gnu/ld-linux-aarch64.so.1
a11maps fffff1c8e000-fffff1caf000 rw-p 00000000 00:00 0                          [stack]
a11 point=off pass=1 test=set requests=200000 rps=212314.23 hook_calls=0 syscalls_in_kernel=0 fragment_entries=0 fpsimd_entries=0 fpsimd_restores=0 chains=0 chain_cap=0 exit_svc=0 exit_bl=0 exit_blr=0 exit_br=0 exit_ret=0 exit_mem=0 exit_unsupported=0 exit_budget=0 run_declined=0 ibtc_insert=0 ibtc_replace=0 ibtc_clear=0 ibtc_fpsimd_boundary=0 ibtc_miss_cold=0 ibtc_miss_conflict=0 ibtc_miss_other=0 fpsimd_run_max_ns=841500 miss_residual=0
a11slots point=off pass=1 test=set # table all conflicts 0 slots 0 top32 0
a11slots point=off pass=1 test=set # table nofp conflicts 0 slots 0 top32 0
a11 point=off pass=1 test=get requests=200000 rps=236406.61 hook_calls=0 syscalls_in_kernel=0 fragment_entries=0 fpsimd_entries=0 fpsimd_restores=0 chains=0 chain_cap=0 exit_svc=0 exit_bl=0 exit_blr=0 exit_br=0 exit_ret=0 exit_mem=0 exit_unsupported=0 exit_budget=0 run_declined=0 ibtc_insert=0 ibtc_replace=0 ibtc_clear=0 ibtc_fpsimd_boundary=0 ibtc_miss_cold=0 ibtc_miss_conflict=0 ibtc_miss_other=0 fpsimd_run_max_ns=841500 miss_residual=0
a11slots point=off pass=1 test=get # table all conflicts 0 slots 0 top32 0
a11slots point=off pass=1 test=get # table nofp conflicts 0 slots 0 top32 0
a11 point=1024 pass=1 test=set requests=200000 rps=127145.59 hook_calls=409256 syscalls_in_kernel=384433 fragment_entries=607657 fpsimd_entries=198943 fpsimd_restores=0 chains=199207 chain_cap=0 exit_svc=384433 exit_bl=7046 exit_blr=858 exit_br=199584 exit_ret=9956 exit_mem=0 exit_unsupported=5780 exit_budget=0 run_declined=12 ibtc_insert=572 ibtc_replace=35 ibtc_clear=0 ibtc_fpsimd_boundary=198935 ibtc_miss_cold=17404 ibtc_miss_conflict=1105 ibtc_miss_other=0 fpsimd_run_max_ns=841500 miss_residual=0
a11slots point=1024 pass=1 test=set # table all conflicts 1026 slots 16 top32 1026
a11slots point=1024 pass=1 test=set all 357 65 0xaaaaad1c8594 0xaaaaad154594
a11slots point=1024 pass=1 test=set all 2452 65 0xaaaaad21a650 0xaaaaad1de650
a11slots point=1024 pass=1 test=set all 257 64 0xaaaaad150404 0xaaaaad154404
a11slots point=1024 pass=1 test=set all 453 64 0xaaaaad17c714 0xaaaaad254714
a11slots point=1024 pass=1 test=set all 883 64 0xaaaaad14cdcc 0xaaaaad190dcc
a11slots point=1024 pass=1 test=set all 928 64 0xaaaaad178e80 0xaaaaad190e80
a11slots point=1024 pass=1 test=set all 1116 64 0xaaaaad159170 0xaaaaad165170
a11slots point=1024 pass=1 test=set all 1472 64 0xaaaaad159700 0xaaaaad16d700
a11slots point=1024 pass=1 test=set all 1616 64 0xaaaaad17d940 0xaaaaad179940
a11slots point=1024 pass=1 test=set all 1684 64 0xaaaaad17da50 0xaaaaad16da50
a11slots point=1024 pass=1 test=set all 1756 64 0xaaaaad165b70 0xaaaaad16db70
a11slots point=1024 pass=1 test=set all 1766 64 0xaaaaad24db98 0xaaaaad16db98
a11slots point=1024 pass=1 test=set all 1804 64 0xaaaaad16dc30 0xffffa621dc30
a11slots point=1024 pass=1 test=set all 1813 64 0xaaaaad24dc54 0xaaaaad17dc54
a11slots point=1024 pass=1 test=set all 2364 64 0xaaaaad24e4f0 0xaaaaad17e4f0
a11slots point=1024 pass=1 test=set all 3164 64 0xaaaaad15b170 0xaaaaad177170
a11slots point=1024 pass=1 test=set # table nofp conflicts 79 slots 15 top32 79
a11slots point=1024 pass=1 test=set nofp 236 65 0xaaaaad1503b0 0xaaaaad16c3b0
a11slots point=1024 pass=1 test=set nofp 257 1 0xaaaaad150404 0xaaaaad154404
a11slots point=1024 pass=1 test=set nofp 453 1 0xaaaaad17c714 0xaaaaad254714
a11slots point=1024 pass=1 test=set nofp 883 1 0xaaaaad14cdcc 0xaaaaad190dcc
a11slots point=1024 pass=1 test=set nofp 928 1 0xaaaaad178e80 0xaaaaad190e80
a11slots point=1024 pass=1 test=set nofp 1116 1 0xaaaaad159170 0xaaaaad165170
a11slots point=1024 pass=1 test=set nofp 1472 1 0xaaaaad159700 0xaaaaad16d700
a11slots point=1024 pass=1 test=set nofp 1616 1 0xaaaaad17d940 0xaaaaad179940
a11slots point=1024 pass=1 test=set nofp 1684 1 0xaaaaad17da50 0xaaaaad16da50
a11slots point=1024 pass=1 test=set nofp 1756 1 0xaaaaad165b70 0xaaaaad16db70
a11slots point=1024 pass=1 test=set nofp 1766 1 0xaaaaad24db98 0xaaaaad16db98
a11slots point=1024 pass=1 test=set nofp 1804 1 0xaaaaad16dc30 0xffffa621dc30
a11slots point=1024 pass=1 test=set nofp 1813 1 0xaaaaad24dc54 0xaaaaad17dc54
a11slots point=1024 pass=1 test=set nofp 2364 1 0xaaaaad24e4f0 0xaaaaad17e4f0
a11slots point=1024 pass=1 test=set nofp 3164 1 0xaaaaad15b170 0xaaaaad177170
a11 point=1024 pass=1 test=get requests=200000 rps=158102.77 hook_calls=408922 syscalls_in_kernel=398667 fragment_entries=608397 fpsimd_entries=200006 fpsimd_restores=0 chains=200021 chain_cap=0 exit_svc=398668 exit_bl=809 exit_blr=82 exit_br=200002 exit_ret=921 exit_mem=1 exit_unsupported=7914 exit_budget=0 run_declined=13 ibtc_insert=36 ibtc_replace=3 ibtc_clear=0 ibtc_fpsimd_boundary=200003 ibtc_miss_cold=1630 ibtc_miss_conflict=181 ibtc_miss_other=0 fpsimd_run_max_ns=841500 miss_residual=0
a11slots point=1024 pass=1 test=get # table all conflicts 128 slots 2 top32 128
a11slots point=1024 pass=1 test=get all 1600 64 0xaaaaad171900 0xaaaaad16d900
a11slots point=1024 pass=1 test=get all 1622 64 0xaaaaad171958 0xaaaaad16d958
a11slots point=1024 pass=1 test=get # table nofp conflicts 53 slots 3 top32 53
a11slots point=1024 pass=1 test=get nofp 1345 51 0xaaaaad151504 0xaaaaad159504
a11slots point=1024 pass=1 test=get nofp 1600 1 0xaaaaad171900 0xaaaaad16d900
a11slots point=1024 pass=1 test=get nofp 1622 1 0xaaaaad171958 0xaaaaad16d958
a11 point=off pass=2 test=set requests=200000 rps=233644.86 hook_calls=0 syscalls_in_kernel=0 fragment_entries=0 fpsimd_entries=0 fpsimd_restores=0 chains=0 chain_cap=0 exit_svc=0 exit_bl=0 exit_blr=0 exit_br=0 exit_ret=0 exit_mem=0 exit_unsupported=0 exit_budget=0 run_declined=0 ibtc_insert=0 ibtc_replace=0 ibtc_clear=0 ibtc_fpsimd_boundary=0 ibtc_miss_cold=0 ibtc_miss_conflict=0 ibtc_miss_other=0 fpsimd_run_max_ns=841500 miss_residual=0
a11slots point=off pass=2 test=set # table all conflicts 0 slots 0 top32 0
a11slots point=off pass=2 test=set # table nofp conflicts 0 slots 0 top32 0
a11 point=off pass=2 test=get requests=200000 rps=229885.06 hook_calls=0 syscalls_in_kernel=0 fragment_entries=0 fpsimd_entries=0 fpsimd_restores=0 chains=0 chain_cap=0 exit_svc=0 exit_bl=0 exit_blr=0 exit_br=0 exit_ret=0 exit_mem=0 exit_unsupported=0 exit_budget=0 run_declined=0 ibtc_insert=0 ibtc_replace=0 ibtc_clear=0 ibtc_fpsimd_boundary=0 ibtc_miss_cold=0 ibtc_miss_conflict=0 ibtc_miss_other=0 fpsimd_run_max_ns=841500 miss_residual=0
a11slots point=off pass=2 test=get # table all conflicts 0 slots 0 top32 0
a11slots point=off pass=2 test=get # table nofp conflicts 0 slots 0 top32 0
a11 point=1024 pass=2 test=set requests=200000 rps=142755.17 hook_calls=408703 syscalls_in_kernel=399695 fragment_entries=608143 fpsimd_entries=200001 fpsimd_restores=0 chains=200001 chain_cap=0 exit_svc=399695 exit_bl=449 exit_blr=31 exit_br=200001 exit_ret=269 exit_mem=3 exit_unsupported=7695 exit_budget=0 run_declined=26 ibtc_insert=0 ibtc_replace=0 ibtc_clear=0 ibtc_fpsimd_boundary=200001 ibtc_miss_cold=698 ibtc_miss_conflict=51 ibtc_miss_other=0 fpsimd_run_max_ns=841500 miss_residual=0
a11slots point=1024 pass=2 test=set # table all conflicts 0 slots 0 top32 0
a11slots point=1024 pass=2 test=set # table nofp conflicts 51 slots 1 top32 51
a11slots point=1024 pass=2 test=set nofp 1345 51 0xaaaaad151504 0xaaaaad159504
a11 point=1024 pass=2 test=get requests=200000 rps=158478.61 hook_calls=408931 syscalls_in_kernel=399711 fragment_entries=608387 fpsimd_entries=200001 fpsimd_restores=33 chains=200001 chain_cap=0 exit_svc=399711 exit_bl=408 exit_blr=15 exit_br=200001 exit_ret=270 exit_mem=0 exit_unsupported=7982 exit_budget=0 run_declined=11 ibtc_insert=0 ibtc_replace=0 ibtc_clear=0 ibtc_fpsimd_boundary=200001 ibtc_miss_cold=642 ibtc_miss_conflict=51 ibtc_miss_other=0 fpsimd_run_max_ns=841500 miss_residual=0
a11slots point=1024 pass=2 test=get # table all conflicts 0 slots 0 top32 0
a11slots point=1024 pass=2 test=get # table nofp conflicts 51 slots 1 top32 51
a11slots point=1024 pass=2 test=get nofp 1345 51 0xaaaaad151504 0xaaaaad159504
a11 point=off pass=3 test=set requests=200000 rps=219298.25 hook_calls=0 syscalls_in_kernel=0 fragment_entries=0 fpsimd_entries=0 fpsimd_restores=0 chains=0 chain_cap=0 exit_svc=0 exit_bl=0 exit_blr=0 exit_br=0 exit_ret=0 exit_mem=0 exit_unsupported=0 exit_budget=0 run_declined=0 ibtc_insert=0 ibtc_replace=0 ibtc_clear=0 ibtc_fpsimd_boundary=0 ibtc_miss_cold=0 ibtc_miss_conflict=0 ibtc_miss_other=0 fpsimd_run_max_ns=841500 miss_residual=0
a11slots point=off pass=3 test=set # table all conflicts 0 slots 0 top32 0
a11slots point=off pass=3 test=set # table nofp conflicts 0 slots 0 top32 0
a11 point=off pass=3 test=get requests=200000 rps=240673.89 hook_calls=0 syscalls_in_kernel=0 fragment_entries=0 fpsimd_entries=0 fpsimd_restores=0 chains=0 chain_cap=0 exit_svc=0 exit_bl=0 exit_blr=0 exit_br=0 exit_ret=0 exit_mem=0 exit_unsupported=0 exit_budget=0 run_declined=0 ibtc_insert=0 ibtc_replace=0 ibtc_clear=0 ibtc_fpsimd_boundary=0 ibtc_miss_cold=0 ibtc_miss_conflict=0 ibtc_miss_other=0 fpsimd_run_max_ns=841500 miss_residual=0
a11slots point=off pass=3 test=get # table all conflicts 0 slots 0 top32 0
a11slots point=off pass=3 test=get # table nofp conflicts 0 slots 0 top32 0
a11 point=1024 pass=3 test=set requests=200000 rps=138217.00 hook_calls=408859 syscalls_in_kernel=399635 fragment_entries=608304 fpsimd_entries=200000 fpsimd_restores=0 chains=200000 chain_cap=0 exit_svc=399635 exit_bl=506 exit_blr=23 exit_br=200000 exit_ret=271 exit_mem=1 exit_unsupported=7868 exit_budget=0 run_declined=18 ibtc_insert=0 ibtc_replace=0 ibtc_clear=0 ibtc_fpsimd_boundary=200000 ibtc_miss_cold=749 ibtc_miss_conflict=51 ibtc_miss_other=0 fpsimd_run_max_ns=841500 miss_residual=0
a11slots point=1024 pass=3 test=set # table all conflicts 0 slots 0 top32 0
a11slots point=1024 pass=3 test=set # table nofp conflicts 51 slots 1 top32 51
a11slots point=1024 pass=3 test=set nofp 1345 51 0xaaaaad151504 0xaaaaad159504
a11 point=1024 pass=3 test=get requests=200000 rps=153964.58 hook_calls=409123 syscalls_in_kernel=399677 fragment_entries=608575 fpsimd_entries=200001 fpsimd_restores=0 chains=200001 chain_cap=0 exit_svc=399677 exit_bl=448 exit_blr=21 exit_br=200001 exit_ret=270 exit_mem=1 exit_unsupported=8157 exit_budget=0 run_declined=16 ibtc_insert=0 ibtc_replace=0 ibtc_clear=0 ibtc_fpsimd_boundary=200001 ibtc_miss_cold=688 ibtc_miss_conflict=51 ibtc_miss_other=0 fpsimd_run_max_ns=4649000 miss_residual=0
a11slots point=1024 pass=3 test=get # table all conflicts 0 slots 0 top32 0
a11slots point=1024 pass=3 test=get # table nofp conflicts 51 slots 1 top32 51
a11slots point=1024 pass=3 test=get nofp 1345 51 0xaaaaad151504 0xaaaaad159504
a11maps-end aaaaad0e0000-aaaaad330000 r-xp 00000000 00:03 4263                       /opt/redis/src/redis-server
a11maps-end aaaaad339000-aaaaad340000 r--p 00259000 00:03 4263                       /opt/redis/src/redis-server
a11maps-end aaaaad340000-aaaaad399000 rw-p 00260000 00:03 4263                       /opt/redis/src/redis-server
a11maps-end aaaaad399000-aaaaad5cc000 rw-p 00000000 00:00 0 
a11maps-end aaaabf381000-aaaabf3a2000 rw-p 00000000 00:00 0                          [heap]
a11maps-end ffffa3540000-ffffa37c0000 rw-p 00000000 00:00 0 
a11maps-end ffffa37c0000-ffffa37d0000 ---p 00000000 00:00 0 
a11maps-end ffffa37d0000-ffffa3fd0000 rw-p 00000000 00:00 0 
a11maps-end ffffa3fd0000-ffffa3fe0000 ---p 00000000 00:00 0 
a11maps-end ffffa3fe0000-ffffa47e0000 rw-p 00000000 00:00 0 
a11maps-end ffffa47e0000-ffffa47f0000 ---p 00000000 00:00 0 
a11maps-end ffffa47f0000-ffffa4ff0000 rw-p 00000000 00:00 0 
a11maps-end ffffa4ff0000-ffffa5000000 ---p 00000000 00:00 0 
a11maps-end ffffa5000000-ffffa5800000 rw-p 00000000 00:00 0 
a11maps-end ffffa5800000-ffffa6000000 rw-p 00000000 00:00 0 
a11maps-end ffffa6140000-ffffa62cc000 r-xp 00000000 00:03 816                        /usr/lib/aarch64-linux-gnu/libc.so.6
a11maps-end ffffa62cc000-ffffa62dc000 ---p 0018c000 00:03 816                        /usr/lib/aarch64-linux-gnu/libc.so.6
a11maps-end ffffa62dc000-ffffa62e0000 r--p 0018c000 00:03 816                        /usr/lib/aarch64-linux-gnu/libc.so.6
a11maps-end ffffa62e0000-ffffa62e2000 rw-p 00190000 00:03 816                        /usr/lib/aarch64-linux-gnu/libc.so.6
a11maps-end ffffa62e2000-ffffa62ef000 rw-p 00000000 00:00 0 
a11maps-end ffffa62f0000-ffffa6372000 r-xp 00000000 00:03 863                        /usr/lib/aarch64-linux-gnu/libm.so.6
a11maps-end ffffa6372000-ffffa638f000 ---p 00082000 00:03 863                        /usr/lib/aarch64-linux-gnu/libm.so.6
a11maps-end ffffa638f000-ffffa6390000 r--p 0008f000 00:03 863                        /usr/lib/aarch64-linux-gnu/libm.so.6
a11maps-end ffffa6390000-ffffa6391000 rw-p 00090000 00:03 863                        /usr/lib/aarch64-linux-gnu/libm.so.6
a11maps-end ffffa6395000-ffffa63bc000 r-xp 00000000 00:03 796                        /usr/lib/aarch64-linux-gnu/ld-linux-aarch64.so.1
a11maps-end ffffa63c6000-ffffa63ca000 rw-p 00000000 00:00 0 
a11maps-end ffffa63cc000-ffffa63ce000 rw-p 00000000 00:00 0 
a11maps-end ffffa63ce000-ffffa63d2000 r--p 00000000 00:00 0                          [vvar]
a11maps-end ffffa63d2000-ffffa63d3000 r-xp 00000000 00:00 0                          [vdso]
a11maps-end ffffa63d3000-ffffa63d5000 r--p 0002e000 00:03 796                        /usr/lib/aarch64-linux-gnu/ld-linux-aarch64.so.1
a11maps-end ffffa63d5000-ffffa63d7000 rw-p 00030000 00:03 796                        /usr/lib/aarch64-linux-gnu/ld-linux-aarch64.so.1
a11maps-end fffff1c8e000-fffff1caf000 rw-p 00000000 00:00 0                          [stack]
a11: done
[   35.576605] kjit: 0 of 295 translation requests still queued at unload (freed by the kernel)
[   35.608075] rust_kjit: ######## Rust KJIT exits ########
kjit-init: rmmod kjit ok
kjit-init: run exit=0
[   35.638227] reboot: Power down
