guest-run: profile=kjit-guest run-dir=/Volumes/Local/kjit-a4b2/build/runs/meas-v1-20261009-024556
[    0.000000] Booting Linux on physical CPU 0x0000000000 [0x610f0000]
[    0.000000] Linux version 7.1.0-rc1 (@6906d107117b) (Ubuntu clang version 18.1.3 (1ubuntu1), Ubuntu LLD 18.1.3) #1 SMP PREEMPT Fri Oct  2 08:37:58 UTC 2026
[    0.000000] random: crng init done
[    0.000000] Machine model: linux,dummy-virt
[    0.000000] OF: reserved mem: Reserved memory: No reserved-memory node in the DT
[    0.000000] psci: probing for conduit method from DT.
[    0.000000] psci: PSCIv1.1 detected in firmware.
[    0.000000] psci: Using standard PSCI v0.2 function IDs
[    0.000000] psci: Trusted OS migration not required
[    0.000000] psci: SMC Calling Convention v1.0
[    0.000000] Zone ranges:
[    0.000000]   Normal   [mem 0x0000000040000000-0x000000013fffffff]
[    0.000000] Movable zone start for each node
[    0.000000] Early memory node ranges
[    0.000000]   node   0: [mem 0x0000000040000000-0x000000013fffffff]
[    0.000000] Initmem setup node 0 [mem 0x0000000040000000-0x000000013fffffff]
[    0.000000] percpu: Embedded 19 pages/cpu s38488 r8192 d31144 u77824
[    0.000000] Detected PIPT I-cache on CPU0
[    0.000000] CPU features: detected: Address authentication (IMP DEF algorithm)
[    0.000000] CPU features: detected: Spectre-v4
[    0.000000] CPU features: detected: Spectre-BHB
[    0.000000] alternatives: applying boot alternatives
[    0.000000] Kernel command line: console=ttyAMA0 panic=-1 nokaslr
[    0.000000] Unknown kernel command line parameters "nokaslr", will be passed to user space.
[    0.000000] printk: log buffer data + meta data: 131072 + 458752 = 589824 bytes
[    0.000000] Dentry cache hash table entries: 524288 (order: 10, 4194304 bytes, linear)
[    0.000000] Inode-cache hash table entries: 262144 (order: 9, 2097152 bytes, linear)
[    0.000000] software IO TLB: SWIOTLB bounce buffer size adjusted to 4MB
[    0.000000] software IO TLB: area num 4.
[    0.000000] software IO TLB: mapped [mem 0x000000013ac00000-0x000000013b000000] (4MB)
[    0.000000] Built 1 zonelists, mobility grouping on.  Total pages: 1048576
[    0.000000] mem auto-init: stack:all(zero), heap alloc:off, heap free:off
[    0.000000] SLUB: HWalign=64, Order=0-3, MinObjects=0, CPUs=4, Nodes=1
[    0.000000] rcu: Preemptible hierarchical RCU implementation.
[    0.000000] rcu: 	RCU restricting CPUs from NR_CPUS=512 to nr_cpu_ids=4.
[    0.000000] rcu: RCU calculated value of scheduler-enlistment delay is 25 jiffies.
[    0.000000] rcu: Adjusting geometry for rcu_fanout_leaf=16, nr_cpu_ids=4
[    0.000000] NR_IRQS: 64, nr_irqs: 64, preallocated irqs: 0
[    0.000000] Root IRQ handler: gic_handle_irq
[    0.000000] GICv2m: range[mem 0x08020000-0x08020fff], SPI[80:143]
[    0.000000] rcu: srcu_init: Setting srcu_struct sizes based on contention.
[    0.000000] arch_timer: cp15 timer running at 24.00MHz (virt).
[    0.000000] clocksource: arch_sys_counter: mask: 0xffffffffffffff max_cycles: 0x588fe9dc0, max_idle_ns: 440795202592 ns
[    0.000000] sched_clock: 56 bits at 24MHz, resolution 41ns, wraps every 4398046511097ns
[    0.000099] Console: colour dummy device 80x25
[    0.000106] Calibrating delay loop (skipped), value calculated using timer frequency.. 48.00 BogoMIPS (lpj=96000)
[    0.000109] pid_max: default: 32768 minimum: 301
[    0.000238] Mount-cache hash table entries: 8192 (order: 4, 65536 bytes, linear)
[    0.000252] Mountpoint-cache hash table entries: 8192 (order: 4, 65536 bytes, linear)
[    0.000334] VFS: Finished mounting rootfs on nullfs
[    0.000487] cacheinfo: Unable to detect cache hierarchy for CPU 0
[    0.000598] rcu: Hierarchical SRCU implementation.
[    0.000598] rcu: 	Max phase no-delay instances is 1000.
[    0.000618] Timer migration: 1 hierarchy levels; 8 children per group; 1 crossnode level
[    0.000658] smp: Bringing up secondary CPUs ...
[    0.000862] Detected PIPT I-cache on CPU1
[    0.000939] CPU1: Booted secondary processor 0x0000000001 [0x610f0000]
[    0.001194] Detected PIPT I-cache on CPU2
[    0.001290] CPU2: Booted secondary processor 0x0000000002 [0x610f0000]
[    0.001619] Detected PIPT I-cache on CPU3
[    0.001734] CPU3: Booted secondary processor 0x0000000003 [0x610f0000]
[    0.001836] smp: Brought up 1 node, 4 CPUs
[    0.001838] SMP: Total of 4 processors activated.
[    0.001838] CPU: All CPU(s) started at EL1
[    0.001839] CPU features: detected: ARMv8.4 Translation Table Level
[    0.001840] CPU features: detected: Data cache clean to the PoU not required for I/D coherence
[    0.001840] CPU features: detected: CRC32 instructions
[    0.001841] CPU features: detected: Data independent timing control (DIT)
[    0.001841] CPU features: detected: E0PD
[    0.001842] CPU features: detected: Generic authentication (IMP DEF algorithm)
[    0.001842] CPU features: detected: RCpc load-acquire (LDAPR)
[    0.001843] CPU features: detected: LSE atomic instructions
[    0.001843] CPU features: detected: Privileged Access Never
[    0.001844] CPU features: detected: Speculation barrier (SB)
[    0.001844] CPU features: detected: TLB range maintenance instructions
[    0.001844] CPU features: detected: XNX
[    0.001968] alternatives: applying system-wide alternatives
[    0.003040] Memory: 3934216K/4194304K available (5248K kernel code, 754K rwdata, 2356K rodata, 576K init, 405K bss, 256908K reserved, 0K cma-reserved)
[    0.003238] devtmpfs: initialized
[    0.003477] clocksource: jiffies: mask: 0xffffffff max_cycles: 0xffffffff, max_idle_ns: 7645041785100000 ns
[    0.003480] posixtimers hash table entries: 2048 (order: 3, 32768 bytes, linear)
[    0.003505] futex hash table entries: 1024 (65536 bytes on 1 NUMA nodes, total 64 KiB, linear).
[    0.003514] 30384 pages in range for non-PLT usage
[    0.003514] 521904 pages in range for PLT usage
[    0.003585] NET: Registered PF_NETLINK/PF_ROUTE protocol family
[    0.003970] DMA: preallocated 512 KiB GFP_KERNEL pool for atomic allocations
[    0.004065] ASID allocator initialised with 256 entries
[    0.004073] Serial: AMBA PL011 UART driver
[    0.004520] 9000000.pl011: ttyAMA0 at MMIO 0x9000000 (irq = 13, base_baud = 0) is a PL011 rev1
[    0.004658] printk: console [ttyAMA0] enabled
[    0.010502] vgaarb: loaded
[    0.010744] clocksource: Switched to clocksource arch_sys_counter
[    0.013951] NET: Registered PF_INET protocol family
[    0.014115] IP idents hash table entries: 65536 (order: 7, 524288 bytes, linear)
[    0.014550] tcp_listen_portaddr_hash hash table entries: 2048 (order: 3, 32768 bytes, linear)
[    0.014557] Table-perturb hash table entries: 65536 (order: 6, 262144 bytes, linear)
[    0.014561] TCP established hash table entries: 32768 (order: 6, 262144 bytes, linear)
[    0.014611] TCP bind hash table entries: 32768 (order: 8, 1048576 bytes, linear)
[    0.014951] TCP: Hash tables configured (established 32768 bind 32768)
[    0.014981] UDP hash table entries: 2048 (order: 5, 131072 bytes, linear)
[    0.015017] NET: Registered PF_UNIX/PF_LOCAL protocol family
[    0.015022] PCI: CLS 0 bytes, default 64
[    0.015261] Unpacking initramfs...
[    0.019214] workingset: timestamp_bits=46 (anon: 42) max_order=20 bucket_order=0 (anon: 0)
[    0.019272] 9p: Installing v9fs 9p2000 file system support
[    0.019797] pci-host-generic 4010000000.pcie: host bridge /pcie@10000000 ranges:
[    0.019803] pci-host-generic 4010000000.pcie:       IO 0x003eff0000..0x003effffff -> 0x0000000000
[    0.019806] pci-host-generic 4010000000.pcie:      MEM 0x0010000000..0x003efeffff -> 0x0010000000
[    0.019807] pci-host-generic 4010000000.pcie:      MEM 0x8000000000..0xffffffffff -> 0x8000000000
[    0.019813] pci-host-generic 4010000000.pcie: Memory resource size exceeds max for 32 bits
[    0.019822] pci-host-generic 4010000000.pcie: ECAM at [mem 0x4010000000-0x401fffffff] for [bus 00-ff]
[    0.019834] pci-host-generic 4010000000.pcie: PCI host bridge to bus 0000:00
[    0.019835] pci_bus 0000:00: root bus resource [bus 00-ff]
[    0.019836] pci_bus 0000:00: root bus resource [io  0x0000-0xffff]
[    0.019837] pci_bus 0000:00: root bus resource [mem 0x10000000-0x3efeffff]
[    0.019837] pci_bus 0000:00: root bus resource [mem 0x8000000000-0xffffffffff]
[    0.019904] pci 0000:00:00.0: [1b36:0008] type 00 class 0x060000 conventional PCI endpoint
[    0.020208] pci 0000:00:01.0: [1af4:1000] type 00 class 0x020000 conventional PCI endpoint
[    0.020315] pci 0000:00:01.0: BAR 0 [io  0x0000-0x001f]
[    0.020317] pci 0000:00:01.0: BAR 1 [mem 0x00000000-0x00000fff]
[    0.020323] pci 0000:00:01.0: BAR 4 [mem 0x00000000-0x00003fff 64bit pref]
[    0.020325] pci 0000:00:01.0: ROM [mem 0x00000000-0x0003ffff pref]
[    0.020641] pci 0000:00:02.0: [1af4:1009] type 00 class 0x000200 conventional PCI endpoint
[    0.020788] pci 0000:00:02.0: BAR 0 [io  0x0000-0x003f]
[    0.020790] pci 0000:00:02.0: BAR 1 [mem 0x00000000-0x00000fff]
[    0.020891] pci 0000:00:02.0: BAR 4 [mem 0x00000000-0x00003fff 64bit pref]
[    0.021163] pci 0000:00:03.0: [1af4:1005] type 00 class 0x00ff00 conventional PCI endpoint
[    0.021452] pci 0000:00:03.0: BAR 0 [io  0x0000-0x001f]
[    0.021456] pci 0000:00:03.0: BAR 1 [mem 0x00000000-0x00000fff]
[    0.021472] pci 0000:00:03.0: BAR 4 [mem 0x00000000-0x00003fff 64bit pref]
[    0.021755] pci 0000:00:01.0: ROM [mem 0x10000000-0x1003ffff pref]: assigned
[    0.021757] pci 0000:00:01.0: BAR 4 [mem 0x8000000000-0x8000003fff 64bit pref]: assigned
[    0.021774] pci 0000:00:02.0: BAR 4 [mem 0x8000004000-0x8000007fff 64bit pref]: assigned
[    0.021791] pci 0000:00:03.0: BAR 4 [mem 0x8000008000-0x800000bfff 64bit pref]: assigned
[    0.021808] pci 0000:00:01.0: BAR 1 [mem 0x10040000-0x10040fff]: assigned
[    0.021814] pci 0000:00:02.0: BAR 1 [mem 0x10041000-0x10041fff]: assigned
[    0.021819] pci 0000:00:03.0: BAR 1 [mem 0x10042000-0x10042fff]: assigned
[    0.021823] pci 0000:00:02.0: BAR 0 [io  0x1000-0x103f]: assigned
[    0.021826] pci 0000:00:01.0: BAR 0 [io  0x1040-0x105f]: assigned
[    0.021833] pci 0000:00:03.0: BAR 0 [io  0x1060-0x107f]: assigned
[    0.021841] pci_bus 0000:00: resource 4 [io  0x0000-0xffff]
[    0.021842] pci_bus 0000:00: resource 5 [mem 0x10000000-0x3efeffff]
[    0.021842] pci_bus 0000:00: resource 6 [mem 0x8000000000-0xffffffffff]
[    0.024443] virtio-pci 0000:00:01.0: enabling device (0000 -> 0003)
[    0.025367] virtio-pci 0000:00:02.0: enabling device (0000 -> 0003)
[    0.026053] virtio-pci 0000:00:03.0: enabling device (0000 -> 0003)
[    0.043247] rtc-pl031 9010000.pl031: registered as rtc0
[    0.043264] rtc-pl031 9010000.pl031: setting system clock to 2026-10-08T18:45:57 UTC (1791485157)
[    0.043376] NET: Registered PF_INET6 protocol family
[    0.043737] Segment Routing with IPv6
[    0.043740] In-situ OAM (IOAM) with IPv6
[    0.043748] sit: IPv6, IPv4 and MPLS over IPv4 tunneling driver
[    0.043801] NET: Registered PF_PACKET protocol family
[    0.043806] 9pnet: Installing 9P2000 support
[    0.048752] clk: Disabling unused clocks
[    0.102086] Freeing initrd memory: 161888K
[    0.102675] Freeing unused kernel memory: 576K
[    0.102736] Run /init as init process
[    0.116268] kjit: loading out-of-tree module taints kernel.
[    0.117244] rust_kjit: ######## Rust KJIT inits ########
[    0.117284] rust_kjit: kjit: dispatch variant 1
[    0.117358] rust_kjit: golden tests/arm64/toy_cfg.s:hot_svc_mark translated for dispatch variant 1; byte comparison skipped (reference is variant 0)
kjit-init: insmod kjit.ko ok
meas: variant=1
rep 0 variant=gpr enabled=0 outer=200000 calls=16 ns_per_outer=142.0 ns_per_call=8.88
rep 1 variant=gpr enabled=0 outer=200000 calls=16 ns_per_outer=143.4 ns_per_call=8.96
rep 2 variant=gpr enabled=0 outer=200000 calls=16 ns_per_outer=143.0 ns_per_call=8.94
rep 3 variant=gpr enabled=0 outer=200000 calls=16 ns_per_outer=142.1 ns_per_call=8.88
rep 4 variant=gpr enabled=0 outer=200000 calls=16 ns_per_outer=143.0 ns_per_call=8.94
rep 5 variant=gpr enabled=0 outer=200000 calls=16 ns_per_outer=142.0 ns_per_call=8.88
rep 6 variant=gpr enabled=0 outer=200000 calls=16 ns_per_outer=142.8 ns_per_call=8.93
result variant=gpr enabled=0 outer=200000 calls=16 reps=7 median_ns_per_outer=142.8 median_ns_per_call=8.93 min_ns_per_call=8.88 acc=25600000
[    0.368343] kjit: translate_svc_sites pid 69: 2 text ranges, 111 svc sites
[    0.368729] rust_kjit: kjit: pc 0x400fe8: installed 492 bytes, 0 fault sites, 2 entries, text 0x400fe8..0x400ff0, fpsimd false
[    0.369414] rust_kjit: kjit: pc 0x400fcc: installed 1024 bytes, 1 fault sites, 11 entries, text 0x400fbc..0x400fe8, fpsimd false
rep 0 variant=gpr enabled=1 outer=20000 calls=16 ns_per_outer=151.4 ns_per_call=9.46
rep 1 variant=gpr enabled=1 outer=20000 calls=16 ns_per_outer=147.0 ns_per_call=9.19
rep 2 variant=gpr enabled=1 outer=20000 calls=16 ns_per_outer=151.8 ns_per_call=9.49
rep 3 variant=gpr enabled=1 outer=20000 calls=16 ns_per_outer=148.0 ns_per_call=9.25
rep 4 variant=gpr enabled=1 outer=20000 calls=16 ns_per_outer=147.3 ns_per_call=9.21
rep 5 variant=gpr enabled=1 outer=20000 calls=16 ns_per_outer=147.5 ns_per_call=9.22
rep 6 variant=gpr enabled=1 outer=20000 calls=16 ns_per_outer=149.3 ns_per_call=9.33
result variant=gpr enabled=1 outer=20000 calls=16 reps=7 median_ns_per_outer=148.0 median_ns_per_call=9.25 min_ns_per_call=9.19 acc=2560000
counters variant=gpr timed_outer=140000 hook_calls=140045 syscalls_in_kernel=139965 fragment_entries=140045 fpsimd_entries=1 fpsimd_restores=0 chains=0 chain_cap=0 exit_svc=139965 exit_bl=0 exit_blr=0 exit_br=0 exit_ret=80 exit_mem=0 exit_unsupported=0 exit_budget=0 run_declined=0
rep 0 variant=fp enabled=0 outer=200000 calls=16 ns_per_outer=176.1 ns_per_call=11.00
rep 1 variant=fp enabled=0 outer=200000 calls=16 ns_per_outer=176.1 ns_per_call=11.01
rep 2 variant=fp enabled=0 outer=200000 calls=16 ns_per_outer=177.0 ns_per_call=11.06
rep 3 variant=fp enabled=0 outer=200000 calls=16 ns_per_outer=177.7 ns_per_call=11.11
rep 4 variant=fp enabled=0 outer=200000 calls=16 ns_per_outer=177.6 ns_per_call=11.10
rep 5 variant=fp enabled=0 outer=200000 calls=16 ns_per_outer=176.6 ns_per_call=11.04
rep 6 variant=fp enabled=0 outer=200000 calls=16 ns_per_outer=176.5 ns_per_call=11.03
result variant=fp enabled=0 outer=200000 calls=16 reps=7 median_ns_per_outer=176.6 median_ns_per_call=11.04 min_ns_per_call=11.00 acc=25600000
[    0.714524] kjit: translate_svc_sites pid 74: 2 text ranges, 111 svc sites
[    0.715153] rust_kjit: kjit: pc 0x401028: installed 500 bytes, 0 fault sites, 4 entries, text 0x401028..0x401038, fpsimd true
[    0.715638] rust_kjit: kjit: pc 0x40100c: installed 1024 bytes, 1 fault sites, 11 entries, text 0x400ffc..0x401028, fpsimd false
rep 0 variant=fp enabled=1 outer=20000 calls=16 ns_per_outer=213.1 ns_per_call=13.32
rep 1 variant=fp enabled=1 outer=20000 calls=16 ns_per_outer=222.2 ns_per_call=13.89
rep 2 variant=fp enabled=1 outer=20000 calls=16 ns_per_outer=220.3 ns_per_call=13.77
rep 3 variant=fp enabled=1 outer=20000 calls=16 ns_per_outer=218.4 ns_per_call=13.65
rep 4 variant=fp enabled=1 outer=20000 calls=16 ns_per_outer=220.1 ns_per_call=13.75
rep 5 variant=fp enabled=1 outer=20000 calls=16 ns_per_outer=214.5 ns_per_call=13.41
rep 6 variant=fp enabled=1 outer=20000 calls=16 ns_per_outer=217.6 ns_per_call=13.60
result variant=fp enabled=1 outer=20000 calls=16 reps=7 median_ns_per_outer=218.4 median_ns_per_call=13.65 min_ns_per_call=13.32 acc=2560000
counters variant=fp timed_outer=140000 hook_calls=140045 syscalls_in_kernel=139965 fragment_entries=280017 fpsimd_entries=139973 fpsimd_restores=0 chains=139972 chain_cap=0 exit_svc=139965 exit_bl=139972 exit_blr=0 exit_br=0 exit_ret=80 exit_mem=0 exit_unsupported=0 exit_budget=0 run_declined=0
rep 0 variant=gpr enabled=0 outer=200000 calls=128 ns_per_outer=257.1 ns_per_call=2.01
rep 1 variant=gpr enabled=0 outer=200000 calls=128 ns_per_outer=256.7 ns_per_call=2.01
rep 2 variant=gpr enabled=0 outer=200000 calls=128 ns_per_outer=256.5 ns_per_call=2.00
rep 3 variant=gpr enabled=0 outer=200000 calls=128 ns_per_outer=256.3 ns_per_call=2.00
rep 4 variant=gpr enabled=0 outer=200000 calls=128 ns_per_outer=265.4 ns_per_call=2.07
rep 5 variant=gpr enabled=0 outer=200000 calls=128 ns_per_outer=259.4 ns_per_call=2.03
rep 6 variant=gpr enabled=0 outer=200000 calls=128 ns_per_outer=254.8 ns_per_call=1.99
result variant=gpr enabled=0 outer=200000 calls=128 reps=7 median_ns_per_outer=256.7 median_ns_per_call=2.01 min_ns_per_call=1.99 acc=204800000
[    1.200278] kjit: translate_svc_sites pid 77: 2 text ranges, 111 svc sites
[    1.200695] rust_kjit: kjit: pc 0x400fe8: installed 492 bytes, 0 fault sites, 2 entries, text 0x400fe8..0x400ff0, fpsimd false
[    1.201574] rust_kjit: kjit: pc 0x400fcc: installed 1024 bytes, 1 fault sites, 11 entries, text 0x400fbc..0x400fe8, fpsimd false
rep 0 variant=gpr enabled=1 outer=20000 calls=128 ns_per_outer=853.2 ns_per_call=6.67
rep 1 variant=gpr enabled=1 outer=20000 calls=128 ns_per_outer=859.3 ns_per_call=6.71
rep 2 variant=gpr enabled=1 outer=20000 calls=128 ns_per_outer=845.3 ns_per_call=6.60
rep 3 variant=gpr enabled=1 outer=20000 calls=128 ns_per_outer=841.6 ns_per_call=6.58
rep 4 variant=gpr enabled=1 outer=20000 calls=128 ns_per_outer=857.5 ns_per_call=6.70
rep 5 variant=gpr enabled=1 outer=20000 calls=128 ns_per_outer=855.6 ns_per_call=6.68
rep 6 variant=gpr enabled=1 outer=20000 calls=128 ns_per_outer=841.9 ns_per_call=6.58
result variant=gpr enabled=1 outer=20000 calls=128 reps=7 median_ns_per_outer=853.2 median_ns_per_call=6.67 min_ns_per_call=6.58 acc=20480000
counters variant=gpr timed_outer=140000 hook_calls=140045 syscalls_in_kernel=139965 fragment_entries=140045 fpsimd_entries=1 fpsimd_restores=0 chains=0 chain_cap=0 exit_svc=139965 exit_bl=0 exit_blr=0 exit_br=0 exit_ret=80 exit_mem=0 exit_unsupported=0 exit_budget=0 run_declined=0
rep 0 variant=fp enabled=0 outer=200000 calls=128 ns_per_outer=543.0 ns_per_call=4.24
rep 1 variant=fp enabled=0 outer=200000 calls=128 ns_per_outer=537.4 ns_per_call=4.20
rep 2 variant=fp enabled=0 outer=200000 calls=128 ns_per_outer=537.2 ns_per_call=4.20
rep 3 variant=fp enabled=0 outer=200000 calls=128 ns_per_outer=538.5 ns_per_call=4.21
rep 4 variant=fp enabled=0 outer=200000 calls=128 ns_per_outer=536.2 ns_per_call=4.19
rep 5 variant=fp enabled=0 outer=200000 calls=128 ns_per_outer=535.7 ns_per_call=4.19
rep 6 variant=fp enabled=0 outer=200000 calls=128 ns_per_outer=538.1 ns_per_call=4.20
result variant=fp enabled=0 outer=200000 calls=128 reps=7 median_ns_per_outer=537.4 median_ns_per_call=4.20 min_ns_per_call=4.19 acc=204800000
[    2.235705] kjit: translate_svc_sites pid 79: 2 text ranges, 111 svc sites
[    2.235838] rust_kjit: kjit: pc 0x401028: installed 500 bytes, 0 fault sites, 4 entries, text 0x401028..0x401038, fpsimd true
[    2.236151] rust_kjit: kjit: pc 0x40100c: installed 1024 bytes, 1 fault sites, 11 entries, text 0x400ffc..0x401028, fpsimd false
rep 0 variant=fp enabled=1 outer=20000 calls=128 ns_per_outer=926.5 ns_per_call=7.24
rep 1 variant=fp enabled=1 outer=20000 calls=128 ns_per_outer=923.3 ns_per_call=7.21
rep 2 variant=fp enabled=1 outer=20000 calls=128 ns_per_outer=913.0 ns_per_call=7.13
rep 3 variant=fp enabled=1 outer=20000 calls=128 ns_per_outer=926.9 ns_per_call=7.24
rep 4 variant=fp enabled=1 outer=20000 calls=128 ns_per_outer=922.2 ns_per_call=7.20
rep 5 variant=fp enabled=1 outer=20000 calls=128 ns_per_outer=925.2 ns_per_call=7.23
rep 6 variant=fp enabled=1 outer=20000 calls=128 ns_per_outer=933.3 ns_per_call=7.29
result variant=fp enabled=1 outer=20000 calls=128 reps=7 median_ns_per_outer=925.2 median_ns_per_call=7.23 min_ns_per_call=7.13 acc=20480000
counters variant=fp timed_outer=140000 hook_calls=140045 syscalls_in_kernel=139965 fragment_entries=280017 fpsimd_entries=139973 fpsimd_restores=0 chains=139972 chain_cap=0 exit_svc=139965 exit_bl=139972 exit_blr=0 exit_br=0 exit_ret=80 exit_mem=0 exit_unsupported=0 exit_budget=0 run_declined=0
rep 0 variant=gpr enabled=0 outer=200000 calls=256 ns_per_outer=381.0 ns_per_call=1.49
rep 1 variant=gpr enabled=0 outer=200000 calls=256 ns_per_outer=380.9 ns_per_call=1.49
rep 2 variant=gpr enabled=0 outer=200000 calls=256 ns_per_outer=387.3 ns_per_call=1.51
rep 3 variant=gpr enabled=0 outer=200000 calls=256 ns_per_outer=393.3 ns_per_call=1.54
rep 4 variant=gpr enabled=0 outer=200000 calls=256 ns_per_outer=382.8 ns_per_call=1.50
rep 5 variant=gpr enabled=0 outer=200000 calls=256 ns_per_outer=381.0 ns_per_call=1.49
rep 6 variant=gpr enabled=0 outer=200000 calls=256 ns_per_outer=378.3 ns_per_call=1.48
result variant=gpr enabled=0 outer=200000 calls=256 reps=7 median_ns_per_outer=381.0 median_ns_per_call=1.49 min_ns_per_call=1.48 acc=409600000
[    3.036574] kjit: translate_svc_sites pid 81: 2 text ranges, 111 svc sites
[    3.037328] rust_kjit: kjit: pc 0x400fe8: installed 492 bytes, 0 fault sites, 2 entries, text 0x400fe8..0x400ff0, fpsimd false
[    3.038410] rust_kjit: kjit: pc 0x400fcc: installed 1024 bytes, 1 fault sites, 11 entries, text 0x400fbc..0x400fe8, fpsimd false
rep 0 variant=gpr enabled=1 outer=20000 calls=256 ns_per_outer=1661.8 ns_per_call=6.49
rep 1 variant=gpr enabled=1 outer=20000 calls=256 ns_per_outer=1680.9 ns_per_call=6.57
rep 2 variant=gpr enabled=1 outer=20000 calls=256 ns_per_outer=1666.5 ns_per_call=6.51
rep 3 variant=gpr enabled=1 outer=20000 calls=256 ns_per_outer=1679.0 ns_per_call=6.56
rep 4 variant=gpr enabled=1 outer=20000 calls=256 ns_per_outer=1667.9 ns_per_call=6.52
rep 5 variant=gpr enabled=1 outer=20000 calls=256 ns_per_outer=1672.3 ns_per_call=6.53
rep 6 variant=gpr enabled=1 outer=20000 calls=256 ns_per_outer=1678.9 ns_per_call=6.56
result variant=gpr enabled=1 outer=20000 calls=256 reps=7 median_ns_per_outer=1672.3 median_ns_per_call=6.53 min_ns_per_call=6.49 acc=40960000
counters variant=gpr timed_outer=140000 hook_calls=140045 syscalls_in_kernel=139965 fragment_entries=140045 fpsimd_entries=1 fpsimd_restores=0 chains=0 chain_cap=0 exit_svc=139965 exit_bl=0 exit_blr=0 exit_br=0 exit_ret=80 exit_mem=0 exit_unsupported=0 exit_budget=0 run_declined=0
rep 0 variant=fp enabled=0 outer=200000 calls=256 ns_per_outer=1558.4 ns_per_call=6.09
rep 1 variant=fp enabled=0 outer=200000 calls=256 ns_per_outer=970.7 ns_per_call=3.79
rep 2 variant=fp enabled=0 outer=200000 calls=256 ns_per_outer=967.9 ns_per_call=3.78
rep 3 variant=fp enabled=0 outer=200000 calls=256 ns_per_outer=964.8 ns_per_call=3.77
rep 4 variant=fp enabled=0 outer=200000 calls=256 ns_per_outer=949.0 ns_per_call=3.71
rep 5 variant=fp enabled=0 outer=200000 calls=256 ns_per_outer=945.3 ns_per_call=3.69
rep 6 variant=fp enabled=0 outer=200000 calls=256 ns_per_outer=962.2 ns_per_call=3.76
result variant=fp enabled=0 outer=200000 calls=256 reps=7 median_ns_per_outer=964.8 median_ns_per_call=3.77 min_ns_per_call=3.69 acc=409600000
[    5.075039] kjit: translate_svc_sites pid 83: 2 text ranges, 111 svc sites
[    5.075509] rust_kjit: kjit: pc 0x401028: installed 500 bytes, 0 fault sites, 4 entries, text 0x401028..0x401038, fpsimd true
[    5.076106] rust_kjit: kjit: pc 0x40100c: installed 1024 bytes, 1 fault sites, 11 entries, text 0x400ffc..0x401028, fpsimd false
rep 0 variant=fp enabled=1 outer=20000 calls=256 ns_per_outer=1712.7 ns_per_call=6.69
rep 1 variant=fp enabled=1 outer=20000 calls=256 ns_per_outer=1738.2 ns_per_call=6.79
rep 2 variant=fp enabled=1 outer=20000 calls=256 ns_per_outer=1750.3 ns_per_call=6.84
rep 3 variant=fp enabled=1 outer=20000 calls=256 ns_per_outer=1695.3 ns_per_call=6.62
rep 4 variant=fp enabled=1 outer=20000 calls=256 ns_per_outer=1720.3 ns_per_call=6.72
rep 5 variant=fp enabled=1 outer=20000 calls=256 ns_per_outer=1739.0 ns_per_call=6.79
rep 6 variant=fp enabled=1 outer=20000 calls=256 ns_per_outer=1702.8 ns_per_call=6.65
result variant=fp enabled=1 outer=20000 calls=256 reps=7 median_ns_per_outer=1720.3 median_ns_per_call=6.72 min_ns_per_call=6.62 acc=40960000
counters variant=fp timed_outer=140000 hook_calls=140045 syscalls_in_kernel=139965 fragment_entries=280017 fpsimd_entries=139973 fpsimd_restores=0 chains=139972 chain_cap=0 exit_svc=139965 exit_bl=139972 exit_blr=0 exit_br=0 exit_ret=80 exit_mem=0 exit_unsupported=0 exit_budget=0 run_declined=0
a11: ibtc_variant=1
a11: warm-up at off
a11maps aaaadcb60000-aaaadcdb0000 r-xp 00000000 00:03 4263                       /opt/redis/src/redis-server
a11maps aaaadcdb9000-aaaadcdc0000 r--p 00259000 00:03 4263                       /opt/redis/src/redis-server
a11maps aaaadcdc0000-aaaadce19000 rw-p 00260000 00:03 4263                       /opt/redis/src/redis-server
a11maps aaaadce19000-aaaadd04c000 rw-p 00000000 00:00 0 
a11maps aaab1aab0000-aaab1aad1000 rw-p 00000000 00:00 0                          [heap]
a11maps ffff89140000-ffff893c0000 rw-p 00000000 00:00 0 
a11maps ffff893c0000-ffff893d0000 ---p 00000000 00:00 0 
a11maps ffff893d0000-ffff89bd0000 rw-p 00000000 00:00 0 
a11maps ffff89bd0000-ffff89be0000 ---p 00000000 00:00 0 
a11maps ffff89be0000-ffff8a3e0000 rw-p 00000000 00:00 0 
a11maps ffff8a3e0000-ffff8a3f0000 ---p 00000000 00:00 0 
a11maps ffff8a3f0000-ffff8abf0000 rw-p 00000000 00:00 0 
a11maps ffff8abf0000-ffff8ac00000 ---p 00000000 00:00 0 
a11maps ffff8ac00000-ffff8b400000 rw-p 00000000 00:00 0 
a11maps ffff8b400000-ffff8bc00000 rw-p 00000000 00:00 0 
a11maps ffff8bcb0000-ffff8be3c000 r-xp 00000000 00:03 816                        /usr/lib/aarch64-linux-gnu/libc.so.6
a11maps ffff8be3c000-ffff8be4c000 ---p 0018c000 00:03 816                        /usr/lib/aarch64-linux-gnu/libc.so.6
a11maps ffff8be4c000-ffff8be50000 r--p 0018c000 00:03 816                        /usr/lib/aarch64-linux-gnu/libc.so.6
a11maps ffff8be50000-ffff8be52000 rw-p 00190000 00:03 816                        /usr/lib/aarch64-linux-gnu/libc.so.6
a11maps ffff8be52000-ffff8be5f000 rw-p 00000000 00:00 0 
a11maps ffff8be60000-ffff8bee2000 r-xp 00000000 00:03 863                        /usr/lib/aarch64-linux-gnu/libm.so.6
a11maps ffff8bee2000-ffff8beff000 ---p 00082000 00:03 863                        /usr/lib/aarch64-linux-gnu/libm.so.6
a11maps ffff8beff000-ffff8bf00000 r--p 0008f000 00:03 863                        /usr/lib/aarch64-linux-gnu/libm.so.6
a11maps ffff8bf00000-ffff8bf01000 rw-p 00090000 00:03 863                        /usr/lib/aarch64-linux-gnu/libm.so.6
a11maps ffff8bf0a000-ffff8bf31000 r-xp 00000000 00:03 796                        /usr/lib/aarch64-linux-gnu/ld-linux-aarch64.so.1
a11maps ffff8bf3b000-ffff8bf3f000 rw-p 00000000 00:00 0 
a11maps ffff8bf41000-ffff8bf43000 rw-p 00000000 00:00 0 
a11maps ffff8bf43000-ffff8bf47000 r--p 00000000 00:00 0                          [vvar]
a11maps ffff8bf47000-ffff8bf48000 r-xp 00000000 00:00 0                          [vdso]
a11maps ffff8bf48000-ffff8bf4a000 r--p 0002e000 00:03 796                        /usr/lib/aarch64-linux-gnu/ld-linux-aarch64.so.1
a11maps ffff8bf4a000-ffff8bf4c000 rw-p 00030000 00:03 796                        /usr/lib/aarch64-linux-gnu/ld-linux-aarch64.so.1
a11maps fffff18e0000-fffff1901000 rw-p 00000000 00:00 0                          [stack]
a11 point=off pass=1 test=set requests=200000 rps=221729.48 hook_calls=0 syscalls_in_kernel=0 fragment_entries=0 fpsimd_entries=0 fpsimd_restores=0 chains=0 chain_cap=0 exit_svc=0 exit_bl=0 exit_blr=0 exit_br=0 exit_ret=0 exit_mem=0 exit_unsupported=0 exit_budget=0 run_declined=0 ibtc_insert=0 ibtc_replace=0 ibtc_clear=0 ibtc_fpsimd_boundary=0 ibtc_miss_cold=0 ibtc_miss_conflict=0 ibtc_miss_other=0 fpsimd_run_max_ns=111916 miss_residual=0
a11slots point=off pass=1 test=set # table all conflicts 0 slots 0 top32 0
a11slots point=off pass=1 test=set # table nofp conflicts 0 slots 0 top32 0
a11 point=off pass=1 test=get requests=200000 rps=235849.06 hook_calls=0 syscalls_in_kernel=0 fragment_entries=0 fpsimd_entries=0 fpsimd_restores=0 chains=0 chain_cap=0 exit_svc=0 exit_bl=0 exit_blr=0 exit_br=0 exit_ret=0 exit_mem=0 exit_unsupported=0 exit_budget=0 run_declined=0 ibtc_insert=0 ibtc_replace=0 ibtc_clear=0 ibtc_fpsimd_boundary=0 ibtc_miss_cold=0 ibtc_miss_conflict=0 ibtc_miss_other=0 fpsimd_run_max_ns=111916 miss_residual=0
a11slots point=off pass=1 test=get # table all conflicts 0 slots 0 top32 0
a11slots point=off pass=1 test=get # table nofp conflicts 0 slots 0 top32 0
a11 point=1024 pass=1 test=set requests=200000 rps=126103.41 hook_calls=408769 syscalls_in_kernel=384530 fragment_entries=2365765 fpsimd_entries=788457 fpsimd_restores=0 chains=1957800 chain_cap=0 exit_svc=384530 exit_bl=18944 exit_blr=575666 exit_br=593166 exit_ret=788158 exit_mem=0 exit_unsupported=5301 exit_budget=0 run_declined=12 ibtc_insert=2338695 ibtc_replace=2338166 ibtc_clear=0 ibtc_fpsimd_boundary=788452 ibtc_miss_cold=17944 ibtc_miss_conflict=1169538 ibtc_miss_other=0 fpsimd_run_max_ns=150625 miss_residual=0
a11slots point=1024 pass=1 test=set # table all conflicts 775216 slots 4 top32 775216
a11slots point=1024 pass=1 test=set all 1683 394478 0xaaaadcbe51a8 0xaaaadcbf11bc
a11slots point=1024 pass=1 test=set all 801 368475 0xaaaadcbfc778 0xaaaadcbf4770
a11slots point=1024 pass=1 test=set all 1514 12064 0xaaaadcc99b30 0xaaaadcbfdc54
a11slots point=1024 pass=1 test=set all 573 199 0xaaaadcd245d0 0xaaaadcbd4320
a11slots point=1024 pass=1 test=set # table nofp conflicts 394322 slots 4 top32 394322
a11slots point=1024 pass=1 test=set nofp 237 387019 0xaaaadcbd4860 0xaaaadcc10fa4
a11slots point=1024 pass=1 test=set nofp 801 7300 0xaaaadcbf4770 0xaaaadcbfc778
a11slots point=1024 pass=1 test=set nofp 1683 2 0xaaaadcbe51a8 0xaaaadcbf11bc
a11slots point=1024 pass=1 test=set nofp 1514 1 0xaaaadcc99b30 0xaaaadcbfdc54
a11 point=1024 pass=1 test=get requests=200000 rps=147058.83 hook_calls=408731 syscalls_in_kernel=398645 fragment_entries=1469753 fpsimd_entries=615128 fpsimd_restores=0 chains=1061581 chain_cap=0 exit_svc=398645 exit_bl=24010 exit_blr=94 exit_br=400704 exit_ret=638613 exit_mem=0 exit_unsupported=7687 exit_budget=0 run_declined=24 ibtc_insert=892909 ibtc_replace=892880 ibtc_clear=0 ibtc_fpsimd_boundary=615126 ibtc_miss_cold=1507 ibtc_miss_conflict=446788 ibtc_miss_other=0 fpsimd_run_max_ns=208333 miss_residual=0
a11slots point=1024 pass=1 test=get # table all conflicts 415736 slots 5 top32 415736
a11slots point=1024 pass=1 test=get all 1683 392114 0xaaaadcbe51a8 0xaaaadcbf11bc
a11slots point=1024 pass=1 test=get all 1514 15374 0xaaaadcc99b30 0xaaaadcbfdc54
a11slots point=1024 pass=1 test=get all 1197 7850 0xaaaadcbf1944 0xaaaadcbed958
a11slots point=1024 pass=1 test=get all 573 220 0xaaaadcd245d0 0xaaaadcbd4320
a11slots point=1024 pass=1 test=get all 1211 178 0xaaaadcbf191c 0xaaaadcbed900
a11slots point=1024 pass=1 test=get # table nofp conflicts 31052 slots 3 top32 31052
a11slots point=1024 pass=1 test=get nofp 1211 15468 0xaaaadcbed900 0xaaaadcbf191c
a11slots point=1024 pass=1 test=get nofp 1683 7798 0xaaaadcbe51a8 0xaaaadcbf11bc
a11slots point=1024 pass=1 test=get nofp 1197 7786 0xaaaadcbed958 0xaaaadcbf1944
a11 point=off pass=2 test=set requests=200000 rps=235571.27 hook_calls=0 syscalls_in_kernel=0 fragment_entries=0 fpsimd_entries=0 fpsimd_restores=0 chains=0 chain_cap=0 exit_svc=0 exit_bl=0 exit_blr=0 exit_br=0 exit_ret=0 exit_mem=0 exit_unsupported=0 exit_budget=0 run_declined=0 ibtc_insert=0 ibtc_replace=0 ibtc_clear=0 ibtc_fpsimd_boundary=0 ibtc_miss_cold=0 ibtc_miss_conflict=0 ibtc_miss_other=0 fpsimd_run_max_ns=208333 miss_residual=0
a11slots point=off pass=2 test=set # table all conflicts 0 slots 0 top32 0
a11slots point=off pass=2 test=set # table nofp conflicts 0 slots 0 top32 0
a11 point=off pass=2 test=get requests=200000 rps=238379.03 hook_calls=0 syscalls_in_kernel=0 fragment_entries=0 fpsimd_entries=0 fpsimd_restores=0 chains=0 chain_cap=0 exit_svc=0 exit_bl=0 exit_blr=0 exit_br=0 exit_ret=0 exit_mem=0 exit_unsupported=0 exit_budget=0 run_declined=0 ibtc_insert=0 ibtc_replace=0 ibtc_clear=0 ibtc_fpsimd_boundary=0 ibtc_miss_cold=0 ibtc_miss_conflict=0 ibtc_miss_other=0 fpsimd_run_max_ns=208333 miss_residual=0
a11slots point=off pass=2 test=get # table all conflicts 0 slots 0 top32 0
a11slots point=off pass=2 test=get # table nofp conflicts 0 slots 0 top32 0
a11 point=1024 pass=2 test=set requests=200000 rps=123839.01 hook_calls=408691 syscalls_in_kernel=399676 fragment_entries=2435961 fpsimd_entries=814380 fpsimd_restores=0 chains=2027836 chain_cap=0 exit_svc=399676 exit_bl=15809 exit_blr=599088 exit_br=607038 exit_ret=806676 exit_mem=2 exit_unsupported=7672 exit_budget=0 run_declined=27 ibtc_insert=2426912 ibtc_replace=2426912 ibtc_clear=0 ibtc_fpsimd_boundary=814380 ibtc_miss_cold=551 ibtc_miss_conflict=1213680 ibtc_miss_other=0 fpsimd_run_max_ns=461500 miss_residual=0
a11slots point=1024 pass=2 test=set # table all conflicts 806574 slots 4 top32 806574
a11slots point=1024 pass=2 test=set all 1683 399420 0xaaaadcbe51a8 0xaaaadcbf11bc
a11slots point=1024 pass=2 test=set all 801 391588 0xaaaadcbfc778 0xaaaadcbf4770
a11slots point=1024 pass=2 test=set all 1514 15342 0xaaaadcc99b30 0xaaaadcbfdc54
a11slots point=1024 pass=2 test=set all 573 224 0xaaaadcd245d0 0xaaaadcbd4320
a11slots point=1024 pass=2 test=set # table nofp conflicts 407106 slots 2 top32 407106
a11slots point=1024 pass=2 test=set nofp 237 399416 0xaaaadcbd4860 0xaaaadcc10fa4
a11slots point=1024 pass=2 test=set nofp 801 7690 0xaaaadcbf4770 0xaaaadcbfc778
a11 point=1024 pass=2 test=get requests=200000 rps=137457.05 hook_calls=409036 syscalls_in_kernel=399713 fragment_entries=1473165 fpsimd_entries=616133 fpsimd_restores=0 chains=1064683 chain_cap=0 exit_svc=399713 exit_bl=24646 exit_blr=23 exit_br=400165 exit_ret=640550 exit_mem=0 exit_unsupported=8068 exit_budget=0 run_declined=17 ibtc_insert=897100 ibtc_replace=897100 ibtc_clear=0 ibtc_fpsimd_boundary=616133 ibtc_miss_cold=509 ibtc_miss_conflict=448742 ibtc_miss_other=0 fpsimd_run_max_ns=2241166 miss_residual=0
a11slots point=1024 pass=2 test=get # table all conflicts 416325 slots 5 top32 416325
a11slots point=1024 pass=2 test=get all 1683 391779 0xaaaadcbe51a8 0xaaaadcbf11bc
a11slots point=1024 pass=2 test=get all 1514 16136 0xaaaadcc99b30 0xaaaadcbfdc54
a11slots point=1024 pass=2 test=get all 1197 8143 0xaaaadcbf1944 0xaaaadcbed958
a11slots point=1024 pass=2 test=get all 573 192 0xaaaadcd245d0 0xaaaadcbd4320
a11slots point=1024 pass=2 test=get all 1211 75 0xaaaadcbf191c 0xaaaadcbed900
a11slots point=1024 pass=2 test=get # table nofp conflicts 32417 slots 3 top32 32417
a11slots point=1024 pass=2 test=get nofp 1211 16131 0xaaaadcbed900 0xaaaadcbf191c
a11slots point=1024 pass=2 test=get nofp 1197 8143 0xaaaadcbed958 0xaaaadcbf1944
a11slots point=1024 pass=2 test=get nofp 1683 8143 0xaaaadcbe51a8 0xaaaadcbf11bc
a11 point=off pass=3 test=set requests=200000 rps=161290.33 hook_calls=0 syscalls_in_kernel=0 fragment_entries=0 fpsimd_entries=0 fpsimd_restores=0 chains=0 chain_cap=0 exit_svc=0 exit_bl=0 exit_blr=0 exit_br=0 exit_ret=0 exit_mem=0 exit_unsupported=0 exit_budget=0 run_declined=0 ibtc_insert=0 ibtc_replace=0 ibtc_clear=0 ibtc_fpsimd_boundary=0 ibtc_miss_cold=0 ibtc_miss_conflict=0 ibtc_miss_other=0 fpsimd_run_max_ns=2241166 miss_residual=0
a11slots point=off pass=3 test=set # table all conflicts 0 slots 0 top32 0
a11slots point=off pass=3 test=set # table nofp conflicts 0 slots 0 top32 0
a11 point=off pass=3 test=get requests=200000 rps=220994.48 hook_calls=0 syscalls_in_kernel=0 fragment_entries=0 fpsimd_entries=0 fpsimd_restores=0 chains=0 chain_cap=0 exit_svc=0 exit_bl=0 exit_blr=0 exit_br=0 exit_ret=0 exit_mem=0 exit_unsupported=0 exit_budget=0 run_declined=0 ibtc_insert=0 ibtc_replace=0 ibtc_clear=0 ibtc_fpsimd_boundary=0 ibtc_miss_cold=0 ibtc_miss_conflict=0 ibtc_miss_other=0 fpsimd_run_max_ns=2241166 miss_residual=0
a11slots point=off pass=3 test=get # table all conflicts 0 slots 0 top32 0
a11slots point=off pass=3 test=get # table nofp conflicts 0 slots 0 top32 0
a11 point=1024 pass=3 test=set requests=200000 rps=119331.74 hook_calls=408663 syscalls_in_kernel=399594 fragment_entries=2435080 fpsimd_entries=814080 fpsimd_restores=0 chains=2026972 chain_cap=0 exit_svc=399594 exit_bl=15860 exit_blr=598820 exit_br=606837 exit_ret=806315 exit_mem=6 exit_unsupported=7648 exit_budget=0 run_declined=15 ibtc_insert=2425784 ibtc_replace=2425784 ibtc_clear=0 ibtc_fpsimd_boundary=814080 ibtc_miss_cold=544 ibtc_miss_conflict=1213208 ibtc_miss_other=0 fpsimd_run_max_ns=2241166 miss_residual=0
a11slots point=1024 pass=3 test=set # table all conflicts 806284 slots 4 top32 806284
a11slots point=1024 pass=3 test=set all 1683 399260 0xaaaadcbe51a8 0xaaaadcbf11bc
a11slots point=1024 pass=3 test=set all 801 391413 0xaaaadcbfc778 0xaaaadcbf4770
a11slots point=1024 pass=3 test=set all 1514 15296 0xaaaadcc99b30 0xaaaadcbfdc54
a11slots point=1024 pass=3 test=set all 573 315 0xaaaadcd245d0 0xaaaadcbd4320
a11slots point=1024 pass=3 test=set # table nofp conflicts 406924 slots 2 top32 406924
a11slots point=1024 pass=3 test=set nofp 237 399257 0xaaaadcbd4860 0xaaaadcc10fa4
a11slots point=1024 pass=3 test=set nofp 801 7667 0xaaaadcbf4770 0xaaaadcbfc778
a11 point=1024 pass=3 test=get requests=200000 rps=150715.89 hook_calls=408662 syscalls_in_kernel=399752 fragment_entries=1469860 fpsimd_entries=615383 fpsimd_restores=0 chains=1061753 chain_cap=0 exit_svc=399752 exit_bl=23518 exit_blr=25 exit_br=400136 exit_ret=638735 exit_mem=0 exit_unsupported=7694 exit_budget=0 run_declined=20 ibtc_insert=892740 ibtc_replace=892740 ibtc_clear=0 ibtc_fpsimd_boundary=615383 ibtc_miss_cold=505 ibtc_miss_conflict=446526 ibtc_miss_other=0 fpsimd_run_max_ns=2241166 miss_residual=0
a11slots point=1024 pass=3 test=get # table all conflicts 415540 slots 5 top32 415540
a11slots point=1024 pass=3 test=get all 1683 392156 0xaaaadcbe51a8 0xaaaadcbf11bc
a11slots point=1024 pass=3 test=get all 1514 15388 0xaaaadcc99b30 0xaaaadcbfdc54
a11slots point=1024 pass=3 test=get all 1197 7767 0xaaaadcbf1944 0xaaaadcbed958
a11slots point=1024 pass=3 test=get all 573 156 0xaaaadcd245d0 0xaaaadcbd4320
a11slots point=1024 pass=3 test=get all 1211 73 0xaaaadcbf191c 0xaaaadcbed900
a11slots point=1024 pass=3 test=get # table nofp conflicts 30986 slots 3 top32 30986
a11slots point=1024 pass=3 test=get nofp 1211 15453 0xaaaadcbed900 0xaaaadcbf191c
a11slots point=1024 pass=3 test=get nofp 1197 7767 0xaaaadcbed958 0xaaaadcbf1944
a11slots point=1024 pass=3 test=get nofp 1683 7766 0xaaaadcbe51a8 0xaaaadcbf11bc
a11maps-end aaaadcb60000-aaaadcdb0000 r-xp 00000000 00:03 4263                       /opt/redis/src/redis-server
a11maps-end aaaadcdb9000-aaaadcdc0000 r--p 00259000 00:03 4263                       /opt/redis/src/redis-server
a11maps-end aaaadcdc0000-aaaadce19000 rw-p 00260000 00:03 4263                       /opt/redis/src/redis-server
a11maps-end aaaadce19000-aaaadd04c000 rw-p 00000000 00:00 0 
a11maps-end aaab1aab0000-aaab1aad1000 rw-p 00000000 00:00 0                          [heap]
a11maps-end ffff89140000-ffff893c0000 rw-p 00000000 00:00 0 
a11maps-end ffff893c0000-ffff893d0000 ---p 00000000 00:00 0 
a11maps-end ffff893d0000-ffff89bd0000 rw-p 00000000 00:00 0 
a11maps-end ffff89bd0000-ffff89be0000 ---p 00000000 00:00 0 
a11maps-end ffff89be0000-ffff8a3e0000 rw-p 00000000 00:00 0 
a11maps-end ffff8a3e0000-ffff8a3f0000 ---p 00000000 00:00 0 
a11maps-end ffff8a3f0000-ffff8abf0000 rw-p 00000000 00:00 0 
a11maps-end ffff8abf0000-ffff8ac00000 ---p 00000000 00:00 0 
a11maps-end ffff8ac00000-ffff8b400000 rw-p 00000000 00:00 0 
a11maps-end ffff8b400000-ffff8bc00000 rw-p 00000000 00:00 0 
a11maps-end ffff8bcb0000-ffff8be3c000 r-xp 00000000 00:03 816                        /usr/lib/aarch64-linux-gnu/libc.so.6
a11maps-end ffff8be3c000-ffff8be4c000 ---p 0018c000 00:03 816                        /usr/lib/aarch64-linux-gnu/libc.so.6
a11maps-end ffff8be4c000-ffff8be50000 r--p 0018c000 00:03 816                        /usr/lib/aarch64-linux-gnu/libc.so.6
a11maps-end ffff8be50000-ffff8be52000 rw-p 00190000 00:03 816                        /usr/lib/aarch64-linux-gnu/libc.so.6
a11maps-end ffff8be52000-ffff8be5f000 rw-p 00000000 00:00 0 
a11maps-end ffff8be60000-ffff8bee2000 r-xp 00000000 00:03 863                        /usr/lib/aarch64-linux-gnu/libm.so.6
a11maps-end ffff8bee2000-ffff8beff000 ---p 00082000 00:03 863                        /usr/lib/aarch64-linux-gnu/libm.so.6
a11maps-end ffff8beff000-ffff8bf00000 r--p 0008f000 00:03 863                        /usr/lib/aarch64-linux-gnu/libm.so.6
a11maps-end ffff8bf00000-ffff8bf01000 rw-p 00090000 00:03 863                        /usr/lib/aarch64-linux-gnu/libm.so.6
a11maps-end ffff8bf0a000-ffff8bf31000 r-xp 00000000 00:03 796                        /usr/lib/aarch64-linux-gnu/ld-linux-aarch64.so.1
a11maps-end ffff8bf3b000-ffff8bf3f000 rw-p 00000000 00:00 0 
a11maps-end ffff8bf41000-ffff8bf43000 rw-p 00000000 00:00 0 
a11maps-end ffff8bf43000-ffff8bf47000 r--p 00000000 00:00 0                          [vvar]
a11maps-end ffff8bf47000-ffff8bf48000 r-xp 00000000 00:00 0                          [vdso]
a11maps-end ffff8bf48000-ffff8bf4a000 r--p 0002e000 00:03 796                        /usr/lib/aarch64-linux-gnu/ld-linux-aarch64.so.1
a11maps-end ffff8bf4a000-ffff8bf4c000 rw-p 00030000 00:03 796                        /usr/lib/aarch64-linux-gnu/ld-linux-aarch64.so.1
a11maps-end fffff18e0000-fffff1901000 rw-p 00000000 00:00 0                          [stack]
a11: done
[   35.888746] kjit: 0 of 295 translation requests still queued at unload (freed by the kernel)
[   35.916175] rust_kjit: ######## Rust KJIT exits ########
kjit-init: rmmod kjit ok
kjit-init: run exit=0
[   35.943205] reboot: Power down
guest-run: PASS (/Volumes/Local/kjit-a4b2/build/runs/meas-v1-20261009-024556/serial.log)
grun: rc=0 run_dir=/Volumes/Local/kjit-a4b2/build/runs/meas-v1-20261009-024556
