[    0.000000] Booting Linux on physical CPU 0x0000000000 [0x610f0000]
[    0.000000] Linux version 7.1.0-rc1 (@6906d107117b) (Ubuntu clang version 18.1.3 (1ubuntu1), Ubuntu LLD 18.1.3) #1 SMP PREEMPT Fri Oct  2 08:37:58 UTC 2026
[    0.000000] random: crng init done
[    0.000000] Machine model: linux,dummy-virt
[    0.000000] OF: reserved mem: Reserved memory: No reserved-memory node in the DT
[    0.000000] psci: probing for conduit method from DT.
[    0.000000] psci: PSCIv1.1 detected in firmware.
[    0.000000] psci: Using standard PSCI v0.2 function IDs
[    0.000000] psci: Trusted OS migration not required
[    0.000000] psci: SMC Calling Convention v1.0
[    0.000000] Zone ranges:
[    0.000000]   Normal   [mem 0x0000000040000000-0x000000013fffffff]
[    0.000000] Movable zone start for each node
[    0.000000] Early memory node ranges
[    0.000000]   node   0: [mem 0x0000000040000000-0x000000013fffffff]
[    0.000000] Initmem setup node 0 [mem 0x0000000040000000-0x000000013fffffff]
[    0.000000] percpu: Embedded 19 pages/cpu s38488 r8192 d31144 u77824
[    0.000000] Detected PIPT I-cache on CPU0
[    0.000000] CPU features: detected: Address authentication (IMP DEF algorithm)
[    0.000000] CPU features: detected: Spectre-v4
[    0.000000] CPU features: detected: Spectre-BHB
[    0.000000] alternatives: applying boot alternatives
[    0.000000] Kernel command line: console=ttyAMA0 panic=-1 nokaslr
[    0.000000] Unknown kernel command line parameters "nokaslr", will be passed to user space.
[    0.000000] printk: log buffer data + meta data: 131072 + 458752 = 589824 bytes
[    0.000000] Dentry cache hash table entries: 524288 (order: 10, 4194304 bytes, linear)
[    0.000000] Inode-cache hash table entries: 262144 (order: 9, 2097152 bytes, linear)
[    0.000000] software IO TLB: SWIOTLB bounce buffer size adjusted to 4MB
[    0.000000] software IO TLB: area num 4.
[    0.000000] software IO TLB: mapped [mem 0x000000013ac00000-0x000000013b000000] (4MB)
[    0.000000] Built 1 zonelists, mobility grouping on.  Total pages: 1048576
[    0.000000] mem auto-init: stack:all(zero), heap alloc:off, heap free:off
[    0.000000] SLUB: HWalign=64, Order=0-3, MinObjects=0, CPUs=4, Nodes=1
[    0.000000] rcu: Preemptible hierarchical RCU implementation.
[    0.000000] rcu: 	RCU restricting CPUs from NR_CPUS=512 to nr_cpu_ids=4.
[    0.000000] rcu: RCU calculated value of scheduler-enlistment delay is 25 jiffies.
[    0.000000] rcu: Adjusting geometry for rcu_fanout_leaf=16, nr_cpu_ids=4
[    0.000000] NR_IRQS: 64, nr_irqs: 64, preallocated irqs: 0
[    0.000000] Root IRQ handler: gic_handle_irq
[    0.000000] GICv2m: range[mem 0x08020000-0x08020fff], SPI[80:143]
[    0.000000] rcu: srcu_init: Setting srcu_struct sizes based on contention.
[    0.000000] arch_timer: cp15 timer running at 24.00MHz (virt).
[    0.000000] clocksource: arch_sys_counter: mask: 0xffffffffffffff max_cycles: 0x588fe9dc0, max_idle_ns: 440795202592 ns
[    0.000000] sched_clock: 56 bits at 24MHz, resolution 41ns, wraps every 4398046511097ns
[    0.000091] Console: colour dummy device 80x25
[    0.000098] Calibrating delay loop (skipped), value calculated using timer frequency.. 48.00 BogoMIPS (lpj=96000)
[    0.000101] pid_max: default: 32768 minimum: 301
[    0.000288] Mount-cache hash table entries: 8192 (order: 4, 65536 bytes, linear)
[    0.000305] Mountpoint-cache hash table entries: 8192 (order: 4, 65536 bytes, linear)
[    0.000399] VFS: Finished mounting rootfs on nullfs
[    0.000572] cacheinfo: Unable to detect cache hierarchy for CPU 0
[    0.000706] rcu: Hierarchical SRCU implementation.
[    0.000707] rcu: 	Max phase no-delay instances is 1000.
[    0.000725] Timer migration: 1 hierarchy levels; 8 children per group; 1 crossnode level
[    0.000821] smp: Bringing up secondary CPUs ...
[    0.001029] Detected PIPT I-cache on CPU1
[    0.001120] CPU1: Booted secondary processor 0x0000000001 [0x610f0000]
[    0.001359] Detected PIPT I-cache on CPU2
[    0.001453] CPU2: Booted secondary processor 0x0000000002 [0x610f0000]
[    0.001667] Detected PIPT I-cache on CPU3
[    0.001771] CPU3: Booted secondary processor 0x0000000003 [0x610f0000]
[    0.001851] smp: Brought up 1 node, 4 CPUs
[    0.001852] SMP: Total of 4 processors activated.
[    0.001852] CPU: All CPU(s) started at EL1
[    0.001853] CPU features: detected: ARMv8.4 Translation Table Level
[    0.001853] CPU features: detected: Data cache clean to the PoU not required for I/D coherence
[    0.001854] CPU features: detected: CRC32 instructions
[    0.001854] CPU features: detected: Data independent timing control (DIT)
[    0.001855] CPU features: detected: E0PD
[    0.001855] CPU features: detected: Generic authentication (IMP DEF algorithm)
[    0.001856] CPU features: detected: RCpc load-acquire (LDAPR)
[    0.001856] CPU features: detected: LSE atomic instructions
[    0.001856] CPU features: detected: Privileged Access Never
[    0.001857] CPU features: detected: Speculation barrier (SB)
[    0.001857] CPU features: detected: TLB range maintenance instructions
[    0.001857] CPU features: detected: XNX
[    0.001943] alternatives: applying system-wide alternatives
[    0.003021] Memory: 3934216K/4194304K available (5248K kernel code, 754K rwdata, 2356K rodata, 576K init, 405K bss, 256908K reserved, 0K cma-reserved)
[    0.003792] devtmpfs: initialized
[    0.004076] clocksource: jiffies: mask: 0xffffffff max_cycles: 0xffffffff, max_idle_ns: 7645041785100000 ns
[    0.004080] posixtimers hash table entries: 2048 (order: 3, 32768 bytes, linear)
[    0.004096] futex hash table entries: 1024 (65536 bytes on 1 NUMA nodes, total 64 KiB, linear).
[    0.004101] 30384 pages in range for non-PLT usage
[    0.004101] 521904 pages in range for PLT usage
[    0.004160] NET: Registered PF_NETLINK/PF_ROUTE protocol family
[    0.004454] DMA: preallocated 512 KiB GFP_KERNEL pool for atomic allocations
[    0.004509] ASID allocator initialised with 256 entries
[    0.004517] Serial: AMBA PL011 UART driver
[    0.004957] 9000000.pl011: ttyAMA0 at MMIO 0x9000000 (irq = 13, base_baud = 0) is a PL011 rev1
[    0.005156] printk: console [ttyAMA0] enabled
[    0.011021] vgaarb: loaded
[    0.011332] clocksource: Switched to clocksource arch_sys_counter
[    0.020620] NET: Registered PF_INET protocol family
[    0.020696] IP idents hash table entries: 65536 (order: 7, 524288 bytes, linear)
[    0.021117] tcp_listen_portaddr_hash hash table entries: 2048 (order: 3, 32768 bytes, linear)
[    0.021124] Table-perturb hash table entries: 65536 (order: 6, 262144 bytes, linear)
[    0.021126] TCP established hash table entries: 32768 (order: 6, 262144 bytes, linear)
[    0.021178] TCP bind hash table entries: 32768 (order: 8, 1048576 bytes, linear)
[    0.021344] TCP: Hash tables configured (established 32768 bind 32768)
[    0.021370] UDP hash table entries: 2048 (order: 5, 131072 bytes, linear)
[    0.021402] NET: Registered PF_UNIX/PF_LOCAL protocol family
[    0.021409] PCI: CLS 0 bytes, default 64
[    0.021613] Unpacking initramfs...
[    0.024222] workingset: timestamp_bits=46 (anon: 42) max_order=20 bucket_order=0 (anon: 0)
[    0.024417] 9p: Installing v9fs 9p2000 file system support
[    0.024814] pci-host-generic 4010000000.pcie: host bridge /pcie@10000000 ranges:
[    0.024820] pci-host-generic 4010000000.pcie:       IO 0x003eff0000..0x003effffff -> 0x0000000000
[    0.024822] pci-host-generic 4010000000.pcie:      MEM 0x0010000000..0x003efeffff -> 0x0010000000
[    0.024823] pci-host-generic 4010000000.pcie:      MEM 0x8000000000..0xffffffffff -> 0x8000000000
[    0.024829] pci-host-generic 4010000000.pcie: Memory resource size exceeds max for 32 bits
[    0.024838] pci-host-generic 4010000000.pcie: ECAM at [mem 0x4010000000-0x401fffffff] for [bus 00-ff]
[    0.024855] pci-host-generic 4010000000.pcie: PCI host bridge to bus 0000:00
[    0.024856] pci_bus 0000:00: root bus resource [bus 00-ff]
[    0.024857] pci_bus 0000:00: root bus resource [io  0x0000-0xffff]
[    0.024858] pci_bus 0000:00: root bus resource [mem 0x10000000-0x3efeffff]
[    0.024859] pci_bus 0000:00: root bus resource [mem 0x8000000000-0xffffffffff]
[    0.024878] pci 0000:00:00.0: [1b36:0008] type 00 class 0x060000 conventional PCI endpoint
[    0.025202] pci 0000:00:01.0: [1af4:1000] type 00 class 0x020000 conventional PCI endpoint
[    0.025321] pci 0000:00:01.0: BAR 0 [io  0x0000-0x001f]
[    0.025324] pci 0000:00:01.0: BAR 1 [mem 0x00000000-0x00000fff]
[    0.025334] pci 0000:00:01.0: BAR 4 [mem 0x00000000-0x00003fff 64bit pref]
[    0.025338] pci 0000:00:01.0: ROM [mem 0x00000000-0x0003ffff pref]
[    0.025735] pci 0000:00:02.0: [1af4:1009] type 00 class 0x000200 conventional PCI endpoint
[    0.025831] pci 0000:00:02.0: BAR 0 [io  0x0000-0x003f]
[    0.025834] pci 0000:00:02.0: BAR 1 [mem 0x00000000-0x00000fff]
[    0.025845] pci 0000:00:02.0: BAR 4 [mem 0x00000000-0x00003fff 64bit pref]
[    0.026255] pci 0000:00:03.0: [1af4:1005] type 00 class 0x00ff00 conventional PCI endpoint
[    0.026389] pci 0000:00:03.0: BAR 0 [io  0x0000-0x001f]
[    0.026393] pci 0000:00:03.0: BAR 1 [mem 0x00000000-0x00000fff]
[    0.026400] pci 0000:00:03.0: BAR 4 [mem 0x00000000-0x00003fff 64bit pref]
[    0.026736] pci 0000:00:01.0: ROM [mem 0x10000000-0x1003ffff pref]: assigned
[    0.026739] pci 0000:00:01.0: BAR 4 [mem 0x8000000000-0x8000003fff 64bit pref]: assigned
[    0.026759] pci 0000:00:02.0: BAR 4 [mem 0x8000004000-0x8000007fff 64bit pref]: assigned
[    0.026789] pci 0000:00:03.0: BAR 4 [mem 0x8000008000-0x800000bfff 64bit pref]: assigned
[    0.026804] pci 0000:00:01.0: BAR 1 [mem 0x10040000-0x10040fff]: assigned
[    0.026815] pci 0000:00:02.0: BAR 1 [mem 0x10041000-0x10041fff]: assigned
[    0.026819] pci 0000:00:03.0: BAR 1 [mem 0x10042000-0x10042fff]: assigned
[    0.026842] pci 0000:00:02.0: BAR 0 [io  0x1000-0x103f]: assigned
[    0.026847] pci 0000:00:01.0: BAR 0 [io  0x1040-0x105f]: assigned
[    0.026855] pci 0000:00:03.0: BAR 0 [io  0x1060-0x107f]: assigned
[    0.026870] pci_bus 0000:00: resource 4 [io  0x0000-0xffff]
[    0.026871] pci_bus 0000:00: resource 5 [mem 0x10000000-0x3efeffff]
[    0.026871] pci_bus 0000:00: resource 6 [mem 0x8000000000-0xffffffffff]
[    0.028142] virtio-pci 0000:00:01.0: enabling device (0000 -> 0003)
[    0.028903] virtio-pci 0000:00:02.0: enabling device (0000 -> 0003)
[    0.029580] virtio-pci 0000:00:03.0: enabling device (0000 -> 0003)
[    0.099944] rtc-pl031 9010000.pl031: registered as rtc0
[    0.099965] rtc-pl031 9010000.pl031: setting system clock to 2026-10-08T18:59:11 UTC (1791485951)
[    0.100170] NET: Registered PF_INET6 protocol family
[    0.100793] Segment Routing with IPv6
[    0.100800] In-situ OAM (IOAM) with IPv6
[    0.100816] sit: IPv6, IPv4 and MPLS over IPv4 tunneling driver
[    0.100951] NET: Registered PF_PACKET protocol family
[    0.100962] 9pnet: Installing 9P2000 support
[    0.106385] clk: Disabling unused clocks
[    0.128177] Freeing initrd memory: 161888K
[    0.128593] Freeing unused kernel memory: 576K
[    0.128635] Run /init as init process
[    0.144767] kjit: loading out-of-tree module taints kernel.
[    0.145727] rust_kjit: ######## Rust KJIT inits ########
[    0.145768] rust_kjit: kjit: dispatch variant 2
[    0.145806] rust_kjit: golden tests/arm64/toy_cfg.s:hot_svc_mark translated for dispatch variant 2; byte comparison skipped (reference is variant 0)
kjit-init: insmod kjit.ko ok
meas: variant=2
rep 0 variant=gpr enabled=0 outer=200000 calls=16 ns_per_outer=164.9 ns_per_call=10.31
rep 1 variant=gpr enabled=0 outer=200000 calls=16 ns_per_outer=177.0 ns_per_call=11.06
rep 2 variant=gpr enabled=0 outer=200000 calls=16 ns_per_outer=144.0 ns_per_call=9.00
rep 3 variant=gpr enabled=0 outer=200000 calls=16 ns_per_outer=145.8 ns_per_call=9.11
rep 4 variant=gpr enabled=0 outer=200000 calls=16 ns_per_outer=142.2 ns_per_call=8.89
rep 5 variant=gpr enabled=0 outer=200000 calls=16 ns_per_outer=142.1 ns_per_call=8.88
rep 6 variant=gpr enabled=0 outer=200000 calls=16 ns_per_outer=145.3 ns_per_call=9.08
result variant=gpr enabled=0 outer=200000 calls=16 reps=7 median_ns_per_outer=145.3 median_ns_per_call=9.08 min_ns_per_call=8.88 acc=25600000
[    0.411409] kjit: translate_svc_sites pid 69: 2 text ranges, 111 svc sites
[    0.411907] rust_kjit: kjit: pc 0x400fe8: installed 524 bytes, 0 fault sites, 2 entries, text 0x400fe8..0x400ff0, fpsimd false
[    0.412457] rust_kjit: kjit: pc 0x400fcc: installed 1088 bytes, 1 fault sites, 11 entries, text 0x400fbc..0x400fe8, fpsimd false
rep 0 variant=gpr enabled=1 outer=20000 calls=16 ns_per_outer=153.6 ns_per_call=9.60
rep 1 variant=gpr enabled=1 outer=20000 calls=16 ns_per_outer=152.9 ns_per_call=9.56
rep 2 variant=gpr enabled=1 outer=20000 calls=16 ns_per_outer=151.8 ns_per_call=9.48
rep 3 variant=gpr enabled=1 outer=20000 calls=16 ns_per_outer=154.2 ns_per_call=9.64
rep 4 variant=gpr enabled=1 outer=20000 calls=16 ns_per_outer=154.9 ns_per_call=9.68
rep 5 variant=gpr enabled=1 outer=20000 calls=16 ns_per_outer=155.2 ns_per_call=9.70
rep 6 variant=gpr enabled=1 outer=20000 calls=16 ns_per_outer=156.8 ns_per_call=9.80
result variant=gpr enabled=1 outer=20000 calls=16 reps=7 median_ns_per_outer=154.2 median_ns_per_call=9.64 min_ns_per_call=9.48 acc=2560000
counters variant=gpr timed_outer=140000 hook_calls=140045 syscalls_in_kernel=139965 fragment_entries=140045 fpsimd_entries=1 fpsimd_restores=0 chains=0 chain_cap=0 exit_svc=139965 exit_bl=0 exit_blr=0 exit_br=0 exit_ret=80 exit_mem=0 exit_unsupported=0 exit_budget=0 run_declined=0
rep 0 variant=fp enabled=0 outer=200000 calls=16 ns_per_outer=177.6 ns_per_call=11.10
rep 1 variant=fp enabled=0 outer=200000 calls=16 ns_per_outer=178.1 ns_per_call=11.13
rep 2 variant=fp enabled=0 outer=200000 calls=16 ns_per_outer=175.4 ns_per_call=10.96
rep 3 variant=fp enabled=0 outer=200000 calls=16 ns_per_outer=175.0 ns_per_call=10.93
rep 4 variant=fp enabled=0 outer=200000 calls=16 ns_per_outer=176.8 ns_per_call=11.05
rep 5 variant=fp enabled=0 outer=200000 calls=16 ns_per_outer=180.4 ns_per_call=11.27
rep 6 variant=fp enabled=0 outer=200000 calls=16 ns_per_outer=179.2 ns_per_call=11.20
result variant=fp enabled=0 outer=200000 calls=16 reps=7 median_ns_per_outer=177.6 median_ns_per_call=11.10 min_ns_per_call=10.93 acc=25600000
[    0.761283] kjit: translate_svc_sites pid 73: 2 text ranges, 111 svc sites
[    0.762293] rust_kjit: kjit: pc 0x401028: installed 532 bytes, 0 fault sites, 4 entries, text 0x401028..0x401038, fpsimd true
[    0.763203] rust_kjit: kjit: pc 0x40100c: installed 1088 bytes, 1 fault sites, 11 entries, text 0x400ffc..0x401028, fpsimd false
rep 0 variant=fp enabled=1 outer=20000 calls=16 ns_per_outer=217.7 ns_per_call=13.60
rep 1 variant=fp enabled=1 outer=20000 calls=16 ns_per_outer=217.9 ns_per_call=13.62
rep 2 variant=fp enabled=1 outer=20000 calls=16 ns_per_outer=217.1 ns_per_call=13.57
rep 3 variant=fp enabled=1 outer=20000 calls=16 ns_per_outer=220.6 ns_per_call=13.79
rep 4 variant=fp enabled=1 outer=20000 calls=16 ns_per_outer=211.9 ns_per_call=13.24
rep 5 variant=fp enabled=1 outer=20000 calls=16 ns_per_outer=218.8 ns_per_call=13.68
rep 6 variant=fp enabled=1 outer=20000 calls=16 ns_per_outer=218.0 ns_per_call=13.63
result variant=fp enabled=1 outer=20000 calls=16 reps=7 median_ns_per_outer=217.9 median_ns_per_call=13.62 min_ns_per_call=13.24 acc=2560000
counters variant=fp timed_outer=140000 hook_calls=140045 syscalls_in_kernel=139965 fragment_entries=280017 fpsimd_entries=139973 fpsimd_restores=0 chains=139972 chain_cap=0 exit_svc=139965 exit_bl=139972 exit_blr=0 exit_br=0 exit_ret=80 exit_mem=0 exit_unsupported=0 exit_budget=0 run_declined=0
rep 0 variant=gpr enabled=0 outer=200000 calls=128 ns_per_outer=255.5 ns_per_call=2.00
rep 1 variant=gpr enabled=0 outer=200000 calls=128 ns_per_outer=257.6 ns_per_call=2.01
rep 2 variant=gpr enabled=0 outer=200000 calls=128 ns_per_outer=254.7 ns_per_call=1.99
rep 3 variant=gpr enabled=0 outer=200000 calls=128 ns_per_outer=255.1 ns_per_call=1.99
rep 4 variant=gpr enabled=0 outer=200000 calls=128 ns_per_outer=253.5 ns_per_call=1.98
rep 5 variant=gpr enabled=0 outer=200000 calls=128 ns_per_outer=254.1 ns_per_call=1.99
rep 6 variant=gpr enabled=0 outer=200000 calls=128 ns_per_outer=253.9 ns_per_call=1.98
result variant=gpr enabled=0 outer=200000 calls=128 reps=7 median_ns_per_outer=254.7 median_ns_per_call=1.99 min_ns_per_call=1.98 acc=204800000
[    1.245597] kjit: translate_svc_sites pid 75: 2 text ranges, 111 svc sites
[    1.246313] rust_kjit: kjit: pc 0x400fe8: installed 524 bytes, 0 fault sites, 2 entries, text 0x400fe8..0x400ff0, fpsimd false
[    1.247519] rust_kjit: kjit: pc 0x400fcc: installed 1088 bytes, 1 fault sites, 11 entries, text 0x400fbc..0x400fe8, fpsimd false
rep 0 variant=gpr enabled=1 outer=20000 calls=128 ns_per_outer=857.9 ns_per_call=6.70
rep 1 variant=gpr enabled=1 outer=20000 calls=128 ns_per_outer=851.3 ns_per_call=6.65
rep 2 variant=gpr enabled=1 outer=20000 calls=128 ns_per_outer=840.0 ns_per_call=6.56
rep 3 variant=gpr enabled=1 outer=20000 calls=128 ns_per_outer=861.1 ns_per_call=6.73
rep 4 variant=gpr enabled=1 outer=20000 calls=128 ns_per_outer=834.3 ns_per_call=6.52
rep 5 variant=gpr enabled=1 outer=20000 calls=128 ns_per_outer=841.9 ns_per_call=6.58
rep 6 variant=gpr enabled=1 outer=20000 calls=128 ns_per_outer=840.9 ns_per_call=6.57
result variant=gpr enabled=1 outer=20000 calls=128 reps=7 median_ns_per_outer=841.9 median_ns_per_call=6.58 min_ns_per_call=6.52 acc=20480000
counters variant=gpr timed_outer=140000 hook_calls=140045 syscalls_in_kernel=139965 fragment_entries=140045 fpsimd_entries=1 fpsimd_restores=0 chains=0 chain_cap=0 exit_svc=139965 exit_bl=0 exit_blr=0 exit_br=0 exit_ret=80 exit_mem=0 exit_unsupported=0 exit_budget=0 run_declined=0
rep 0 variant=fp enabled=0 outer=200000 calls=128 ns_per_outer=529.1 ns_per_call=4.13
rep 1 variant=fp enabled=0 outer=200000 calls=128 ns_per_outer=532.1 ns_per_call=4.16
rep 2 variant=fp enabled=0 outer=200000 calls=128 ns_per_outer=536.0 ns_per_call=4.19
rep 3 variant=fp enabled=0 outer=200000 calls=128 ns_per_outer=534.8 ns_per_call=4.18
rep 4 variant=fp enabled=0 outer=200000 calls=128 ns_per_outer=536.3 ns_per_call=4.19
rep 5 variant=fp enabled=0 outer=200000 calls=128 ns_per_outer=531.2 ns_per_call=4.15
rep 6 variant=fp enabled=0 outer=200000 calls=128 ns_per_outer=531.8 ns_per_call=4.15
result variant=fp enabled=0 outer=200000 calls=128 reps=7 median_ns_per_outer=532.1 median_ns_per_call=4.16 min_ns_per_call=4.13 acc=204800000
[    2.273204] kjit: translate_svc_sites pid 77: 2 text ranges, 111 svc sites
[    2.273587] rust_kjit: kjit: pc 0x401028: installed 532 bytes, 0 fault sites, 4 entries, text 0x401028..0x401038, fpsimd true
[    2.274717] rust_kjit: kjit: pc 0x40100c: installed 1088 bytes, 1 fault sites, 11 entries, text 0x400ffc..0x401028, fpsimd false
rep 0 variant=fp enabled=1 outer=20000 calls=128 ns_per_outer=936.2 ns_per_call=7.31
rep 1 variant=fp enabled=1 outer=20000 calls=128 ns_per_outer=968.1 ns_per_call=7.56
rep 2 variant=fp enabled=1 outer=20000 calls=128 ns_per_outer=913.1 ns_per_call=7.13
rep 3 variant=fp enabled=1 outer=20000 calls=128 ns_per_outer=932.0 ns_per_call=7.28
rep 4 variant=fp enabled=1 outer=20000 calls=128 ns_per_outer=913.0 ns_per_call=7.13
rep 5 variant=fp enabled=1 outer=20000 calls=128 ns_per_outer=910.3 ns_per_call=7.11
rep 6 variant=fp enabled=1 outer=20000 calls=128 ns_per_outer=924.9 ns_per_call=7.23
result variant=fp enabled=1 outer=20000 calls=128 reps=7 median_ns_per_outer=924.9 median_ns_per_call=7.23 min_ns_per_call=7.11 acc=20480000
counters variant=fp timed_outer=140000 hook_calls=140045 syscalls_in_kernel=139965 fragment_entries=280017 fpsimd_entries=139973 fpsimd_restores=0 chains=139972 chain_cap=0 exit_svc=139965 exit_bl=139972 exit_blr=0 exit_br=0 exit_ret=80 exit_mem=0 exit_unsupported=0 exit_budget=0 run_declined=0
rep 0 variant=gpr enabled=0 outer=200000 calls=256 ns_per_outer=375.8 ns_per_call=1.47
rep 1 variant=gpr enabled=0 outer=200000 calls=256 ns_per_outer=375.0 ns_per_call=1.46
rep 2 variant=gpr enabled=0 outer=200000 calls=256 ns_per_outer=386.2 ns_per_call=1.51
rep 3 variant=gpr enabled=0 outer=200000 calls=256 ns_per_outer=379.9 ns_per_call=1.48
rep 4 variant=gpr enabled=0 outer=200000 calls=256 ns_per_outer=376.9 ns_per_call=1.47
rep 5 variant=gpr enabled=0 outer=200000 calls=256 ns_per_outer=376.4 ns_per_call=1.47
rep 6 variant=gpr enabled=0 outer=200000 calls=256 ns_per_outer=375.1 ns_per_call=1.47
result variant=gpr enabled=0 outer=200000 calls=256 reps=7 median_ns_per_outer=376.4 median_ns_per_call=1.47 min_ns_per_call=1.46 acc=409600000
[    3.068137] kjit: translate_svc_sites pid 79: 2 text ranges, 111 svc sites
[    3.068238] rust_kjit: kjit: pc 0x400fe8: installed 524 bytes, 0 fault sites, 2 entries, text 0x400fe8..0x400ff0, fpsimd false
[    3.068706] rust_kjit: kjit: pc 0x400fcc: installed 1088 bytes, 1 fault sites, 11 entries, text 0x400fbc..0x400fe8, fpsimd false
rep 0 variant=gpr enabled=1 outer=20000 calls=256 ns_per_outer=1626.1 ns_per_call=6.35
rep 1 variant=gpr enabled=1 outer=20000 calls=256 ns_per_outer=1613.9 ns_per_call=6.30
rep 2 variant=gpr enabled=1 outer=20000 calls=256 ns_per_outer=1613.5 ns_per_call=6.30
rep 3 variant=gpr enabled=1 outer=20000 calls=256 ns_per_outer=1621.9 ns_per_call=6.34
rep 4 variant=gpr enabled=1 outer=20000 calls=256 ns_per_outer=1627.2 ns_per_call=6.36
rep 5 variant=gpr enabled=1 outer=20000 calls=256 ns_per_outer=1615.0 ns_per_call=6.31
rep 6 variant=gpr enabled=1 outer=20000 calls=256 ns_per_outer=1652.3 ns_per_call=6.45
result variant=gpr enabled=1 outer=20000 calls=256 reps=7 median_ns_per_outer=1621.9 median_ns_per_call=6.34 min_ns_per_call=6.30 acc=40960000
counters variant=gpr timed_outer=140000 hook_calls=140045 syscalls_in_kernel=139965 fragment_entries=140045 fpsimd_entries=1 fpsimd_restores=0 chains=0 chain_cap=0 exit_svc=139965 exit_bl=0 exit_blr=0 exit_br=0 exit_ret=80 exit_mem=0 exit_unsupported=0 exit_budget=0 run_declined=0
rep 0 variant=fp enabled=0 outer=200000 calls=256 ns_per_outer=948.5 ns_per_call=3.70
rep 1 variant=fp enabled=0 outer=200000 calls=256 ns_per_outer=943.1 ns_per_call=3.68
rep 2 variant=fp enabled=0 outer=200000 calls=256 ns_per_outer=945.4 ns_per_call=3.69
rep 3 variant=fp enabled=0 outer=200000 calls=256 ns_per_outer=943.1 ns_per_call=3.68
rep 4 variant=fp enabled=0 outer=200000 calls=256 ns_per_outer=943.7 ns_per_call=3.69
rep 5 variant=fp enabled=0 outer=200000 calls=256 ns_per_outer=941.2 ns_per_call=3.68
rep 6 variant=fp enabled=0 outer=200000 calls=256 ns_per_outer=947.6 ns_per_call=3.70
result variant=fp enabled=0 outer=200000 calls=256 reps=7 median_ns_per_outer=943.7 median_ns_per_call=3.69 min_ns_per_call=3.68 acc=409600000
[    4.880540] kjit: translate_svc_sites pid 83: 2 text ranges, 111 svc sites
[    4.880967] rust_kjit: kjit: pc 0x401028: installed 532 bytes, 0 fault sites, 4 entries, text 0x401028..0x401038, fpsimd true
[    4.881498] rust_kjit: kjit: pc 0x40100c: installed 1088 bytes, 1 fault sites, 11 entries, text 0x400ffc..0x401028, fpsimd false
rep 0 variant=fp enabled=1 outer=20000 calls=256 ns_per_outer=1698.8 ns_per_call=6.64
rep 1 variant=fp enabled=1 outer=20000 calls=256 ns_per_outer=1715.3 ns_per_call=6.70
rep 2 variant=fp enabled=1 outer=20000 calls=256 ns_per_outer=1697.8 ns_per_call=6.63
rep 3 variant=fp enabled=1 outer=20000 calls=256 ns_per_outer=1718.5 ns_per_call=6.71
rep 4 variant=fp enabled=1 outer=20000 calls=256 ns_per_outer=1715.3 ns_per_call=6.70
rep 5 variant=fp enabled=1 outer=20000 calls=256 ns_per_outer=1750.6 ns_per_call=6.84
rep 6 variant=fp enabled=1 outer=20000 calls=256 ns_per_outer=1694.8 ns_per_call=6.62
result variant=fp enabled=1 outer=20000 calls=256 reps=7 median_ns_per_outer=1715.3 median_ns_per_call=6.70 min_ns_per_call=6.62 acc=40960000
counters variant=fp timed_outer=140000 hook_calls=140045 syscalls_in_kernel=139965 fragment_entries=280017 fpsimd_entries=139973 fpsimd_restores=0 chains=139972 chain_cap=0 exit_svc=139965 exit_bl=139972 exit_blr=0 exit_br=0 exit_ret=80 exit_mem=0 exit_unsupported=0 exit_budget=0 run_declined=0
a11: ibtc_variant=2
a11: warm-up at off
a11maps aaaadb300000-aaaadb550000 r-xp 00000000 00:03 4263                       /opt/redis/src/redis-server
a11maps aaaadb559000-aaaadb560000 r--p 00259000 00:03 4263                       /opt/redis/src/redis-server
a11maps aaaadb560000-aaaadb5b9000 rw-p 00260000 00:03 4263                       /opt/redis/src/redis-server
a11maps aaaadb5b9000-aaaadb7ec000 rw-p 00000000 00:00 0 
a11maps aaab0454d000-aaab0456e000 rw-p 00000000 00:00 0                          [heap]
a11maps ffff85940000-ffff85bc0000 rw-p 00000000 00:00 0 
a11maps ffff85bc0000-ffff85bd0000 ---p 00000000 00:00 0 
a11maps ffff85bd0000-ffff863d0000 rw-p 00000000 00:00 0 
a11maps ffff863d0000-ffff863e0000 ---p 00000000 00:00 0 
a11maps ffff863e0000-ffff86be0000 rw-p 00000000 00:00 0 
a11maps ffff86be0000-ffff86bf0000 ---p 00000000 00:00 0 
a11maps ffff86bf0000-ffff873f0000 rw-p 00000000 00:00 0 
a11maps ffff873f0000-ffff87400000 ---p 00000000 00:00 0 
a11maps ffff87400000-ffff87c00000 rw-p 00000000 00:00 0 
a11maps ffff87c00000-ffff88400000 rw-p 00000000 00:00 0 
a11maps ffff88560000-ffff886ec000 r-xp 00000000 00:03 816                        /usr/lib/aarch64-linux-gnu/libc.so.6
a11maps ffff886ec000-ffff886fc000 ---p 0018c000 00:03 816                        /usr/lib/aarch64-linux-gnu/libc.so.6
a11maps ffff886fc000-ffff88700000 r--p 0018c000 00:03 816                        /usr/lib/aarch64-linux-gnu/libc.so.6
a11maps ffff88700000-ffff88702000 rw-p 00190000 00:03 816                        /usr/lib/aarch64-linux-gnu/libc.so.6
a11maps ffff88702000-ffff8870f000 rw-p 00000000 00:00 0 
a11maps ffff88710000-ffff88792000 r-xp 00000000 00:03 863                        /usr/lib/aarch64-linux-gnu/libm.so.6
a11maps ffff88792000-ffff887af000 ---p 00082000 00:03 863                        /usr/lib/aarch64-linux-gnu/libm.so.6
a11maps ffff887af000-ffff887b0000 r--p 0008f000 00:03 863                        /usr/lib/aarch64-linux-gnu/libm.so.6
a11maps ffff887b0000-ffff887b1000 rw-p 00090000 00:03 863                        /usr/lib/aarch64-linux-gnu/libm.so.6
a11maps ffff887bb000-ffff887e2000 r-xp 00000000 00:03 796                        /usr/lib/aarch64-linux-gnu/ld-linux-aarch64.so.1
a11maps ffff887ec000-ffff887f0000 rw-p 00000000 00:00 0 
a11maps ffff887f2000-ffff887f4000 rw-p 00000000 00:00 0 
a11maps ffff887f4000-ffff887f8000 r--p 00000000 00:00 0                          [vvar]
a11maps ffff887f8000-ffff887f9000 r-xp 00000000 00:00 0                          [vdso]
a11maps ffff887f9000-ffff887fb000 r--p 0002e000 00:03 796                        /usr/lib/aarch64-linux-gnu/ld-linux-aarch64.so.1
a11maps ffff887fb000-ffff887fd000 rw-p 00030000 00:03 796                        /usr/lib/aarch64-linux-gnu/ld-linux-aarch64.so.1
a11maps ffffdb140000-ffffdb161000 rw-p 00000000 00:00 0                          [stack]
a11 point=off pass=1 test=set requests=200000 rps=234741.78 hook_calls=0 syscalls_in_kernel=0 fragment_entries=0 fpsimd_entries=0 fpsimd_restores=0 chains=0 chain_cap=0 exit_svc=0 exit_bl=0 exit_blr=0 exit_br=0 exit_ret=0 exit_mem=0 exit_unsupported=0 exit_budget=0 run_declined=0 ibtc_insert=0 ibtc_replace=0 ibtc_clear=0 ibtc_fpsimd_boundary=0 ibtc_miss_cold=0 ibtc_miss_conflict=0 ibtc_miss_other=0 fpsimd_run_max_ns=79500 miss_residual=0
a11slots point=off pass=1 test=set # table all conflicts 0 slots 0 top32 0
a11slots point=off pass=1 test=set # table nofp conflicts 0 slots 0 top32 0
a11 point=off pass=1 test=get requests=200000 rps=235849.06 hook_calls=0 syscalls_in_kernel=0 fragment_entries=0 fpsimd_entries=0 fpsimd_restores=0 chains=0 chain_cap=0 exit_svc=0 exit_bl=0 exit_blr=0 exit_br=0 exit_ret=0 exit_mem=0 exit_unsupported=0 exit_budget=0 run_declined=0 ibtc_insert=0 ibtc_replace=0 ibtc_clear=0 ibtc_fpsimd_boundary=0 ibtc_miss_cold=0 ibtc_miss_conflict=0 ibtc_miss_other=0 fpsimd_run_max_ns=79500 miss_residual=0
a11slots point=off pass=1 test=get # table all conflicts 0 slots 0 top32 0
a11slots point=off pass=1 test=get # table nofp conflicts 0 slots 0 top32 0
a11 point=1024 pass=1 test=set requests=200000 rps=126262.62 hook_calls=408697 syscalls_in_kernel=384506 fragment_entries=1969150 fpsimd_entries=779568 fpsimd_restores=0 chains=1561263 chain_cap=0 exit_svc=384506 exit_bl=592733 exit_blr=859 exit_br=589573 exit_ret=396213 exit_mem=2 exit_unsupported=5264 exit_budget=0 run_declined=14 ibtc_insert=3126265 ibtc_replace=3125732 ibtc_clear=0 ibtc_fpsimd_boundary=779562 ibtc_miss_cold=18255 ibtc_miss_conflict=781561 ibtc_miss_other=0 fpsimd_run_max_ns=2218375 miss_residual=0
a11slots point=1024 pass=1 test=set # table all conflicts 583200 slots 1 top32 583200
a11slots point=1024 pass=1 test=set all 1116 583200 0xaaaadb385170 0xaaaadb37b170
a11slots point=1024 pass=1 test=set # table nofp conflicts 198361 slots 1 top32 198361
a11slots point=1024 pass=1 test=set nofp 1116 198361 0xaaaadb379170 0xaaaadb397170
a11 point=1024 pass=1 test=get requests=200000 rps=144508.67 hook_calls=408697 syscalls_in_kernel=398666 fragment_entries=2030029 fpsimd_entries=798701 fpsimd_restores=0 chains=1621879 chain_cap=0 exit_svc=398666 exit_bl=624016 exit_blr=81 exit_br=599705 exit_ret=399868 exit_mem=1 exit_unsupported=7692 exit_budget=0 run_declined=13 ibtc_insert=3292687 ibtc_replace=3292656 ibtc_clear=0 ibtc_fpsimd_boundary=798699 ibtc_miss_cold=1742 ibtc_miss_conflict=823229 ibtc_miss_other=0 fpsimd_run_max_ns=2218375 miss_residual=0
a11slots point=1024 pass=1 test=get # table all conflicts 599234 slots 2 top32 599234
a11slots point=1024 pass=1 test=get all 1116 591391 0xaaaadb385170 0xaaaadb37b170
a11slots point=1024 pass=1 test=get all 1600 7843 0xaaaadb391900 0xaaaadb36b900
a11slots point=1024 pass=1 test=get # table nofp conflicts 223995 slots 2 top32 223995
a11slots point=1024 pass=1 test=get nofp 1116 208434 0xaaaadb379170 0xaaaadb397170
a11slots point=1024 pass=1 test=get nofp 1600 15561 0xaaaadb38d900 0xaaaadb391900
a11 point=off pass=2 test=set requests=200000 rps=230414.75 hook_calls=0 syscalls_in_kernel=0 fragment_entries=0 fpsimd_entries=0 fpsimd_restores=0 chains=0 chain_cap=0 exit_svc=0 exit_bl=0 exit_blr=0 exit_br=0 exit_ret=0 exit_mem=0 exit_unsupported=0 exit_budget=0 run_declined=0 ibtc_insert=0 ibtc_replace=0 ibtc_clear=0 ibtc_fpsimd_boundary=0 ibtc_miss_cold=0 ibtc_miss_conflict=0 ibtc_miss_other=0 fpsimd_run_max_ns=2218375 miss_residual=0
a11slots point=off pass=2 test=set # table all conflicts 0 slots 0 top32 0
a11slots point=off pass=2 test=set # table nofp conflicts 0 slots 0 top32 0
a11 point=off pass=2 test=get requests=200000 rps=229357.80 hook_calls=0 syscalls_in_kernel=0 fragment_entries=0 fpsimd_entries=0 fpsimd_restores=0 chains=0 chain_cap=0 exit_svc=0 exit_bl=0 exit_blr=0 exit_br=0 exit_ret=0 exit_mem=0 exit_unsupported=0 exit_budget=0 run_declined=0 ibtc_insert=0 ibtc_replace=0 ibtc_clear=0 ibtc_fpsimd_boundary=0 ibtc_miss_cold=0 ibtc_miss_conflict=0 ibtc_miss_other=0 fpsimd_run_max_ns=2218375 miss_residual=0
a11slots point=off pass=2 test=get # table all conflicts 0 slots 0 top32 0
a11slots point=off pass=2 test=get # table nofp conflicts 0 slots 0 top32 0
a11 point=1024 pass=2 test=set requests=200000 rps=126342.39 hook_calls=408769 syscalls_in_kernel=399663 fragment_entries=2006011 fpsimd_entries=799035 fpsimd_restores=0 chains=1597803 chain_cap=0 exit_svc=399663 exit_bl=599558 exit_blr=28 exit_br=599368 exit_ret=399633 exit_mem=1 exit_unsupported=7760 exit_budget=0 run_declined=21 ibtc_insert=3195072 ibtc_replace=3195072 ibtc_clear=0 ibtc_fpsimd_boundary=799035 ibtc_miss_cold=783 ibtc_miss_conflict=798769 ibtc_miss_other=0 fpsimd_run_max_ns=2572291 miss_residual=0
a11slots point=1024 pass=2 test=set # table all conflicts 599062 slots 1 top32 599062
a11slots point=1024 pass=2 test=set all 1116 599062 0xaaaadb385170 0xaaaadb37b170
a11slots point=1024 pass=2 test=set # table nofp conflicts 199707 slots 1 top32 199707
a11slots point=1024 pass=2 test=set nofp 1116 199707 0xaaaadb379170 0xaaaadb397170
a11 point=1024 pass=2 test=get requests=200000 rps=124455.51 hook_calls=408929 syscalls_in_kernel=399712 fragment_entries=2031960 fpsimd_entries=799675 fpsimd_restores=0 chains=1623585 chain_cap=0 exit_svc=399712 exit_bl=624352 exit_blr=22 exit_br=599922 exit_ret=399993 exit_mem=1 exit_unsupported=7958 exit_budget=0 run_declined=16 ibtc_insert=3295640 ibtc_replace=3295640 ibtc_clear=0 ibtc_fpsimd_boundary=799675 ibtc_miss_cold=703 ibtc_miss_conflict=823911 ibtc_miss_other=0 fpsimd_run_max_ns=5450083 miss_residual=0
a11slots point=1024 pass=2 test=get # table all conflicts 599901 slots 2 top32 599901
a11slots point=1024 pass=2 test=get all 1116 591888 0xaaaadb385170 0xaaaadb37b170
a11slots point=1024 pass=2 test=get all 1600 8013 0xaaaadb391900 0xaaaadb36b900
a11slots point=1024 pass=2 test=get # table nofp conflicts 224010 slots 2 top32 224010
a11slots point=1024 pass=2 test=get nofp 1116 207984 0xaaaadb379170 0xaaaadb397170
a11slots point=1024 pass=2 test=get nofp 1600 16026 0xaaaadb38d900 0xaaaadb391900
a11 point=off pass=3 test=set requests=200000 rps=219780.22 hook_calls=0 syscalls_in_kernel=0 fragment_entries=0 fpsimd_entries=0 fpsimd_restores=0 chains=0 chain_cap=0 exit_svc=0 exit_bl=0 exit_blr=0 exit_br=0 exit_ret=0 exit_mem=0 exit_unsupported=0 exit_budget=0 run_declined=0 ibtc_insert=0 ibtc_replace=0 ibtc_clear=0 ibtc_fpsimd_boundary=0 ibtc_miss_cold=0 ibtc_miss_conflict=0 ibtc_miss_other=0 fpsimd_run_max_ns=5450083 miss_residual=0
a11slots point=off pass=3 test=set # table all conflicts 0 slots 0 top32 0
a11slots point=off pass=3 test=set # table nofp conflicts 0 slots 0 top32 0
a11 point=off pass=3 test=get requests=200000 rps=215982.72 hook_calls=0 syscalls_in_kernel=0 fragment_entries=0 fpsimd_entries=0 fpsimd_restores=0 chains=0 chain_cap=0 exit_svc=0 exit_bl=0 exit_blr=0 exit_br=0 exit_ret=0 exit_mem=0 exit_unsupported=0 exit_budget=0 run_declined=0 ibtc_insert=0 ibtc_replace=0 ibtc_clear=0 ibtc_fpsimd_boundary=0 ibtc_miss_cold=0 ibtc_miss_conflict=0 ibtc_miss_other=0 fpsimd_run_max_ns=5450083 miss_residual=0
a11slots point=off pass=3 test=get # table all conflicts 0 slots 0 top32 0
a11slots point=off pass=3 test=get # table nofp conflicts 0 slots 0 top32 0
a11 point=1024 pass=3 test=set requests=200000 rps=125078.17 hook_calls=408789 syscalls_in_kernel=399678 fragment_entries=2006228 fpsimd_entries=799112 fpsimd_restores=0 chains=1598000 chain_cap=0 exit_svc=399678 exit_bl=599617 exit_blr=26 exit_br=599424 exit_ret=399683 exit_mem=12 exit_unsupported=7788 exit_budget=0 run_declined=20 ibtc_insert=3195552 ibtc_replace=3195552 ibtc_clear=0 ibtc_fpsimd_boundary=799112 ibtc_miss_cold=750 ibtc_miss_conflict=798888 ibtc_miss_other=0 fpsimd_run_max_ns=5450083 miss_residual=0
a11slots point=1024 pass=3 test=set # table all conflicts 599152 slots 1 top32 599152
a11slots point=1024 pass=3 test=set all 1116 599152 0xaaaadb385170 0xaaaadb37b170
a11slots point=1024 pass=3 test=set # table nofp conflicts 199736 slots 1 top32 199736
a11slots point=1024 pass=3 test=set nofp 1116 199736 0xaaaadb379170 0xaaaadb397170
a11 point=1024 pass=3 test=get requests=200000 rps=142450.14 hook_calls=408687 syscalls_in_kernel=399744 fragment_entries=2031015 fpsimd_entries=799680 fpsimd_restores=0 chains=1622880 chain_cap=0 exit_svc=399744 exit_bl=623613 exit_blr=21 exit_br=599892 exit_ret=400015 exit_mem=0 exit_unsupported=7730 exit_budget=0 run_declined=15 ibtc_insert=3292800 ibtc_replace=3292800 ibtc_clear=0 ibtc_fpsimd_boundary=799680 ibtc_miss_cold=661 ibtc_miss_conflict=823200 ibtc_miss_other=0 fpsimd_run_max_ns=5450083 miss_residual=0
a11slots point=1024 pass=3 test=get # table all conflicts 599865 slots 2 top32 599865
a11slots point=1024 pass=3 test=get all 1116 592073 0xaaaadb385170 0xaaaadb37b170
a11slots point=1024 pass=3 test=get all 1600 7792 0xaaaadb391900 0xaaaadb36b900
a11slots point=1024 pass=3 test=get # table nofp conflicts 223335 slots 2 top32 223335
a11slots point=1024 pass=3 test=get nofp 1116 207751 0xaaaadb379170 0xaaaadb397170
a11slots point=1024 pass=3 test=get nofp 1600 15584 0xaaaadb38d900 0xaaaadb391900
a11maps-end aaaadb300000-aaaadb550000 r-xp 00000000 00:03 4263                       /opt/redis/src/redis-server
a11maps-end aaaadb559000-aaaadb560000 r--p 00259000 00:03 4263                       /opt/redis/src/redis-server
a11maps-end aaaadb560000-aaaadb5b9000 rw-p 00260000 00:03 4263                       /opt/redis/src/redis-server
a11maps-end aaaadb5b9000-aaaadb7ec000 rw-p 00000000 00:00 0 
a11maps-end aaab0454d000-aaab0456e000 rw-p 00000000 00:00 0                          [heap]
a11maps-end ffff85940000-ffff85bc0000 rw-p 00000000 00:00 0 
a11maps-end ffff85bc0000-ffff85bd0000 ---p 00000000 00:00 0 
a11maps-end ffff85bd0000-ffff863d0000 rw-p 00000000 00:00 0 
a11maps-end ffff863d0000-ffff863e0000 ---p 00000000 00:00 0 
a11maps-end ffff863e0000-ffff86be0000 rw-p 00000000 00:00 0 
a11maps-end ffff86be0000-ffff86bf0000 ---p 00000000 00:00 0 
a11maps-end ffff86bf0000-ffff873f0000 rw-p 00000000 00:00 0 
a11maps-end ffff873f0000-ffff87400000 ---p 00000000 00:00 0 
a11maps-end ffff87400000-ffff87c00000 rw-p 00000000 00:00 0 
a11maps-end ffff87c00000-ffff88400000 rw-p 00000000 00:00 0 
a11maps-end ffff88560000-ffff886ec000 r-xp 00000000 00:03 816                        /usr/lib/aarch64-linux-gnu/libc.so.6
a11maps-end ffff886ec000-ffff886fc000 ---p 0018c000 00:03 816                        /usr/lib/aarch64-linux-gnu/libc.so.6
a11maps-end ffff886fc000-ffff88700000 r--p 0018c000 00:03 816                        /usr/lib/aarch64-linux-gnu/libc.so.6
a11maps-end ffff88700000-ffff88702000 rw-p 00190000 00:03 816                        /usr/lib/aarch64-linux-gnu/libc.so.6
a11maps-end ffff88702000-ffff8870f000 rw-p 00000000 00:00 0 
a11maps-end ffff88710000-ffff88792000 r-xp 00000000 00:03 863                        /usr/lib/aarch64-linux-gnu/libm.so.6
a11maps-end ffff88792000-ffff887af000 ---p 00082000 00:03 863                        /usr/lib/aarch64-linux-gnu/libm.so.6
a11maps-end ffff887af000-ffff887b0000 r--p 0008f000 00:03 863                        /usr/lib/aarch64-linux-gnu/libm.so.6
a11maps-end ffff887b0000-ffff887b1000 rw-p 00090000 00:03 863                        /usr/lib/aarch64-linux-gnu/libm.so.6
a11maps-end ffff887bb000-ffff887e2000 r-xp 00000000 00:03 796                        /usr/lib/aarch64-linux-gnu/ld-linux-aarch64.so.1
a11maps-end ffff887ec000-ffff887f0000 rw-p 00000000 00:00 0 
a11maps-end ffff887f2000-ffff887f4000 rw-p 00000000 00:00 0 
a11maps-end ffff887f4000-ffff887f8000 r--p 00000000 00:00 0                          [vvar]
a11maps-end ffff887f8000-ffff887f9000 r-xp 00000000 00:00 0                          [vdso]
a11maps-end ffff887f9000-ffff887fb000 r--p 0002e000 00:03 796                        /usr/lib/aarch64-linux-gnu/ld-linux-aarch64.so.1
a11maps-end ffff887fb000-ffff887fd000 rw-p 00030000 00:03 796                        /usr/lib/aarch64-linux-gnu/ld-linux-aarch64.so.1
a11maps-end ffffdb140000-ffffdb161000 rw-p 00000000 00:00 0                          [stack]
a11: done
[   36.199560] kjit: 0 of 295 translation requests still queued at unload (freed by the kernel)
[   36.220696] rust_kjit: ######## Rust KJIT exits ########
kjit-init: rmmod kjit ok
kjit-init: run exit=0
[   36.248345] reboot: Power down
