[    0.000000] Booting Linux on physical CPU 0x0000000000 [0x610f0000]
[    0.000000] Linux version 7.1.0-rc1 (@6906d107117b) (Ubuntu clang version 18.1.3 (1ubuntu1), Ubuntu LLD 18.1.3) #1 SMP PREEMPT Fri Oct  2 08:37:58 UTC 2026
[    0.000000] random: crng init done
[    0.000000] Machine model: linux,dummy-virt
[    0.000000] OF: reserved mem: Reserved memory: No reserved-memory node in the DT
[    0.000000] psci: probing for conduit method from DT.
[    0.000000] psci: PSCIv1.1 detected in firmware.
[    0.000000] psci: Using standard PSCI v0.2 function IDs
[    0.000000] psci: Trusted OS migration not required
[    0.000000] psci: SMC Calling Convention v1.0
[    0.000000] Zone ranges:
[    0.000000]   Normal   [mem 0x0000000040000000-0x000000013fffffff]
[    0.000000] Movable zone start for each node
[    0.000000] Early memory node ranges
[    0.000000]   node   0: [mem 0x0000000040000000-0x000000013fffffff]
[    0.000000] Initmem setup node 0 [mem 0x0000000040000000-0x000000013fffffff]
[    0.000000] percpu: Embedded 19 pages/cpu s38488 r8192 d31144 u77824
[    0.000000] Detected PIPT I-cache on CPU0
[    0.000000] CPU features: detected: Address authentication (IMP DEF algorithm)
[    0.000000] CPU features: detected: Spectre-v4
[    0.000000] CPU features: detected: Spectre-BHB
[    0.000000] alternatives: applying boot alternatives
[    0.000000] Kernel command line: console=ttyAMA0 panic=-1 nokaslr
[    0.000000] Unknown kernel command line parameters "nokaslr", will be passed to user space.
[    0.000000] printk: log buffer data + meta data: 131072 + 458752 = 589824 bytes
[    0.000000] Dentry cache hash table entries: 524288 (order: 10, 4194304 bytes, linear)
[    0.000000] Inode-cache hash table entries: 262144 (order: 9, 2097152 bytes, linear)
[    0.000000] software IO TLB: SWIOTLB bounce buffer size adjusted to 4MB
[    0.000000] software IO TLB: area num 4.
[    0.000000] software IO TLB: mapped [mem 0x000000013ac00000-0x000000013b000000] (4MB)
[    0.000000] Built 1 zonelists, mobility grouping on.  Total pages: 1048576
[    0.000000] mem auto-init: stack:all(zero), heap alloc:off, heap free:off
[    0.000000] SLUB: HWalign=64, Order=0-3, MinObjects=0, CPUs=4, Nodes=1
[    0.000000] rcu: Preemptible hierarchical RCU implementation.
[    0.000000] rcu: 	RCU restricting CPUs from NR_CPUS=512 to nr_cpu_ids=4.
[    0.000000] rcu: RCU calculated value of scheduler-enlistment delay is 25 jiffies.
[    0.000000] rcu: Adjusting geometry for rcu_fanout_leaf=16, nr_cpu_ids=4
[    0.000000] NR_IRQS: 64, nr_irqs: 64, preallocated irqs: 0
[    0.000000] Root IRQ handler: gic_handle_irq
[    0.000000] GICv2m: range[mem 0x08020000-0x08020fff], SPI[80:143]
[    0.000000] rcu: srcu_init: Setting srcu_struct sizes based on contention.
[    0.000000] arch_timer: cp15 timer running at 24.00MHz (virt).
[    0.000000] clocksource: arch_sys_counter: mask: 0xffffffffffffff max_cycles: 0x588fe9dc0, max_idle_ns: 440795202592 ns
[    0.000003] sched_clock: 56 bits at 24MHz, resolution 41ns, wraps every 4398046511097ns
[    0.000110] Console: colour dummy device 80x25
[    0.000117] Calibrating delay loop (skipped), value calculated using timer frequency.. 48.00 BogoMIPS (lpj=96000)
[    0.000122] pid_max: default: 32768 minimum: 301
[    0.000253] Mount-cache hash table entries: 8192 (order: 4, 65536 bytes, linear)
[    0.000261] Mountpoint-cache hash table entries: 8192 (order: 4, 65536 bytes, linear)
[    0.000344] VFS: Finished mounting rootfs on nullfs
[    0.000487] cacheinfo: Unable to detect cache hierarchy for CPU 0
[    0.000592] rcu: Hierarchical SRCU implementation.
[    0.000592] rcu: 	Max phase no-delay instances is 1000.
[    0.000612] Timer migration: 1 hierarchy levels; 8 children per group; 1 crossnode level
[    0.000646] smp: Bringing up secondary CPUs ...
[    0.000858] Detected PIPT I-cache on CPU1
[    0.000933] CPU1: Booted secondary processor 0x0000000001 [0x610f0000]
[    0.001154] Detected PIPT I-cache on CPU2
[    0.001246] CPU2: Booted secondary processor 0x0000000002 [0x610f0000]
[    0.001563] Detected PIPT I-cache on CPU3
[    0.001669] CPU3: Booted secondary processor 0x0000000003 [0x610f0000]
[    0.001749] smp: Brought up 1 node, 4 CPUs
[    0.001750] SMP: Total of 4 processors activated.
[    0.001750] CPU: All CPU(s) started at EL1
[    0.001751] CPU features: detected: ARMv8.4 Translation Table Level
[    0.001752] CPU features: detected: Data cache clean to the PoU not required for I/D coherence
[    0.001752] CPU features: detected: CRC32 instructions
[    0.001753] CPU features: detected: Data independent timing control (DIT)
[    0.001753] CPU features: detected: E0PD
[    0.001754] CPU features: detected: Generic authentication (IMP DEF algorithm)
[    0.001754] CPU features: detected: RCpc load-acquire (LDAPR)
[    0.001755] CPU features: detected: LSE atomic instructions
[    0.001755] CPU features: detected: Privileged Access Never
[    0.001755] CPU features: detected: Speculation barrier (SB)
[    0.001756] CPU features: detected: TLB range maintenance instructions
[    0.001756] CPU features: detected: XNX
[    0.001905] alternatives: applying system-wide alternatives
[    0.003153] Memory: 3934216K/4194304K available (5248K kernel code, 754K rwdata, 2356K rodata, 576K init, 405K bss, 256908K reserved, 0K cma-reserved)
[    0.003671] devtmpfs: initialized
[    0.003984] clocksource: jiffies: mask: 0xffffffff max_cycles: 0xffffffff, max_idle_ns: 7645041785100000 ns
[    0.003989] posixtimers hash table entries: 2048 (order: 3, 32768 bytes, linear)
[    0.004035] futex hash table entries: 1024 (65536 bytes on 1 NUMA nodes, total 64 KiB, linear).
[    0.004042] 30384 pages in range for non-PLT usage
[    0.004043] 521904 pages in range for PLT usage
[    0.004110] NET: Registered PF_NETLINK/PF_ROUTE protocol family
[    0.004514] DMA: preallocated 512 KiB GFP_KERNEL pool for atomic allocations
[    0.004621] ASID allocator initialised with 256 entries
[    0.004630] Serial: AMBA PL011 UART driver
[    0.005051] 9000000.pl011: ttyAMA0 at MMIO 0x9000000 (irq = 13, base_baud = 0) is a PL011 rev1
[    0.005139] printk: console [ttyAMA0] enabled
[    0.010916] vgaarb: loaded
[    0.011145] clocksource: Switched to clocksource arch_sys_counter
[    0.022122] NET: Registered PF_INET protocol family
[    0.022226] IP idents hash table entries: 65536 (order: 7, 524288 bytes, linear)
[    0.022692] tcp_listen_portaddr_hash hash table entries: 2048 (order: 3, 32768 bytes, linear)
[    0.022699] Table-perturb hash table entries: 65536 (order: 6, 262144 bytes, linear)
[    0.022703] TCP established hash table entries: 32768 (order: 6, 262144 bytes, linear)
[    0.022763] TCP bind hash table entries: 32768 (order: 8, 1048576 bytes, linear)
[    0.022949] TCP: Hash tables configured (established 32768 bind 32768)
[    0.022978] UDP hash table entries: 2048 (order: 5, 131072 bytes, linear)
[    0.023016] NET: Registered PF_UNIX/PF_LOCAL protocol family
[    0.023019] PCI: CLS 0 bytes, default 64
[    0.023317] Unpacking initramfs...
[    0.027884] workingset: timestamp_bits=46 (anon: 42) max_order=20 bucket_order=0 (anon: 0)
[    0.028044] 9p: Installing v9fs 9p2000 file system support
[    0.028489] pci-host-generic 4010000000.pcie: host bridge /pcie@10000000 ranges:
[    0.028497] pci-host-generic 4010000000.pcie:       IO 0x003eff0000..0x003effffff -> 0x0000000000
[    0.028499] pci-host-generic 4010000000.pcie:      MEM 0x0010000000..0x003efeffff -> 0x0010000000
[    0.028500] pci-host-generic 4010000000.pcie:      MEM 0x8000000000..0xffffffffff -> 0x8000000000
[    0.028508] pci-host-generic 4010000000.pcie: Memory resource size exceeds max for 32 bits
[    0.028518] pci-host-generic 4010000000.pcie: ECAM at [mem 0x4010000000-0x401fffffff] for [bus 00-ff]
[    0.028532] pci-host-generic 4010000000.pcie: PCI host bridge to bus 0000:00
[    0.028533] pci_bus 0000:00: root bus resource [bus 00-ff]
[    0.028533] pci_bus 0000:00: root bus resource [io  0x0000-0xffff]
[    0.028534] pci_bus 0000:00: root bus resource [mem 0x10000000-0x3efeffff]
[    0.028534] pci_bus 0000:00: root bus resource [mem 0x8000000000-0xffffffffff]
[    0.028599] pci 0000:00:00.0: [1b36:0008] type 00 class 0x060000 conventional PCI endpoint
[    0.028893] pci 0000:00:01.0: [1af4:1000] type 00 class 0x020000 conventional PCI endpoint
[    0.029141] pci 0000:00:01.0: BAR 0 [io  0x0000-0x001f]
[    0.029145] pci 0000:00:01.0: BAR 1 [mem 0x00000000-0x00000fff]
[    0.029189] pci 0000:00:01.0: BAR 4 [mem 0x00000000-0x00003fff 64bit pref]
[    0.029193] pci 0000:00:01.0: ROM [mem 0x00000000-0x0003ffff pref]
[    0.029501] pci 0000:00:02.0: [1af4:1009] type 00 class 0x000200 conventional PCI endpoint
[    0.029600] pci 0000:00:02.0: BAR 0 [io  0x0000-0x003f]
[    0.029603] pci 0000:00:02.0: BAR 1 [mem 0x00000000-0x00000fff]
[    0.029611] pci 0000:00:02.0: BAR 4 [mem 0x00000000-0x00003fff 64bit pref]
[    0.029849] pci 0000:00:03.0: [1af4:1005] type 00 class 0x00ff00 conventional PCI endpoint
[    0.029906] pci 0000:00:03.0: BAR 0 [io  0x0000-0x001f]
[    0.029908] pci 0000:00:03.0: BAR 1 [mem 0x00000000-0x00000fff]
[    0.029953] pci 0000:00:03.0: BAR 4 [mem 0x00000000-0x00003fff 64bit pref]
[    0.030233] pci 0000:00:01.0: ROM [mem 0x10000000-0x1003ffff pref]: assigned
[    0.030235] pci 0000:00:01.0: BAR 4 [mem 0x8000000000-0x8000003fff 64bit pref]: assigned
[    0.030255] pci 0000:00:02.0: BAR 4 [mem 0x8000004000-0x8000007fff 64bit pref]: assigned
[    0.030285] pci 0000:00:03.0: BAR 4 [mem 0x8000008000-0x800000bfff 64bit pref]: assigned
[    0.030302] pci 0000:00:01.0: BAR 1 [mem 0x10040000-0x10040fff]: assigned
[    0.030323] pci 0000:00:02.0: BAR 1 [mem 0x10041000-0x10041fff]: assigned
[    0.030327] pci 0000:00:03.0: BAR 1 [mem 0x10042000-0x10042fff]: assigned
[    0.030332] pci 0000:00:02.0: BAR 0 [io  0x1000-0x103f]: assigned
[    0.030336] pci 0000:00:01.0: BAR 0 [io  0x1040-0x105f]: assigned
[    0.030339] pci 0000:00:03.0: BAR 0 [io  0x1060-0x107f]: assigned
[    0.030344] pci_bus 0000:00: resource 4 [io  0x0000-0xffff]
[    0.030344] pci_bus 0000:00: resource 5 [mem 0x10000000-0x3efeffff]
[    0.030345] pci_bus 0000:00: resource 6 [mem 0x8000000000-0xffffffffff]
[    0.031066] virtio-pci 0000:00:01.0: enabling device (0000 -> 0003)
[    0.031852] virtio-pci 0000:00:02.0: enabling device (0000 -> 0003)
[    0.032466] virtio-pci 0000:00:03.0: enabling device (0000 -> 0003)
[    0.094408] rtc-pl031 9010000.pl031: registered as rtc0
[    0.094444] rtc-pl031 9010000.pl031: setting system clock to 2026-10-08T18:52:56 UTC (1791485576)
[    0.094626] NET: Registered PF_INET6 protocol family
[    0.094909] Segment Routing with IPv6
[    0.094912] In-situ OAM (IOAM) with IPv6
[    0.094919] sit: IPv6, IPv4 and MPLS over IPv4 tunneling driver
[    0.094963] NET: Registered PF_PACKET protocol family
[    0.094969] 9pnet: Installing 9P2000 support
[    0.099840] clk: Disabling unused clocks
[    0.116010] Freeing initrd memory: 161888K
[    0.116428] Freeing unused kernel memory: 576K
[    0.116479] Run /init as init process
[    0.131414] kjit: loading out-of-tree module taints kernel.
[    0.132418] rust_kjit: ######## Rust KJIT inits ########
[    0.132445] rust_kjit: kjit: dispatch variant 3
[    0.132500] rust_kjit: golden tests/arm64/toy_cfg.s:hot_svc_mark translated for dispatch variant 3; byte comparison skipped (reference is variant 0)
kjit-init: insmod kjit.ko ok
meas: variant=3
rep 0 variant=gpr enabled=0 outer=200000 calls=16 ns_per_outer=142.3 ns_per_call=8.90
rep 1 variant=gpr enabled=0 outer=200000 calls=16 ns_per_outer=140.6 ns_per_call=8.79
rep 2 variant=gpr enabled=0 outer=200000 calls=16 ns_per_outer=143.3 ns_per_call=8.96
rep 3 variant=gpr enabled=0 outer=200000 calls=16 ns_per_outer=142.7 ns_per_call=8.92
rep 4 variant=gpr enabled=0 outer=200000 calls=16 ns_per_outer=140.4 ns_per_call=8.78
rep 5 variant=gpr enabled=0 outer=200000 calls=16 ns_per_outer=140.1 ns_per_call=8.76
rep 6 variant=gpr enabled=0 outer=200000 calls=16 ns_per_outer=141.1 ns_per_call=8.82
result variant=gpr enabled=0 outer=200000 calls=16 reps=7 median_ns_per_outer=141.1 median_ns_per_call=8.82 min_ns_per_call=8.76 acc=25600000
[    0.383178] kjit: translate_svc_sites pid 69: 2 text ranges, 111 svc sites
[    0.383660] rust_kjit: kjit: pc 0x400fe8: installed 524 bytes, 0 fault sites, 2 entries, text 0x400fe8..0x400ff0, fpsimd false
[    0.384190] rust_kjit: kjit: pc 0x400fcc: installed 1088 bytes, 1 fault sites, 11 entries, text 0x400fbc..0x400fe8, fpsimd false
rep 0 variant=gpr enabled=1 outer=20000 calls=16 ns_per_outer=145.3 ns_per_call=9.08
rep 1 variant=gpr enabled=1 outer=20000 calls=16 ns_per_outer=150.9 ns_per_call=9.43
rep 2 variant=gpr enabled=1 outer=20000 calls=16 ns_per_outer=146.6 ns_per_call=9.16
rep 3 variant=gpr enabled=1 outer=20000 calls=16 ns_per_outer=148.8 ns_per_call=9.30
rep 4 variant=gpr enabled=1 outer=20000 calls=16 ns_per_outer=148.7 ns_per_call=9.30
rep 5 variant=gpr enabled=1 outer=20000 calls=16 ns_per_outer=147.0 ns_per_call=9.19
rep 6 variant=gpr enabled=1 outer=20000 calls=16 ns_per_outer=152.1 ns_per_call=9.51
result variant=gpr enabled=1 outer=20000 calls=16 reps=7 median_ns_per_outer=148.7 median_ns_per_call=9.30 min_ns_per_call=9.08 acc=2560000
counters variant=gpr timed_outer=140000 hook_calls=140045 syscalls_in_kernel=139965 fragment_entries=140045 fpsimd_entries=1 fpsimd_restores=0 chains=0 chain_cap=0 exit_svc=139965 exit_bl=0 exit_blr=0 exit_br=0 exit_ret=80 exit_mem=0 exit_unsupported=0 exit_budget=0 run_declined=0
rep 0 variant=fp enabled=0 outer=200000 calls=16 ns_per_outer=177.5 ns_per_call=11.09
rep 1 variant=fp enabled=0 outer=200000 calls=16 ns_per_outer=174.9 ns_per_call=10.93
rep 2 variant=fp enabled=0 outer=200000 calls=16 ns_per_outer=176.5 ns_per_call=11.03
rep 3 variant=fp enabled=0 outer=200000 calls=16 ns_per_outer=177.4 ns_per_call=11.09
rep 4 variant=fp enabled=0 outer=200000 calls=16 ns_per_outer=178.3 ns_per_call=11.15
rep 5 variant=fp enabled=0 outer=200000 calls=16 ns_per_outer=176.1 ns_per_call=11.00
rep 6 variant=fp enabled=0 outer=200000 calls=16 ns_per_outer=179.0 ns_per_call=11.19
result variant=fp enabled=0 outer=200000 calls=16 reps=7 median_ns_per_outer=177.4 median_ns_per_call=11.09 min_ns_per_call=10.93 acc=25600000
[    0.731956] kjit: translate_svc_sites pid 75: 2 text ranges, 111 svc sites
[    0.732322] rust_kjit: kjit: pc 0x401028: installed 532 bytes, 0 fault sites, 4 entries, text 0x401028..0x401038, fpsimd true
[    0.732834] rust_kjit: kjit: pc 0x40100c: installed 1088 bytes, 1 fault sites, 11 entries, text 0x400ffc..0x401028, fpsimd false
rep 0 variant=fp enabled=1 outer=20000 calls=16 ns_per_outer=219.8 ns_per_call=13.74
rep 1 variant=fp enabled=1 outer=20000 calls=16 ns_per_outer=216.0 ns_per_call=13.50
rep 2 variant=fp enabled=1 outer=20000 calls=16 ns_per_outer=226.1 ns_per_call=14.13
rep 3 variant=fp enabled=1 outer=20000 calls=16 ns_per_outer=213.8 ns_per_call=13.36
rep 4 variant=fp enabled=1 outer=20000 calls=16 ns_per_outer=221.6 ns_per_call=13.85
rep 5 variant=fp enabled=1 outer=20000 calls=16 ns_per_outer=220.6 ns_per_call=13.78
rep 6 variant=fp enabled=1 outer=20000 calls=16 ns_per_outer=219.7 ns_per_call=13.73
result variant=fp enabled=1 outer=20000 calls=16 reps=7 median_ns_per_outer=219.8 median_ns_per_call=13.74 min_ns_per_call=13.36 acc=2560000
counters variant=fp timed_outer=140000 hook_calls=140045 syscalls_in_kernel=139965 fragment_entries=280017 fpsimd_entries=139973 fpsimd_restores=0 chains=139972 chain_cap=0 exit_svc=139965 exit_bl=139972 exit_blr=0 exit_br=0 exit_ret=80 exit_mem=0 exit_unsupported=0 exit_budget=0 run_declined=0
rep 0 variant=gpr enabled=0 outer=200000 calls=128 ns_per_outer=257.3 ns_per_call=2.01
rep 1 variant=gpr enabled=0 outer=200000 calls=128 ns_per_outer=257.7 ns_per_call=2.01
rep 2 variant=gpr enabled=0 outer=200000 calls=128 ns_per_outer=255.6 ns_per_call=2.00
rep 3 variant=gpr enabled=0 outer=200000 calls=128 ns_per_outer=254.7 ns_per_call=1.99
rep 4 variant=gpr enabled=0 outer=200000 calls=128 ns_per_outer=254.6 ns_per_call=1.99
rep 5 variant=gpr enabled=0 outer=200000 calls=128 ns_per_outer=255.9 ns_per_call=2.00
rep 6 variant=gpr enabled=0 outer=200000 calls=128 ns_per_outer=256.1 ns_per_call=2.00
result variant=gpr enabled=0 outer=200000 calls=128 reps=7 median_ns_per_outer=255.9 median_ns_per_call=2.00 min_ns_per_call=1.99 acc=204800000
[    1.218641] kjit: translate_svc_sites pid 77: 2 text ranges, 111 svc sites
[    1.219605] rust_kjit: kjit: pc 0x400fe8: installed 524 bytes, 0 fault sites, 2 entries, text 0x400fe8..0x400ff0, fpsimd false
[    1.220198] rust_kjit: kjit: pc 0x400fcc: installed 1088 bytes, 1 fault sites, 11 entries, text 0x400fbc..0x400fe8, fpsimd false
rep 0 variant=gpr enabled=1 outer=20000 calls=128 ns_per_outer=836.5 ns_per_call=6.54
rep 1 variant=gpr enabled=1 outer=20000 calls=128 ns_per_outer=836.0 ns_per_call=6.53
rep 2 variant=gpr enabled=1 outer=20000 calls=128 ns_per_outer=842.2 ns_per_call=6.58
rep 3 variant=gpr enabled=1 outer=20000 calls=128 ns_per_outer=837.4 ns_per_call=6.54
rep 4 variant=gpr enabled=1 outer=20000 calls=128 ns_per_outer=839.6 ns_per_call=6.56
rep 5 variant=gpr enabled=1 outer=20000 calls=128 ns_per_outer=839.5 ns_per_call=6.56
rep 6 variant=gpr enabled=1 outer=20000 calls=128 ns_per_outer=848.6 ns_per_call=6.63
result variant=gpr enabled=1 outer=20000 calls=128 reps=7 median_ns_per_outer=839.5 median_ns_per_call=6.56 min_ns_per_call=6.53 acc=20480000
counters variant=gpr timed_outer=140000 hook_calls=140045 syscalls_in_kernel=139965 fragment_entries=140045 fpsimd_entries=1 fpsimd_restores=0 chains=0 chain_cap=0 exit_svc=139965 exit_bl=0 exit_blr=0 exit_br=0 exit_ret=80 exit_mem=0 exit_unsupported=0 exit_budget=0 run_declined=0
rep 0 variant=fp enabled=0 outer=200000 calls=128 ns_per_outer=537.7 ns_per_call=4.20
rep 1 variant=fp enabled=0 outer=200000 calls=128 ns_per_outer=535.8 ns_per_call=4.19
rep 2 variant=fp enabled=0 outer=200000 calls=128 ns_per_outer=535.4 ns_per_call=4.18
rep 3 variant=fp enabled=0 outer=200000 calls=128 ns_per_outer=536.1 ns_per_call=4.19
rep 4 variant=fp enabled=0 outer=200000 calls=128 ns_per_outer=537.3 ns_per_call=4.20
rep 5 variant=fp enabled=0 outer=200000 calls=128 ns_per_outer=534.8 ns_per_call=4.18
rep 6 variant=fp enabled=0 outer=200000 calls=128 ns_per_outer=537.8 ns_per_call=4.20
result variant=fp enabled=0 outer=200000 calls=128 reps=7 median_ns_per_outer=536.1 median_ns_per_call=4.19 min_ns_per_call=4.18 acc=204800000
[    2.251490] kjit: translate_svc_sites pid 79: 2 text ranges, 111 svc sites
[    2.251942] rust_kjit: kjit: pc 0x401028: installed 532 bytes, 0 fault sites, 4 entries, text 0x401028..0x401038, fpsimd true
[    2.252496] rust_kjit: kjit: pc 0x40100c: installed 1088 bytes, 1 fault sites, 11 entries, text 0x400ffc..0x401028, fpsimd false
rep 0 variant=fp enabled=1 outer=20000 calls=128 ns_per_outer=925.4 ns_per_call=7.23
rep 1 variant=fp enabled=1 outer=20000 calls=128 ns_per_outer=928.2 ns_per_call=7.25
rep 2 variant=fp enabled=1 outer=20000 calls=128 ns_per_outer=926.8 ns_per_call=7.24
rep 3 variant=fp enabled=1 outer=20000 calls=128 ns_per_outer=930.0 ns_per_call=7.27
rep 4 variant=fp enabled=1 outer=20000 calls=128 ns_per_outer=913.7 ns_per_call=7.14
rep 5 variant=fp enabled=1 outer=20000 calls=128 ns_per_outer=918.8 ns_per_call=7.18
rep 6 variant=fp enabled=1 outer=20000 calls=128 ns_per_outer=925.4 ns_per_call=7.23
result variant=fp enabled=1 outer=20000 calls=128 reps=7 median_ns_per_outer=925.4 median_ns_per_call=7.23 min_ns_per_call=7.14 acc=20480000
counters variant=fp timed_outer=140000 hook_calls=140045 syscalls_in_kernel=139965 fragment_entries=280017 fpsimd_entries=139973 fpsimd_restores=0 chains=139972 chain_cap=0 exit_svc=139965 exit_bl=139972 exit_blr=0 exit_br=0 exit_ret=80 exit_mem=0 exit_unsupported=0 exit_budget=0 run_declined=0
rep 0 variant=gpr enabled=0 outer=200000 calls=256 ns_per_outer=378.0 ns_per_call=1.48
rep 1 variant=gpr enabled=0 outer=200000 calls=256 ns_per_outer=379.1 ns_per_call=1.48
rep 2 variant=gpr enabled=0 outer=200000 calls=256 ns_per_outer=379.2 ns_per_call=1.48
rep 3 variant=gpr enabled=0 outer=200000 calls=256 ns_per_outer=377.8 ns_per_call=1.48
rep 4 variant=gpr enabled=0 outer=200000 calls=256 ns_per_outer=379.2 ns_per_call=1.48
rep 5 variant=gpr enabled=0 outer=200000 calls=256 ns_per_outer=378.4 ns_per_call=1.48
rep 6 variant=gpr enabled=0 outer=200000 calls=256 ns_per_outer=379.8 ns_per_call=1.48
result variant=gpr enabled=0 outer=200000 calls=256 reps=7 median_ns_per_outer=379.1 median_ns_per_call=1.48 min_ns_per_call=1.48 acc=409600000
[    3.047610] kjit: translate_svc_sites pid 81: 2 text ranges, 111 svc sites
[    3.048033] rust_kjit: kjit: pc 0x400fe8: installed 524 bytes, 0 fault sites, 2 entries, text 0x400fe8..0x400ff0, fpsimd false
[    3.048605] rust_kjit: kjit: pc 0x400fcc: installed 1088 bytes, 1 fault sites, 11 entries, text 0x400fbc..0x400fe8, fpsimd false
rep 0 variant=gpr enabled=1 outer=20000 calls=256 ns_per_outer=1644.3 ns_per_call=6.42
rep 1 variant=gpr enabled=1 outer=20000 calls=256 ns_per_outer=1637.2 ns_per_call=6.40
rep 2 variant=gpr enabled=1 outer=20000 calls=256 ns_per_outer=1644.9 ns_per_call=6.43
rep 3 variant=gpr enabled=1 outer=20000 calls=256 ns_per_outer=1642.6 ns_per_call=6.42
rep 4 variant=gpr enabled=1 outer=20000 calls=256 ns_per_outer=1654.6 ns_per_call=6.46
rep 5 variant=gpr enabled=1 outer=20000 calls=256 ns_per_outer=1636.1 ns_per_call=6.39
rep 6 variant=gpr enabled=1 outer=20000 calls=256 ns_per_outer=1653.4 ns_per_call=6.46
result variant=gpr enabled=1 outer=20000 calls=256 reps=7 median_ns_per_outer=1644.3 median_ns_per_call=6.42 min_ns_per_call=6.39 acc=40960000
counters variant=gpr timed_outer=140000 hook_calls=140045 syscalls_in_kernel=139965 fragment_entries=140045 fpsimd_entries=1 fpsimd_restores=0 chains=0 chain_cap=0 exit_svc=139965 exit_bl=0 exit_blr=0 exit_br=0 exit_ret=80 exit_mem=0 exit_unsupported=0 exit_budget=0 run_declined=0
rep 0 variant=fp enabled=0 outer=200000 calls=256 ns_per_outer=949.4 ns_per_call=3.71
rep 1 variant=fp enabled=0 outer=200000 calls=256 ns_per_outer=946.0 ns_per_call=3.70
rep 2 variant=fp enabled=0 outer=200000 calls=256 ns_per_outer=946.3 ns_per_call=3.70
rep 3 variant=fp enabled=0 outer=200000 calls=256 ns_per_outer=945.1 ns_per_call=3.69
rep 4 variant=fp enabled=0 outer=200000 calls=256 ns_per_outer=944.4 ns_per_call=3.69
rep 5 variant=fp enabled=0 outer=200000 calls=256 ns_per_outer=941.9 ns_per_call=3.68
rep 6 variant=fp enabled=0 outer=200000 calls=256 ns_per_outer=949.4 ns_per_call=3.71
result variant=fp enabled=0 outer=200000 calls=256 reps=7 median_ns_per_outer=946.0 median_ns_per_call=3.70 min_ns_per_call=3.68 acc=409600000
[    4.867972] kjit: translate_svc_sites pid 84: 2 text ranges, 111 svc sites
[    4.868378] rust_kjit: kjit: pc 0x401028: installed 532 bytes, 0 fault sites, 4 entries, text 0x401028..0x401038, fpsimd true
[    4.868928] rust_kjit: kjit: pc 0x40100c: installed 1088 bytes, 1 fault sites, 11 entries, text 0x400ffc..0x401028, fpsimd false
rep 0 variant=fp enabled=1 outer=20000 calls=256 ns_per_outer=1703.1 ns_per_call=6.65
rep 1 variant=fp enabled=1 outer=20000 calls=256 ns_per_outer=1724.1 ns_per_call=6.73
rep 2 variant=fp enabled=1 outer=20000 calls=256 ns_per_outer=1720.1 ns_per_call=6.72
rep 3 variant=fp enabled=1 outer=20000 calls=256 ns_per_outer=1717.3 ns_per_call=6.71
rep 4 variant=fp enabled=1 outer=20000 calls=256 ns_per_outer=1705.5 ns_per_call=6.66
rep 5 variant=fp enabled=1 outer=20000 calls=256 ns_per_outer=1701.7 ns_per_call=6.65
rep 6 variant=fp enabled=1 outer=20000 calls=256 ns_per_outer=1709.0 ns_per_call=6.68
result variant=fp enabled=1 outer=20000 calls=256 reps=7 median_ns_per_outer=1709.0 median_ns_per_call=6.68 min_ns_per_call=6.65 acc=40960000
counters variant=fp timed_outer=140000 hook_calls=140045 syscalls_in_kernel=139965 fragment_entries=280017 fpsimd_entries=139973 fpsimd_restores=0 chains=139972 chain_cap=0 exit_svc=139965 exit_bl=139972 exit_blr=0 exit_br=0 exit_ret=80 exit_mem=0 exit_unsupported=0 exit_budget=0 run_declined=0
a11: ibtc_variant=3
a11: warm-up at off
a11maps aaaad1090000-aaaad12e0000 r-xp 00000000 00:03 4263                       /opt/redis/src/redis-server
a11maps aaaad12e9000-aaaad12f0000 r--p 00259000 00:03 4263                       /opt/redis/src/redis-server
a11maps aaaad12f0000-aaaad1349000 rw-p 00260000 00:03 4263                       /opt/redis/src/redis-server
a11maps aaaad1349000-aaaad157c000 rw-p 00000000 00:00 0 
a11maps aaab0824d000-aaab0826e000 rw-p 00000000 00:00 0                          [heap]
a11maps ffff84340000-ffff845c0000 rw-p 00000000 00:00 0 
a11maps ffff845c0000-ffff845d0000 ---p 00000000 00:00 0 
a11maps ffff845d0000-ffff84dd0000 rw-p 00000000 00:00 0 
a11maps ffff84dd0000-ffff84de0000 ---p 00000000 00:00 0 
a11maps ffff84de0000-ffff855e0000 rw-p 00000000 00:00 0 
a11maps ffff855e0000-ffff855f0000 ---p 00000000 00:00 0 
a11maps ffff855f0000-ffff85df0000 rw-p 00000000 00:00 0 
a11maps ffff85df0000-ffff85e00000 ---p 00000000 00:00 0 
a11maps ffff85e00000-ffff86600000 rw-p 00000000 00:00 0 
a11maps ffff86600000-ffff86e00000 rw-p 00000000 00:00 0 
a11maps ffff86e50000-ffff86fdc000 r-xp 00000000 00:03 816                        /usr/lib/aarch64-linux-gnu/libc.so.6
a11maps ffff86fdc000-ffff86fec000 ---p 0018c000 00:03 816                        /usr/lib/aarch64-linux-gnu/libc.so.6
a11maps ffff86fec000-ffff86ff0000 r--p 0018c000 00:03 816                        /usr/lib/aarch64-linux-gnu/libc.so.6
a11maps ffff86ff0000-ffff86ff2000 rw-p 00190000 00:03 816                        /usr/lib/aarch64-linux-gnu/libc.so.6
a11maps ffff86ff2000-ffff86fff000 rw-p 00000000 00:00 0 
a11maps ffff87000000-ffff87082000 r-xp 00000000 00:03 863                        /usr/lib/aarch64-linux-gnu/libm.so.6
a11maps ffff87082000-ffff8709f000 ---p 00082000 00:03 863                        /usr/lib/aarch64-linux-gnu/libm.so.6
a11maps ffff8709f000-ffff870a0000 r--p 0008f000 00:03 863                        /usr/lib/aarch64-linux-gnu/libm.so.6
a11maps ffff870a0000-ffff870a1000 rw-p 00090000 00:03 863                        /usr/lib/aarch64-linux-gnu/libm.so.6
a11maps ffff870ad000-ffff870d4000 r-xp 00000000 00:03 796                        /usr/lib/aarch64-linux-gnu/ld-linux-aarch64.so.1
a11maps ffff870de000-ffff870e2000 rw-p 00000000 00:00 0 
a11maps ffff870e4000-ffff870e6000 rw-p 00000000 00:00 0 
a11maps ffff870e6000-ffff870ea000 r--p 00000000 00:00 0                          [vvar]
a11maps ffff870ea000-ffff870eb000 r-xp 00000000 00:00 0                          [vdso]
a11maps ffff870eb000-ffff870ed000 r--p 0002e000 00:03 796                        /usr/lib/aarch64-linux-gnu/ld-linux-aarch64.so.1
a11maps ffff870ed000-ffff870ef000 rw-p 00030000 00:03 796                        /usr/lib/aarch64-linux-gnu/ld-linux-aarch64.so.1
a11maps fffff6d9a000-fffff6dbb000 rw-p 00000000 00:00 0                          [stack]
a11 point=off pass=1 test=set requests=200000 rps=229621.12 hook_calls=0 syscalls_in_kernel=0 fragment_entries=0 fpsimd_entries=0 fpsimd_restores=0 chains=0 chain_cap=0 exit_svc=0 exit_bl=0 exit_blr=0 exit_br=0 exit_ret=0 exit_mem=0 exit_unsupported=0 exit_budget=0 run_declined=0 ibtc_insert=0 ibtc_replace=0 ibtc_clear=0 ibtc_fpsimd_boundary=0 ibtc_miss_cold=0 ibtc_miss_conflict=0 ibtc_miss_other=0 fpsimd_run_max_ns=77250 miss_residual=0
a11slots point=off pass=1 test=set # table all conflicts 0 slots 0 top32 0
a11slots point=off pass=1 test=set # table nofp conflicts 0 slots 0 top32 0
a11 point=off pass=1 test=get requests=200000 rps=233644.86 hook_calls=0 syscalls_in_kernel=0 fragment_entries=0 fpsimd_entries=0 fpsimd_restores=0 chains=0 chain_cap=0 exit_svc=0 exit_bl=0 exit_blr=0 exit_br=0 exit_ret=0 exit_mem=0 exit_unsupported=0 exit_budget=0 run_declined=0 ibtc_insert=0 ibtc_replace=0 ibtc_clear=0 ibtc_fpsimd_boundary=0 ibtc_miss_cold=0 ibtc_miss_conflict=0 ibtc_miss_other=0 fpsimd_run_max_ns=77250 miss_residual=0
a11slots point=off pass=1 test=get # table all conflicts 0 slots 0 top32 0
a11slots point=off pass=1 test=get # table nofp conflicts 0 slots 0 top32 0
a11 point=1024 pass=1 test=set requests=200000 rps=140845.08 hook_calls=408781 syscalls_in_kernel=384527 fragment_entries=607199 fpsimd_entries=198958 fpsimd_restores=0 chains=199222 chain_cap=0 exit_svc=384527 exit_bl=6885 exit_blr=858 exit_br=199599 exit_ret=9956 exit_mem=2 exit_unsupported=5372 exit_budget=0 run_declined=13 ibtc_insert=537 ibtc_replace=0 ibtc_clear=0 ibtc_fpsimd_boundary=198950 ibtc_miss_cold=18348 ibtc_miss_conflict=0 ibtc_miss_other=0 fpsimd_run_max_ns=106541 miss_residual=0
a11slots point=1024 pass=1 test=set # table all conflicts 0 slots 0 top32 0
a11slots point=1024 pass=1 test=set # table nofp conflicts 0 slots 0 top32 0
a11 point=1024 pass=1 test=get requests=200000 rps=160128.11 hook_calls=408992 syscalls_in_kernel=398612 fragment_entries=608458 fpsimd_entries=200006 fpsimd_restores=0 chains=200021 chain_cap=0 exit_svc=398612 exit_bl=879 exit_blr=95 exit_br=200002 exit_ret=919 exit_mem=2 exit_unsupported=7949 exit_budget=0 run_declined=25 ibtc_insert=33 ibtc_replace=0 ibtc_clear=0 ibtc_fpsimd_boundary=200003 ibtc_miss_cold=1892 ibtc_miss_conflict=0 ibtc_miss_other=0 fpsimd_run_max_ns=151250 miss_residual=0
a11slots point=1024 pass=1 test=get # table all conflicts 0 slots 0 top32 0
a11slots point=1024 pass=1 test=get # table nofp conflicts 0 slots 0 top32 0
a11 point=off pass=2 test=set requests=200000 rps=229357.80 hook_calls=0 syscalls_in_kernel=0 fragment_entries=0 fpsimd_entries=0 fpsimd_restores=0 chains=0 chain_cap=0 exit_svc=0 exit_bl=0 exit_blr=0 exit_br=0 exit_ret=0 exit_mem=0 exit_unsupported=0 exit_budget=0 run_declined=0 ibtc_insert=0 ibtc_replace=0 ibtc_clear=0 ibtc_fpsimd_boundary=0 ibtc_miss_cold=0 ibtc_miss_conflict=0 ibtc_miss_other=0 fpsimd_run_max_ns=151250 miss_residual=0
a11slots point=off pass=2 test=set # table all conflicts 0 slots 0 top32 0
a11slots point=off pass=2 test=set # table nofp conflicts 0 slots 0 top32 0
a11 point=off pass=2 test=get requests=200000 rps=239520.97 hook_calls=0 syscalls_in_kernel=0 fragment_entries=0 fpsimd_entries=0 fpsimd_restores=0 chains=0 chain_cap=0 exit_svc=0 exit_bl=0 exit_blr=0 exit_br=0 exit_ret=0 exit_mem=0 exit_unsupported=0 exit_budget=0 run_declined=0 ibtc_insert=0 ibtc_replace=0 ibtc_clear=0 ibtc_fpsimd_boundary=0 ibtc_miss_cold=0 ibtc_miss_conflict=0 ibtc_miss_other=0 fpsimd_run_max_ns=151250 miss_residual=0
a11slots point=off pass=2 test=get # table all conflicts 0 slots 0 top32 0
a11slots point=off pass=2 test=get # table nofp conflicts 0 slots 0 top32 0
a11 point=1024 pass=2 test=set requests=200000 rps=140944.33 hook_calls=408850 syscalls_in_kernel=399710 fragment_entries=608292 fpsimd_entries=200001 fpsimd_restores=0 chains=200001 chain_cap=0 exit_svc=399711 exit_bl=418 exit_blr=30 exit_br=200001 exit_ret=269 exit_mem=9 exit_unsupported=7854 exit_budget=0 run_declined=24 ibtc_insert=0 ibtc_replace=0 ibtc_clear=0 ibtc_fpsimd_boundary=200001 ibtc_miss_cold=717 ibtc_miss_conflict=0 ibtc_miss_other=0 fpsimd_run_max_ns=216416 miss_residual=0
a11slots point=1024 pass=2 test=set # table all conflicts 0 slots 0 top32 0
a11slots point=1024 pass=2 test=set # table nofp conflicts 0 slots 0 top32 0
a11 point=1024 pass=2 test=get requests=200000 rps=150375.94 hook_calls=409128 syscalls_in_kernel=399707 fragment_entries=608574 fpsimd_entries=200001 fpsimd_restores=0 chains=200001 chain_cap=0 exit_svc=399707 exit_bl=416 exit_blr=27 exit_br=200001 exit_ret=269 exit_mem=0 exit_unsupported=8154 exit_budget=0 run_declined=21 ibtc_insert=0 ibtc_replace=0 ibtc_clear=0 ibtc_fpsimd_boundary=200001 ibtc_miss_cold=712 ibtc_miss_conflict=0 ibtc_miss_other=0 fpsimd_run_max_ns=1919666 miss_residual=0
a11slots point=1024 pass=2 test=get # table all conflicts 0 slots 0 top32 0
a11slots point=1024 pass=2 test=get # table nofp conflicts 0 slots 0 top32 0
a11 point=off pass=3 test=set requests=200000 rps=232288.03 hook_calls=0 syscalls_in_kernel=0 fragment_entries=0 fpsimd_entries=0 fpsimd_restores=0 chains=0 chain_cap=0 exit_svc=0 exit_bl=0 exit_blr=0 exit_br=0 exit_ret=0 exit_mem=0 exit_unsupported=0 exit_budget=0 run_declined=0 ibtc_insert=0 ibtc_replace=0 ibtc_clear=0 ibtc_fpsimd_boundary=0 ibtc_miss_cold=0 ibtc_miss_conflict=0 ibtc_miss_other=0 fpsimd_run_max_ns=1919666 miss_residual=0
a11slots point=off pass=3 test=set # table all conflicts 0 slots 0 top32 0
a11slots point=off pass=3 test=set # table nofp conflicts 0 slots 0 top32 0
a11 point=off pass=3 test=get requests=200000 rps=237247.92 hook_calls=0 syscalls_in_kernel=0 fragment_entries=0 fpsimd_entries=0 fpsimd_restores=0 chains=0 chain_cap=0 exit_svc=0 exit_bl=0 exit_blr=0 exit_br=0 exit_ret=0 exit_mem=0 exit_unsupported=0 exit_budget=0 run_declined=0 ibtc_insert=0 ibtc_replace=0 ibtc_clear=0 ibtc_fpsimd_boundary=0 ibtc_miss_cold=0 ibtc_miss_conflict=0 ibtc_miss_other=0 fpsimd_run_max_ns=1919666 miss_residual=0
a11slots point=off pass=3 test=get # table all conflicts 0 slots 0 top32 0
a11slots point=off pass=3 test=get # table nofp conflicts 0 slots 0 top32 0
a11 point=1024 pass=3 test=set requests=200000 rps=141944.64 hook_calls=408809 syscalls_in_kernel=399683 fragment_entries=608258 fpsimd_entries=200001 fpsimd_restores=0 chains=200001 chain_cap=0 exit_svc=399683 exit_bl=447 exit_blr=21 exit_br=200001 exit_ret=270 exit_mem=0 exit_unsupported=7836 exit_budget=0 run_declined=15 ibtc_insert=0 ibtc_replace=0 ibtc_clear=0 ibtc_fpsimd_boundary=200001 ibtc_miss_cold=738 ibtc_miss_conflict=0 ibtc_miss_other=0 fpsimd_run_max_ns=1919666 miss_residual=0
a11slots point=1024 pass=3 test=set # table all conflicts 0 slots 0 top32 0
a11slots point=1024 pass=3 test=set # table nofp conflicts 0 slots 0 top32 0
a11 point=1024 pass=3 test=get requests=200000 rps=159616.92 hook_calls=408932 syscalls_in_kernel=399690 fragment_entries=608378 fpsimd_entries=200001 fpsimd_restores=0 chains=200001 chain_cap=0 exit_svc=399690 exit_bl=432 exit_blr=25 exit_br=200001 exit_ret=270 exit_mem=4 exit_unsupported=7956 exit_budget=0 run_declined=20 ibtc_insert=0 ibtc_replace=0 ibtc_clear=0 ibtc_fpsimd_boundary=200001 ibtc_miss_cold=727 ibtc_miss_conflict=0 ibtc_miss_other=0 fpsimd_run_max_ns=1919666 miss_residual=0
a11slots point=1024 pass=3 test=get # table all conflicts 0 slots 0 top32 0
a11slots point=1024 pass=3 test=get # table nofp conflicts 0 slots 0 top32 0
a11maps-end aaaad1090000-aaaad12e0000 r-xp 00000000 00:03 4263                       /opt/redis/src/redis-server
a11maps-end aaaad12e9000-aaaad12f0000 r--p 00259000 00:03 4263                       /opt/redis/src/redis-server
a11maps-end aaaad12f0000-aaaad1349000 rw-p 00260000 00:03 4263                       /opt/redis/src/redis-server
a11maps-end aaaad1349000-aaaad157c000 rw-p 00000000 00:00 0 
a11maps-end aaab0824d000-aaab0826e000 rw-p 00000000 00:00 0                          [heap]
a11maps-end ffff84340000-ffff845c0000 rw-p 00000000 00:00 0 
a11maps-end ffff845c0000-ffff845d0000 ---p 00000000 00:00 0 
a11maps-end ffff845d0000-ffff84dd0000 rw-p 00000000 00:00 0 
a11maps-end ffff84dd0000-ffff84de0000 ---p 00000000 00:00 0 
a11maps-end ffff84de0000-ffff855e0000 rw-p 00000000 00:00 0 
a11maps-end ffff855e0000-ffff855f0000 ---p 00000000 00:00 0 
a11maps-end ffff855f0000-ffff85df0000 rw-p 00000000 00:00 0 
a11maps-end ffff85df0000-ffff85e00000 ---p 00000000 00:00 0 
a11maps-end ffff85e00000-ffff86600000 rw-p 00000000 00:00 0 
a11maps-end ffff86600000-ffff86e00000 rw-p 00000000 00:00 0 
a11maps-end ffff86e50000-ffff86fdc000 r-xp 00000000 00:03 816                        /usr/lib/aarch64-linux-gnu/libc.so.6
a11maps-end ffff86fdc000-ffff86fec000 ---p 0018c000 00:03 816                        /usr/lib/aarch64-linux-gnu/libc.so.6
a11maps-end ffff86fec000-ffff86ff0000 r--p 0018c000 00:03 816                        /usr/lib/aarch64-linux-gnu/libc.so.6
a11maps-end ffff86ff0000-ffff86ff2000 rw-p 00190000 00:03 816                        /usr/lib/aarch64-linux-gnu/libc.so.6
a11maps-end ffff86ff2000-ffff86fff000 rw-p 00000000 00:00 0 
a11maps-end ffff87000000-ffff87082000 r-xp 00000000 00:03 863                        /usr/lib/aarch64-linux-gnu/libm.so.6
a11maps-end ffff87082000-ffff8709f000 ---p 00082000 00:03 863                        /usr/lib/aarch64-linux-gnu/libm.so.6
a11maps-end ffff8709f000-ffff870a0000 r--p 0008f000 00:03 863                        /usr/lib/aarch64-linux-gnu/libm.so.6
a11maps-end ffff870a0000-ffff870a1000 rw-p 00090000 00:03 863                        /usr/lib/aarch64-linux-gnu/libm.so.6
a11maps-end ffff870ad000-ffff870d4000 r-xp 00000000 00:03 796                        /usr/lib/aarch64-linux-gnu/ld-linux-aarch64.so.1
a11maps-end ffff870de000-ffff870e2000 rw-p 00000000 00:00 0 
a11maps-end ffff870e4000-ffff870e6000 rw-p 00000000 00:00 0 
a11maps-end ffff870e6000-ffff870ea000 r--p 00000000 00:00 0                          [vvar]
a11maps-end ffff870ea000-ffff870eb000 r-xp 00000000 00:00 0                          [vdso]
a11maps-end ffff870eb000-ffff870ed000 r--p 0002e000 00:03 796                        /usr/lib/aarch64-linux-gnu/ld-linux-aarch64.so.1
a11maps-end ffff870ed000-ffff870ef000 rw-p 00030000 00:03 796                        /usr/lib/aarch64-linux-gnu/ld-linux-aarch64.so.1
a11maps-end fffff6d9a000-fffff6dbb000 rw-p 00000000 00:00 0                          [stack]
a11: done
[   34.280558] kjit: 0 of 295 translation requests still queued at unload (freed by the kernel)
[   34.312551] rust_kjit: ######## Rust KJIT exits ########
kjit-init: rmmod kjit ok
kjit-init: run exit=0
[   34.327524] reboot: Power down
