k4-adv: kill9 PASS: kill9 #1: server status 137;kill9 #2: server status 137;kill9 #3: server status 137;
k4:   kill9#1: hot: 1073834 fragment entries, 0 syscalls in kernel before the event
k4:   kill9#2: hot: 1078765 fragment entries, 0 syscalls in kernel before the event
k4:   kill9#3: hot: 1064643 fragment entries, 0 syscalls in kernel before the event
k4:   kill9: in_kernel=0/422020 syscalls (0.0%) entries=4359487 chains=3944694 chain_cap=0 translated=132 (entry_unsupported=0 compile=0 verify=0 capped=0 neg=0) invalidated=0 released=132
k4:   kill9: exits svc=0 bl=1550807 blr=297882 br=120672 ret=1983037 mem=0 unsupported=407089 budget=0 invalid=0 svc_declined=0
k4:   kill9: unsupported_top (word(exits/entry_stops)): 0xf8200020(368019/0) 0x4c407061(39070/0) 
k4-adv: sigterm PASS: TERM: server status 0;sigterm: shutdown and clean exit logged;
k4:   TERM: hot: 1074857 fragment entries, 0 syscalls in kernel before the event
k4:   sigterm: in_kernel=0/151792 syscalls (0.0%) entries=1562057 chains=1412976 chain_cap=0 translated=44 (entry_unsupported=0 compile=0 verify=0 capped=0 neg=0) invalidated=0 released=44
k4:   sigterm: exits svc=0 bl=554603 blr=107133 br=40231 ret=713584 mem=0 unsupported=146506 budget=0 invalid=0 svc_declined=0
k4:   sigterm: unsupported_top (word(exits/entry_stops)): 0xf8200020(133480/0) 0x4c407061(13026/0) 
k4-adv: sigusr1 PASS: USR1: server status 138;
k4:   USR1: hot: 1082289 fragment entries, 0 syscalls in kernel before the event
k4:   sigusr1: in_kernel=0/143466 syscalls (0.0%) entries=1477832 chains=1336934 chain_cap=0 translated=44 (entry_unsupported=0 compile=0 verify=0 capped=0 neg=0) invalidated=0 released=44
k4:   sigusr1: exits svc=0 bl=525535 blr=100362 br=40218 ret=673390 mem=0 unsupported=138327 budget=0 invalid=0 svc_declined=0
k4:   sigusr1: unsupported_top (word(exits/entry_stops)): 0xf8200020(125306/0) 0x4c407061(13021/0) 
k4-adv: stopcont PASS: stopcont: load status 0;dbsize 10045 digest a595c3aec0dfe15c636c10750e98bb92f179efe8;
k4:   stopcont: hot: 1036016 fragment entries, 0 syscalls in kernel before the event
k4:   stopcont: in_kernel=0/5779840 syscalls (0.0%) entries=59273407 chains=53498766 chain_cap=0 translated=44 (entry_unsupported=0 compile=0 verify=0 capped=0 neg=0) invalidated=0 released=44
k4:   stopcont: exits svc=0 bl=20475010 blr=4677424 br=40231 ret=28310001 mem=0 unsupported=5770741 budget=0 invalid=0 svc_declined=0
k4:   stopcont: unsupported_top (word(exits/entry_stops)): 0xf8200020(5757715/0) 0x4c407061(13026/0) 
k4-adv: segfault PASS: segfault: server status 139;crashed by signal: 11, si_code: 2;Accessing address: <page-aligned>;segfault: stack trace names debugCommand: yes;segfault: core files 1;
k4:   segfault: hot: 1084614 fragment entries, 0 syscalls in kernel before the event
k4:   segfault: in_kernel=0/144560 syscalls (0.0%) entries=1479529 chains=1338754 chain_cap=0 translated=44 (entry_unsupported=0 compile=0 verify=0 capped=0 neg=0) invalidated=0 released=44
k4:   segfault: exits svc=0 bl=525978 blr=101901 br=40224 ret=673330 mem=0 unsupported=138096 budget=0 invalid=0 svc_declined=0
k4:   segfault: unsupported_top (word(exits/entry_stops)): 0xf8200020(125073/0) 0x4c407061(13023/0) 
k4-adv: bgsave PASS: bgsave: load status 0;bgsave: before restart dbsize 10045 digest a595c3aec0dfe15c636c10750e98bb92f179efe8;bgsave: redis-check-rdb ok;bgsave: after restart dbsize 10045 digest a595c3aec0dfe15c636c10750
k4:   bgsave: hot: 1063221 fragment entries, 0 syscalls in kernel before the event
k4:   bgsave: in_kernel=0/5793269 syscalls (0.0%) entries=59371396 chains=53590033 chain_cap=0 translated=44 (entry_unsupported=0 compile=0 verify=0 capped=0 neg=0) invalidated=0 released=44
k4:   bgsave: exits svc=0 bl=20507630 blr=4696881 br=40219 ret=28349406 mem=0 unsupported=5777260 budget=0 invalid=0 svc_declined=0
k4:   bgsave: unsupported_top (word(exits/entry_stops)): 0xf8200020(5764238/0) 0x4c407061(13022/0) 
k4-adv: aofrw PASS: aofrw: load status 0;aofrw: before restart dbsize 10045 digest a595c3aec0dfe15c636c10750e98bb92f179efe8;aofrw: after restart from the AOF dbsize 10045 digest a595c3aec0dfe15c636c10750e98bb92f179efe8;
k4:   aofrw: hot: 1130298 fragment entries, 0 syscalls in kernel before the event
k4:   aofrw: in_kernel=0/5007452 syscalls (0.0%) entries=45916679 chains=40923424 chain_cap=0 translated=59 (entry_unsupported=0 compile=0 verify=0 capped=0 neg=0) invalidated=0 released=59
k4:   aofrw: exits svc=0 bl=15973502 blr=1879501 br=40225 ret=23036093 mem=0 unsupported=4987358 budget=0 invalid=0 svc_declined=0
k4:   aofrw: unsupported_top (word(exits/entry_stops)): 0xf8200020(4825087/0) 0x4e080ec0(143096/0) 0x4c407061(14811/0) 0xb8608020(4012/0) 0x3dc00020(352/0) 
k4-adv: config PASS: config: 5 module load/unload and config set rounds ok;config: load status 0; misc module still loaded: 0;dbsize 10045 digest a595c3aec0dfe15c636c10750e98bb92f179efe8;
k4:   config: hot: 1157167 fragment entries, 0 syscalls in kernel before the event
k4:   config: in_kernel=0/6631027 syscalls (0.0%) entries=64332423 chains=57715032 chain_cap=0 translated=49 (entry_unsupported=0 compile=0 verify=0 capped=0 neg=0) invalidated=0 released=49
k4:   config: exits svc=0 bl=22401086 blr=3734303 br=125008 ret=31459304 mem=0 unsupported=6612722 budget=0 invalid=0 svc_declined=0
k4:   config: unsupported_top (word(exits/entry_stops)): 0xf8200020(6515046/0) 0x88e07c41(84650/0) 0x4c407061(13026/0) 
k4-adv: reload PASS: reload: 5 unloads under load; load status 0; ping PONG;dbsize 10045 digest 8630698fcae208583f0c9e6fe598b8d0226d4767;
k4:   reload: hot: 1079458 fragment entries, 0 syscalls in kernel before the event
k4:   reload: counters of the last load: syscalls_in_kernel 0 fragment_entries 74712045 exit_invalid 0 translate_verify_rejected 0 
k4-adv: maxmemory PASS: maxmemory: evicted yes;maxmemory: used within 32mb+1mb yes;maxmemory: noeviction write: OOM command not allowed when used memory;maxmemory: after lifting the limit: OK;
k4:   maxmemory: hot: 1055901 fragment entries, 0 syscalls in kernel before the event
k4:   maxmemory: in_kernel=0/1102638 syscalls (0.0%) entries=11273515 chains=10174513 chain_cap=0 translated=29 (entry_unsupported=0 compile=0 verify=0 capped=0 neg=0) invalidated=0 released=29
k4:   maxmemory: exits svc=0 bl=3890839 blr=895678 br=0 ret=5389833 mem=0 unsupported=1097165 budget=0 invalid=0 svc_declined=0
k4:   maxmemory: unsupported_top (word(exits/entry_stops)): 0xf8200020(1097165/0) 
k4-adv: ALL PASS
