k4-adv: kill9 PASS: kill9 #1: server status 137;kill9 #2: server status 137;kill9 #3: server status 137;
k4:   kill9#1: hot: 1758309 fragment entries, 0 syscalls in kernel before the event
k4:   kill9#2: hot: 1849544 fragment entries, 0 syscalls in kernel before the event
k4:   kill9#3: hot: 1799363 fragment entries, 0 syscalls in kernel before the event
k4:   kill9: in_kernel=0/430351 syscalls (0.0%) entries=6978230 chains=6555110 chain_cap=235662 translated=183 (entry_unsupported=0 compile=0 verify=0 capped=0 neg=0) invalidated=0 released=183
k4:   kill9: exits svc=0 bl=2919886 blr=298188 br=258308 ret=3325348 mem=0 unsupported=176500 budget=0 invalid=0 svc_declined=0
k4:   kill9: unsupported_top (word(exits/entry_stops)): 0x4e010c20(137421/0) 0x4c407061(39079/0) 
k4-adv: sigterm PASS: TERM: server status 0;sigterm: shutdown and clean exit logged;
k4:   TERM: hot: 1799938 fragment entries, 0 syscalls in kernel before the event
k4:   sigterm: in_kernel=0/153667 syscalls (0.0%) entries=2494404 chains=2343453 chain_cap=85041 translated=61 (entry_unsupported=0 compile=0 verify=0 capped=0 neg=0) invalidated=0 released=61
k4:   sigterm: exits svc=0 bl=1042942 blr=108621 br=89511 ret=1191085 mem=0 unsupported=62245 budget=0 invalid=0 svc_declined=0
k4:   sigterm: unsupported_top (word(exits/entry_stops)): 0x4e010c20(49220/0) 0x4c407061(13025/0) 
k4-adv: sigusr1 PASS: USR1: server status 138;
k4:   USR1: hot: 1751471 fragment entries, 0 syscalls in kernel before the event
k4:   sigusr1: in_kernel=0/143573 syscalls (0.0%) entries=2325924 chains=2184889 chain_cap=78467 translated=61 (entry_unsupported=0 compile=0 verify=0 capped=0 neg=0) invalidated=0 released=61
k4:   sigusr1: exits svc=0 bl=973478 blr=98895 br=86168 ret=1108474 mem=0 unsupported=58909 budget=0 invalid=0 svc_declined=0
k4:   sigusr1: unsupported_top (word(exits/entry_stops)): 0x4e010c20(45888/0) 0x4c407061(13021/0) 
k4-adv: stopcont PASS: stopcont: load status 0;dbsize 10045 digest a595c3aec0dfe15c636c10750e98bb92f179efe8;
k4:   stopcont: hot: 1750247 fragment entries, 0 syscalls in kernel before the event
k4:   stopcont: in_kernel=0/5775320 syscalls (0.0%) entries=98002388 chains=92232201 chain_cap=3653215 translated=61 (entry_unsupported=0 compile=0 verify=0 capped=0 neg=0) invalidated=0 released=61
k4:   stopcont: exits svc=0 bl=40900599 blr=4664119 br=2139249 ret=48186445 mem=0 unsupported=2111976 budget=0 invalid=0 svc_declined=0
k4:   stopcont: unsupported_top (word(exits/entry_stops)): 0x4e010c20(2098948/0) 0x4c407061(13028/0) 
k4-adv: segfault PASS: segfault: server status 139;crashed by signal: 11, si_code: 2;Accessing address: <page-aligned>;segfault: stack trace names debugCommand: yes;segfault: core files 1;
k4:   segfault: hot: 1784383 fragment entries, 0 syscalls in kernel before the event
k4:   segfault: in_kernel=0/143838 syscalls (0.0%) entries=2308931 chains=2168805 chain_cap=77835 translated=61 (entry_unsupported=0 compile=0 verify=0 capped=0 neg=0) invalidated=0 released=61
k4:   segfault: exits svc=0 bl=966310 blr=98163 br=85788 ret=1100147 mem=0 unsupported=58523 budget=0 invalid=0 svc_declined=0
k4:   segfault: unsupported_top (word(exits/entry_stops)): 0x4e010c20(45500/0) 0x4c407061(13023/0) 
k4-adv: bgsave PASS: bgsave: load status 0;bgsave: before restart dbsize 10045 digest a595c3aec0dfe15c636c10750e98bb92f179efe8;bgsave: redis-check-rdb ok;bgsave: after restart dbsize 10045 digest a595c3aec0dfe15c636c10750
k4:   bgsave: hot: 1766075 fragment entries, 0 syscalls in kernel before the event
k4:   bgsave: in_kernel=0/5799310 syscalls (0.0%) entries=98292119 chains=92504700 chain_cap=3670201 translated=62 (entry_unsupported=0 compile=0 verify=0 capped=0 neg=0) invalidated=0 released=62
k4:   bgsave: exits svc=0 bl=41002849 blr=4715057 br=2139263 ret=48322958 mem=0 unsupported=2111992 budget=0 invalid=0 svc_declined=0
k4:   bgsave: unsupported_top (word(exits/entry_stops)): 0x4e010c20(2098965/0) 0x4c407061(13027/0) 
k4-adv: aofrw PASS: aofrw: load status 0;aofrw: before restart dbsize 10045 digest a595c3aec0dfe15c636c10750e98bb92f179efe8;aofrw: after restart from the AOF dbsize 10045 digest a595c3aec0dfe15c636c10750e98bb92f179efe8;
k4:   aofrw: hot: 1900374 fragment entries, 0 syscalls in kernel before the event
k4:   aofrw: in_kernel=0/4991064 syscalls (0.0%) entries=82689653 chains=77712969 chain_cap=2718000 translated=84 (entry_unsupported=0 compile=0 verify=0 capped=0 neg=0) invalidated=0 released=84
k4:   aofrw: exits svc=0 bl=35443047 blr=1851237 br=2139246 ret=41005571 mem=0 unsupported=2250552 budget=0 invalid=0 svc_declined=0
k4:   aofrw: unsupported_top (word(exits/entry_stops)): 0x4e010c20(2098954/0) 0x4e080ec0(135925/0) 0x4c407061(15248/0) 0x3dc00020(425/0) 
k4-adv: config PASS: config: 5 module load/unload and config set rounds ok;config: load status 0; misc module still loaded: 0;dbsize 10045 digest a595c3aec0dfe15c636c10750e98bb92f179efe8;
k4:   config: hot: 1808205 fragment entries, 0 syscalls in kernel before the event
k4:   config: in_kernel=0/5882690 syscalls (0.0%) entries=99671846 chains=93802718 chain_cap=3340552 translated=70 (entry_unsupported=0 compile=0 verify=0 capped=0 neg=0) invalidated=0 released=70
k4:   config: exits svc=0 bl=42721472 blr=2494912 br=2604100 ret=49328842 mem=0 unsupported=2522520 budget=0 invalid=0 svc_declined=0
k4:   config: unsupported_top (word(exits/entry_stops)): 0x4e010c20(2509494/0) 0x4c407061(13026/0) 
k4-adv: reload PASS: reload: 5 unloads under load; load status 0; ping PONG;dbsize 10045 digest 8630698fcae208583f0c9e6fe598b8d0226d4767;
k4:   reload: hot: 1777835 fragment entries, 0 syscalls in kernel before the event
k4:   reload: counters of the last load: syscalls_in_kernel 0 fragment_entries 122666192 exit_invalid 0 translate_verify_rejected 0 
k4-adv: maxmemory PASS: maxmemory: evicted yes;maxmemory: used within 32mb+1mb yes;maxmemory: noeviction write: OOM command not allowed when used memory;maxmemory: after lifting the limit: OK;
k4:   maxmemory: hot: 1795622 fragment entries, 0 syscalls in kernel before the event
k4:   maxmemory: in_kernel=0/1109220 syscalls (0.0%) entries=18769408 chains=17663793 chain_cap=703730 translated=46 (entry_unsupported=0 compile=0 verify=0 capped=0 neg=0) invalidated=0 released=46
k4:   maxmemory: exits svc=0 bl=7822240 blr=915528 br=399019 ret=9233666 mem=0 unsupported=398955 budget=0 invalid=0 svc_declined=0
k4:   maxmemory: unsupported_top (word(exits/entry_stops)): 0x4e010c20(398955/0) 
k4-adv: ALL PASS
