[    0.000000] Booting Linux on physical CPU 0x0000000000 [0x610f0000]
[    0.000000] Linux version 7.1.0-rc1+ (@kjit-dev-container) (Ubuntu clang version 18.1.3 (1ubuntu1), Ubuntu LLD 18.1.3) #1 SMP PREEMPT Fri Oct  9 14:56:16 UTC 2026
[    0.000000] random: crng init done
[    0.000000] Machine model: linux,dummy-virt
[    0.000000] OF: reserved mem: Reserved memory: No reserved-memory node in the DT
[    0.000000] psci: probing for conduit method from DT.
[    0.000000] psci: PSCIv1.1 detected in firmware.
[    0.000000] psci: Using standard PSCI v0.2 function IDs
[    0.000000] psci: Trusted OS migration not required
[    0.000000] psci: SMC Calling Convention v1.0
[    0.000000] Zone ranges:
[    0.000000]   Normal   [mem 0x0000000040000000-0x000000013fffffff]
[    0.000000] Movable zone start for each node
[    0.000000] Early memory node ranges
[    0.000000]   node   0: [mem 0x0000000040000000-0x000000013fffffff]
[    0.000000] Initmem setup node 0 [mem 0x0000000040000000-0x000000013fffffff]
[    0.000000] percpu: Embedded 19 pages/cpu s38488 r8192 d31144 u77824
[    0.000000] Detected PIPT I-cache on CPU0
[    0.000000] CPU features: detected: Address authentication (IMP DEF algorithm)
[    0.000000] CPU features: detected: Spectre-v4
[    0.000000] CPU features: detected: Spectre-BHB
[    0.000000] alternatives: applying boot alternatives
[    0.000000] Kernel command line: console=ttyAMA0 panic=-1 nokaslr
[    0.000000] Unknown kernel command line parameters "nokaslr", will be passed to user space.
[    0.000000] printk: log buffer data + meta data: 131072 + 458752 = 589824 bytes
[    0.000000] Dentry cache hash table entries: 524288 (order: 10, 4194304 bytes, linear)
[    0.000000] Inode-cache hash table entries: 262144 (order: 9, 2097152 bytes, linear)
[    0.000000] software IO TLB: SWIOTLB bounce buffer size adjusted to 4MB
[    0.000000] software IO TLB: area num 4.
[    0.000000] software IO TLB: mapped [mem 0x000000013ac00000-0x000000013b000000] (4MB)
[    0.000000] Built 1 zonelists, mobility grouping on.  Total pages: 1048576
[    0.000000] mem auto-init: stack:all(zero), heap alloc:off, heap free:off
[    0.000000] SLUB: HWalign=64, Order=0-3, MinObjects=0, CPUs=4, Nodes=1
[    0.000000] rcu: Preemptible hierarchical RCU implementation.
[    0.000000] rcu: 	RCU restricting CPUs from NR_CPUS=512 to nr_cpu_ids=4.
[    0.000000] rcu: RCU calculated value of scheduler-enlistment delay is 25 jiffies.
[    0.000000] rcu: Adjusting geometry for rcu_fanout_leaf=16, nr_cpu_ids=4
[    0.000000] NR_IRQS: 64, nr_irqs: 64, preallocated irqs: 0
[    0.000000] Root IRQ handler: gic_handle_irq
[    0.000000] GICv2m: range[mem 0x08020000-0x08020fff], SPI[80:143]
[    0.000000] rcu: srcu_init: Setting srcu_struct sizes based on contention.
[    0.000000] arch_timer: cp15 timer running at 24.00MHz (virt).
[    0.000000] clocksource: arch_sys_counter: mask: 0xffffffffffffff max_cycles: 0x588fe9dc0, max_idle_ns: 440795202592 ns
[    0.000000] sched_clock: 56 bits at 24MHz, resolution 41ns, wraps every 4398046511097ns
[    0.000114] Console: colour dummy device 80x25
[    0.000121] Calibrating delay loop (skipped), value calculated using timer frequency.. 48.00 BogoMIPS (lpj=96000)
[    0.000124] pid_max: default: 32768 minimum: 301
[    0.000255] Mount-cache hash table entries: 8192 (order: 4, 65536 bytes, linear)
[    0.000264] Mountpoint-cache hash table entries: 8192 (order: 4, 65536 bytes, linear)
[    0.000341] VFS: Finished mounting rootfs on nullfs
[    0.000488] cacheinfo: Unable to detect cache hierarchy for CPU 0
[    0.000637] rcu: Hierarchical SRCU implementation.
[    0.000638] rcu: 	Max phase no-delay instances is 1000.
[    0.000660] Timer migration: 1 hierarchy levels; 8 children per group; 1 crossnode level
[    0.000699] smp: Bringing up secondary CPUs ...
[    0.000995] Detected PIPT I-cache on CPU1
[    0.001223] CPU1: Booted secondary processor 0x0000000001 [0x610f0000]
[    0.001627] Detected PIPT I-cache on CPU2
[    0.001721] CPU2: Booted secondary processor 0x0000000002 [0x610f0000]
[    0.002162] Detected PIPT I-cache on CPU3
[    0.002327] CPU3: Booted secondary processor 0x0000000003 [0x610f0000]
[    0.002416] smp: Brought up 1 node, 4 CPUs
[    0.002418] SMP: Total of 4 processors activated.
[    0.002418] CPU: All CPU(s) started at EL1
[    0.002419] CPU features: detected: ARMv8.4 Translation Table Level
[    0.002420] CPU features: detected: Data cache clean to the PoU not required for I/D coherence
[    0.002420] CPU features: detected: CRC32 instructions
[    0.002420] CPU features: detected: Data independent timing control (DIT)
[    0.002421] CPU features: detected: E0PD
[    0.002422] CPU features: detected: Generic authentication (IMP DEF algorithm)
[    0.002422] CPU features: detected: RCpc load-acquire (LDAPR)
[    0.002423] CPU features: detected: LSE atomic instructions
[    0.002423] CPU features: detected: Privileged Access Never
[    0.002423] CPU features: detected: Speculation barrier (SB)
[    0.002424] CPU features: detected: TLB range maintenance instructions
[    0.002424] CPU features: detected: XNX
[    0.002531] alternatives: applying system-wide alternatives
[    0.003577] Memory: 3910752K/4194304K available (5248K kernel code, 754K rwdata, 2356K rodata, 576K init, 405K bss, 280372K reserved, 0K cma-reserved)
[    0.003961] devtmpfs: initialized
[    0.004285] clocksource: jiffies: mask: 0xffffffff max_cycles: 0xffffffff, max_idle_ns: 7645041785100000 ns
[    0.004291] posixtimers hash table entries: 2048 (order: 3, 32768 bytes, linear)
[    0.004312] futex hash table entries: 1024 (65536 bytes on 1 NUMA nodes, total 64 KiB, linear).
[    0.004319] 30384 pages in range for non-PLT usage
[    0.004319] 521904 pages in range for PLT usage
[    0.004412] NET: Registered PF_NETLINK/PF_ROUTE protocol family
[    0.004774] DMA: preallocated 512 KiB GFP_KERNEL pool for atomic allocations
[    0.004849] ASID allocator initialised with 256 entries
[    0.004861] Serial: AMBA PL011 UART driver
[    0.005372] 9000000.pl011: ttyAMA0 at MMIO 0x9000000 (irq = 13, base_baud = 0) is a PL011 rev1
[    0.005500] printk: console [ttyAMA0] enabled
[    0.010067] vgaarb: loaded
[    0.010220] clocksource: Switched to clocksource arch_sys_counter
[    0.020586] NET: Registered PF_INET protocol family
[    0.020727] IP idents hash table entries: 65536 (order: 7, 524288 bytes, linear)
[    0.021128] tcp_listen_portaddr_hash hash table entries: 2048 (order: 3, 32768 bytes, linear)
[    0.021136] Table-perturb hash table entries: 65536 (order: 6, 262144 bytes, linear)
[    0.021139] TCP established hash table entries: 32768 (order: 6, 262144 bytes, linear)
[    0.021191] TCP bind hash table entries: 32768 (order: 8, 1048576 bytes, linear)
[    0.021359] TCP: Hash tables configured (established 32768 bind 32768)
[    0.021393] UDP hash table entries: 2048 (order: 5, 131072 bytes, linear)
[    0.021428] NET: Registered PF_UNIX/PF_LOCAL protocol family
[    0.021437] PCI: CLS 0 bytes, default 64
[    0.021903] Unpacking initramfs...
[    0.022913] workingset: timestamp_bits=46 (anon: 42) max_order=20 bucket_order=0 (anon: 0)
[    0.023076] 9p: Installing v9fs 9p2000 file system support
[    0.023703] pci-host-generic 4010000000.pcie: host bridge /pcie@10000000 ranges:
[    0.023709] pci-host-generic 4010000000.pcie:       IO 0x003eff0000..0x003effffff -> 0x0000000000
[    0.023711] pci-host-generic 4010000000.pcie:      MEM 0x0010000000..0x003efeffff -> 0x0010000000
[    0.023713] pci-host-generic 4010000000.pcie:      MEM 0x8000000000..0xffffffffff -> 0x8000000000
[    0.023719] pci-host-generic 4010000000.pcie: Memory resource size exceeds max for 32 bits
[    0.023731] pci-host-generic 4010000000.pcie: ECAM at [mem 0x4010000000-0x401fffffff] for [bus 00-ff]
[    0.023745] pci-host-generic 4010000000.pcie: PCI host bridge to bus 0000:00
[    0.023746] pci_bus 0000:00: root bus resource [bus 00-ff]
[    0.023747] pci_bus 0000:00: root bus resource [io  0x0000-0xffff]
[    0.023747] pci_bus 0000:00: root bus resource [mem 0x10000000-0x3efeffff]
[    0.023748] pci_bus 0000:00: root bus resource [mem 0x8000000000-0xffffffffff]
[    0.023815] pci 0000:00:00.0: [1b36:0008] type 00 class 0x060000 conventional PCI endpoint
[    0.024229] pci 0000:00:01.0: [1af4:1000] type 00 class 0x020000 conventional PCI endpoint
[    0.024352] pci 0000:00:01.0: BAR 0 [io  0x0000-0x001f]
[    0.024370] pci 0000:00:01.0: BAR 1 [mem 0x00000000-0x00000fff]
[    0.024378] pci 0000:00:01.0: BAR 4 [mem 0x00000000-0x00003fff 64bit pref]
[    0.024382] pci 0000:00:01.0: ROM [mem 0x00000000-0x0003ffff pref]
[    0.024656] pci 0000:00:02.0: [1af4:1009] type 00 class 0x000200 conventional PCI endpoint
[    0.024773] pci 0000:00:02.0: BAR 0 [io  0x0000-0x003f]
[    0.024776] pci 0000:00:02.0: BAR 1 [mem 0x00000000-0x00000fff]
[    0.024787] pci 0000:00:02.0: BAR 4 [mem 0x00000000-0x00003fff 64bit pref]
[    0.025366] pci 0000:00:03.0: [1af4:1005] type 00 class 0x00ff00 conventional PCI endpoint
[    0.025602] pci 0000:00:03.0: BAR 0 [io  0x0000-0x001f]
[    0.025623] pci 0000:00:03.0: BAR 1 [mem 0x00000000-0x00000fff]
[    0.025642] pci 0000:00:03.0: BAR 4 [mem 0x00000000-0x00003fff 64bit pref]
[    0.026844] pci 0000:00:01.0: ROM [mem 0x10000000-0x1003ffff pref]: assigned
[    0.026847] pci 0000:00:01.0: BAR 4 [mem 0x8000000000-0x8000003fff 64bit pref]: assigned
[    0.026862] pci 0000:00:02.0: BAR 4 [mem 0x8000004000-0x8000007fff 64bit pref]: assigned
[    0.026883] pci 0000:00:03.0: BAR 4 [mem 0x8000008000-0x800000bfff 64bit pref]: assigned
[    0.026895] pci 0000:00:01.0: BAR 1 [mem 0x10040000-0x10040fff]: assigned
[    0.026898] pci 0000:00:02.0: BAR 1 [mem 0x10041000-0x10041fff]: assigned
[    0.026926] pci 0000:00:03.0: BAR 1 [mem 0x10042000-0x10042fff]: assigned
[    0.026936] pci 0000:00:02.0: BAR 0 [io  0x1000-0x103f]: assigned
[    0.026941] pci 0000:00:01.0: BAR 0 [io  0x1040-0x105f]: assigned
[    0.026945] pci 0000:00:03.0: BAR 0 [io  0x1060-0x107f]: assigned
[    0.026951] pci_bus 0000:00: resource 4 [io  0x0000-0xffff]
[    0.026952] pci_bus 0000:00: resource 5 [mem 0x10000000-0x3efeffff]
[    0.026952] pci_bus 0000:00: resource 6 [mem 0x8000000000-0xffffffffff]
[    0.028289] virtio-pci 0000:00:01.0: enabling device (0000 -> 0003)
[    0.029116] virtio-pci 0000:00:02.0: enabling device (0000 -> 0003)
[    0.029882] virtio-pci 0000:00:03.0: enabling device (0000 -> 0003)
[    0.103218] rtc-pl031 9010000.pl031: registered as rtc0
[    0.103236] rtc-pl031 9010000.pl031: setting system clock to 2026-10-10T01:33:38 UTC (1791596018)
[    0.103402] NET: Registered PF_INET6 protocol family
[    0.103829] Segment Routing with IPv6
[    0.103835] In-situ OAM (IOAM) with IPv6
[    0.103848] sit: IPv6, IPv4 and MPLS over IPv4 tunneling driver
[    0.103896] NET: Registered PF_PACKET protocol family
[    0.103901] 9pnet: Installing 9P2000 support
[    0.109216] clk: Disabling unused clocks
[    0.125138] Freeing initrd memory: 185352K
[    0.125704] Freeing unused kernel memory: 576K
[    0.125757] Run /init as init process
[    0.143636] kjit: loading out-of-tree module taints kernel.
[    0.144494] rust_kjit: ######## Rust KJIT inits ########
[    0.144566] rust_kjit: golden tests/arm64/toy_cfg.s:hot_svc_mark PASS: 844 fragment bytes match harness
kjit-init: insmod kjit.ko ok
VULN gather_data_sampling: Not affected
VULN ghostwrite: Not affected
VULN indirect_target_selection: Not affected
VULN itlb_multihit: Not affected
VULN l1tf: Not affected
VULN mds: Not affected
VULN meltdown: Not affected
VULN mmio_stale_data: Not affected
VULN old_microcode: Not affected
VULN reg_file_data_sampling: Not affected
VULN retbleed: Not affected
VULN spec_rstack_overflow: Not affected
VULN spec_store_bypass: Vulnerable
VULN spectre_v1: Mitigation: __user pointer sanitization
VULN spectre_v2: Mitigation: CSV2, but not BHB
VULN srbds: Not affected
VULN tsa: Not affected
VULN tsx_async_abort: Not affected
VULN vmscape: Not affected
CMDLINE console=ttyAMA0 panic=-1 nokaslr
CPUINFO Features	: fp asimd aes pmull sha1 sha2 crc32 atomics fphp asimdhp cpuid asimdrdm jscvt fcma lrcpc dcpop sha3 asimddp sha512 asimdfhm dit uscat ilrcpc flagm sb paca pacg dcpodp flagm2 frint
CPUINFO CPU implementer	: 0x61
CPUINFO CPU variant	: 0x0
CPUINFO CPU part	: 0x000
DMESG [    0.000000] CPU features: detected: Address authentication (IMP DEF algorithm)
DMESG [    0.000000] CPU features: detected: Spectre-v4
DMESG [    0.000000] CPU features: detected: Spectre-BHB
DMESG [    0.002419] CPU features: detected: ARMv8.4 Translation Table Level
DMESG [    0.002420] CPU features: detected: Data cache clean to the PoU not required for I/D coherence
DMESG [    0.002420] CPU features: detected: CRC32 instructions
DMESG [    0.002420] CPU features: detected: Data independent timing control (DIT)
DMESG [    0.002421] CPU features: detected: E0PD
DMESG [    0.002422] CPU features: detected: Generic authentication (IMP DEF algorithm)
DMESG [    0.002422] CPU features: detected: RCpc load-acquire (LDAPR)
DMESG [    0.002423] CPU features: detected: LSE atomic instructions
DMESG [    0.002423] CPU features: detected: Privileged Access Never
DMESG [    0.002423] CPU features: detected: Speculation barrier (SB)
DMESG [    0.002424] CPU features: detected: TLB range maintenance instructions
DMESG [    0.002424] CPU features: detected: XNX
CONFIG # CONFIG_ARM64_ERRATUM_3194386 is not set
CONFIG CONFIG_MITIGATE_SPECTRE_BRANCH_HISTORY=y
[    0.187694] kjit: 0 of 0 translation requests still queued at unload (freed by the kernel)
[    0.235101] rust_kjit: ######## Rust KJIT exits ########
kjit-init: rmmod kjit ok
kjit-init: run exit=0
[    0.256785] reboot: Power down
