guest-run: profile=kjit-guest-debug run-dir=/Volumes/CaseSentitiveLocal/kjit-build/runs/k4-kjit-guest-debug-20260927-105719/suite-on
[    0.000000] Booting Linux on physical CPU 0x0000000000 [0x610f0000]
[    0.000000] Linux version 7.1.0-rc1+ (@kjit-dev-container) (Ubuntu clang version 18.1.3 (1ubuntu1), Ubuntu LLD 18.1.3) #9 SMP PREEMPT Sun Sep 27 02:41:53 UTC 2026
[    0.000000] random: crng init done
[    0.000000] Machine model: linux,dummy-virt
[    0.000000] OF: reserved mem: Reserved memory: No reserved-memory node in the DT
[    0.000000] KernelAddressSanitizer initialized (generic)
[    0.000000] psci: probing for conduit method from DT.
[    0.000000] psci: PSCIv1.1 detected in firmware.
[    0.000000] psci: Using standard PSCI v0.2 function IDs
[    0.000000] psci: Trusted OS migration not required
[    0.000000] psci: SMC Calling Convention v1.0
[    0.000000] Zone ranges:
[    0.000000]   Normal   [mem 0x0000000040000000-0x000000013fffffff]
[    0.000000] Movable zone start for each node
[    0.000000] Early memory node ranges
[    0.000000]   node   0: [mem 0x0000000040000000-0x000000013fffffff]
[    0.000000] Initmem setup node 0 [mem 0x0000000040000000-0x000000013fffffff]
[    0.000000] percpu: Embedded 29 pages/cpu s79952 r8192 d30640 u118784
[    0.000000] Detected PIPT I-cache on CPU0
[    0.000000] CPU features: detected: Address authentication (IMP DEF algorithm)
[    0.000000] CPU features: detected: Spectre-v4
[    0.000000] CPU features: detected: Spectre-BHB
[    0.000000] alternatives: applying boot alternatives
[    0.000000] Kernel command line: console=ttyAMA0 panic=-1 nokaslr
[    0.000000] Unknown kernel command line parameters "nokaslr", will be passed to user space.
[    0.000000] printk: log buffer data + meta data: 131072 + 458752 = 589824 bytes
[    0.000000] Dentry cache hash table entries: 524288 (order: 10, 4194304 bytes, linear)
[    0.000000] Inode-cache hash table entries: 262144 (order: 9, 2097152 bytes, linear)
[    0.000000] software IO TLB: SWIOTLB bounce buffer size adjusted to 4MB
[    0.000000] software IO TLB: area num 4.
[    0.000000] software IO TLB: mapped [mem 0x000000011a600000-0x000000011aa00000] (4MB)
[    0.000000] Built 1 zonelists, mobility grouping on.  Total pages: 1048576
[    0.000000] mem auto-init: stack:all(zero), heap alloc:off, heap free:off
[    0.000000] stackdepot: allocating hash table via alloc_large_system_hash
[    0.000000] stackdepot hash table entries: 1048576 (order: 12, 16777216 bytes, linear)
[    0.000000] stackdepot: allocating space for 8192 stack pools via memblock
[    0.000000] SLUB: HWalign=64, Order=0-3, MinObjects=0, CPUs=4, Nodes=1
[    0.000000] Running RCU self tests
[    0.000000] Running RCU synchronous self tests
[    0.000000] rcu: Preemptible hierarchical RCU implementation.
[    0.000000] rcu: 	RCU lockdep checking is enabled.
[    0.000000] rcu: 	RCU restricting CPUs from NR_CPUS=512 to nr_cpu_ids=4.
[    0.000000] 	Trampoline variant of Tasks RCU enabled.
[    0.000000] 	Tracing variant of Tasks RCU enabled.
[    0.000000] rcu: RCU calculated value of scheduler-enlistment delay is 25 jiffies.
[    0.000000] rcu: Adjusting geometry for rcu_fanout_leaf=16, nr_cpu_ids=4
[    0.000000] Running RCU synchronous self tests
[    0.000000] RCU Tasks: Setting shift to 2 and lim to 1 rcu_task_cb_adjust=1 rcu_task_cpu_ids=4.
[    0.000000] NR_IRQS: 64, nr_irqs: 64, preallocated irqs: 0
[    0.000000] Root IRQ handler: gic_handle_irq
[    0.000000] GICv2m: range[mem 0x08020000-0x08020fff], SPI[80:143]
[    0.000000] rcu: srcu_init: Setting srcu_struct sizes based on contention.
[    0.000000] arch_timer: cp15 timer running at 24.00MHz (virt).
[    0.000000] clocksource: arch_sys_counter: mask: 0xffffffffffffff max_cycles: 0x588fe9dc0, max_idle_ns: 440795202592 ns
[    0.000000] sched_clock: 56 bits at 24MHz, resolution 41ns, wraps every 4398046511097ns
[    0.000142] Console: colour dummy device 80x25
[    0.000148] Lock dependency validator: Copyright (c) 2006 Red Hat, Inc., Ingo Molnar
[    0.000148] ... MAX_LOCKDEP_SUBCLASSES:  8
[    0.000149] ... MAX_LOCK_DEPTH:          48
[    0.000150] ... MAX_LOCKDEP_KEYS:        8192
[    0.000151] ... CLASSHASH_SIZE:          4096
[    0.000152] ... MAX_LOCKDEP_ENTRIES:     32768
[    0.000152] ... MAX_LOCKDEP_CHAINS:      65536
[    0.000153] ... CHAINHASH_SIZE:          32768
[    0.000154]  memory used by lock dependency info: 6429 kB
[    0.000156]  memory used for stack traces: 16896 kB
[    0.000158]  per task-struct memory footprint: 1920 bytes
[    0.000171] Calibrating delay loop (skipped), value calculated using timer frequency.. 48.00 BogoMIPS (lpj=96000)
[    0.000174] pid_max: default: 32768 minimum: 301
[    0.000422] Mount-cache hash table entries: 8192 (order: 4, 65536 bytes, linear)
[    0.000431] Mountpoint-cache hash table entries: 8192 (order: 4, 65536 bytes, linear)
[    0.000723] VFS: Finished mounting rootfs on nullfs
[    0.001092] Running RCU synchronous self tests
[    0.001095] Running RCU synchronous self tests
[    0.001378] cacheinfo: Unable to detect cache hierarchy for CPU 0
[    0.018536] rcu: Hierarchical SRCU implementation.
[    0.018539] rcu: 	Max phase no-delay instances is 1000.
[    0.023456] Timer migration: 1 hierarchy levels; 8 children per group; 1 crossnode level
[    0.033235] smp: Bringing up secondary CPUs ...
[    0.057415] Detected PIPT I-cache on CPU1
[    0.057536] CPU1: Booted secondary processor 0x0000000001 [0x610f0000]
[    0.081887] Detected PIPT I-cache on CPU2
[    0.082011] CPU2: Booted secondary processor 0x0000000002 [0x610f0000]
[    0.105890] Detected PIPT I-cache on CPU3
[    0.106026] CPU3: Booted secondary processor 0x0000000003 [0x610f0000]
[    0.106173] smp: Brought up 1 node, 4 CPUs
[    0.106175] SMP: Total of 4 processors activated.
[    0.106176] CPU: All CPU(s) started at EL1
[    0.106178] CPU features: detected: ARMv8.4 Translation Table Level
[    0.106179] CPU features: detected: Data cache clean to the PoU not required for I/D coherence
[    0.106180] CPU features: detected: CRC32 instructions
[    0.106181] CPU features: detected: Data independent timing control (DIT)
[    0.106182] CPU features: detected: E0PD
[    0.106183] CPU features: detected: Generic authentication (IMP DEF algorithm)
[    0.106184] CPU features: detected: RCpc load-acquire (LDAPR)
[    0.106185] CPU features: detected: LSE atomic instructions
[    0.106186] CPU features: detected: Privileged Access Never
[    0.106187] CPU features: detected: Speculation barrier (SB)
[    0.106188] CPU features: detected: TLB range maintenance instructions
[    0.106189] CPU features: detected: XNX
[    0.106282] alternatives: applying system-wide alternatives
[    0.108197] Memory: 3354440K/4194304K available (14720K kernel code, 3344K rwdata, 4420K rodata, 832K init, 23997K bss, 834216K reserved, 0K cma-reserved)
[    0.109004] devtmpfs: initialized
[    0.112210] Running RCU synchronous self tests
[    0.112227] Running RCU synchronous self tests
[    0.112355] Running RCU Tasks wait API self tests
[    0.233969] Running RCU Tasks Trace wait API self tests
[    0.234234] Callback from call_rcu_tasks() invoked.
[    0.234252] clocksource: jiffies: mask: 0xffffffff max_cycles: 0xffffffff, max_idle_ns: 7645041785100000 ns
[    0.234305] posixtimers hash table entries: 2048 (order: 6, 147456 bytes, linear)
[    0.234376] futex hash table entries: 1024 (131072 bytes on 1 NUMA nodes, total 128 KiB, linear).
[    0.234433] 20896 pages in range for non-PLT usage
[    0.234434] 512416 pages in range for PLT usage
[    0.234894] NET: Registered PF_NETLINK/PF_ROUTE protocol family
[    0.235739] DMA: preallocated 512 KiB GFP_KERNEL pool for atomic allocations
[    0.236088] ASID allocator initialised with 256 entries
[    0.236167] Serial: AMBA PL011 UART driver
[    0.242024] 9000000.pl011: ttyAMA0 at MMIO 0x9000000 (irq = 13, base_baud = 0) is a PL011 rev1
[    0.242396] printk: console [ttyAMA0] enabled
[    0.250019] Callback from call_rcu_tasks_trace() invoked.
[    0.252249] vgaarb: loaded
[    0.252695] clocksource: Switched to clocksource arch_sys_counter
[    0.271871] NET: Registered PF_INET protocol family
[    0.272108] IP idents hash table entries: 65536 (order: 7, 524288 bytes, linear)
[    0.273339] tcp_listen_portaddr_hash hash table entries: 2048 (order: 6, 147456 bytes, linear)
[    0.273382] Table-perturb hash table entries: 65536 (order: 6, 262144 bytes, linear)
[    0.273409] TCP established hash table entries: 32768 (order: 6, 262144 bytes, linear)
[    0.273727] TCP bind hash table entries: 32768 (order: 11, 4718592 bytes, vmalloc hugepage)
[    0.275020] TCP: Hash tables configured (established 32768 bind 32768)
[    0.275102] UDP hash table entries: 2048 (order: 7, 524288 bytes, linear)
[    0.275307] NET: Registered PF_UNIX/PF_LOCAL protocol family
[    0.275342] PCI: CLS 0 bytes, default 64
[    0.276115] Unpacking initramfs...
[    0.281576] workingset: timestamp_bits=46 (anon: 42) max_order=20 bucket_order=0 (anon: 0)
[    0.281939] 9p: Installing v9fs 9p2000 file system support
[    0.285520] pci-host-generic 4010000000.pcie: host bridge /pcie@10000000 ranges:
[    0.285535] pci-host-generic 4010000000.pcie:       IO 0x003eff0000..0x003effffff -> 0x0000000000
[    0.285558] pci-host-generic 4010000000.pcie:      MEM 0x0010000000..0x003efeffff -> 0x0010000000
[    0.285564] pci-host-generic 4010000000.pcie:      MEM 0x8000000000..0xffffffffff -> 0x8000000000
[    0.285581] pci-host-generic 4010000000.pcie: Memory resource size exceeds max for 32 bits
[    0.293285] pci-host-generic 4010000000.pcie: ECAM at [mem 0x4010000000-0x401fffffff] for [bus 00-ff]
[    0.293477] pci-host-generic 4010000000.pcie: PCI host bridge to bus 0000:00
[    0.293484] pci_bus 0000:00: root bus resource [bus 00-ff]
[    0.293487] pci_bus 0000:00: root bus resource [io  0x0000-0xffff]
[    0.293489] pci_bus 0000:00: root bus resource [mem 0x10000000-0x3efeffff]
[    0.293491] pci_bus 0000:00: root bus resource [mem 0x8000000000-0xffffffffff]
[    0.293579] pci 0000:00:00.0: [1b36:0008] type 00 class 0x060000 conventional PCI endpoint
[    0.294007] pci 0000:00:01.0: [1af4:1000] type 00 class 0x020000 conventional PCI endpoint
[    0.294131] pci 0000:00:01.0: BAR 0 [io  0x0000-0x001f]
[    0.294138] pci 0000:00:01.0: BAR 1 [mem 0x00000000-0x00000fff]
[    0.294148] pci 0000:00:01.0: BAR 4 [mem 0x00000000-0x00003fff 64bit pref]
[    0.294151] pci 0000:00:01.0: ROM [mem 0x00000000-0x0003ffff pref]
[    0.294492] pci 0000:00:02.0: [1af4:1009] type 00 class 0x000200 conventional PCI endpoint
[    0.294590] pci 0000:00:02.0: BAR 0 [io  0x0000-0x003f]
[    0.294594] pci 0000:00:02.0: BAR 1 [mem 0x00000000-0x00000fff]
[    0.294609] pci 0000:00:02.0: BAR 4 [mem 0x00000000-0x00003fff 64bit pref]
[    0.294916] pci 0000:00:03.0: [1af4:1005] type 00 class 0x00ff00 conventional PCI endpoint
[    0.295002] pci 0000:00:03.0: BAR 0 [io  0x0000-0x001f]
[    0.295011] pci 0000:00:03.0: BAR 1 [mem 0x00000000-0x00000fff]
[    0.295019] pci 0000:00:03.0: BAR 4 [mem 0x00000000-0x00003fff 64bit pref]
[    0.295471] pci 0000:00:01.0: ROM [mem 0x10000000-0x1003ffff pref]: assigned
[    0.295474] pci 0000:00:01.0: BAR 4 [mem 0x8000000000-0x8000003fff 64bit pref]: assigned
[    0.295502] pci 0000:00:02.0: BAR 4 [mem 0x8000004000-0x8000007fff 64bit pref]: assigned
[    0.295517] pci 0000:00:03.0: BAR 4 [mem 0x8000008000-0x800000bfff 64bit pref]: assigned
[    0.295530] pci 0000:00:01.0: BAR 1 [mem 0x10040000-0x10040fff]: assigned
[    0.295537] pci 0000:00:02.0: BAR 1 [mem 0x10041000-0x10041fff]: assigned
[    0.295547] pci 0000:00:03.0: BAR 1 [mem 0x10042000-0x10042fff]: assigned
[    0.295555] pci 0000:00:02.0: BAR 0 [io  0x1000-0x103f]: assigned
[    0.295561] pci 0000:00:01.0: BAR 0 [io  0x1040-0x105f]: assigned
[    0.295577] pci 0000:00:03.0: BAR 0 [io  0x1060-0x107f]: assigned
[    0.295591] pci_bus 0000:00: resource 4 [io  0x0000-0xffff]
[    0.295593] pci_bus 0000:00: resource 5 [mem 0x10000000-0x3efeffff]
[    0.295595] pci_bus 0000:00: resource 6 [mem 0x8000000000-0xffffffffff]
[    0.297761] virtio-pci 0000:00:01.0: enabling device (0000 -> 0003)
[    0.298416] virtio-pci 0000:00:02.0: enabling device (0000 -> 0003)
[    0.299005] virtio-pci 0000:00:03.0: enabling device (0000 -> 0003)
[    0.326733] rtc-pl031 9010000.pl031: registered as rtc0
[    0.326771] rtc-pl031 9010000.pl031: setting system clock to 2026-09-27T03:01:51 UTC (1790478111)
[    0.327273] NET: Registered PF_INET6 protocol family
[    0.328346] Segment Routing with IPv6
[    0.328407] In-situ OAM (IOAM) with IPv6
[    0.328435] sit: IPv6, IPv4 and MPLS over IPv4 tunneling driver
[    0.328990] NET: Registered PF_PACKET protocol family
[    0.329015] 9pnet: Installing 9P2000 support
[    0.349422] clk: Disabling unused clocks
[    0.511229] Freeing initrd memory: 153360K
[    0.511795] Freeing unused kernel memory: 832K
[    0.511873] Run /init as init process
[    0.542857] kjit: loading out-of-tree module taints kernel.
[    0.544592] rust_kjit: ######## Rust KJIT inits ########
[    0.545455] rust_kjit: golden tests/arm64/toy_cfg.s:hot_svc_mark PASS: 668 fragment bytes match harness
kjit-init: insmod kjit.ko ok
k4-suite: kjit=1 runtest --clients 16 --dump-logs
k4-suite: ok=2864 err=0 skip=0 ignore=15
k4-suite: done (runtest exit 0)
[  328.734096] kjit: 0 of 13367 translation requests still queued at unload (freed by the kernel)
[  328.798121] rust_kjit: ######## Rust KJIT exits ########
kjit-init: rmmod kjit ok
kjit-init: run exit=0
[  328.879066] reboot: Power down
guest-run: PASS (/Volumes/CaseSentitiveLocal/kjit-build/runs/k4-kjit-guest-debug-20260927-105719/suite-on/serial.log)
