k2:   toy_loop: in_kernel=199823 entries=199824 exit_mem=0 exit_budget=0 exit_unsupported=0 fpsimd_entries=0 fpsimd_restores=0 fpsimd_exit_mem=0
k2:   toy_loop: 199823 of 200000 syscalls in kernel (99.91%)
k2:   mem_loop: in_kernel=39872 entries=59808 exit_mem=0 exit_budget=0 exit_unsupported=19935 fpsimd_entries=0 fpsimd_restores=0 fpsimd_exit_mem=0
k2:   tight_loop: in_kernel=0 entries=1936 exit_mem=0 exit_budget=1936 exit_unsupported=0 fpsimd_entries=0 fpsimd_restores=0 fpsimd_exit_mem=0
k2:   call_loop: in_kernel=0 entries=1851584 exit_mem=0 exit_budget=0 exit_unsupported=0 fpsimd_entries=0 fpsimd_restores=0 fpsimd_exit_mem=0
k2:   call_loop: chain_cap=1808 chain_max=1024 chain_budget=1024
k2:   signal_loop: in_kernel=399844 entries=399873 exit_mem=0 exit_budget=0 exit_unsupported=0 fpsimd_entries=0 fpsimd_restores=0 fpsimd_exit_mem=0
k2:   signal_loop: 125 alarms handled
k2:   fp_loop: in_kernel=39862 entries=39863 exit_mem=0 exit_budget=0 exit_unsupported=0 fpsimd_entries=39863 fpsimd_restores=0 fpsimd_exit_mem=0
k2:   fp_regs: in_kernel=199823 entries=199824 exit_mem=0 exit_budget=0 exit_unsupported=1 fpsimd_entries=199824 fpsimd_restores=0 fpsimd_exit_mem=0
k2:   fp_switch: in_kernel=79724 entries=79726 exit_mem=0 exit_budget=0 exit_unsupported=2 fpsimd_entries=79726 fpsimd_restores=39865 fpsimd_exit_mem=0
k2:   fp_signal: in_kernel=399750 entries=399873 exit_mem=0 exit_budget=0 exit_unsupported=1 fpsimd_entries=399873 fpsimd_restores=87 fpsimd_exit_mem=0
k2:   fp_signal: 209 alarms handled
k2:   fp_fault demand: in_kernel=447 entries=896 exit_mem=448 exit_budget=0 exit_unsupported=0 fpsimd_entries=896 fpsimd_restores=0 fpsimd_exit_mem=448
k2:   fpsimd_run_max_ns=123500 before fp_budget
k2:   fp_budget: in_kernel=0 entries=336 exit_mem=0 exit_budget=336 exit_unsupported=0 fpsimd_entries=336 fpsimd_restores=0 fpsimd_exit_mem=0
k2:   fpsimd_run_max_ns=244166 after fp_budget
k2:   munmap_race: in_kernel=597486 entries=597581 exit_mem=0 exit_budget=0 exit_unsupported=0 fpsimd_entries=0 fpsimd_restores=0 fpsimd_exit_mem=0
k2:   Segmentation fault
k2:   seccomp_loop: in_kernel=0 entries=0 exit_mem=0 exit_budget=0 exit_unsupported=0 fpsimd_entries=0 fpsimd_restores=0 fpsimd_exit_mem=0
k2:   ptrace_loop: in_kernel=0 entries=0 exit_mem=0 exit_budget=0 exit_unsupported=0 fpsimd_entries=0 fpsimd_restores=0 fpsimd_exit_mem=0
Killed
Killed
Killed
k2: iteration 1 PASS
k2: stats
k2:   syscalls_in_kernel 11344986
k2:   fragment_entries 1087625051
k2:   chains 1075761584
k2:   chain_cap 12363
k2:   exit_svc 11345137
k2:   exit_bl 472440698
k2:   exit_blr 35648149
k2:   exit_br 59333378
k2:   exit_ret 508510399
k2:   exit_mem 5350
k2:   exit_unsupported 248663
k2:   exit_budget 93277
k2:   exit_invalid 0
k2:   svc_declined 151
k2:   translate_ok 801
k2:   translate_exists 0
k2:   translate_text_unreadable 0
k2:   translate_entry_unsupported 0
k2:   translate_compile_failed 0
k2:   translate_encode_failed 0
k2:   translate_verify_rejected 0
k2:   translate_verify_falls_off_end 0
k2:   translate_raced 1
k2:   translate_capped 0
k2:   translate_install_failed 0
k2:   invalidated_fragments 1
k2:   released_fragments 800
k2:   svc_sites_scanned 0
k2:   auto_mm_created 300
k2:   auto_mm_setup_failed 0
k2:   auto_prof_full 0
k2:   auto_hot_negative 0
k2:   auto_hot_capped 0
k2:   auto_hot_queue_full 0
k2:   auto_req_svc_resume 45
k2:   auto_req_exit_target 756
k2:   auto_req_dropped 0
k2:   auto_req_stale 0
k2:   auto_neg_added 0
k2:   auto_neg_evicted 0
k2:   auto_translate_ns 592305743
k2:   unsupported_top_dropped 0
k2:   unsupported_bad_word 0
k2:   fpsimd_entries 52694222
k2:   fpsimd_restores 41984
k2:   fpsimd_exit_mem 5347
k2:   fpsimd_refused_sve_sme 0
k2:   hook_calls 11927842
k2:   fpsimd_run_max_ns 244166
k2:   chain_max 1024
k2:   chain_hist_1_1 5408034
k2:   chain_hist_2_3 23151
k2:   chain_hist_4_7 1970
k2:   chain_hist_8_15 22097
k2:   chain_hist_16_31 264725
k2:   chain_hist_32_63 3097667
k2:   chain_hist_64_127 22744
k2:   chain_hist_128_255 67219
k2:   chain_hist_256_511 2912732
k2:   chain_hist_512_1023 30765
k2:   chain_hist_1024_2047 12363
k2: ALL PASS (1 iterations, auto=1)
