guest-run: profile=kjit-guest-debug run-dir=/Volumes/CaseSentitiveLocal/kjit-build/runs/k4-kjit-guest-debug-20260927-171337/campaign
[    0.000000] Booting Linux on physical CPU 0x0000000000 [0x610f0000]
[    0.000000] Linux version 7.1.0-rc1+ (@0f992c0ddc37) (Ubuntu clang version 18.1.3 (1ubuntu1), Ubuntu LLD 18.1.3) #11 SMP PREEMPT Sun Sep 27 08:43:14 UTC 2026
[    0.000000] random: crng init done
[    0.000000] Machine model: linux,dummy-virt
[    0.000000] OF: reserved mem: Reserved memory: No reserved-memory node in the DT
[    0.000000] KernelAddressSanitizer initialized (generic)
[    0.000000] psci: probing for conduit method from DT.
[    0.000000] psci: PSCIv1.1 detected in firmware.
[    0.000000] psci: Using standard PSCI v0.2 function IDs
[    0.000000] psci: Trusted OS migration not required
[    0.000000] psci: SMC Calling Convention v1.0
[    0.000000] Zone ranges:
[    0.000000]   Normal   [mem 0x0000000040000000-0x000000013fffffff]
[    0.000000] Movable zone start for each node
[    0.000000] Early memory node ranges
[    0.000000]   node   0: [mem 0x0000000040000000-0x000000013fffffff]
[    0.000000] Initmem setup node 0 [mem 0x0000000040000000-0x000000013fffffff]
[    0.000000] percpu: Embedded 29 pages/cpu s79952 r8192 d30640 u118784
[    0.000000] Detected PIPT I-cache on CPU0
[    0.000000] CPU features: detected: Address authentication (IMP DEF algorithm)
[    0.000000] CPU features: detected: Spectre-v4
[    0.000000] CPU features: detected: Spectre-BHB
[    0.000000] alternatives: applying boot alternatives
[    0.000000] Kernel command line: console=ttyAMA0 panic=-1 nokaslr
[    0.000000] Unknown kernel command line parameters "nokaslr", will be passed to user space.
[    0.000000] printk: log buffer data + meta data: 131072 + 458752 = 589824 bytes
[    0.000000] Dentry cache hash table entries: 524288 (order: 10, 4194304 bytes, linear)
[    0.000000] Inode-cache hash table entries: 262144 (order: 9, 2097152 bytes, linear)
[    0.000000] software IO TLB: SWIOTLB bounce buffer size adjusted to 4MB
[    0.000000] software IO TLB: area num 4.
[    0.000000] software IO TLB: mapped [mem 0x000000011a600000-0x000000011aa00000] (4MB)
[    0.000000] Built 1 zonelists, mobility grouping on.  Total pages: 1048576
[    0.000000] mem auto-init: stack:all(zero), heap alloc:off, heap free:off
[    0.000000] stackdepot: allocating hash table via alloc_large_system_hash
[    0.000000] stackdepot hash table entries: 1048576 (order: 12, 16777216 bytes, linear)
[    0.000000] stackdepot: allocating space for 8192 stack pools via memblock
[    0.000000] SLUB: HWalign=64, Order=0-3, MinObjects=0, CPUs=4, Nodes=1
[    0.000000] Running RCU self tests
[    0.000000] Running RCU synchronous self tests
[    0.000000] rcu: Preemptible hierarchical RCU implementation.
[    0.000000] rcu: 	RCU lockdep checking is enabled.
[    0.000000] rcu: 	RCU restricting CPUs from NR_CPUS=512 to nr_cpu_ids=4.
[    0.000000] 	Trampoline variant of Tasks RCU enabled.
[    0.000000] 	Tracing variant of Tasks RCU enabled.
[    0.000000] rcu: RCU calculated value of scheduler-enlistment delay is 25 jiffies.
[    0.000000] rcu: Adjusting geometry for rcu_fanout_leaf=16, nr_cpu_ids=4
[    0.000000] Running RCU synchronous self tests
[    0.000000] RCU Tasks: Setting shift to 2 and lim to 1 rcu_task_cb_adjust=1 rcu_task_cpu_ids=4.
[    0.000000] NR_IRQS: 64, nr_irqs: 64, preallocated irqs: 0
[    0.000000] Root IRQ handler: gic_handle_irq
[    0.000000] GICv2m: range[mem 0x08020000-0x08020fff], SPI[80:143]
[    0.000000] rcu: srcu_init: Setting srcu_struct sizes based on contention.
[    0.000000] arch_timer: cp15 timer running at 24.00MHz (virt).
[    0.000000] clocksource: arch_sys_counter: mask: 0xffffffffffffff max_cycles: 0x588fe9dc0, max_idle_ns: 440795202592 ns
[    0.000000] sched_clock: 56 bits at 24MHz, resolution 41ns, wraps every 4398046511097ns
[    0.000143] Console: colour dummy device 80x25
[    0.000149] Lock dependency validator: Copyright (c) 2006 Red Hat, Inc., Ingo Molnar
[    0.000150] ... MAX_LOCKDEP_SUBCLASSES:  8
[    0.000150] ... MAX_LOCK_DEPTH:          48
[    0.000151] ... MAX_LOCKDEP_KEYS:        8192
[    0.000152] ... CLASSHASH_SIZE:          4096
[    0.000153] ... MAX_LOCKDEP_ENTRIES:     32768
[    0.000153] ... MAX_LOCKDEP_CHAINS:      65536
[    0.000154] ... CHAINHASH_SIZE:          32768
[    0.000155]  memory used by lock dependency info: 6429 kB
[    0.000157]  memory used for stack traces: 16896 kB
[    0.000159]  per task-struct memory footprint: 1920 bytes
[    0.000173] Calibrating delay loop (skipped), value calculated using timer frequency.. 48.00 BogoMIPS (lpj=96000)
[    0.000175] pid_max: default: 32768 minimum: 301
[    0.000455] Mount-cache hash table entries: 8192 (order: 4, 65536 bytes, linear)
[    0.000464] Mountpoint-cache hash table entries: 8192 (order: 4, 65536 bytes, linear)
[    0.000800] VFS: Finished mounting rootfs on nullfs
[    0.001218] Running RCU synchronous self tests
[    0.001221] Running RCU synchronous self tests
[    0.001496] cacheinfo: Unable to detect cache hierarchy for CPU 0
[    0.009919] rcu: Hierarchical SRCU implementation.
[    0.009920] rcu: 	Max phase no-delay instances is 1000.
[    0.015782] Timer migration: 1 hierarchy levels; 8 children per group; 1 crossnode level
[    0.027485] smp: Bringing up secondary CPUs ...
[    0.054315] Detected PIPT I-cache on CPU1
[    0.054429] CPU1: Booted secondary processor 0x0000000001 [0x610f0000]
[    0.081990] Detected PIPT I-cache on CPU2
[    0.082134] CPU2: Booted secondary processor 0x0000000002 [0x610f0000]
[    0.107226] Detected PIPT I-cache on CPU3
[    0.107359] CPU3: Booted secondary processor 0x0000000003 [0x610f0000]
[    0.107521] smp: Brought up 1 node, 4 CPUs
[    0.107523] SMP: Total of 4 processors activated.
[    0.107524] CPU: All CPU(s) started at EL1
[    0.107526] CPU features: detected: ARMv8.4 Translation Table Level
[    0.107527] CPU features: detected: Data cache clean to the PoU not required for I/D coherence
[    0.107528] CPU features: detected: CRC32 instructions
[    0.107529] CPU features: detected: Data independent timing control (DIT)
[    0.107529] CPU features: detected: E0PD
[    0.107531] CPU features: detected: Generic authentication (IMP DEF algorithm)
[    0.107532] CPU features: detected: RCpc load-acquire (LDAPR)
[    0.107533] CPU features: detected: LSE atomic instructions
[    0.107534] CPU features: detected: Privileged Access Never
[    0.107535] CPU features: detected: Speculation barrier (SB)
[    0.107536] CPU features: detected: TLB range maintenance instructions
[    0.107536] CPU features: detected: XNX
[    0.107698] alternatives: applying system-wide alternatives
[    0.109768] Memory: 3349124K/4194304K available (14720K kernel code, 3344K rwdata, 4420K rodata, 832K init, 23997K bss, 839532K reserved, 0K cma-reserved)
[    0.110772] devtmpfs: initialized
[    0.113984] Running RCU synchronous self tests
[    0.114002] Running RCU synchronous self tests
[    0.114185] Running RCU Tasks wait API self tests
[    0.255718] Running RCU Tasks Trace wait API self tests
[    0.256007] clocksource: jiffies: mask: 0xffffffff max_cycles: 0xffffffff, max_idle_ns: 7645041785100000 ns
[    0.256071] posixtimers hash table entries: 2048 (order: 6, 147456 bytes, linear)
[    0.256140] futex hash table entries: 1024 (131072 bytes on 1 NUMA nodes, total 128 KiB, linear).
[    0.256238] 20896 pages in range for non-PLT usage
[    0.256239] 512416 pages in range for PLT usage
[    0.256931] NET: Registered PF_NETLINK/PF_ROUTE protocol family
[    0.257797] DMA: preallocated 512 KiB GFP_KERNEL pool for atomic allocations
[    0.258328] ASID allocator initialised with 256 entries
[    0.258462] Serial: AMBA PL011 UART driver
[    0.262314] 9000000.pl011: ttyAMA0 at MMIO 0x9000000 (irq = 13, base_baud = 0) is a PL011 rev1
[    0.262503] printk: console [ttyAMA0] enabled
[    0.270710] vgaarb: loaded
[    0.270902] clocksource: Switched to clocksource arch_sys_counter
[    0.271825] Callback from call_rcu_tasks_trace() invoked.
[    0.287509] NET: Registered PF_INET protocol family
[    0.287799] IP idents hash table entries: 65536 (order: 7, 524288 bytes, linear)
[    0.288626] tcp_listen_portaddr_hash hash table entries: 2048 (order: 6, 147456 bytes, linear)
[    0.288662] Table-perturb hash table entries: 65536 (order: 6, 262144 bytes, linear)
[    0.288693] TCP established hash table entries: 32768 (order: 6, 262144 bytes, linear)
[    0.288992] TCP bind hash table entries: 32768 (order: 11, 4718592 bytes, vmalloc hugepage)
[    0.290084] TCP: Hash tables configured (established 32768 bind 32768)
[    0.290199] UDP hash table entries: 2048 (order: 7, 524288 bytes, linear)
[    0.290441] NET: Registered PF_UNIX/PF_LOCAL protocol family
[    0.290481] PCI: CLS 0 bytes, default 64
[    0.290724] Unpacking initramfs...
[    0.299429] workingset: timestamp_bits=46 (anon: 42) max_order=20 bucket_order=0 (anon: 0)
[    0.299757] 9p: Installing v9fs 9p2000 file system support
[    0.303484] pci-host-generic 4010000000.pcie: host bridge /pcie@10000000 ranges:
[    0.303520] pci-host-generic 4010000000.pcie:       IO 0x003eff0000..0x003effffff -> 0x0000000000
[    0.303549] pci-host-generic 4010000000.pcie:      MEM 0x0010000000..0x003efeffff -> 0x0010000000
[    0.303555] pci-host-generic 4010000000.pcie:      MEM 0x8000000000..0xffffffffff -> 0x8000000000
[    0.303576] pci-host-generic 4010000000.pcie: Memory resource size exceeds max for 32 bits
[    0.311776] pci-host-generic 4010000000.pcie: ECAM at [mem 0x4010000000-0x401fffffff] for [bus 00-ff]
[    0.312005] pci-host-generic 4010000000.pcie: PCI host bridge to bus 0000:00
[    0.312016] pci_bus 0000:00: root bus resource [bus 00-ff]
[    0.312020] pci_bus 0000:00: root bus resource [io  0x0000-0xffff]
[    0.312023] pci_bus 0000:00: root bus resource [mem 0x10000000-0x3efeffff]
[    0.312025] pci_bus 0000:00: root bus resource [mem 0x8000000000-0xffffffffff]
[    0.312100] pci 0000:00:00.0: [1b36:0008] type 00 class 0x060000 conventional PCI endpoint
[    0.312500] pci 0000:00:01.0: [1af4:1000] type 00 class 0x020000 conventional PCI endpoint
[    0.312624] pci 0000:00:01.0: BAR 0 [io  0x0000-0x001f]
[    0.312629] pci 0000:00:01.0: BAR 1 [mem 0x00000000-0x00000fff]
[    0.312640] pci 0000:00:01.0: BAR 4 [mem 0x00000000-0x00003fff 64bit pref]
[    0.312656] pci 0000:00:01.0: ROM [mem 0x00000000-0x0003ffff pref]
[    0.312982] pci 0000:00:02.0: [1af4:1009] type 00 class 0x000200 conventional PCI endpoint
[    0.313091] pci 0000:00:02.0: BAR 0 [io  0x0000-0x003f]
[    0.313096] pci 0000:00:02.0: BAR 1 [mem 0x00000000-0x00000fff]
[    0.313106] pci 0000:00:02.0: BAR 4 [mem 0x00000000-0x00003fff 64bit pref]
[    0.313373] pci 0000:00:03.0: [1af4:1005] type 00 class 0x00ff00 conventional PCI endpoint
[    0.313487] pci 0000:00:03.0: BAR 0 [io  0x0000-0x001f]
[    0.313491] pci 0000:00:03.0: BAR 1 [mem 0x00000000-0x00000fff]
[    0.313499] pci 0000:00:03.0: BAR 4 [mem 0x00000000-0x00003fff 64bit pref]
[    0.313982] pci 0000:00:01.0: ROM [mem 0x10000000-0x1003ffff pref]: assigned
[    0.313986] pci 0000:00:01.0: BAR 4 [mem 0x8000000000-0x8000003fff 64bit pref]: assigned
[    0.314054] pci 0000:00:02.0: BAR 4 [mem 0x8000004000-0x8000007fff 64bit pref]: assigned
[    0.314073] pci 0000:00:03.0: BAR 4 [mem 0x8000008000-0x800000bfff 64bit pref]: assigned
[    0.314089] pci 0000:00:01.0: BAR 1 [mem 0x10040000-0x10040fff]: assigned
[    0.314096] pci 0000:00:02.0: BAR 1 [mem 0x10041000-0x10041fff]: assigned
[    0.314103] pci 0000:00:03.0: BAR 1 [mem 0x10042000-0x10042fff]: assigned
[    0.314111] pci 0000:00:02.0: BAR 0 [io  0x1000-0x103f]: assigned
[    0.314116] pci 0000:00:01.0: BAR 0 [io  0x1040-0x105f]: assigned
[    0.314121] pci 0000:00:03.0: BAR 0 [io  0x1060-0x107f]: assigned
[    0.314135] pci_bus 0000:00: resource 4 [io  0x0000-0xffff]
[    0.314137] pci_bus 0000:00: resource 5 [mem 0x10000000-0x3efeffff]
[    0.314138] pci_bus 0000:00: resource 6 [mem 0x8000000000-0xffffffffff]
[    0.316466] virtio-pci 0000:00:01.0: enabling device (0000 -> 0003)
[    0.317352] virtio-pci 0000:00:02.0: enabling device (0000 -> 0003)
[    0.318076] virtio-pci 0000:00:03.0: enabling device (0000 -> 0003)
[    0.363158] Callback from call_rcu_tasks() invoked.
[    0.375194] rtc-pl031 9010000.pl031: registered as rtc0
[    0.375268] rtc-pl031 9010000.pl031: setting system clock to 2026-09-27T09:37:47 UTC (1790501867)
[    0.375771] NET: Registered PF_INET6 protocol family
[    0.376475] Segment Routing with IPv6
[    0.376504] In-situ OAM (IOAM) with IPv6
[    0.376528] sit: IPv6, IPv4 and MPLS over IPv4 tunneling driver
[    0.376986] NET: Registered PF_PACKET protocol family
[    0.377033] 9pnet: Installing 9P2000 support
[    0.397976] clk: Disabling unused clocks
[    0.529619] Freeing initrd memory: 158676K
[    0.530179] Freeing unused kernel memory: 832K
[    0.530249] Run /init as init process
[    0.567429] kjit: loading out-of-tree module taints kernel.
[    0.569967] rust_kjit: ######## Rust KJIT inits ########
[    0.570465] rust_kjit: golden tests/arm64/toy_cfg.s:hot_svc_mark PASS: 668 fragment bytes match harness
kjit-init: insmod kjit.ko ok
k4: iteration 1
k2:   toy_loop: in_kernel=199823 entries=199824 exit_mem=0 exit_budget=0 exit_unsupported=0 fpsimd_entries=0 fpsimd_restores=0 fpsimd_exit_mem=0
k2:   mem_loop: in_kernel=39872 entries=59808 exit_mem=0 exit_budget=0 exit_unsupported=19935 fpsimd_entries=0 fpsimd_restores=0 fpsimd_exit_mem=0
k2:   tight_loop: in_kernel=0 entries=1936 exit_mem=0 exit_budget=1936 exit_unsupported=0 fpsimd_entries=0 fpsimd_restores=0 fpsimd_exit_mem=0
k2:   call_loop: in_kernel=0 entries=1850972 exit_mem=0 exit_budget=0 exit_unsupported=0 fpsimd_entries=0 fpsimd_restores=0 fpsimd_exit_mem=0
k2:   signal_loop: in_kernel=399830 entries=399872 exit_mem=0 exit_budget=0 exit_unsupported=0 fpsimd_entries=0 fpsimd_restores=0 fpsimd_exit_mem=0
k2:   fp_loop: in_kernel=39862 entries=39863 exit_mem=0 exit_budget=0 exit_unsupported=0 fpsimd_entries=39863 fpsimd_restores=0 fpsimd_exit_mem=0
k2:   fp_regs: in_kernel=199823 entries=199824 exit_mem=0 exit_budget=0 exit_unsupported=1 fpsimd_entries=199824 fpsimd_restores=0 fpsimd_exit_mem=0
k2:   fp_switch: in_kernel=79724 entries=79726 exit_mem=0 exit_budget=0 exit_unsupported=2 fpsimd_entries=79726 fpsimd_restores=39861 fpsimd_exit_mem=0
k2:   fp_signal: in_kernel=399743 entries=399872 exit_mem=0 exit_budget=0 exit_unsupported=1 fpsimd_entries=399872 fpsimd_restores=84 fpsimd_exit_mem=0
k2:   fp_budget: in_kernel=0 entries=336 exit_mem=0 exit_budget=336 exit_unsupported=0 fpsimd_entries=336 fpsimd_restores=0 fpsimd_exit_mem=0
k2:   munmap_race: in_kernel=587664 entries=587762 exit_mem=0 exit_budget=0 exit_unsupported=0 fpsimd_entries=0 fpsimd_restores=0 fpsimd_exit_mem=0
k2:   seccomp_loop: in_kernel=0 entries=0 exit_mem=0 exit_budget=0 exit_unsupported=0 fpsimd_entries=0 fpsimd_restores=0 fpsimd_exit_mem=0
k2:   ptrace_loop: in_kernel=0 entries=0 exit_mem=0 exit_budget=0 exit_unsupported=0 fpsimd_entries=0 fpsimd_restores=0 fpsimd_exit_mem=0
k2: iteration 1 PASS
k2: ALL PASS (1 iterations, auto=1)
k4-bench: default (redis-benchmark -q -n 100000 ):
k4:     PING_INLINE: 17531.56 requests per second, p50=2.615 msec
k4:     PING_MBULK: 21083.70 requests per second, p50=2.199 msec
k4:     SET: 14994.75 requests per second, p50=3.007 msec
k4:     GET: 16550.81 requests per second, p50=2.695 msec
k4:     INCR: 16113.44 requests per second, p50=2.751 msec
k4:     LPUSH: 13814.06 requests per second, p50=3.167 msec
k4:     RPUSH: 14413.38 requests per second, p50=3.023 msec
k4:     LPOP: 15195.26 requests per second, p50=2.951 msec
k4:     RPOP: 15523.13 requests per second, p50=2.879 msec
k4:     SADD: 14850.01 requests per second, p50=2.927 msec
k4:     HSET: 12492.19 requests per second, p50=3.415 msec
k4:     SPOP: 16401.51 requests per second, p50=2.639 msec
k4:     ZADD: 17038.68 requests per second, p50=2.527 msec
k4:     ZPOPMIN: 15938.79 requests per second, p50=2.711 msec
k4:     LPUSH (needed to benchmark LRANGE): 12481.28 requests per second, p50=3.399 msec
k4:     LRANGE_100 (first 100 elements): 14825.80 requests per second, p50=3.271 msec
k4:     LRANGE_300 (first 300 elements): 13250.30 requests per second, p50=3.263 msec
k4:     LRANGE_500 (first 500 elements): 11980.35 requests per second, p50=3.399 msec
k4:     LRANGE_600 (first 600 elements): 11512.78 requests per second, p50=3.471 msec
k4:     MSET (10 keys): 9101.67 requests per second, p50=4.567 msec
k4:   default: in_kernel=3254754/4078299 syscalls (79.8%) entries=614913040 chains=610841689 chain_cap=0 translated=512 (entry_unsupported=0 compile=0 verify=0 capped=0 neg=0) invalidated=0 released=0
k4:   default: exits svc=3254754 bl=273394362 blr=16003490 br=36186055 ret=285877394 mem=50 unsupported=196935 budget=0 invalid=0 svc_declined=0
k4:   default: fpsimd entries=30529073 restores=25 exit_mem=50 refused_sve_sme=0
k4:   default: entries per hook call: 1-1:6891 2-3:1766 4-7:4624 8-15:1051 16-31:71350 32-63:2006360 64-127:7860 128-255:924640 256-511:1046809 (chain_max since load 1024)
k4:   default: unsupported_top (word(exits/entry_stops)): 0xfc6c79c0(99514/0) 0x1e682100(97408/0) 0xd503203f(13/0) 
k4:   default: hot: 614913060 fragment entries, 3254754 syscalls in kernel before the event
k4-bench: pipelined (redis-benchmark -q -n 100000 -P 16):
k4:     PING_INLINE: 71942.45 requests per second, p50=11.063 msec
k4:     PING_MBULK: 72780.20 requests per second, p50=11.143 msec
k4:     SET: 74019.25 requests per second, p50=10.095 msec
k4:     GET: 72992.70 requests per second, p50=12.007 msec
k4:     INCR: 73206.44 requests per second, p50=10.719 msec
k4:     LPUSH: 71275.84 requests per second, p50=10.695 msec
k4:     RPUSH: 77101.00 requests per second, p50=9.655 msec
k4:     LPOP: 112359.55 requests per second, p50=6.975 msec
k4:     RPOP: 117233.30 requests per second, p50=6.591 msec
k4:     SADD: 74626.87 requests per second, p50=9.175 msec
k4:     HSET: 75471.70 requests per second, p50=8.927 msec
k4:     SPOP: 74850.30 requests per second, p50=9.039 msec
k4:     ZADD: 242718.45 requests per second, p50=2.863 msec
k4:     ZPOPMIN: 73800.73 requests per second, p50=9.527 msec
k4:     LPUSH (needed to benchmark LRANGE): 73260.07 requests per second, p50=10.583 msec
k4:     LRANGE_100 (first 100 elements): 119189.52 requests per second, p50=3.471 msec
k4:     LRANGE_300 (first 300 elements): 35739.81 requests per second, p50=8.927 msec
k4:     LRANGE_500 (first 500 elements): 22799.82 requests per second, p50=9.743 msec
k4:     LRANGE_600 (first 600 elements): 19000.57 requests per second, p50=11.055 msec
k4:     MSET (10 keys): 123304.56 requests per second, p50=6.719 msec
k4:   pipelined: in_kernel=114493/290926 syscalls (39.4%) entries=96930900 chains=96669197 chain_cap=77859 translated=0 (entry_unsupported=0 compile=0 verify=0 capped=0 neg=0) invalidated=0 released=0
k4:   pipelined: exits svc=114493 bl=43351228 blr=2177600 br=6154333 ret=45119550 mem=75 unsupported=13621 budget=0 invalid=0 svc_declined=0
k4:   pipelined: fpsimd entries=5767084 restores=0 exit_mem=75 refused_sve_sme=0
k4:   pipelined: entries per hook call: 1-1:19507 2-3:318 4-7:1042 8-15:1260 16-31:8414 32-63:106300 64-127:90 128-255:38924 256-511:6938 512-1023:1051 1024-2047:77859 (chain_max since load 1024)
k4:   pipelined: unsupported_top (word(exits/entry_stops)): 0xfc6c79c0(7362/0) 0x1e682100(6248/0) 0xd503203f(11/0) 
k4:   pipelined: hot: 96930930 fragment entries, 114493 syscalls in kernel before the event
k4-bench: clients256 (redis-benchmark -q -n 100000 -c 256):
k4:     PING_INLINE: 13415.62 requests per second, p50=15.863 msec
k4:     PING_MBULK: 16992.35 requests per second, p50=12.839 msec
k4:     SET: 12336.54 requests per second, p50=17.231 msec
k4:     GET: 14025.25 requests per second, p50=15.359 msec
k4:     INCR: 13900.47 requests per second, p50=15.487 msec
k4:     LPUSH: 12184.72 requests per second, p50=17.551 msec
k4:     RPUSH: 12812.30 requests per second, p50=16.719 msec
k4:     LPOP: 13808.34 requests per second, p50=17.391 msec
k4:     RPOP: 14164.31 requests per second, p50=16.815 msec
k4:     SADD: 13592.50 requests per second, p50=15.895 msec
k4:     HSET: 11726.08 requests per second, p50=18.111 msec
k4:     SPOP: 15566.63 requests per second, p50=13.983 msec
k4:     ZADD: 16570.01 requests per second, p50=13.135 msec
k4:     ZPOPMIN: 15417.82 requests per second, p50=14.015 msec
k4:     LPUSH (needed to benchmark LRANGE): 12168.41 requests per second, p50=17.567 msec
k4:     LRANGE_100 (first 100 elements): 14562.40 requests per second, p50=17.263 msec
k4:     LRANGE_300 (first 300 elements): 13123.36 requests per second, p50=16.799 msec
k4:     LRANGE_500 (first 500 elements): 11928.90 requests per second, p50=17.583 msec
k4:     LRANGE_600 (first 600 elements): 11423.35 requests per second, p50=18.079 msec
k4:     MSET (10 keys): 9029.35 requests per second, p50=23.247 msec
k4:   clients256: in_kernel=3272241/4077491 syscalls (80.3%) entries=621702143 chains=617645877 chain_cap=0 translated=0 (entry_unsupported=0 compile=0 verify=0 capped=0 neg=0) invalidated=0 released=0
k4:   clients256: exits svc=3272241 bl=276538073 blr=16054650 br=36582047 ret=289048802 mem=1624 unsupported=204706 budget=0 invalid=0 svc_declined=0
k4:   clients256: fpsimd entries=31043889 restores=0 exit_mem=1624 refused_sve_sme=0
k4:   clients256: entries per hook call: 1-1:35840 2-3:1456 4-7:5147 8-15:2321 16-31:22715 32-63:1991324 64-127:1689 128-255:912388 256-511:1083386 (chain_max since load 1024)
k4:   clients256: unsupported_top (word(exits/entry_stops)): 0xfc6c79c0(104732/0) 0x1e682100(99970/0) 0xd503203f(4/0) 
k4:   clients256: hot: 621702215 fragment entries, 3272241 syscalls in kernel before the event
k4-bench: consistency PASS: dbsize 10044 digest 603e069a26083ceb1309ded3186769f0b0809e09 readback sha256 362731776718583235c4f1394cb708151a5c09052efd2c0ace0f6f0f7392fb50 
k4-bench: ALL PASS
[ 1283.763959] kjit: 0 of 5183 translation requests still queued at unload (freed by the kernel)
[ 1283.804131] rust_kjit: ######## Rust KJIT exits ########
[ 1284.125330] rust_kjit: ######## Rust KJIT inits ########
[ 1284.125909] rust_kjit: golden tests/arm64/toy_cfg.s:hot_svc_mark PASS: 668 fragment bytes match harness
[ 1284.548380] kjit: 0 of 0 translation requests still queued at unload (freed by the kernel)
[ 1284.571215] rust_kjit: ######## Rust KJIT exits ########
[ 1284.873322] rust_kjit: ######## Rust KJIT inits ########
[ 1284.873719] rust_kjit: golden tests/arm64/toy_cfg.s:hot_svc_mark PASS: 668 fragment bytes match harness
[ 1285.298960] kjit: 0 of 0 translation requests still queued at unload (freed by the kernel)
[ 1285.328498] rust_kjit: ######## Rust KJIT exits ########
[ 1285.601632] rust_kjit: ######## Rust KJIT inits ########
[ 1285.602045] rust_kjit: golden tests/arm64/toy_cfg.s:hot_svc_mark PASS: 668 fragment bytes match harness
[ 1286.027080] kjit: 0 of 0 translation requests still queued at unload (freed by the kernel)
[ 1286.063058] rust_kjit: ######## Rust KJIT exits ########
[ 1286.350510] rust_kjit: ######## Rust KJIT inits ########
[ 1286.351216] rust_kjit: golden tests/arm64/toy_cfg.s:hot_svc_mark PASS: 668 fragment bytes match harness
[ 1286.778938] kjit: 0 of 0 translation requests still queued at unload (freed by the kernel)
[ 1286.807055] rust_kjit: ######## Rust KJIT exits ########
[ 1287.093755] rust_kjit: ######## Rust KJIT inits ########
[ 1287.094227] rust_kjit: golden tests/arm64/toy_cfg.s:hot_svc_mark PASS: 668 fragment bytes match harness
[ 1359.484526] kjit: 0 of 309 translation requests still queued at unload (freed by the kernel)
[ 1359.527047] rust_kjit: ######## Rust KJIT exits ########
[ 1359.802340] rust_kjit: ######## Rust KJIT inits ########
[ 1359.803039] rust_kjit: golden tests/arm64/toy_cfg.s:hot_svc_mark PASS: 668 fragment bytes match harness
[ 1360.276574] kjit: 0 of 195 translation requests still queued at unload (freed by the kernel)
[ 1360.311180] rust_kjit: ######## Rust KJIT exits ########
[ 1360.638163] rust_kjit: ######## Rust KJIT inits ########
[ 1360.638385] rust_kjit: golden tests/arm64/toy_cfg.s:hot_svc_mark PASS: 668 fragment bytes match harness
[ 1361.112596] kjit: 0 of 197 translation requests still queued at unload (freed by the kernel)
[ 1361.151047] rust_kjit: ######## Rust KJIT exits ########
[ 1361.441157] rust_kjit: ######## Rust KJIT inits ########
[ 1361.441375] rust_kjit: golden tests/arm64/toy_cfg.s:hot_svc_mark PASS: 668 fragment bytes match harness
[ 1361.913507] kjit: 0 of 195 translation requests still queued at unload (freed by the kernel)
[ 1361.958156] rust_kjit: ######## Rust KJIT exits ########
[ 1362.255792] rust_kjit: ######## Rust KJIT inits ########
[ 1362.256290] rust_kjit: golden tests/arm64/toy_cfg.s:hot_svc_mark PASS: 668 fragment bytes match harness
[ 1362.724359] kjit: 0 of 194 translation requests still queued at unload (freed by the kernel)
[ 1362.771030] rust_kjit: ######## Rust KJIT exits ########
[ 1363.061041] rust_kjit: ######## Rust KJIT inits ########
[ 1363.061906] rust_kjit: golden tests/arm64/toy_cfg.s:hot_svc_mark PASS: 668 fragment bytes match harness
k4-adv: kill9 PASS: kill9 #1: server status 137;kill9 #2: server status 137;kill9 #3: server status 137;
k4:   kill9#1: hot: 3918866 fragment entries, 19052 syscalls in kernel before the event
k4:   kill9#2: hot: 3927064 fragment entries, 19071 syscalls in kernel before the event
k4:   kill9#3: hot: 3998575 fragment entries, 19461 syscalls in kernel before the event
k4:   kill9: in_kernel=105338/172647 syscalls (61.0%) entries=16540841 chains=16375365 chain_cap=0 translated=928 (entry_unsupported=0 compile=0 verify=0 capped=0 neg=0) invalidated=0 released=928
k4:   kill9: exits svc=105338 bl=7004823 blr=687041 br=1088170 ret=7655469 mem=0 unsupported=0 budget=0 invalid=0 svc_declined=0
k4:   kill9: fpsimd entries=762068 restores=27 exit_mem=0 refused_sve_sme=0
k4:   kill9: entries per hook call: 1-1:507 2-3:1616 4-7:3064 8-15:5764 16-31:14006 32-63:89095 64-127:6623 128-255:17419 256-511:27382 (chain_max since load 1024)
k4:   kill9: unsupported_top (word(exits/entry_stops)): 
k4-adv: sigterm PASS: TERM: server status 0;sigterm: shutdown and clean exit logged;
k4:   TERM: hot: 3935474 fragment entries, 19107 syscalls in kernel before the event
k4:   sigterm: in_kernel=37092/59886 syscalls (61.9%) entries=5865085 chains=5807856 chain_cap=0 translated=311 (entry_unsupported=0 compile=0 verify=0 capped=0 neg=0) invalidated=0 released=311
k4:   sigterm: exits svc=37092 bl=2486626 blr=242327 br=381828 ret=2717212 mem=0 unsupported=0 budget=0 invalid=0 svc_declined=0
k4:   sigterm: fpsimd entries=269966 restores=3 exit_mem=0 refused_sve_sme=0
k4:   sigterm: entries per hook call: 1-1:169 2-3:548 4-7:1022 8-15:1922 16-31:4725 32-63:30706 64-127:2200 128-255:5814 256-511:10123 (chain_max since load 1024)
k4:   sigterm: unsupported_top (word(exits/entry_stops)): 
k4-adv: sigusr1 PASS: USR1: server status 138;
k4:   USR1: hot: 3980006 fragment entries, 19410 syscalls in kernel before the event
k4:   sigusr1: in_kernel=35072/57662 syscalls (60.8%) entries=5499624 chains=5444509 chain_cap=0 translated=309 (entry_unsupported=0 compile=0 verify=0 capped=0 neg=0) invalidated=0 released=309
k4:   sigusr1: exits svc=35072 bl=2328935 blr=228543 br=361954 ret=2545120 mem=0 unsupported=0 budget=0 invalid=0 svc_declined=0
k4:   sigusr1: fpsimd entries=253340 restores=0 exit_mem=0 refused_sve_sme=0
k4:   sigusr1: entries per hook call: 1-1:169 2-3:537 4-7:1024 8-15:1921 16-31:4679 32-63:29686 64-127:2205 128-255:5812 256-511:9082 (chain_max since load 1024)
k4:   sigusr1: unsupported_top (word(exits/entry_stops)): 
k4-adv: stopcont PASS: stopcont: load status 0;dbsize 10045 digest a595c3aec0dfe15c636c10750e98bb92f179efe8;
k4:   stopcont: hot: 3887788 fragment entries, 18849 syscalls in kernel before the event
k4:   stopcont: in_kernel=4128492/4392095 syscalls (94.0%) entries=693636576 chains=689251664 chain_cap=0 translated=445 (entry_unsupported=0 compile=0 verify=0 capped=0 neg=0) invalidated=0 released=445
k4:   stopcont: exits svc=4128493 bl=304206682 blr=21359391 br=37898393 ret=325886056 mem=1 unsupported=157560 budget=0 invalid=0 svc_declined=1
k4:   stopcont: fpsimd entries=33556350 restores=1919 exit_mem=1 refused_sve_sme=0
k4:   stopcont: entries per hook call: 1-1:784 2-3:1996 4-7:1165 8-15:1962 16-31:182228 32-63:2128583 64-127:11185 128-255:36797 256-511:2020212 (chain_max since load 1024)
k4:   stopcont: unsupported_top (word(exits/entry_stops)): 0x9e630160(157550/0) 0xd503203f(10/0) 
k4-adv: segfault PASS: segfault: server status 139;crashed by signal: 11, si_code: 2;Accessing address: <page-aligned>;segfault: stack trace names debugCommand: yes;segfault: core files 1;
k4:   segfault: hot: 3883908 fragment entries, 18819 syscalls in kernel before the event
k4:   segfault: in_kernel=34356/58181 syscalls (59.1%) entries=5383243 chains=5328791 chain_cap=0 translated=309 (entry_unsupported=0 compile=0 verify=0 capped=0 neg=0) invalidated=0 released=309
k4:   segfault: exits svc=34356 bl=2278429 blr=224211 br=355639 ret=2490608 mem=0 unsupported=0 budget=0 invalid=0 svc_declined=0
k4:   segfault: fpsimd entries=248058 restores=0 exit_mem=0 refused_sve_sme=0
k4:   segfault: entries per hook call: 1-1:174 2-3:644 4-7:1021 8-15:1922 16-31:4642 32-63:29286 64-127:2183 128-255:5818 256-511:8762 (chain_max since load 1024)
k4:   segfault: unsupported_top (word(exits/entry_stops)): 
k4-adv: bgsave PASS: bgsave: load status 0;bgsave: before restart dbsize 10045 digest a595c3aec0dfe15c636c10750e98bb92f179efe8;bgsave: redis-check-rdb ok;bgsave: after restart dbsize 10045 digest a595c3aec0dfe15c636c10750
k4:   bgsave: hot: 3832959 fragment entries, 18521 syscalls in kernel before the event
k4:   bgsave: in_kernel=4128582/4399142 syscalls (93.8%) entries=698040859 chains=693655619 chain_cap=0 translated=445 (entry_unsupported=0 compile=0 verify=0 capped=0 neg=0) invalidated=0 released=445
k4:   bgsave: exits svc=4128582 bl=305081779 blr=22243818 br=38782039 ret=327646855 mem=24 unsupported=157762 budget=0 invalid=0 svc_declined=0
k4:   bgsave: fpsimd entries=33555717 restores=1430 exit_mem=24 refused_sve_sme=0
k4:   bgsave: entries per hook call: 1-1:904 2-3:2030 4-7:1193 8-15:1959 16-31:182359 32-63:2128773 64-127:11142 128-255:36742 256-511:2020138 (chain_max since load 1024)
k4:   bgsave: unsupported_top (word(exits/entry_stops)): 0x9e630160(157758/0) 0xd503203f(4/0) 
k4-adv: aofrw PASS: aofrw: load status 0;aofrw: before restart dbsize 10045 digest a595c3aec0dfe15c636c10750e98bb92f179efe8;aofrw: after restart from the AOF dbsize 10045 digest a595c3aec0dfe15c636c10750e98bb92f179efe8;
k4:   aofrw: hot: 4001131 fragment entries, 19484 syscalls in kernel before the event
k4:   aofrw: in_kernel=2940037/4531534 syscalls (64.9%) entries=714221843 chains=709707705 chain_cap=0 translated=592 (entry_unsupported=0 compile=0 verify=0 capped=0 neg=0) invalidated=0 released=592
k4:   aofrw: exits svc=2940037 bl=325509113 blr=17002776 br=37819932 ret=329490001 mem=4 unsupported=1459980 budget=0 invalid=0 svc_declined=0
k4:   aofrw: fpsimd entries=36546537 restores=1161 exit_mem=4 refused_sve_sme=0
k4:   aofrw: entries per hook call: 1-1:873 2-3:2586 4-7:1951 8-15:4775 16-31:184408 32-63:2248554 64-127:11827 128-255:44211 256-511:2014953 (chain_max since load 1024)
k4:   aofrw: unsupported_top (word(exits/entry_stops)): 0xfc6c79c0(1415022/0) 0x9e630160(44938/0) 0xd503203f(20/0) 
k4-adv: config PASS: config: 5 module load/unload and config set rounds ok;config: load status 0; misc module still loaded: 0;dbsize 10045 digest a595c3aec0dfe15c636c10750e98bb92f179efe8;
k4:   config: hot: 3704378 fragment entries, 17784 syscalls in kernel before the event
k4:   config: in_kernel=4279076/4665862 syscalls (91.7%) entries=713640709 chains=708991255 chain_cap=0 translated=496 (entry_unsupported=0 compile=0 verify=0 capped=0 neg=0) invalidated=13 released=483
k4:   config: exits svc=4279081 bl=313081965 blr=21996320 br=39108464 ret=334910681 mem=1 unsupported=264197 budget=0 invalid=0 svc_declined=5
k4:   config: fpsimd entries=34085727 restores=103367 exit_mem=1 refused_sve_sme=0
k4:   config: entries per hook call: 1-1:1172 2-3:2203 4-7:1319 8-15:2328 16-31:170751 32-63:2266981 64-127:146467 128-255:37370 256-511:2020863 (chain_max since load 1024)
k4:   config: unsupported_top (word(exits/entry_stops)): 0x9e630160(132462/0) 0xbc237800(131723/0) 0xd503203f(12/0) 
k4-adv: reload PASS: reload: 5 unloads under load; load status 0; ping PONG;dbsize 10045 digest 8630698fcae208583f0c9e6fe598b8d0226d4767;
k4:   reload: hot: 3812478 fragment entries, 18409 syscalls in kernel before the event
k4:   reload: counters of the last load: syscalls_in_kernel 5253762 fragment_entries 887782065 exit_invalid 0 translate_verify_rejected 0 
k4-adv: maxmemory PASS: maxmemory: evicted yes;maxmemory: used within 32mb+1mb yes;maxmemory: noeviction write: OOM command not allowed when used memory;maxmemory: after lifting the limit: OK;
k4:   maxmemory: hot: 3659314 fragment entries, 16274 syscalls in kernel before the event
k4:   maxmemory: in_kernel=758931/837358 syscalls (90.6%) entries=181500094 chains=180666906 chain_cap=0 translated=358 (entry_unsupported=0 compile=0 verify=0 capped=0 neg=0) invalidated=0 released=358
k4:   maxmemory: exits svc=758931 bl=77691254 blr=7663855 br=9994182 ret=85360262 mem=4895 unsupported=26715 budget=0 invalid=0 svc_declined=0
k4:   maxmemory: fpsimd entries=9094130 restores=96 exit_mem=4895 refused_sve_sme=0
k4:   maxmemory: entries per hook call: 1-1:150 2-3:762 4-7:801 8-15:1289 16-31:34385 32-63:398750 64-127:9402 128-255:23118 256-511:333766 512-1023:30765 (chain_max since load 726)
k4:   maxmemory: unsupported_top (word(exits/entry_stops)): 0x9e630160(26710/0) 0x9e630061(3/0) 0xd503203f(2/0) 
k4-adv: ALL PASS
k4: iteration 1 PASS
k4: iteration 2
k2:   toy_loop: in_kernel=199823 entries=199824 exit_mem=0 exit_budget=0 exit_unsupported=0 fpsimd_entries=0 fpsimd_restores=0 fpsimd_exit_mem=0
k2:   mem_loop: in_kernel=39872 entries=59808 exit_mem=0 exit_budget=0 exit_unsupported=19935 fpsimd_entries=0 fpsimd_restores=0 fpsimd_exit_mem=0
k2:   tight_loop: in_kernel=0 entries=1936 exit_mem=0 exit_budget=1936 exit_unsupported=0 fpsimd_entries=0 fpsimd_restores=0 fpsimd_exit_mem=0
k2:   call_loop: in_kernel=0 entries=1851584 exit_mem=0 exit_budget=0 exit_unsupported=0 fpsimd_entries=0 fpsimd_restores=0 fpsimd_exit_mem=0
k2:   signal_loop: in_kernel=399844 entries=399873 exit_mem=0 exit_budget=0 exit_unsupported=0 fpsimd_entries=0 fpsimd_restores=0 fpsimd_exit_mem=0
k2:   fp_loop: in_kernel=39862 entries=39863 exit_mem=0 exit_budget=0 exit_unsupported=0 fpsimd_entries=39863 fpsimd_restores=0 fpsimd_exit_mem=0
k2:   fp_regs: in_kernel=199823 entries=199824 exit_mem=0 exit_budget=0 exit_unsupported=1 fpsimd_entries=199824 fpsimd_restores=0 fpsimd_exit_mem=0
k2:   fp_switch: in_kernel=79724 entries=79726 exit_mem=0 exit_budget=0 exit_unsupported=2 fpsimd_entries=79726 fpsimd_restores=39865 fpsimd_exit_mem=0
k2:   fp_signal: in_kernel=399750 entries=399873 exit_mem=0 exit_budget=0 exit_unsupported=1 fpsimd_entries=399873 fpsimd_restores=87 fpsimd_exit_mem=0
k2:   fp_budget: in_kernel=0 entries=336 exit_mem=0 exit_budget=336 exit_unsupported=0 fpsimd_entries=336 fpsimd_restores=0 fpsimd_exit_mem=0
k2:   munmap_race: in_kernel=597486 entries=597581 exit_mem=0 exit_budget=0 exit_unsupported=0 fpsimd_entries=0 fpsimd_restores=0 fpsimd_exit_mem=0
k2:   seccomp_loop: in_kernel=0 entries=0 exit_mem=0 exit_budget=0 exit_unsupported=0 fpsimd_entries=0 fpsimd_restores=0 fpsimd_exit_mem=0
k2:   ptrace_loop: in_kernel=0 entries=0 exit_mem=0 exit_budget=0 exit_unsupported=0 fpsimd_entries=0 fpsimd_restores=0 fpsimd_exit_mem=0
k2: iteration 1 PASS
k2: ALL PASS (1 iterations, auto=1)
k4-bench: default (redis-benchmark -q -n 100000 ):
k4:     PING_INLINE: 17618.04 requests per second, p50=2.663 msec
k4:     PING_MBULK: 20903.01 requests per second, p50=2.215 msec
k4:     SET: 14963.34 requests per second, p50=3.151 msec
k4:     GET: 16431.15 requests per second, p50=2.799 msec
k4:     INCR: 15905.84 requests per second, p50=2.879 msec
k4:     LPUSH: 13515.34 requests per second, p50=3.231 msec
k4:     RPUSH: 14259.23 requests per second, p50=3.063 msec
k4:     LPOP: 14692.92 requests per second, p50=3.055 msec
k4:     RPOP: 15304.56 requests per second, p50=2.927 msec
k4:     SADD: 14821.40 requests per second, p50=2.903 msec
k4:     HSET: 12285.01 requests per second, p50=3.439 msec
k4:     SPOP: 15941.34 requests per second, p50=2.703 msec
k4:     ZADD: 16801.07 requests per second, p50=2.575 msec
k4:     ZPOPMIN: 15313.94 requests per second, p50=2.807 msec
k4:     LPUSH (needed to benchmark LRANGE): 12168.41 requests per second, p50=3.471 msec
k4:     LRANGE_100 (first 100 elements): 14425.85 requests per second, p50=3.367 msec
k4:     LRANGE_300 (first 300 elements): 12965.12 requests per second, p50=3.335 msec
k4:     LRANGE_500 (first 500 elements): 11831.52 requests per second, p50=3.455 msec
k4:     LRANGE_600 (first 600 elements): 11323.75 requests per second, p50=3.535 msec
k4:     MSET (10 keys): 8951.75 requests per second, p50=4.543 msec
k4:   default: in_kernel=3254258/4078202 syscalls (79.8%) entries=616874239 chains=612803066 chain_cap=0 translated=512 (entry_unsupported=0 compile=0 verify=0 capped=0 neg=0) invalidated=0 released=0
k4:   default: exits svc=3254258 bl=273790799 blr=16398415 br=36584916 ret=286648561 mem=83 unsupported=197207 budget=0 invalid=0 svc_declined=0
k4:   default: fpsimd entries=30630871 restores=190 exit_mem=83 refused_sve_sme=0
k4:   default: entries per hook call: 1-1:6891 2-3:1789 4-7:4679 8-15:1047 16-31:71172 32-63:2006244 64-127:7607 128-255:924827 256-511:1046917 (chain_max since load 1024)
k4:   default: unsupported_top (word(exits/entry_stops)): 0xfc6c79c0(99493/0) 0x1e682100(97706/0) 0xd503203f(8/0) 
k4:   default: hot: 616874259 fragment entries, 3254258 syscalls in kernel before the event
k4-bench: pipelined (redis-benchmark -q -n 100000 -P 16):
k4:     PING_INLINE: 69735.01 requests per second, p50=9.695 msec
k4:     PING_MBULK: 70871.72 requests per second, p50=9.367 msec
k4:     SET: 72098.05 requests per second, p50=9.071 msec
k4:     GET: 70028.02 requests per second, p50=10.111 msec
k4:     INCR: 72780.20 requests per second, p50=8.703 msec
k4:     LPUSH: 72568.94 requests per second, p50=8.855 msec
k4:     RPUSH: 75930.14 requests per second, p50=8.599 msec
k4:     LPOP: 110497.24 requests per second, p50=7.127 msec
k4:     RPOP: 115340.26 requests per second, p50=6.775 msec
k4:     SADD: 72939.46 requests per second, p50=8.815 msec
k4:     HSET: 74404.77 requests per second, p50=8.727 msec
k4:     SPOP: 73206.44 requests per second, p50=8.687 msec
k4:     ZADD: 239234.44 requests per second, p50=2.951 msec
k4:     ZPOPMIN: 72463.77 requests per second, p50=8.743 msec
k4:     LPUSH (needed to benchmark LRANGE): 72463.77 requests per second, p50=9.055 msec
k4:     LRANGE_100 (first 100 elements): 118623.96 requests per second, p50=3.503 msec
k4:     LRANGE_300 (first 300 elements): 35038.54 requests per second, p50=9.831 msec
k4:     LRANGE_500 (first 500 elements): 22716.95 requests per second, p50=10.015 msec
k4:     LRANGE_600 (first 600 elements): 18549.44 requests per second, p50=11.479 msec
k4:     MSET (10 keys): 121802.68 requests per second, p50=6.735 msec
k4:   pipelined: in_kernel=114185/290527 syscalls (39.3%) entries=97014735 chains=96753354 chain_cap=77950 translated=0 (entry_unsupported=0 compile=0 verify=0 capped=0 neg=0) invalidated=0 released=0
k4:   pipelined: exits svc=114185 bl=43223609 blr=2330119 br=6191941 ret=45141212 mem=49 unsupported=13620 budget=0 invalid=0 svc_declined=0
k4:   pipelined: fpsimd entries=5737810 restores=2 exit_mem=49 refused_sve_sme=0
k4:   pipelined: entries per hook call: 1-1:19507 2-3:323 4-7:1046 8-15:1236 16-31:8107 32-63:106295 64-127:71 128-255:38853 256-511:6943 512-1023:1050 1024-2047:77950 (chain_max since load 1024)
k4:   pipelined: unsupported_top (word(exits/entry_stops)): 0xfc6c79c0(7371/0) 0x1e682100(6246/0) 0xd503203f(3/0) 
k4:   pipelined: hot: 97014755 fragment entries, 114185 syscalls in kernel before the event
k4-bench: clients256 (redis-benchmark -q -n 100000 -c 256):
k4:     PING_INLINE: 13034.41 requests per second, p50=16.479 msec
k4:     PING_MBULK: 16447.37 requests per second, p50=13.263 msec
k4:     SET: 12168.41 requests per second, p50=17.599 msec
k4:     GET: 13570.36 requests per second, p50=15.879 msec
k4:     INCR: 13529.97 requests per second, p50=16.103 msec
k4:     LPUSH: 11839.92 requests per second, p50=18.143 msec
k4:     RPUSH: 12391.57 requests per second, p50=17.359 msec
k4:     LPOP: 13241.53 requests per second, p50=18.143 msec
k4:     RPOP: 13906.27 requests per second, p50=17.199 msec
k4:     SADD: 13340.45 requests per second, p50=16.367 msec
k4:     HSET: 11467.89 requests per second, p50=18.735 msec
k4:     SPOP: 14936.52 requests per second, p50=14.727 msec
k4:     ZADD: 16286.65 requests per second, p50=13.463 msec
k4:     ZPOPMIN: 14905.35 requests per second, p50=14.639 msec
k4:     LPUSH (needed to benchmark LRANGE): 11775.79 requests per second, p50=18.287 msec
k4:     LRANGE_100 (first 100 elements): 14170.33 requests per second, p50=17.711 msec
k4:     LRANGE_300 (first 300 elements): 12840.27 requests per second, p50=17.263 msec
k4:     LRANGE_500 (first 500 elements): 11381.74 requests per second, p50=18.479 msec
k4:     LRANGE_600 (first 600 elements): 10808.47 requests per second, p50=19.183 msec
k4:     MSET (10 keys): 8785.80 requests per second, p50=24.111 msec
k4:   clients256: in_kernel=3270433/4077074 syscalls (80.2%) entries=623177843 chains=619121870 chain_cap=0 translated=0 (entry_unsupported=0 compile=0 verify=0 capped=0 neg=0) invalidated=0 released=0
k4:   clients256: exits svc=3270433 bl=276833025 blr=16350510 br=36878796 ret=289639116 mem=1253 unsupported=204710 budget=0 invalid=0 svc_declined=0
k4:   clients256: fpsimd entries=31043844 restores=0 exit_mem=1253 refused_sve_sme=0
k4:   clients256: entries per hook call: 1-1:35847 2-3:1496 4-7:5149 8-15:2130 16-31:24179 32-63:1989715 64-127:1625 128-255:912516 256-511:1083316 (chain_max since load 1024)
k4:   clients256: unsupported_top (word(exits/entry_stops)): 0xfc6c79c0(104732/0) 0x1e682100(99974/0) 0xd503203f(4/0) 
k4:   clients256: hot: 623177863 fragment entries, 3270433 syscalls in kernel before the event
k4-bench: consistency PASS: dbsize 10044 digest 603e069a26083ceb1309ded3186769f0b0809e09 readback sha256 362731776718583235c4f1394cb708151a5c09052efd2c0ace0f6f0f7392fb50 
k4-bench: ALL PASS
[ 2893.620214] kjit: 0 of 5940 translation requests still queued at unload (freed by the kernel)
[ 2893.651230] rust_kjit: ######## Rust KJIT exits ########
[ 2893.949965] rust_kjit: ######## Rust KJIT inits ########
[ 2893.950189] rust_kjit: golden tests/arm64/toy_cfg.s:hot_svc_mark PASS: 668 fragment bytes match harness
[ 2894.372434] kjit: 0 of 0 translation requests still queued at unload (freed by the kernel)
[ 2894.395199] rust_kjit: ######## Rust KJIT exits ########
[ 2894.684551] rust_kjit: ######## Rust KJIT inits ########
[ 2894.684960] rust_kjit: golden tests/arm64/toy_cfg.s:hot_svc_mark PASS: 668 fragment bytes match harness
[ 2895.107468] kjit: 0 of 0 translation requests still queued at unload (freed by the kernel)
[ 2895.123253] rust_kjit: ######## Rust KJIT exits ########
[ 2895.425615] rust_kjit: ######## Rust KJIT inits ########
[ 2895.425817] rust_kjit: golden tests/arm64/toy_cfg.s:hot_svc_mark PASS: 668 fragment bytes match harness
[ 2895.848112] kjit: 0 of 0 translation requests still queued at unload (freed by the kernel)
[ 2895.875203] rust_kjit: ######## Rust KJIT exits ########
[ 2896.157555] rust_kjit: ######## Rust KJIT inits ########
[ 2896.157749] rust_kjit: golden tests/arm64/toy_cfg.s:hot_svc_mark PASS: 668 fragment bytes match harness
[ 2896.579967] kjit: 0 of 0 translation requests still queued at unload (freed by the kernel)
[ 2896.611175] rust_kjit: ######## Rust KJIT exits ########
[ 2896.887557] rust_kjit: ######## Rust KJIT inits ########
[ 2896.887765] rust_kjit: golden tests/arm64/toy_cfg.s:hot_svc_mark PASS: 668 fragment bytes match harness
[ 2969.476266] kjit: 0 of 309 translation requests still queued at unload (freed by the kernel)
[ 2969.515020] rust_kjit: ######## Rust KJIT exits ########
[ 2969.783962] rust_kjit: ######## Rust KJIT inits ########
[ 2969.784186] rust_kjit: golden tests/arm64/toy_cfg.s:hot_svc_mark PASS: 668 fragment bytes match harness
[ 2970.256585] kjit: 0 of 196 translation requests still queued at unload (freed by the kernel)
[ 2970.288422] rust_kjit: ######## Rust KJIT exits ########
[ 2970.576409] rust_kjit: ######## Rust KJIT inits ########
[ 2970.576870] rust_kjit: golden tests/arm64/toy_cfg.s:hot_svc_mark PASS: 668 fragment bytes match harness
[ 2971.061035] kjit: 0 of 197 translation requests still queued at unload (freed by the kernel)
[ 2971.115042] rust_kjit: ######## Rust KJIT exits ########
[ 2971.374619] rust_kjit: ######## Rust KJIT inits ########
[ 2971.375484] rust_kjit: golden tests/arm64/toy_cfg.s:hot_svc_mark PASS: 668 fragment bytes match harness
[ 2971.851487] kjit: 0 of 197 translation requests still queued at unload (freed by the kernel)
[ 2971.884010] rust_kjit: ######## Rust KJIT exits ########
[ 2972.173786] rust_kjit: ######## Rust KJIT inits ########
[ 2972.174345] rust_kjit: golden tests/arm64/toy_cfg.s:hot_svc_mark PASS: 668 fragment bytes match harness
[ 2972.647142] kjit: 0 of 196 translation requests still queued at unload (freed by the kernel)
[ 2972.691058] rust_kjit: ######## Rust KJIT exits ########
[ 2972.990535] rust_kjit: ######## Rust KJIT inits ########
[ 2972.991349] rust_kjit: golden tests/arm64/toy_cfg.s:hot_svc_mark PASS: 668 fragment bytes match harness
k4-adv: kill9 PASS: kill9 #1: server status 137;kill9 #2: server status 137;kill9 #3: server status 137;
k4:   kill9#1: hot: 3940785 fragment entries, 19171 syscalls in kernel before the event
k4:   kill9#2: hot: 4008657 fragment entries, 19549 syscalls in kernel before the event
k4:   kill9#3: hot: 3964175 fragment entries, 19308 syscalls in kernel before the event
k4:   kill9: in_kernel=105281/172617 syscalls (61.0%) entries=16520433 chains=16355050 chain_cap=0 translated=927 (entry_unsupported=0 compile=0 verify=0 capped=0 neg=0) invalidated=0 released=927
k4:   kill9: exits svc=105281 bl=6995918 blr=686428 br=1087064 ret=7645742 mem=0 unsupported=0 budget=0 invalid=0 svc_declined=0
k4:   kill9: fpsimd entries=761099 restores=2 exit_mem=0 refused_sve_sme=0
k4:   kill9: entries per hook call: 1-1:507 2-3:1616 4-7:3064 8-15:5764 16-31:14057 32-63:88986 64-127:6636 128-255:17425 256-511:27328 (chain_max since load 1024)
k4:   kill9: unsupported_top (word(exits/entry_stops)): 
k4-adv: sigterm PASS: TERM: server status 0;sigterm: shutdown and clean exit logged;
k4:   TERM: hot: 3779375 fragment entries, 18192 syscalls in kernel before the event
k4:   sigterm: in_kernel=36287/59106 syscalls (61.4%) entries=5727978 chains=5671589 chain_cap=0 translated=310 (entry_unsupported=0 compile=0 verify=0 capped=0 neg=0) invalidated=0 released=310
k4:   sigterm: exits svc=36287 bl=2427505 blr=237006 br=374404 ret=2652776 mem=0 unsupported=0 budget=0 invalid=0 svc_declined=0
k4:   sigterm: fpsimd entries=263801 restores=1 exit_mem=0 refused_sve_sme=0
k4:   sigterm: entries per hook call: 1-1:169 2-3:545 4-7:1022 8-15:1921 16-31:4659 32-63:30323 64-127:2200 128-255:5812 256-511:9738 (chain_max since load 1024)
k4:   sigterm: unsupported_top (word(exits/entry_stops)): 
k4-adv: sigusr1 PASS: USR1: server status 138;
k4:   USR1: hot: 3956079 fragment entries, 19238 syscalls in kernel before the event
k4:   sigusr1: in_kernel=35093/57697 syscalls (60.8%) entries=5511584 chains=5456467 chain_cap=0 translated=309 (entry_unsupported=0 compile=0 verify=0 capped=0 neg=0) invalidated=0 released=309
k4:   sigusr1: exits svc=35093 bl=2333976 blr=229010 br=362609 ret=2550895 mem=1 unsupported=0 budget=0 invalid=0 svc_declined=0
k4:   sigusr1: fpsimd entries=253907 restores=0 exit_mem=1 refused_sve_sme=0
k4:   sigusr1: entries per hook call: 1-1:169 2-3:537 4-7:1024 8-15:1921 16-31:4662 32-63:29681 64-127:2184 128-255:5811 256-511:9128 (chain_max since load 1024)
k4:   sigusr1: unsupported_top (word(exits/entry_stops)): 
k4-adv: stopcont PASS: stopcont: load status 0;dbsize 10045 digest a595c3aec0dfe15c636c10750e98bb92f179efe8;
k4:   stopcont: hot: 3734515 fragment entries, 17969 syscalls in kernel before the event
k4:   stopcont: in_kernel=4128449/4391658 syscalls (94.0%) entries=692161609 chains=687777078 chain_cap=0 translated=445 (entry_unsupported=0 compile=0 verify=0 capped=0 neg=0) invalidated=0 released=445
k4:   stopcont: exits svc=4128449 bl=303910679 blr=21065159 br=37604412 ret=325295543 mem=0 unsupported=157367 budget=0 invalid=0 svc_declined=0
k4:   stopcont: fpsimd entries=33555989 restores=1317 exit_mem=0 refused_sve_sme=0
k4:   stopcont: entries per hook call: 1-1:784 2-3:2002 4-7:1165 8-15:1953 16-31:181855 32-63:2128730 64-127:11025 128-255:36789 256-511:2020228 (chain_max since load 1024)
k4:   stopcont: unsupported_top (word(exits/entry_stops)): 0x9e630160(157348/0) 0xd503203f(19/0) 
k4-adv: segfault PASS: segfault: server status 139;crashed by signal: 11, si_code: 2;Accessing address: <page-aligned>;segfault: stack trace names debugCommand: yes;segfault: core files 1;
k4:   segfault: hot: 3791907 fragment entries, 18232 syscalls in kernel before the event
k4:   segfault: in_kernel=33905/57736 syscalls (58.7%) entries=5314193 chains=5260204 chain_cap=0 translated=309 (entry_unsupported=0 compile=0 verify=0 capped=0 neg=0) invalidated=0 released=309
k4:   segfault: exits svc=33905 bl=2248869 blr=221436 br=351906 ret=2458077 mem=0 unsupported=0 budget=0 invalid=0 svc_declined=0
k4:   segfault: fpsimd entries=244999 restores=0 exit_mem=0 refused_sve_sme=0
k4:   segfault: entries per hook call: 1-1:174 2-3:645 4-7:1021 8-15:1922 16-31:4550 32-63:29107 64-127:2183 128-255:5818 256-511:8569 (chain_max since load 1024)
k4:   segfault: unsupported_top (word(exits/entry_stops)): 
k4-adv: bgsave PASS: bgsave: load status 0;bgsave: before restart dbsize 10045 digest a595c3aec0dfe15c636c10750e98bb92f179efe8;bgsave: redis-check-rdb ok;bgsave: after restart dbsize 10045 digest a595c3aec0dfe15c636c10750
k4:   bgsave: hot: 3772195 fragment entries, 18181 syscalls in kernel before the event
k4:   bgsave: in_kernel=4128549/4398636 syscalls (93.9%) entries=693621246 chains=689236260 chain_cap=0 translated=445 (entry_unsupported=0 compile=0 verify=0 capped=0 neg=0) invalidated=0 released=445
k4:   bgsave: exits svc=4128549 bl=304198722 blr=21359713 br=37898998 ret=325877760 mem=23 unsupported=157481 budget=0 invalid=0 svc_declined=0
k4:   bgsave: fpsimd entries=33555882 restores=1356 exit_mem=23 refused_sve_sme=0
k4:   bgsave: entries per hook call: 1-1:900 2-3:2019 4-7:1190 8-15:1950 16-31:182129 32-63:2128669 64-127:11107 128-255:36930 256-511:2020092 (chain_max since load 1024)
k4:   bgsave: unsupported_top (word(exits/entry_stops)): 0x9e630160(157466/0) 0xd503203f(15/0) 
k4-adv: aofrw PASS: aofrw: load status 0;aofrw: before restart dbsize 10045 digest a595c3aec0dfe15c636c10750e98bb92f179efe8;aofrw: after restart from the AOF dbsize 10045 digest a595c3aec0dfe15c636c10750e98bb92f179efe8;
k4:   aofrw: hot: 4043197 fragment entries, 19742 syscalls in kernel before the event
k4:   aofrw: in_kernel=2943052/4533330 syscalls (64.9%) entries=715809005 chains=711290822 chain_cap=0 translated=602 (entry_unsupported=0 compile=0 verify=0 capped=0 neg=0) invalidated=0 released=602
k4:   aofrw: exits svc=2943052 bl=325846196 blr=17307042 br=38120495 ret=330132273 mem=5 unsupported=1459942 budget=0 invalid=0 svc_declined=0
k4:   aofrw: fpsimd entries=36550532 restores=1646 exit_mem=5 refused_sve_sme=0
k4:   aofrw: entries per hook call: 1-1:873 2-3:2676 4-7:2982 8-15:4162 16-31:185994 32-63:2250359 64-127:11832 128-255:42974 256-511:2016331 (chain_max since load 1024)
k4:   aofrw: unsupported_top (word(exits/entry_stops)): 0xfc6c79c0(1414888/0) 0x9e630160(45047/0) 0xd503203f(7/0) 
k4-adv: config PASS: config: 5 module load/unload and config set rounds ok;config: load status 0; misc module still loaded: 0;dbsize 10045 digest a595c3aec0dfe15c636c10750e98bb92f179efe8;
k4:   config: hot: 3762324 fragment entries, 18198 syscalls in kernel before the event
k4:   config: in_kernel=4275963/4650060 syscalls (92.0%) entries=716655251 chains=712021671 chain_cap=0 translated=497 (entry_unsupported=0 compile=0 verify=0 capped=0 neg=0) invalidated=13 released=484
k4:   config: exits svc=4275969 bl=313410235 blr=22790099 br=39870646 ret=336056251 mem=1 unsupported=252050 budget=0 invalid=0 svc_declined=6
k4:   config: fpsimd entries=34056222 restores=81720 exit_mem=1 refused_sve_sme=0
k4:   config: entries per hook call: 1-1:1170 2-3:2199 4-7:1316 8-15:2336 16-31:170410 32-63:2258974 64-127:138470 128-255:37115 256-511:2021590 (chain_max since load 1024)
k4:   config: unsupported_top (word(exits/entry_stops)): 0x9e630160(128262/0) 0xbc237800(123763/0) 0xd503203f(25/0) 
k4-adv: reload PASS: reload: 5 unloads under load; load status 0; ping PONG;dbsize 10045 digest 8630698fcae208583f0c9e6fe598b8d0226d4767;
k4:   reload: hot: 3882922 fragment entries, 18809 syscalls in kernel before the event
k4:   reload: counters of the last load: syscalls_in_kernel 5262121 fragment_entries 885395567 exit_invalid 0 translate_verify_rejected 0 
k4-adv: maxmemory PASS: maxmemory: evicted yes;maxmemory: used within 32mb+1mb yes;maxmemory: noeviction write: OOM command not allowed when used memory;maxmemory: after lifting the limit: OK;
k4:   maxmemory: hot: 3610474 fragment entries, 16073 syscalls in kernel before the event
k4:   maxmemory: in_kernel=745525/837159 syscalls (89.1%) entries=177299767 chains=176466785 chain_cap=0 translated=357 (entry_unsupported=0 compile=0 verify=0 capped=0 neg=0) invalidated=0 released=357
k4:   maxmemory: exits svc=745525 bl=75957509 blr=7446157 br=9779948 ret=83340430 mem=4832 unsupported=25366 budget=0 invalid=0 svc_declined=0
k4:   maxmemory: fpsimd entries=8861880 restores=86 exit_mem=4832 refused_sve_sme=0
k4:   maxmemory: entries per hook call: 1-1:150 2-3:762 4-7:799 8-15:1289 16-31:35890 32-63:402084 64-127:12540 128-255:24775 256-511:326321 512-1023:28372 (chain_max since load 740)
k4:   maxmemory: unsupported_top (word(exits/entry_stops)): 0x9e630160(25362/0) 0x9e630061(3/0) 0xd503203f(1/0) 
k4-adv: ALL PASS
k4: iteration 2 PASS
k4: iteration 3
k2:   toy_loop: in_kernel=199823 entries=199824 exit_mem=0 exit_budget=0 exit_unsupported=0 fpsimd_entries=0 fpsimd_restores=0 fpsimd_exit_mem=0
k2:   mem_loop: in_kernel=39872 entries=59808 exit_mem=0 exit_budget=0 exit_unsupported=19935 fpsimd_entries=0 fpsimd_restores=0 fpsimd_exit_mem=0
k2:   tight_loop: in_kernel=0 entries=1936 exit_mem=0 exit_budget=1936 exit_unsupported=0 fpsimd_entries=0 fpsimd_restores=0 fpsimd_exit_mem=0
k2:   call_loop: in_kernel=0 entries=1851584 exit_mem=0 exit_budget=0 exit_unsupported=0 fpsimd_entries=0 fpsimd_restores=0 fpsimd_exit_mem=0
k2:   signal_loop: in_kernel=399835 entries=399873 exit_mem=0 exit_budget=0 exit_unsupported=0 fpsimd_entries=0 fpsimd_restores=0 fpsimd_exit_mem=0
k2:   fp_loop: in_kernel=39862 entries=39863 exit_mem=0 exit_budget=0 exit_unsupported=0 fpsimd_entries=39863 fpsimd_restores=0 fpsimd_exit_mem=0
k2:   fp_regs: in_kernel=199823 entries=199824 exit_mem=0 exit_budget=0 exit_unsupported=1 fpsimd_entries=199824 fpsimd_restores=0 fpsimd_exit_mem=0
k2:   fp_switch: in_kernel=79724 entries=79726 exit_mem=0 exit_budget=0 exit_unsupported=2 fpsimd_entries=79726 fpsimd_restores=39861 fpsimd_exit_mem=0
k2:   fp_signal: in_kernel=399756 entries=399873 exit_mem=0 exit_budget=0 exit_unsupported=1 fpsimd_entries=399873 fpsimd_restores=94 fpsimd_exit_mem=0
k2:   fp_budget: in_kernel=0 entries=336 exit_mem=0 exit_budget=336 exit_unsupported=0 fpsimd_entries=336 fpsimd_restores=0 fpsimd_exit_mem=0
k2:   munmap_race: in_kernel=587580 entries=587683 exit_mem=0 exit_budget=0 exit_unsupported=0 fpsimd_entries=0 fpsimd_restores=0 fpsimd_exit_mem=0
k2:   seccomp_loop: in_kernel=0 entries=0 exit_mem=0 exit_budget=0 exit_unsupported=0 fpsimd_entries=0 fpsimd_restores=0 fpsimd_exit_mem=0
k2:   ptrace_loop: in_kernel=0 entries=0 exit_mem=0 exit_budget=0 exit_unsupported=0 fpsimd_entries=0 fpsimd_restores=0 fpsimd_exit_mem=0
k2: iteration 1 PASS
k2: ALL PASS (1 iterations, auto=1)
k4-bench: default (redis-benchmark -q -n 100000 ):
k4:     PING_INLINE: 17921.15 requests per second, p50=2.607 msec
k4:     PING_MBULK: 21253.99 requests per second, p50=2.175 msec
k4:     SET: 15067.05 requests per second, p50=3.087 msec
k4:     GET: 16321.20 requests per second, p50=2.815 msec
k4:     INCR: 16048.79 requests per second, p50=2.815 msec
k4:     LPUSH: 13719.30 requests per second, p50=3.239 msec
k4:     RPUSH: 14174.34 requests per second, p50=3.111 msec
k4:     LPOP: 14779.78 requests per second, p50=3.015 msec
k4:     RPOP: 15103.46 requests per second, p50=2.959 msec
k4:     SADD: 14568.76 requests per second, p50=2.967 msec
k4:     HSET: 12356.36 requests per second, p50=3.471 msec
k4:     SPOP: 16178.61 requests per second, p50=2.687 msec
k4:     ZADD: 17053.21 requests per second, p50=2.543 msec
k4:     ZPOPMIN: 15870.50 requests per second, p50=2.727 msec
k4:     LPUSH (needed to benchmark LRANGE): 12459.51 requests per second, p50=3.407 msec
k4:     LRANGE_100 (first 100 elements): 14985.76 requests per second, p50=3.215 msec
k4:     LRANGE_300 (first 300 elements): 13394.05 requests per second, p50=3.199 msec
k4:     LRANGE_500 (first 500 elements): 12048.19 requests per second, p50=3.375 msec
k4:     LRANGE_600 (first 600 elements): 11614.40 requests per second, p50=3.415 msec
k4:     MSET (10 keys): 9358.04 requests per second, p50=4.447 msec
k4:   default: in_kernel=3251578/4078368 syscalls (79.7%) entries=606551251 chains=602479825 chain_cap=0 translated=512 (entry_unsupported=0 compile=0 verify=0 capped=0 neg=0) invalidated=0 released=0
k4:   default: exits svc=3251578 bl=268944067 blr=16006195 br=35964349 ret=282189701 mem=83 unsupported=195278 budget=0 invalid=0 svc_declined=0
k4:   default: fpsimd entries=30180144 restores=66 exit_mem=83 refused_sve_sme=0
k4:   default: entries per hook call: 1-1:6892 2-3:1768 4-7:4593 8-15:1032 16-31:74744 32-63:2013021 64-127:13584 128-255:918884 256-511:1036908 (chain_max since load 1024)
k4:   default: unsupported_top (word(exits/entry_stops)): 0xfc6c79c0(99539/0) 0x1e682100(95736/0) 0xd503203f(3/0) 
k4:   default: hot: 606551271 fragment entries, 3251578 syscalls in kernel before the event
k4-bench: pipelined (redis-benchmark -q -n 100000 -P 16):
k4:     PING_INLINE: 74794.31 requests per second, p50=11.287 msec
k4:     PING_MBULK: 72833.21 requests per second, p50=11.119 msec
k4:     SET: 75872.54 requests per second, p50=10.423 msec
k4:     GET: 73206.44 requests per second, p50=11.879 msec
k4:     INCR: 75528.70 requests per second, p50=10.311 msec
k4:     LPUSH: 75187.97 requests per second, p50=10.495 msec
k4:     RPUSH: 77339.52 requests per second, p50=9.751 msec
k4:     LPOP: 110497.24 requests per second, p50=7.047 msec
k4:     RPOP: 117370.89 requests per second, p50=6.727 msec
k4:     SADD: 76982.29 requests per second, p50=9.135 msec
k4:     HSET: 76628.36 requests per second, p50=8.775 msec
k4:     SPOP: 76511.09 requests per second, p50=9.127 msec
k4:     ZADD: 239808.16 requests per second, p50=2.887 msec
k4:     ZPOPMIN: 75930.14 requests per second, p50=9.447 msec
k4:     LPUSH (needed to benchmark LRANGE): 74794.31 requests per second, p50=9.191 msec
k4:     LRANGE_100 (first 100 elements): 118203.30 requests per second, p50=3.471 msec
k4:     LRANGE_300 (first 300 elements): 36670.33 requests per second, p50=8.383 msec
k4:     LRANGE_500 (first 500 elements): 22421.53 requests per second, p50=10.503 msec
k4:     LRANGE_600 (first 600 elements): 19062.14 requests per second, p50=11.487 msec
k4:     MSET (10 keys): 126422.25 requests per second, p50=6.399 msec
k4:   pipelined: in_kernel=115026/291408 syscalls (39.5%) entries=92984159 chains=92721892 chain_cap=71622 translated=0 (entry_unsupported=0 compile=0 verify=0 capped=0 neg=0) invalidated=0 released=0
k4:   pipelined: exits svc=115026 bl=41424399 blr=2251196 br=5867350 ret=43312824 mem=40 unsupported=13324 budget=0 invalid=0 svc_declined=0
k4:   pipelined: fpsimd entries=5473802 restores=0 exit_mem=40 refused_sve_sme=0
k4:   pipelined: entries per hook call: 1-1:19507 2-3:315 4-7:1041 8-15:1282 16-31:9530 32-63:107322 64-127:733 128-255:38837 256-511:8185 512-1023:3893 1024-2047:71622 (chain_max since load 1024)
k4:   pipelined: unsupported_top (word(exits/entry_stops)): 0xfc6c79c0(7243/0) 0x1e682100(6080/0) 0xd503203f(1/0) 
k4:   pipelined: hot: 92984179 fragment entries, 115026 syscalls in kernel before the event
k4-bench: clients256 (redis-benchmark -q -n 100000 -c 256):
k4:     PING_INLINE: 13437.25 requests per second, p50=16.063 msec
k4:     PING_MBULK: 17032.87 requests per second, p50=12.903 msec
k4:     SET: 12450.20 requests per second, p50=17.183 msec
k4:     GET: 14031.15 requests per second, p50=15.391 msec
k4:     INCR: 13738.15 requests per second, p50=15.791 msec
k4:     LPUSH: 12127.09 requests per second, p50=17.663 msec
k4:     RPUSH: 12589.70 requests per second, p50=17.071 msec
k4:     LPOP: 13561.16 requests per second, p50=17.631 msec
k4:     RPOP: 13804.53 requests per second, p50=17.295 msec
k4:     SADD: 13508.04 requests per second, p50=15.975 msec
k4:     HSET: 11715.09 requests per second, p50=18.255 msec
k4:     SPOP: 15513.50 requests per second, p50=13.999 msec
k4:     ZADD: 16412.28 requests per second, p50=13.399 msec
k4:     ZPOPMIN: 14972.30 requests per second, p50=14.631 msec
k4:     LPUSH (needed to benchmark LRANGE): 12118.27 requests per second, p50=17.759 msec
k4:     LRANGE_100 (first 100 elements): 14526.44 requests per second, p50=17.103 msec
k4:     LRANGE_300 (first 300 elements): 13250.30 requests per second, p50=16.607 msec
k4:     LRANGE_500 (first 500 elements): 11941.72 requests per second, p50=17.535 msec
k4:     LRANGE_600 (first 600 elements): 11500.86 requests per second, p50=17.967 msec
k4:     MSET (10 keys): 9266.12 requests per second, p50=22.719 msec
k4:   clients256: in_kernel=3249530/4077493 syscalls (79.7%) entries=608230067 chains=604173841 chain_cap=0 translated=0 (entry_unsupported=0 compile=0 verify=0 capped=0 neg=0) invalidated=0 released=0
k4:   clients256: exits svc=3249530 bl=269853924 blr=15982325 br=35986701 ret=282955068 mem=1525 unsupported=200994 budget=0 invalid=0 svc_declined=0
k4:   clients256: fpsimd entries=30329078 restores=0 exit_mem=1525 refused_sve_sme=0
k4:   clients256: entries per hook call: 1-1:35847 2-3:1460 4-7:5151 8-15:2309 16-31:29318 32-63:2009396 64-127:12473 128-255:902089 256-511:1058183 (chain_max since load 1024)
k4:   clients256: unsupported_top (word(exits/entry_stops)): 0xfc6c79c0(103809/0) 0x1e682100(97170/0) 0xd503203f(15/0) 
k4:   clients256: hot: 608230087 fragment entries, 3249530 syscalls in kernel before the event
k4-bench: consistency PASS: dbsize 10044 digest 603e069a26083ceb1309ded3186769f0b0809e09 readback sha256 362731776718583235c4f1394cb708151a5c09052efd2c0ace0f6f0f7392fb50 
k4-bench: ALL PASS
[ 4499.334940] kjit: 0 of 5922 translation requests still queued at unload (freed by the kernel)
[ 4499.371286] rust_kjit: ######## Rust KJIT exits ########
[ 4499.667554] rust_kjit: ######## Rust KJIT inits ########
[ 4499.667842] rust_kjit: golden tests/arm64/toy_cfg.s:hot_svc_mark PASS: 668 fragment bytes match harness
[ 4500.100387] kjit: 0 of 0 translation requests still queued at unload (freed by the kernel)
[ 4500.127234] rust_kjit: ######## Rust KJIT exits ########
[ 4500.414098] rust_kjit: ######## Rust KJIT inits ########
[ 4500.414614] rust_kjit: golden tests/arm64/toy_cfg.s:hot_svc_mark PASS: 668 fragment bytes match harness
[ 4500.843012] kjit: 0 of 0 translation requests still queued at unload (freed by the kernel)
[ 4500.883022] rust_kjit: ######## Rust KJIT exits ########
[ 4501.210013] rust_kjit: ######## Rust KJIT inits ########
[ 4501.210688] rust_kjit: golden tests/arm64/toy_cfg.s:hot_svc_mark PASS: 668 fragment bytes match harness
[ 4501.632489] kjit: 0 of 0 translation requests still queued at unload (freed by the kernel)
[ 4501.663028] rust_kjit: ######## Rust KJIT exits ########
[ 4501.950127] rust_kjit: ######## Rust KJIT inits ########
[ 4501.950341] rust_kjit: golden tests/arm64/toy_cfg.s:hot_svc_mark PASS: 668 fragment bytes match harness
[ 4502.372495] kjit: 0 of 0 translation requests still queued at unload (freed by the kernel)
[ 4502.395138] rust_kjit: ######## Rust KJIT exits ########
[ 4502.693589] rust_kjit: ######## Rust KJIT inits ########
[ 4502.694051] rust_kjit: golden tests/arm64/toy_cfg.s:hot_svc_mark PASS: 668 fragment bytes match harness
[ 4576.207656] kjit: 0 of 309 translation requests still queued at unload (freed by the kernel)
[ 4576.248800] rust_kjit: ######## Rust KJIT exits ########
[ 4576.576367] rust_kjit: ######## Rust KJIT inits ########
[ 4576.576567] rust_kjit: golden tests/arm64/toy_cfg.s:hot_svc_mark PASS: 668 fragment bytes match harness
[ 4577.051164] kjit: 0 of 194 translation requests still queued at unload (freed by the kernel)
[ 4577.095182] rust_kjit: ######## Rust KJIT exits ########
[ 4577.383637] rust_kjit: ######## Rust KJIT inits ########
[ 4577.383830] rust_kjit: golden tests/arm64/toy_cfg.s:hot_svc_mark PASS: 668 fragment bytes match harness
[ 4577.859356] kjit: 0 of 194 translation requests still queued at unload (freed by the kernel)
[ 4577.899175] rust_kjit: ######## Rust KJIT exits ########
[ 4578.167182] rust_kjit: ######## Rust KJIT inits ########
[ 4578.167373] rust_kjit: golden tests/arm64/toy_cfg.s:hot_svc_mark PASS: 668 fragment bytes match harness
[ 4578.647346] kjit: 0 of 196 translation requests still queued at unload (freed by the kernel)
[ 4578.687131] rust_kjit: ######## Rust KJIT exits ########
[ 4578.959639] rust_kjit: ######## Rust KJIT inits ########
[ 4578.959842] rust_kjit: golden tests/arm64/toy_cfg.s:hot_svc_mark PASS: 668 fragment bytes match harness
[ 4579.436574] kjit: 0 of 195 translation requests still queued at unload (freed by the kernel)
[ 4579.471667] rust_kjit: ######## Rust KJIT exits ########
[ 4579.739378] rust_kjit: ######## Rust KJIT inits ########
[ 4579.739575] rust_kjit: golden tests/arm64/toy_cfg.s:hot_svc_mark PASS: 668 fragment bytes match harness
k4-adv: kill9 PASS: kill9 #1: server status 137;kill9 #2: server status 137;kill9 #3: server status 137;
k4:   kill9#1: hot: 3909905 fragment entries, 18935 syscalls in kernel before the event
k4:   kill9#2: hot: 3757107 fragment entries, 18106 syscalls in kernel before the event
k4:   kill9#3: hot: 3975994 fragment entries, 19386 syscalls in kernel before the event
k4:   kill9: in_kernel=103454/170690 syscalls (60.6%) entries=16210578 chains=16047095 chain_cap=0 translated=926 (entry_unsupported=0 compile=0 verify=0 capped=0 neg=0) invalidated=0 released=926
k4:   kill9: exits svc=103454 bl=6862372 blr=674602 br=1070230 ret=7499918 mem=2 unsupported=0 budget=0 invalid=0 svc_declined=0
k4:   kill9: fpsimd entries=747020 restores=2 exit_mem=2 refused_sve_sme=0
k4:   kill9: entries per hook call: 1-1:507 2-3:1620 4-7:3065 8-15:5765 16-31:13869 32-63:88173 64-127:6593 128-255:17447 256-511:26444 (chain_max since load 1024)
k4:   kill9: unsupported_top (word(exits/entry_stops)): 
k4-adv: sigterm PASS: TERM: server status 0;sigterm: shutdown and clean exit logged;
k4:   TERM: hot: 3712699 fragment entries, 17805 syscalls in kernel before the event
k4:   sigterm: in_kernel=35484/58174 syscalls (61.0%) entries=5589884 chains=5534360 chain_cap=0 translated=309 (entry_unsupported=0 compile=0 verify=0 capped=0 neg=0) invalidated=0 released=309
k4:   sigterm: exits svc=35484 bl=2367909 blr=231909 br=366908 ret=2587674 mem=0 unsupported=0 budget=0 invalid=0 svc_declined=0
k4:   sigterm: fpsimd entries=257497 restores=2 exit_mem=0 refused_sve_sme=0
k4:   sigterm: entries per hook call: 1-1:169 2-3:549 4-7:1021 8-15:1922 16-31:4629 32-63:29873 64-127:2189 128-255:5827 256-511:9345 (chain_max since load 1024)
k4:   sigterm: unsupported_top (word(exits/entry_stops)): 
k4-adv: sigusr1 PASS: USR1: server status 138;
k4:   USR1: hot: 4042480 fragment entries, 19721 syscalls in kernel before the event
k4:   sigusr1: in_kernel=35496/58090 syscalls (61.1%) entries=5583382 chains=5527817 chain_cap=0 translated=310 (entry_unsupported=0 compile=0 verify=0 capped=0 neg=0) invalidated=0 released=310
k4:   sigusr1: exits svc=35496 bl=2365052 blr=231583 br=366526 ret=2584723 mem=2 unsupported=0 budget=0 invalid=0 svc_declined=0
k4:   sigusr1: fpsimd entries=257205 restores=1 exit_mem=2 refused_sve_sme=0
k4:   sigusr1: entries per hook call: 1-1:169 2-3:539 4-7:1021 8-15:1922 16-31:4658 32-63:29922 64-127:2200 128-255:5806 256-511:9328 (chain_max since load 1024)
k4:   sigusr1: unsupported_top (word(exits/entry_stops)): 
k4-adv: stopcont PASS: stopcont: load status 0;dbsize 10045 digest a595c3aec0dfe15c636c10750e98bb92f179efe8;
k4:   stopcont: hot: 3875977 fragment entries, 18786 syscalls in kernel before the event
k4:   stopcont: in_kernel=4128842/4392535 syscalls (94.0%) entries=699641313 chains=695255898 chain_cap=0 translated=445 (entry_unsupported=0 compile=0 verify=0 capped=0 neg=0) invalidated=0 released=445
k4:   stopcont: exits svc=4128842 bl=305430282 blr=22543717 br=39083393 ret=328296984 mem=1 unsupported=158094 budget=0 invalid=0 svc_declined=0
k4:   stopcont: fpsimd entries=33561345 restores=1264 exit_mem=1 refused_sve_sme=0
k4:   stopcont: entries per hook call: 1-1:785 2-3:2007 4-7:1163 8-15:1942 16-31:182638 32-63:2128484 64-127:11025 128-255:36872 256-511:2020499 (chain_max since load 1024)
k4:   stopcont: unsupported_top (word(exits/entry_stops)): 0x9e630160(158082/0) 0xd503203f(12/0) 
k4-adv: segfault PASS: segfault: server status 139;crashed by signal: 11, si_code: 2;Accessing address: <page-aligned>;segfault: stack trace names debugCommand: yes;segfault: core files 1;
k4:   segfault: hot: 3943410 fragment entries, 19189 syscalls in kernel before the event
k4:   segfault: in_kernel=34890/58768 syscalls (59.4%) entries=5471402 chains=5416366 chain_cap=0 translated=309 (entry_unsupported=0 compile=0 verify=0 capped=0 neg=0) invalidated=0 released=309
k4:   segfault: exits svc=34890 bl=2316576 blr=227509 br=360369 ret=2532057 mem=1 unsupported=0 budget=0 invalid=0 svc_declined=0
k4:   segfault: fpsimd entries=252052 restores=0 exit_mem=1 refused_sve_sme=0
k4:   segfault: entries per hook call: 1-1:174 2-3:644 4-7:1022 8-15:1922 16-31:4692 32-63:29579 64-127:2188 128-255:5799 256-511:9016 (chain_max since load 1024)
k4:   segfault: unsupported_top (word(exits/entry_stops)): 
k4-adv: bgsave PASS: bgsave: load status 0;bgsave: before restart dbsize 10045 digest a595c3aec0dfe15c636c10750e98bb92f179efe8;bgsave: redis-check-rdb ok;bgsave: after restart dbsize 10045 digest a595c3aec0dfe15c636c10750
k4:   bgsave: hot: 3866695 fragment entries, 18670 syscalls in kernel before the event
k4:   bgsave: in_kernel=4128449/4398957 syscalls (93.9%) entries=695104106 chains=690719079 chain_cap=0 translated=445 (entry_unsupported=0 compile=0 verify=0 capped=0 neg=0) invalidated=0 released=445
k4:   bgsave: exits svc=4128449 bl=304498064 blr=21653742 br=38193234 ret=326472847 mem=25 unsupported=157745 budget=0 invalid=0 svc_declined=0
k4:   bgsave: fpsimd entries=33556638 restores=2293 exit_mem=25 refused_sve_sme=0
k4:   bgsave: entries per hook call: 1-1:905 2-3:2041 4-7:1191 8-15:1957 16-31:182143 32-63:2128687 64-127:11073 128-255:36811 256-511:2020219 (chain_max since load 1024)
k4:   bgsave: unsupported_top (word(exits/entry_stops)): 0x9e630160(157713/0) 0xd503203f(32/0) 
k4-adv: aofrw PASS: aofrw: load status 0;aofrw: before restart dbsize 10045 digest a595c3aec0dfe15c636c10750e98bb92f179efe8;aofrw: after restart from the AOF dbsize 10045 digest a595c3aec0dfe15c636c10750e98bb92f179efe8;
k4:   aofrw: hot: 4050076 fragment entries, 19758 syscalls in kernel before the event
k4:   aofrw: in_kernel=2939936/4530709 syscalls (64.9%) entries=714172765 chains=709659061 chain_cap=0 translated=588 (entry_unsupported=0 compile=0 verify=0 capped=0 neg=0) invalidated=0 released=588
k4:   aofrw: exits svc=2939936 bl=325483741 blr=17004066 br=37818345 ret=329467068 mem=5 unsupported=1459604 budget=0 invalid=0 svc_declined=0
k4:   aofrw: fpsimd entries=36542235 restores=2481 exit_mem=5 refused_sve_sme=0
k4:   aofrw: entries per hook call: 1-1:873 2-3:2570 4-7:1957 8-15:4630 16-31:184274 32-63:2248887 64-127:11578 128-255:43821 256-511:2015114 (chain_max since load 1024)
k4:   aofrw: unsupported_top (word(exits/entry_stops)): 0xfc6c79c0(1414789/0) 0x9e630160(44802/0) 0xd503203f(13/0) 
k4-adv: config PASS: config: 5 module load/unload and config set rounds ok;config: load status 0; misc module still loaded: 0;dbsize 10045 digest a595c3aec0dfe15c636c10750e98bb92f179efe8;
k4:   config: hot: 3686730 fragment entries, 17804 syscalls in kernel before the event
k4:   config: in_kernel=4273798/4642905 syscalls (92.1%) entries=712002712 chains=707376399 chain_cap=0 translated=495 (entry_unsupported=0 compile=0 verify=0 capped=0 neg=0) invalidated=12 released=483
k4:   config: exits svc=4273799 bl=312377179 blr=21934478 br=39010985 ret=334159383 mem=1 unsupported=246887 budget=0 invalid=0 svc_declined=1
k4:   config: fpsimd entries=34043077 restores=76280 exit_mem=1 refused_sve_sme=0
k4:   config: entries per hook call: 1-1:1170 2-3:2226 4-7:1312 8-15:2323 16-31:168523 32-63:2256197 64-127:136034 128-255:37084 256-511:2021444 (chain_max since load 1024)
k4:   config: unsupported_top (word(exits/entry_stops)): 0x9e630160(125410/0) 0xbc237800(121458/0) 0xd503203f(19/0) 
k4-adv: reload PASS: reload: 5 unloads under load; load status 0; ping PONG;dbsize 10045 digest 8630698fcae208583f0c9e6fe598b8d0226d4767;
k4:   reload: hot: 3850103 fragment entries, 18623 syscalls in kernel before the event
k4:   reload: counters of the last load: syscalls_in_kernel 5258553 fragment_entries 882763400 exit_invalid 0 translate_verify_rejected 0 
k4-adv: maxmemory PASS: maxmemory: evicted yes;maxmemory: used within 32mb+1mb yes;maxmemory: noeviction write: OOM command not allowed when used memory;maxmemory: after lifting the limit: OK;
k4:   maxmemory: hot: 3687889 fragment entries, 16419 syscalls in kernel before the event
k4:   maxmemory: in_kernel=753035/837301 syscalls (89.9%) entries=180775601 chains=179942512 chain_cap=0 translated=358 (entry_unsupported=0 compile=0 verify=0 capped=0 neg=0) invalidated=0 released=358
k4:   maxmemory: exits svc=753035 bl=77395161 blr=7624933 br=9967970 ret=85003495 mem=4925 unsupported=26082 budget=0 invalid=0 svc_declined=0
k4:   maxmemory: fpsimd entries=9044776 restores=0 exit_mem=4925 refused_sve_sme=0
k4:   maxmemory: entries per hook call: 1-1:150 2-3:764 4-7:801 8-15:1289 16-31:34183 32-63:398533 64-127:9267 128-255:23619 256-511:335372 512-1023:29111 (chain_max since load 720)
k4:   maxmemory: unsupported_top (word(exits/entry_stops)): 0x9e630160(26073/0) 0xd503203f(6/0) 0x9e630061(3/0) 
k4-adv: ALL PASS
k4: iteration 3 PASS
k4: final stats
k4:   syscalls_in_kernel 6011588
k4:   fragment_entries 1063539001
k4:   chains 1057130907
k4:   chain_cap 0
k4:   exit_svc 6011588
k4:   exit_bl 464918569
k4:   exit_blr 34461583
k4:   exit_br 58137955
k4:   exit_ret 499776963
k4:   exit_mem 4926
k4:   exit_unsupported 227417
k4:   exit_budget 0
k4:   exit_invalid 0
k4:   svc_declined 0
k4:   translate_ok 748
k4:   translate_exists 0
k4:   translate_text_unreadable 0
k4:   translate_entry_unsupported 0
k4:   translate_compile_failed 0
k4:   translate_encode_failed 0
k4:   translate_verify_rejected 0
k4:   translate_verify_falls_off_end 0
k4:   translate_raced 0
k4:   translate_capped 0
k4:   translate_install_failed 0
k4:   invalidated_fragments 0
k4:   released_fragments 748
k4:   svc_sites_scanned 0
k4:   auto_mm_created 73
k4:   auto_mm_setup_failed 0
k4:   auto_prof_full 0
k4:   auto_hot_negative 0
k4:   auto_hot_capped 0
k4:   auto_hot_queue_full 0
k4:   auto_req_svc_resume 8
k4:   auto_req_exit_target 740
k4:   auto_req_dropped 0
k4:   auto_req_stale 0
k4:   auto_neg_added 0
k4:   auto_neg_evicted 0
k4:   auto_translate_ns 558049461
k4:   unsupported_top_dropped 0
k4:   unsupported_bad_word 0
k4:   fpsimd_entries 51877324
k4:   fpsimd_restores 3411
k4:   fpsimd_exit_mem 4926
k4:   fpsimd_refused_sve_sme 0
k4:   hook_calls 6418568
k4:   fpsimd_run_max_ns 136500
k4:   chain_max 720
k4:   chain_hist_1_1 770
k4:   chain_hist_2_3 3087
k4:   chain_hist_4_7 1714
k4:   chain_hist_8_15 2590
k4:   chain_hist_16_31 263867
k4:   chain_hist_32_63 3099428
k4:   chain_hist_64_127 22747
k4:   chain_hist_128_255 68037
k4:   chain_hist_256_511 2916743
k4:   chain_hist_512_1023 29111
k4: ALL PASS (3 iterations, 100000 requests per benchmark test)
[ 4824.456532] kjit: 0 of 748 translation requests still queued at unload (freed by the kernel)
[ 4824.484441] rust_kjit: ######## Rust KJIT exits ########
kjit-init: rmmod kjit ok
kjit-init: run exit=0
[ 4824.578002] reboot: Power down
guest-run: PASS (/Volumes/CaseSentitiveLocal/kjit-build/runs/k4-kjit-guest-debug-20260927-171337/campaign/serial.log)
