k4-adv: kill9 PASS: kill9 #1: server status 137;kill9 #2: server status 137;kill9 #3: server status 137;
k4:   kill9#1: hot: 9383774 fragment entries, 0 syscalls in kernel before the event
k4:   kill9#2: hot: 9293011 fragment entries, 0 syscalls in kernel before the event
k4:   kill9#3: hot: 9482448 fragment entries, 0 syscalls in kernel before the event
k4:   kill9: in_kernel=0/1970007 syscalls (0.0%) entries=33266847 chains=31304113 chain_cap=1950788 translated=198 (entry_unsupported=0 compile=0 verify=0 capped=0 neg=0) invalidated=0 released=198
k4:   kill9: exits svc=0 bl=14460097 blr=454037 br=1012968 ret=17339745 mem=0 unsupported=0 budget=0 invalid=0 svc_declined=0
k4:   kill9: fpsimd entries=931195 restores=1 exit_mem=0 refused_sve_sme=0
k4:   kill9: unsupported_top (word(exits/entry_stops)): 
k4-adv: sigterm PASS: TERM: server status 0;sigterm: shutdown and clean exit logged;
k4:   TERM: hot: 9373149 fragment entries, 0 syscalls in kernel before the event
k4:   sigterm: in_kernel=0/668951 syscalls (0.0%) entries=11292601 chains=10626369 chain_cap=662240 translated=66 (entry_unsupported=0 compile=0 verify=0 capped=0 neg=0) invalidated=0 released=66
k4:   sigterm: exits svc=0 bl=4891970 blr=187162 br=337678 ret=5875791 mem=0 unsupported=0 budget=0 invalid=0 svc_declined=0
k4:   sigterm: fpsimd entries=310420 restores=0 exit_mem=0 refused_sve_sme=0
k4:   sigterm: unsupported_top (word(exits/entry_stops)): 
k4-adv: sigusr1 PASS: USR1: server status 138;
k4:   USR1: hot: 9590780 fragment entries, 0 syscalls in kernel before the event
k4:   sigusr1: in_kernel=0/671424 syscalls (0.0%) entries=11337539 chains=10668671 chain_cap=664886 translated=66 (entry_unsupported=0 compile=0 verify=0 capped=0 neg=0) invalidated=0 released=66
k4:   sigusr1: exits svc=0 bl=4918613 blr=173518 br=341264 ret=5904144 mem=0 unsupported=0 budget=0 invalid=0 svc_declined=0
k4:   sigusr1: fpsimd entries=314009 restores=1 exit_mem=0 refused_sve_sme=0
k4:   sigusr1: unsupported_top (word(exits/entry_stops)): 
k4-adv: stopcont PASS: stopcont: load status 0;dbsize 10045 digest a595c3aec0dfe15c636c10750e98bb92f179efe8;
k4:   stopcont: hot: 9157148 fragment entries, 0 syscalls in kernel before the event
k4:   stopcont: in_kernel=0/4544634 syscalls (0.0%) entries=77142893 chains=72602366 chain_cap=4535665 translated=66 (entry_unsupported=0 compile=0 verify=0 capped=0 neg=0) invalidated=0 released=66
k4:   stopcont: exits svc=0 bl=33537696 blr=998257 br=2139242 ret=40467698 mem=0 unsupported=0 budget=0 invalid=0 svc_declined=0
k4:   stopcont: fpsimd entries=2111969 restores=0 exit_mem=0 refused_sve_sme=0
k4:   stopcont: unsupported_top (word(exits/entry_stops)): 
k4-adv: segfault PASS: segfault: server status 139;crashed by signal: 11, si_code: 2;Accessing address: <page-aligned>;segfault: stack trace names debugCommand: yes;segfault: core files 1;
k4:   segfault: hot: 9087637 fragment entries, 0 syscalls in kernel before the event
k4:   segfault: in_kernel=0/644015 syscalls (0.0%) entries=10849296 chains=10209057 chain_cap=636147 translated=66 (entry_unsupported=0 compile=0 verify=0 capped=0 neg=0) invalidated=0 released=66
k4:   segfault: exits svc=0 bl=4704262 blr=171355 br=327261 ret=5646418 mem=0 unsupported=0 budget=0 invalid=0 svc_declined=0
k4:   segfault: fpsimd entries=300005 restores=0 exit_mem=0 refused_sve_sme=0
k4:   segfault: unsupported_top (word(exits/entry_stops)): 
k4-adv: bgsave PASS: bgsave: load status 0;bgsave: before restart dbsize 10045 digest a595c3aec0dfe15c636c10750e98bb92f179efe8;bgsave: redis-check-rdb ok;bgsave: after restart dbsize 10045 digest a595c3aec0dfe15c636c10750
k4:   bgsave: hot: 9347210 fragment entries, 0 syscalls in kernel before the event
k4:   bgsave: in_kernel=0/4516032 syscalls (0.0%) entries=76537225 chains=72032168 chain_cap=4500020 translated=66 (entry_unsupported=0 compile=0 verify=0 capped=0 neg=0) invalidated=0 released=66
k4:   bgsave: exits svc=0 bl=33323976 blr=891133 br=2139250 ret=40182866 mem=0 unsupported=0 budget=0 invalid=0 svc_declined=0
k4:   bgsave: fpsimd entries=2111995 restores=0 exit_mem=0 refused_sve_sme=0
k4:   bgsave: unsupported_top (word(exits/entry_stops)): 
k4-adv: aofrw PASS: aofrw: load status 0;aofrw: before restart dbsize 10045 digest a595c3aec0dfe15c636c10750e98bb92f179efe8;aofrw: after restart from the AOF dbsize 10045 digest a595c3aec0dfe15c636c10750e98bb92f179efe8;
k4:   aofrw: hot: 9335140 fragment entries, 0 syscalls in kernel before the event
k4:   aofrw: in_kernel=0/4617486 syscalls (0.0%) entries=78235078 chains=73627431 chain_cap=4597034 translated=119 (entry_unsupported=0 compile=0 verify=0 capped=0 neg=0) invalidated=0 released=119
k4:   aofrw: exits svc=0 bl=34278382 blr=822656 br=2140503 ret=40993537 mem=0 unsupported=0 budget=0 invalid=0 svc_declined=0
k4:   aofrw: fpsimd entries=2353984 restores=5926 exit_mem=0 refused_sve_sme=0
k4:   aofrw: unsupported_top (word(exits/entry_stops)): 
k4-adv: config PASS: config: 5 module load/unload and config set rounds ok;config: load status 0; misc module still loaded: 0;dbsize 10045 digest a595c3aec0dfe15c636c10750e98bb92f179efe8;
k4:   config: hot: 8244380 fragment entries, 0 syscalls in kernel before the event
k4:   config: in_kernel=0/4673867 syscalls (0.0%) entries=79184743 chains=74523496 chain_cap=4655470 translated=73 (entry_unsupported=0 compile=0 verify=0 capped=0 neg=0) invalidated=0 released=73
k4:   config: exits svc=0 bl=34584860 blr=705239 br=2328480 ret=41566164 mem=0 unsupported=0 budget=0 invalid=0 svc_declined=0
k4:   config: fpsimd entries=2220771 restores=0 exit_mem=0 refused_sve_sme=0
k4:   config: unsupported_top (word(exits/entry_stops)): 
k4-adv: reload PASS: reload: 5 unloads under load; load status 0; ping PONG;dbsize 10045 digest 8630698fcae208583f0c9e6fe598b8d0226d4767;
k4:   reload: hot: 9303247 fragment entries, 0 syscalls in kernel before the event
k4:   reload: counters of the last load: syscalls_in_kernel 0 fragment_entries 67348834 exit_invalid 0 translate_verify_rejected 0 
k4-adv: maxmemory PASS: maxmemory: evicted yes;maxmemory: used within 32mb+1mb yes;maxmemory: noeviction write: OOM command not allowed when used memory;maxmemory: after lifting the limit: OK;
k4:   maxmemory: hot: 6663693 fragment entries, 0 syscalls in kernel before the event
k4:   maxmemory: in_kernel=0/841141 syscalls (0.0%) entries=14215388 chains=13377718 chain_cap=834814 translated=46 (entry_unsupported=0 compile=0 verify=0 capped=0 neg=0) invalidated=0 released=46
k4:   maxmemory: exits svc=0 bl=6214936 blr=111917 br=399014 ret=7489521 mem=0 unsupported=0 budget=0 invalid=0 svc_declined=0
k4:   maxmemory: fpsimd entries=398950 restores=0 exit_mem=0 refused_sve_sme=0
k4:   maxmemory: unsupported_top (word(exits/entry_stops)): 
k4-adv: ALL PASS
