[    0.000000] Booting Linux on physical CPU 0x0000000000 [0x610f0000]
[    0.000000] Linux version 7.1.0-rc1+ (@kjit-dev-container) (Ubuntu clang version 18.1.3 (1ubuntu1), Ubuntu LLD 18.1.3) #1 SMP PREEMPT Fri Oct  9 14:56:16 UTC 2026
[    0.000000] random: crng init done
[    0.000000] Machine model: linux,dummy-virt
[    0.000000] OF: reserved mem: Reserved memory: No reserved-memory node in the DT
[    0.000000] psci: probing for conduit method from DT.
[    0.000000] psci: PSCIv1.1 detected in firmware.
[    0.000000] psci: Using standard PSCI v0.2 function IDs
[    0.000000] psci: Trusted OS migration not required
[    0.000000] psci: SMC Calling Convention v1.0
[    0.000000] Zone ranges:
[    0.000000]   Normal   [mem 0x0000000040000000-0x000000013fffffff]
[    0.000000] Movable zone start for each node
[    0.000000] Early memory node ranges
[    0.000000]   node   0: [mem 0x0000000040000000-0x000000013fffffff]
[    0.000000] Initmem setup node 0 [mem 0x0000000040000000-0x000000013fffffff]
[    0.000000] percpu: Embedded 19 pages/cpu s38488 r8192 d31144 u77824
[    0.000000] Detected PIPT I-cache on CPU0
[    0.000000] CPU features: detected: Address authentication (IMP DEF algorithm)
[    0.000000] CPU features: detected: Spectre-v4
[    0.000000] CPU features: detected: Spectre-BHB
[    0.000000] alternatives: applying boot alternatives
[    0.000000] Kernel command line: console=ttyAMA0 panic=-1 nokaslr
[    0.000000] Unknown kernel command line parameters "nokaslr", will be passed to user space.
[    0.000000] printk: log buffer data + meta data: 131072 + 458752 = 589824 bytes
[    0.000000] Dentry cache hash table entries: 524288 (order: 10, 4194304 bytes, linear)
[    0.000000] Inode-cache hash table entries: 262144 (order: 9, 2097152 bytes, linear)
[    0.000000] software IO TLB: SWIOTLB bounce buffer size adjusted to 4MB
[    0.000000] software IO TLB: area num 4.
[    0.000000] software IO TLB: mapped [mem 0x000000013ac00000-0x000000013b000000] (4MB)
[    0.000000] Built 1 zonelists, mobility grouping on.  Total pages: 1048576
[    0.000000] mem auto-init: stack:all(zero), heap alloc:off, heap free:off
[    0.000000] SLUB: HWalign=64, Order=0-3, MinObjects=0, CPUs=4, Nodes=1
[    0.000000] rcu: Preemptible hierarchical RCU implementation.
[    0.000000] rcu: 	RCU restricting CPUs from NR_CPUS=512 to nr_cpu_ids=4.
[    0.000000] rcu: RCU calculated value of scheduler-enlistment delay is 25 jiffies.
[    0.000000] rcu: Adjusting geometry for rcu_fanout_leaf=16, nr_cpu_ids=4
[    0.000000] NR_IRQS: 64, nr_irqs: 64, preallocated irqs: 0
[    0.000000] Root IRQ handler: gic_handle_irq
[    0.000000] GICv2m: range[mem 0x08020000-0x08020fff], SPI[80:143]
[    0.000000] rcu: srcu_init: Setting srcu_struct sizes based on contention.
[    0.000000] arch_timer: cp15 timer running at 24.00MHz (virt).
[    0.000000] clocksource: arch_sys_counter: mask: 0xffffffffffffff max_cycles: 0x588fe9dc0, max_idle_ns: 440795202592 ns
[    0.000000] sched_clock: 56 bits at 24MHz, resolution 41ns, wraps every 4398046511097ns
[    0.000091] Console: colour dummy device 80x25
[    0.000097] Calibrating delay loop (skipped), value calculated using timer frequency.. 48.00 BogoMIPS (lpj=96000)
[    0.000100] pid_max: default: 32768 minimum: 301
[    0.000228] Mount-cache hash table entries: 8192 (order: 4, 65536 bytes, linear)
[    0.000238] Mountpoint-cache hash table entries: 8192 (order: 4, 65536 bytes, linear)
[    0.000311] VFS: Finished mounting rootfs on nullfs
[    0.000453] cacheinfo: Unable to detect cache hierarchy for CPU 0
[    0.000575] rcu: Hierarchical SRCU implementation.
[    0.000576] rcu: 	Max phase no-delay instances is 1000.
[    0.000594] Timer migration: 1 hierarchy levels; 8 children per group; 1 crossnode level
[    0.000628] smp: Bringing up secondary CPUs ...
[    0.000829] Detected PIPT I-cache on CPU1
[    0.000930] CPU1: Booted secondary processor 0x0000000001 [0x610f0000]
[    0.001257] Detected PIPT I-cache on CPU2
[    0.001371] CPU2: Booted secondary processor 0x0000000002 [0x610f0000]
[    0.001627] Detected PIPT I-cache on CPU3
[    0.001739] CPU3: Booted secondary processor 0x0000000003 [0x610f0000]
[    0.001883] smp: Brought up 1 node, 4 CPUs
[    0.001884] SMP: Total of 4 processors activated.
[    0.001884] CPU: All CPU(s) started at EL1
[    0.001885] CPU features: detected: ARMv8.4 Translation Table Level
[    0.001886] CPU features: detected: Data cache clean to the PoU not required for I/D coherence
[    0.001886] CPU features: detected: CRC32 instructions
[    0.001886] CPU features: detected: Data independent timing control (DIT)
[    0.001887] CPU features: detected: E0PD
[    0.001887] CPU features: detected: Generic authentication (IMP DEF algorithm)
[    0.001887] CPU features: detected: RCpc load-acquire (LDAPR)
[    0.001888] CPU features: detected: LSE atomic instructions
[    0.001888] CPU features: detected: Privileged Access Never
[    0.001888] CPU features: detected: Speculation barrier (SB)
[    0.001889] CPU features: detected: TLB range maintenance instructions
[    0.001889] CPU features: detected: XNX
[    0.002057] alternatives: applying system-wide alternatives
[    0.003122] Memory: 3910752K/4194304K available (5248K kernel code, 754K rwdata, 2356K rodata, 576K init, 405K bss, 280372K reserved, 0K cma-reserved)
[    0.003432] devtmpfs: initialized
[    0.003743] clocksource: jiffies: mask: 0xffffffff max_cycles: 0xffffffff, max_idle_ns: 7645041785100000 ns
[    0.003747] posixtimers hash table entries: 2048 (order: 3, 32768 bytes, linear)
[    0.003767] futex hash table entries: 1024 (65536 bytes on 1 NUMA nodes, total 64 KiB, linear).
[    0.003777] 30384 pages in range for non-PLT usage
[    0.003778] 521904 pages in range for PLT usage
[    0.003844] NET: Registered PF_NETLINK/PF_ROUTE protocol family
[    0.004246] DMA: preallocated 512 KiB GFP_KERNEL pool for atomic allocations
[    0.004289] ASID allocator initialised with 256 entries
[    0.004297] Serial: AMBA PL011 UART driver
[    0.004845] 9000000.pl011: ttyAMA0 at MMIO 0x9000000 (irq = 13, base_baud = 0) is a PL011 rev1
[    0.004973] printk: console [ttyAMA0] enabled
[    0.011072] vgaarb: loaded
[    0.011387] clocksource: Switched to clocksource arch_sys_counter
[    0.013516] NET: Registered PF_INET protocol family
[    0.013620] IP idents hash table entries: 65536 (order: 7, 524288 bytes, linear)
[    0.014055] tcp_listen_portaddr_hash hash table entries: 2048 (order: 3, 32768 bytes, linear)
[    0.014061] Table-perturb hash table entries: 65536 (order: 6, 262144 bytes, linear)
[    0.014064] TCP established hash table entries: 32768 (order: 6, 262144 bytes, linear)
[    0.014115] TCP bind hash table entries: 32768 (order: 8, 1048576 bytes, linear)
[    0.014321] TCP: Hash tables configured (established 32768 bind 32768)
[    0.014356] UDP hash table entries: 2048 (order: 5, 131072 bytes, linear)
[    0.014404] NET: Registered PF_UNIX/PF_LOCAL protocol family
[    0.014410] PCI: CLS 0 bytes, default 64
[    0.014816] Unpacking initramfs...
[    0.019686] workingset: timestamp_bits=46 (anon: 42) max_order=20 bucket_order=0 (anon: 0)
[    0.019914] 9p: Installing v9fs 9p2000 file system support
[    0.023807] pci-host-generic 4010000000.pcie: host bridge /pcie@10000000 ranges:
[    0.023815] pci-host-generic 4010000000.pcie:       IO 0x003eff0000..0x003effffff -> 0x0000000000
[    0.023818] pci-host-generic 4010000000.pcie:      MEM 0x0010000000..0x003efeffff -> 0x0010000000
[    0.023819] pci-host-generic 4010000000.pcie:      MEM 0x8000000000..0xffffffffff -> 0x8000000000
[    0.023830] pci-host-generic 4010000000.pcie: Memory resource size exceeds max for 32 bits
[    0.023841] pci-host-generic 4010000000.pcie: ECAM at [mem 0x4010000000-0x401fffffff] for [bus 00-ff]
[    0.023872] pci-host-generic 4010000000.pcie: PCI host bridge to bus 0000:00
[    0.023873] pci_bus 0000:00: root bus resource [bus 00-ff]
[    0.023874] pci_bus 0000:00: root bus resource [io  0x0000-0xffff]
[    0.023875] pci_bus 0000:00: root bus resource [mem 0x10000000-0x3efeffff]
[    0.023875] pci_bus 0000:00: root bus resource [mem 0x8000000000-0xffffffffff]
[    0.023930] pci 0000:00:00.0: [1b36:0008] type 00 class 0x060000 conventional PCI endpoint
[    0.024418] pci 0000:00:01.0: [1af4:1000] type 00 class 0x020000 conventional PCI endpoint
[    0.024610] pci 0000:00:01.0: BAR 0 [io  0x0000-0x001f]
[    0.024614] pci 0000:00:01.0: BAR 1 [mem 0x00000000-0x00000fff]
[    0.024623] pci 0000:00:01.0: BAR 4 [mem 0x00000000-0x00003fff 64bit pref]
[    0.024625] pci 0000:00:01.0: ROM [mem 0x00000000-0x0003ffff pref]
[    0.025083] pci 0000:00:02.0: [1af4:1009] type 00 class 0x000200 conventional PCI endpoint
[    0.025270] pci 0000:00:02.0: BAR 0 [io  0x0000-0x003f]
[    0.025274] pci 0000:00:02.0: BAR 1 [mem 0x00000000-0x00000fff]
[    0.025294] pci 0000:00:02.0: BAR 4 [mem 0x00000000-0x00003fff 64bit pref]
[    0.025632] pci 0000:00:03.0: [1af4:1005] type 00 class 0x00ff00 conventional PCI endpoint
[    0.025727] pci 0000:00:03.0: BAR 0 [io  0x0000-0x001f]
[    0.025730] pci 0000:00:03.0: BAR 1 [mem 0x00000000-0x00000fff]
[    0.025741] pci 0000:00:03.0: BAR 4 [mem 0x00000000-0x00003fff 64bit pref]
[    0.026207] pci 0000:00:01.0: ROM [mem 0x10000000-0x1003ffff pref]: assigned
[    0.026209] pci 0000:00:01.0: BAR 4 [mem 0x8000000000-0x8000003fff 64bit pref]: assigned
[    0.026316] pci 0000:00:02.0: BAR 4 [mem 0x8000004000-0x8000007fff 64bit pref]: assigned
[    0.026340] pci 0000:00:03.0: BAR 4 [mem 0x8000008000-0x800000bfff 64bit pref]: assigned
[    0.026382] pci 0000:00:01.0: BAR 1 [mem 0x10040000-0x10040fff]: assigned
[    0.026385] pci 0000:00:02.0: BAR 1 [mem 0x10041000-0x10041fff]: assigned
[    0.026389] pci 0000:00:03.0: BAR 1 [mem 0x10042000-0x10042fff]: assigned
[    0.026393] pci 0000:00:02.0: BAR 0 [io  0x1000-0x103f]: assigned
[    0.026397] pci 0000:00:01.0: BAR 0 [io  0x1040-0x105f]: assigned
[    0.026401] pci 0000:00:03.0: BAR 0 [io  0x1060-0x107f]: assigned
[    0.026429] pci_bus 0000:00: resource 4 [io  0x0000-0xffff]
[    0.026431] pci_bus 0000:00: resource 5 [mem 0x10000000-0x3efeffff]
[    0.026432] pci_bus 0000:00: resource 6 [mem 0x8000000000-0xffffffffff]
[    0.028305] virtio-pci 0000:00:01.0: enabling device (0000 -> 0003)
[    0.029331] virtio-pci 0000:00:02.0: enabling device (0000 -> 0003)
[    0.030301] virtio-pci 0000:00:03.0: enabling device (0000 -> 0003)
[    0.041024] rtc-pl031 9010000.pl031: registered as rtc0
[    0.041037] rtc-pl031 9010000.pl031: setting system clock to 2026-10-10T01:41:00 UTC (1791596460)
[    0.041163] NET: Registered PF_INET6 protocol family
[    0.041529] Segment Routing with IPv6
[    0.041532] In-situ OAM (IOAM) with IPv6
[    0.041541] sit: IPv6, IPv4 and MPLS over IPv4 tunneling driver
[    0.041597] NET: Registered PF_PACKET protocol family
[    0.041603] 9pnet: Installing 9P2000 support
[    0.047130] clk: Disabling unused clocks
[    0.117920] Freeing initrd memory: 185352K
[    0.118455] Freeing unused kernel memory: 576K
[    0.118542] Run /init as init process
[    0.138155] kjit: loading out-of-tree module taints kernel.
[    0.139461] rust_kjit: ######## Rust KJIT inits ########
[    0.139552] rust_kjit: golden tests/arm64/toy_cfg.s:hot_svc_mark PASS: 844 fragment bytes match harness
kjit-init: insmod kjit.ko ok
exp1 exp_loop ps_per_op median=323 min=319 (outer=20000000 trips_per_outer=1 ops=1)
exp1 exp_pan_pair ps_per_op median=4225 min=4137 (outer=4000000 trips_per_outer=1 ops=1)
exp1 exp_ssbs_pair ps_per_op median=22040 min=21572 (outer=909090 trips_per_outer=1 ops=1)
[    0.472335] kjit: 0 of 0 translation requests still queued at unload (freed by the kernel)
[    0.516207] rust_kjit: ######## Rust KJIT exits ########
kjit-init: rmmod kjit ok
kjit-init: run exit=0
[    0.525723] reboot: Power down
