[    0.000000] Booting Linux on physical CPU 0x0000000000 [0x610f0000]
[    0.000000] Linux version 7.1.0-rc1+ (@kjit-dev-container) (Ubuntu clang version 18.1.3 (1ubuntu1), Ubuntu LLD 18.1.3) #2 SMP PREEMPT Sat Oct 10 02:33:24 UTC 2026
[    0.000000] random: crng init done
[    0.000000] Machine model: linux,dummy-virt
[    0.000000] OF: reserved mem: Reserved memory: No reserved-memory node in the DT
[    0.000000] psci: probing for conduit method from DT.
[    0.000000] psci: PSCIv1.1 detected in firmware.
[    0.000000] psci: Using standard PSCI v0.2 function IDs
[    0.000000] psci: Trusted OS migration not required
[    0.000000] psci: SMC Calling Convention v1.0
[    0.000000] Zone ranges:
[    0.000000]   Normal   [mem 0x0000000040000000-0x000000013fffffff]
[    0.000000] Movable zone start for each node
[    0.000000] Early memory node ranges
[    0.000000]   node   0: [mem 0x0000000040000000-0x000000013fffffff]
[    0.000000] Initmem setup node 0 [mem 0x0000000040000000-0x000000013fffffff]
[    0.000000] percpu: Embedded 19 pages/cpu s38488 r8192 d31144 u77824
[    0.000000] Detected PIPT I-cache on CPU0
[    0.000000] CPU features: detected: Address authentication (IMP DEF algorithm)
[    0.000000] CPU features: detected: Spectre-v4
[    0.000000] CPU features: detected: Spectre-BHB
[    0.000000] alternatives: applying boot alternatives
[    0.000000] Kernel command line: console=ttyAMA0 panic=-1 nokaslr
[    0.000000] Unknown kernel command line parameters "nokaslr", will be passed to user space.
[    0.000000] printk: log buffer data + meta data: 131072 + 458752 = 589824 bytes
[    0.000000] Dentry cache hash table entries: 524288 (order: 10, 4194304 bytes, linear)
[    0.000000] Inode-cache hash table entries: 262144 (order: 9, 2097152 bytes, linear)
[    0.000000] software IO TLB: SWIOTLB bounce buffer size adjusted to 4MB
[    0.000000] software IO TLB: area num 4.
[    0.000000] software IO TLB: mapped [mem 0x000000013ac00000-0x000000013b000000] (4MB)
[    0.000000] Built 1 zonelists, mobility grouping on.  Total pages: 1048576
[    0.000000] mem auto-init: stack:all(zero), heap alloc:off, heap free:off
[    0.000000] SLUB: HWalign=64, Order=0-3, MinObjects=0, CPUs=4, Nodes=1
[    0.000000] rcu: Preemptible hierarchical RCU implementation.
[    0.000000] rcu: 	RCU restricting CPUs from NR_CPUS=512 to nr_cpu_ids=4.
[    0.000000] rcu: RCU calculated value of scheduler-enlistment delay is 25 jiffies.
[    0.000000] rcu: Adjusting geometry for rcu_fanout_leaf=16, nr_cpu_ids=4
[    0.000000] NR_IRQS: 64, nr_irqs: 64, preallocated irqs: 0
[    0.000000] Root IRQ handler: gic_handle_irq
[    0.000000] GICv2m: range[mem 0x08020000-0x08020fff], SPI[80:143]
[    0.000000] rcu: srcu_init: Setting srcu_struct sizes based on contention.
[    0.000000] arch_timer: cp15 timer running at 24.00MHz (virt).
[    0.000000] clocksource: arch_sys_counter: mask: 0xffffffffffffff max_cycles: 0x588fe9dc0, max_idle_ns: 440795202592 ns
[    0.000000] sched_clock: 56 bits at 24MHz, resolution 41ns, wraps every 4398046511097ns
[    0.000092] Console: colour dummy device 80x25
[    0.000099] Calibrating delay loop (skipped), value calculated using timer frequency.. 48.00 BogoMIPS (lpj=96000)
[    0.000103] pid_max: default: 32768 minimum: 301
[    0.000224] Mount-cache hash table entries: 8192 (order: 4, 65536 bytes, linear)
[    0.000231] Mountpoint-cache hash table entries: 8192 (order: 4, 65536 bytes, linear)
[    0.000302] VFS: Finished mounting rootfs on nullfs
[    0.000471] cacheinfo: Unable to detect cache hierarchy for CPU 0
[    0.000572] rcu: Hierarchical SRCU implementation.
[    0.000572] rcu: 	Max phase no-delay instances is 1000.
[    0.000589] Timer migration: 1 hierarchy levels; 8 children per group; 1 crossnode level
[    0.000621] smp: Bringing up secondary CPUs ...
[    0.000838] Detected PIPT I-cache on CPU1
[    0.000931] CPU1: Booted secondary processor 0x0000000001 [0x610f0000]
[    0.001191] Detected PIPT I-cache on CPU2
[    0.001281] CPU2: Booted secondary processor 0x0000000002 [0x610f0000]
[    0.001479] Detected PIPT I-cache on CPU3
[    0.001582] CPU3: Booted secondary processor 0x0000000003 [0x610f0000]
[    0.001652] smp: Brought up 1 node, 4 CPUs
[    0.001654] SMP: Total of 4 processors activated.
[    0.001654] CPU: All CPU(s) started at EL1
[    0.001655] CPU features: detected: ARMv8.4 Translation Table Level
[    0.001655] CPU features: detected: Data cache clean to the PoU not required for I/D coherence
[    0.001655] CPU features: detected: CRC32 instructions
[    0.001656] CPU features: detected: Data independent timing control (DIT)
[    0.001656] CPU features: detected: E0PD
[    0.001657] CPU features: detected: Generic authentication (IMP DEF algorithm)
[    0.001657] CPU features: detected: RCpc load-acquire (LDAPR)
[    0.001657] CPU features: detected: LSE atomic instructions
[    0.001658] CPU features: detected: Privileged Access Never
[    0.001658] CPU features: detected: Speculation barrier (SB)
[    0.001658] CPU features: detected: TLB range maintenance instructions
[    0.001659] CPU features: detected: XNX
[    0.001754] alternatives: applying system-wide alternatives
[    0.002857] Memory: 3909756K/4194304K available (5248K kernel code, 754K rwdata, 2356K rodata, 576K init, 405K bss, 281368K reserved, 0K cma-reserved)
[    0.003176] devtmpfs: initialized
[    0.003466] clocksource: jiffies: mask: 0xffffffff max_cycles: 0xffffffff, max_idle_ns: 7645041785100000 ns
[    0.003472] posixtimers hash table entries: 2048 (order: 3, 32768 bytes, linear)
[    0.003489] futex hash table entries: 1024 (65536 bytes on 1 NUMA nodes, total 64 KiB, linear).
[    0.003495] 30384 pages in range for non-PLT usage
[    0.003496] 521904 pages in range for PLT usage
[    0.003555] NET: Registered PF_NETLINK/PF_ROUTE protocol family
[    0.003865] DMA: preallocated 512 KiB GFP_KERNEL pool for atomic allocations
[    0.003904] ASID allocator initialised with 256 entries
[    0.003912] Serial: AMBA PL011 UART driver
[    0.004318] 9000000.pl011: ttyAMA0 at MMIO 0x9000000 (irq = 13, base_baud = 0) is a PL011 rev1
[    0.004550] printk: console [ttyAMA0] enabled
[    0.009708] vgaarb: loaded
[    0.009953] clocksource: Switched to clocksource arch_sys_counter
[    0.020358] NET: Registered PF_INET protocol family
[    0.020481] IP idents hash table entries: 65536 (order: 7, 524288 bytes, linear)
[    0.020901] tcp_listen_portaddr_hash hash table entries: 2048 (order: 3, 32768 bytes, linear)
[    0.020907] Table-perturb hash table entries: 65536 (order: 6, 262144 bytes, linear)
[    0.020910] TCP established hash table entries: 32768 (order: 6, 262144 bytes, linear)
[    0.020960] TCP bind hash table entries: 32768 (order: 8, 1048576 bytes, linear)
[    0.021127] TCP: Hash tables configured (established 32768 bind 32768)
[    0.021151] UDP hash table entries: 2048 (order: 5, 131072 bytes, linear)
[    0.021180] NET: Registered PF_UNIX/PF_LOCAL protocol family
[    0.021187] PCI: CLS 0 bytes, default 64
[    0.021388] Unpacking initramfs...
[    0.022296] workingset: timestamp_bits=46 (anon: 42) max_order=20 bucket_order=0 (anon: 0)
[    0.022343] 9p: Installing v9fs 9p2000 file system support
[    0.026385] pci-host-generic 4010000000.pcie: host bridge /pcie@10000000 ranges:
[    0.026391] pci-host-generic 4010000000.pcie:       IO 0x003eff0000..0x003effffff -> 0x0000000000
[    0.026394] pci-host-generic 4010000000.pcie:      MEM 0x0010000000..0x003efeffff -> 0x0010000000
[    0.026395] pci-host-generic 4010000000.pcie:      MEM 0x8000000000..0xffffffffff -> 0x8000000000
[    0.026401] pci-host-generic 4010000000.pcie: Memory resource size exceeds max for 32 bits
[    0.026410] pci-host-generic 4010000000.pcie: ECAM at [mem 0x4010000000-0x401fffffff] for [bus 00-ff]
[    0.026424] pci-host-generic 4010000000.pcie: PCI host bridge to bus 0000:00
[    0.026425] pci_bus 0000:00: root bus resource [bus 00-ff]
[    0.026426] pci_bus 0000:00: root bus resource [io  0x0000-0xffff]
[    0.026426] pci_bus 0000:00: root bus resource [mem 0x10000000-0x3efeffff]
[    0.026427] pci_bus 0000:00: root bus resource [mem 0x8000000000-0xffffffffff]
[    0.026444] pci 0000:00:00.0: [1b36:0008] type 00 class 0x060000 conventional PCI endpoint
[    0.026644] pci 0000:00:01.0: [1af4:1000] type 00 class 0x020000 conventional PCI endpoint
[    0.026732] pci 0000:00:01.0: BAR 0 [io  0x0000-0x001f]
[    0.026754] pci 0000:00:01.0: BAR 1 [mem 0x00000000-0x00000fff]
[    0.026804] pci 0000:00:01.0: BAR 4 [mem 0x00000000-0x00003fff 64bit pref]
[    0.026811] pci 0000:00:01.0: ROM [mem 0x00000000-0x0003ffff pref]
[    0.027280] pci 0000:00:02.0: [1af4:1009] type 00 class 0x000200 conventional PCI endpoint
[    0.027583] pci 0000:00:02.0: BAR 0 [io  0x0000-0x003f]
[    0.027588] pci 0000:00:02.0: BAR 1 [mem 0x00000000-0x00000fff]
[    0.027618] pci 0000:00:02.0: BAR 4 [mem 0x00000000-0x00003fff 64bit pref]
[    0.027948] pci 0000:00:03.0: [1af4:1005] type 00 class 0x00ff00 conventional PCI endpoint
[    0.028088] pci 0000:00:03.0: BAR 0 [io  0x0000-0x001f]
[    0.028094] pci 0000:00:03.0: BAR 1 [mem 0x00000000-0x00000fff]
[    0.028102] pci 0000:00:03.0: BAR 4 [mem 0x00000000-0x00003fff 64bit pref]
[    0.028493] pci 0000:00:01.0: ROM [mem 0x10000000-0x1003ffff pref]: assigned
[    0.028496] pci 0000:00:01.0: BAR 4 [mem 0x8000000000-0x8000003fff 64bit pref]: assigned
[    0.028516] pci 0000:00:02.0: BAR 4 [mem 0x8000004000-0x8000007fff 64bit pref]: assigned
[    0.028534] pci 0000:00:03.0: BAR 4 [mem 0x8000008000-0x800000bfff 64bit pref]: assigned
[    0.028579] pci 0000:00:01.0: BAR 1 [mem 0x10040000-0x10040fff]: assigned
[    0.028585] pci 0000:00:02.0: BAR 1 [mem 0x10041000-0x10041fff]: assigned
[    0.028593] pci 0000:00:03.0: BAR 1 [mem 0x10042000-0x10042fff]: assigned
[    0.028606] pci 0000:00:02.0: BAR 0 [io  0x1000-0x103f]: assigned
[    0.028614] pci 0000:00:01.0: BAR 0 [io  0x1040-0x105f]: assigned
[    0.028636] pci 0000:00:03.0: BAR 0 [io  0x1060-0x107f]: assigned
[    0.028643] pci_bus 0000:00: resource 4 [io  0x0000-0xffff]
[    0.028644] pci_bus 0000:00: resource 5 [mem 0x10000000-0x3efeffff]
[    0.028645] pci_bus 0000:00: resource 6 [mem 0x8000000000-0xffffffffff]
[    0.029364] virtio-pci 0000:00:01.0: enabling device (0000 -> 0003)
[    0.029951] virtio-pci 0000:00:02.0: enabling device (0000 -> 0003)
[    0.030987] virtio-pci 0000:00:03.0: enabling device (0000 -> 0003)
[    0.036023] rtc-pl031 9010000.pl031: registered as rtc0
[    0.036034] rtc-pl031 9010000.pl031: setting system clock to 2026-10-10T03:06:20 UTC (1791601580)
[    0.036156] NET: Registered PF_INET6 protocol family
[    0.036690] Segment Routing with IPv6
[    0.036696] In-situ OAM (IOAM) with IPv6
[    0.036704] sit: IPv6, IPv4 and MPLS over IPv4 tunneling driver
[    0.036758] NET: Registered PF_PACKET protocol family
[    0.036763] 9pnet: Installing 9P2000 support
[    0.041527] clk: Disabling unused clocks
[    0.107116] Freeing initrd memory: 186348K
[    0.107496] Freeing unused kernel memory: 576K
[    0.107546] Run /init as init process
[    0.123787] kjit: loading out-of-tree module taints kernel.
[    0.125310] rust_kjit: ######## Rust KJIT inits ########
[    0.125383] rust_kjit: golden tests/arm64/toy_cfg.s:hot_svc_mark PASS: 844 fragment bytes match harness
kjit-init: insmod kjit.ko ok
fpb entry state=off kind=gpr calls=16 round=1 ns_per_outer=142.5 
[    0.155188] kjit: translate_svc_sites pid 80: 2 text ranges, 111 svc sites
[    0.155559] rust_kjit: kjit: pc 0x400fe8: installed 532 bytes, 0 fault sites, 2 entries, text 0x400fe8..0x400ff0, fpsimd false
[    0.156057] rust_kjit: kjit: pc 0x400fcc: installed 1104 bytes, 1 fault sites, 11 entries, text 0x400fbc..0x400fe8, fpsimd false
fpb entry state=on kind=gpr calls=16 round=1 ns_per_outer=153.0 fpsimd_entries=0 fpsimd_preempted=0 
fpb entry state=off kind=gpr calls=128 round=1 ns_per_outer=263.0 
[    0.210326] kjit: translate_svc_sites pid 102: 2 text ranges, 111 svc sites
[    0.210819] rust_kjit: kjit: pc 0x400fe8: installed 532 bytes, 0 fault sites, 2 entries, text 0x400fe8..0x400ff0, fpsimd false
[    0.211364] rust_kjit: kjit: pc 0x400fcc: installed 1104 bytes, 1 fault sites, 11 entries, text 0x400fbc..0x400fe8, fpsimd false
fpb entry state=on kind=gpr calls=128 round=1 ns_per_outer=848.8 fpsimd_entries=0 fpsimd_preempted=0 
fpb entry state=off kind=fp calls=16 round=1 ns_per_outer=181.7 
[    0.282996] kjit: translate_svc_sites pid 123: 2 text ranges, 111 svc sites
[    0.283360] rust_kjit: kjit: pc 0x401028: installed 540 bytes, 0 fault sites, 4 entries, text 0x401028..0x401038, fpsimd true
[    0.283499] rust_kjit: kjit: pc 0x40100c: installed 1104 bytes, 1 fault sites, 11 entries, text 0x400ffc..0x401028, fpsimd false
fpb entry state=on kind=fp calls=16 round=1 ns_per_outer=238.8 fpsimd_entries=28000 fpsimd_preempted=0 
fpb entry state=off kind=fp calls=128 round=1 ns_per_outer=550.1 
[    0.350396] kjit: translate_svc_sites pid 143: 2 text ranges, 111 svc sites
[    0.350752] rust_kjit: kjit: pc 0x401028: installed 540 bytes, 0 fault sites, 4 entries, text 0x401028..0x401038, fpsimd true
[    0.351238] rust_kjit: kjit: pc 0x40100c: installed 1104 bytes, 1 fault sites, 11 entries, text 0x400ffc..0x401028, fpsimd false
fpb entry state=on kind=fp calls=128 round=1 ns_per_outer=939.8 fpsimd_entries=28000 fpsimd_preempted=0 
fpb entry state=off kind=gpr calls=16 round=2 ns_per_outer=138.5 
[    0.420547] kjit: translate_svc_sites pid 163: 2 text ranges, 111 svc sites
[    0.421265] rust_kjit: kjit: pc 0x400fe8: installed 532 bytes, 0 fault sites, 2 entries, text 0x400fe8..0x400ff0, fpsimd false
[    0.422181] rust_kjit: kjit: pc 0x400fcc: installed 1104 bytes, 1 fault sites, 11 entries, text 0x400fbc..0x400fe8, fpsimd false
fpb entry state=on kind=gpr calls=16 round=2 ns_per_outer=152.7 fpsimd_entries=0 fpsimd_preempted=0 
fpb entry state=off kind=gpr calls=128 round=2 ns_per_outer=248.5 
[    0.473178] kjit: translate_svc_sites pid 183: 2 text ranges, 111 svc sites
[    0.473359] rust_kjit: kjit: pc 0x400fe8: installed 532 bytes, 0 fault sites, 2 entries, text 0x400fe8..0x400ff0, fpsimd false
[    0.473736] rust_kjit: kjit: pc 0x400fcc: installed 1104 bytes, 1 fault sites, 11 entries, text 0x400fbc..0x400fe8, fpsimd false
fpb entry state=on kind=gpr calls=128 round=2 ns_per_outer=872.8 fpsimd_entries=0 fpsimd_preempted=0 
fpb entry state=off kind=fp calls=16 round=2 ns_per_outer=185.0 
[    0.548412] kjit: translate_svc_sites pid 203: 2 text ranges, 111 svc sites
[    0.549461] rust_kjit: kjit: pc 0x401028: installed 540 bytes, 0 fault sites, 4 entries, text 0x401028..0x401038, fpsimd true
[    0.550436] rust_kjit: kjit: pc 0x40100c: installed 1104 bytes, 1 fault sites, 11 entries, text 0x400ffc..0x401028, fpsimd false
fpb entry state=on kind=fp calls=16 round=2 ns_per_outer=247.6 fpsimd_entries=28000 fpsimd_preempted=0 
fpb entry state=off kind=fp calls=128 round=2 ns_per_outer=546.5 
[    0.610471] kjit: translate_svc_sites pid 225: 2 text ranges, 111 svc sites
[    0.610858] rust_kjit: kjit: pc 0x401028: installed 540 bytes, 0 fault sites, 4 entries, text 0x401028..0x401038, fpsimd true
[    0.611364] rust_kjit: kjit: pc 0x40100c: installed 1104 bytes, 1 fault sites, 11 entries, text 0x400ffc..0x401028, fpsimd false
fpb entry state=on kind=fp calls=128 round=2 ns_per_outer=960.8 fpsimd_entries=28000 fpsimd_preempted=4 
fpb entry state=off kind=gpr calls=16 round=3 ns_per_outer=149.9 
[    0.682473] kjit: translate_svc_sites pid 245: 2 text ranges, 111 svc sites
[    0.682843] rust_kjit: kjit: pc 0x400fe8: installed 532 bytes, 0 fault sites, 2 entries, text 0x400fe8..0x400ff0, fpsimd false
[    0.683334] rust_kjit: kjit: pc 0x400fcc: installed 1104 bytes, 1 fault sites, 11 entries, text 0x400fbc..0x400fe8, fpsimd false
fpb entry state=on kind=gpr calls=16 round=3 ns_per_outer=147.3 fpsimd_entries=0 fpsimd_preempted=0 
fpb entry state=off kind=gpr calls=128 round=3 ns_per_outer=249.9 
[    0.737295] kjit: translate_svc_sites pid 265: 2 text ranges, 111 svc sites
[    0.738102] rust_kjit: kjit: pc 0x400fe8: installed 532 bytes, 0 fault sites, 2 entries, text 0x400fe8..0x400ff0, fpsimd false
[    0.738689] rust_kjit: kjit: pc 0x400fcc: installed 1104 bytes, 1 fault sites, 11 entries, text 0x400fbc..0x400fe8, fpsimd false
fpb entry state=on kind=gpr calls=128 round=3 ns_per_outer=867.7 fpsimd_entries=0 fpsimd_preempted=0 
fpb entry state=off kind=fp calls=16 round=3 ns_per_outer=177.6 
[    0.814724] kjit: translate_svc_sites pid 285: 2 text ranges, 111 svc sites
[    0.815168] rust_kjit: kjit: pc 0x401028: installed 540 bytes, 0 fault sites, 4 entries, text 0x401028..0x401038, fpsimd true
[    0.815690] rust_kjit: kjit: pc 0x40100c: installed 1104 bytes, 1 fault sites, 11 entries, text 0x400ffc..0x401028, fpsimd false
fpb entry state=on kind=fp calls=16 round=3 ns_per_outer=237.9 fpsimd_entries=28000 fpsimd_preempted=0 
fpb entry state=off kind=fp calls=128 round=3 ns_per_outer=538.4 
[    0.883272] kjit: translate_svc_sites pid 305: 2 text ranges, 111 svc sites
[    0.883639] rust_kjit: kjit: pc 0x401028: installed 540 bytes, 0 fault sites, 4 entries, text 0x401028..0x401038, fpsimd true
[    0.884191] rust_kjit: kjit: pc 0x40100c: installed 1104 bytes, 1 fault sites, 11 entries, text 0x400ffc..0x401028, fpsimd false
fpb entry state=on kind=fp calls=128 round=3 ns_per_outer=929.5 fpsimd_entries=28000 fpsimd_preempted=0 
fpb entry state=off kind=gpr calls=16 round=4 ns_per_outer=142.6 
[    0.955233] kjit: translate_svc_sites pid 325: 2 text ranges, 111 svc sites
[    0.955603] rust_kjit: kjit: pc 0x400fe8: installed 532 bytes, 0 fault sites, 2 entries, text 0x400fe8..0x400ff0, fpsimd false
[    0.956193] rust_kjit: kjit: pc 0x400fcc: installed 1104 bytes, 1 fault sites, 11 entries, text 0x400fbc..0x400fe8, fpsimd false
fpb entry state=on kind=gpr calls=16 round=4 ns_per_outer=154.1 fpsimd_entries=0 fpsimd_preempted=0 
fpb entry state=off kind=gpr calls=128 round=4 ns_per_outer=256.4 
[    1.009347] kjit: translate_svc_sites pid 345: 2 text ranges, 111 svc sites
[    1.010159] rust_kjit: kjit: pc 0x400fe8: installed 532 bytes, 0 fault sites, 2 entries, text 0x400fe8..0x400ff0, fpsimd false
[    1.010712] rust_kjit: kjit: pc 0x400fcc: installed 1104 bytes, 1 fault sites, 11 entries, text 0x400fbc..0x400fe8, fpsimd false
fpb entry state=on kind=gpr calls=128 round=4 ns_per_outer=852.0 fpsimd_entries=0 fpsimd_preempted=0 
fpb entry state=off kind=fp calls=16 round=4 ns_per_outer=176.8 
[    1.082768] kjit: translate_svc_sites pid 365: 2 text ranges, 111 svc sites
[    1.082898] rust_kjit: kjit: pc 0x401028: installed 540 bytes, 0 fault sites, 4 entries, text 0x401028..0x401038, fpsimd true
[    1.083041] rust_kjit: kjit: pc 0x40100c: installed 1104 bytes, 1 fault sites, 11 entries, text 0x400ffc..0x401028, fpsimd false
fpb entry state=on kind=fp calls=16 round=4 ns_per_outer=241.1 fpsimd_entries=28000 fpsimd_preempted=0 
fpb entry state=off kind=fp calls=128 round=4 ns_per_outer=540.3 
[    1.146561] kjit: translate_svc_sites pid 385: 2 text ranges, 111 svc sites
[    1.146974] rust_kjit: kjit: pc 0x401028: installed 540 bytes, 0 fault sites, 4 entries, text 0x401028..0x401038, fpsimd true
[    1.147099] rust_kjit: kjit: pc 0x40100c: installed 1104 bytes, 1 fault sites, 11 entries, text 0x400ffc..0x401028, fpsimd false
fpb entry state=on kind=fp calls=128 round=4 ns_per_outer=951.1 fpsimd_entries=28000 fpsimd_preempted=6 
fpb entry state=off kind=gpr calls=16 round=5 ns_per_outer=141.9 
[    1.218180] kjit: translate_svc_sites pid 405: 2 text ranges, 111 svc sites
[    1.218588] rust_kjit: kjit: pc 0x400fe8: installed 532 bytes, 0 fault sites, 2 entries, text 0x400fe8..0x400ff0, fpsimd false
[    1.219150] rust_kjit: kjit: pc 0x400fcc: installed 1104 bytes, 1 fault sites, 11 entries, text 0x400fbc..0x400fe8, fpsimd false
fpb entry state=on kind=gpr calls=16 round=5 ns_per_outer=147.1 fpsimd_entries=0 fpsimd_preempted=0 
fpb entry state=off kind=gpr calls=128 round=5 ns_per_outer=253.8 
[    1.268693] kjit: translate_svc_sites pid 425: 2 text ranges, 111 svc sites
[    1.269505] rust_kjit: kjit: pc 0x400fe8: installed 532 bytes, 0 fault sites, 2 entries, text 0x400fe8..0x400ff0, fpsimd false
[    1.270545] rust_kjit: kjit: pc 0x400fcc: installed 1104 bytes, 1 fault sites, 11 entries, text 0x400fbc..0x400fe8, fpsimd false
fpb entry state=on kind=gpr calls=128 round=5 ns_per_outer=857.5 fpsimd_entries=0 fpsimd_preempted=0 
fpb entry state=off kind=fp calls=16 round=5 ns_per_outer=181.8 
[    1.339131] kjit: translate_svc_sites pid 445: 2 text ranges, 111 svc sites
[    1.339480] rust_kjit: kjit: pc 0x401028: installed 540 bytes, 0 fault sites, 4 entries, text 0x401028..0x401038, fpsimd true
[    1.340003] rust_kjit: kjit: pc 0x40100c: installed 1104 bytes, 1 fault sites, 11 entries, text 0x400ffc..0x401028, fpsimd false
fpb entry state=on kind=fp calls=16 round=5 ns_per_outer=235.2 fpsimd_entries=28000 fpsimd_preempted=0 
fpb entry state=off kind=fp calls=128 round=5 ns_per_outer=543.6 
[    1.406624] kjit: translate_svc_sites pid 465: 2 text ranges, 111 svc sites
[    1.406779] rust_kjit: kjit: pc 0x401028: installed 540 bytes, 0 fault sites, 4 entries, text 0x401028..0x401038, fpsimd true
[    1.407150] rust_kjit: kjit: pc 0x40100c: installed 1104 bytes, 1 fault sites, 11 entries, text 0x400ffc..0x401028, fpsimd false
fpb entry state=on kind=fp calls=128 round=5 ns_per_outer=914.0 fpsimd_entries=28000 fpsimd_preempted=1 
[    1.467421] kjit: 0 of 0 translation requests still queued at unload (freed by the kernel)
[    1.475894] rust_kjit: ######## Rust KJIT exits ########
kjit-init: rmmod kjit ok
kjit-init: run exit=0
[    1.500887] reboot: Power down
