k4-adv: kill9 PASS: kill9 #1: server status 137;kill9 #2: server status 137;kill9 #3: server status 137;
k4:   kill9#1: hot: 1096145 fragment entries, 0 syscalls in kernel before the event
k4:   kill9#2: hot: 1071651 fragment entries, 0 syscalls in kernel before the event
k4:   kill9#3: hot: 1089999 fragment entries, 0 syscalls in kernel before the event
k4:   kill9: in_kernel=0/426561 syscalls (0.0%) entries=4402869 chains=3983567 chain_cap=0 translated=132 (entry_unsupported=0 compile=0 verify=0 capped=0 neg=0) invalidated=0 released=132
k4:   kill9: exits svc=0 bl=1565883 blr=300240 br=120660 ret=2004495 mem=0 unsupported=411591 budget=0 invalid=0 svc_declined=0
k4:   kill9: unsupported_top (word(exits/entry_stops)): 0xf8200020(372525/0) 0x4c407061(39066/0) 
k4-adv: sigterm PASS: TERM: server status 0;sigterm: shutdown and clean exit logged;
k4:   TERM: hot: 1059364 fragment entries, 0 syscalls in kernel before the event
k4:   sigterm: in_kernel=0/147957 syscalls (0.0%) entries=1521149 chains=1375861 chain_cap=0 translated=44 (entry_unsupported=0 compile=0 verify=0 capped=0 neg=0) invalidated=0 released=44
k4:   sigterm: exits svc=0 bl=540559 blr=103125 br=40233 ret=694517 mem=0 unsupported=142715 budget=0 invalid=0 svc_declined=0
k4:   sigterm: unsupported_top (word(exits/entry_stops)): 0xf8200020(129688/0) 0x4c407061(13027/0) 
k4-adv: sigusr1 PASS: USR1: server status 138;
k4:   USR1: hot: 1079283 fragment entries, 0 syscalls in kernel before the event
k4:   sigusr1: in_kernel=0/143664 syscalls (0.0%) entries=1481942 chains=1340839 chain_cap=0 translated=44 (entry_unsupported=0 compile=0 verify=0 capped=0 neg=0) invalidated=0 released=44
k4:   sigusr1: exits svc=0 bl=526885 blr=101433 br=40230 ret=674858 mem=0 unsupported=138536 budget=0 invalid=0 svc_declined=0
k4:   sigusr1: unsupported_top (word(exits/entry_stops)): 0xf8200020(125511/0) 0x4c407061(13025/0) 
k4-adv: stopcont PASS: stopcont: load status 0;dbsize 10045 digest a595c3aec0dfe15c636c10750e98bb92f179efe8;
k4:   stopcont: hot: 1069737 fragment entries, 0 syscalls in kernel before the event
k4:   stopcont: in_kernel=0/5790212 syscalls (0.0%) entries=59428944 chains=53643934 chain_cap=0 translated=44 (entry_unsupported=0 compile=0 verify=0 capped=0 neg=0) invalidated=0 released=44
k4:   stopcont: exits svc=0 bl=20526853 blr=4708533 br=40230 ret=28372220 mem=0 unsupported=5781108 budget=0 invalid=0 svc_declined=0
k4:   stopcont: unsupported_top (word(exits/entry_stops)): 0xf8200020(5768082/0) 0x4c407061(13026/0) 
k4-adv: segfault PASS: segfault: server status 139;crashed by signal: 11, si_code: 2;Accessing address: <page-aligned>;segfault: stack trace names debugCommand: yes;segfault: core files 1;
k4:   segfault: hot: 1080485 fragment entries, 0 syscalls in kernel before the event
k4:   segfault: in_kernel=0/143845 syscalls (0.0%) entries=1472278 chains=1332216 chain_cap=0 translated=44 (entry_unsupported=0 compile=0 verify=0 capped=0 neg=0) invalidated=0 released=44
k4:   segfault: exits svc=0 bl=523476 blr=101342 br=40230 ret=669845 mem=0 unsupported=137385 budget=0 invalid=0 svc_declined=0
k4:   segfault: unsupported_top (word(exits/entry_stops)): 0xf8200020(124359/0) 0x4c407061(13026/0) 
k4-adv: bgsave PASS: bgsave: load status 0;bgsave: before restart dbsize 10045 digest a595c3aec0dfe15c636c10750e98bb92f179efe8;bgsave: redis-check-rdb ok;bgsave: after restart dbsize 10045 digest a595c3aec0dfe15c636c10750
k4:   bgsave: hot: 1069513 fragment entries, 0 syscalls in kernel before the event
k4:   bgsave: in_kernel=0/5801374 syscalls (0.0%) entries=59492277 chains=53702836 chain_cap=0 translated=45 (entry_unsupported=0 compile=0 verify=0 capped=0 neg=0) invalidated=0 released=45
k4:   bgsave: exits svc=0 bl=20547919 blr=4721057 br=40228 ret=28397755 mem=0 unsupported=5785318 budget=0 invalid=0 svc_declined=0
k4:   bgsave: unsupported_top (word(exits/entry_stops)): 0xf8200020(5772293/0) 0x4c407061(13025/0) 
k4-adv: aofrw PASS: aofrw: load status 0;aofrw: before restart dbsize 10045 digest a595c3aec0dfe15c636c10750e98bb92f179efe8;aofrw: after restart from the AOF dbsize 10045 digest a595c3aec0dfe15c636c10750e98bb92f179efe8;
k4:   aofrw: hot: 1128293 fragment entries, 0 syscalls in kernel before the event
k4:   aofrw: in_kernel=0/5002033 syscalls (0.0%) entries=45889992 chains=40899787 chain_cap=0 translated=71 (entry_unsupported=0 compile=0 verify=0 capped=0 neg=0) invalidated=0 released=71
k4:   aofrw: exits svc=0 bl=15965157 blr=1874956 br=40231 ret=23025883 mem=0 unsupported=4983765 budget=0 invalid=0 svc_declined=0
k4:   aofrw: unsupported_top (word(exits/entry_stops)): 0xf8200020(4823214/0) 0x4e080ec0(140755/0) 0x4c407061(14811/0) 0xb8608020(4632/0) 0x3dc00020(353/0) 
k4-adv: config PASS: config: 5 module load/unload and config set rounds ok;config: load status 0; misc module still loaded: 0;dbsize 10045 digest a595c3aec0dfe15c636c10750e98bb92f179efe8;
k4:   config: hot: 1160114 fragment entries, 0 syscalls in kernel before the event
k4:   config: in_kernel=0/6626505 syscalls (0.0%) entries=64292984 chains=57680121 chain_cap=0 translated=49 (entry_unsupported=0 compile=0 verify=0 capped=0 neg=0) invalidated=0 released=49
k4:   config: exits svc=0 bl=22387673 blr=3734223 br=125919 ret=31437004 mem=0 unsupported=6608165 budget=0 invalid=0 svc_declined=0
k4:   config: unsupported_top (word(exits/entry_stops)): 0xf8200020(6509578/0) 0x88e07c41(85561/0) 0x4c407061(13026/0) 
k4-adv: reload PASS: reload: 5 unloads under load; load status 0; ping PONG;dbsize 10045 digest 8630698fcae208583f0c9e6fe598b8d0226d4767;
k4:   reload: hot: 1078551 fragment entries, 0 syscalls in kernel before the event
k4:   reload: counters of the last load: syscalls_in_kernel 0 fragment_entries 74519163 exit_invalid 0 translate_verify_rejected 0 
k4-adv: maxmemory PASS: maxmemory: evicted yes;maxmemory: used within 32mb+1mb yes;maxmemory: noeviction write: OOM command not allowed when used memory;maxmemory: after lifting the limit: OK;
k4:   maxmemory: hot: 1077829 fragment entries, 0 syscalls in kernel before the event
k4:   maxmemory: in_kernel=0/1103701 syscalls (0.0%) entries=11289749 chains=10189662 chain_cap=0 translated=29 (entry_unsupported=0 compile=0 verify=0 capped=0 neg=0) invalidated=0 released=29
k4:   maxmemory: exits svc=0 bl=3896250 blr=898923 br=0 ret=5396330 mem=0 unsupported=1098246 budget=0 invalid=0 svc_declined=0
k4:   maxmemory: unsupported_top (word(exits/entry_stops)): 0xf8200020(1098246/0) 
k4-adv: ALL PASS
