k4-adv: kill9 PASS: kill9 #1: server status 137;kill9 #2: server status 137;kill9 #3: server status 137;
k4:   kill9#1: hot: 1085571 fragment entries, 0 syscalls in kernel before the event
k4:   kill9#2: hot: 1079386 fragment entries, 0 syscalls in kernel before the event
k4:   kill9#3: hot: 1078279 fragment entries, 0 syscalls in kernel before the event
k4:   kill9: in_kernel=0/425252 syscalls (0.0%) entries=4390854 chains=3972829 chain_cap=0 translated=132 (entry_unsupported=0 compile=0 verify=0 capped=0 neg=0) invalidated=0 released=132
k4:   kill9: exits svc=0 bl=1561714 blr=299637 br=120693 ret=1998478 mem=0 unsupported=410332 budget=0 invalid=0 svc_declined=0
k4:   kill9: unsupported_top (word(exits/entry_stops)): 0xf8200020(371253/0) 0x4c407061(39079/0) 
k4-adv: sigterm PASS: TERM: server status 0;sigterm: shutdown and clean exit logged;
k4:   TERM: hot: 1082917 fragment entries, 0 syscalls in kernel before the event
k4:   sigterm: in_kernel=0/150370 syscalls (0.0%) entries=1548060 chains=1400402 chain_cap=0 translated=44 (entry_unsupported=0 compile=0 verify=0 capped=0 neg=0) invalidated=0 released=44
k4:   sigterm: exits svc=0 bl=549754 blr=106239 br=40238 ret=706742 mem=0 unsupported=145087 budget=0 invalid=0 svc_declined=0
k4:   sigterm: unsupported_top (word(exits/entry_stops)): 0xf8200020(132058/0) 0x4c407061(13029/0) 
k4-adv: sigusr1 PASS: USR1: server status 138;
k4:   USR1: hot: 1071127 fragment entries, 0 syscalls in kernel before the event
k4:   sigusr1: in_kernel=0/140850 syscalls (0.0%) entries=1453168 chains=1314889 chain_cap=0 translated=44 (entry_unsupported=0 compile=0 verify=0 capped=0 neg=0) invalidated=0 released=44
k4:   sigusr1: exits svc=0 bl=516947 blr=99228 br=40230 ret=661049 mem=0 unsupported=135714 budget=0 invalid=0 svc_declined=0
k4:   sigusr1: unsupported_top (word(exits/entry_stops)): 0xf8200020(122688/0) 0x4c407061(13026/0) 
k4-adv: stopcont PASS: stopcont: load status 0;dbsize 10045 digest a595c3aec0dfe15c636c10750e98bb92f179efe8;
k4:   stopcont: hot: 1033658 fragment entries, 0 syscalls in kernel before the event
k4:   stopcont: in_kernel=0/5788887 syscalls (0.0%) entries=59409300 chains=53625585 chain_cap=0 translated=45 (entry_unsupported=0 compile=0 verify=0 capped=0 neg=0) invalidated=0 released=45
k4:   stopcont: exits svc=0 bl=20520301 blr=4704603 br=40233 ret=28364364 mem=0 unsupported=5779799 budget=0 invalid=0 svc_declined=0
k4:   stopcont: unsupported_top (word(exits/entry_stops)): 0xf8200020(5766772/0) 0x4c407061(13027/0) 
k4-adv: segfault PASS: segfault: server status 139;crashed by signal: 11, si_code: 2;Accessing address: <page-aligned>;segfault: stack trace names debugCommand: yes;segfault: core files 1;
k4:   segfault: hot: 1075862 fragment entries, 0 syscalls in kernel before the event
k4:   segfault: in_kernel=0/142453 syscalls (0.0%) entries=1454190 chains=1315519 chain_cap=0 translated=44 (entry_unsupported=0 compile=0 verify=0 capped=0 neg=0) invalidated=0 released=44
k4:   segfault: exits svc=0 bl=517376 blr=98450 br=40233 ret=662138 mem=0 unsupported=135993 budget=0 invalid=0 svc_declined=0
k4:   segfault: unsupported_top (word(exits/entry_stops)): 0xf8200020(122967/0) 0x4c407061(13026/0) 
k4-adv: bgsave PASS: bgsave: load status 0;bgsave: before restart dbsize 10045 digest a595c3aec0dfe15c636c10750e98bb92f179efe8;bgsave: redis-check-rdb ok;bgsave: after restart dbsize 10045 digest a595c3aec0dfe15c636c10750
k4:   bgsave: hot: 1088521 fragment entries, 0 syscalls in kernel before the event
k4:   bgsave: in_kernel=0/5802767 syscalls (0.0%) entries=59514368 chains=53723489 chain_cap=0 translated=44 (entry_unsupported=0 compile=0 verify=0 capped=0 neg=0) invalidated=0 released=44
k4:   bgsave: exits svc=0 bl=20555294 blr=4725482 br=40217 ret=28406576 mem=0 unsupported=5786799 budget=0 invalid=0 svc_declined=0
k4:   bgsave: unsupported_top (word(exits/entry_stops)): 0xf8200020(5773778/0) 0x4c407061(13021/0) 
k4-adv: aofrw PASS: aofrw: load status 0;aofrw: before restart dbsize 10045 digest a595c3aec0dfe15c636c10750e98bb92f179efe8;aofrw: after restart from the AOF dbsize 10045 digest a595c3aec0dfe15c636c10750e98bb92f179efe8;
k4:   aofrw: hot: 1131700 fragment entries, 0 syscalls in kernel before the event
k4:   aofrw: in_kernel=0/5010588 syscalls (0.0%) entries=45994099 chains=40997629 chain_cap=0 translated=58 (entry_unsupported=0 compile=0 verify=0 capped=0 neg=0) invalidated=0 released=58
k4:   aofrw: exits svc=0 bl=16000565 blr=1896947 br=40228 ret=23065167 mem=0 unsupported=4991192 budget=0 invalid=0 svc_declined=0
k4:   aofrw: unsupported_top (word(exits/entry_stops)): 0xf8200020(4830900/0) 0x4e080ec0(140530/0) 0x4c407061(15397/0) 0xb8608020(4014/0) 0x3dc00020(351/0) 
k4-adv: config PASS: config: 5 module load/unload and config set rounds ok;config: load status 0; misc module still loaded: 0;dbsize 10045 digest a595c3aec0dfe15c636c10750e98bb92f179efe8;
k4:   config: hot: 1166783 fragment entries, 0 syscalls in kernel before the event
k4:   config: in_kernel=0/6620693 syscalls (0.0%) entries=64217663 chains=57610613 chain_cap=0 translated=49 (entry_unsupported=0 compile=0 verify=0 capped=0 neg=0) invalidated=0 released=49
k4:   config: exits svc=0 bl=22362132 blr=3722135 br=125651 ret=31405376 mem=0 unsupported=6602369 budget=0 invalid=0 svc_declined=0
k4:   config: unsupported_top (word(exits/entry_stops)): 0xf8200020(6504051/0) 0x88e07c41(85291/0) 0x4c407061(13027/0) 
k4-adv: reload PASS: reload: 5 unloads under load; load status 0; ping PONG;dbsize 10045 digest 8630698fcae208583f0c9e6fe598b8d0226d4767;
k4:   reload: hot: 1063787 fragment entries, 0 syscalls in kernel before the event
k4:   reload: counters of the last load: syscalls_in_kernel 0 fragment_entries 74799626 exit_invalid 0 translate_verify_rejected 0 
k4-adv: maxmemory PASS: maxmemory: evicted yes;maxmemory: used within 32mb+1mb yes;maxmemory: noeviction write: OOM command not allowed when used memory;maxmemory: after lifting the limit: OK;
k4:   maxmemory: hot: 1052907 fragment entries, 0 syscalls in kernel before the event
k4:   maxmemory: in_kernel=0/1102590 syscalls (0.0%) entries=11273202 chains=10174220 chain_cap=0 translated=29 (entry_unsupported=0 compile=0 verify=0 capped=0 neg=0) invalidated=0 released=29
k4:   maxmemory: exits svc=0 bl=3890734 blr=895616 br=0 ret=5389709 mem=0 unsupported=1097143 budget=0 invalid=0 svc_declined=0
k4:   maxmemory: unsupported_top (word(exits/entry_stops)): 0xf8200020(1097143/0) 
k4-adv: ALL PASS
